2024-12-18 22:50:18 - __main__ - INFO - 
==================== 开始运行用户功能测试 ====================
2024-12-18 22:50:18 - __main__ - INFO - 
---------- 运行测试：test_register.py ----------
2024-12-18 22:50:20 - be.model.user - INFO - 创建 UserManager 实例
2024-12-18 22:50:20 - __main__ - INFO - 
---------- 运行测试：test_login.py ----------
2024-12-18 22:50:20 - __main__ - INFO - 
---------- 运行测试：test_password.py ----------
2024-12-18 22:50:20 - __main__ - INFO - 
==================== 用户功能测试运行完成 ====================

2024-12-18 22:50:20 - __main__ - INFO - 
==================== 开始运行商家功能测试 ====================
2024-12-18 22:50:20 - __main__ - INFO - 
---------- 运行测试：test_create_store.py ----------
2024-12-18 22:50:20 - __main__ - INFO - 
---------- 运行测试：test_add_book.py ----------
2024-12-18 22:50:20 - __main__ - INFO - 
---------- 运行测试：test_add_stock_level.py ----------
2024-12-18 22:50:20 - __main__ - INFO - 
==================== 商家功能测试运行完成 ====================

2024-12-18 22:50:20 - __main__ - INFO - 
==================== 开始运行买家功能测试 ====================
2024-12-18 22:50:20 - __main__ - INFO - 
---------- 运行测试：test_add_funds.py ----------
2024-12-18 22:50:20 - __main__ - INFO - 
---------- 运行测试：test_new_order.py ----------
2024-12-18 22:50:20 - __main__ - INFO - 
---------- 运行测试：test_payment.py ----------
2024-12-18 22:50:20 - __main__ - INFO - 
==================== 买家功能测试运行完成 ====================

2024-12-18 22:51:50 - __main__ - INFO - 
==================== 开始运行用户功能测试 ====================
2024-12-18 22:51:50 - __main__ - INFO - 
---------- 运行测试：test_register.py ----------
2024-12-18 22:51:50 - be.model.user - INFO - 创建 UserManager 实例
2024-12-18 22:51:50 - be.model.store - INFO - 开始初始化数据库...
2024-12-18 22:51:52 - be.model.store - INFO - 数据库初始化成功
2024-12-18 22:51:52 - werkzeug - INFO - [31m[1mWARNING: This is a development server. Do not use it in a production deployment. Use a production WSGI server instead.[0m
 * Running on http://127.0.0.1:5000
2024-12-18 22:51:52 - werkzeug - INFO - [33mPress CTRL+C to quit[0m
2024-12-18 22:51:52 - be.model.user - INFO - 尝试注册新用户：test_register_user_1734533512.663481
2024-12-18 22:52:05 - werkzeug - INFO - 127.0.0.1 - - [18/Dec/2024 22:52:05] "[33mGET / HTTP/1.1[0m" 404 -
2024-12-18 22:52:05 - werkzeug - INFO - 127.0.0.1 - - [18/Dec/2024 22:52:05] "[33mGET /favicon.ico HTTP/1.1[0m" 404 -
2024-12-18 22:54:32 - be.serve - ERROR - Exception on /shutdown [GET]
Traceback (most recent call last):
  File "/Users/root1/Desktop/12-18-1/.venv/lib/python3.10/site-packages/flask/app.py", line 1511, in wsgi_app
    response = self.full_dispatch_request()
  File "/Users/root1/Desktop/12-18-1/.venv/lib/python3.10/site-packages/flask/app.py", line 919, in full_dispatch_request
    rv = self.handle_user_exception(e)
  File "/Users/root1/Desktop/12-18-1/.venv/lib/python3.10/site-packages/flask/app.py", line 917, in full_dispatch_request
    rv = self.dispatch_request()
  File "/Users/root1/Desktop/12-18-1/.venv/lib/python3.10/site-packages/flask/app.py", line 902, in dispatch_request
    return self.ensure_sync(self.view_functions[rule.endpoint])(**view_args)  # type: ignore[no-any-return]
  File "/Users/root1/Desktop/12-18-1/bookstore/be/serve.py", line 23, in be_shutdown
  File "/Users/root1/Desktop/12-18-1/bookstore/be/serve.py", line 17, in shutdown_server
RuntimeError: Not running with the Werkzeug Server
2024-12-18 22:54:32 - werkzeug - INFO - 127.0.0.1 - - [18/Dec/2024 22:54:32] "[35m[1mGET /shutdown HTTP/1.1[0m" 500 -
2024-12-18 22:54:34 - __main__ - INFO - 
==================== 开始运行用户功能测试 ====================
2024-12-18 22:54:34 - __main__ - INFO - 
---------- 运行测试：test_register.py ----------
2024-12-18 22:54:35 - be.model.user - INFO - 创建 UserManager 实例
2024-12-18 22:54:35 - be.model.store - INFO - 开始初始化数据库...
2024-12-18 22:54:38 - be.model.store - INFO - 数据库初始化成功
2024-12-18 22:54:38 - werkzeug - INFO - [31m[1mWARNING: This is a development server. Do not use it in a production deployment. Use a production WSGI server instead.[0m
 * Running on http://127.0.0.1:5000
2024-12-18 22:54:38 - werkzeug - INFO - [33mPress CTRL+C to quit[0m
2024-12-18 22:54:38 - be.model.user - INFO - 尝试注册新用户：test_register_user_1734533678.641664
2024-12-18 22:56:48 - be.serve - ERROR - Exception on /shutdown [GET]
Traceback (most recent call last):
  File "/Users/root1/Desktop/12-18-1/.venv/lib/python3.10/site-packages/flask/app.py", line 1511, in wsgi_app
    response = self.full_dispatch_request()
  File "/Users/root1/Desktop/12-18-1/.venv/lib/python3.10/site-packages/flask/app.py", line 919, in full_dispatch_request
    rv = self.handle_user_exception(e)
  File "/Users/root1/Desktop/12-18-1/.venv/lib/python3.10/site-packages/flask/app.py", line 917, in full_dispatch_request
    rv = self.dispatch_request()
  File "/Users/root1/Desktop/12-18-1/.venv/lib/python3.10/site-packages/flask/app.py", line 902, in dispatch_request
    return self.ensure_sync(self.view_functions[rule.endpoint])(**view_args)  # type: ignore[no-any-return]
  File "/Users/root1/Desktop/12-18-1/bookstore/be/serve.py", line 21, in be_shutdown
  File "/Users/root1/Desktop/12-18-1/bookstore/be/serve.py", line 15, in shutdown_server
    def shutdown_server():
RuntimeError: Not running with the Werkzeug Server
2024-12-18 22:56:48 - werkzeug - INFO - 127.0.0.1 - - [18/Dec/2024 22:56:48] "[35m[1mGET /shutdown HTTP/1.1[0m" 500 -
2024-12-18 22:56:50 - __main__ - INFO - 
==================== 开始运行用户功能测试 ====================
2024-12-18 22:56:50 - __main__ - INFO - 
---------- 运行测试：test_register.py ----------
2024-12-18 22:56:51 - be.model.user - INFO - 创建 UserManager 实例
2024-12-18 22:56:51 - be.serve - INFO - 正在启动服务器...
2024-12-18 22:56:51 - be.serve - INFO - 创建Flask应用...
2024-12-18 22:56:51 - be.serve - INFO - 初始化数据库...
2024-12-18 22:56:51 - be.model.store - INFO - 开始初始化数据库...
2024-12-18 22:56:53 - be.model.store - INFO - 数据库初始化成功
2024-12-18 22:56:53 - be.serve - INFO - 注册蓝图...
2024-12-18 22:56:53 - be.serve - INFO - 设置初始化完成事件...
2024-12-18 22:56:53 - be.serve - INFO - 启动服务器...
2024-12-18 22:56:53 - werkzeug - INFO - [31m[1mWARNING: This is a development server. Do not use it in a production deployment. Use a production WSGI server instead.[0m
 * Running on http://127.0.0.1:5000
2024-12-18 22:56:53 - werkzeug - INFO - [33mPress CTRL+C to quit[0m
2024-12-18 22:56:53 - be.view.auth - INFO - 收到注册请求: {'user_id': 'test_register_user_1734533813.409662', 'password': 'test_register_password_1734533813.409666'}
2024-12-18 22:56:53 - be.model.user - INFO - 尝试注册新用户：test_register_user_1734533813.409662
2024-12-18 22:57:58 - be.serve - INFO - 正在关闭服务器...
2024-12-18 22:57:58 - be.serve - ERROR - Exception on /shutdown [GET]
Traceback (most recent call last):
  File "/Users/root1/Desktop/12-18-1/.venv/lib/python3.10/site-packages/flask/app.py", line 1511, in wsgi_app
    response = self.full_dispatch_request()
  File "/Users/root1/Desktop/12-18-1/.venv/lib/python3.10/site-packages/flask/app.py", line 919, in full_dispatch_request
    rv = self.handle_user_exception(e)
  File "/Users/root1/Desktop/12-18-1/.venv/lib/python3.10/site-packages/flask/app.py", line 917, in full_dispatch_request
    rv = self.dispatch_request()
  File "/Users/root1/Desktop/12-18-1/.venv/lib/python3.10/site-packages/flask/app.py", line 902, in dispatch_request
    return self.ensure_sync(self.view_functions[rule.endpoint])(**view_args)  # type: ignore[no-any-return]
  File "/Users/root1/Desktop/12-18-1/bookstore/be/serve.py", line 25, in be_shutdown
    shutdown_server()
  File "/Users/root1/Desktop/12-18-1/bookstore/be/serve.py", line 18, in shutdown_server
    raise RuntimeError("Not running with the Werkzeug Server")
RuntimeError: Not running with the Werkzeug Server
2024-12-18 22:57:58 - werkzeug - INFO - 127.0.0.1 - - [18/Dec/2024 22:57:58] "[35m[1mGET /shutdown HTTP/1.1[0m" 500 -
2024-12-18 22:58:00 - __main__ - INFO - 
==================== 开始运行用户功能测试 ====================
2024-12-18 22:58:00 - __main__ - INFO - 
---------- 运行测试：test_register.py ----------
2024-12-18 22:58:00 - be.model.user - INFO - 创建 UserManager 实例
2024-12-18 22:58:00 - be.serve - INFO - 正在启动服务器...
2024-12-18 22:58:00 - be.serve - INFO - 创建Flask应用...
2024-12-18 22:58:00 - be.serve - INFO - 初始化数据库...
2024-12-18 22:58:00 - be.model.store - INFO - 开始初始化数据库...
2024-12-18 22:58:02 - be.model.store - INFO - 数据库初始化成功
2024-12-18 22:58:02 - be.serve - INFO - 注册蓝图...
2024-12-18 22:58:02 - be.serve - INFO - 设置初始化完成事件...
2024-12-18 22:58:02 - be.serve - INFO - 启动服务器...
2024-12-18 22:58:02 - werkzeug - INFO - [31m[1mWARNING: This is a development server. Do not use it in a production deployment. Use a production WSGI server instead.[0m
 * Running on http://127.0.0.1:5000
2024-12-18 22:58:02 - werkzeug - INFO - [33mPress CTRL+C to quit[0m
2024-12-18 22:58:02 - be.view.auth - INFO - 收到注册请求: {'user_id': 'test_register_user_1734533882.670065', 'password': 'test_register_password_1734533882.67007'}
2024-12-18 22:58:02 - be.model.user - INFO - 尝试注册新用户：test_register_user_1734533882.670065
2024-12-18 22:59:36 - __main__ - INFO - 
==================== 开始运行用户功能测试 ====================
2024-12-18 22:59:36 - __main__ - INFO - 
---------- 运行测试：test_register.py ----------
2024-12-18 22:59:37 - be.model.user - INFO - 创建 UserManager 实例
2024-12-18 22:59:37 - be.serve - INFO - 正在启动服务器...
2024-12-18 22:59:37 - be.serve - INFO - 创建Flask应用...
2024-12-18 22:59:37 - be.serve - INFO - 初始化数据库...
2024-12-18 22:59:37 - be.model.store - INFO - 开始初始化数据库...
2024-12-18 22:59:37 - be.model.db_config - INFO - 清理数据库...
2024-12-18 22:59:37 - be.model.db_config - INFO - 数据库清理完成
2024-12-18 22:59:37 - be.model.store - INFO - 数据库初始化成功
2024-12-18 22:59:37 - be.serve - INFO - 注册蓝图...
2024-12-18 22:59:37 - be.serve - INFO - 设置初始化完成事件...
2024-12-18 22:59:37 - be.serve - INFO - 启动服务器...
2024-12-18 22:59:37 - be.view.auth - INFO - 收到注册请求: {'user_id': 'test_register_user_1734533977.072043', 'password': 'test_register_password_1734533977.072052'}
2024-12-18 22:59:37 - be.model.user - INFO - 尝试注册新用户：test_register_user_1734533977.072043
2024-12-18 22:59:55 - be.serve - INFO - 正在关闭服务器...
2024-12-18 22:59:55 - be.serve - ERROR - Exception on /shutdown [GET]
Traceback (most recent call last):
  File "/Users/root1/Desktop/12-18-1/.venv/lib/python3.10/site-packages/flask/app.py", line 1511, in wsgi_app
    response = self.full_dispatch_request()
  File "/Users/root1/Desktop/12-18-1/.venv/lib/python3.10/site-packages/flask/app.py", line 919, in full_dispatch_request
    rv = self.handle_user_exception(e)
  File "/Users/root1/Desktop/12-18-1/.venv/lib/python3.10/site-packages/flask/app.py", line 917, in full_dispatch_request
    rv = self.dispatch_request()
  File "/Users/root1/Desktop/12-18-1/.venv/lib/python3.10/site-packages/flask/app.py", line 902, in dispatch_request
    return self.ensure_sync(self.view_functions[rule.endpoint])(**view_args)  # type: ignore[no-any-return]
  File "/Users/root1/Desktop/12-18-1/bookstore/be/serve.py", line 25, in be_shutdown
    shutdown_server()
  File "/Users/root1/Desktop/12-18-1/bookstore/be/serve.py", line 18, in shutdown_server
    raise RuntimeError("Not running with the Werkzeug Server")
RuntimeError: Not running with the Werkzeug Server
2024-12-18 22:59:55 - werkzeug - INFO - 127.0.0.1 - - [18/Dec/2024 22:59:55] "[35m[1mGET /shutdown HTTP/1.1[0m" 500 -
2024-12-18 23:01:41 - __main__ - INFO - 
---------- 运行测试：test_login.py ----------
2024-12-18 23:01:41 - be.serve - INFO - 正在启动服务器...
2024-12-18 23:01:41 - be.serve - INFO - 创建Flask应用...
2024-12-18 23:01:41 - be.serve - INFO - 初始化数据库...
2024-12-18 23:01:41 - be.model.store - INFO - 开始初始化数据库...
2024-12-18 23:01:41 - be.model.db_config - INFO - 清理数据库...
2024-12-18 23:01:41 - be.model.db_config - INFO - 数据库清理完成
2024-12-18 23:01:41 - be.model.store - INFO - 数据库初始化成功
2024-12-18 23:01:41 - be.serve - INFO - 注册蓝图...
2024-12-18 23:01:41 - be.serve - INFO - 设置初始化完成事件...
2024-12-18 23:01:41 - be.serve - INFO - 启动服务器...
2024-12-18 23:01:41 - werkzeug - INFO - [31m[1mWARNING: This is a development server. Do not use it in a production deployment. Use a production WSGI server instead.[0m
 * Running on http://127.0.0.1:5000
2024-12-18 23:01:41 - werkzeug - INFO - [33mPress CTRL+C to quit[0m
2024-12-18 23:01:41 - be.view.auth - INFO - 收到注册请求: {'user_id': 'test_login_1734534101.4514601', 'password': 'password_test_login_1734534101.4514601'}
2024-12-18 23:01:41 - be.model.user - INFO - 尝试注册新用户：test_login_1734534101.4514601
2024-12-18 23:01:41 - be.model.user - ERROR - 注册失败: (sqlite3.OperationalError) no such table: users
[SQL: SELECT users.user_id AS users_user_id, users.username AS users_username, users.password AS users_password, users.balance AS users_balance 
FROM users 
WHERE users.username = ?
 LIMIT ? OFFSET ?]
[parameters: ('test_login_1734534101.4514601', 1, 0)]
(Background on this error at: https://sqlalche.me/e/20/e3q8)
2024-12-18 23:01:41 - be.view.auth - INFO - 注册处理结果: 500
2024-12-18 23:01:41 - werkzeug - INFO - 127.0.0.1 - - [18/Dec/2024 23:01:41] "[35m[1mPOST /auth/register HTTP/1.1[0m" 500 -
2024-12-18 23:01:41 - be.view.auth - INFO - 收到注册请求: {'user_id': 'test_login_1734534101.461911', 'password': 'password_test_login_1734534101.461911'}
2024-12-18 23:01:41 - be.model.user - INFO - 尝试注册新用户：test_login_1734534101.461911
2024-12-18 23:01:41 - be.model.user - ERROR - 注册失败: (sqlite3.OperationalError) no such table: users
[SQL: SELECT users.user_id AS users_user_id, users.username AS users_username, users.password AS users_password, users.balance AS users_balance 
FROM users 
WHERE users.username = ?
 LIMIT ? OFFSET ?]
[parameters: ('test_login_1734534101.461911', 1, 0)]
(Background on this error at: https://sqlalche.me/e/20/e3q8)
2024-12-18 23:01:41 - be.view.auth - INFO - 注册处理结果: 500
2024-12-18 23:01:41 - werkzeug - INFO - 127.0.0.1 - - [18/Dec/2024 23:01:41] "[35m[1mPOST /auth/register HTTP/1.1[0m" 500 -
2024-12-18 23:01:41 - be.view.auth - INFO - 收到注册请求: {'user_id': 'test_login_1734534101.4661639', 'password': 'password_test_login_1734534101.4661639'}
2024-12-18 23:01:41 - be.model.user - INFO - 尝试注册新用户：test_login_1734534101.4661639
2024-12-18 23:01:41 - be.model.user - ERROR - 注册失败: (sqlite3.OperationalError) no such table: users
[SQL: SELECT users.user_id AS users_user_id, users.username AS users_username, users.password AS users_password, users.balance AS users_balance 
FROM users 
WHERE users.username = ?
 LIMIT ? OFFSET ?]
[parameters: ('test_login_1734534101.4661639', 1, 0)]
(Background on this error at: https://sqlalche.me/e/20/e3q8)
2024-12-18 23:01:41 - be.view.auth - INFO - 注册处理结果: 500
2024-12-18 23:01:41 - werkzeug - INFO - 127.0.0.1 - - [18/Dec/2024 23:01:41] "[35m[1mPOST /auth/register HTTP/1.1[0m" 500 -
2024-12-18 23:01:41 - be.serve - INFO - 正在关闭服务器...
2024-12-18 23:01:41 - be.serve - ERROR - Exception on /shutdown [GET]
Traceback (most recent call last):
  File "/Users/root1/Desktop/12-18-1/.venv/lib/python3.10/site-packages/flask/app.py", line 1511, in wsgi_app
    response = self.full_dispatch_request()
  File "/Users/root1/Desktop/12-18-1/.venv/lib/python3.10/site-packages/flask/app.py", line 919, in full_dispatch_request
    rv = self.handle_user_exception(e)
  File "/Users/root1/Desktop/12-18-1/.venv/lib/python3.10/site-packages/flask/app.py", line 917, in full_dispatch_request
    rv = self.dispatch_request()
  File "/Users/root1/Desktop/12-18-1/.venv/lib/python3.10/site-packages/flask/app.py", line 902, in dispatch_request
    return self.ensure_sync(self.view_functions[rule.endpoint])(**view_args)  # type: ignore[no-any-return]
  File "/Users/root1/Desktop/12-18-1/bookstore/be/serve.py", line 25, in be_shutdown
    # 强制退出
  File "/Users/root1/Desktop/12-18-1/bookstore/be/serve.py", line 18, in shutdown_server
    try:
RuntimeError: Not running with the Werkzeug Server
2024-12-18 23:01:41 - werkzeug - INFO - 127.0.0.1 - - [18/Dec/2024 23:01:41] "[35m[1mGET /shutdown HTTP/1.1[0m" 500 -
2024-12-18 23:01:42 - __main__ - INFO - 
==================== 开始运行用户功能测试 ====================
2024-12-18 23:01:42 - __main__ - INFO - 
---------- 运行测试：test_register.py ----------
2024-12-18 23:01:42 - be.model.user - INFO - 创建 UserManager 实例
2024-12-18 23:01:42 - be.serve - INFO - 正在启动服务器...
2024-12-18 23:01:42 - be.serve - INFO - 创建Flask应用...
2024-12-18 23:01:42 - be.serve - INFO - 初始化数据库...
2024-12-18 23:01:42 - be.model.store - INFO - 开始初始化数据库...
2024-12-18 23:01:42 - be.model.db_config - INFO - 清理数据库...
2024-12-18 23:01:42 - be.model.db_config - INFO - 数据库清理完成
2024-12-18 23:01:42 - be.model.store - INFO - 数据库初始化成功
2024-12-18 23:01:42 - be.serve - INFO - 注册蓝图...
2024-12-18 23:01:42 - be.serve - INFO - 设置初始化完成事件...
2024-12-18 23:01:42 - be.serve - INFO - 启动服务器...
2024-12-18 23:01:42 - werkzeug - INFO - [31m[1mWARNING: This is a development server. Do not use it in a production deployment. Use a production WSGI server instead.[0m
 * Running on http://127.0.0.1:5555
2024-12-18 23:01:42 - werkzeug - INFO - [33mPress CTRL+C to quit[0m
2024-12-18 23:01:42 - be.view.auth - INFO - 收到注册请求: {'user_id': 'test_register_user_1734534102.6245089', 'password': 'test_register_password_1734534102.624518'}
2024-12-18 23:01:42 - be.model.user - INFO - 尝试注册新用户：test_register_user_1734534102.6245089
2024-12-18 23:01:42 - be.model.user - ERROR - 注册失败: (sqlite3.OperationalError) no such table: users
[SQL: SELECT users.user_id AS users_user_id, users.username AS users_username, users.password AS users_password, users.balance AS users_balance 
FROM users 
WHERE users.username = ?
 LIMIT ? OFFSET ?]
[parameters: ('test_register_user_1734534102.6245089', 1, 0)]
(Background on this error at: https://sqlalche.me/e/20/e3q8)
2024-12-18 23:01:42 - be.view.auth - INFO - 注册处理结果: 500
2024-12-18 23:01:42 - werkzeug - INFO - 127.0.0.1 - - [18/Dec/2024 23:01:42] "[35m[1mPOST /auth/register HTTP/1.1[0m" 500 -
2024-12-18 23:01:42 - be.view.auth - INFO - 收到注册请求: {'user_id': 'test_register_user_1734534102.659568', 'password': 'test_register_password_1734534102.659571'}
2024-12-18 23:01:42 - be.model.user - INFO - 尝试注册新用户：test_register_user_1734534102.659568
2024-12-18 23:01:42 - be.model.user - ERROR - 注册失败: (sqlite3.OperationalError) no such table: users
[SQL: SELECT users.user_id AS users_user_id, users.username AS users_username, users.password AS users_password, users.balance AS users_balance 
FROM users 
WHERE users.username = ?
 LIMIT ? OFFSET ?]
[parameters: ('test_register_user_1734534102.659568', 1, 0)]
(Background on this error at: https://sqlalche.me/e/20/e3q8)
2024-12-18 23:01:42 - be.view.auth - INFO - 注册处理结果: 500
2024-12-18 23:01:42 - werkzeug - INFO - 127.0.0.1 - - [18/Dec/2024 23:01:42] "[35m[1mPOST /auth/register HTTP/1.1[0m" 500 -
2024-12-18 23:01:42 - be.view.auth - INFO - 收到注册请求: {'user_id': 'test_register_user_1734534102.663069', 'password': 'test_register_password_1734534102.663071'}
2024-12-18 23:01:42 - be.model.user - INFO - 尝试注册新用户：test_register_user_1734534102.663069
2024-12-18 23:01:42 - be.model.user - ERROR - 注册失败: (sqlite3.OperationalError) no such table: users
[SQL: SELECT users.user_id AS users_user_id, users.username AS users_username, users.password AS users_password, users.balance AS users_balance 
FROM users 
WHERE users.username = ?
 LIMIT ? OFFSET ?]
[parameters: ('test_register_user_1734534102.663069', 1, 0)]
(Background on this error at: https://sqlalche.me/e/20/e3q8)
2024-12-18 23:01:42 - be.view.auth - INFO - 注册处理结果: 500
2024-12-18 23:01:42 - werkzeug - INFO - 127.0.0.1 - - [18/Dec/2024 23:01:42] "[35m[1mPOST /auth/register HTTP/1.1[0m" 500 -
2024-12-18 23:01:42 - be.view.auth - INFO - 收到注册请求: {'user_id': 'test_register_user_1734534102.666671', 'password': 'test_register_password_1734534102.666673'}
2024-12-18 23:01:42 - be.model.user - INFO - 尝试注册新用户：test_register_user_1734534102.666671
2024-12-18 23:01:42 - be.model.user - ERROR - 注册失败: (sqlite3.OperationalError) no such table: users
[SQL: SELECT users.user_id AS users_user_id, users.username AS users_username, users.password AS users_password, users.balance AS users_balance 
FROM users 
WHERE users.username = ?
 LIMIT ? OFFSET ?]
[parameters: ('test_register_user_1734534102.666671', 1, 0)]
(Background on this error at: https://sqlalche.me/e/20/e3q8)
2024-12-18 23:01:42 - be.view.auth - INFO - 注册处理结果: 500
2024-12-18 23:01:42 - werkzeug - INFO - 127.0.0.1 - - [18/Dec/2024 23:01:42] "[35m[1mPOST /auth/register HTTP/1.1[0m" 500 -
2024-12-18 23:01:42 - be.serve - INFO - 正在关闭服务器...
2024-12-18 23:01:42 - be.serve - ERROR - 关闭服务器失败: Not running with the Werkzeug Server
2024-12-18 23:03:03 - __main__ - INFO - 
==================== 开始运行用户功能测试 ====================
2024-12-18 23:03:03 - __main__ - INFO - 
---------- 运行测试：test_register.py ----------
2024-12-18 23:03:03 - be.model.user - INFO - 创建 UserManager 实例
2024-12-18 23:03:03 - be.serve - INFO - 正在启动服务器...
2024-12-18 23:03:03 - be.serve - INFO - 创建Flask应用...
2024-12-18 23:03:03 - be.serve - INFO - 初始化数据库...
2024-12-18 23:03:03 - be.model.db_config - INFO - 清理数据库...
2024-12-18 23:03:03 - be.model.db_config - INFO - 数据库清理完成
2024-12-18 23:03:03 - be.model.db_config - ERROR - 数据库清理失败: 'Engine' object has no attribute 'inspect'
2024-12-18 23:03:03 - be.serve - ERROR - 数据库初始化失败: 'Engine' object has no attribute 'inspect'
2024-12-18 23:07:26 - __main__ - INFO - 
==================== 开始运行用户功能测试 ====================
2024-12-18 23:07:26 - __main__ - INFO - 
---------- 运行测试：test_register.py ----------
2024-12-18 23:07:27 - __main__ - INFO - 
---------- 运行测试：test_login.py ----------
2024-12-18 23:07:27 - __main__ - INFO - 
---------- 运行测试：test_password.py ----------
2024-12-18 23:07:27 - __main__ - INFO - 
==================== 用户功能测试运行完成 ====================

2024-12-18 23:07:27 - __main__ - INFO - 
==================== 开始运行商家功能测试 ====================
2024-12-18 23:07:27 - __main__ - INFO - 
---------- 运行测试：test_create_store.py ----------
2024-12-18 23:07:27 - __main__ - INFO - 
---------- 运行测试：test_add_book.py ----------
2024-12-18 23:07:27 - __main__ - INFO - 
---------- 运行测试：test_add_stock_level.py ----------
2024-12-18 23:07:27 - __main__ - INFO - 
==================== 商家功能测试运行完成 ====================

2024-12-18 23:07:27 - __main__ - INFO - 
==================== 开始运行买家功能测试 ====================
2024-12-18 23:07:27 - __main__ - INFO - 
---------- 运行测试：test_add_funds.py ----------
2024-12-18 23:07:27 - __main__ - INFO - 
---------- 运行测试：test_new_order.py ----------
2024-12-18 23:07:27 - __main__ - INFO - 
---------- 运行测试：test_payment.py ----------
2024-12-18 23:07:27 - __main__ - INFO - 
==================== 买家功能测试运行完成 ====================

2024-12-18 23:08:15 - __main__ - INFO - 
==================== 开始运行用户功能测试 ====================
2024-12-18 23:08:15 - __main__ - INFO - 
---------- 运行测试：test_register.py ----------
2024-12-18 23:08:16 - __main__ - INFO - 
---------- 运行测试：test_login.py ----------
2024-12-18 23:08:16 - __main__ - INFO - 
---------- 运行测试：test_password.py ----------
2024-12-18 23:08:16 - __main__ - INFO - 
==================== 用户功能测试运行完成 ====================

2024-12-18 23:08:16 - __main__ - INFO - 
==================== 开始运行商家功能测试 ====================
2024-12-18 23:08:16 - __main__ - INFO - 
---------- 运行测试：test_create_store.py ----------
2024-12-18 23:08:16 - __main__ - INFO - 
---------- 运行测试：test_add_book.py ----------
2024-12-18 23:08:16 - __main__ - INFO - 
---------- 运行测试：test_add_stock_level.py ----------
2024-12-18 23:08:16 - __main__ - INFO - 
==================== 商家功能测试运行完成 ====================

2024-12-18 23:08:16 - __main__ - INFO - 
==================== 开始运行买家功能测试 ====================
2024-12-18 23:08:16 - __main__ - INFO - 
---------- 运行测试：test_add_funds.py ----------
2024-12-18 23:08:16 - __main__ - INFO - 
---------- 运行测试：test_new_order.py ----------
2024-12-18 23:08:16 - __main__ - INFO - 
---------- 运行测试：test_payment.py ----------
2024-12-18 23:08:16 - __main__ - INFO - 
==================== 买家功能测试运行完成 ====================

2024-12-18 23:08:56 - __main__ - INFO - 
==================== 开始运行用户功能测试 ====================
2024-12-18 23:08:56 - __main__ - INFO - 
---------- 运行测试：test_register.py ----------
2024-12-18 23:08:57 - be.model.user - INFO - 创建 UserManager 实例
2024-12-18 23:08:57 - be.serve - INFO - 正在启动服务器...
2024-12-18 23:08:57 - be.serve - INFO - 创建Flask应用...
2024-12-18 23:08:57 - be.serve - INFO - 初始化数据库...
2024-12-18 23:08:57 - be.model.db_config - INFO - 清理数据库...
2024-12-18 23:09:00 - be.model.db_config - INFO - 数据库清理完成
2024-12-18 23:09:01 - be.model.db_config - INFO - 已创建的表: ['book_images', 'books', 'order_items', 'orders', 'store_books', 'stores', 'users']
2024-12-18 23:09:01 - be.model.db_config - INFO - 删除所有表...
2024-12-18 23:09:01 - be.model.db_config - INFO - 重新创建所有表...
2024-12-18 23:09:02 - be.model.db_config - INFO - 数据库初始化完成
2024-12-18 23:09:03 - be.model.db_config - INFO - 已创建的表: ['book_images', 'books', 'order_items', 'orders', 'store_books', 'stores', 'users']
2024-12-18 23:09:03 - be.serve - INFO - 数据库初始化成功
2024-12-18 23:09:03 - be.serve - INFO - 注册蓝图...
2024-12-18 23:09:03 - be.serve - INFO - 启动服务器...
2024-12-18 23:09:03 - werkzeug - INFO - [31m[1mWARNING: This is a development server. Do not use it in a production deployment. Use a production WSGI server instead.[0m
 * Running on http://127.0.0.1:5555
2024-12-18 23:09:03 - werkzeug - INFO - [33mPress CTRL+C to quit[0m
2024-12-18 23:09:58 - werkzeug - INFO - 127.0.0.1 - - [18/Dec/2024 23:09:58] "[33mGET / HTTP/1.1[0m" 404 -
2024-12-18 23:09:58 - werkzeug - INFO - 127.0.0.1 - - [18/Dec/2024 23:09:58] "[33mGET /favicon.ico HTTP/1.1[0m" 404 -
2024-12-18 23:11:26 - be.serve - INFO - 正在关闭服务器...
2024-12-18 23:11:26 - be.serve - ERROR - 关闭服务器失败: Not running with the Werkzeug Server
2024-12-18 23:11:27 - __main__ - INFO - 
==================== 开始运行用户功能测试 ====================
2024-12-18 23:11:27 - __main__ - INFO - 
---------- 运行测试：test_register.py ----------
2024-12-18 23:11:27 - be.model.user - INFO - 创建 UserManager 实例
2024-12-18 23:11:27 - be.serve - INFO - 正在启动服务器...
2024-12-18 23:11:27 - be.serve - INFO - 创建Flask应用...
2024-12-18 23:11:27 - be.serve - INFO - 初始化数据库...
2024-12-18 23:11:27 - be.model.db_config - INFO - 清理数据库...
2024-12-18 23:11:30 - be.model.db_config - ERROR - 数据库清理失败: (pymysql.err.OperationalError) (3730, "Cannot drop table 'books' referenced by a foreign key constraint 'book_images_ibfk_1' on table 'book_images'.")
[SQL: 
DROP TABLE books]
(Background on this error at: https://sqlalche.me/e/20/e3q8)
2024-12-18 23:11:30 - be.serve - ERROR - 数据库初始化失败: (pymysql.err.OperationalError) (3730, "Cannot drop table 'books' referenced by a foreign key constraint 'book_images_ibfk_1' on table 'book_images'.")
[SQL: 
DROP TABLE books]
(Background on this error at: https://sqlalche.me/e/20/e3q8)
2024-12-18 23:13:19 - __main__ - INFO - 
==================== 开始运行用户功能测试 ====================
2024-12-18 23:13:19 - __main__ - INFO - 
---------- 运行测试：test_register.py ----------
2024-12-18 23:13:19 - be.model.user - INFO - 创建 UserManager 实例
2024-12-18 23:13:19 - be.serve - INFO - 正在启动服务器...
2024-12-18 23:13:19 - be.serve - INFO - 创建Flask应用...
2024-12-18 23:13:19 - be.serve - INFO - 初始化数据库...
2024-12-18 23:13:19 - be.model.db_config - INFO - 清理数据库...
2024-12-18 23:13:22 - be.model.db_config - ERROR - 数据库清理失败: (pymysql.err.OperationalError) (3730, "Cannot drop table 'books' referenced by a foreign key constraint 'book_images_ibfk_1' on table 'book_images'.")
[SQL: 
DROP TABLE books]
(Background on this error at: https://sqlalche.me/e/20/e3q8)
2024-12-18 23:13:22 - be.serve - ERROR - 数据库初始化失败: (pymysql.err.OperationalError) (3730, "Cannot drop table 'books' referenced by a foreign key constraint 'book_images_ibfk_1' on table 'book_images'.")
[SQL: 
DROP TABLE books]
(Background on this error at: https://sqlalche.me/e/20/e3q8)
2024-12-18 23:14:09 - __main__ - INFO - 
==================== 开始运行用户功能测试 ====================
2024-12-18 23:14:09 - __main__ - INFO - 
---------- 运行测试：test_register.py ----------
2024-12-18 23:14:09 - be.model.user - INFO - 创建 UserManager 实例
2024-12-18 23:14:09 - be.serve - INFO - 正在启动服务器...
2024-12-18 23:14:09 - be.serve - INFO - 创建Flask应用...
2024-12-18 23:14:09 - be.serve - INFO - 初始化数据库...
2024-12-18 23:14:09 - be.model.db_config - INFO - 清理数据库...
2024-12-18 23:14:15 - be.model.db_config - INFO - 数据库清理完成
2024-12-18 23:14:16 - be.model.db_config - INFO - 已创建的表: ['books', 'order_items', 'orders', 'stores', 'users']
2024-12-18 23:14:16 - be.model.db_config - INFO - 删除所有表...
2024-12-18 23:14:22 - be.model.db_config - INFO - 数据库初始化完成
2024-12-18 23:14:23 - be.model.db_config - INFO - 已创建的表: ['books', 'order_items', 'orders', 'stores', 'users']
2024-12-18 23:14:23 - be.serve - INFO - 数据库初始化成功
2024-12-18 23:14:23 - be.serve - INFO - 注册蓝图...
2024-12-18 23:14:23 - be.serve - INFO - 启动服务器...
2024-12-18 23:14:23 - werkzeug - INFO - [31m[1mWARNING: This is a development server. Do not use it in a production deployment. Use a production WSGI server instead.[0m
 * Running on http://127.0.0.1:5555
2024-12-18 23:14:23 - werkzeug - INFO - [33mPress CTRL+C to quit[0m
2024-12-18 23:14:23 - be.view.auth - INFO - 收到注册请求: {'user_id': 'test_register_user_1734534863.22489', 'password': 'test_register_password_1734534863.224896'}
2024-12-18 23:14:23 - be.model.user - INFO - 尝试注册新用户：test_register_user_1734534863.22489
2024-12-18 23:14:23 - be.model.user - INFO - 加密密码...
2024-12-18 23:14:23 - be.model.user - INFO - 创建新用户...
2024-12-18 23:14:23 - be.model.user - INFO - 添加用户到数据库...
2024-12-18 23:14:23 - be.model.user - INFO - 用户注册成功：test_register_user_1734534863.22489
2024-12-18 23:14:23 - be.view.auth - INFO - 注册处理结果: 200
2024-12-18 23:14:23 - werkzeug - INFO - 127.0.0.1 - - [18/Dec/2024 23:14:23] "POST /auth/register HTTP/1.1" 200 -
2024-12-18 23:14:23 - be.view.auth - INFO - 收到注册请求: {'user_id': 'test_register_user_1734534863.8901062', 'password': 'test_register_password_1734534863.8901162'}
2024-12-18 23:14:23 - be.model.user - INFO - 尝试注册新用户：test_register_user_1734534863.8901062
2024-12-18 23:14:24 - be.model.user - INFO - 加密密码...
2024-12-18 23:14:24 - be.model.user - INFO - 创建新用户...
2024-12-18 23:14:24 - be.model.user - INFO - 添加用户到数据库...
2024-12-18 23:14:24 - be.model.user - INFO - 用户注册成功：test_register_user_1734534863.8901062
2024-12-18 23:14:24 - be.view.auth - INFO - 注册处理结果: 200
2024-12-18 23:14:24 - werkzeug - INFO - 127.0.0.1 - - [18/Dec/2024 23:14:24] "POST /auth/register HTTP/1.1" 200 -
2024-12-18 23:14:24 - be.view.auth - INFO - 收到注销请求: {'user_id': 'test_register_user_1734534863.8901062', 'password': 'test_register_password_1734534863.8901162'}
2024-12-18 23:14:24 - be.model.user - INFO - 尝试注销用户：test_register_user_1734534863.8901062
2024-12-18 23:14:25 - be.model.user - INFO - 用户注销成功：test_register_user_1734534863.8901062
2024-12-18 23:14:25 - be.view.auth - INFO - 注销处理结果: 200
2024-12-18 23:14:25 - werkzeug - INFO - 127.0.0.1 - - [18/Dec/2024 23:14:25] "POST /auth/unregister HTTP/1.1" 200 -
2024-12-18 23:14:25 - be.view.auth - INFO - 收到注册请求: {'user_id': 'test_register_user_1734534865.7332108', 'password': 'test_register_password_1734534865.733226'}
2024-12-18 23:14:25 - be.model.user - INFO - 尝试注册新用户：test_register_user_1734534865.7332108
2024-12-18 23:14:25 - be.model.user - INFO - 加密密码...
2024-12-18 23:14:25 - be.model.user - INFO - 创建新用户...
2024-12-18 23:14:25 - be.model.user - INFO - 添加用户到数据库...
2024-12-18 23:14:26 - be.model.user - INFO - 用户注册成功：test_register_user_1734534865.7332108
2024-12-18 23:14:26 - be.view.auth - INFO - 注册处理结果: 200
2024-12-18 23:14:26 - werkzeug - INFO - 127.0.0.1 - - [18/Dec/2024 23:14:26] "POST /auth/register HTTP/1.1" 200 -
2024-12-18 23:14:26 - be.view.auth - INFO - 收到注销请求: {'user_id': 'test_register_user_1734534865.7332108_x', 'password': 'test_register_password_1734534865.733226'}
2024-12-18 23:14:26 - be.model.user - INFO - 尝试注销用户：test_register_user_1734534865.7332108_x
2024-12-18 23:14:26 - be.model.user - WARNING - 用户不存在：test_register_user_1734534865.7332108_x
2024-12-18 23:14:26 - be.view.auth - INFO - 注销处理结果: 401
2024-12-18 23:14:26 - werkzeug - INFO - 127.0.0.1 - - [18/Dec/2024 23:14:26] "[31m[1mPOST /auth/unregister HTTP/1.1[0m" 401 -
2024-12-18 23:14:26 - be.view.auth - INFO - 收到注销请求: {'user_id': 'test_register_user_1734534865.7332108', 'password': 'test_register_password_1734534865.733226_x'}
2024-12-18 23:14:26 - be.model.user - INFO - 尝试注销用户：test_register_user_1734534865.7332108
2024-12-18 23:14:27 - be.model.user - WARNING - 密码错误：test_register_user_1734534865.7332108
2024-12-18 23:14:27 - be.view.auth - INFO - 注销处理结果: 401
2024-12-18 23:14:27 - werkzeug - INFO - 127.0.0.1 - - [18/Dec/2024 23:14:27] "[31m[1mPOST /auth/unregister HTTP/1.1[0m" 401 -
2024-12-18 23:14:27 - be.view.auth - INFO - 收到注册请求: {'user_id': 'test_register_user_1734534867.39296', 'password': 'test_register_password_1734534867.39297'}
2024-12-18 23:14:27 - be.model.user - INFO - 尝试注册新用户：test_register_user_1734534867.39296
2024-12-18 23:14:27 - be.model.user - INFO - 加密密码...
2024-12-18 23:14:27 - be.model.user - INFO - 创建新用户...
2024-12-18 23:14:27 - be.model.user - INFO - 添加用户到数据库...
2024-12-18 23:14:28 - be.model.user - INFO - 用户注册成功：test_register_user_1734534867.39296
2024-12-18 23:14:28 - be.view.auth - INFO - 注册处理结果: 200
2024-12-18 23:14:28 - werkzeug - INFO - 127.0.0.1 - - [18/Dec/2024 23:14:28] "POST /auth/register HTTP/1.1" 200 -
2024-12-18 23:14:28 - be.view.auth - INFO - 收到注册请求: {'user_id': 'test_register_user_1734534867.39296', 'password': 'test_register_password_1734534867.39297'}
2024-12-18 23:14:28 - be.model.user - INFO - 尝试注册新用户：test_register_user_1734534867.39296
2024-12-18 23:14:28 - be.model.user - WARNING - 用户已存在：test_register_user_1734534867.39296
2024-12-18 23:14:28 - be.view.auth - INFO - 注册处理结果: 401
2024-12-18 23:14:28 - werkzeug - INFO - 127.0.0.1 - - [18/Dec/2024 23:14:28] "[31m[1mPOST /auth/register HTTP/1.1[0m" 401 -
2024-12-18 23:14:28 - be.serve - INFO - 正在关闭服务器...
2024-12-18 23:14:28 - be.serve - ERROR - 关闭服务器失败: Not running with the Werkzeug Server
2024-12-18 23:20:47 - __main__ - INFO - 
==================== 开始运行用户功能测试 ====================
2024-12-18 23:20:47 - __main__ - INFO - 
---------- 运行测试：test_register.py ----------
2024-12-18 23:20:48 - be.model.user - INFO - 创建 UserManager 实例
2024-12-18 23:20:48 - be.serve - INFO - 正在启动服务器...
2024-12-18 23:20:48 - be.serve - INFO - 创建Flask应用...
2024-12-18 23:20:48 - be.serve - INFO - 初始化数据库...
2024-12-18 23:20:48 - be.model.db_config - INFO - 清理数据库...
2024-12-18 23:20:55 - be.model.db_config - INFO - 数据库清理完成
2024-12-18 23:20:55 - be.model.db_config - INFO - 已创建的表: ['books', 'order_items', 'orders', 'stores', 'users']
2024-12-18 23:20:55 - be.model.db_config - INFO - 删除所有表...
2024-12-18 23:21:00 - be.model.db_config - INFO - 数据库初始化完成
2024-12-18 23:21:01 - be.model.db_config - INFO - 已创建的表: ['books', 'order_items', 'orders', 'stores', 'users']
2024-12-18 23:21:01 - be.serve - INFO - 数据库初始化成功
2024-12-18 23:21:01 - be.serve - INFO - 注册蓝图...
2024-12-18 23:21:01 - be.serve - INFO - 启动服务器...
2024-12-18 23:21:01 - werkzeug - INFO - [31m[1mWARNING: This is a development server. Do not use it in a production deployment. Use a production WSGI server instead.[0m
 * Running on http://127.0.0.1:5555
2024-12-18 23:21:01 - werkzeug - INFO - [33mPress CTRL+C to quit[0m
2024-12-18 23:21:01 - be.view.auth - INFO - 收到注册请求: {'user_id': 'test_register_user_1734535261.5399182', 'password': 'test_register_password_1734535261.539926'}
2024-12-18 23:21:01 - be.model.user - INFO - 尝试注册新用户：test_register_user_1734535261.5399182
2024-12-18 23:21:01 - be.model.user - INFO - 加密密码...
2024-12-18 23:21:01 - be.model.user - INFO - 创建新用户...
2024-12-18 23:21:01 - be.model.user - INFO - 添加用户到数据库...
2024-12-18 23:21:02 - be.model.user - INFO - 用户注册成功：test_register_user_1734535261.5399182
2024-12-18 23:21:02 - be.view.auth - INFO - 注册处理结果: 200
2024-12-18 23:21:02 - werkzeug - INFO - 127.0.0.1 - - [18/Dec/2024 23:21:02] "POST /auth/register HTTP/1.1" 200 -
2024-12-18 23:21:02 - be.view.auth - INFO - 收到注册请求: {'user_id': 'test_register_user_1734535262.157838', 'password': 'test_register_password_1734535262.157849'}
2024-12-18 23:21:02 - be.model.user - INFO - 尝试注册新用户：test_register_user_1734535262.157838
2024-12-18 23:21:02 - be.model.user - INFO - 加密密码...
2024-12-18 23:21:02 - be.model.user - INFO - 创建新用户...
2024-12-18 23:21:02 - be.model.user - INFO - 添加用户到数据库...
2024-12-18 23:21:03 - be.model.user - INFO - 用户注册成功：test_register_user_1734535262.157838
2024-12-18 23:21:03 - be.view.auth - INFO - 注册处理结果: 200
2024-12-18 23:21:03 - werkzeug - INFO - 127.0.0.1 - - [18/Dec/2024 23:21:03] "POST /auth/register HTTP/1.1" 200 -
2024-12-18 23:21:03 - be.view.auth - INFO - 收到注销请求: {'user_id': 'test_register_user_1734535262.157838', 'password': 'test_register_password_1734535262.157849'}
2024-12-18 23:21:03 - be.model.user - INFO - 尝试注销用户：test_register_user_1734535262.157838
2024-12-18 23:21:04 - be.model.user - INFO - 用户注销成功：test_register_user_1734535262.157838
2024-12-18 23:21:04 - be.view.auth - INFO - 注销处理结果: 200
2024-12-18 23:21:04 - werkzeug - INFO - 127.0.0.1 - - [18/Dec/2024 23:21:04] "POST /auth/unregister HTTP/1.1" 200 -
2024-12-18 23:21:04 - be.view.auth - INFO - 收到注册请求: {'user_id': 'test_register_user_1734535264.064825', 'password': 'test_register_password_1734535264.0648398'}
2024-12-18 23:21:04 - be.model.user - INFO - 尝试注册新用户：test_register_user_1734535264.064825
2024-12-18 23:21:04 - be.model.user - INFO - 加密密码...
2024-12-18 23:21:04 - be.model.user - INFO - 创建新用户...
2024-12-18 23:21:04 - be.model.user - INFO - 添加用户到数据库...
2024-12-18 23:21:04 - be.model.user - INFO - 用户注册成功：test_register_user_1734535264.064825
2024-12-18 23:21:04 - be.view.auth - INFO - 注册处理结果: 200
2024-12-18 23:21:04 - werkzeug - INFO - 127.0.0.1 - - [18/Dec/2024 23:21:04] "POST /auth/register HTTP/1.1" 200 -
2024-12-18 23:21:04 - be.view.auth - INFO - 收到注销请求: {'user_id': 'test_register_user_1734535264.064825_x', 'password': 'test_register_password_1734535264.0648398'}
2024-12-18 23:21:04 - be.model.user - INFO - 尝试注销用户：test_register_user_1734535264.064825_x
2024-12-18 23:21:04 - be.model.user - WARNING - 用户不存在：test_register_user_1734535264.064825_x
2024-12-18 23:21:05 - be.view.auth - INFO - 注销处理结果: 401
2024-12-18 23:21:05 - werkzeug - INFO - 127.0.0.1 - - [18/Dec/2024 23:21:05] "[31m[1mPOST /auth/unregister HTTP/1.1[0m" 401 -
2024-12-18 23:21:05 - be.view.auth - INFO - 收到注销请求: {'user_id': 'test_register_user_1734535264.064825', 'password': 'test_register_password_1734535264.0648398_x'}
2024-12-18 23:21:05 - be.model.user - INFO - 尝试注销用户：test_register_user_1734535264.064825
2024-12-18 23:21:05 - be.model.user - WARNING - 密码错误：test_register_user_1734535264.064825
2024-12-18 23:21:05 - be.view.auth - INFO - 注销处理结果: 401
2024-12-18 23:21:05 - werkzeug - INFO - 127.0.0.1 - - [18/Dec/2024 23:21:05] "[31m[1mPOST /auth/unregister HTTP/1.1[0m" 401 -
2024-12-18 23:21:05 - be.view.auth - INFO - 收到注册请求: {'user_id': 'test_register_user_1734535265.6673548', 'password': 'test_register_password_1734535265.6673632'}
2024-12-18 23:21:05 - be.model.user - INFO - 尝试注册新用户：test_register_user_1734535265.6673548
2024-12-18 23:21:05 - be.model.user - INFO - 加密密码...
2024-12-18 23:21:05 - be.model.user - INFO - 创建新用户...
2024-12-18 23:21:05 - be.model.user - INFO - 添加用户到数据库...
2024-12-18 23:21:06 - be.model.user - INFO - 用户注册成功：test_register_user_1734535265.6673548
2024-12-18 23:21:06 - be.view.auth - INFO - 注册处理结果: 200
2024-12-18 23:21:06 - werkzeug - INFO - 127.0.0.1 - - [18/Dec/2024 23:21:06] "POST /auth/register HTTP/1.1" 200 -
2024-12-18 23:21:06 - be.view.auth - INFO - 收到注册请求: {'user_id': 'test_register_user_1734535265.6673548', 'password': 'test_register_password_1734535265.6673632'}
2024-12-18 23:21:06 - be.model.user - INFO - 尝试注册新用户：test_register_user_1734535265.6673548
2024-12-18 23:21:06 - be.model.user - WARNING - 用户已存在：test_register_user_1734535265.6673548
2024-12-18 23:21:06 - be.view.auth - INFO - 注册处理结果: 401
2024-12-18 23:21:06 - werkzeug - INFO - 127.0.0.1 - - [18/Dec/2024 23:21:06] "[31m[1mPOST /auth/register HTTP/1.1[0m" 401 -
2024-12-18 23:21:06 - be.serve - INFO - 正在关闭服务器...
2024-12-18 23:21:06 - be.serve - ERROR - 关闭服务器失败: Not running with the Werkzeug Server
2024-12-18 23:22:15 - __main__ - INFO - 
==================== 开始运行用户功能测试 ====================
2024-12-18 23:22:15 - __main__ - INFO - 
---------- 运行测试：test_register.py ----------
2024-12-18 23:22:16 - be.model.user - INFO - 创建 UserManager 实例
2024-12-18 23:22:16 - be.serve - INFO - 正在启动服务器...
2024-12-18 23:22:16 - be.serve - INFO - 创建Flask应用...
2024-12-18 23:22:16 - be.serve - INFO - 初始化数据库...
2024-12-18 23:22:16 - be.model.db_config - INFO - 清理数据库...
2024-12-18 23:22:23 - be.model.db_config - INFO - 数据库清理完成
2024-12-18 23:22:23 - be.model.db_config - INFO - 已创建的表: ['books', 'order_items', 'orders', 'stores', 'users']
2024-12-18 23:22:23 - be.model.db_config - INFO - 删除所有表...
2024-12-18 23:22:29 - be.model.db_config - INFO - 数据库初始化完成
2024-12-18 23:22:30 - be.model.db_config - INFO - 已创建的表: ['books', 'order_items', 'orders', 'stores', 'users']
2024-12-18 23:22:30 - be.serve - INFO - 数据库初始化成功
2024-12-18 23:22:30 - be.serve - INFO - 注册蓝图...
2024-12-18 23:22:30 - be.serve - INFO - 启动服务器...
2024-12-18 23:22:30 - werkzeug - INFO - [31m[1mWARNING: This is a development server. Do not use it in a production deployment. Use a production WSGI server instead.[0m
 * Running on http://127.0.0.1:5555
2024-12-18 23:22:30 - werkzeug - INFO - [33mPress CTRL+C to quit[0m
2024-12-18 23:22:30 - be.view.auth - INFO - 收到注册请求: {'user_id': 'test_register_user_1734535350.1918452', 'password': 'test_register_password_1734535350.191851'}
2024-12-18 23:22:30 - be.model.user - INFO - 尝试注册新用户：test_register_user_1734535350.1918452
2024-12-18 23:22:30 - be.model.user - INFO - 加密密码...
2024-12-18 23:22:30 - be.model.user - INFO - 创建新用户...
2024-12-18 23:22:30 - be.model.user - INFO - 添加用户到数据库...
2024-12-18 23:22:30 - be.model.user - INFO - 用户注册成功：test_register_user_1734535350.1918452
2024-12-18 23:22:30 - be.view.auth - INFO - 注册处理结果: 200
2024-12-18 23:22:30 - werkzeug - INFO - 127.0.0.1 - - [18/Dec/2024 23:22:30] "POST /auth/register HTTP/1.1" 200 -
2024-12-18 23:22:30 - be.view.auth - INFO - 收到注册请求: {'user_id': 'test_register_user_1734535350.933449', 'password': 'test_register_password_1734535350.933465'}
2024-12-18 23:22:30 - be.model.user - INFO - 尝试注册新用户：test_register_user_1734535350.933449
2024-12-18 23:22:31 - be.model.user - INFO - 加密密码...
2024-12-18 23:22:31 - be.model.user - INFO - 创建新用户...
2024-12-18 23:22:31 - be.model.user - INFO - 添加用户到数据库...
2024-12-18 23:22:31 - be.model.user - INFO - 用户注册成功：test_register_user_1734535350.933449
2024-12-18 23:22:31 - be.view.auth - INFO - 注册处理结果: 200
2024-12-18 23:22:31 - werkzeug - INFO - 127.0.0.1 - - [18/Dec/2024 23:22:31] "POST /auth/register HTTP/1.1" 200 -
2024-12-18 23:22:31 - be.view.auth - INFO - 收到注销请求: {'user_id': 'test_register_user_1734535350.933449', 'password': 'test_register_password_1734535350.933465'}
2024-12-18 23:22:31 - be.model.user - INFO - 尝试注销用户：test_register_user_1734535350.933449
2024-12-18 23:22:32 - be.model.user - INFO - 用户注销成功：test_register_user_1734535350.933449
2024-12-18 23:22:32 - be.view.auth - INFO - 注销处理结果: 200
2024-12-18 23:22:32 - werkzeug - INFO - 127.0.0.1 - - [18/Dec/2024 23:22:32] "POST /auth/unregister HTTP/1.1" 200 -
2024-12-18 23:22:32 - be.view.auth - INFO - 收到注册请求: {'user_id': 'test_register_user_1734535352.7629728', 'password': 'test_register_password_1734535352.762988'}
2024-12-18 23:22:32 - be.model.user - INFO - 尝试注册新用户：test_register_user_1734535352.7629728
2024-12-18 23:22:33 - be.model.user - INFO - 加密密码...
2024-12-18 23:22:33 - be.model.user - INFO - 创建新用户...
2024-12-18 23:22:33 - be.model.user - INFO - 添加用户到数据库...
2024-12-18 23:22:33 - be.model.user - INFO - 用户注册成功：test_register_user_1734535352.7629728
2024-12-18 23:22:33 - be.view.auth - INFO - 注册处理结果: 200
2024-12-18 23:22:33 - werkzeug - INFO - 127.0.0.1 - - [18/Dec/2024 23:22:33] "POST /auth/register HTTP/1.1" 200 -
2024-12-18 23:22:33 - be.view.auth - INFO - 收到注销请求: {'user_id': 'test_register_user_1734535352.7629728_x', 'password': 'test_register_password_1734535352.762988'}
2024-12-18 23:22:33 - be.model.user - INFO - 尝试注销用户：test_register_user_1734535352.7629728_x
2024-12-18 23:22:33 - be.model.user - WARNING - 用户不存在：test_register_user_1734535352.7629728_x
2024-12-18 23:22:34 - be.view.auth - INFO - 注销处理结果: 401
2024-12-18 23:22:34 - werkzeug - INFO - 127.0.0.1 - - [18/Dec/2024 23:22:34] "[31m[1mPOST /auth/unregister HTTP/1.1[0m" 401 -
2024-12-18 23:22:34 - be.view.auth - INFO - 收到注销请求: {'user_id': 'test_register_user_1734535352.7629728', 'password': 'test_register_password_1734535352.762988_x'}
2024-12-18 23:22:34 - be.model.user - INFO - 尝试注销用户：test_register_user_1734535352.7629728
2024-12-18 23:22:34 - be.model.user - WARNING - 密码错误：test_register_user_1734535352.7629728
2024-12-18 23:22:34 - be.view.auth - INFO - 注销处理结果: 401
2024-12-18 23:22:34 - werkzeug - INFO - 127.0.0.1 - - [18/Dec/2024 23:22:34] "[31m[1mPOST /auth/unregister HTTP/1.1[0m" 401 -
2024-12-18 23:22:34 - be.view.auth - INFO - 收到注册请求: {'user_id': 'test_register_user_1734535354.7302039', 'password': 'test_register_password_1734535354.7302191'}
2024-12-18 23:22:34 - be.model.user - INFO - 尝试注册新用户：test_register_user_1734535354.7302039
2024-12-18 23:22:35 - be.model.user - INFO - 加密密码...
2024-12-18 23:22:35 - be.model.user - INFO - 创建新用户...
2024-12-18 23:22:35 - be.model.user - INFO - 添加用户到数据库...
2024-12-18 23:22:35 - be.model.user - INFO - 用户注册成功：test_register_user_1734535354.7302039
2024-12-18 23:22:35 - be.view.auth - INFO - 注册处理结果: 200
2024-12-18 23:22:35 - werkzeug - INFO - 127.0.0.1 - - [18/Dec/2024 23:22:35] "POST /auth/register HTTP/1.1" 200 -
2024-12-18 23:22:35 - be.view.auth - INFO - 收到注册请求: {'user_id': 'test_register_user_1734535354.7302039', 'password': 'test_register_password_1734535354.7302191'}
2024-12-18 23:22:35 - be.model.user - INFO - 尝试注册新用户：test_register_user_1734535354.7302039
2024-12-18 23:22:35 - be.model.user - WARNING - 用户已存在：test_register_user_1734535354.7302039
2024-12-18 23:22:36 - be.view.auth - INFO - 注册处理结果: 401
2024-12-18 23:22:36 - werkzeug - INFO - 127.0.0.1 - - [18/Dec/2024 23:22:36] "[31m[1mPOST /auth/register HTTP/1.1[0m" 401 -
2024-12-18 23:22:36 - be.serve - INFO - 正在关闭服务器...
2024-12-18 23:22:36 - be.serve - ERROR - 关闭服务器失败: Not running with the Werkzeug Server
2024-12-18 23:25:04 - __main__ - INFO - 
==================== 开始运行用户功能测试 ====================
2024-12-18 23:25:05 - be.model.db_config - INFO - 清理数据库...
2024-12-18 23:25:13 - be.model.db_config - INFO - 数据库清理完成
2024-12-18 23:25:14 - be.model.db_config - INFO - 已创建的表: ['books', 'order_items', 'orders', 'stores', 'users']
2024-12-18 23:25:14 - __main__ - INFO - 
---------- 运行测试：test_register.py ----------
2024-12-18 23:25:14 - be.model.user - INFO - 创建 UserManager 实例
2024-12-18 23:25:14 - be.serve - INFO - 正在启动服务器...
2024-12-18 23:25:14 - be.serve - INFO - 创建Flask应用...
2024-12-18 23:25:14 - be.serve - INFO - 初始化数据库...
2024-12-18 23:25:14 - be.model.db_config - INFO - 清理数据库...
2024-12-18 23:25:20 - be.model.db_config - INFO - 数据库清理完成
2024-12-18 23:25:21 - be.model.db_config - INFO - 已创建的表: ['books', 'order_items', 'orders', 'stores', 'users']
2024-12-18 23:25:21 - be.model.db_config - INFO - 删除所有表...
2024-12-18 23:25:27 - be.model.db_config - INFO - 数据库初始化完成
2024-12-18 23:25:28 - be.model.db_config - INFO - 已创建的表: ['books', 'order_items', 'orders', 'stores', 'users']
2024-12-18 23:25:28 - be.serve - INFO - 数据库初始化成功
2024-12-18 23:25:28 - be.serve - INFO - 注册蓝图...
2024-12-18 23:25:28 - be.serve - INFO - 启动服务器...
2024-12-18 23:25:28 - werkzeug - INFO - [31m[1mWARNING: This is a development server. Do not use it in a production deployment. Use a production WSGI server instead.[0m
 * Running on http://127.0.0.1:5555
2024-12-18 23:25:28 - werkzeug - INFO - [33mPress CTRL+C to quit[0m
2024-12-18 23:25:28 - be.view.auth - INFO - 收到注册请求: {'user_id': 'test_register_user_1734535528.5808399', 'password': 'test_register_password_1734535528.580849'}
2024-12-18 23:25:28 - be.model.user - INFO - 尝试注册新用户：test_register_user_1734535528.5808399
2024-12-18 23:25:28 - be.model.user - INFO - 加密密码...
2024-12-18 23:25:28 - be.model.user - INFO - 创建新用户...
2024-12-18 23:25:28 - be.model.user - INFO - 添加用户到数据库...
2024-12-18 23:25:29 - be.model.user - INFO - 用户注册成功：test_register_user_1734535528.5808399
2024-12-18 23:25:29 - be.view.auth - INFO - 注册处理结果: 200
2024-12-18 23:25:29 - werkzeug - INFO - 127.0.0.1 - - [18/Dec/2024 23:25:29] "POST /auth/register HTTP/1.1" 200 -
2024-12-18 23:25:29 - be.view.auth - INFO - 收到注册请求: {'user_id': 'test_register_user_1734535529.307243', 'password': 'test_register_password_1734535529.3072581'}
2024-12-18 23:25:29 - be.model.user - INFO - 尝试注册新用户：test_register_user_1734535529.307243
2024-12-18 23:25:29 - be.model.user - INFO - 加密密码...
2024-12-18 23:25:29 - be.model.user - INFO - 创建新用户...
2024-12-18 23:25:29 - be.model.user - INFO - 添加用户到数据库...
2024-12-18 23:25:30 - be.model.user - INFO - 用户注册成功：test_register_user_1734535529.307243
2024-12-18 23:25:30 - be.view.auth - INFO - 注册处理结果: 200
2024-12-18 23:25:30 - werkzeug - INFO - 127.0.0.1 - - [18/Dec/2024 23:25:30] "POST /auth/register HTTP/1.1" 200 -
2024-12-18 23:25:30 - be.view.auth - INFO - 收到注销请求: {'user_id': 'test_register_user_1734535529.307243', 'password': 'test_register_password_1734535529.3072581'}
2024-12-18 23:25:30 - be.model.user - INFO - 尝试注销用户：test_register_user_1734535529.307243
2024-12-18 23:25:31 - be.model.user - INFO - 用户注销成功：test_register_user_1734535529.307243
2024-12-18 23:25:31 - be.view.auth - INFO - 注销处理结果: 200
2024-12-18 23:25:31 - werkzeug - INFO - 127.0.0.1 - - [18/Dec/2024 23:25:31] "POST /auth/unregister HTTP/1.1" 200 -
2024-12-18 23:25:31 - be.view.auth - INFO - 收到注册请求: {'user_id': 'test_register_user_1734535531.505974', 'password': 'test_register_password_1734535531.505989'}
2024-12-18 23:25:31 - be.model.user - INFO - 尝试注册新用户：test_register_user_1734535531.505974
2024-12-18 23:25:31 - be.model.user - INFO - 加密密码...
2024-12-18 23:25:31 - be.model.user - INFO - 创建新用户...
2024-12-18 23:25:31 - be.model.user - INFO - 添加用户到数据库...
2024-12-18 23:25:32 - be.model.user - INFO - 用户注册成功：test_register_user_1734535531.505974
2024-12-18 23:25:32 - be.view.auth - INFO - 注册处理结果: 200
2024-12-18 23:25:32 - werkzeug - INFO - 127.0.0.1 - - [18/Dec/2024 23:25:32] "POST /auth/register HTTP/1.1" 200 -
2024-12-18 23:25:32 - be.view.auth - INFO - 收到注销请求: {'user_id': 'test_register_user_1734535531.505974_x', 'password': 'test_register_password_1734535531.505989'}
2024-12-18 23:25:32 - be.model.user - INFO - 尝试注销用户：test_register_user_1734535531.505974_x
2024-12-18 23:25:32 - be.model.user - WARNING - 用户不存在：test_register_user_1734535531.505974_x
2024-12-18 23:25:32 - be.view.auth - INFO - 注销处理结果: 401
2024-12-18 23:25:32 - werkzeug - INFO - 127.0.0.1 - - [18/Dec/2024 23:25:32] "[31m[1mPOST /auth/unregister HTTP/1.1[0m" 401 -
2024-12-18 23:25:32 - be.view.auth - INFO - 收到注销请求: {'user_id': 'test_register_user_1734535531.505974', 'password': 'test_register_password_1734535531.505989_x'}
2024-12-18 23:25:32 - be.model.user - INFO - 尝试注销用户：test_register_user_1734535531.505974
2024-12-18 23:25:33 - be.model.user - WARNING - 密码错误：test_register_user_1734535531.505974
2024-12-18 23:25:33 - be.view.auth - INFO - 注销处理结果: 401
2024-12-18 23:25:33 - werkzeug - INFO - 127.0.0.1 - - [18/Dec/2024 23:25:33] "[31m[1mPOST /auth/unregister HTTP/1.1[0m" 401 -
2024-12-18 23:25:33 - be.view.auth - INFO - 收到注册请求: {'user_id': 'test_register_user_1734535533.5973701', 'password': 'test_register_password_1734535533.597386'}
2024-12-18 23:25:33 - be.model.user - INFO - 尝试注册新用户：test_register_user_1734535533.5973701
2024-12-18 23:25:33 - be.model.user - INFO - 加密密码...
2024-12-18 23:25:33 - be.model.user - INFO - 创建新用户...
2024-12-18 23:25:33 - be.model.user - INFO - 添加用户到数据库...
2024-12-18 23:25:34 - be.model.user - INFO - 用户注册成功：test_register_user_1734535533.5973701
2024-12-18 23:25:34 - be.view.auth - INFO - 注册处理结果: 200
2024-12-18 23:25:34 - werkzeug - INFO - 127.0.0.1 - - [18/Dec/2024 23:25:34] "POST /auth/register HTTP/1.1" 200 -
2024-12-18 23:25:34 - be.view.auth - INFO - 收到注册请求: {'user_id': 'test_register_user_1734535533.5973701', 'password': 'test_register_password_1734535533.597386'}
2024-12-18 23:25:34 - be.model.user - INFO - 尝试注册新用户：test_register_user_1734535533.5973701
2024-12-18 23:25:35 - be.model.user - WARNING - 用户已存在：test_register_user_1734535533.5973701
2024-12-18 23:25:35 - be.view.auth - INFO - 注册处理结果: 401
2024-12-18 23:25:35 - werkzeug - INFO - 127.0.0.1 - - [18/Dec/2024 23:25:35] "[31m[1mPOST /auth/register HTTP/1.1[0m" 401 -
2024-12-18 23:25:35 - be.serve - INFO - 正在关闭服务器...
2024-12-18 23:25:35 - be.serve - ERROR - 关闭服务器失败: Not running with the Werkzeug Server
2024-12-18 23:26:34 - __main__ - INFO - 
==================== 开始运行用户功能测试 ====================
2024-12-18 23:26:34 - be.model.db_config - INFO - 清理数据库...
2024-12-18 23:26:42 - be.model.db_config - INFO - 数据库清理完成
2024-12-18 23:26:42 - be.model.db_config - INFO - 已创建的表: ['books', 'order_items', 'orders', 'stores', 'users']
2024-12-18 23:26:42 - __main__ - INFO - 
---------- 运行测试：test_register.py ----------
2024-12-18 23:26:43 - be.model.user - INFO - 创建 UserManager 实例
2024-12-18 23:26:43 - be.serve - INFO - 正在启动服务器...
2024-12-18 23:26:43 - be.serve - INFO - 创建Flask应用...
2024-12-18 23:26:43 - be.serve - INFO - 初始化数据库...
2024-12-18 23:26:43 - be.model.db_config - INFO - 清理数据库...
2024-12-18 23:26:49 - be.model.db_config - INFO - 数据库清理完成
2024-12-18 23:26:50 - be.model.db_config - INFO - 已创建的表: ['books', 'order_items', 'orders', 'stores', 'users']
2024-12-18 23:26:50 - be.model.db_config - INFO - 删除所有表...
2024-12-18 23:26:56 - be.model.db_config - INFO - 数据库初始化完成
2024-12-18 23:26:57 - be.model.db_config - INFO - 已创建的表: ['books', 'order_items', 'orders', 'stores', 'users']
2024-12-18 23:26:57 - be.serve - INFO - 数据库初始化成功
2024-12-18 23:26:57 - be.serve - INFO - 注册蓝图...
2024-12-18 23:26:57 - be.serve - INFO - 启动服务器...
2024-12-18 23:26:57 - werkzeug - INFO - [31m[1mWARNING: This is a development server. Do not use it in a production deployment. Use a production WSGI server instead.[0m
 * Running on http://127.0.0.1:5555
2024-12-18 23:26:57 - werkzeug - INFO - [33mPress CTRL+C to quit[0m
2024-12-18 23:26:57 - be.view.auth - INFO - 收到注册请求: {'user_id': 'test_register_user_1734535617.7058492', 'password': 'test_register_password_1734535617.7058592'}
2024-12-18 23:26:57 - be.model.user - INFO - 尝试注册新用户：test_register_user_1734535617.7058492
2024-12-18 23:26:58 - be.model.user - INFO - 加密密码...
2024-12-18 23:26:58 - be.model.user - INFO - 创建新用户...
2024-12-18 23:26:58 - be.model.user - INFO - 添加用户到数据库...
2024-12-18 23:26:58 - be.model.user - INFO - 用户注册成功：test_register_user_1734535617.7058492
2024-12-18 23:26:58 - be.view.auth - INFO - 注册处理结果: 200
2024-12-18 23:26:58 - werkzeug - INFO - 127.0.0.1 - - [18/Dec/2024 23:26:58] "POST /auth/register HTTP/1.1" 200 -
2024-12-18 23:26:58 - be.view.auth - INFO - 收到注册请求: {'user_id': 'test_register_user_1734535618.54472', 'password': 'test_register_password_1734535618.544735'}
2024-12-18 23:26:58 - be.model.user - INFO - 尝试注册新用户：test_register_user_1734535618.54472
2024-12-18 23:26:58 - be.model.user - INFO - 加密密码...
2024-12-18 23:26:58 - be.model.user - INFO - 创建新用户...
2024-12-18 23:26:58 - be.model.user - INFO - 添加用户到数据库...
2024-12-18 23:26:59 - be.model.user - INFO - 用户注册成功：test_register_user_1734535618.54472
2024-12-18 23:26:59 - be.view.auth - INFO - 注册处理结果: 200
2024-12-18 23:26:59 - werkzeug - INFO - 127.0.0.1 - - [18/Dec/2024 23:26:59] "POST /auth/register HTTP/1.1" 200 -
2024-12-18 23:26:59 - be.view.auth - INFO - 收到注销请求: {'user_id': 'test_register_user_1734535618.54472', 'password': 'test_register_password_1734535618.544735'}
2024-12-18 23:26:59 - be.model.user - INFO - 尝试注销用户：test_register_user_1734535618.54472
2024-12-18 23:27:00 - be.model.user - INFO - 用户注销成功：test_register_user_1734535618.54472
2024-12-18 23:27:00 - be.view.auth - INFO - 注销处理结果: 200
2024-12-18 23:27:00 - werkzeug - INFO - 127.0.0.1 - - [18/Dec/2024 23:27:00] "POST /auth/unregister HTTP/1.1" 200 -
2024-12-18 23:27:00 - be.view.auth - INFO - 收到注册请求: {'user_id': 'test_register_user_1734535620.448767', 'password': 'test_register_password_1734535620.4487748'}
2024-12-18 23:27:00 - be.model.user - INFO - 尝试注册新用户：test_register_user_1734535620.448767
2024-12-18 23:27:00 - be.model.user - INFO - 加密密码...
2024-12-18 23:27:00 - be.model.user - INFO - 创建新用户...
2024-12-18 23:27:00 - be.model.user - INFO - 添加用户到数据库...
2024-12-18 23:27:01 - be.model.user - INFO - 用户注册成功：test_register_user_1734535620.448767
2024-12-18 23:27:01 - be.view.auth - INFO - 注册处理结果: 200
2024-12-18 23:27:01 - werkzeug - INFO - 127.0.0.1 - - [18/Dec/2024 23:27:01] "POST /auth/register HTTP/1.1" 200 -
2024-12-18 23:27:01 - be.view.auth - INFO - 收到注销请求: {'user_id': 'test_register_user_1734535620.448767_x', 'password': 'test_register_password_1734535620.4487748'}
2024-12-18 23:27:01 - be.model.user - INFO - 尝试注销用户：test_register_user_1734535620.448767_x
2024-12-18 23:27:01 - be.model.user - WARNING - 用户不存在：test_register_user_1734535620.448767_x
2024-12-18 23:27:01 - be.view.auth - INFO - 注销处理结果: 401
2024-12-18 23:27:01 - werkzeug - INFO - 127.0.0.1 - - [18/Dec/2024 23:27:01] "[31m[1mPOST /auth/unregister HTTP/1.1[0m" 401 -
2024-12-18 23:27:01 - be.view.auth - INFO - 收到注销请求: {'user_id': 'test_register_user_1734535620.448767', 'password': 'test_register_password_1734535620.4487748_x'}
2024-12-18 23:27:01 - be.model.user - INFO - 尝试注销用户：test_register_user_1734535620.448767
2024-12-18 23:27:02 - be.model.user - WARNING - 密码错误：test_register_user_1734535620.448767
2024-12-18 23:27:02 - be.view.auth - INFO - 注销处理结果: 401
2024-12-18 23:27:02 - werkzeug - INFO - 127.0.0.1 - - [18/Dec/2024 23:27:02] "[31m[1mPOST /auth/unregister HTTP/1.1[0m" 401 -
2024-12-18 23:27:02 - be.view.auth - INFO - 收到注册请求: {'user_id': 'test_register_user_1734535622.528832', 'password': 'test_register_password_1734535622.528848'}
2024-12-18 23:27:02 - be.model.user - INFO - 尝试注册新用户：test_register_user_1734535622.528832
2024-12-18 23:27:02 - be.model.user - INFO - 加密密码...
2024-12-18 23:27:02 - be.model.user - INFO - 创建新用户...
2024-12-18 23:27:02 - be.model.user - INFO - 添加用户到数据库...
2024-12-18 23:27:03 - be.model.user - INFO - 用户注册成功：test_register_user_1734535622.528832
2024-12-18 23:27:03 - be.view.auth - INFO - 注册处理结果: 200
2024-12-18 23:27:03 - werkzeug - INFO - 127.0.0.1 - - [18/Dec/2024 23:27:03] "POST /auth/register HTTP/1.1" 200 -
2024-12-18 23:27:03 - be.view.auth - INFO - 收到注册请求: {'user_id': 'test_register_user_1734535622.528832', 'password': 'test_register_password_1734535622.528848'}
2024-12-18 23:27:03 - be.model.user - INFO - 尝试注册新用户：test_register_user_1734535622.528832
2024-12-18 23:27:03 - be.model.user - WARNING - 用户已存在：test_register_user_1734535622.528832
2024-12-18 23:27:03 - be.view.auth - INFO - 注册处理结果: 401
2024-12-18 23:27:03 - werkzeug - INFO - 127.0.0.1 - - [18/Dec/2024 23:27:03] "[31m[1mPOST /auth/register HTTP/1.1[0m" 401 -
2024-12-18 23:27:03 - be.serve - INFO - 正在关闭服务器...
2024-12-18 23:27:03 - be.serve - ERROR - 关闭服务器失败: Not running with the Werkzeug Server
2024-12-18 23:28:23 - __main__ - INFO - 
==================== 开始运行用户功能测试 ====================
2024-12-18 23:28:23 - be.model.db_config - INFO - 清理数据库...
2024-12-18 23:28:31 - be.model.db_config - INFO - 数据库清理完成
2024-12-18 23:28:32 - be.model.db_config - INFO - 已创建的表: ['books', 'order_items', 'orders', 'stores', 'users']
2024-12-18 23:28:32 - __main__ - INFO - 
---------- 运行测试：test_register.py ----------
2024-12-18 23:28:32 - be.model.user - INFO - 创建 UserManager 实例
2024-12-18 23:28:32 - be.serve - INFO - 正在启动服务器...
2024-12-18 23:28:32 - be.serve - INFO - 创建Flask应用...
2024-12-18 23:28:32 - be.serve - INFO - 初始化数据库...
2024-12-18 23:28:32 - be.model.db_config - INFO - 清理数据库...
2024-12-18 23:28:40 - be.model.db_config - INFO - 数据库清理完成
2024-12-18 23:28:41 - be.model.db_config - INFO - 已创建的表: ['books', 'order_items', 'orders', 'stores', 'users']
2024-12-18 23:28:41 - be.model.db_config - INFO - 删除所有表...
2024-12-18 23:28:54 - be.model.db_config - INFO - 数据库初始化完成
2024-12-18 23:28:55 - be.model.db_config - INFO - 已创建的表: ['books', 'order_items', 'orders', 'stores', 'users']
2024-12-18 23:28:55 - be.serve - INFO - 数据库初始化成功
2024-12-18 23:28:55 - be.serve - INFO - 注册蓝图...
2024-12-18 23:28:55 - be.serve - INFO - 启动服务器...
2024-12-18 23:28:55 - werkzeug - INFO - [31m[1mWARNING: This is a development server. Do not use it in a production deployment. Use a production WSGI server instead.[0m
 * Running on http://127.0.0.1:5555
2024-12-18 23:28:55 - werkzeug - INFO - [33mPress CTRL+C to quit[0m
2024-12-18 23:28:55 - be.view.auth - INFO - 收到注册请求: {'user_id': 'test_register_user_1734535735.282828', 'password': 'test_register_password_1734535735.282836'}
2024-12-18 23:28:55 - be.model.user - INFO - 尝试注册新用户：test_register_user_1734535735.282828
2024-12-18 23:28:55 - be.model.user - INFO - 加密密码...
2024-12-18 23:28:55 - be.model.user - INFO - 创建新用户...
2024-12-18 23:28:55 - be.model.user - INFO - 添加用户到数据库...
2024-12-18 23:28:56 - be.model.user - INFO - 用户注册成功：test_register_user_1734535735.282828
2024-12-18 23:28:56 - be.view.auth - INFO - 注册处理结果: 200
2024-12-18 23:28:56 - werkzeug - INFO - 127.0.0.1 - - [18/Dec/2024 23:28:56] "POST /auth/register HTTP/1.1" 200 -
2024-12-18 23:28:56 - be.view.auth - INFO - 收到注册请求: {'user_id': 'test_register_user_1734535736.2191381', 'password': 'test_register_password_1734535736.219147'}
2024-12-18 23:28:56 - be.model.user - INFO - 尝试注册新用户：test_register_user_1734535736.2191381
2024-12-18 23:28:56 - be.model.user - INFO - 加密密码...
2024-12-18 23:28:56 - be.model.user - INFO - 创建新用户...
2024-12-18 23:28:56 - be.model.user - INFO - 添加用户到数据库...
2024-12-18 23:28:56 - be.model.user - INFO - 用户注册成功：test_register_user_1734535736.2191381
2024-12-18 23:28:56 - be.view.auth - INFO - 注册处理结果: 200
2024-12-18 23:28:56 - werkzeug - INFO - 127.0.0.1 - - [18/Dec/2024 23:28:56] "POST /auth/register HTTP/1.1" 200 -
2024-12-18 23:28:56 - be.view.auth - INFO - 收到注销请求: {'user_id': 'test_register_user_1734535736.2191381', 'password': 'test_register_password_1734535736.219147'}
2024-12-18 23:28:56 - be.model.user - INFO - 尝试注销用户：test_register_user_1734535736.2191381
2024-12-18 23:28:58 - be.model.user - INFO - 用户注销成功：test_register_user_1734535736.2191381
2024-12-18 23:28:58 - be.view.auth - INFO - 注销处理结果: 200
2024-12-18 23:28:58 - werkzeug - INFO - 127.0.0.1 - - [18/Dec/2024 23:28:58] "POST /auth/unregister HTTP/1.1" 200 -
2024-12-18 23:28:58 - be.view.auth - INFO - 收到注册请求: {'user_id': 'test_register_user_1734535738.4709382', 'password': 'test_register_password_1734535738.470948'}
2024-12-18 23:28:58 - be.model.user - INFO - 尝试注册新用户：test_register_user_1734535738.4709382
2024-12-18 23:28:58 - be.model.user - INFO - 加密密码...
2024-12-18 23:28:58 - be.model.user - INFO - 创建新用户...
2024-12-18 23:28:58 - be.model.user - INFO - 添加用户到数据库...
2024-12-18 23:28:59 - be.model.user - INFO - 用户注册成功：test_register_user_1734535738.4709382
2024-12-18 23:28:59 - be.view.auth - INFO - 注册处理结果: 200
2024-12-18 23:28:59 - werkzeug - INFO - 127.0.0.1 - - [18/Dec/2024 23:28:59] "POST /auth/register HTTP/1.1" 200 -
2024-12-18 23:28:59 - be.view.auth - INFO - 收到注销请求: {'user_id': 'test_register_user_1734535738.4709382_x', 'password': 'test_register_password_1734535738.470948'}
2024-12-18 23:28:59 - be.model.user - INFO - 尝试注销用户：test_register_user_1734535738.4709382_x
2024-12-18 23:28:59 - be.model.user - WARNING - 用户不存在：test_register_user_1734535738.4709382_x
2024-12-18 23:28:59 - be.view.auth - INFO - 注销处理结果: 401
2024-12-18 23:28:59 - werkzeug - INFO - 127.0.0.1 - - [18/Dec/2024 23:28:59] "[31m[1mPOST /auth/unregister HTTP/1.1[0m" 401 -
2024-12-18 23:28:59 - be.view.auth - INFO - 收到注销请求: {'user_id': 'test_register_user_1734535738.4709382', 'password': 'test_register_password_1734535738.470948_x'}
2024-12-18 23:28:59 - be.model.user - INFO - 尝试注销用户：test_register_user_1734535738.4709382
2024-12-18 23:28:59 - be.model.user - WARNING - 密码错误：test_register_user_1734535738.4709382
2024-12-18 23:29:00 - be.view.auth - INFO - 注销处理结果: 401
2024-12-18 23:29:00 - werkzeug - INFO - 127.0.0.1 - - [18/Dec/2024 23:29:00] "[31m[1mPOST /auth/unregister HTTP/1.1[0m" 401 -
2024-12-18 23:29:00 - be.view.auth - INFO - 收到注册请求: {'user_id': 'test_register_user_1734535740.4383008', 'password': 'test_register_password_1734535740.438317'}
2024-12-18 23:29:00 - be.model.user - INFO - 尝试注册新用户：test_register_user_1734535740.4383008
2024-12-18 23:29:00 - be.model.user - INFO - 加密密码...
2024-12-18 23:29:00 - be.model.user - INFO - 创建新用户...
2024-12-18 23:29:00 - be.model.user - INFO - 添加用户到数据库...
2024-12-18 23:29:00 - be.model.user - INFO - 用户注册成功：test_register_user_1734535740.4383008
2024-12-18 23:29:00 - be.view.auth - INFO - 注册处理结果: 200
2024-12-18 23:29:00 - werkzeug - INFO - 127.0.0.1 - - [18/Dec/2024 23:29:00] "POST /auth/register HTTP/1.1" 200 -
2024-12-18 23:29:00 - be.view.auth - INFO - 收到注册请求: {'user_id': 'test_register_user_1734535740.4383008', 'password': 'test_register_password_1734535740.438317'}
2024-12-18 23:29:00 - be.model.user - INFO - 尝试注册新用户：test_register_user_1734535740.4383008
2024-12-18 23:29:01 - be.model.user - WARNING - 用户已存在：test_register_user_1734535740.4383008
2024-12-18 23:29:01 - be.view.auth - INFO - 注册处理结果: 401
2024-12-18 23:29:01 - werkzeug - INFO - 127.0.0.1 - - [18/Dec/2024 23:29:01] "[31m[1mPOST /auth/register HTTP/1.1[0m" 401 -
2024-12-18 23:29:01 - be.serve - INFO - 正在关闭服务器...
2024-12-18 23:29:01 - be.serve - ERROR - 关闭服务器失败: Not running with the Werkzeug Server
2024-12-18 23:31:26 - __main__ - INFO - 
==================== 开始运行用户功能测试 ====================
2024-12-18 23:31:26 - be.model.db_config - INFO - 清理数据库...
2024-12-18 23:31:34 - be.model.db_config - INFO - 数据库清理完成
2024-12-18 23:31:35 - be.model.db_config - INFO - 已创建的表: ['books', 'order_items', 'orders', 'stores', 'users']
2024-12-18 23:31:35 - __main__ - INFO - 
---------- 运行测试：test_register.py ----------
2024-12-18 23:31:35 - be.model.user - INFO - 创建 UserManager 实例
2024-12-18 23:31:35 - be.serve - INFO - 正在启动服务器...
2024-12-18 23:31:35 - be.serve - INFO - 创建Flask应用...
2024-12-18 23:31:35 - be.serve - INFO - 初始化数据库...
2024-12-18 23:31:35 - be.model.db_config - INFO - 清理数据库...
2024-12-18 23:31:43 - be.model.db_config - INFO - 数据库清理完成
2024-12-18 23:31:44 - be.model.db_config - INFO - 已创建的表: ['books', 'order_items', 'orders', 'stores', 'users']
2024-12-18 23:31:44 - be.model.db_config - INFO - 删除所有表...
2024-12-18 23:31:51 - be.model.db_config - INFO - 数据库初始化完成
2024-12-18 23:31:52 - be.model.db_config - INFO - 已创建的表: ['books', 'order_items', 'orders', 'stores', 'users']
2024-12-18 23:31:52 - be.serve - INFO - 数据库初始化成功
2024-12-18 23:31:52 - be.serve - INFO - 注册蓝图...
2024-12-18 23:31:52 - be.serve - INFO - 启动服务器...
2024-12-18 23:31:52 - werkzeug - INFO - [31m[1mWARNING: This is a development server. Do not use it in a production deployment. Use a production WSGI server instead.[0m
 * Running on http://127.0.0.1:5555
2024-12-18 23:31:52 - werkzeug - INFO - [33mPress CTRL+C to quit[0m
2024-12-18 23:31:52 - be.view.auth - INFO - 收到注册请求: {'user_id': 'test_register_user_1734535912.4753978', 'password': 'test_register_password_1734535912.475404'}
2024-12-18 23:31:52 - be.model.user - INFO - 尝试注册新用户：test_register_user_1734535912.4753978
2024-12-18 23:31:52 - be.model.user - INFO - 加密密码...
2024-12-18 23:31:52 - be.model.user - INFO - 创建新用户...
2024-12-18 23:31:52 - be.model.user - INFO - 添加用户到数据库...
2024-12-18 23:31:53 - be.model.user - INFO - 用户注册成功：test_register_user_1734535912.4753978
2024-12-18 23:31:53 - be.view.auth - INFO - 注册处理结果: 200
2024-12-18 23:31:53 - werkzeug - INFO - 127.0.0.1 - - [18/Dec/2024 23:31:53] "POST /auth/register HTTP/1.1" 200 -
2024-12-18 23:31:53 - be.view.auth - INFO - 收到注册请求: {'user_id': 'test_register_user_1734535913.302954', 'password': 'test_register_password_1734535913.302958'}
2024-12-18 23:31:53 - be.model.user - INFO - 尝试注册新用户：test_register_user_1734535913.302954
2024-12-18 23:31:53 - be.model.user - INFO - 加密密码...
2024-12-18 23:31:53 - be.model.user - INFO - 创建新用户...
2024-12-18 23:31:53 - be.model.user - INFO - 添加用户到数据库...
2024-12-18 23:31:54 - be.model.user - INFO - 用户注册成功：test_register_user_1734535913.302954
2024-12-18 23:31:54 - be.view.auth - INFO - 注册处理结果: 200
2024-12-18 23:31:54 - werkzeug - INFO - 127.0.0.1 - - [18/Dec/2024 23:31:54] "POST /auth/register HTTP/1.1" 200 -
2024-12-18 23:31:54 - be.view.auth - INFO - 收到注销请求: {'user_id': 'test_register_user_1734535913.302954', 'password': 'test_register_password_1734535913.302958'}
2024-12-18 23:31:54 - be.model.user - INFO - 尝试注销用户：test_register_user_1734535913.302954
2024-12-18 23:31:56 - be.model.user - INFO - 用户注销成功：test_register_user_1734535913.302954
2024-12-18 23:31:56 - be.view.auth - INFO - 注销处理结果: 200
2024-12-18 23:31:56 - werkzeug - INFO - 127.0.0.1 - - [18/Dec/2024 23:31:56] "POST /auth/unregister HTTP/1.1" 200 -
2024-12-18 23:31:56 - be.view.auth - INFO - 收到注册请求: {'user_id': 'test_register_user_1734535916.197692', 'password': 'test_register_password_1734535916.1977012'}
2024-12-18 23:31:56 - be.model.user - INFO - 尝试注册新用户：test_register_user_1734535916.197692
2024-12-18 23:31:56 - be.model.user - INFO - 加密密码...
2024-12-18 23:31:56 - be.model.user - INFO - 创建新用户...
2024-12-18 23:31:56 - be.model.user - INFO - 添加用户到数据库...
2024-12-18 23:31:57 - be.model.user - INFO - 用户注册成功：test_register_user_1734535916.197692
2024-12-18 23:31:57 - be.view.auth - INFO - 注册处理结果: 200
2024-12-18 23:31:57 - werkzeug - INFO - 127.0.0.1 - - [18/Dec/2024 23:31:57] "POST /auth/register HTTP/1.1" 200 -
2024-12-18 23:31:57 - be.view.auth - INFO - 收到注销请求: {'user_id': 'test_register_user_1734535916.197692_x', 'password': 'test_register_password_1734535916.1977012'}
2024-12-18 23:31:57 - be.model.user - INFO - 尝试注销用户：test_register_user_1734535916.197692_x
2024-12-18 23:31:58 - be.model.user - WARNING - 用户不存在：test_register_user_1734535916.197692_x
2024-12-18 23:31:58 - be.view.auth - INFO - 注销处理结果: 401
2024-12-18 23:31:58 - werkzeug - INFO - 127.0.0.1 - - [18/Dec/2024 23:31:58] "[31m[1mPOST /auth/unregister HTTP/1.1[0m" 401 -
2024-12-18 23:31:58 - be.view.auth - INFO - 收到注销请求: {'user_id': 'test_register_user_1734535916.197692', 'password': 'test_register_password_1734535916.1977012_x'}
2024-12-18 23:31:58 - be.model.user - INFO - 尝试注销用户：test_register_user_1734535916.197692
2024-12-18 23:31:59 - be.model.user - WARNING - 密码错误：test_register_user_1734535916.197692
2024-12-18 23:32:00 - be.view.auth - INFO - 注销处理结果: 401
2024-12-18 23:32:00 - werkzeug - INFO - 127.0.0.1 - - [18/Dec/2024 23:32:00] "[31m[1mPOST /auth/unregister HTTP/1.1[0m" 401 -
2024-12-18 23:32:00 - be.view.auth - INFO - 收到注册请求: {'user_id': 'test_register_user_1734535920.019087', 'password': 'test_register_password_1734535920.019101'}
2024-12-18 23:32:00 - be.model.user - INFO - 尝试注册新用户：test_register_user_1734535920.019087
2024-12-18 23:32:00 - be.model.user - INFO - 加密密码...
2024-12-18 23:32:00 - be.model.user - INFO - 创建新用户...
2024-12-18 23:32:00 - be.model.user - INFO - 添加用户到数据库...
2024-12-18 23:32:01 - be.model.user - INFO - 用户注册成功：test_register_user_1734535920.019087
2024-12-18 23:32:01 - be.view.auth - INFO - 注册处理结果: 200
2024-12-18 23:32:01 - werkzeug - INFO - 127.0.0.1 - - [18/Dec/2024 23:32:01] "POST /auth/register HTTP/1.1" 200 -
2024-12-18 23:32:01 - be.view.auth - INFO - 收到注册请求: {'user_id': 'test_register_user_1734535920.019087', 'password': 'test_register_password_1734535920.019101'}
2024-12-18 23:32:01 - be.model.user - INFO - 尝试注册新用户：test_register_user_1734535920.019087
2024-12-18 23:32:01 - be.model.user - WARNING - 用户已存在：test_register_user_1734535920.019087
2024-12-18 23:32:03 - be.view.auth - INFO - 注册处理结果: 401
2024-12-18 23:32:03 - werkzeug - INFO - 127.0.0.1 - - [18/Dec/2024 23:32:03] "[31m[1mPOST /auth/register HTTP/1.1[0m" 401 -
2024-12-18 23:32:03 - be.serve - INFO - 正在关闭服务器...
2024-12-18 23:32:03 - be.serve - ERROR - 关闭服务器失败: Not running with the Werkzeug Server
2024-12-18 23:33:16 - __main__ - INFO - 
==================== 开始运行用户功能测试 ====================
2024-12-18 23:33:16 - be.model.db_config - INFO - 清理数据库...
2024-12-18 23:33:25 - be.model.db_config - INFO - 数据库清理完成
2024-12-18 23:33:25 - be.model.db_config - INFO - 已创建的表: ['books', 'order_items', 'orders', 'stores', 'users']
2024-12-18 23:33:26 - be.model.user - INFO - 创建 UserManager 实例
2024-12-18 23:33:26 - be.serve - INFO - 正在启动服务器...
2024-12-18 23:33:26 - be.serve - INFO - 创建Flask应用...
2024-12-18 23:33:26 - be.serve - INFO - 初始化数据库...
2024-12-18 23:33:26 - be.model.db_config - INFO - 清理数据库...
2024-12-18 23:33:32 - be.model.db_config - INFO - 数据库清理完成
2024-12-18 23:33:33 - be.model.db_config - INFO - 已创建的表: ['books', 'order_items', 'orders', 'stores', 'users']
2024-12-18 23:33:33 - be.model.db_config - INFO - 删除所有表...
2024-12-18 23:33:40 - be.model.db_config - INFO - 数据库初始化完成
2024-12-18 23:33:40 - be.model.db_config - INFO - 已创建的表: ['books', 'order_items', 'orders', 'stores', 'users']
2024-12-18 23:33:40 - be.serve - INFO - 数据库初始化成功
2024-12-18 23:33:40 - be.serve - INFO - 注册蓝图...
2024-12-18 23:33:40 - be.serve - INFO - 启动服务器...
2024-12-18 23:33:40 - werkzeug - INFO - [31m[1mWARNING: This is a development server. Do not use it in a production deployment. Use a production WSGI server instead.[0m
 * Running on http://127.0.0.1:5555
2024-12-18 23:33:40 - werkzeug - INFO - [33mPress CTRL+C to quit[0m
2024-12-18 23:33:40 - be.view.auth - INFO - 收到注册请求: {'user_id': 'test_register_user_1734536020.709147', 'password': 'test_register_password_1734536020.709156'}
2024-12-18 23:33:40 - be.model.user - INFO - 尝试注册新用户：test_register_user_1734536020.709147
2024-12-18 23:33:40 - be.model.user - INFO - 加密密码...
2024-12-18 23:33:40 - be.model.user - INFO - 创建新用户...
2024-12-18 23:33:40 - be.model.user - INFO - 添加用户到数据库...
2024-12-18 23:33:41 - be.model.user - INFO - 用户注册成功：test_register_user_1734536020.709147
2024-12-18 23:33:41 - be.view.auth - INFO - 注册处理结果: 200
2024-12-18 23:33:41 - werkzeug - INFO - 127.0.0.1 - - [18/Dec/2024 23:33:41] "POST /auth/register HTTP/1.1" 200 -
2024-12-18 23:33:41 - be.view.auth - INFO - 收到注册请求: {'user_id': 'test_register_user_1734536021.449367', 'password': 'test_register_password_1734536021.449375'}
2024-12-18 23:33:41 - be.model.user - INFO - 尝试注册新用户：test_register_user_1734536021.449367
2024-12-18 23:33:41 - be.model.user - INFO - 加密密码...
2024-12-18 23:33:41 - be.model.user - INFO - 创建新用户...
2024-12-18 23:33:41 - be.model.user - INFO - 添加用户到数据库...
2024-12-18 23:33:42 - be.model.user - INFO - 用户注册成功：test_register_user_1734536021.449367
2024-12-18 23:33:42 - be.view.auth - INFO - 注册处理结果: 200
2024-12-18 23:33:42 - werkzeug - INFO - 127.0.0.1 - - [18/Dec/2024 23:33:42] "POST /auth/register HTTP/1.1" 200 -
2024-12-18 23:33:42 - be.view.auth - INFO - 收到注销请求: {'user_id': 'test_register_user_1734536021.449367', 'password': 'test_register_password_1734536021.449375'}
2024-12-18 23:33:42 - be.model.user - INFO - 尝试注销用户：test_register_user_1734536021.449367
2024-12-18 23:33:42 - be.model.user - INFO - 用户注销成功：test_register_user_1734536021.449367
2024-12-18 23:33:42 - be.view.auth - INFO - 注销处理结果: 200
2024-12-18 23:33:42 - werkzeug - INFO - 127.0.0.1 - - [18/Dec/2024 23:33:42] "POST /auth/unregister HTTP/1.1" 200 -
2024-12-18 23:33:42 - be.view.auth - INFO - 收到注册请求: {'user_id': 'test_register_user_1734536022.810475', 'password': 'test_register_password_1734536022.8104792'}
2024-12-18 23:33:42 - be.model.user - INFO - 尝试注册新用户：test_register_user_1734536022.810475
2024-12-18 23:33:43 - be.model.user - INFO - 加密密码...
2024-12-18 23:33:43 - be.model.user - INFO - 创建新用户...
2024-12-18 23:33:43 - be.model.user - INFO - 添加用户到数据库...
2024-12-18 23:33:43 - be.model.user - INFO - 用户注册成功：test_register_user_1734536022.810475
2024-12-18 23:33:43 - be.view.auth - INFO - 注册处理结果: 200
2024-12-18 23:33:43 - werkzeug - INFO - 127.0.0.1 - - [18/Dec/2024 23:33:43] "POST /auth/register HTTP/1.1" 200 -
2024-12-18 23:33:43 - be.view.auth - INFO - 收到注销请求: {'user_id': 'test_register_user_1734536022.810475_x', 'password': 'test_register_password_1734536022.8104792'}
2024-12-18 23:33:43 - be.model.user - INFO - 尝试注销用户：test_register_user_1734536022.810475_x
2024-12-18 23:33:43 - be.model.user - WARNING - 用户不存在：test_register_user_1734536022.810475_x
2024-12-18 23:33:44 - be.view.auth - INFO - 注销处理结果: 401
2024-12-18 23:33:44 - werkzeug - INFO - 127.0.0.1 - - [18/Dec/2024 23:33:44] "[31m[1mPOST /auth/unregister HTTP/1.1[0m" 401 -
2024-12-18 23:33:44 - be.view.auth - INFO - 收到注销请求: {'user_id': 'test_register_user_1734536022.810475', 'password': 'test_register_password_1734536022.8104792_x'}
2024-12-18 23:33:44 - be.model.user - INFO - 尝试注销用户：test_register_user_1734536022.810475
2024-12-18 23:33:44 - be.model.user - WARNING - 密码错误：test_register_user_1734536022.810475
2024-12-18 23:33:44 - be.view.auth - INFO - 注销处理结果: 401
2024-12-18 23:33:44 - werkzeug - INFO - 127.0.0.1 - - [18/Dec/2024 23:33:44] "[31m[1mPOST /auth/unregister HTTP/1.1[0m" 401 -
2024-12-18 23:33:44 - be.view.auth - INFO - 收到注册请求: {'user_id': 'test_register_user_1734536024.430004', 'password': 'test_register_password_1734536024.4300082'}
2024-12-18 23:33:44 - be.model.user - INFO - 尝试注册新用户：test_register_user_1734536024.430004
2024-12-18 23:33:44 - be.model.user - INFO - 加密密码...
2024-12-18 23:33:44 - be.model.user - INFO - 创建新用户...
2024-12-18 23:33:44 - be.model.user - INFO - 添加用户到数据库...
2024-12-18 23:33:44 - be.model.user - INFO - 用户注册成功：test_register_user_1734536024.430004
2024-12-18 23:33:44 - be.view.auth - INFO - 注册处理结果: 200
2024-12-18 23:33:44 - werkzeug - INFO - 127.0.0.1 - - [18/Dec/2024 23:33:44] "POST /auth/register HTTP/1.1" 200 -
2024-12-18 23:33:44 - be.view.auth - INFO - 收到注册请求: {'user_id': 'test_register_user_1734536024.430004', 'password': 'test_register_password_1734536024.4300082'}
2024-12-18 23:33:44 - be.model.user - INFO - 尝试注册新用户：test_register_user_1734536024.430004
2024-12-18 23:33:45 - be.model.user - WARNING - 用户已存在：test_register_user_1734536024.430004
2024-12-18 23:33:45 - be.view.auth - INFO - 注册处理结果: 401
2024-12-18 23:33:45 - werkzeug - INFO - 127.0.0.1 - - [18/Dec/2024 23:33:45] "[31m[1mPOST /auth/register HTTP/1.1[0m" 401 -
2024-12-18 23:33:45 - be.view.auth - INFO - 收到注册请求: {'user_id': 'test_login_1734536025.221602', 'password': 'password_test_login_1734536025.221602'}
2024-12-18 23:33:45 - be.model.user - INFO - 尝试注册新用户：test_login_1734536025.221602
2024-12-18 23:33:45 - be.model.user - INFO - 加密密码...
2024-12-18 23:33:45 - be.model.user - INFO - 创建新用户...
2024-12-18 23:33:45 - be.model.user - INFO - 添加用户到数据库...
2024-12-18 23:33:45 - be.model.user - INFO - 用户注册成功：test_login_1734536025.221602
2024-12-18 23:33:45 - be.view.auth - INFO - 注册处理结果: 200
2024-12-18 23:33:45 - werkzeug - INFO - 127.0.0.1 - - [18/Dec/2024 23:33:45] "POST /auth/register HTTP/1.1" 200 -
2024-12-18 23:33:45 - be.view.auth - INFO - 收到登录请求: {'user_id': 'test_login_1734536025.221602', 'password': 'password_test_login_1734536025.221602', 'terminal': 'terminal_test_login_1734536025.221602'}
2024-12-18 23:33:45 - be.model.user - INFO - 尝试登录用户：test_login_1734536025.221602，终端：terminal_test_login_1734536025.221602
2024-12-18 23:33:45 - be.model.user - INFO - 为用户 test_login_1734536025.221602 生成新token，终端：terminal_test_login_1734536025.221602
2024-12-18 23:33:45 - be.model.user - INFO - 用户登录成功：test_login_1734536025.221602
2024-12-18 23:33:46 - be.view.auth - INFO - 登录处理结果: 200
2024-12-18 23:33:46 - werkzeug - INFO - 127.0.0.1 - - [18/Dec/2024 23:33:46] "POST /auth/login HTTP/1.1" 200 -
2024-12-18 23:33:46 - be.view.auth - INFO - 收到登出请求: {'user_id': 'test_login_1734536025.221602_x'}
2024-12-18 23:33:46 - be.model.user - INFO - 尝试登出用户：test_login_1734536025.221602_x
2024-12-18 23:33:46 - be.model.user - WARNING - token验证失败：test_login_1734536025.221602_x
2024-12-18 23:33:46 - be.model.user - WARNING - token验证失败：test_login_1734536025.221602_x
2024-12-18 23:33:46 - be.view.auth - INFO - 登出处理结果: 401
2024-12-18 23:33:46 - werkzeug - INFO - 127.0.0.1 - - [18/Dec/2024 23:33:46] "[31m[1mPOST /auth/logout HTTP/1.1[0m" 401 -
2024-12-18 23:33:46 - be.view.auth - INFO - 收到登出请求: {'user_id': 'test_login_1734536025.221602'}
2024-12-18 23:33:46 - be.model.user - INFO - 尝试登出用户：test_login_1734536025.221602
2024-12-18 23:33:46 - be.model.user - WARNING - 无效的token：eyJhbGciOiJIUzI1NiIsInR5cCI6IkpXVCJ9.eyJ1c2VyX2lkIjoidGVzdF9sb2dpbl8xNzM0NTM2MDI1LjIyMTYwMiIsInRlcm1pbmFsIjoidGVybWluYWxfdGVzdF9sb2dpbl8xNzM0NTM2MDI1LjIyMTYwMiIsImV4cCI6MTczNDUzOTYyNX0.r9WXF9TNF9mu9ORvbPAvMM0MFyAjBr8qdfpRpYzVBSg_x
2024-12-18 23:33:46 - be.model.user - WARNING - token验证失败：test_login_1734536025.221602
2024-12-18 23:33:46 - be.view.auth - INFO - 登出处理结果: 401
2024-12-18 23:33:46 - werkzeug - INFO - 127.0.0.1 - - [18/Dec/2024 23:33:46] "[31m[1mPOST /auth/logout HTTP/1.1[0m" 401 -
2024-12-18 23:33:46 - be.view.auth - INFO - 收到登出请求: {'user_id': 'test_login_1734536025.221602'}
2024-12-18 23:33:46 - be.model.user - INFO - 尝试登出用户：test_login_1734536025.221602
2024-12-18 23:33:46 - be.model.user - INFO - token验证成功：test_login_1734536025.221602
2024-12-18 23:33:46 - be.model.user - INFO - 用户登出成功：test_login_1734536025.221602
2024-12-18 23:33:46 - be.view.auth - INFO - 登出处理结果: 200
2024-12-18 23:33:46 - werkzeug - INFO - 127.0.0.1 - - [18/Dec/2024 23:33:46] "POST /auth/logout HTTP/1.1" 200 -
2024-12-18 23:33:46 - be.view.auth - INFO - 收到注册请求: {'user_id': 'test_login_1734536026.036917', 'password': 'password_test_login_1734536026.036917'}
2024-12-18 23:33:46 - be.model.user - INFO - 尝试注册新用户：test_login_1734536026.036917
2024-12-18 23:33:46 - be.model.user - INFO - 加密密码...
2024-12-18 23:33:46 - be.model.user - INFO - 创建新用户...
2024-12-18 23:33:46 - be.model.user - INFO - 添加用户到数据库...
2024-12-18 23:33:46 - be.model.user - INFO - 用户注册成功：test_login_1734536026.036917
2024-12-18 23:33:46 - be.view.auth - INFO - 注册处理结果: 200
2024-12-18 23:33:46 - werkzeug - INFO - 127.0.0.1 - - [18/Dec/2024 23:33:46] "POST /auth/register HTTP/1.1" 200 -
2024-12-18 23:33:46 - be.view.auth - INFO - 收到登录请求: {'user_id': 'test_login_1734536026.036917_x', 'password': 'password_test_login_1734536026.036917', 'terminal': 'terminal_test_login_1734536026.036917'}
2024-12-18 23:33:46 - be.model.user - INFO - 尝试登录用户：test_login_1734536026.036917_x，终端：terminal_test_login_1734536026.036917
2024-12-18 23:33:46 - be.model.user - WARNING - 用户不存在：test_login_1734536026.036917_x
2024-12-18 23:33:46 - be.view.auth - INFO - 登录处理结果: 401
2024-12-18 23:33:46 - werkzeug - INFO - 127.0.0.1 - - [18/Dec/2024 23:33:46] "[31m[1mPOST /auth/login HTTP/1.1[0m" 401 -
2024-12-18 23:33:46 - be.view.auth - INFO - 收到注册请求: {'user_id': 'test_login_1734536026.936262', 'password': 'password_test_login_1734536026.936262'}
2024-12-18 23:33:46 - be.model.user - INFO - 尝试注册新用户：test_login_1734536026.936262
2024-12-18 23:33:47 - be.model.user - INFO - 加密密码...
2024-12-18 23:33:47 - be.model.user - INFO - 创建新用户...
2024-12-18 23:33:47 - be.model.user - INFO - 添加用户到数据库...
2024-12-18 23:33:47 - be.model.user - INFO - 用户注册成功：test_login_1734536026.936262
2024-12-18 23:33:47 - be.view.auth - INFO - 注册处理结果: 200
2024-12-18 23:33:47 - werkzeug - INFO - 127.0.0.1 - - [18/Dec/2024 23:33:47] "POST /auth/register HTTP/1.1" 200 -
2024-12-18 23:33:47 - be.view.auth - INFO - 收到登录请求: {'user_id': 'test_login_1734536026.936262', 'password': 'password_test_login_1734536026.936262_x', 'terminal': 'terminal_test_login_1734536026.936262'}
2024-12-18 23:33:47 - be.model.user - INFO - 尝试登录用户：test_login_1734536026.936262，终端：terminal_test_login_1734536026.936262
2024-12-18 23:33:47 - be.model.user - WARNING - 密码错误：test_login_1734536026.936262
2024-12-18 23:33:48 - be.view.auth - INFO - 登录处理结果: 401
2024-12-18 23:33:48 - werkzeug - INFO - 127.0.0.1 - - [18/Dec/2024 23:33:48] "[31m[1mPOST /auth/login HTTP/1.1[0m" 401 -
2024-12-18 23:33:48 - be.view.auth - INFO - 收到注册请求: {'user_id': 'test_password_7996c6b6-bd55-11ef-ad14-02a6845b4b32', 'password': 'old_password_test_password_7996c6b6-bd55-11ef-ad14-02a6845b4b32'}
2024-12-18 23:33:48 - be.model.user - INFO - 尝试注册新用户：test_password_7996c6b6-bd55-11ef-ad14-02a6845b4b32
2024-12-18 23:33:48 - be.model.user - INFO - 加密密码...
2024-12-18 23:33:48 - be.model.user - INFO - 创建新用户...
2024-12-18 23:33:48 - be.model.user - INFO - 添加用户到数据库...
2024-12-18 23:33:48 - be.model.user - INFO - 用户注册成功：test_password_7996c6b6-bd55-11ef-ad14-02a6845b4b32
2024-12-18 23:33:48 - be.view.auth - INFO - 注册处理结果: 200
2024-12-18 23:33:48 - werkzeug - INFO - 127.0.0.1 - - [18/Dec/2024 23:33:48] "POST /auth/register HTTP/1.1" 200 -
2024-12-18 23:33:48 - be.view.auth - INFO - 收到修改密码请求: {'user_id': 'test_password_7996c6b6-bd55-11ef-ad14-02a6845b4b32', 'oldPassword': 'old_password_test_password_7996c6b6-bd55-11ef-ad14-02a6845b4b32', 'newPassword': 'new_password_test_password_7996c6b6-bd55-11ef-ad14-02a6845b4b32'}
2024-12-18 23:33:48 - be.model.user - INFO - 尝试修改密码：test_password_7996c6b6-bd55-11ef-ad14-02a6845b4b32
2024-12-18 23:33:49 - be.model.user - INFO - 密码修改成功：test_password_7996c6b6-bd55-11ef-ad14-02a6845b4b32
2024-12-18 23:33:49 - be.view.auth - INFO - 修改密码处理结果: 200
2024-12-18 23:33:49 - werkzeug - INFO - 127.0.0.1 - - [18/Dec/2024 23:33:49] "POST /auth/password HTTP/1.1" 200 -
2024-12-18 23:33:49 - be.view.auth - INFO - 收到登录请求: {'user_id': 'test_password_7996c6b6-bd55-11ef-ad14-02a6845b4b32', 'password': 'old_password_test_password_7996c6b6-bd55-11ef-ad14-02a6845b4b32', 'terminal': 'terminal_test_password_7996c6b6-bd55-11ef-ad14-02a6845b4b32'}
2024-12-18 23:33:49 - be.model.user - INFO - 尝试登录用户：test_password_7996c6b6-bd55-11ef-ad14-02a6845b4b32，终端：terminal_test_password_7996c6b6-bd55-11ef-ad14-02a6845b4b32
2024-12-18 23:33:49 - be.model.user - WARNING - 密码错误：test_password_7996c6b6-bd55-11ef-ad14-02a6845b4b32
2024-12-18 23:33:49 - be.view.auth - INFO - 登录处理结果: 401
2024-12-18 23:33:49 - werkzeug - INFO - 127.0.0.1 - - [18/Dec/2024 23:33:49] "[31m[1mPOST /auth/login HTTP/1.1[0m" 401 -
2024-12-18 23:33:49 - be.view.auth - INFO - 收到登录请求: {'user_id': 'test_password_7996c6b6-bd55-11ef-ad14-02a6845b4b32', 'password': 'new_password_test_password_7996c6b6-bd55-11ef-ad14-02a6845b4b32', 'terminal': 'terminal_test_password_7996c6b6-bd55-11ef-ad14-02a6845b4b32'}
2024-12-18 23:33:49 - be.model.user - INFO - 尝试登录用户：test_password_7996c6b6-bd55-11ef-ad14-02a6845b4b32，终端：terminal_test_password_7996c6b6-bd55-11ef-ad14-02a6845b4b32
2024-12-18 23:33:50 - be.model.user - INFO - 为用户 test_password_7996c6b6-bd55-11ef-ad14-02a6845b4b32 生成新token，终端：terminal_test_password_7996c6b6-bd55-11ef-ad14-02a6845b4b32
2024-12-18 23:33:50 - be.model.user - INFO - 用户登录成功：test_password_7996c6b6-bd55-11ef-ad14-02a6845b4b32
2024-12-18 23:33:50 - be.view.auth - INFO - 登录处理结果: 200
2024-12-18 23:33:50 - werkzeug - INFO - 127.0.0.1 - - [18/Dec/2024 23:33:50] "POST /auth/login HTTP/1.1" 200 -
2024-12-18 23:33:50 - be.view.auth - INFO - 收到登出请求: {'user_id': 'test_password_7996c6b6-bd55-11ef-ad14-02a6845b4b32'}
2024-12-18 23:33:50 - be.model.user - INFO - 尝试登出用户：test_password_7996c6b6-bd55-11ef-ad14-02a6845b4b32
2024-12-18 23:33:50 - be.model.user - INFO - token验证成功：test_password_7996c6b6-bd55-11ef-ad14-02a6845b4b32
2024-12-18 23:33:50 - be.model.user - INFO - 用户登出成功：test_password_7996c6b6-bd55-11ef-ad14-02a6845b4b32
2024-12-18 23:33:50 - be.view.auth - INFO - 登出处理结果: 200
2024-12-18 23:33:50 - werkzeug - INFO - 127.0.0.1 - - [18/Dec/2024 23:33:50] "POST /auth/logout HTTP/1.1" 200 -
2024-12-18 23:33:50 - be.view.auth - INFO - 收到注册请求: {'user_id': 'test_password_7ae631b4-bd55-11ef-ad14-02a6845b4b32', 'password': 'old_password_test_password_7ae631b4-bd55-11ef-ad14-02a6845b4b32'}
2024-12-18 23:33:50 - be.model.user - INFO - 尝试注册新用户：test_password_7ae631b4-bd55-11ef-ad14-02a6845b4b32
2024-12-18 23:33:50 - be.model.user - INFO - 加密密码...
2024-12-18 23:33:50 - be.model.user - INFO - 创建新用户...
2024-12-18 23:33:50 - be.model.user - INFO - 添加用户到数据库...
2024-12-18 23:33:50 - be.model.user - INFO - 用户注册成功：test_password_7ae631b4-bd55-11ef-ad14-02a6845b4b32
2024-12-18 23:33:50 - be.view.auth - INFO - 注册处理结果: 200
2024-12-18 23:33:50 - werkzeug - INFO - 127.0.0.1 - - [18/Dec/2024 23:33:50] "POST /auth/register HTTP/1.1" 200 -
2024-12-18 23:33:50 - be.view.auth - INFO - 收到修改密码请求: {'user_id': 'test_password_7ae631b4-bd55-11ef-ad14-02a6845b4b32', 'oldPassword': 'old_password_test_password_7ae631b4-bd55-11ef-ad14-02a6845b4b32_x', 'newPassword': 'new_password_test_password_7ae631b4-bd55-11ef-ad14-02a6845b4b32'}
2024-12-18 23:33:50 - be.model.user - INFO - 尝试修改密码：test_password_7ae631b4-bd55-11ef-ad14-02a6845b4b32
2024-12-18 23:33:51 - be.model.user - WARNING - 旧密码错误：test_password_7ae631b4-bd55-11ef-ad14-02a6845b4b32
2024-12-18 23:33:51 - be.view.auth - INFO - 修改密码处理结果: 401
2024-12-18 23:33:51 - werkzeug - INFO - 127.0.0.1 - - [18/Dec/2024 23:33:51] "[31m[1mPOST /auth/password HTTP/1.1[0m" 401 -
2024-12-18 23:33:51 - be.view.auth - INFO - 收到登录请求: {'user_id': 'test_password_7ae631b4-bd55-11ef-ad14-02a6845b4b32', 'password': 'new_password_test_password_7ae631b4-bd55-11ef-ad14-02a6845b4b32', 'terminal': 'terminal_test_password_7ae631b4-bd55-11ef-ad14-02a6845b4b32'}
2024-12-18 23:33:51 - be.model.user - INFO - 尝试登录用户：test_password_7ae631b4-bd55-11ef-ad14-02a6845b4b32，终端：terminal_test_password_7ae631b4-bd55-11ef-ad14-02a6845b4b32
2024-12-18 23:33:51 - be.model.user - WARNING - 密码错误：test_password_7ae631b4-bd55-11ef-ad14-02a6845b4b32
2024-12-18 23:33:51 - be.view.auth - INFO - 登录处理结果: 401
2024-12-18 23:33:51 - werkzeug - INFO - 127.0.0.1 - - [18/Dec/2024 23:33:51] "[31m[1mPOST /auth/login HTTP/1.1[0m" 401 -
2024-12-18 23:33:51 - be.view.auth - INFO - 收到注册请求: {'user_id': 'test_password_7bd6f37e-bd55-11ef-ad14-02a6845b4b32', 'password': 'old_password_test_password_7bd6f37e-bd55-11ef-ad14-02a6845b4b32'}
2024-12-18 23:33:51 - be.model.user - INFO - 尝试注册新用户：test_password_7bd6f37e-bd55-11ef-ad14-02a6845b4b32
2024-12-18 23:33:52 - be.model.user - INFO - 加密密码...
2024-12-18 23:33:52 - be.model.user - INFO - 创建新用户...
2024-12-18 23:33:52 - be.model.user - INFO - 添加用户到数据库...
2024-12-18 23:33:52 - be.model.user - INFO - 用户注册成功：test_password_7bd6f37e-bd55-11ef-ad14-02a6845b4b32
2024-12-18 23:33:52 - be.view.auth - INFO - 注册处理结果: 200
2024-12-18 23:33:52 - werkzeug - INFO - 127.0.0.1 - - [18/Dec/2024 23:33:52] "POST /auth/register HTTP/1.1" 200 -
2024-12-18 23:33:52 - be.view.auth - INFO - 收到修改密码请求: {'user_id': 'test_password_7bd6f37e-bd55-11ef-ad14-02a6845b4b32_x', 'oldPassword': 'old_password_test_password_7bd6f37e-bd55-11ef-ad14-02a6845b4b32', 'newPassword': 'new_password_test_password_7bd6f37e-bd55-11ef-ad14-02a6845b4b32'}
2024-12-18 23:33:52 - be.model.user - INFO - 尝试修改密码：test_password_7bd6f37e-bd55-11ef-ad14-02a6845b4b32_x
2024-12-18 23:33:52 - be.model.user - WARNING - 用户不存在：test_password_7bd6f37e-bd55-11ef-ad14-02a6845b4b32_x
2024-12-18 23:33:52 - be.view.auth - INFO - 修改密码处理结果: 401
2024-12-18 23:33:52 - werkzeug - INFO - 127.0.0.1 - - [18/Dec/2024 23:33:52] "[31m[1mPOST /auth/password HTTP/1.1[0m" 401 -
2024-12-18 23:33:52 - be.view.auth - INFO - 收到登录请求: {'user_id': 'test_password_7bd6f37e-bd55-11ef-ad14-02a6845b4b32', 'password': 'new_password_test_password_7bd6f37e-bd55-11ef-ad14-02a6845b4b32', 'terminal': 'terminal_test_password_7bd6f37e-bd55-11ef-ad14-02a6845b4b32'}
2024-12-18 23:33:52 - be.model.user - INFO - 尝试登录用户：test_password_7bd6f37e-bd55-11ef-ad14-02a6845b4b32，终端：terminal_test_password_7bd6f37e-bd55-11ef-ad14-02a6845b4b32
2024-12-18 23:33:53 - be.model.user - WARNING - 密码错误：test_password_7bd6f37e-bd55-11ef-ad14-02a6845b4b32
2024-12-18 23:33:53 - be.view.auth - INFO - 登录处理结果: 401
2024-12-18 23:33:53 - werkzeug - INFO - 127.0.0.1 - - [18/Dec/2024 23:33:53] "[31m[1mPOST /auth/login HTTP/1.1[0m" 401 -
2024-12-18 23:33:53 - be.view.auth - INFO - 收到注册请求: {'user_id': 'test_add_funds_7c9d2cba-bd55-11ef-ad14-02a6845b4b32', 'password': 'test_add_funds_7c9d2cba-bd55-11ef-ad14-02a6845b4b32'}
2024-12-18 23:33:53 - be.model.user - INFO - 尝试注册新用户：test_add_funds_7c9d2cba-bd55-11ef-ad14-02a6845b4b32
2024-12-18 23:33:53 - be.model.user - INFO - 加密密码...
2024-12-18 23:33:53 - be.model.user - INFO - 创建新用户...
2024-12-18 23:33:53 - be.model.user - INFO - 添加用户到数据库...
2024-12-18 23:33:53 - be.model.user - ERROR - 注册失败: (pymysql.err.DataError) (1406, "Data too long for column 'username' at row 1")
[SQL: INSERT INTO users (username, password, balance) VALUES (%(username)s, %(password)s, %(balance)s)]
[parameters: {'username': 'test_add_funds_7c9d2cba-bd55-11ef-ad14-02a6845b4b32', 'password': '$2b$04$UNvMceayHFL.GK1AX774yezRvIiRwjK9d/Fos7ImTN11KXXAbSEJa', 'balance': 0}]
(Background on this error at: https://sqlalche.me/e/20/9h9h)
2024-12-18 23:33:53 - be.view.auth - INFO - 注册处理结果: 500
2024-12-18 23:33:53 - werkzeug - INFO - 127.0.0.1 - - [18/Dec/2024 23:33:53] "[35m[1mPOST /auth/register HTTP/1.1[0m" 500 -
2024-12-18 23:33:53 - be.view.auth - INFO - 收到注册请求: {'user_id': 'test_add_funds_7ce76eba-bd55-11ef-ad14-02a6845b4b32', 'password': 'test_add_funds_7ce76eba-bd55-11ef-ad14-02a6845b4b32'}
2024-12-18 23:33:53 - be.model.user - INFO - 尝试注册新用户：test_add_funds_7ce76eba-bd55-11ef-ad14-02a6845b4b32
2024-12-18 23:33:53 - be.model.user - INFO - 加密密码...
2024-12-18 23:33:53 - be.model.user - INFO - 创建新用户...
2024-12-18 23:33:53 - be.model.user - INFO - 添加用户到数据库...
2024-12-18 23:33:54 - be.model.user - ERROR - 注册失败: (pymysql.err.DataError) (1406, "Data too long for column 'username' at row 1")
[SQL: INSERT INTO users (username, password, balance) VALUES (%(username)s, %(password)s, %(balance)s)]
[parameters: {'username': 'test_add_funds_7ce76eba-bd55-11ef-ad14-02a6845b4b32', 'password': '$2b$04$UNvMceayHFL.GK1AX774yeefknqU9dTSf8fQFpwJbO2yxQnq0IxIW', 'balance': 0}]
(Background on this error at: https://sqlalche.me/e/20/9h9h)
2024-12-18 23:33:54 - be.view.auth - INFO - 注册处理结果: 500
2024-12-18 23:33:54 - werkzeug - INFO - 127.0.0.1 - - [18/Dec/2024 23:33:54] "[35m[1mPOST /auth/register HTTP/1.1[0m" 500 -
2024-12-18 23:33:54 - be.view.auth - INFO - 收到注册请求: {'user_id': 'test_add_funds_7d27dff4-bd55-11ef-ad14-02a6845b4b32', 'password': 'test_add_funds_7d27dff4-bd55-11ef-ad14-02a6845b4b32'}
2024-12-18 23:33:54 - be.model.user - INFO - 尝试注册新用户：test_add_funds_7d27dff4-bd55-11ef-ad14-02a6845b4b32
2024-12-18 23:33:54 - be.model.user - INFO - 加密密码...
2024-12-18 23:33:54 - be.model.user - INFO - 创建新用户...
2024-12-18 23:33:54 - be.model.user - INFO - 添加用户到数据库...
2024-12-18 23:33:54 - be.model.user - ERROR - 注册失败: (pymysql.err.DataError) (1406, "Data too long for column 'username' at row 1")
[SQL: INSERT INTO users (username, password, balance) VALUES (%(username)s, %(password)s, %(balance)s)]
[parameters: {'username': 'test_add_funds_7d27dff4-bd55-11ef-ad14-02a6845b4b32', 'password': '$2b$04$UNvMceayHFL.GK1AX774yeuXPl1a3ZTBSBqjfMiMpWQaWPNaqignK', 'balance': 0}]
(Background on this error at: https://sqlalche.me/e/20/9h9h)
2024-12-18 23:33:54 - be.view.auth - INFO - 注册处理结果: 500
2024-12-18 23:33:54 - werkzeug - INFO - 127.0.0.1 - - [18/Dec/2024 23:33:54] "[35m[1mPOST /auth/register HTTP/1.1[0m" 500 -
2024-12-18 23:33:54 - be.serve - INFO - 正在关闭服务器...
2024-12-18 23:33:54 - be.serve - ERROR - 关闭服务器失败: Not running with the Werkzeug Server
2024-12-18 23:35:29 - __main__ - INFO - 
==================== 开始运行用户功能测试 ====================
2024-12-18 23:35:29 - be.model.db_config - INFO - 清理数据库...
2024-12-18 23:35:35 - be.model.db_config - INFO - 数据库清理完成
2024-12-18 23:35:35 - be.model.db_config - INFO - 已创建的表: ['books', 'order_items', 'orders', 'stores', 'users']
2024-12-18 23:35:35 - be.model.user - INFO - 创建 UserManager 实例
2024-12-18 23:35:35 - be.serve - INFO - 正在启动服务器...
2024-12-18 23:35:35 - be.serve - INFO - 创建Flask应用...
2024-12-18 23:35:35 - be.serve - INFO - 初始化数据库...
2024-12-18 23:35:35 - be.model.db_config - INFO - 清理数据库...
2024-12-18 23:35:40 - be.model.db_config - INFO - 数据库清理完成
2024-12-18 23:35:41 - be.model.db_config - INFO - 已创建的表: ['books', 'order_items', 'orders', 'stores', 'users']
2024-12-18 23:35:41 - be.model.db_config - INFO - 删除所有表...
2024-12-18 23:35:46 - be.model.db_config - INFO - 数据库初始化完成
2024-12-18 23:35:46 - be.model.db_config - INFO - 已创建的表: ['books', 'order_items', 'orders', 'stores', 'users']
2024-12-18 23:35:46 - be.serve - INFO - 数据库初始化成功
2024-12-18 23:35:46 - be.serve - INFO - 注册蓝图...
2024-12-18 23:35:46 - be.serve - INFO - 启动服务器...
2024-12-18 23:35:46 - werkzeug - INFO - [31m[1mWARNING: This is a development server. Do not use it in a production deployment. Use a production WSGI server instead.[0m
 * Running on http://127.0.0.1:5555
2024-12-18 23:35:46 - werkzeug - INFO - [33mPress CTRL+C to quit[0m
2024-12-18 23:35:46 - be.view.auth - INFO - 收到注册请求: {'user_id': 'test_register_user_1734536146.636389', 'password': 'test_register_password_1734536146.636395'}
2024-12-18 23:35:46 - be.model.user - INFO - 尝试注册新用户：test_register_user_1734536146.636389
2024-12-18 23:35:46 - be.model.user - INFO - 加密密码...
2024-12-18 23:35:46 - be.model.user - INFO - 创建新用户...
2024-12-18 23:35:46 - be.model.user - INFO - 添加用户到数据库...
2024-12-18 23:35:47 - be.model.user - INFO - 用户注册成功：test_register_user_1734536146.636389
2024-12-18 23:35:47 - be.view.auth - INFO - 注册处理结果: 200
2024-12-18 23:35:47 - werkzeug - INFO - 127.0.0.1 - - [18/Dec/2024 23:35:47] "POST /auth/register HTTP/1.1" 200 -
2024-12-18 23:35:47 - be.view.auth - INFO - 收到注册请求: {'user_id': 'test_register_user_1734536147.204545', 'password': 'test_register_password_1734536147.204554'}
2024-12-18 23:35:47 - be.model.user - INFO - 尝试注册新用户：test_register_user_1734536147.204545
2024-12-18 23:35:47 - be.model.user - INFO - 加密密码...
2024-12-18 23:35:47 - be.model.user - INFO - 创建新用户...
2024-12-18 23:35:47 - be.model.user - INFO - 添加用户到数据库...
2024-12-18 23:35:47 - be.model.user - INFO - 用户注册成功：test_register_user_1734536147.204545
2024-12-18 23:35:47 - be.view.auth - INFO - 注册处理结果: 200
2024-12-18 23:35:47 - werkzeug - INFO - 127.0.0.1 - - [18/Dec/2024 23:35:47] "POST /auth/register HTTP/1.1" 200 -
2024-12-18 23:35:47 - be.view.auth - INFO - 收到注销请求: {'user_id': 'test_register_user_1734536147.204545', 'password': 'test_register_password_1734536147.204554'}
2024-12-18 23:35:47 - be.model.user - INFO - 尝试注销用户：test_register_user_1734536147.204545
2024-12-18 23:35:48 - be.model.user - INFO - 用户注销成功：test_register_user_1734536147.204545
2024-12-18 23:35:48 - be.view.auth - INFO - 注销处理结果: 200
2024-12-18 23:35:48 - werkzeug - INFO - 127.0.0.1 - - [18/Dec/2024 23:35:48] "POST /auth/unregister HTTP/1.1" 200 -
2024-12-18 23:35:48 - be.view.auth - INFO - 收到注册请求: {'user_id': 'test_register_user_1734536148.544984', 'password': 'test_register_password_1734536148.544992'}
2024-12-18 23:35:48 - be.model.user - INFO - 尝试注册新用户：test_register_user_1734536148.544984
2024-12-18 23:35:48 - be.model.user - INFO - 加密密码...
2024-12-18 23:35:48 - be.model.user - INFO - 创建新用户...
2024-12-18 23:35:48 - be.model.user - INFO - 添加用户到数据库...
2024-12-18 23:35:49 - be.model.user - INFO - 用户注册成功：test_register_user_1734536148.544984
2024-12-18 23:35:49 - be.view.auth - INFO - 注册处理结果: 200
2024-12-18 23:35:49 - werkzeug - INFO - 127.0.0.1 - - [18/Dec/2024 23:35:49] "POST /auth/register HTTP/1.1" 200 -
2024-12-18 23:35:49 - be.view.auth - INFO - 收到注销请求: {'user_id': 'test_register_user_1734536148.544984_x', 'password': 'test_register_password_1734536148.544992'}
2024-12-18 23:35:49 - be.model.user - INFO - 尝试注销用户：test_register_user_1734536148.544984_x
2024-12-18 23:35:49 - be.model.user - WARNING - 用户不存在：test_register_user_1734536148.544984_x
2024-12-18 23:35:49 - be.view.auth - INFO - 注销处理结果: 401
2024-12-18 23:35:49 - werkzeug - INFO - 127.0.0.1 - - [18/Dec/2024 23:35:49] "[31m[1mPOST /auth/unregister HTTP/1.1[0m" 401 -
2024-12-18 23:35:49 - be.view.auth - INFO - 收到注销请求: {'user_id': 'test_register_user_1734536148.544984', 'password': 'test_register_password_1734536148.544992_x'}
2024-12-18 23:35:49 - be.model.user - INFO - 尝试注销用户：test_register_user_1734536148.544984
2024-12-18 23:35:49 - be.model.user - WARNING - 密码错误：test_register_user_1734536148.544984
2024-12-18 23:35:49 - be.view.auth - INFO - 注销处理结果: 401
2024-12-18 23:35:49 - werkzeug - INFO - 127.0.0.1 - - [18/Dec/2024 23:35:49] "[31m[1mPOST /auth/unregister HTTP/1.1[0m" 401 -
2024-12-18 23:35:49 - be.view.auth - INFO - 收到注册请求: {'user_id': 'test_register_user_1734536149.9516501', 'password': 'test_register_password_1734536149.951665'}
2024-12-18 23:35:49 - be.model.user - INFO - 尝试注册新用户：test_register_user_1734536149.9516501
2024-12-18 23:35:50 - be.model.user - INFO - 加密密码...
2024-12-18 23:35:50 - be.model.user - INFO - 创建新用户...
2024-12-18 23:35:50 - be.model.user - INFO - 添加用户到数据库...
2024-12-18 23:35:50 - be.model.user - INFO - 用户注册成功：test_register_user_1734536149.9516501
2024-12-18 23:35:50 - be.view.auth - INFO - 注册处理结果: 200
2024-12-18 23:35:50 - werkzeug - INFO - 127.0.0.1 - - [18/Dec/2024 23:35:50] "POST /auth/register HTTP/1.1" 200 -
2024-12-18 23:35:50 - be.view.auth - INFO - 收到注册请求: {'user_id': 'test_register_user_1734536149.9516501', 'password': 'test_register_password_1734536149.951665'}
2024-12-18 23:35:50 - be.model.user - INFO - 尝试注册新用户：test_register_user_1734536149.9516501
2024-12-18 23:35:51 - be.model.user - WARNING - 用户已存在：test_register_user_1734536149.9516501
2024-12-18 23:35:51 - be.view.auth - INFO - 注册处理结果: 401
2024-12-18 23:35:51 - werkzeug - INFO - 127.0.0.1 - - [18/Dec/2024 23:35:51] "[31m[1mPOST /auth/register HTTP/1.1[0m" 401 -
2024-12-18 23:35:51 - be.view.auth - INFO - 收到注册请求: {'user_id': 'test_login_1734536151.272776', 'password': 'password_test_login_1734536151.272776'}
2024-12-18 23:35:51 - be.model.user - INFO - 尝试注册新用户：test_login_1734536151.272776
2024-12-18 23:35:51 - be.model.user - INFO - 加密密码...
2024-12-18 23:35:51 - be.model.user - INFO - 创建新用户...
2024-12-18 23:35:51 - be.model.user - INFO - 添加用户到数据库...
2024-12-18 23:35:51 - be.model.user - INFO - 用户注册成功：test_login_1734536151.272776
2024-12-18 23:35:51 - be.view.auth - INFO - 注册处理结果: 200
2024-12-18 23:35:51 - werkzeug - INFO - 127.0.0.1 - - [18/Dec/2024 23:35:51] "POST /auth/register HTTP/1.1" 200 -
2024-12-18 23:35:51 - be.view.auth - INFO - 收到登录请求: {'user_id': 'test_login_1734536151.272776', 'password': 'password_test_login_1734536151.272776', 'terminal': 'terminal_test_login_1734536151.272776'}
2024-12-18 23:35:51 - be.model.user - INFO - 尝试登录用户：test_login_1734536151.272776，终端：terminal_test_login_1734536151.272776
2024-12-18 23:35:51 - be.model.user - INFO - 为用户 test_login_1734536151.272776 生成新token，终端：terminal_test_login_1734536151.272776
2024-12-18 23:35:51 - be.model.user - INFO - 用户登录成功：test_login_1734536151.272776
2024-12-18 23:35:52 - be.view.auth - INFO - 登录处理结果: 200
2024-12-18 23:35:52 - werkzeug - INFO - 127.0.0.1 - - [18/Dec/2024 23:35:52] "POST /auth/login HTTP/1.1" 200 -
2024-12-18 23:35:52 - be.view.auth - INFO - 收到登出请求: {'user_id': 'test_login_1734536151.272776_x'}
2024-12-18 23:35:52 - be.model.user - INFO - 尝试登出用户：test_login_1734536151.272776_x
2024-12-18 23:35:52 - be.model.user - WARNING - token验证失败：test_login_1734536151.272776_x
2024-12-18 23:35:52 - be.model.user - WARNING - token验证失败：test_login_1734536151.272776_x
2024-12-18 23:35:52 - be.view.auth - INFO - 登出处理结果: 401
2024-12-18 23:35:52 - werkzeug - INFO - 127.0.0.1 - - [18/Dec/2024 23:35:52] "[31m[1mPOST /auth/logout HTTP/1.1[0m" 401 -
2024-12-18 23:35:52 - be.view.auth - INFO - 收到登出请求: {'user_id': 'test_login_1734536151.272776'}
2024-12-18 23:35:52 - be.model.user - INFO - 尝试登出用户：test_login_1734536151.272776
2024-12-18 23:35:52 - be.model.user - WARNING - 无效的token：eyJhbGciOiJIUzI1NiIsInR5cCI6IkpXVCJ9.eyJ1c2VyX2lkIjoidGVzdF9sb2dpbl8xNzM0NTM2MTUxLjI3Mjc3NiIsInRlcm1pbmFsIjoidGVybWluYWxfdGVzdF9sb2dpbl8xNzM0NTM2MTUxLjI3Mjc3NiIsImV4cCI6MTczNDUzOTc1MX0.4t-hCxw_sFw1h-7agcKWpymPIhMRddgkI__pjdr2MfA_x
2024-12-18 23:35:52 - be.model.user - WARNING - token验证失败：test_login_1734536151.272776
2024-12-18 23:35:52 - be.view.auth - INFO - 登出处理结果: 401
2024-12-18 23:35:52 - werkzeug - INFO - 127.0.0.1 - - [18/Dec/2024 23:35:52] "[31m[1mPOST /auth/logout HTTP/1.1[0m" 401 -
2024-12-18 23:35:52 - be.view.auth - INFO - 收到登出请求: {'user_id': 'test_login_1734536151.272776'}
2024-12-18 23:35:52 - be.model.user - INFO - 尝试登出用户：test_login_1734536151.272776
2024-12-18 23:35:52 - be.model.user - INFO - token验证成功：test_login_1734536151.272776
2024-12-18 23:35:52 - be.model.user - INFO - 用户登出成功：test_login_1734536151.272776
2024-12-18 23:35:52 - be.view.auth - INFO - 登出处理结果: 200
2024-12-18 23:35:52 - werkzeug - INFO - 127.0.0.1 - - [18/Dec/2024 23:35:52] "POST /auth/logout HTTP/1.1" 200 -
2024-12-18 23:35:52 - be.view.auth - INFO - 收到注册请求: {'user_id': 'test_login_1734536152.170069', 'password': 'password_test_login_1734536152.170069'}
2024-12-18 23:35:52 - be.model.user - INFO - 尝试注册新用户：test_login_1734536152.170069
2024-12-18 23:35:52 - be.model.user - INFO - 加密密码...
2024-12-18 23:35:52 - be.model.user - INFO - 创建新用户...
2024-12-18 23:35:52 - be.model.user - INFO - 添加用户到数据库...
2024-12-18 23:35:52 - be.model.user - INFO - 用户注册成功：test_login_1734536152.170069
2024-12-18 23:35:52 - be.view.auth - INFO - 注册处理结果: 200
2024-12-18 23:35:52 - werkzeug - INFO - 127.0.0.1 - - [18/Dec/2024 23:35:52] "POST /auth/register HTTP/1.1" 200 -
2024-12-18 23:35:52 - be.view.auth - INFO - 收到登录请求: {'user_id': 'test_login_1734536152.170069_x', 'password': 'password_test_login_1734536152.170069', 'terminal': 'terminal_test_login_1734536152.170069'}
2024-12-18 23:35:52 - be.model.user - INFO - 尝试登录用户：test_login_1734536152.170069_x，终端：terminal_test_login_1734536152.170069
2024-12-18 23:35:52 - be.model.user - WARNING - 用户不存在：test_login_1734536152.170069_x
2024-12-18 23:35:53 - be.view.auth - INFO - 登录处理结果: 401
2024-12-18 23:35:53 - werkzeug - INFO - 127.0.0.1 - - [18/Dec/2024 23:35:53] "[31m[1mPOST /auth/login HTTP/1.1[0m" 401 -
2024-12-18 23:35:53 - be.view.auth - INFO - 收到注册请求: {'user_id': 'test_login_1734536153.155298', 'password': 'password_test_login_1734536153.155298'}
2024-12-18 23:35:53 - be.model.user - INFO - 尝试注册新用户：test_login_1734536153.155298
2024-12-18 23:35:53 - be.model.user - INFO - 加密密码...
2024-12-18 23:35:53 - be.model.user - INFO - 创建新用户...
2024-12-18 23:35:53 - be.model.user - INFO - 添加用户到数据库...
2024-12-18 23:35:53 - be.model.user - INFO - 用户注册成功：test_login_1734536153.155298
2024-12-18 23:35:53 - be.view.auth - INFO - 注册处理结果: 200
2024-12-18 23:35:53 - werkzeug - INFO - 127.0.0.1 - - [18/Dec/2024 23:35:53] "POST /auth/register HTTP/1.1" 200 -
2024-12-18 23:35:53 - be.view.auth - INFO - 收到登录请求: {'user_id': 'test_login_1734536153.155298', 'password': 'password_test_login_1734536153.155298_x', 'terminal': 'terminal_test_login_1734536153.155298'}
2024-12-18 23:35:53 - be.model.user - INFO - 尝试登录用户：test_login_1734536153.155298，终端：terminal_test_login_1734536153.155298
2024-12-18 23:35:53 - be.model.user - WARNING - 密码错误：test_login_1734536153.155298
2024-12-18 23:35:54 - be.view.auth - INFO - 登录处理结果: 401
2024-12-18 23:35:54 - werkzeug - INFO - 127.0.0.1 - - [18/Dec/2024 23:35:54] "[31m[1mPOST /auth/login HTTP/1.1[0m" 401 -
2024-12-18 23:35:54 - be.view.auth - INFO - 收到注册请求: {'user_id': 'test_password_c4a7ac88-bd55-11ef-8ace-02a6845b4b32', 'password': 'old_password_test_password_c4a7ac88-bd55-11ef-8ace-02a6845b4b32'}
2024-12-18 23:35:54 - be.model.user - INFO - 尝试注册新用户：test_password_c4a7ac88-bd55-11ef-8ace-02a6845b4b32
2024-12-18 23:35:54 - be.model.user - INFO - 加密密码...
2024-12-18 23:35:54 - be.model.user - INFO - 创建新用户...
2024-12-18 23:35:54 - be.model.user - INFO - 添加用户到数据库...
2024-12-18 23:35:54 - be.model.user - INFO - 用户注册成功：test_password_c4a7ac88-bd55-11ef-8ace-02a6845b4b32
2024-12-18 23:35:54 - be.view.auth - INFO - 注册处理结果: 200
2024-12-18 23:35:54 - werkzeug - INFO - 127.0.0.1 - - [18/Dec/2024 23:35:54] "POST /auth/register HTTP/1.1" 200 -
2024-12-18 23:35:54 - be.view.auth - INFO - 收到修改密码请求: {'user_id': 'test_password_c4a7ac88-bd55-11ef-8ace-02a6845b4b32', 'oldPassword': 'old_password_test_password_c4a7ac88-bd55-11ef-8ace-02a6845b4b32', 'newPassword': 'new_password_test_password_c4a7ac88-bd55-11ef-8ace-02a6845b4b32'}
2024-12-18 23:35:54 - be.model.user - INFO - 尝试修改密码：test_password_c4a7ac88-bd55-11ef-8ace-02a6845b4b32
2024-12-18 23:35:55 - be.model.user - INFO - 密码修改成功：test_password_c4a7ac88-bd55-11ef-8ace-02a6845b4b32
2024-12-18 23:35:55 - be.view.auth - INFO - 修改密码处理结果: 200
2024-12-18 23:35:55 - werkzeug - INFO - 127.0.0.1 - - [18/Dec/2024 23:35:55] "POST /auth/password HTTP/1.1" 200 -
2024-12-18 23:35:55 - be.view.auth - INFO - 收到登录请求: {'user_id': 'test_password_c4a7ac88-bd55-11ef-8ace-02a6845b4b32', 'password': 'old_password_test_password_c4a7ac88-bd55-11ef-8ace-02a6845b4b32', 'terminal': 'terminal_test_password_c4a7ac88-bd55-11ef-8ace-02a6845b4b32'}
2024-12-18 23:35:55 - be.model.user - INFO - 尝试登录用户：test_password_c4a7ac88-bd55-11ef-8ace-02a6845b4b32，终端：terminal_test_password_c4a7ac88-bd55-11ef-8ace-02a6845b4b32
2024-12-18 23:35:55 - be.model.user - WARNING - 密码错误：test_password_c4a7ac88-bd55-11ef-8ace-02a6845b4b32
2024-12-18 23:35:55 - be.view.auth - INFO - 登录处理结果: 401
2024-12-18 23:35:55 - werkzeug - INFO - 127.0.0.1 - - [18/Dec/2024 23:35:55] "[31m[1mPOST /auth/login HTTP/1.1[0m" 401 -
2024-12-18 23:35:55 - be.view.auth - INFO - 收到登录请求: {'user_id': 'test_password_c4a7ac88-bd55-11ef-8ace-02a6845b4b32', 'password': 'new_password_test_password_c4a7ac88-bd55-11ef-8ace-02a6845b4b32', 'terminal': 'terminal_test_password_c4a7ac88-bd55-11ef-8ace-02a6845b4b32'}
2024-12-18 23:35:55 - be.model.user - INFO - 尝试登录用户：test_password_c4a7ac88-bd55-11ef-8ace-02a6845b4b32，终端：terminal_test_password_c4a7ac88-bd55-11ef-8ace-02a6845b4b32
2024-12-18 23:35:55 - be.model.user - INFO - 为用户 test_password_c4a7ac88-bd55-11ef-8ace-02a6845b4b32 生成新token，终端：terminal_test_password_c4a7ac88-bd55-11ef-8ace-02a6845b4b32
2024-12-18 23:35:55 - be.model.user - INFO - 用户登录成功：test_password_c4a7ac88-bd55-11ef-8ace-02a6845b4b32
2024-12-18 23:35:55 - be.view.auth - INFO - 登录处理结果: 200
2024-12-18 23:35:55 - werkzeug - INFO - 127.0.0.1 - - [18/Dec/2024 23:35:55] "POST /auth/login HTTP/1.1" 200 -
2024-12-18 23:35:55 - be.view.auth - INFO - 收到登出请求: {'user_id': 'test_password_c4a7ac88-bd55-11ef-8ace-02a6845b4b32'}
2024-12-18 23:35:55 - be.model.user - INFO - 尝试登出用户：test_password_c4a7ac88-bd55-11ef-8ace-02a6845b4b32
2024-12-18 23:35:55 - be.model.user - INFO - token验证成功：test_password_c4a7ac88-bd55-11ef-8ace-02a6845b4b32
2024-12-18 23:35:55 - be.model.user - INFO - 用户登出成功：test_password_c4a7ac88-bd55-11ef-8ace-02a6845b4b32
2024-12-18 23:35:55 - be.view.auth - INFO - 登出处理结果: 200
2024-12-18 23:35:55 - werkzeug - INFO - 127.0.0.1 - - [18/Dec/2024 23:35:55] "POST /auth/logout HTTP/1.1" 200 -
2024-12-18 23:35:55 - be.view.auth - INFO - 收到注册请求: {'user_id': 'test_password_c5c9a922-bd55-11ef-8ace-02a6845b4b32', 'password': 'old_password_test_password_c5c9a922-bd55-11ef-8ace-02a6845b4b32'}
2024-12-18 23:35:55 - be.model.user - INFO - 尝试注册新用户：test_password_c5c9a922-bd55-11ef-8ace-02a6845b4b32
2024-12-18 23:35:56 - be.model.user - INFO - 加密密码...
2024-12-18 23:35:56 - be.model.user - INFO - 创建新用户...
2024-12-18 23:35:56 - be.model.user - INFO - 添加用户到数据库...
2024-12-18 23:35:56 - be.model.user - INFO - 用户注册成功：test_password_c5c9a922-bd55-11ef-8ace-02a6845b4b32
2024-12-18 23:35:56 - be.view.auth - INFO - 注册处理结果: 200
2024-12-18 23:35:56 - werkzeug - INFO - 127.0.0.1 - - [18/Dec/2024 23:35:56] "POST /auth/register HTTP/1.1" 200 -
2024-12-18 23:35:56 - be.view.auth - INFO - 收到修改密码请求: {'user_id': 'test_password_c5c9a922-bd55-11ef-8ace-02a6845b4b32', 'oldPassword': 'old_password_test_password_c5c9a922-bd55-11ef-8ace-02a6845b4b32_x', 'newPassword': 'new_password_test_password_c5c9a922-bd55-11ef-8ace-02a6845b4b32'}
2024-12-18 23:35:56 - be.model.user - INFO - 尝试修改密码：test_password_c5c9a922-bd55-11ef-8ace-02a6845b4b32
2024-12-18 23:35:56 - be.model.user - WARNING - 旧密码错误：test_password_c5c9a922-bd55-11ef-8ace-02a6845b4b32
2024-12-18 23:35:56 - be.view.auth - INFO - 修改密码处理结果: 401
2024-12-18 23:35:56 - werkzeug - INFO - 127.0.0.1 - - [18/Dec/2024 23:35:56] "[31m[1mPOST /auth/password HTTP/1.1[0m" 401 -
2024-12-18 23:35:56 - be.view.auth - INFO - 收到登录请求: {'user_id': 'test_password_c5c9a922-bd55-11ef-8ace-02a6845b4b32', 'password': 'new_password_test_password_c5c9a922-bd55-11ef-8ace-02a6845b4b32', 'terminal': 'terminal_test_password_c5c9a922-bd55-11ef-8ace-02a6845b4b32'}
2024-12-18 23:35:56 - be.model.user - INFO - 尝试登录用户：test_password_c5c9a922-bd55-11ef-8ace-02a6845b4b32，终端：terminal_test_password_c5c9a922-bd55-11ef-8ace-02a6845b4b32
2024-12-18 23:35:57 - be.model.user - WARNING - 密码错误：test_password_c5c9a922-bd55-11ef-8ace-02a6845b4b32
2024-12-18 23:35:57 - be.view.auth - INFO - 登录处理结果: 401
2024-12-18 23:35:57 - werkzeug - INFO - 127.0.0.1 - - [18/Dec/2024 23:35:57] "[31m[1mPOST /auth/login HTTP/1.1[0m" 401 -
2024-12-18 23:35:57 - be.view.auth - INFO - 收到注册请求: {'user_id': 'test_password_c69782e8-bd55-11ef-8ace-02a6845b4b32', 'password': 'old_password_test_password_c69782e8-bd55-11ef-8ace-02a6845b4b32'}
2024-12-18 23:35:57 - be.model.user - INFO - 尝试注册新用户：test_password_c69782e8-bd55-11ef-8ace-02a6845b4b32
2024-12-18 23:35:57 - be.model.user - INFO - 加密密码...
2024-12-18 23:35:57 - be.model.user - INFO - 创建新用户...
2024-12-18 23:35:57 - be.model.user - INFO - 添加用户到数据库...
2024-12-18 23:35:57 - be.model.user - INFO - 用户注册成功：test_password_c69782e8-bd55-11ef-8ace-02a6845b4b32
2024-12-18 23:35:57 - be.view.auth - INFO - 注册处理结果: 200
2024-12-18 23:35:57 - werkzeug - INFO - 127.0.0.1 - - [18/Dec/2024 23:35:57] "POST /auth/register HTTP/1.1" 200 -
2024-12-18 23:35:57 - be.view.auth - INFO - 收到修改密码请求: {'user_id': 'test_password_c69782e8-bd55-11ef-8ace-02a6845b4b32_x', 'oldPassword': 'old_password_test_password_c69782e8-bd55-11ef-8ace-02a6845b4b32', 'newPassword': 'new_password_test_password_c69782e8-bd55-11ef-8ace-02a6845b4b32'}
2024-12-18 23:35:57 - be.model.user - INFO - 尝试修改密码：test_password_c69782e8-bd55-11ef-8ace-02a6845b4b32_x
2024-12-18 23:35:58 - be.model.user - WARNING - 用户不存在：test_password_c69782e8-bd55-11ef-8ace-02a6845b4b32_x
2024-12-18 23:35:58 - be.view.auth - INFO - 修改密码处理结果: 401
2024-12-18 23:35:58 - werkzeug - INFO - 127.0.0.1 - - [18/Dec/2024 23:35:58] "[31m[1mPOST /auth/password HTTP/1.1[0m" 401 -
2024-12-18 23:35:58 - be.view.auth - INFO - 收到登录请求: {'user_id': 'test_password_c69782e8-bd55-11ef-8ace-02a6845b4b32', 'password': 'new_password_test_password_c69782e8-bd55-11ef-8ace-02a6845b4b32', 'terminal': 'terminal_test_password_c69782e8-bd55-11ef-8ace-02a6845b4b32'}
2024-12-18 23:35:58 - be.model.user - INFO - 尝试登录用户：test_password_c69782e8-bd55-11ef-8ace-02a6845b4b32，终端：terminal_test_password_c69782e8-bd55-11ef-8ace-02a6845b4b32
2024-12-18 23:35:58 - be.model.user - WARNING - 密码错误：test_password_c69782e8-bd55-11ef-8ace-02a6845b4b32
2024-12-18 23:35:58 - be.view.auth - INFO - 登录处理结果: 401
2024-12-18 23:35:58 - werkzeug - INFO - 127.0.0.1 - - [18/Dec/2024 23:35:58] "[31m[1mPOST /auth/login HTTP/1.1[0m" 401 -
2024-12-18 23:35:58 - be.view.auth - INFO - 收到注册请求: {'user_id': 'test_add_funds_c76921f4-bd55-11ef-8ace-02a6845b4b32', 'password': 'test_add_funds_c76921f4-bd55-11ef-8ace-02a6845b4b32'}
2024-12-18 23:35:58 - be.model.user - INFO - 尝试注册新用户：test_add_funds_c76921f4-bd55-11ef-8ace-02a6845b4b32
2024-12-18 23:35:58 - be.model.user - INFO - 加密密码...
2024-12-18 23:35:58 - be.model.user - INFO - 创建新用户...
2024-12-18 23:35:58 - be.model.user - INFO - 添加用户到数据库...
2024-12-18 23:35:59 - be.model.user - INFO - 用户注册成功：test_add_funds_c76921f4-bd55-11ef-8ace-02a6845b4b32
2024-12-18 23:35:59 - be.view.auth - INFO - 注册处理结果: 200
2024-12-18 23:35:59 - werkzeug - INFO - 127.0.0.1 - - [18/Dec/2024 23:35:59] "POST /auth/register HTTP/1.1" 200 -
2024-12-18 23:35:59 - be.view.auth - INFO - 收到登录请求: {'user_id': 'test_add_funds_c76921f4-bd55-11ef-8ace-02a6845b4b32', 'password': 'test_add_funds_c76921f4-bd55-11ef-8ace-02a6845b4b32', 'terminal': 'my terminal'}
2024-12-18 23:35:59 - be.model.user - INFO - 尝试登录用户：test_add_funds_c76921f4-bd55-11ef-8ace-02a6845b4b32，终端：my terminal
2024-12-18 23:35:59 - be.model.user - INFO - 为用户 test_add_funds_c76921f4-bd55-11ef-8ace-02a6845b4b32 生成新token，终端：my terminal
2024-12-18 23:35:59 - be.model.user - INFO - 用户登录成功：test_add_funds_c76921f4-bd55-11ef-8ace-02a6845b4b32
2024-12-18 23:35:59 - be.view.auth - INFO - 登录处理结果: 200
2024-12-18 23:35:59 - werkzeug - INFO - 127.0.0.1 - - [18/Dec/2024 23:35:59] "POST /auth/login HTTP/1.1" 200 -
2024-12-18 23:36:00 - werkzeug - INFO - 127.0.0.1 - - [18/Dec/2024 23:36:00] "POST /buyer/add_funds HTTP/1.1" 200 -
2024-12-18 23:36:00 - werkzeug - INFO - 127.0.0.1 - - [18/Dec/2024 23:36:00] "POST /buyer/add_funds HTTP/1.1" 200 -
2024-12-18 23:36:00 - be.view.auth - INFO - 收到注册请求: {'user_id': 'test_add_funds_c8852d44-bd55-11ef-8ace-02a6845b4b32', 'password': 'test_add_funds_c8852d44-bd55-11ef-8ace-02a6845b4b32'}
2024-12-18 23:36:00 - be.model.user - INFO - 尝试注册新用户：test_add_funds_c8852d44-bd55-11ef-8ace-02a6845b4b32
2024-12-18 23:36:00 - be.model.user - INFO - 加密密码...
2024-12-18 23:36:00 - be.model.user - INFO - 创建新用户...
2024-12-18 23:36:00 - be.model.user - INFO - 添加用户到数据库...
2024-12-18 23:36:01 - be.model.user - INFO - 用户注册成功：test_add_funds_c8852d44-bd55-11ef-8ace-02a6845b4b32
2024-12-18 23:36:01 - be.view.auth - INFO - 注册处理结果: 200
2024-12-18 23:36:01 - werkzeug - INFO - 127.0.0.1 - - [18/Dec/2024 23:36:01] "POST /auth/register HTTP/1.1" 200 -
2024-12-18 23:36:01 - be.view.auth - INFO - 收到登录请求: {'user_id': 'test_add_funds_c8852d44-bd55-11ef-8ace-02a6845b4b32', 'password': 'test_add_funds_c8852d44-bd55-11ef-8ace-02a6845b4b32', 'terminal': 'my terminal'}
2024-12-18 23:36:01 - be.model.user - INFO - 尝试登录用户：test_add_funds_c8852d44-bd55-11ef-8ace-02a6845b4b32，终端：my terminal
2024-12-18 23:36:01 - be.model.user - INFO - 为用户 test_add_funds_c8852d44-bd55-11ef-8ace-02a6845b4b32 生成新token，终端：my terminal
2024-12-18 23:36:01 - be.model.user - INFO - 用户登录成功：test_add_funds_c8852d44-bd55-11ef-8ace-02a6845b4b32
2024-12-18 23:36:01 - be.view.auth - INFO - 登录处理结果: 200
2024-12-18 23:36:01 - werkzeug - INFO - 127.0.0.1 - - [18/Dec/2024 23:36:01] "POST /auth/login HTTP/1.1" 200 -
2024-12-18 23:36:01 - werkzeug - INFO - 127.0.0.1 - - [18/Dec/2024 23:36:01] "POST /buyer/add_funds HTTP/1.1" 200 -
2024-12-18 23:36:01 - be.view.auth - INFO - 收到注册请求: {'user_id': 'test_add_funds_c92f51d4-bd55-11ef-8ace-02a6845b4b32', 'password': 'test_add_funds_c92f51d4-bd55-11ef-8ace-02a6845b4b32'}
2024-12-18 23:36:01 - be.model.user - INFO - 尝试注册新用户：test_add_funds_c92f51d4-bd55-11ef-8ace-02a6845b4b32
2024-12-18 23:36:02 - be.model.user - INFO - 加密密码...
2024-12-18 23:36:02 - be.model.user - INFO - 创建新用户...
2024-12-18 23:36:02 - be.model.user - INFO - 添加用户到数据库...
2024-12-18 23:36:02 - be.model.user - INFO - 用户注册成功：test_add_funds_c92f51d4-bd55-11ef-8ace-02a6845b4b32
2024-12-18 23:36:02 - be.view.auth - INFO - 注册处理结果: 200
2024-12-18 23:36:02 - werkzeug - INFO - 127.0.0.1 - - [18/Dec/2024 23:36:02] "POST /auth/register HTTP/1.1" 200 -
2024-12-18 23:36:02 - be.view.auth - INFO - 收到登录请求: {'user_id': 'test_add_funds_c92f51d4-bd55-11ef-8ace-02a6845b4b32', 'password': 'test_add_funds_c92f51d4-bd55-11ef-8ace-02a6845b4b32', 'terminal': 'my terminal'}
2024-12-18 23:36:02 - be.model.user - INFO - 尝试登录用户：test_add_funds_c92f51d4-bd55-11ef-8ace-02a6845b4b32，终端：my terminal
2024-12-18 23:36:02 - be.model.user - INFO - 为用户 test_add_funds_c92f51d4-bd55-11ef-8ace-02a6845b4b32 生成新token，终端：my terminal
2024-12-18 23:36:02 - be.model.user - INFO - 用户登录成功：test_add_funds_c92f51d4-bd55-11ef-8ace-02a6845b4b32
2024-12-18 23:36:03 - be.view.auth - INFO - 登录处理结果: 200
2024-12-18 23:36:03 - werkzeug - INFO - 127.0.0.1 - - [18/Dec/2024 23:36:03] "POST /auth/login HTTP/1.1" 200 -
2024-12-18 23:36:03 - werkzeug - INFO - 127.0.0.1 - - [18/Dec/2024 23:36:03] "POST /buyer/add_funds HTTP/1.1" 200 -
2024-12-18 23:36:03 - be.serve - INFO - 正在关闭服务器...
2024-12-18 23:36:03 - be.serve - ERROR - 关闭服务器失败: Not running with the Werkzeug Server
2024-12-18 23:37:29 - __main__ - INFO - 
==================== 开始运行用户功能测试 ====================
2024-12-18 23:37:29 - be.model.db_config - INFO - 清理数据库...
2024-12-18 23:37:35 - be.model.db_config - INFO - 数据库清理完成
2024-12-18 23:37:35 - be.model.db_config - INFO - 已创建的表: ['books', 'order_items', 'orders', 'stores', 'users']
2024-12-18 23:37:36 - be.model.user - INFO - 创建 UserManager 实例
2024-12-18 23:37:36 - be.serve - INFO - 正在启动服务器...
2024-12-18 23:37:36 - be.serve - INFO - 创建Flask应用...
2024-12-18 23:37:36 - be.serve - INFO - 初始化数据库...
2024-12-18 23:37:36 - be.model.db_config - INFO - 清理数据库...
2024-12-18 23:37:39 - be.model.db_config - INFO - 数据库清理完成
2024-12-18 23:37:40 - be.model.db_config - INFO - 已创建的表: ['books', 'order_items', 'orders', 'stores', 'users']
2024-12-18 23:37:40 - be.model.db_config - INFO - 删除所有表...
2024-12-18 23:37:44 - be.model.db_config - INFO - 数据库初始化完成
2024-12-18 23:37:44 - be.model.db_config - INFO - 已创建的表: ['books', 'order_items', 'orders', 'stores', 'users']
2024-12-18 23:37:44 - be.serve - INFO - 数据库初始化成功
2024-12-18 23:37:44 - be.serve - INFO - 注册蓝图...
2024-12-18 23:37:44 - be.serve - INFO - 启动服务器...
2024-12-18 23:37:44 - werkzeug - INFO - [31m[1mWARNING: This is a development server. Do not use it in a production deployment. Use a production WSGI server instead.[0m
 * Running on http://127.0.0.1:5555
2024-12-18 23:37:44 - werkzeug - INFO - [33mPress CTRL+C to quit[0m
2024-12-18 23:37:44 - be.view.auth - INFO - 收到注册请求: {'user_id': 'test_register_user_1734536264.866896', 'password': 'test_register_password_1734536264.866904'}
2024-12-18 23:37:44 - be.model.user - INFO - 尝试注册新用户：test_register_user_1734536264.866896
2024-12-18 23:37:45 - be.model.user - INFO - 加密密码...
2024-12-18 23:37:45 - be.model.user - INFO - 创建新用户...
2024-12-18 23:37:45 - be.model.user - INFO - 添加用户到数据库...
2024-12-18 23:37:45 - be.model.user - INFO - 用户注册成功：test_register_user_1734536264.866896
2024-12-18 23:37:45 - be.view.auth - INFO - 注册处理结果: 200
2024-12-18 23:37:45 - werkzeug - INFO - 127.0.0.1 - - [18/Dec/2024 23:37:45] "POST /auth/register HTTP/1.1" 200 -
2024-12-18 23:37:45 - be.view.auth - INFO - 收到注册请求: {'user_id': 'test_register_user_1734536265.3951738', 'password': 'test_register_password_1734536265.395181'}
2024-12-18 23:37:45 - be.model.user - INFO - 尝试注册新用户：test_register_user_1734536265.3951738
2024-12-18 23:37:45 - be.model.user - INFO - 加密密码...
2024-12-18 23:37:45 - be.model.user - INFO - 创建新用户...
2024-12-18 23:37:45 - be.model.user - INFO - 添加用户到数据库...
2024-12-18 23:37:45 - be.model.user - INFO - 用户注册成功：test_register_user_1734536265.3951738
2024-12-18 23:37:45 - be.view.auth - INFO - 注册处理结果: 200
2024-12-18 23:37:45 - werkzeug - INFO - 127.0.0.1 - - [18/Dec/2024 23:37:45] "POST /auth/register HTTP/1.1" 200 -
2024-12-18 23:37:45 - be.view.auth - INFO - 收到注销请求: {'user_id': 'test_register_user_1734536265.3951738', 'password': 'test_register_password_1734536265.395181'}
2024-12-18 23:37:45 - be.model.user - INFO - 尝试注销用户：test_register_user_1734536265.3951738
2024-12-18 23:37:46 - be.model.user - INFO - 用户注销成功：test_register_user_1734536265.3951738
2024-12-18 23:37:46 - be.view.auth - INFO - 注销处理结果: 200
2024-12-18 23:37:46 - werkzeug - INFO - 127.0.0.1 - - [18/Dec/2024 23:37:46] "POST /auth/unregister HTTP/1.1" 200 -
2024-12-18 23:37:46 - be.view.auth - INFO - 收到注册请求: {'user_id': 'test_register_user_1734536266.77732', 'password': 'test_register_password_1734536266.7773361'}
2024-12-18 23:37:46 - be.model.user - INFO - 尝试注册新用户：test_register_user_1734536266.77732
2024-12-18 23:37:47 - be.model.user - INFO - 加密密码...
2024-12-18 23:37:47 - be.model.user - INFO - 创建新用户...
2024-12-18 23:37:47 - be.model.user - INFO - 添加用户到数据库...
2024-12-18 23:37:47 - be.model.user - INFO - 用户注册成功：test_register_user_1734536266.77732
2024-12-18 23:37:47 - be.view.auth - INFO - 注册处理结果: 200
2024-12-18 23:37:47 - werkzeug - INFO - 127.0.0.1 - - [18/Dec/2024 23:37:47] "POST /auth/register HTTP/1.1" 200 -
2024-12-18 23:37:47 - be.view.auth - INFO - 收到注销请求: {'user_id': 'test_register_user_1734536266.77732_x', 'password': 'test_register_password_1734536266.7773361'}
2024-12-18 23:37:47 - be.model.user - INFO - 尝试注销用户：test_register_user_1734536266.77732_x
2024-12-18 23:37:47 - be.model.user - WARNING - 用户不存在：test_register_user_1734536266.77732_x
2024-12-18 23:37:47 - be.view.auth - INFO - 注销处理结果: 401
2024-12-18 23:37:47 - werkzeug - INFO - 127.0.0.1 - - [18/Dec/2024 23:37:47] "[31m[1mPOST /auth/unregister HTTP/1.1[0m" 401 -
2024-12-18 23:37:47 - be.view.auth - INFO - 收到注销请求: {'user_id': 'test_register_user_1734536266.77732', 'password': 'test_register_password_1734536266.7773361_x'}
2024-12-18 23:37:47 - be.model.user - INFO - 尝试注销用户：test_register_user_1734536266.77732
2024-12-18 23:37:48 - be.model.user - WARNING - 密码错误：test_register_user_1734536266.77732
2024-12-18 23:37:48 - be.view.auth - INFO - 注销处理结果: 401
2024-12-18 23:37:48 - werkzeug - INFO - 127.0.0.1 - - [18/Dec/2024 23:37:48] "[31m[1mPOST /auth/unregister HTTP/1.1[0m" 401 -
2024-12-18 23:37:48 - be.view.auth - INFO - 收到注册请求: {'user_id': 'test_register_user_1734536268.245534', 'password': 'test_register_password_1734536268.2455401'}
2024-12-18 23:37:48 - be.model.user - INFO - 尝试注册新用户：test_register_user_1734536268.245534
2024-12-18 23:37:48 - be.model.user - INFO - 加密密码...
2024-12-18 23:37:48 - be.model.user - INFO - 创建新用户...
2024-12-18 23:37:48 - be.model.user - INFO - 添加用户到数据库...
2024-12-18 23:37:48 - be.model.user - INFO - 用户注册成功：test_register_user_1734536268.245534
2024-12-18 23:37:48 - be.view.auth - INFO - 注册处理结果: 200
2024-12-18 23:37:48 - werkzeug - INFO - 127.0.0.1 - - [18/Dec/2024 23:37:48] "POST /auth/register HTTP/1.1" 200 -
2024-12-18 23:37:48 - be.view.auth - INFO - 收到注册请求: {'user_id': 'test_register_user_1734536268.245534', 'password': 'test_register_password_1734536268.2455401'}
2024-12-18 23:37:48 - be.model.user - INFO - 尝试注册新用户：test_register_user_1734536268.245534
2024-12-18 23:37:49 - be.model.user - WARNING - 用户已存在：test_register_user_1734536268.245534
2024-12-18 23:37:49 - be.view.auth - INFO - 注册处理结果: 401
2024-12-18 23:37:49 - werkzeug - INFO - 127.0.0.1 - - [18/Dec/2024 23:37:49] "[31m[1mPOST /auth/register HTTP/1.1[0m" 401 -
2024-12-18 23:37:49 - be.view.auth - INFO - 收到注册请求: {'user_id': 'test_login_1734536269.487218', 'password': 'password_test_login_1734536269.487218'}
2024-12-18 23:37:49 - be.model.user - INFO - 尝试注册新用户：test_login_1734536269.487218
2024-12-18 23:37:49 - be.model.user - INFO - 加密密码...
2024-12-18 23:37:49 - be.model.user - INFO - 创建新用户...
2024-12-18 23:37:49 - be.model.user - INFO - 添加用户到数据库...
2024-12-18 23:37:49 - be.model.user - INFO - 用户注册成功：test_login_1734536269.487218
2024-12-18 23:37:49 - be.view.auth - INFO - 注册处理结果: 200
2024-12-18 23:37:49 - werkzeug - INFO - 127.0.0.1 - - [18/Dec/2024 23:37:49] "POST /auth/register HTTP/1.1" 200 -
2024-12-18 23:37:49 - be.view.auth - INFO - 收到登录请求: {'user_id': 'test_login_1734536269.487218', 'password': 'password_test_login_1734536269.487218', 'terminal': 'terminal_test_login_1734536269.487218'}
2024-12-18 23:37:49 - be.model.user - INFO - 尝试登录用户：test_login_1734536269.487218，终端：terminal_test_login_1734536269.487218
2024-12-18 23:37:50 - be.model.user - INFO - 为用户 test_login_1734536269.487218 生成新token，终端：terminal_test_login_1734536269.487218
2024-12-18 23:37:50 - be.model.user - INFO - 用户登录成功：test_login_1734536269.487218
2024-12-18 23:37:50 - be.view.auth - INFO - 登录处理结果: 200
2024-12-18 23:37:50 - werkzeug - INFO - 127.0.0.1 - - [18/Dec/2024 23:37:50] "POST /auth/login HTTP/1.1" 200 -
2024-12-18 23:37:50 - be.view.auth - INFO - 收到登出请求: {'user_id': 'test_login_1734536269.487218_x'}
2024-12-18 23:37:50 - be.model.user - INFO - 尝试登出用户：test_login_1734536269.487218_x
2024-12-18 23:37:50 - be.model.user - WARNING - token验证失败：test_login_1734536269.487218_x
2024-12-18 23:37:50 - be.model.user - WARNING - token验证失败：test_login_1734536269.487218_x
2024-12-18 23:37:50 - be.view.auth - INFO - 登出处理结果: 401
2024-12-18 23:37:50 - werkzeug - INFO - 127.0.0.1 - - [18/Dec/2024 23:37:50] "[31m[1mPOST /auth/logout HTTP/1.1[0m" 401 -
2024-12-18 23:37:50 - be.view.auth - INFO - 收到登出请求: {'user_id': 'test_login_1734536269.487218'}
2024-12-18 23:37:50 - be.model.user - INFO - 尝试登出用户：test_login_1734536269.487218
2024-12-18 23:37:50 - be.model.user - WARNING - 无效的token：eyJhbGciOiJIUzI1NiIsInR5cCI6IkpXVCJ9.eyJ1c2VyX2lkIjoidGVzdF9sb2dpbl8xNzM0NTM2MjY5LjQ4NzIxOCIsInRlcm1pbmFsIjoidGVybWluYWxfdGVzdF9sb2dpbl8xNzM0NTM2MjY5LjQ4NzIxOCIsImV4cCI6MTczNDUzOTg3MH0.LRqhqgxVb1O7SHBboz-n9MzEu8kdhxORyB_pM7NX8Y8_x
2024-12-18 23:37:50 - be.model.user - WARNING - token验证失败：test_login_1734536269.487218
2024-12-18 23:37:50 - be.view.auth - INFO - 登出处理结果: 401
2024-12-18 23:37:50 - werkzeug - INFO - 127.0.0.1 - - [18/Dec/2024 23:37:50] "[31m[1mPOST /auth/logout HTTP/1.1[0m" 401 -
2024-12-18 23:37:50 - be.view.auth - INFO - 收到登出请求: {'user_id': 'test_login_1734536269.487218'}
2024-12-18 23:37:50 - be.model.user - INFO - 尝试登出用户：test_login_1734536269.487218
2024-12-18 23:37:50 - be.model.user - INFO - token验证成功：test_login_1734536269.487218
2024-12-18 23:37:50 - be.model.user - INFO - 用户登出成功：test_login_1734536269.487218
2024-12-18 23:37:50 - be.view.auth - INFO - 登出处理结果: 200
2024-12-18 23:37:50 - werkzeug - INFO - 127.0.0.1 - - [18/Dec/2024 23:37:50] "POST /auth/logout HTTP/1.1" 200 -
2024-12-18 23:37:50 - be.view.auth - INFO - 收到注册请求: {'user_id': 'test_login_1734536270.321295', 'password': 'password_test_login_1734536270.321295'}
2024-12-18 23:37:50 - be.model.user - INFO - 尝试注册新用户：test_login_1734536270.321295
2024-12-18 23:37:50 - be.model.user - INFO - 加密密码...
2024-12-18 23:37:50 - be.model.user - INFO - 创建新用户...
2024-12-18 23:37:50 - be.model.user - INFO - 添加用户到数据库...
2024-12-18 23:37:50 - be.model.user - INFO - 用户注册成功：test_login_1734536270.321295
2024-12-18 23:37:50 - be.view.auth - INFO - 注册处理结果: 200
2024-12-18 23:37:50 - werkzeug - INFO - 127.0.0.1 - - [18/Dec/2024 23:37:50] "POST /auth/register HTTP/1.1" 200 -
2024-12-18 23:37:50 - be.view.auth - INFO - 收到登录请求: {'user_id': 'test_login_1734536270.321295_x', 'password': 'password_test_login_1734536270.321295', 'terminal': 'terminal_test_login_1734536270.321295'}
2024-12-18 23:37:50 - be.model.user - INFO - 尝试登录用户：test_login_1734536270.321295_x，终端：terminal_test_login_1734536270.321295
2024-12-18 23:37:51 - be.model.user - WARNING - 用户不存在：test_login_1734536270.321295_x
2024-12-18 23:37:51 - be.view.auth - INFO - 登录处理结果: 401
2024-12-18 23:37:51 - werkzeug - INFO - 127.0.0.1 - - [18/Dec/2024 23:37:51] "[31m[1mPOST /auth/login HTTP/1.1[0m" 401 -
2024-12-18 23:37:51 - be.view.auth - INFO - 收到注册请求: {'user_id': 'test_login_1734536271.202532', 'password': 'password_test_login_1734536271.202532'}
2024-12-18 23:37:51 - be.model.user - INFO - 尝试注册新用户：test_login_1734536271.202532
2024-12-18 23:37:51 - be.model.user - INFO - 加密密码...
2024-12-18 23:37:51 - be.model.user - INFO - 创建新用户...
2024-12-18 23:37:51 - be.model.user - INFO - 添加用户到数据库...
2024-12-18 23:37:51 - be.model.user - INFO - 用户注册成功：test_login_1734536271.202532
2024-12-18 23:37:51 - be.view.auth - INFO - 注册处理结果: 200
2024-12-18 23:37:51 - werkzeug - INFO - 127.0.0.1 - - [18/Dec/2024 23:37:51] "POST /auth/register HTTP/1.1" 200 -
2024-12-18 23:37:51 - be.view.auth - INFO - 收到登录请求: {'user_id': 'test_login_1734536271.202532', 'password': 'password_test_login_1734536271.202532_x', 'terminal': 'terminal_test_login_1734536271.202532'}
2024-12-18 23:37:51 - be.model.user - INFO - 尝试登录用户：test_login_1734536271.202532，终端：terminal_test_login_1734536271.202532
2024-12-18 23:37:51 - be.model.user - WARNING - 密码错误：test_login_1734536271.202532
2024-12-18 23:37:52 - be.view.auth - INFO - 登录处理结果: 401
2024-12-18 23:37:52 - werkzeug - INFO - 127.0.0.1 - - [18/Dec/2024 23:37:52] "[31m[1mPOST /auth/login HTTP/1.1[0m" 401 -
2024-12-18 23:37:52 - be.view.auth - INFO - 收到注册请求: {'user_id': 'test_password_0b301d0c-bd56-11ef-b721-02a6845b4b32', 'password': 'old_password_test_password_0b301d0c-bd56-11ef-b721-02a6845b4b32'}
2024-12-18 23:37:52 - be.model.user - INFO - 尝试注册新用户：test_password_0b301d0c-bd56-11ef-b721-02a6845b4b32
2024-12-18 23:37:52 - be.model.user - INFO - 加密密码...
2024-12-18 23:37:52 - be.model.user - INFO - 创建新用户...
2024-12-18 23:37:52 - be.model.user - INFO - 添加用户到数据库...
2024-12-18 23:37:52 - be.model.user - INFO - 用户注册成功：test_password_0b301d0c-bd56-11ef-b721-02a6845b4b32
2024-12-18 23:37:52 - be.view.auth - INFO - 注册处理结果: 200
2024-12-18 23:37:52 - werkzeug - INFO - 127.0.0.1 - - [18/Dec/2024 23:37:52] "POST /auth/register HTTP/1.1" 200 -
2024-12-18 23:37:52 - be.view.auth - INFO - 收到修改密码请求: {'user_id': 'test_password_0b301d0c-bd56-11ef-b721-02a6845b4b32', 'oldPassword': 'old_password_test_password_0b301d0c-bd56-11ef-b721-02a6845b4b32', 'newPassword': 'new_password_test_password_0b301d0c-bd56-11ef-b721-02a6845b4b32'}
2024-12-18 23:37:52 - be.model.user - INFO - 尝试修改密码：test_password_0b301d0c-bd56-11ef-b721-02a6845b4b32
2024-12-18 23:37:53 - be.model.user - INFO - 密码修改成功：test_password_0b301d0c-bd56-11ef-b721-02a6845b4b32
2024-12-18 23:37:53 - be.view.auth - INFO - 修改密码处理结果: 200
2024-12-18 23:37:53 - werkzeug - INFO - 127.0.0.1 - - [18/Dec/2024 23:37:53] "POST /auth/password HTTP/1.1" 200 -
2024-12-18 23:37:53 - be.view.auth - INFO - 收到登录请求: {'user_id': 'test_password_0b301d0c-bd56-11ef-b721-02a6845b4b32', 'password': 'old_password_test_password_0b301d0c-bd56-11ef-b721-02a6845b4b32', 'terminal': 'terminal_test_password_0b301d0c-bd56-11ef-b721-02a6845b4b32'}
2024-12-18 23:37:53 - be.model.user - INFO - 尝试登录用户：test_password_0b301d0c-bd56-11ef-b721-02a6845b4b32，终端：terminal_test_password_0b301d0c-bd56-11ef-b721-02a6845b4b32
2024-12-18 23:37:53 - be.model.user - WARNING - 密码错误：test_password_0b301d0c-bd56-11ef-b721-02a6845b4b32
2024-12-18 23:37:53 - be.view.auth - INFO - 登录处理结果: 401
2024-12-18 23:37:53 - werkzeug - INFO - 127.0.0.1 - - [18/Dec/2024 23:37:53] "[31m[1mPOST /auth/login HTTP/1.1[0m" 401 -
2024-12-18 23:37:53 - be.view.auth - INFO - 收到登录请求: {'user_id': 'test_password_0b301d0c-bd56-11ef-b721-02a6845b4b32', 'password': 'new_password_test_password_0b301d0c-bd56-11ef-b721-02a6845b4b32', 'terminal': 'terminal_test_password_0b301d0c-bd56-11ef-b721-02a6845b4b32'}
2024-12-18 23:37:53 - be.model.user - INFO - 尝试登录用户：test_password_0b301d0c-bd56-11ef-b721-02a6845b4b32，终端：terminal_test_password_0b301d0c-bd56-11ef-b721-02a6845b4b32
2024-12-18 23:37:53 - be.model.user - INFO - 为用户 test_password_0b301d0c-bd56-11ef-b721-02a6845b4b32 生成新token，终端：terminal_test_password_0b301d0c-bd56-11ef-b721-02a6845b4b32
2024-12-18 23:37:53 - be.model.user - INFO - 用户登录成功：test_password_0b301d0c-bd56-11ef-b721-02a6845b4b32
2024-12-18 23:37:54 - be.view.auth - INFO - 登录处理结果: 200
2024-12-18 23:37:54 - werkzeug - INFO - 127.0.0.1 - - [18/Dec/2024 23:37:54] "POST /auth/login HTTP/1.1" 200 -
2024-12-18 23:37:54 - be.view.auth - INFO - 收到登出请求: {'user_id': 'test_password_0b301d0c-bd56-11ef-b721-02a6845b4b32'}
2024-12-18 23:37:54 - be.model.user - INFO - 尝试登出用户：test_password_0b301d0c-bd56-11ef-b721-02a6845b4b32
2024-12-18 23:37:54 - be.model.user - INFO - token验证成功：test_password_0b301d0c-bd56-11ef-b721-02a6845b4b32
2024-12-18 23:37:54 - be.model.user - INFO - 用户登出成功：test_password_0b301d0c-bd56-11ef-b721-02a6845b4b32
2024-12-18 23:37:54 - be.view.auth - INFO - 登出处理结果: 200
2024-12-18 23:37:54 - werkzeug - INFO - 127.0.0.1 - - [18/Dec/2024 23:37:54] "POST /auth/logout HTTP/1.1" 200 -
2024-12-18 23:37:54 - be.view.auth - INFO - 收到注册请求: {'user_id': 'test_password_0c6858d8-bd56-11ef-b721-02a6845b4b32', 'password': 'old_password_test_password_0c6858d8-bd56-11ef-b721-02a6845b4b32'}
2024-12-18 23:37:54 - be.model.user - INFO - 尝试注册新用户：test_password_0c6858d8-bd56-11ef-b721-02a6845b4b32
2024-12-18 23:37:54 - be.model.user - INFO - 加密密码...
2024-12-18 23:37:54 - be.model.user - INFO - 创建新用户...
2024-12-18 23:37:54 - be.model.user - INFO - 添加用户到数据库...
2024-12-18 23:37:54 - be.model.user - INFO - 用户注册成功：test_password_0c6858d8-bd56-11ef-b721-02a6845b4b32
2024-12-18 23:37:54 - be.view.auth - INFO - 注册处理结果: 200
2024-12-18 23:37:54 - werkzeug - INFO - 127.0.0.1 - - [18/Dec/2024 23:37:54] "POST /auth/register HTTP/1.1" 200 -
2024-12-18 23:37:54 - be.view.auth - INFO - 收到修改密码请求: {'user_id': 'test_password_0c6858d8-bd56-11ef-b721-02a6845b4b32', 'oldPassword': 'old_password_test_password_0c6858d8-bd56-11ef-b721-02a6845b4b32_x', 'newPassword': 'new_password_test_password_0c6858d8-bd56-11ef-b721-02a6845b4b32'}
2024-12-18 23:37:54 - be.model.user - INFO - 尝试修改密码：test_password_0c6858d8-bd56-11ef-b721-02a6845b4b32
2024-12-18 23:37:55 - be.model.user - WARNING - 旧密码错误：test_password_0c6858d8-bd56-11ef-b721-02a6845b4b32
2024-12-18 23:37:55 - be.view.auth - INFO - 修改密码处理结果: 401
2024-12-18 23:37:55 - werkzeug - INFO - 127.0.0.1 - - [18/Dec/2024 23:37:55] "[31m[1mPOST /auth/password HTTP/1.1[0m" 401 -
2024-12-18 23:37:55 - be.view.auth - INFO - 收到登录请求: {'user_id': 'test_password_0c6858d8-bd56-11ef-b721-02a6845b4b32', 'password': 'new_password_test_password_0c6858d8-bd56-11ef-b721-02a6845b4b32', 'terminal': 'terminal_test_password_0c6858d8-bd56-11ef-b721-02a6845b4b32'}
2024-12-18 23:37:55 - be.model.user - INFO - 尝试登录用户：test_password_0c6858d8-bd56-11ef-b721-02a6845b4b32，终端：terminal_test_password_0c6858d8-bd56-11ef-b721-02a6845b4b32
2024-12-18 23:37:55 - be.model.user - WARNING - 密码错误：test_password_0c6858d8-bd56-11ef-b721-02a6845b4b32
2024-12-18 23:37:55 - be.view.auth - INFO - 登录处理结果: 401
2024-12-18 23:37:55 - werkzeug - INFO - 127.0.0.1 - - [18/Dec/2024 23:37:55] "[31m[1mPOST /auth/login HTTP/1.1[0m" 401 -
2024-12-18 23:37:55 - be.view.auth - INFO - 收到注册请求: {'user_id': 'test_password_0d1a18fc-bd56-11ef-b721-02a6845b4b32', 'password': 'old_password_test_password_0d1a18fc-bd56-11ef-b721-02a6845b4b32'}
2024-12-18 23:37:55 - be.model.user - INFO - 尝试注册新用户：test_password_0d1a18fc-bd56-11ef-b721-02a6845b4b32
2024-12-18 23:37:55 - be.model.user - INFO - 加密密码...
2024-12-18 23:37:55 - be.model.user - INFO - 创建新用户...
2024-12-18 23:37:55 - be.model.user - INFO - 添加用户到数据库...
2024-12-18 23:37:56 - be.model.user - INFO - 用户注册成功：test_password_0d1a18fc-bd56-11ef-b721-02a6845b4b32
2024-12-18 23:37:56 - be.view.auth - INFO - 注册处理结果: 200
2024-12-18 23:37:56 - werkzeug - INFO - 127.0.0.1 - - [18/Dec/2024 23:37:56] "POST /auth/register HTTP/1.1" 200 -
2024-12-18 23:37:56 - be.view.auth - INFO - 收到修改密码请求: {'user_id': 'test_password_0d1a18fc-bd56-11ef-b721-02a6845b4b32_x', 'oldPassword': 'old_password_test_password_0d1a18fc-bd56-11ef-b721-02a6845b4b32', 'newPassword': 'new_password_test_password_0d1a18fc-bd56-11ef-b721-02a6845b4b32'}
2024-12-18 23:37:56 - be.model.user - INFO - 尝试修改密码：test_password_0d1a18fc-bd56-11ef-b721-02a6845b4b32_x
2024-12-18 23:37:56 - be.model.user - WARNING - 用户不存在：test_password_0d1a18fc-bd56-11ef-b721-02a6845b4b32_x
2024-12-18 23:37:56 - be.view.auth - INFO - 修改密码处理结果: 401
2024-12-18 23:37:56 - werkzeug - INFO - 127.0.0.1 - - [18/Dec/2024 23:37:56] "[31m[1mPOST /auth/password HTTP/1.1[0m" 401 -
2024-12-18 23:37:56 - be.view.auth - INFO - 收到登录请求: {'user_id': 'test_password_0d1a18fc-bd56-11ef-b721-02a6845b4b32', 'password': 'new_password_test_password_0d1a18fc-bd56-11ef-b721-02a6845b4b32', 'terminal': 'terminal_test_password_0d1a18fc-bd56-11ef-b721-02a6845b4b32'}
2024-12-18 23:37:56 - be.model.user - INFO - 尝试登录用户：test_password_0d1a18fc-bd56-11ef-b721-02a6845b4b32，终端：terminal_test_password_0d1a18fc-bd56-11ef-b721-02a6845b4b32
2024-12-18 23:37:56 - be.model.user - WARNING - 密码错误：test_password_0d1a18fc-bd56-11ef-b721-02a6845b4b32
2024-12-18 23:37:57 - be.view.auth - INFO - 登录处理结果: 401
2024-12-18 23:37:57 - werkzeug - INFO - 127.0.0.1 - - [18/Dec/2024 23:37:57] "[31m[1mPOST /auth/login HTTP/1.1[0m" 401 -
2024-12-18 23:37:57 - be.view.auth - INFO - 收到注册请求: {'user_id': 'test_add_funds_0e00b366-bd56-11ef-b721-02a6845b4b32', 'password': 'test_add_funds_0e00b366-bd56-11ef-b721-02a6845b4b32'}
2024-12-18 23:37:57 - be.model.user - INFO - 尝试注册新用户：test_add_funds_0e00b366-bd56-11ef-b721-02a6845b4b32
2024-12-18 23:37:57 - be.model.user - INFO - 加密密码...
2024-12-18 23:37:57 - be.model.user - INFO - 创建新用户...
2024-12-18 23:37:57 - be.model.user - INFO - 添加用户到数据库...
2024-12-18 23:37:57 - be.model.user - INFO - 用户注册成功：test_add_funds_0e00b366-bd56-11ef-b721-02a6845b4b32
2024-12-18 23:37:57 - be.view.auth - INFO - 注册处理结果: 200
2024-12-18 23:37:57 - werkzeug - INFO - 127.0.0.1 - - [18/Dec/2024 23:37:57] "POST /auth/register HTTP/1.1" 200 -
2024-12-18 23:37:57 - be.view.auth - INFO - 收到登录请求: {'user_id': 'test_add_funds_0e00b366-bd56-11ef-b721-02a6845b4b32', 'password': 'test_add_funds_0e00b366-bd56-11ef-b721-02a6845b4b32', 'terminal': 'my terminal'}
2024-12-18 23:37:57 - be.model.user - INFO - 尝试登录用户：test_add_funds_0e00b366-bd56-11ef-b721-02a6845b4b32，终端：my terminal
2024-12-18 23:37:57 - be.model.user - INFO - 为用户 test_add_funds_0e00b366-bd56-11ef-b721-02a6845b4b32 生成新token，终端：my terminal
2024-12-18 23:37:57 - be.model.user - INFO - 用户登录成功：test_add_funds_0e00b366-bd56-11ef-b721-02a6845b4b32
2024-12-18 23:37:57 - be.view.auth - INFO - 登录处理结果: 200
2024-12-18 23:37:57 - werkzeug - INFO - 127.0.0.1 - - [18/Dec/2024 23:37:57] "POST /auth/login HTTP/1.1" 200 -
2024-12-18 23:37:58 - werkzeug - INFO - 127.0.0.1 - - [18/Dec/2024 23:37:58] "POST /buyer/add_funds HTTP/1.1" 200 -
2024-12-18 23:37:58 - werkzeug - INFO - 127.0.0.1 - - [18/Dec/2024 23:37:58] "POST /buyer/add_funds HTTP/1.1" 200 -
2024-12-18 23:37:58 - be.view.auth - INFO - 收到注册请求: {'user_id': 'test_add_funds_0eec1d06-bd56-11ef-b721-02a6845b4b32', 'password': 'test_add_funds_0eec1d06-bd56-11ef-b721-02a6845b4b32'}
2024-12-18 23:37:58 - be.model.user - INFO - 尝试注册新用户：test_add_funds_0eec1d06-bd56-11ef-b721-02a6845b4b32
2024-12-18 23:37:58 - be.model.user - INFO - 加密密码...
2024-12-18 23:37:58 - be.model.user - INFO - 创建新用户...
2024-12-18 23:37:58 - be.model.user - INFO - 添加用户到数据库...
2024-12-18 23:37:59 - be.model.user - INFO - 用户注册成功：test_add_funds_0eec1d06-bd56-11ef-b721-02a6845b4b32
2024-12-18 23:37:59 - be.view.auth - INFO - 注册处理结果: 200
2024-12-18 23:37:59 - werkzeug - INFO - 127.0.0.1 - - [18/Dec/2024 23:37:59] "POST /auth/register HTTP/1.1" 200 -
2024-12-18 23:37:59 - be.view.auth - INFO - 收到登录请求: {'user_id': 'test_add_funds_0eec1d06-bd56-11ef-b721-02a6845b4b32', 'password': 'test_add_funds_0eec1d06-bd56-11ef-b721-02a6845b4b32', 'terminal': 'my terminal'}
2024-12-18 23:37:59 - be.model.user - INFO - 尝试登录用户：test_add_funds_0eec1d06-bd56-11ef-b721-02a6845b4b32，终端：my terminal
2024-12-18 23:37:59 - be.model.user - INFO - 为用户 test_add_funds_0eec1d06-bd56-11ef-b721-02a6845b4b32 生成新token，终端：my terminal
2024-12-18 23:37:59 - be.model.user - INFO - 用户登录成功：test_add_funds_0eec1d06-bd56-11ef-b721-02a6845b4b32
2024-12-18 23:37:59 - be.view.auth - INFO - 登录处理结果: 200
2024-12-18 23:37:59 - werkzeug - INFO - 127.0.0.1 - - [18/Dec/2024 23:37:59] "POST /auth/login HTTP/1.1" 200 -
2024-12-18 23:37:59 - werkzeug - INFO - 127.0.0.1 - - [18/Dec/2024 23:37:59] "[31m[1mPOST /buyer/add_funds HTTP/1.1[0m" 401 -
2024-12-18 23:37:59 - be.view.auth - INFO - 收到注册请求: {'user_id': 'test_add_funds_0fa91366-bd56-11ef-b721-02a6845b4b32', 'password': 'test_add_funds_0fa91366-bd56-11ef-b721-02a6845b4b32'}
2024-12-18 23:37:59 - be.model.user - INFO - 尝试注册新用户：test_add_funds_0fa91366-bd56-11ef-b721-02a6845b4b32
2024-12-18 23:38:00 - be.model.user - INFO - 加密密码...
2024-12-18 23:38:00 - be.model.user - INFO - 创建新用户...
2024-12-18 23:38:00 - be.model.user - INFO - 添加用户到数据库...
2024-12-18 23:38:01 - be.model.user - INFO - 用户注册成功：test_add_funds_0fa91366-bd56-11ef-b721-02a6845b4b32
2024-12-18 23:38:01 - be.view.auth - INFO - 注册处理结果: 200
2024-12-18 23:38:01 - werkzeug - INFO - 127.0.0.1 - - [18/Dec/2024 23:38:01] "POST /auth/register HTTP/1.1" 200 -
2024-12-18 23:38:01 - be.view.auth - INFO - 收到登录请求: {'user_id': 'test_add_funds_0fa91366-bd56-11ef-b721-02a6845b4b32', 'password': 'test_add_funds_0fa91366-bd56-11ef-b721-02a6845b4b32', 'terminal': 'my terminal'}
2024-12-18 23:38:01 - be.model.user - INFO - 尝试登录用户：test_add_funds_0fa91366-bd56-11ef-b721-02a6845b4b32，终端：my terminal
2024-12-18 23:38:01 - be.model.user - INFO - 为用户 test_add_funds_0fa91366-bd56-11ef-b721-02a6845b4b32 生成新token，终端：my terminal
2024-12-18 23:38:01 - be.model.user - INFO - 用户登录成功：test_add_funds_0fa91366-bd56-11ef-b721-02a6845b4b32
2024-12-18 23:38:01 - be.view.auth - INFO - 登录处理结果: 200
2024-12-18 23:38:01 - werkzeug - INFO - 127.0.0.1 - - [18/Dec/2024 23:38:01] "POST /auth/login HTTP/1.1" 200 -
2024-12-18 23:38:01 - werkzeug - INFO - 127.0.0.1 - - [18/Dec/2024 23:38:01] "[31m[1mPOST /buyer/add_funds HTTP/1.1[0m" 401 -
2024-12-18 23:38:01 - be.serve - INFO - 正在关闭服务器...
2024-12-18 23:38:01 - be.serve - ERROR - 关闭服务器失败: Not running with the Werkzeug Server
2024-12-18 23:41:25 - __main__ - INFO - 
{'='*20} 开始运行所有测试 {'='*20}
2024-12-18 23:41:25 - be.model.db_config - INFO - 清理数据库...
2024-12-18 23:41:30 - be.model.db_config - INFO - 数据库清理完成
2024-12-18 23:41:31 - be.model.db_config - INFO - 已创建的表: ['books', 'order_items', 'orders', 'stores', 'users']
2024-12-18 23:41:31 - be.model.user - INFO - 创建 UserManager 实例
2024-12-18 23:41:31 - be.serve - INFO - 正在启动服务器...
2024-12-18 23:41:31 - be.serve - INFO - 创建Flask应用...
2024-12-18 23:41:31 - be.serve - INFO - 初始化数据库...
2024-12-18 23:41:31 - be.model.db_config - INFO - 清理数据库...
2024-12-18 23:41:36 - be.model.db_config - INFO - 数据库清理完成
2024-12-18 23:41:36 - be.model.db_config - INFO - 已创建的表: ['books', 'order_items', 'orders', 'stores', 'users']
2024-12-18 23:41:36 - be.model.db_config - INFO - 删除所有表...
2024-12-18 23:41:41 - be.model.db_config - INFO - 数据库初始化完成
2024-12-18 23:41:42 - be.model.db_config - INFO - 已创建的表: ['books', 'order_items', 'orders', 'stores', 'users']
2024-12-18 23:41:42 - be.serve - INFO - 数据库初始化成功
2024-12-18 23:41:42 - be.serve - INFO - 注册蓝图...
2024-12-18 23:41:42 - be.serve - INFO - 启动服务器...
2024-12-18 23:41:42 - werkzeug - INFO - [31m[1mWARNING: This is a development server. Do not use it in a production deployment. Use a production WSGI server instead.[0m
 * Running on http://127.0.0.1:5555
2024-12-18 23:41:42 - werkzeug - INFO - [33mPress CTRL+C to quit[0m
2024-12-18 23:41:42 - be.view.auth - INFO - 收到注册请求: {'user_id': 'test_register_user_1734536502.440479', 'password': 'test_register_password_1734536502.440483'}
2024-12-18 23:41:42 - be.model.user - INFO - 尝试注册新用户：test_register_user_1734536502.440479
2024-12-18 23:41:42 - be.model.user - INFO - 加密密码...
2024-12-18 23:41:42 - be.model.user - INFO - 创建新用户...
2024-12-18 23:41:42 - be.model.user - INFO - 添加用户到数据库...
2024-12-18 23:41:43 - be.model.user - INFO - 用户注册成功：test_register_user_1734536502.440479
2024-12-18 23:41:43 - be.view.auth - INFO - 注册处理结果: 200
2024-12-18 23:41:43 - werkzeug - INFO - 127.0.0.1 - - [18/Dec/2024 23:41:43] "POST /auth/register HTTP/1.1" 200 -
2024-12-18 23:41:43 - be.view.auth - INFO - 收到注册请求: {'user_id': 'test_register_user_1734536503.073368', 'password': 'test_register_password_1734536503.0733771'}
2024-12-18 23:41:43 - be.model.user - INFO - 尝试注册新用户：test_register_user_1734536503.073368
2024-12-18 23:41:43 - be.model.user - INFO - 加密密码...
2024-12-18 23:41:43 - be.model.user - INFO - 创建新用户...
2024-12-18 23:41:43 - be.model.user - INFO - 添加用户到数据库...
2024-12-18 23:41:44 - be.model.user - INFO - 用户注册成功：test_register_user_1734536503.073368
2024-12-18 23:41:44 - be.view.auth - INFO - 注册处理结果: 200
2024-12-18 23:41:44 - werkzeug - INFO - 127.0.0.1 - - [18/Dec/2024 23:41:44] "POST /auth/register HTTP/1.1" 200 -
2024-12-18 23:41:44 - be.view.auth - INFO - 收到注销请求: {'user_id': 'test_register_user_1734536503.073368', 'password': 'test_register_password_1734536503.0733771'}
2024-12-18 23:41:44 - be.model.user - INFO - 尝试注销用户：test_register_user_1734536503.073368
2024-12-18 23:41:44 - be.model.user - INFO - 用户注销成功：test_register_user_1734536503.073368
2024-12-18 23:41:44 - be.view.auth - INFO - 注销处理结果: 200
2024-12-18 23:41:44 - werkzeug - INFO - 127.0.0.1 - - [18/Dec/2024 23:41:44] "POST /auth/unregister HTTP/1.1" 200 -
2024-12-18 23:41:44 - be.view.auth - INFO - 收到注册请求: {'user_id': 'test_register_user_1734536504.90329', 'password': 'test_register_password_1734536504.9032981'}
2024-12-18 23:41:44 - be.model.user - INFO - 尝试注册新用户：test_register_user_1734536504.90329
2024-12-18 23:41:45 - be.model.user - INFO - 加密密码...
2024-12-18 23:41:45 - be.model.user - INFO - 创建新用户...
2024-12-18 23:41:45 - be.model.user - INFO - 添加用户到数据库...
2024-12-18 23:41:45 - be.model.user - INFO - 用户注册成功：test_register_user_1734536504.90329
2024-12-18 23:41:45 - be.view.auth - INFO - 注册处理结果: 200
2024-12-18 23:41:45 - werkzeug - INFO - 127.0.0.1 - - [18/Dec/2024 23:41:45] "POST /auth/register HTTP/1.1" 200 -
2024-12-18 23:41:45 - be.view.auth - INFO - 收到注销请求: {'user_id': 'test_register_user_1734536504.90329_x', 'password': 'test_register_password_1734536504.9032981'}
2024-12-18 23:41:45 - be.model.user - INFO - 尝试注销用户：test_register_user_1734536504.90329_x
2024-12-18 23:41:45 - be.model.user - WARNING - 用户不存在：test_register_user_1734536504.90329_x
2024-12-18 23:41:45 - be.view.auth - INFO - 注销处理结果: 401
2024-12-18 23:41:45 - werkzeug - INFO - 127.0.0.1 - - [18/Dec/2024 23:41:45] "[31m[1mPOST /auth/unregister HTTP/1.1[0m" 401 -
2024-12-18 23:41:45 - be.view.auth - INFO - 收到注销请求: {'user_id': 'test_register_user_1734536504.90329', 'password': 'test_register_password_1734536504.9032981_x'}
2024-12-18 23:41:45 - be.model.user - INFO - 尝试注销用户：test_register_user_1734536504.90329
2024-12-18 23:41:46 - be.model.user - WARNING - 密码错误：test_register_user_1734536504.90329
2024-12-18 23:41:46 - be.view.auth - INFO - 注销处理结果: 401
2024-12-18 23:41:46 - werkzeug - INFO - 127.0.0.1 - - [18/Dec/2024 23:41:46] "[31m[1mPOST /auth/unregister HTTP/1.1[0m" 401 -
2024-12-18 23:41:46 - be.view.auth - INFO - 收到注册请求: {'user_id': 'test_register_user_1734536506.388263', 'password': 'test_register_password_1734536506.388267'}
2024-12-18 23:41:46 - be.model.user - INFO - 尝试注册新用户：test_register_user_1734536506.388263
2024-12-18 23:41:46 - be.model.user - INFO - 加密密码...
2024-12-18 23:41:46 - be.model.user - INFO - 创建新用户...
2024-12-18 23:41:46 - be.model.user - INFO - 添加用户到数据库...
2024-12-18 23:41:46 - be.model.user - INFO - 用户注册成功：test_register_user_1734536506.388263
2024-12-18 23:41:46 - be.view.auth - INFO - 注册处理结果: 200
2024-12-18 23:41:46 - werkzeug - INFO - 127.0.0.1 - - [18/Dec/2024 23:41:46] "POST /auth/register HTTP/1.1" 200 -
2024-12-18 23:41:46 - be.view.auth - INFO - 收到注册请求: {'user_id': 'test_register_user_1734536506.388263', 'password': 'test_register_password_1734536506.388267'}
2024-12-18 23:41:46 - be.model.user - INFO - 尝试注册新用户：test_register_user_1734536506.388263
2024-12-18 23:41:47 - be.model.user - WARNING - 用户已存在：test_register_user_1734536506.388263
2024-12-18 23:41:47 - be.view.auth - INFO - 注册处理结果: 401
2024-12-18 23:41:47 - werkzeug - INFO - 127.0.0.1 - - [18/Dec/2024 23:41:47] "[31m[1mPOST /auth/register HTTP/1.1[0m" 401 -
2024-12-18 23:41:47 - be.view.auth - INFO - 收到注册请求: {'user_id': 'test_login_1734536507.49165', 'password': 'password_test_login_1734536507.49165'}
2024-12-18 23:41:47 - be.model.user - INFO - 尝试注册新用户：test_login_1734536507.49165
2024-12-18 23:41:47 - be.model.user - INFO - 加密密码...
2024-12-18 23:41:47 - be.model.user - INFO - 创建新用户...
2024-12-18 23:41:47 - be.model.user - INFO - 添加用户到数据库...
2024-12-18 23:41:48 - be.model.user - INFO - 用户注册成功：test_login_1734536507.49165
2024-12-18 23:41:48 - be.view.auth - INFO - 注册处理结果: 200
2024-12-18 23:41:48 - werkzeug - INFO - 127.0.0.1 - - [18/Dec/2024 23:41:48] "POST /auth/register HTTP/1.1" 200 -
2024-12-18 23:41:48 - be.view.auth - INFO - 收到登录请求: {'user_id': 'test_login_1734536507.49165', 'password': 'password_test_login_1734536507.49165', 'terminal': 'terminal_test_login_1734536507.49165'}
2024-12-18 23:41:48 - be.model.user - INFO - 尝试登录用户：test_login_1734536507.49165，终端：terminal_test_login_1734536507.49165
2024-12-18 23:41:48 - be.model.user - INFO - 为用户 test_login_1734536507.49165 生成新token，终端：terminal_test_login_1734536507.49165
2024-12-18 23:41:48 - be.model.user - INFO - 用户登录成功：test_login_1734536507.49165
2024-12-18 23:41:48 - be.view.auth - INFO - 登录处理结果: 200
2024-12-18 23:41:48 - werkzeug - INFO - 127.0.0.1 - - [18/Dec/2024 23:41:48] "POST /auth/login HTTP/1.1" 200 -
2024-12-18 23:41:48 - be.view.auth - INFO - 收到登出请求: {'user_id': 'test_login_1734536507.49165_x'}
2024-12-18 23:41:48 - be.model.user - INFO - 尝试登出用户：test_login_1734536507.49165_x
2024-12-18 23:41:48 - be.model.user - WARNING - token验证失败：test_login_1734536507.49165_x
2024-12-18 23:41:48 - be.model.user - WARNING - token验证失败：test_login_1734536507.49165_x
2024-12-18 23:41:48 - be.view.auth - INFO - 登出处理结果: 401
2024-12-18 23:41:48 - werkzeug - INFO - 127.0.0.1 - - [18/Dec/2024 23:41:48] "[31m[1mPOST /auth/logout HTTP/1.1[0m" 401 -
2024-12-18 23:41:48 - be.view.auth - INFO - 收到登出请求: {'user_id': 'test_login_1734536507.49165'}
2024-12-18 23:41:48 - be.model.user - INFO - 尝试登出用户：test_login_1734536507.49165
2024-12-18 23:41:48 - be.model.user - WARNING - 无效的token：eyJhbGciOiJIUzI1NiIsInR5cCI6IkpXVCJ9.eyJ1c2VyX2lkIjoidGVzdF9sb2dpbl8xNzM0NTM2NTA3LjQ5MTY1IiwidGVybWluYWwiOiJ0ZXJtaW5hbF90ZXN0X2xvZ2luXzE3MzQ1MzY1MDcuNDkxNjUiLCJleHAiOjE3MzQ1NDAxMDh9.hzTqWLJtEiWloj4P5q_WuBR36UwqmOc85Q1BAseb45w_x
2024-12-18 23:41:48 - be.model.user - WARNING - token验证失败：test_login_1734536507.49165
2024-12-18 23:41:48 - be.view.auth - INFO - 登出处理结果: 401
2024-12-18 23:41:48 - werkzeug - INFO - 127.0.0.1 - - [18/Dec/2024 23:41:48] "[31m[1mPOST /auth/logout HTTP/1.1[0m" 401 -
2024-12-18 23:41:48 - be.view.auth - INFO - 收到登出请求: {'user_id': 'test_login_1734536507.49165'}
2024-12-18 23:41:48 - be.model.user - INFO - 尝试登出用户：test_login_1734536507.49165
2024-12-18 23:41:48 - be.model.user - INFO - token验证成功：test_login_1734536507.49165
2024-12-18 23:41:48 - be.model.user - INFO - 用户登出成功：test_login_1734536507.49165
2024-12-18 23:41:48 - be.view.auth - INFO - 登出处理结果: 200
2024-12-18 23:41:48 - werkzeug - INFO - 127.0.0.1 - - [18/Dec/2024 23:41:48] "POST /auth/logout HTTP/1.1" 200 -
2024-12-18 23:41:48 - be.view.auth - INFO - 收到注册请求: {'user_id': 'test_login_1734536508.949306', 'password': 'password_test_login_1734536508.949306'}
2024-12-18 23:41:48 - be.model.user - INFO - 尝试注册新用户：test_login_1734536508.949306
2024-12-18 23:41:49 - be.model.user - INFO - 加密密码...
2024-12-18 23:41:49 - be.model.user - INFO - 创建新用户...
2024-12-18 23:41:49 - be.model.user - INFO - 添加用户到数据库...
2024-12-18 23:41:49 - be.model.user - INFO - 用户注册成功：test_login_1734536508.949306
2024-12-18 23:41:49 - be.view.auth - INFO - 注册处理结果: 200
2024-12-18 23:41:49 - werkzeug - INFO - 127.0.0.1 - - [18/Dec/2024 23:41:49] "POST /auth/register HTTP/1.1" 200 -
2024-12-18 23:41:49 - be.view.auth - INFO - 收到登录请求: {'user_id': 'test_login_1734536508.949306_x', 'password': 'password_test_login_1734536508.949306', 'terminal': 'terminal_test_login_1734536508.949306'}
2024-12-18 23:41:49 - be.model.user - INFO - 尝试登录用户：test_login_1734536508.949306_x，终端：terminal_test_login_1734536508.949306
2024-12-18 23:41:49 - be.model.user - WARNING - 用户不存在：test_login_1734536508.949306_x
2024-12-18 23:41:49 - be.view.auth - INFO - 登录处理结果: 401
2024-12-18 23:41:49 - werkzeug - INFO - 127.0.0.1 - - [18/Dec/2024 23:41:49] "[31m[1mPOST /auth/login HTTP/1.1[0m" 401 -
2024-12-18 23:41:49 - be.view.auth - INFO - 收到注册请求: {'user_id': 'test_login_1734536509.94661', 'password': 'password_test_login_1734536509.94661'}
2024-12-18 23:41:49 - be.model.user - INFO - 尝试注册新用户：test_login_1734536509.94661
2024-12-18 23:41:50 - be.model.user - INFO - 加密密码...
2024-12-18 23:41:50 - be.model.user - INFO - 创建新用户...
2024-12-18 23:41:50 - be.model.user - INFO - 添加用户到数据库...
2024-12-18 23:41:50 - be.model.user - INFO - 用户注册成功：test_login_1734536509.94661
2024-12-18 23:41:50 - be.view.auth - INFO - 注册处理结果: 200
2024-12-18 23:41:50 - werkzeug - INFO - 127.0.0.1 - - [18/Dec/2024 23:41:50] "POST /auth/register HTTP/1.1" 200 -
2024-12-18 23:41:50 - be.view.auth - INFO - 收到登录请求: {'user_id': 'test_login_1734536509.94661', 'password': 'password_test_login_1734536509.94661_x', 'terminal': 'terminal_test_login_1734536509.94661'}
2024-12-18 23:41:50 - be.model.user - INFO - 尝试登录用户：test_login_1734536509.94661，终端：terminal_test_login_1734536509.94661
2024-12-18 23:41:51 - be.model.user - WARNING - 密码错误：test_login_1734536509.94661
2024-12-18 23:41:51 - be.view.auth - INFO - 登录处理结果: 401
2024-12-18 23:41:51 - werkzeug - INFO - 127.0.0.1 - - [18/Dec/2024 23:41:51] "[31m[1mPOST /auth/login HTTP/1.1[0m" 401 -
2024-12-18 23:41:51 - be.view.auth - INFO - 收到注册请求: {'user_id': 'test_password_998a895c-bd56-11ef-9c78-02a6845b4b32', 'password': 'old_password_test_password_998a895c-bd56-11ef-9c78-02a6845b4b32'}
2024-12-18 23:41:51 - be.model.user - INFO - 尝试注册新用户：test_password_998a895c-bd56-11ef-9c78-02a6845b4b32
2024-12-18 23:41:51 - be.model.user - INFO - 加密密码...
2024-12-18 23:41:51 - be.model.user - INFO - 创建新用户...
2024-12-18 23:41:51 - be.model.user - INFO - 添加用户到数据库...
2024-12-18 23:41:51 - be.model.user - INFO - 用户注册成功：test_password_998a895c-bd56-11ef-9c78-02a6845b4b32
2024-12-18 23:41:51 - be.view.auth - INFO - 注册处理结果: 200
2024-12-18 23:41:51 - werkzeug - INFO - 127.0.0.1 - - [18/Dec/2024 23:41:51] "POST /auth/register HTTP/1.1" 200 -
2024-12-18 23:41:51 - be.view.auth - INFO - 收到修改密码请求: {'user_id': 'test_password_998a895c-bd56-11ef-9c78-02a6845b4b32', 'oldPassword': 'old_password_test_password_998a895c-bd56-11ef-9c78-02a6845b4b32', 'newPassword': 'new_password_test_password_998a895c-bd56-11ef-9c78-02a6845b4b32'}
2024-12-18 23:41:51 - be.model.user - INFO - 尝试修改密码：test_password_998a895c-bd56-11ef-9c78-02a6845b4b32
2024-12-18 23:41:52 - be.model.user - INFO - 密码修改成功：test_password_998a895c-bd56-11ef-9c78-02a6845b4b32
2024-12-18 23:41:52 - be.view.auth - INFO - 修改密码处理结果: 200
2024-12-18 23:41:52 - werkzeug - INFO - 127.0.0.1 - - [18/Dec/2024 23:41:52] "POST /auth/password HTTP/1.1" 200 -
2024-12-18 23:41:52 - be.view.auth - INFO - 收到登录请求: {'user_id': 'test_password_998a895c-bd56-11ef-9c78-02a6845b4b32', 'password': 'old_password_test_password_998a895c-bd56-11ef-9c78-02a6845b4b32', 'terminal': 'terminal_test_password_998a895c-bd56-11ef-9c78-02a6845b4b32'}
2024-12-18 23:41:52 - be.model.user - INFO - 尝试登录用户：test_password_998a895c-bd56-11ef-9c78-02a6845b4b32，终端：terminal_test_password_998a895c-bd56-11ef-9c78-02a6845b4b32
2024-12-18 23:41:52 - be.model.user - WARNING - 密码错误：test_password_998a895c-bd56-11ef-9c78-02a6845b4b32
2024-12-18 23:41:53 - be.view.auth - INFO - 登录处理结果: 401
2024-12-18 23:41:53 - werkzeug - INFO - 127.0.0.1 - - [18/Dec/2024 23:41:53] "[31m[1mPOST /auth/login HTTP/1.1[0m" 401 -
2024-12-18 23:41:53 - be.view.auth - INFO - 收到登录请求: {'user_id': 'test_password_998a895c-bd56-11ef-9c78-02a6845b4b32', 'password': 'new_password_test_password_998a895c-bd56-11ef-9c78-02a6845b4b32', 'terminal': 'terminal_test_password_998a895c-bd56-11ef-9c78-02a6845b4b32'}
2024-12-18 23:41:53 - be.model.user - INFO - 尝试登录用户：test_password_998a895c-bd56-11ef-9c78-02a6845b4b32，终端：terminal_test_password_998a895c-bd56-11ef-9c78-02a6845b4b32
2024-12-18 23:41:53 - be.model.user - INFO - 为用户 test_password_998a895c-bd56-11ef-9c78-02a6845b4b32 生成新token，终端：terminal_test_password_998a895c-bd56-11ef-9c78-02a6845b4b32
2024-12-18 23:41:53 - be.model.user - INFO - 用户登录成功：test_password_998a895c-bd56-11ef-9c78-02a6845b4b32
2024-12-18 23:41:53 - be.view.auth - INFO - 登录处理结果: 200
2024-12-18 23:41:53 - werkzeug - INFO - 127.0.0.1 - - [18/Dec/2024 23:41:53] "POST /auth/login HTTP/1.1" 200 -
2024-12-18 23:41:53 - be.view.auth - INFO - 收到登出请求: {'user_id': 'test_password_998a895c-bd56-11ef-9c78-02a6845b4b32'}
2024-12-18 23:41:53 - be.model.user - INFO - 尝试登出用户：test_password_998a895c-bd56-11ef-9c78-02a6845b4b32
2024-12-18 23:41:53 - be.model.user - INFO - token验证成功：test_password_998a895c-bd56-11ef-9c78-02a6845b4b32
2024-12-18 23:41:53 - be.model.user - INFO - 用户登出成功：test_password_998a895c-bd56-11ef-9c78-02a6845b4b32
2024-12-18 23:41:53 - be.view.auth - INFO - 登出处理结果: 200
2024-12-18 23:41:53 - werkzeug - INFO - 127.0.0.1 - - [18/Dec/2024 23:41:53] "POST /auth/logout HTTP/1.1" 200 -
2024-12-18 23:41:53 - be.view.auth - INFO - 收到注册请求: {'user_id': 'test_password_9aeca91a-bd56-11ef-9c78-02a6845b4b32', 'password': 'old_password_test_password_9aeca91a-bd56-11ef-9c78-02a6845b4b32'}
2024-12-18 23:41:53 - be.model.user - INFO - 尝试注册新用户：test_password_9aeca91a-bd56-11ef-9c78-02a6845b4b32
2024-12-18 23:41:53 - be.model.user - INFO - 加密密码...
2024-12-18 23:41:53 - be.model.user - INFO - 创建新用户...
2024-12-18 23:41:53 - be.model.user - INFO - 添加用户到数据库...
2024-12-18 23:41:54 - be.model.user - INFO - 用户注册成功：test_password_9aeca91a-bd56-11ef-9c78-02a6845b4b32
2024-12-18 23:41:54 - be.view.auth - INFO - 注册处理结果: 200
2024-12-18 23:41:54 - werkzeug - INFO - 127.0.0.1 - - [18/Dec/2024 23:41:54] "POST /auth/register HTTP/1.1" 200 -
2024-12-18 23:41:54 - be.view.auth - INFO - 收到修改密码请求: {'user_id': 'test_password_9aeca91a-bd56-11ef-9c78-02a6845b4b32', 'oldPassword': 'old_password_test_password_9aeca91a-bd56-11ef-9c78-02a6845b4b32_x', 'newPassword': 'new_password_test_password_9aeca91a-bd56-11ef-9c78-02a6845b4b32'}
2024-12-18 23:41:54 - be.model.user - INFO - 尝试修改密码：test_password_9aeca91a-bd56-11ef-9c78-02a6845b4b32
2024-12-18 23:41:54 - be.model.user - WARNING - 旧密码错误：test_password_9aeca91a-bd56-11ef-9c78-02a6845b4b32
2024-12-18 23:41:54 - be.view.auth - INFO - 修改密码处理结果: 401
2024-12-18 23:41:54 - werkzeug - INFO - 127.0.0.1 - - [18/Dec/2024 23:41:54] "[31m[1mPOST /auth/password HTTP/1.1[0m" 401 -
2024-12-18 23:41:54 - be.view.auth - INFO - 收到登录请求: {'user_id': 'test_password_9aeca91a-bd56-11ef-9c78-02a6845b4b32', 'password': 'new_password_test_password_9aeca91a-bd56-11ef-9c78-02a6845b4b32', 'terminal': 'terminal_test_password_9aeca91a-bd56-11ef-9c78-02a6845b4b32'}
2024-12-18 23:41:54 - be.model.user - INFO - 尝试登录用户：test_password_9aeca91a-bd56-11ef-9c78-02a6845b4b32，终端：terminal_test_password_9aeca91a-bd56-11ef-9c78-02a6845b4b32
2024-12-18 23:41:54 - be.model.user - WARNING - 密码错误：test_password_9aeca91a-bd56-11ef-9c78-02a6845b4b32
2024-12-18 23:41:54 - be.view.auth - INFO - 登录处理结果: 401
2024-12-18 23:41:54 - werkzeug - INFO - 127.0.0.1 - - [18/Dec/2024 23:41:54] "[31m[1mPOST /auth/login HTTP/1.1[0m" 401 -
2024-12-18 23:41:54 - be.view.auth - INFO - 收到注册请求: {'user_id': 'test_password_9bbf0fe0-bd56-11ef-9c78-02a6845b4b32', 'password': 'old_password_test_password_9bbf0fe0-bd56-11ef-9c78-02a6845b4b32'}
2024-12-18 23:41:54 - be.model.user - INFO - 尝试注册新用户：test_password_9bbf0fe0-bd56-11ef-9c78-02a6845b4b32
2024-12-18 23:41:55 - be.model.user - INFO - 加密密码...
2024-12-18 23:41:55 - be.model.user - INFO - 创建新用户...
2024-12-18 23:41:55 - be.model.user - INFO - 添加用户到数据库...
2024-12-18 23:41:55 - be.model.user - INFO - 用户注册成功：test_password_9bbf0fe0-bd56-11ef-9c78-02a6845b4b32
2024-12-18 23:41:55 - be.view.auth - INFO - 注册处理结果: 200
2024-12-18 23:41:55 - werkzeug - INFO - 127.0.0.1 - - [18/Dec/2024 23:41:55] "POST /auth/register HTTP/1.1" 200 -
2024-12-18 23:41:55 - be.view.auth - INFO - 收到修改密码请求: {'user_id': 'test_password_9bbf0fe0-bd56-11ef-9c78-02a6845b4b32_x', 'oldPassword': 'old_password_test_password_9bbf0fe0-bd56-11ef-9c78-02a6845b4b32', 'newPassword': 'new_password_test_password_9bbf0fe0-bd56-11ef-9c78-02a6845b4b32'}
2024-12-18 23:41:55 - be.model.user - INFO - 尝试修改密码：test_password_9bbf0fe0-bd56-11ef-9c78-02a6845b4b32_x
2024-12-18 23:41:55 - be.model.user - WARNING - 用户不存在：test_password_9bbf0fe0-bd56-11ef-9c78-02a6845b4b32_x
2024-12-18 23:41:55 - be.view.auth - INFO - 修改密码处理结果: 401
2024-12-18 23:41:55 - werkzeug - INFO - 127.0.0.1 - - [18/Dec/2024 23:41:55] "[31m[1mPOST /auth/password HTTP/1.1[0m" 401 -
2024-12-18 23:41:55 - be.view.auth - INFO - 收到登录请求: {'user_id': 'test_password_9bbf0fe0-bd56-11ef-9c78-02a6845b4b32', 'password': 'new_password_test_password_9bbf0fe0-bd56-11ef-9c78-02a6845b4b32', 'terminal': 'terminal_test_password_9bbf0fe0-bd56-11ef-9c78-02a6845b4b32'}
2024-12-18 23:41:55 - be.model.user - INFO - 尝试登录用户：test_password_9bbf0fe0-bd56-11ef-9c78-02a6845b4b32，终端：terminal_test_password_9bbf0fe0-bd56-11ef-9c78-02a6845b4b32
2024-12-18 23:41:56 - be.model.user - WARNING - 密码错误：test_password_9bbf0fe0-bd56-11ef-9c78-02a6845b4b32
2024-12-18 23:41:56 - be.view.auth - INFO - 登录处理结果: 401
2024-12-18 23:41:56 - werkzeug - INFO - 127.0.0.1 - - [18/Dec/2024 23:41:56] "[31m[1mPOST /auth/login HTTP/1.1[0m" 401 -
2024-12-18 23:41:56 - be.view.auth - INFO - 收到注册请求: {'user_id': 'test_add_funds_9c8cb760-bd56-11ef-9c78-02a6845b4b32', 'password': 'test_add_funds_9c8cb760-bd56-11ef-9c78-02a6845b4b32'}
2024-12-18 23:41:56 - be.model.user - INFO - 尝试注册新用户：test_add_funds_9c8cb760-bd56-11ef-9c78-02a6845b4b32
2024-12-18 23:41:56 - be.model.user - INFO - 加密密码...
2024-12-18 23:41:56 - be.model.user - INFO - 创建新用户...
2024-12-18 23:41:56 - be.model.user - INFO - 添加用户到数据库...
2024-12-18 23:41:56 - be.model.user - INFO - 用户注册成功：test_add_funds_9c8cb760-bd56-11ef-9c78-02a6845b4b32
2024-12-18 23:41:56 - be.view.auth - INFO - 注册处理结果: 200
2024-12-18 23:41:56 - werkzeug - INFO - 127.0.0.1 - - [18/Dec/2024 23:41:56] "POST /auth/register HTTP/1.1" 200 -
2024-12-18 23:41:56 - be.view.auth - INFO - 收到登录请求: {'user_id': 'test_add_funds_9c8cb760-bd56-11ef-9c78-02a6845b4b32', 'password': 'test_add_funds_9c8cb760-bd56-11ef-9c78-02a6845b4b32', 'terminal': 'my terminal'}
2024-12-18 23:41:56 - be.model.user - INFO - 尝试登录用户：test_add_funds_9c8cb760-bd56-11ef-9c78-02a6845b4b32，终端：my terminal
2024-12-18 23:41:57 - be.model.user - INFO - 为用户 test_add_funds_9c8cb760-bd56-11ef-9c78-02a6845b4b32 生成新token，终端：my terminal
2024-12-18 23:41:57 - be.model.user - INFO - 用户登录成功：test_add_funds_9c8cb760-bd56-11ef-9c78-02a6845b4b32
2024-12-18 23:41:57 - be.view.auth - INFO - 登录处理结果: 200
2024-12-18 23:41:57 - werkzeug - INFO - 127.0.0.1 - - [18/Dec/2024 23:41:57] "POST /auth/login HTTP/1.1" 200 -
2024-12-18 23:41:57 - werkzeug - INFO - 127.0.0.1 - - [18/Dec/2024 23:41:57] "POST /buyer/add_funds HTTP/1.1" 200 -
2024-12-18 23:41:58 - werkzeug - INFO - 127.0.0.1 - - [18/Dec/2024 23:41:58] "POST /buyer/add_funds HTTP/1.1" 200 -
2024-12-18 23:41:58 - be.view.auth - INFO - 收到注册请求: {'user_id': 'test_add_funds_9dae0e28-bd56-11ef-9c78-02a6845b4b32', 'password': 'test_add_funds_9dae0e28-bd56-11ef-9c78-02a6845b4b32'}
2024-12-18 23:41:58 - be.model.user - INFO - 尝试注册新用户：test_add_funds_9dae0e28-bd56-11ef-9c78-02a6845b4b32
2024-12-18 23:41:58 - be.model.user - INFO - 加密密码...
2024-12-18 23:41:58 - be.model.user - INFO - 创建新用户...
2024-12-18 23:41:58 - be.model.user - INFO - 添加用户到数据库...
2024-12-18 23:41:58 - be.model.user - INFO - 用户注册成功：test_add_funds_9dae0e28-bd56-11ef-9c78-02a6845b4b32
2024-12-18 23:41:58 - be.view.auth - INFO - 注册处理结果: 200
2024-12-18 23:41:58 - werkzeug - INFO - 127.0.0.1 - - [18/Dec/2024 23:41:58] "POST /auth/register HTTP/1.1" 200 -
2024-12-18 23:41:58 - be.view.auth - INFO - 收到登录请求: {'user_id': 'test_add_funds_9dae0e28-bd56-11ef-9c78-02a6845b4b32', 'password': 'test_add_funds_9dae0e28-bd56-11ef-9c78-02a6845b4b32', 'terminal': 'my terminal'}
2024-12-18 23:41:58 - be.model.user - INFO - 尝试登录用户：test_add_funds_9dae0e28-bd56-11ef-9c78-02a6845b4b32，终端：my terminal
2024-12-18 23:41:59 - be.model.user - INFO - 为用户 test_add_funds_9dae0e28-bd56-11ef-9c78-02a6845b4b32 生成新token，终端：my terminal
2024-12-18 23:41:59 - be.model.user - INFO - 用户登录成功：test_add_funds_9dae0e28-bd56-11ef-9c78-02a6845b4b32
2024-12-18 23:41:59 - be.view.auth - INFO - 登录处理结果: 200
2024-12-18 23:41:59 - werkzeug - INFO - 127.0.0.1 - - [18/Dec/2024 23:41:59] "POST /auth/login HTTP/1.1" 200 -
2024-12-18 23:41:59 - werkzeug - INFO - 127.0.0.1 - - [18/Dec/2024 23:41:59] "[31m[1mPOST /buyer/add_funds HTTP/1.1[0m" 401 -
2024-12-18 23:41:59 - be.view.auth - INFO - 收到注册请求: {'user_id': 'test_add_funds_9e68bf2a-bd56-11ef-9c78-02a6845b4b32', 'password': 'test_add_funds_9e68bf2a-bd56-11ef-9c78-02a6845b4b32'}
2024-12-18 23:41:59 - be.model.user - INFO - 尝试注册新用户：test_add_funds_9e68bf2a-bd56-11ef-9c78-02a6845b4b32
2024-12-18 23:42:00 - be.model.user - INFO - 加密密码...
2024-12-18 23:42:00 - be.model.user - INFO - 创建新用户...
2024-12-18 23:42:00 - be.model.user - INFO - 添加用户到数据库...
2024-12-18 23:42:00 - be.model.user - INFO - 用户注册成功：test_add_funds_9e68bf2a-bd56-11ef-9c78-02a6845b4b32
2024-12-18 23:42:00 - be.view.auth - INFO - 注册处理结果: 200
2024-12-18 23:42:00 - werkzeug - INFO - 127.0.0.1 - - [18/Dec/2024 23:42:00] "POST /auth/register HTTP/1.1" 200 -
2024-12-18 23:42:00 - be.view.auth - INFO - 收到登录请求: {'user_id': 'test_add_funds_9e68bf2a-bd56-11ef-9c78-02a6845b4b32', 'password': 'test_add_funds_9e68bf2a-bd56-11ef-9c78-02a6845b4b32', 'terminal': 'my terminal'}
2024-12-18 23:42:00 - be.model.user - INFO - 尝试登录用户：test_add_funds_9e68bf2a-bd56-11ef-9c78-02a6845b4b32，终端：my terminal
2024-12-18 23:42:01 - be.model.user - INFO - 为用户 test_add_funds_9e68bf2a-bd56-11ef-9c78-02a6845b4b32 生成新token，终端：my terminal
2024-12-18 23:42:01 - be.model.user - INFO - 用户登录成功：test_add_funds_9e68bf2a-bd56-11ef-9c78-02a6845b4b32
2024-12-18 23:42:01 - be.view.auth - INFO - 登录处理结果: 200
2024-12-18 23:42:01 - werkzeug - INFO - 127.0.0.1 - - [18/Dec/2024 23:42:01] "POST /auth/login HTTP/1.1" 200 -
2024-12-18 23:42:01 - werkzeug - INFO - 127.0.0.1 - - [18/Dec/2024 23:42:01] "[31m[1mPOST /buyer/add_funds HTTP/1.1[0m" 401 -
2024-12-18 23:42:01 - be.view.auth - INFO - 收到注册请求: {'user_id': 'test_create_store_user_9f901254-bd56-11ef-9c78-02a6845b4b32', 'password': 'test_create_store_user_9f901254-bd56-11ef-9c78-02a6845b4b32'}
2024-12-18 23:42:01 - be.model.user - INFO - 尝试注册新用户：test_create_store_user_9f901254-bd56-11ef-9c78-02a6845b4b32
2024-12-18 23:42:01 - be.model.user - INFO - 加密密码...
2024-12-18 23:42:01 - be.model.user - INFO - 创建新用户...
2024-12-18 23:42:01 - be.model.user - INFO - 添加用户到数据库...
2024-12-18 23:42:01 - be.model.user - INFO - 用户注册成功：test_create_store_user_9f901254-bd56-11ef-9c78-02a6845b4b32
2024-12-18 23:42:01 - be.view.auth - INFO - 注册处理结果: 200
2024-12-18 23:42:01 - werkzeug - INFO - 127.0.0.1 - - [18/Dec/2024 23:42:01] "POST /auth/register HTTP/1.1" 200 -
2024-12-18 23:42:01 - be.view.auth - INFO - 收到登录请求: {'user_id': 'test_create_store_user_9f901254-bd56-11ef-9c78-02a6845b4b32', 'password': 'test_create_store_user_9f901254-bd56-11ef-9c78-02a6845b4b32', 'terminal': 'my terminal'}
2024-12-18 23:42:01 - be.model.user - INFO - 尝试登录用户：test_create_store_user_9f901254-bd56-11ef-9c78-02a6845b4b32，终端：my terminal
2024-12-18 23:42:02 - be.model.user - INFO - 为用户 test_create_store_user_9f901254-bd56-11ef-9c78-02a6845b4b32 生成新token，终端：my terminal
2024-12-18 23:42:02 - be.model.user - INFO - 用户登录成功：test_create_store_user_9f901254-bd56-11ef-9c78-02a6845b4b32
2024-12-18 23:42:02 - be.view.auth - INFO - 登录处理结果: 200
2024-12-18 23:42:02 - werkzeug - INFO - 127.0.0.1 - - [18/Dec/2024 23:42:02] "POST /auth/login HTTP/1.1" 200 -
2024-12-18 23:42:03 - be.model.seller - ERROR - 创建商店失败: (pymysql.err.DataError) (1406, "Data too long for column 'store_id' at row 1")
[SQL: INSERT INTO stores (store_id, owner_id, created_at) VALUES (%(store_id)s, %(owner_id)s, %(created_at)s)]
[parameters: {'store_id': 'test_create_store_store_9f901330-bd56-11ef-9c78-02a6845b4b32', 'owner_id': 14, 'created_at': datetime.datetime(2024, 12, 18, 15, 42, 2, 849475)}]
(Background on this error at: https://sqlalche.me/e/20/9h9h)
2024-12-18 23:42:03 - werkzeug - INFO - 127.0.0.1 - - [18/Dec/2024 23:42:03] "POST /seller/create_store HTTP/1.1" 200 -
2024-12-18 23:42:03 - be.view.auth - INFO - 收到注册请求: {'user_id': 'test_create_store_user_a0add928-bd56-11ef-9c78-02a6845b4b32', 'password': 'test_create_store_user_a0add928-bd56-11ef-9c78-02a6845b4b32'}
2024-12-18 23:42:03 - be.model.user - INFO - 尝试注册新用户：test_create_store_user_a0add928-bd56-11ef-9c78-02a6845b4b32
2024-12-18 23:42:03 - be.model.user - INFO - 加密密码...
2024-12-18 23:42:03 - be.model.user - INFO - 创建新用户...
2024-12-18 23:42:03 - be.model.user - INFO - 添加用户到数据库...
2024-12-18 23:42:03 - be.model.user - INFO - 用户注册成功：test_create_store_user_a0add928-bd56-11ef-9c78-02a6845b4b32
2024-12-18 23:42:03 - be.view.auth - INFO - 注册处理结果: 200
2024-12-18 23:42:03 - werkzeug - INFO - 127.0.0.1 - - [18/Dec/2024 23:42:03] "POST /auth/register HTTP/1.1" 200 -
2024-12-18 23:42:03 - be.view.auth - INFO - 收到登录请求: {'user_id': 'test_create_store_user_a0add928-bd56-11ef-9c78-02a6845b4b32', 'password': 'test_create_store_user_a0add928-bd56-11ef-9c78-02a6845b4b32', 'terminal': 'my terminal'}
2024-12-18 23:42:03 - be.model.user - INFO - 尝试登录用户：test_create_store_user_a0add928-bd56-11ef-9c78-02a6845b4b32，终端：my terminal
2024-12-18 23:42:04 - be.model.user - INFO - 为用户 test_create_store_user_a0add928-bd56-11ef-9c78-02a6845b4b32 生成新token，终端：my terminal
2024-12-18 23:42:04 - be.model.user - INFO - 用户登录成功：test_create_store_user_a0add928-bd56-11ef-9c78-02a6845b4b32
2024-12-18 23:42:04 - be.view.auth - INFO - 登录处理结果: 200
2024-12-18 23:42:04 - werkzeug - INFO - 127.0.0.1 - - [18/Dec/2024 23:42:04] "POST /auth/login HTTP/1.1" 200 -
2024-12-18 23:42:04 - be.model.seller - ERROR - 创建商店失败: (pymysql.err.DataError) (1406, "Data too long for column 'store_id' at row 1")
[SQL: INSERT INTO stores (store_id, owner_id, created_at) VALUES (%(store_id)s, %(owner_id)s, %(created_at)s)]
[parameters: {'store_id': 'test_create_store_store_a0addae0-bd56-11ef-9c78-02a6845b4b32', 'owner_id': 15, 'created_at': datetime.datetime(2024, 12, 18, 15, 42, 4, 599143)}]
(Background on this error at: https://sqlalche.me/e/20/9h9h)
2024-12-18 23:42:04 - werkzeug - INFO - 127.0.0.1 - - [18/Dec/2024 23:42:04] "POST /seller/create_store HTTP/1.1" 200 -
2024-12-18 23:42:05 - be.model.seller - ERROR - 创建商店失败: (pymysql.err.DataError) (1406, "Data too long for column 'store_id' at row 1")
[SQL: INSERT INTO stores (store_id, owner_id, created_at) VALUES (%(store_id)s, %(owner_id)s, %(created_at)s)]
[parameters: {'store_id': 'test_create_store_store_a0addae0-bd56-11ef-9c78-02a6845b4b32', 'owner_id': 15, 'created_at': datetime.datetime(2024, 12, 18, 15, 42, 5, 268863)}]
(Background on this error at: https://sqlalche.me/e/20/9h9h)
2024-12-18 23:42:05 - werkzeug - INFO - 127.0.0.1 - - [18/Dec/2024 23:42:05] "POST /seller/create_store HTTP/1.1" 200 -
2024-12-18 23:42:05 - be.view.auth - INFO - 收到注册请求: {'user_id': 'test_add_books_seller_id_a221721a-bd56-11ef-9c78-02a6845b4b32', 'password': 'test_add_books_seller_id_a221721a-bd56-11ef-9c78-02a6845b4b32'}
2024-12-18 23:42:05 - be.model.user - INFO - 尝试注册新用户：test_add_books_seller_id_a221721a-bd56-11ef-9c78-02a6845b4b32
2024-12-18 23:42:05 - be.model.user - INFO - 加密密码...
2024-12-18 23:42:05 - be.model.user - INFO - 创建新用户...
2024-12-18 23:42:05 - be.model.user - INFO - 添加用户到数据库...
2024-12-18 23:42:06 - be.model.user - INFO - 用户注册成功：test_add_books_seller_id_a221721a-bd56-11ef-9c78-02a6845b4b32
2024-12-18 23:42:06 - be.view.auth - INFO - 注册处理结果: 200
2024-12-18 23:42:06 - werkzeug - INFO - 127.0.0.1 - - [18/Dec/2024 23:42:06] "POST /auth/register HTTP/1.1" 200 -
2024-12-18 23:42:06 - be.view.auth - INFO - 收到登录请求: {'user_id': 'test_add_books_seller_id_a221721a-bd56-11ef-9c78-02a6845b4b32', 'password': 'test_add_books_seller_id_a221721a-bd56-11ef-9c78-02a6845b4b32', 'terminal': 'my terminal'}
2024-12-18 23:42:06 - be.model.user - INFO - 尝试登录用户：test_add_books_seller_id_a221721a-bd56-11ef-9c78-02a6845b4b32，终端：my terminal
2024-12-18 23:42:06 - be.model.user - INFO - 为用户 test_add_books_seller_id_a221721a-bd56-11ef-9c78-02a6845b4b32 生成新token，终端：my terminal
2024-12-18 23:42:06 - be.model.user - INFO - 用户登录成功：test_add_books_seller_id_a221721a-bd56-11ef-9c78-02a6845b4b32
2024-12-18 23:42:06 - be.view.auth - INFO - 登录处理结果: 200
2024-12-18 23:42:06 - werkzeug - INFO - 127.0.0.1 - - [18/Dec/2024 23:42:06] "POST /auth/login HTTP/1.1" 200 -
2024-12-18 23:42:07 - be.model.seller - ERROR - 创建商店失败: (pymysql.err.DataError) (1406, "Data too long for column 'store_id' at row 1")
[SQL: INSERT INTO stores (store_id, owner_id, created_at) VALUES (%(store_id)s, %(owner_id)s, %(created_at)s)]
[parameters: {'store_id': 'test_add_books_store_id_a221727e-bd56-11ef-9c78-02a6845b4b32', 'owner_id': 16, 'created_at': datetime.datetime(2024, 12, 18, 15, 42, 7, 108667)}]
(Background on this error at: https://sqlalche.me/e/20/9h9h)
2024-12-18 23:42:07 - werkzeug - INFO - 127.0.0.1 - - [18/Dec/2024 23:42:07] "POST /seller/create_store HTTP/1.1" 200 -
2024-12-18 23:42:07 - be.view.auth - INFO - 收到注册请求: {'user_id': 'test_add_books_seller_id_a337b33a-bd56-11ef-9c78-02a6845b4b32', 'password': 'test_add_books_seller_id_a337b33a-bd56-11ef-9c78-02a6845b4b32'}
2024-12-18 23:42:07 - be.model.user - INFO - 尝试注册新用户：test_add_books_seller_id_a337b33a-bd56-11ef-9c78-02a6845b4b32
2024-12-18 23:42:07 - be.model.user - INFO - 加密密码...
2024-12-18 23:42:07 - be.model.user - INFO - 创建新用户...
2024-12-18 23:42:07 - be.model.user - INFO - 添加用户到数据库...
2024-12-18 23:42:08 - be.model.user - INFO - 用户注册成功：test_add_books_seller_id_a337b33a-bd56-11ef-9c78-02a6845b4b32
2024-12-18 23:42:08 - be.view.auth - INFO - 注册处理结果: 200
2024-12-18 23:42:08 - werkzeug - INFO - 127.0.0.1 - - [18/Dec/2024 23:42:08] "POST /auth/register HTTP/1.1" 200 -
2024-12-18 23:42:08 - be.view.auth - INFO - 收到登录请求: {'user_id': 'test_add_books_seller_id_a337b33a-bd56-11ef-9c78-02a6845b4b32', 'password': 'test_add_books_seller_id_a337b33a-bd56-11ef-9c78-02a6845b4b32', 'terminal': 'my terminal'}
2024-12-18 23:42:08 - be.model.user - INFO - 尝试登录用户：test_add_books_seller_id_a337b33a-bd56-11ef-9c78-02a6845b4b32，终端：my terminal
2024-12-18 23:42:08 - be.model.user - INFO - 为用户 test_add_books_seller_id_a337b33a-bd56-11ef-9c78-02a6845b4b32 生成新token，终端：my terminal
2024-12-18 23:42:08 - be.model.user - INFO - 用户登录成功：test_add_books_seller_id_a337b33a-bd56-11ef-9c78-02a6845b4b32
2024-12-18 23:42:08 - be.view.auth - INFO - 登录处理结果: 200
2024-12-18 23:42:08 - werkzeug - INFO - 127.0.0.1 - - [18/Dec/2024 23:42:08] "POST /auth/login HTTP/1.1" 200 -
2024-12-18 23:42:09 - be.model.seller - ERROR - 创建商店失败: (pymysql.err.DataError) (1406, "Data too long for column 'store_id' at row 1")
[SQL: INSERT INTO stores (store_id, owner_id, created_at) VALUES (%(store_id)s, %(owner_id)s, %(created_at)s)]
[parameters: {'store_id': 'test_add_books_store_id_a337b42a-bd56-11ef-9c78-02a6845b4b32', 'owner_id': 17, 'created_at': datetime.datetime(2024, 12, 18, 15, 42, 9, 182188)}]
(Background on this error at: https://sqlalche.me/e/20/9h9h)
2024-12-18 23:42:09 - werkzeug - INFO - 127.0.0.1 - - [18/Dec/2024 23:42:09] "POST /seller/create_store HTTP/1.1" 200 -
2024-12-18 23:42:09 - be.view.auth - INFO - 收到注册请求: {'user_id': 'test_add_books_seller_id_a4833fd4-bd56-11ef-9c78-02a6845b4b32', 'password': 'test_add_books_seller_id_a4833fd4-bd56-11ef-9c78-02a6845b4b32'}
2024-12-18 23:42:09 - be.model.user - INFO - 尝试注册新用户：test_add_books_seller_id_a4833fd4-bd56-11ef-9c78-02a6845b4b32
2024-12-18 23:42:09 - be.model.user - INFO - 加密密码...
2024-12-18 23:42:09 - be.model.user - INFO - 创建新用户...
2024-12-18 23:42:09 - be.model.user - INFO - 添加用户到数据库...
2024-12-18 23:42:10 - be.model.user - INFO - 用户注册成功：test_add_books_seller_id_a4833fd4-bd56-11ef-9c78-02a6845b4b32
2024-12-18 23:42:10 - be.view.auth - INFO - 注册处理结果: 200
2024-12-18 23:42:10 - werkzeug - INFO - 127.0.0.1 - - [18/Dec/2024 23:42:10] "POST /auth/register HTTP/1.1" 200 -
2024-12-18 23:42:10 - be.view.auth - INFO - 收到登录请求: {'user_id': 'test_add_books_seller_id_a4833fd4-bd56-11ef-9c78-02a6845b4b32', 'password': 'test_add_books_seller_id_a4833fd4-bd56-11ef-9c78-02a6845b4b32', 'terminal': 'my terminal'}
2024-12-18 23:42:10 - be.model.user - INFO - 尝试登录用户：test_add_books_seller_id_a4833fd4-bd56-11ef-9c78-02a6845b4b32，终端：my terminal
2024-12-18 23:42:10 - be.model.user - INFO - 为用户 test_add_books_seller_id_a4833fd4-bd56-11ef-9c78-02a6845b4b32 生成新token，终端：my terminal
2024-12-18 23:42:10 - be.model.user - INFO - 用户登录成功：test_add_books_seller_id_a4833fd4-bd56-11ef-9c78-02a6845b4b32
2024-12-18 23:42:10 - be.view.auth - INFO - 登录处理结果: 200
2024-12-18 23:42:10 - werkzeug - INFO - 127.0.0.1 - - [18/Dec/2024 23:42:10] "POST /auth/login HTTP/1.1" 200 -
2024-12-18 23:42:11 - be.model.seller - ERROR - 创建商店失败: (pymysql.err.DataError) (1406, "Data too long for column 'store_id' at row 1")
[SQL: INSERT INTO stores (store_id, owner_id, created_at) VALUES (%(store_id)s, %(owner_id)s, %(created_at)s)]
[parameters: {'store_id': 'test_add_books_store_id_a483404c-bd56-11ef-9c78-02a6845b4b32', 'owner_id': 18, 'created_at': datetime.datetime(2024, 12, 18, 15, 42, 11, 24740)}]
(Background on this error at: https://sqlalche.me/e/20/9h9h)
2024-12-18 23:42:11 - werkzeug - INFO - 127.0.0.1 - - [18/Dec/2024 23:42:11] "POST /seller/create_store HTTP/1.1" 200 -
2024-12-18 23:42:11 - be.view.auth - INFO - 收到注册请求: {'user_id': 'test_add_books_seller_id_a5858bbc-bd56-11ef-9c78-02a6845b4b32', 'password': 'test_add_books_seller_id_a5858bbc-bd56-11ef-9c78-02a6845b4b32'}
2024-12-18 23:42:11 - be.model.user - INFO - 尝试注册新用户：test_add_books_seller_id_a5858bbc-bd56-11ef-9c78-02a6845b4b32
2024-12-18 23:42:11 - be.model.user - INFO - 加密密码...
2024-12-18 23:42:11 - be.model.user - INFO - 创建新用户...
2024-12-18 23:42:11 - be.model.user - INFO - 添加用户到数据库...
2024-12-18 23:42:12 - be.model.user - INFO - 用户注册成功：test_add_books_seller_id_a5858bbc-bd56-11ef-9c78-02a6845b4b32
2024-12-18 23:42:12 - be.view.auth - INFO - 注册处理结果: 200
2024-12-18 23:42:12 - werkzeug - INFO - 127.0.0.1 - - [18/Dec/2024 23:42:12] "POST /auth/register HTTP/1.1" 200 -
2024-12-18 23:42:12 - be.view.auth - INFO - 收到登录请求: {'user_id': 'test_add_books_seller_id_a5858bbc-bd56-11ef-9c78-02a6845b4b32', 'password': 'test_add_books_seller_id_a5858bbc-bd56-11ef-9c78-02a6845b4b32', 'terminal': 'my terminal'}
2024-12-18 23:42:12 - be.model.user - INFO - 尝试登录用户：test_add_books_seller_id_a5858bbc-bd56-11ef-9c78-02a6845b4b32，终端：my terminal
2024-12-18 23:42:12 - be.model.user - INFO - 为用户 test_add_books_seller_id_a5858bbc-bd56-11ef-9c78-02a6845b4b32 生成新token，终端：my terminal
2024-12-18 23:42:12 - be.model.user - INFO - 用户登录成功：test_add_books_seller_id_a5858bbc-bd56-11ef-9c78-02a6845b4b32
2024-12-18 23:42:12 - be.view.auth - INFO - 登录处理结果: 200
2024-12-18 23:42:12 - werkzeug - INFO - 127.0.0.1 - - [18/Dec/2024 23:42:12] "POST /auth/login HTTP/1.1" 200 -
2024-12-18 23:42:13 - be.model.seller - ERROR - 创建商店失败: (pymysql.err.DataError) (1406, "Data too long for column 'store_id' at row 1")
[SQL: INSERT INTO stores (store_id, owner_id, created_at) VALUES (%(store_id)s, %(owner_id)s, %(created_at)s)]
[parameters: {'store_id': 'test_add_books_store_id_a5858cc0-bd56-11ef-9c78-02a6845b4b32', 'owner_id': 19, 'created_at': datetime.datetime(2024, 12, 18, 15, 42, 13, 174115)}]
(Background on this error at: https://sqlalche.me/e/20/9h9h)
2024-12-18 23:42:13 - werkzeug - INFO - 127.0.0.1 - - [18/Dec/2024 23:42:13] "POST /seller/create_store HTTP/1.1" 200 -
2024-12-18 23:42:13 - be.view.auth - INFO - 收到注册请求: {'user_id': 'test_add_book_stock_level1_user_a6d66e28-bd56-11ef-9c78-02a6845b4b32', 'password': 'test_add_book_stock_level1_user_a6d66e28-bd56-11ef-9c78-02a6845b4b32'}
2024-12-18 23:42:13 - be.model.user - INFO - 尝试注册新用户：test_add_book_stock_level1_user_a6d66e28-bd56-11ef-9c78-02a6845b4b32
2024-12-18 23:42:13 - be.model.user - INFO - 加密密码...
2024-12-18 23:42:13 - be.model.user - INFO - 创建新用户...
2024-12-18 23:42:13 - be.model.user - INFO - 添加用户到数据库...
2024-12-18 23:42:14 - be.model.user - INFO - 用户注册成功：test_add_book_stock_level1_user_a6d66e28-bd56-11ef-9c78-02a6845b4b32
2024-12-18 23:42:14 - be.view.auth - INFO - 注册处理结果: 200
2024-12-18 23:42:14 - werkzeug - INFO - 127.0.0.1 - - [18/Dec/2024 23:42:14] "POST /auth/register HTTP/1.1" 200 -
2024-12-18 23:42:14 - be.view.auth - INFO - 收到登录请求: {'user_id': 'test_add_book_stock_level1_user_a6d66e28-bd56-11ef-9c78-02a6845b4b32', 'password': 'test_add_book_stock_level1_user_a6d66e28-bd56-11ef-9c78-02a6845b4b32', 'terminal': 'my terminal'}
2024-12-18 23:42:14 - be.model.user - INFO - 尝试登录用户：test_add_book_stock_level1_user_a6d66e28-bd56-11ef-9c78-02a6845b4b32，终端：my terminal
2024-12-18 23:42:14 - be.model.user - INFO - 为用户 test_add_book_stock_level1_user_a6d66e28-bd56-11ef-9c78-02a6845b4b32 生成新token，终端：my terminal
2024-12-18 23:42:14 - be.model.user - INFO - 用户登录成功：test_add_book_stock_level1_user_a6d66e28-bd56-11ef-9c78-02a6845b4b32
2024-12-18 23:42:14 - be.view.auth - INFO - 登录处理结果: 200
2024-12-18 23:42:14 - werkzeug - INFO - 127.0.0.1 - - [18/Dec/2024 23:42:14] "POST /auth/login HTTP/1.1" 200 -
2024-12-18 23:42:15 - be.model.seller - ERROR - 创建商店失败: (pymysql.err.DataError) (1406, "Data too long for column 'store_id' at row 1")
[SQL: INSERT INTO stores (store_id, owner_id, created_at) VALUES (%(store_id)s, %(owner_id)s, %(created_at)s)]
[parameters: {'store_id': 'test_add_book_stock_level1_store_a6d66f22-bd56-11ef-9c78-02a6845b4b32', 'owner_id': 20, 'created_at': datetime.datetime(2024, 12, 18, 15, 42, 15, 122623)}]
(Background on this error at: https://sqlalche.me/e/20/9h9h)
2024-12-18 23:42:15 - werkzeug - INFO - 127.0.0.1 - - [18/Dec/2024 23:42:15] "POST /seller/create_store HTTP/1.1" 200 -
2024-12-18 23:42:15 - be.view.auth - INFO - 收到注册请求: {'user_id': 'test_add_book_stock_level1_user_a7fec61a-bd56-11ef-9c78-02a6845b4b32', 'password': 'test_add_book_stock_level1_user_a7fec61a-bd56-11ef-9c78-02a6845b4b32'}
2024-12-18 23:42:15 - be.model.user - INFO - 尝试注册新用户：test_add_book_stock_level1_user_a7fec61a-bd56-11ef-9c78-02a6845b4b32
2024-12-18 23:42:15 - be.model.user - INFO - 加密密码...
2024-12-18 23:42:15 - be.model.user - INFO - 创建新用户...
2024-12-18 23:42:15 - be.model.user - INFO - 添加用户到数据库...
2024-12-18 23:42:16 - be.model.user - INFO - 用户注册成功：test_add_book_stock_level1_user_a7fec61a-bd56-11ef-9c78-02a6845b4b32
2024-12-18 23:42:16 - be.view.auth - INFO - 注册处理结果: 200
2024-12-18 23:42:16 - werkzeug - INFO - 127.0.0.1 - - [18/Dec/2024 23:42:16] "POST /auth/register HTTP/1.1" 200 -
2024-12-18 23:42:16 - be.view.auth - INFO - 收到登录请求: {'user_id': 'test_add_book_stock_level1_user_a7fec61a-bd56-11ef-9c78-02a6845b4b32', 'password': 'test_add_book_stock_level1_user_a7fec61a-bd56-11ef-9c78-02a6845b4b32', 'terminal': 'my terminal'}
2024-12-18 23:42:16 - be.model.user - INFO - 尝试登录用户：test_add_book_stock_level1_user_a7fec61a-bd56-11ef-9c78-02a6845b4b32，终端：my terminal
2024-12-18 23:42:16 - be.model.user - INFO - 为用户 test_add_book_stock_level1_user_a7fec61a-bd56-11ef-9c78-02a6845b4b32 生成新token，终端：my terminal
2024-12-18 23:42:16 - be.model.user - INFO - 用户登录成功：test_add_book_stock_level1_user_a7fec61a-bd56-11ef-9c78-02a6845b4b32
2024-12-18 23:42:16 - be.view.auth - INFO - 登录处理结果: 200
2024-12-18 23:42:16 - werkzeug - INFO - 127.0.0.1 - - [18/Dec/2024 23:42:16] "POST /auth/login HTTP/1.1" 200 -
2024-12-18 23:42:17 - be.model.seller - ERROR - 创建商店失败: (pymysql.err.DataError) (1406, "Data too long for column 'store_id' at row 1")
[SQL: INSERT INTO stores (store_id, owner_id, created_at) VALUES (%(store_id)s, %(owner_id)s, %(created_at)s)]
[parameters: {'store_id': 'test_add_book_stock_level1_store_a7fec714-bd56-11ef-9c78-02a6845b4b32', 'owner_id': 21, 'created_at': datetime.datetime(2024, 12, 18, 15, 42, 17, 101539)}]
(Background on this error at: https://sqlalche.me/e/20/9h9h)
2024-12-18 23:42:17 - werkzeug - INFO - 127.0.0.1 - - [18/Dec/2024 23:42:17] "POST /seller/create_store HTTP/1.1" 200 -
2024-12-18 23:42:17 - be.view.auth - INFO - 收到注册请求: {'user_id': 'test_add_book_stock_level1_user_a92cf192-bd56-11ef-9c78-02a6845b4b32', 'password': 'test_add_book_stock_level1_user_a92cf192-bd56-11ef-9c78-02a6845b4b32'}
2024-12-18 23:42:17 - be.model.user - INFO - 尝试注册新用户：test_add_book_stock_level1_user_a92cf192-bd56-11ef-9c78-02a6845b4b32
2024-12-18 23:42:17 - be.model.user - INFO - 加密密码...
2024-12-18 23:42:17 - be.model.user - INFO - 创建新用户...
2024-12-18 23:42:17 - be.model.user - INFO - 添加用户到数据库...
2024-12-18 23:42:18 - be.model.user - INFO - 用户注册成功：test_add_book_stock_level1_user_a92cf192-bd56-11ef-9c78-02a6845b4b32
2024-12-18 23:42:18 - be.view.auth - INFO - 注册处理结果: 200
2024-12-18 23:42:18 - werkzeug - INFO - 127.0.0.1 - - [18/Dec/2024 23:42:18] "POST /auth/register HTTP/1.1" 200 -
2024-12-18 23:42:18 - be.view.auth - INFO - 收到登录请求: {'user_id': 'test_add_book_stock_level1_user_a92cf192-bd56-11ef-9c78-02a6845b4b32', 'password': 'test_add_book_stock_level1_user_a92cf192-bd56-11ef-9c78-02a6845b4b32', 'terminal': 'my terminal'}
2024-12-18 23:42:18 - be.model.user - INFO - 尝试登录用户：test_add_book_stock_level1_user_a92cf192-bd56-11ef-9c78-02a6845b4b32，终端：my terminal
2024-12-18 23:42:18 - be.model.user - INFO - 为用户 test_add_book_stock_level1_user_a92cf192-bd56-11ef-9c78-02a6845b4b32 生成新token，终端：my terminal
2024-12-18 23:42:18 - be.model.user - INFO - 用户登录成功：test_add_book_stock_level1_user_a92cf192-bd56-11ef-9c78-02a6845b4b32
2024-12-18 23:42:18 - be.view.auth - INFO - 登录处理结果: 200
2024-12-18 23:42:18 - werkzeug - INFO - 127.0.0.1 - - [18/Dec/2024 23:42:18] "POST /auth/login HTTP/1.1" 200 -
2024-12-18 23:42:19 - be.model.seller - ERROR - 创建商店失败: (pymysql.err.DataError) (1406, "Data too long for column 'store_id' at row 1")
[SQL: INSERT INTO stores (store_id, owner_id, created_at) VALUES (%(store_id)s, %(owner_id)s, %(created_at)s)]
[parameters: {'store_id': 'test_add_book_stock_level1_store_a92cf296-bd56-11ef-9c78-02a6845b4b32', 'owner_id': 22, 'created_at': datetime.datetime(2024, 12, 18, 15, 42, 18, 975945)}]
(Background on this error at: https://sqlalche.me/e/20/9h9h)
2024-12-18 23:42:19 - werkzeug - INFO - 127.0.0.1 - - [18/Dec/2024 23:42:19] "POST /seller/create_store HTTP/1.1" 200 -
2024-12-18 23:42:19 - be.view.auth - INFO - 收到注册请求: {'user_id': 'test_add_book_stock_level1_user_aa495408-bd56-11ef-9c78-02a6845b4b32', 'password': 'test_add_book_stock_level1_user_aa495408-bd56-11ef-9c78-02a6845b4b32'}
2024-12-18 23:42:19 - be.model.user - INFO - 尝试注册新用户：test_add_book_stock_level1_user_aa495408-bd56-11ef-9c78-02a6845b4b32
2024-12-18 23:42:19 - be.model.user - INFO - 加密密码...
2024-12-18 23:42:19 - be.model.user - INFO - 创建新用户...
2024-12-18 23:42:19 - be.model.user - INFO - 添加用户到数据库...
2024-12-18 23:42:20 - be.model.user - INFO - 用户注册成功：test_add_book_stock_level1_user_aa495408-bd56-11ef-9c78-02a6845b4b32
2024-12-18 23:42:20 - be.view.auth - INFO - 注册处理结果: 200
2024-12-18 23:42:20 - werkzeug - INFO - 127.0.0.1 - - [18/Dec/2024 23:42:20] "POST /auth/register HTTP/1.1" 200 -
2024-12-18 23:42:20 - be.view.auth - INFO - 收到登录请求: {'user_id': 'test_add_book_stock_level1_user_aa495408-bd56-11ef-9c78-02a6845b4b32', 'password': 'test_add_book_stock_level1_user_aa495408-bd56-11ef-9c78-02a6845b4b32', 'terminal': 'my terminal'}
2024-12-18 23:42:20 - be.model.user - INFO - 尝试登录用户：test_add_book_stock_level1_user_aa495408-bd56-11ef-9c78-02a6845b4b32，终端：my terminal
2024-12-18 23:42:20 - be.model.user - INFO - 为用户 test_add_book_stock_level1_user_aa495408-bd56-11ef-9c78-02a6845b4b32 生成新token，终端：my terminal
2024-12-18 23:42:20 - be.model.user - INFO - 用户登录成功：test_add_book_stock_level1_user_aa495408-bd56-11ef-9c78-02a6845b4b32
2024-12-18 23:42:20 - be.view.auth - INFO - 登录处理结果: 200
2024-12-18 23:42:20 - werkzeug - INFO - 127.0.0.1 - - [18/Dec/2024 23:42:20] "POST /auth/login HTTP/1.1" 200 -
2024-12-18 23:42:21 - be.model.seller - ERROR - 创建商店失败: (pymysql.err.DataError) (1406, "Data too long for column 'store_id' at row 1")
[SQL: INSERT INTO stores (store_id, owner_id, created_at) VALUES (%(store_id)s, %(owner_id)s, %(created_at)s)]
[parameters: {'store_id': 'test_add_book_stock_level1_store_aa49550c-bd56-11ef-9c78-02a6845b4b32', 'owner_id': 23, 'created_at': datetime.datetime(2024, 12, 18, 15, 42, 21, 202147)}]
(Background on this error at: https://sqlalche.me/e/20/9h9h)
2024-12-18 23:42:21 - werkzeug - INFO - 127.0.0.1 - - [18/Dec/2024 23:42:21] "POST /seller/create_store HTTP/1.1" 200 -
2024-12-18 23:42:21 - be.view.auth - INFO - 收到注册请求: {'user_id': 'test_new_order_buyer_id_ab9b4b40-bd56-11ef-9c78-02a6845b4b32', 'password': 'test_new_order_seller_id_ab9b4a50-bd56-11ef-9c78-02a6845b4b32'}
2024-12-18 23:42:21 - be.model.user - INFO - 尝试注册新用户：test_new_order_buyer_id_ab9b4b40-bd56-11ef-9c78-02a6845b4b32
2024-12-18 23:42:21 - be.model.user - INFO - 加密密码...
2024-12-18 23:42:21 - be.model.user - INFO - 创建新用户...
2024-12-18 23:42:21 - be.model.user - INFO - 添加用户到数据库...
2024-12-18 23:42:22 - be.model.user - INFO - 用户注册成功：test_new_order_buyer_id_ab9b4b40-bd56-11ef-9c78-02a6845b4b32
2024-12-18 23:42:22 - be.view.auth - INFO - 注册处理结果: 200
2024-12-18 23:42:22 - werkzeug - INFO - 127.0.0.1 - - [18/Dec/2024 23:42:22] "POST /auth/register HTTP/1.1" 200 -
2024-12-18 23:42:22 - be.view.auth - INFO - 收到登录请求: {'user_id': 'test_new_order_buyer_id_ab9b4b40-bd56-11ef-9c78-02a6845b4b32', 'password': 'test_new_order_seller_id_ab9b4a50-bd56-11ef-9c78-02a6845b4b32', 'terminal': 'my terminal'}
2024-12-18 23:42:22 - be.model.user - INFO - 尝试登录用户：test_new_order_buyer_id_ab9b4b40-bd56-11ef-9c78-02a6845b4b32，终端：my terminal
2024-12-18 23:42:22 - be.model.user - INFO - 为用户 test_new_order_buyer_id_ab9b4b40-bd56-11ef-9c78-02a6845b4b32 生成新token，终端：my terminal
2024-12-18 23:42:22 - be.model.user - INFO - 用户登录成功：test_new_order_buyer_id_ab9b4b40-bd56-11ef-9c78-02a6845b4b32
2024-12-18 23:42:22 - be.view.auth - INFO - 登录处理结果: 200
2024-12-18 23:42:22 - werkzeug - INFO - 127.0.0.1 - - [18/Dec/2024 23:42:22] "POST /auth/login HTTP/1.1" 200 -
2024-12-18 23:42:22 - be.view.auth - INFO - 收到注册请求: {'user_id': 'test_new_order_seller_id_ab9b4a50-bd56-11ef-9c78-02a6845b4b32', 'password': 'test_new_order_seller_id_ab9b4a50-bd56-11ef-9c78-02a6845b4b32'}
2024-12-18 23:42:22 - be.model.user - INFO - 尝试注册新用户：test_new_order_seller_id_ab9b4a50-bd56-11ef-9c78-02a6845b4b32
2024-12-18 23:42:22 - be.model.user - INFO - 加密密码...
2024-12-18 23:42:22 - be.model.user - INFO - 创建新用户...
2024-12-18 23:42:22 - be.model.user - INFO - 添加用户到数据库...
2024-12-18 23:42:23 - be.model.user - INFO - 用户注册成功：test_new_order_seller_id_ab9b4a50-bd56-11ef-9c78-02a6845b4b32
2024-12-18 23:42:23 - be.view.auth - INFO - 注册处理结果: 200
2024-12-18 23:42:23 - werkzeug - INFO - 127.0.0.1 - - [18/Dec/2024 23:42:23] "POST /auth/register HTTP/1.1" 200 -
2024-12-18 23:42:23 - be.view.auth - INFO - 收到登录请求: {'user_id': 'test_new_order_seller_id_ab9b4a50-bd56-11ef-9c78-02a6845b4b32', 'password': 'test_new_order_seller_id_ab9b4a50-bd56-11ef-9c78-02a6845b4b32', 'terminal': 'my terminal'}
2024-12-18 23:42:23 - be.model.user - INFO - 尝试登录用户：test_new_order_seller_id_ab9b4a50-bd56-11ef-9c78-02a6845b4b32，终端：my terminal
2024-12-18 23:42:23 - be.model.user - INFO - 为用户 test_new_order_seller_id_ab9b4a50-bd56-11ef-9c78-02a6845b4b32 生成新token，终端：my terminal
2024-12-18 23:42:23 - be.model.user - INFO - 用户登录成功：test_new_order_seller_id_ab9b4a50-bd56-11ef-9c78-02a6845b4b32
2024-12-18 23:42:23 - be.view.auth - INFO - 登录处理结果: 200
2024-12-18 23:42:23 - werkzeug - INFO - 127.0.0.1 - - [18/Dec/2024 23:42:23] "POST /auth/login HTTP/1.1" 200 -
2024-12-18 23:42:24 - be.model.seller - ERROR - 创建商店失败: (pymysql.err.DataError) (1406, "Data too long for column 'store_id' at row 1")
[SQL: INSERT INTO stores (store_id, owner_id, created_at) VALUES (%(store_id)s, %(owner_id)s, %(created_at)s)]
[parameters: {'store_id': 'test_new_order_store_id_ab9b4b22-bd56-11ef-9c78-02a6845b4b32', 'owner_id': 25, 'created_at': datetime.datetime(2024, 12, 18, 15, 42, 24, 57122)}]
(Background on this error at: https://sqlalche.me/e/20/9h9h)
2024-12-18 23:42:24 - werkzeug - INFO - 127.0.0.1 - - [18/Dec/2024 23:42:24] "POST /seller/create_store HTTP/1.1" 200 -
2024-12-18 23:42:24 - be.view.auth - INFO - 收到注册请求: {'user_id': 'test_new_order_buyer_id_ad4f1ce6-bd56-11ef-9c78-02a6845b4b32', 'password': 'test_new_order_seller_id_ad4f1bb0-bd56-11ef-9c78-02a6845b4b32'}
2024-12-18 23:42:24 - be.model.user - INFO - 尝试注册新用户：test_new_order_buyer_id_ad4f1ce6-bd56-11ef-9c78-02a6845b4b32
2024-12-18 23:42:24 - be.model.user - INFO - 加密密码...
2024-12-18 23:42:24 - be.model.user - INFO - 创建新用户...
2024-12-18 23:42:24 - be.model.user - INFO - 添加用户到数据库...
2024-12-18 23:42:25 - be.model.user - INFO - 用户注册成功：test_new_order_buyer_id_ad4f1ce6-bd56-11ef-9c78-02a6845b4b32
2024-12-18 23:42:25 - be.view.auth - INFO - 注册处理结果: 200
2024-12-18 23:42:25 - werkzeug - INFO - 127.0.0.1 - - [18/Dec/2024 23:42:25] "POST /auth/register HTTP/1.1" 200 -
2024-12-18 23:42:25 - be.view.auth - INFO - 收到登录请求: {'user_id': 'test_new_order_buyer_id_ad4f1ce6-bd56-11ef-9c78-02a6845b4b32', 'password': 'test_new_order_seller_id_ad4f1bb0-bd56-11ef-9c78-02a6845b4b32', 'terminal': 'my terminal'}
2024-12-18 23:42:25 - be.model.user - INFO - 尝试登录用户：test_new_order_buyer_id_ad4f1ce6-bd56-11ef-9c78-02a6845b4b32，终端：my terminal
2024-12-18 23:42:25 - be.model.user - INFO - 为用户 test_new_order_buyer_id_ad4f1ce6-bd56-11ef-9c78-02a6845b4b32 生成新token，终端：my terminal
2024-12-18 23:42:25 - be.model.user - INFO - 用户登录成功：test_new_order_buyer_id_ad4f1ce6-bd56-11ef-9c78-02a6845b4b32
2024-12-18 23:42:25 - be.view.auth - INFO - 登录处理结果: 200
2024-12-18 23:42:25 - werkzeug - INFO - 127.0.0.1 - - [18/Dec/2024 23:42:25] "POST /auth/login HTTP/1.1" 200 -
2024-12-18 23:42:25 - be.view.auth - INFO - 收到注册请求: {'user_id': 'test_new_order_seller_id_ad4f1bb0-bd56-11ef-9c78-02a6845b4b32', 'password': 'test_new_order_seller_id_ad4f1bb0-bd56-11ef-9c78-02a6845b4b32'}
2024-12-18 23:42:25 - be.model.user - INFO - 尝试注册新用户：test_new_order_seller_id_ad4f1bb0-bd56-11ef-9c78-02a6845b4b32
2024-12-18 23:42:25 - be.model.user - INFO - 加密密码...
2024-12-18 23:42:25 - be.model.user - INFO - 创建新用户...
2024-12-18 23:42:25 - be.model.user - INFO - 添加用户到数据库...
2024-12-18 23:42:26 - be.model.user - INFO - 用户注册成功：test_new_order_seller_id_ad4f1bb0-bd56-11ef-9c78-02a6845b4b32
2024-12-18 23:42:26 - be.view.auth - INFO - 注册处理结果: 200
2024-12-18 23:42:26 - werkzeug - INFO - 127.0.0.1 - - [18/Dec/2024 23:42:26] "POST /auth/register HTTP/1.1" 200 -
2024-12-18 23:42:26 - be.view.auth - INFO - 收到登录请求: {'user_id': 'test_new_order_seller_id_ad4f1bb0-bd56-11ef-9c78-02a6845b4b32', 'password': 'test_new_order_seller_id_ad4f1bb0-bd56-11ef-9c78-02a6845b4b32', 'terminal': 'my terminal'}
2024-12-18 23:42:26 - be.model.user - INFO - 尝试登录用户：test_new_order_seller_id_ad4f1bb0-bd56-11ef-9c78-02a6845b4b32，终端：my terminal
2024-12-18 23:42:26 - be.model.user - INFO - 为用户 test_new_order_seller_id_ad4f1bb0-bd56-11ef-9c78-02a6845b4b32 生成新token，终端：my terminal
2024-12-18 23:42:26 - be.model.user - INFO - 用户登录成功：test_new_order_seller_id_ad4f1bb0-bd56-11ef-9c78-02a6845b4b32
2024-12-18 23:42:26 - be.view.auth - INFO - 登录处理结果: 200
2024-12-18 23:42:26 - werkzeug - INFO - 127.0.0.1 - - [18/Dec/2024 23:42:26] "POST /auth/login HTTP/1.1" 200 -
2024-12-18 23:42:27 - be.model.seller - ERROR - 创建商店失败: (pymysql.err.DataError) (1406, "Data too long for column 'store_id' at row 1")
[SQL: INSERT INTO stores (store_id, owner_id, created_at) VALUES (%(store_id)s, %(owner_id)s, %(created_at)s)]
[parameters: {'store_id': 'test_new_order_store_id_ad4f1cb4-bd56-11ef-9c78-02a6845b4b32', 'owner_id': 27, 'created_at': datetime.datetime(2024, 12, 18, 15, 42, 26, 987425)}]
(Background on this error at: https://sqlalche.me/e/20/9h9h)
2024-12-18 23:42:27 - werkzeug - INFO - 127.0.0.1 - - [18/Dec/2024 23:42:27] "POST /seller/create_store HTTP/1.1" 200 -
2024-12-18 23:42:27 - be.view.auth - INFO - 收到注册请求: {'user_id': 'test_new_order_buyer_id_af0dcfc8-bd56-11ef-9c78-02a6845b4b32', 'password': 'test_new_order_seller_id_af0dce92-bd56-11ef-9c78-02a6845b4b32'}
2024-12-18 23:42:27 - be.model.user - INFO - 尝试注册新用户：test_new_order_buyer_id_af0dcfc8-bd56-11ef-9c78-02a6845b4b32
2024-12-18 23:42:27 - be.model.user - INFO - 加密密码...
2024-12-18 23:42:27 - be.model.user - INFO - 创建新用户...
2024-12-18 23:42:27 - be.model.user - INFO - 添加用户到数据库...
2024-12-18 23:42:27 - be.model.user - INFO - 用户注册成功：test_new_order_buyer_id_af0dcfc8-bd56-11ef-9c78-02a6845b4b32
2024-12-18 23:42:27 - be.view.auth - INFO - 注册处理结果: 200
2024-12-18 23:42:27 - werkzeug - INFO - 127.0.0.1 - - [18/Dec/2024 23:42:27] "POST /auth/register HTTP/1.1" 200 -
2024-12-18 23:42:27 - be.view.auth - INFO - 收到登录请求: {'user_id': 'test_new_order_buyer_id_af0dcfc8-bd56-11ef-9c78-02a6845b4b32', 'password': 'test_new_order_seller_id_af0dce92-bd56-11ef-9c78-02a6845b4b32', 'terminal': 'my terminal'}
2024-12-18 23:42:27 - be.model.user - INFO - 尝试登录用户：test_new_order_buyer_id_af0dcfc8-bd56-11ef-9c78-02a6845b4b32，终端：my terminal
2024-12-18 23:42:28 - be.model.user - INFO - 为用户 test_new_order_buyer_id_af0dcfc8-bd56-11ef-9c78-02a6845b4b32 生成新token，终端：my terminal
2024-12-18 23:42:28 - be.model.user - INFO - 用户登录成功：test_new_order_buyer_id_af0dcfc8-bd56-11ef-9c78-02a6845b4b32
2024-12-18 23:42:28 - be.view.auth - INFO - 登录处理结果: 200
2024-12-18 23:42:28 - werkzeug - INFO - 127.0.0.1 - - [18/Dec/2024 23:42:28] "POST /auth/login HTTP/1.1" 200 -
2024-12-18 23:42:28 - be.view.auth - INFO - 收到注册请求: {'user_id': 'test_new_order_seller_id_af0dce92-bd56-11ef-9c78-02a6845b4b32', 'password': 'test_new_order_seller_id_af0dce92-bd56-11ef-9c78-02a6845b4b32'}
2024-12-18 23:42:28 - be.model.user - INFO - 尝试注册新用户：test_new_order_seller_id_af0dce92-bd56-11ef-9c78-02a6845b4b32
2024-12-18 23:42:28 - be.model.user - INFO - 加密密码...
2024-12-18 23:42:28 - be.model.user - INFO - 创建新用户...
2024-12-18 23:42:28 - be.model.user - INFO - 添加用户到数据库...
2024-12-18 23:42:29 - be.model.user - INFO - 用户注册成功：test_new_order_seller_id_af0dce92-bd56-11ef-9c78-02a6845b4b32
2024-12-18 23:42:29 - be.view.auth - INFO - 注册处理结果: 200
2024-12-18 23:42:29 - werkzeug - INFO - 127.0.0.1 - - [18/Dec/2024 23:42:29] "POST /auth/register HTTP/1.1" 200 -
2024-12-18 23:42:29 - be.view.auth - INFO - 收到登录请求: {'user_id': 'test_new_order_seller_id_af0dce92-bd56-11ef-9c78-02a6845b4b32', 'password': 'test_new_order_seller_id_af0dce92-bd56-11ef-9c78-02a6845b4b32', 'terminal': 'my terminal'}
2024-12-18 23:42:29 - be.model.user - INFO - 尝试登录用户：test_new_order_seller_id_af0dce92-bd56-11ef-9c78-02a6845b4b32，终端：my terminal
2024-12-18 23:42:29 - be.model.user - INFO - 为用户 test_new_order_seller_id_af0dce92-bd56-11ef-9c78-02a6845b4b32 生成新token，终端：my terminal
2024-12-18 23:42:29 - be.model.user - INFO - 用户登录成功：test_new_order_seller_id_af0dce92-bd56-11ef-9c78-02a6845b4b32
2024-12-18 23:42:30 - be.view.auth - INFO - 登录处理结果: 200
2024-12-18 23:42:30 - werkzeug - INFO - 127.0.0.1 - - [18/Dec/2024 23:42:30] "POST /auth/login HTTP/1.1" 200 -
2024-12-18 23:42:31 - be.model.seller - ERROR - 创建商店失败: (pymysql.err.DataError) (1406, "Data too long for column 'store_id' at row 1")
[SQL: INSERT INTO stores (store_id, owner_id, created_at) VALUES (%(store_id)s, %(owner_id)s, %(created_at)s)]
[parameters: {'store_id': 'test_new_order_store_id_af0dcf8c-bd56-11ef-9c78-02a6845b4b32', 'owner_id': 29, 'created_at': datetime.datetime(2024, 12, 18, 15, 42, 30, 546823)}]
(Background on this error at: https://sqlalche.me/e/20/9h9h)
2024-12-18 23:42:31 - werkzeug - INFO - 127.0.0.1 - - [18/Dec/2024 23:42:31] "POST /seller/create_store HTTP/1.1" 200 -
2024-12-18 23:42:31 - be.view.auth - INFO - 收到注册请求: {'user_id': 'test_new_order_buyer_id_b16a0fac-bd56-11ef-9c78-02a6845b4b32', 'password': 'test_new_order_seller_id_b16a0e6c-bd56-11ef-9c78-02a6845b4b32'}
2024-12-18 23:42:31 - be.model.user - INFO - 尝试注册新用户：test_new_order_buyer_id_b16a0fac-bd56-11ef-9c78-02a6845b4b32
2024-12-18 23:42:31 - be.model.user - INFO - 加密密码...
2024-12-18 23:42:31 - be.model.user - INFO - 创建新用户...
2024-12-18 23:42:31 - be.model.user - INFO - 添加用户到数据库...
2024-12-18 23:42:31 - be.model.user - INFO - 用户注册成功：test_new_order_buyer_id_b16a0fac-bd56-11ef-9c78-02a6845b4b32
2024-12-18 23:42:31 - be.view.auth - INFO - 注册处理结果: 200
2024-12-18 23:42:31 - werkzeug - INFO - 127.0.0.1 - - [18/Dec/2024 23:42:31] "POST /auth/register HTTP/1.1" 200 -
2024-12-18 23:42:31 - be.view.auth - INFO - 收到登录请求: {'user_id': 'test_new_order_buyer_id_b16a0fac-bd56-11ef-9c78-02a6845b4b32', 'password': 'test_new_order_seller_id_b16a0e6c-bd56-11ef-9c78-02a6845b4b32', 'terminal': 'my terminal'}
2024-12-18 23:42:31 - be.model.user - INFO - 尝试登录用户：test_new_order_buyer_id_b16a0fac-bd56-11ef-9c78-02a6845b4b32，终端：my terminal
2024-12-18 23:42:32 - be.model.user - INFO - 为用户 test_new_order_buyer_id_b16a0fac-bd56-11ef-9c78-02a6845b4b32 生成新token，终端：my terminal
2024-12-18 23:42:32 - be.model.user - INFO - 用户登录成功：test_new_order_buyer_id_b16a0fac-bd56-11ef-9c78-02a6845b4b32
2024-12-18 23:42:32 - be.view.auth - INFO - 登录处理结果: 200
2024-12-18 23:42:32 - werkzeug - INFO - 127.0.0.1 - - [18/Dec/2024 23:42:32] "POST /auth/login HTTP/1.1" 200 -
2024-12-18 23:42:32 - be.view.auth - INFO - 收到注册请求: {'user_id': 'test_new_order_seller_id_b16a0e6c-bd56-11ef-9c78-02a6845b4b32', 'password': 'test_new_order_seller_id_b16a0e6c-bd56-11ef-9c78-02a6845b4b32'}
2024-12-18 23:42:32 - be.model.user - INFO - 尝试注册新用户：test_new_order_seller_id_b16a0e6c-bd56-11ef-9c78-02a6845b4b32
2024-12-18 23:42:32 - be.model.user - INFO - 加密密码...
2024-12-18 23:42:32 - be.model.user - INFO - 创建新用户...
2024-12-18 23:42:32 - be.model.user - INFO - 添加用户到数据库...
2024-12-18 23:42:32 - be.model.user - INFO - 用户注册成功：test_new_order_seller_id_b16a0e6c-bd56-11ef-9c78-02a6845b4b32
2024-12-18 23:42:32 - be.view.auth - INFO - 注册处理结果: 200
2024-12-18 23:42:32 - werkzeug - INFO - 127.0.0.1 - - [18/Dec/2024 23:42:32] "POST /auth/register HTTP/1.1" 200 -
2024-12-18 23:42:33 - be.view.auth - INFO - 收到登录请求: {'user_id': 'test_new_order_seller_id_b16a0e6c-bd56-11ef-9c78-02a6845b4b32', 'password': 'test_new_order_seller_id_b16a0e6c-bd56-11ef-9c78-02a6845b4b32', 'terminal': 'my terminal'}
2024-12-18 23:42:33 - be.model.user - INFO - 尝试登录用户：test_new_order_seller_id_b16a0e6c-bd56-11ef-9c78-02a6845b4b32，终端：my terminal
2024-12-18 23:42:33 - be.model.user - INFO - 为用户 test_new_order_seller_id_b16a0e6c-bd56-11ef-9c78-02a6845b4b32 生成新token，终端：my terminal
2024-12-18 23:42:33 - be.model.user - INFO - 用户登录成功：test_new_order_seller_id_b16a0e6c-bd56-11ef-9c78-02a6845b4b32
2024-12-18 23:42:33 - be.view.auth - INFO - 登录处理结果: 200
2024-12-18 23:42:33 - werkzeug - INFO - 127.0.0.1 - - [18/Dec/2024 23:42:33] "POST /auth/login HTTP/1.1" 200 -
2024-12-18 23:42:34 - be.model.seller - ERROR - 创建商店失败: (pymysql.err.DataError) (1406, "Data too long for column 'store_id' at row 1")
[SQL: INSERT INTO stores (store_id, owner_id, created_at) VALUES (%(store_id)s, %(owner_id)s, %(created_at)s)]
[parameters: {'store_id': 'test_new_order_store_id_b16a0f70-bd56-11ef-9c78-02a6845b4b32', 'owner_id': 31, 'created_at': datetime.datetime(2024, 12, 18, 15, 42, 33, 895530)}]
(Background on this error at: https://sqlalche.me/e/20/9h9h)
2024-12-18 23:42:34 - werkzeug - INFO - 127.0.0.1 - - [18/Dec/2024 23:42:34] "POST /seller/create_store HTTP/1.1" 200 -
2024-12-18 23:42:34 - be.view.auth - INFO - 收到注册请求: {'user_id': 'test_new_order_buyer_id_b3307fba-bd56-11ef-9c78-02a6845b4b32', 'password': 'test_new_order_seller_id_b3307e70-bd56-11ef-9c78-02a6845b4b32'}
2024-12-18 23:42:34 - be.model.user - INFO - 尝试注册新用户：test_new_order_buyer_id_b3307fba-bd56-11ef-9c78-02a6845b4b32
2024-12-18 23:42:34 - be.model.user - INFO - 加密密码...
2024-12-18 23:42:34 - be.model.user - INFO - 创建新用户...
2024-12-18 23:42:34 - be.model.user - INFO - 添加用户到数据库...
2024-12-18 23:42:34 - be.model.user - INFO - 用户注册成功：test_new_order_buyer_id_b3307fba-bd56-11ef-9c78-02a6845b4b32
2024-12-18 23:42:34 - be.view.auth - INFO - 注册处理结果: 200
2024-12-18 23:42:34 - werkzeug - INFO - 127.0.0.1 - - [18/Dec/2024 23:42:34] "POST /auth/register HTTP/1.1" 200 -
2024-12-18 23:42:34 - be.view.auth - INFO - 收到登录请求: {'user_id': 'test_new_order_buyer_id_b3307fba-bd56-11ef-9c78-02a6845b4b32', 'password': 'test_new_order_seller_id_b3307e70-bd56-11ef-9c78-02a6845b4b32', 'terminal': 'my terminal'}
2024-12-18 23:42:34 - be.model.user - INFO - 尝试登录用户：test_new_order_buyer_id_b3307fba-bd56-11ef-9c78-02a6845b4b32，终端：my terminal
2024-12-18 23:42:35 - be.model.user - INFO - 为用户 test_new_order_buyer_id_b3307fba-bd56-11ef-9c78-02a6845b4b32 生成新token，终端：my terminal
2024-12-18 23:42:35 - be.model.user - INFO - 用户登录成功：test_new_order_buyer_id_b3307fba-bd56-11ef-9c78-02a6845b4b32
2024-12-18 23:42:35 - be.view.auth - INFO - 登录处理结果: 200
2024-12-18 23:42:35 - werkzeug - INFO - 127.0.0.1 - - [18/Dec/2024 23:42:35] "POST /auth/login HTTP/1.1" 200 -
2024-12-18 23:42:35 - be.view.auth - INFO - 收到注册请求: {'user_id': 'test_new_order_seller_id_b3307e70-bd56-11ef-9c78-02a6845b4b32', 'password': 'test_new_order_seller_id_b3307e70-bd56-11ef-9c78-02a6845b4b32'}
2024-12-18 23:42:35 - be.model.user - INFO - 尝试注册新用户：test_new_order_seller_id_b3307e70-bd56-11ef-9c78-02a6845b4b32
2024-12-18 23:42:35 - be.model.user - INFO - 加密密码...
2024-12-18 23:42:35 - be.model.user - INFO - 创建新用户...
2024-12-18 23:42:35 - be.model.user - INFO - 添加用户到数据库...
2024-12-18 23:42:36 - be.model.user - INFO - 用户注册成功：test_new_order_seller_id_b3307e70-bd56-11ef-9c78-02a6845b4b32
2024-12-18 23:42:36 - be.view.auth - INFO - 注册处理结果: 200
2024-12-18 23:42:36 - werkzeug - INFO - 127.0.0.1 - - [18/Dec/2024 23:42:36] "POST /auth/register HTTP/1.1" 200 -
2024-12-18 23:42:36 - be.view.auth - INFO - 收到登录请求: {'user_id': 'test_new_order_seller_id_b3307e70-bd56-11ef-9c78-02a6845b4b32', 'password': 'test_new_order_seller_id_b3307e70-bd56-11ef-9c78-02a6845b4b32', 'terminal': 'my terminal'}
2024-12-18 23:42:36 - be.model.user - INFO - 尝试登录用户：test_new_order_seller_id_b3307e70-bd56-11ef-9c78-02a6845b4b32，终端：my terminal
2024-12-18 23:42:36 - be.model.user - INFO - 为用户 test_new_order_seller_id_b3307e70-bd56-11ef-9c78-02a6845b4b32 生成新token，终端：my terminal
2024-12-18 23:42:36 - be.model.user - INFO - 用户登录成功：test_new_order_seller_id_b3307e70-bd56-11ef-9c78-02a6845b4b32
2024-12-18 23:42:36 - be.view.auth - INFO - 登录处理结果: 200
2024-12-18 23:42:36 - werkzeug - INFO - 127.0.0.1 - - [18/Dec/2024 23:42:36] "POST /auth/login HTTP/1.1" 200 -
2024-12-18 23:42:37 - be.model.seller - ERROR - 创建商店失败: (pymysql.err.DataError) (1406, "Data too long for column 'store_id' at row 1")
[SQL: INSERT INTO stores (store_id, owner_id, created_at) VALUES (%(store_id)s, %(owner_id)s, %(created_at)s)]
[parameters: {'store_id': 'test_new_order_store_id_b3307f7e-bd56-11ef-9c78-02a6845b4b32', 'owner_id': 33, 'created_at': datetime.datetime(2024, 12, 18, 15, 42, 36, 897916)}]
(Background on this error at: https://sqlalche.me/e/20/9h9h)
2024-12-18 23:42:37 - werkzeug - INFO - 127.0.0.1 - - [18/Dec/2024 23:42:37] "POST /seller/create_store HTTP/1.1" 200 -
2024-12-18 23:42:37 - be.view.auth - INFO - 收到注册请求: {'user_id': 'test_payment_seller_id_b4f3a5b6-bd56-11ef-9c78-02a6845b4b32', 'password': 'test_payment_seller_id_b4f3a5b6-bd56-11ef-9c78-02a6845b4b32'}
2024-12-18 23:42:37 - be.model.user - INFO - 尝试注册新用户：test_payment_seller_id_b4f3a5b6-bd56-11ef-9c78-02a6845b4b32
2024-12-18 23:42:37 - be.model.user - INFO - 加密密码...
2024-12-18 23:42:37 - be.model.user - INFO - 创建新用户...
2024-12-18 23:42:37 - be.model.user - INFO - 添加用户到数据库...
2024-12-18 23:42:37 - be.model.user - INFO - 用户注册成功：test_payment_seller_id_b4f3a5b6-bd56-11ef-9c78-02a6845b4b32
2024-12-18 23:42:37 - be.view.auth - INFO - 注册处理结果: 200
2024-12-18 23:42:37 - werkzeug - INFO - 127.0.0.1 - - [18/Dec/2024 23:42:37] "POST /auth/register HTTP/1.1" 200 -
2024-12-18 23:42:37 - be.view.auth - INFO - 收到登录请求: {'user_id': 'test_payment_seller_id_b4f3a5b6-bd56-11ef-9c78-02a6845b4b32', 'password': 'test_payment_seller_id_b4f3a5b6-bd56-11ef-9c78-02a6845b4b32', 'terminal': 'my terminal'}
2024-12-18 23:42:37 - be.model.user - INFO - 尝试登录用户：test_payment_seller_id_b4f3a5b6-bd56-11ef-9c78-02a6845b4b32，终端：my terminal
2024-12-18 23:42:38 - be.model.user - INFO - 为用户 test_payment_seller_id_b4f3a5b6-bd56-11ef-9c78-02a6845b4b32 生成新token，终端：my terminal
2024-12-18 23:42:38 - be.model.user - INFO - 用户登录成功：test_payment_seller_id_b4f3a5b6-bd56-11ef-9c78-02a6845b4b32
2024-12-18 23:42:38 - be.view.auth - INFO - 登录处理结果: 200
2024-12-18 23:42:38 - werkzeug - INFO - 127.0.0.1 - - [18/Dec/2024 23:42:38] "POST /auth/login HTTP/1.1" 200 -
2024-12-18 23:42:39 - be.model.seller - ERROR - 创建商店失败: (pymysql.err.DataError) (1406, "Data too long for column 'store_id' at row 1")
[SQL: INSERT INTO stores (store_id, owner_id, created_at) VALUES (%(store_id)s, %(owner_id)s, %(created_at)s)]
[parameters: {'store_id': 'test_payment_store_id_b4f3a692-bd56-11ef-9c78-02a6845b4b32', 'owner_id': 34, 'created_at': datetime.datetime(2024, 12, 18, 15, 42, 38, 724760)}]
(Background on this error at: https://sqlalche.me/e/20/9h9h)
2024-12-18 23:42:39 - werkzeug - INFO - 127.0.0.1 - - [18/Dec/2024 23:42:39] "POST /seller/create_store HTTP/1.1" 200 -
2024-12-18 23:42:39 - be.view.auth - INFO - 收到注册请求: {'user_id': 'test_payment_seller_id_b6086d10-bd56-11ef-9c78-02a6845b4b32', 'password': 'test_payment_seller_id_b6086d10-bd56-11ef-9c78-02a6845b4b32'}
2024-12-18 23:42:39 - be.model.user - INFO - 尝试注册新用户：test_payment_seller_id_b6086d10-bd56-11ef-9c78-02a6845b4b32
2024-12-18 23:42:39 - be.model.user - INFO - 加密密码...
2024-12-18 23:42:39 - be.model.user - INFO - 创建新用户...
2024-12-18 23:42:39 - be.model.user - INFO - 添加用户到数据库...
2024-12-18 23:42:39 - be.model.user - INFO - 用户注册成功：test_payment_seller_id_b6086d10-bd56-11ef-9c78-02a6845b4b32
2024-12-18 23:42:39 - be.view.auth - INFO - 注册处理结果: 200
2024-12-18 23:42:39 - werkzeug - INFO - 127.0.0.1 - - [18/Dec/2024 23:42:39] "POST /auth/register HTTP/1.1" 200 -
2024-12-18 23:42:39 - be.view.auth - INFO - 收到登录请求: {'user_id': 'test_payment_seller_id_b6086d10-bd56-11ef-9c78-02a6845b4b32', 'password': 'test_payment_seller_id_b6086d10-bd56-11ef-9c78-02a6845b4b32', 'terminal': 'my terminal'}
2024-12-18 23:42:39 - be.model.user - INFO - 尝试登录用户：test_payment_seller_id_b6086d10-bd56-11ef-9c78-02a6845b4b32，终端：my terminal
2024-12-18 23:42:39 - be.model.user - INFO - 为用户 test_payment_seller_id_b6086d10-bd56-11ef-9c78-02a6845b4b32 生成新token，终端：my terminal
2024-12-18 23:42:39 - be.model.user - INFO - 用户登录成功：test_payment_seller_id_b6086d10-bd56-11ef-9c78-02a6845b4b32
2024-12-18 23:42:40 - be.view.auth - INFO - 登录处理结果: 200
2024-12-18 23:42:40 - werkzeug - INFO - 127.0.0.1 - - [18/Dec/2024 23:42:40] "POST /auth/login HTTP/1.1" 200 -
2024-12-18 23:42:40 - be.model.seller - ERROR - 创建商店失败: (pymysql.err.DataError) (1406, "Data too long for column 'store_id' at row 1")
[SQL: INSERT INTO stores (store_id, owner_id, created_at) VALUES (%(store_id)s, %(owner_id)s, %(created_at)s)]
[parameters: {'store_id': 'test_payment_store_id_b6086e14-bd56-11ef-9c78-02a6845b4b32', 'owner_id': 35, 'created_at': datetime.datetime(2024, 12, 18, 15, 42, 40, 387814)}]
(Background on this error at: https://sqlalche.me/e/20/9h9h)
2024-12-18 23:42:40 - werkzeug - INFO - 127.0.0.1 - - [18/Dec/2024 23:42:40] "POST /seller/create_store HTTP/1.1" 200 -
2024-12-18 23:42:40 - be.view.auth - INFO - 收到注册请求: {'user_id': 'test_payment_seller_id_b700dbb2-bd56-11ef-9c78-02a6845b4b32', 'password': 'test_payment_seller_id_b700dbb2-bd56-11ef-9c78-02a6845b4b32'}
2024-12-18 23:42:40 - be.model.user - INFO - 尝试注册新用户：test_payment_seller_id_b700dbb2-bd56-11ef-9c78-02a6845b4b32
2024-12-18 23:42:40 - be.model.user - INFO - 加密密码...
2024-12-18 23:42:40 - be.model.user - INFO - 创建新用户...
2024-12-18 23:42:40 - be.model.user - INFO - 添加用户到数据库...
2024-12-18 23:42:41 - be.model.user - INFO - 用户注册成功：test_payment_seller_id_b700dbb2-bd56-11ef-9c78-02a6845b4b32
2024-12-18 23:42:41 - be.view.auth - INFO - 注册处理结果: 200
2024-12-18 23:42:41 - werkzeug - INFO - 127.0.0.1 - - [18/Dec/2024 23:42:41] "POST /auth/register HTTP/1.1" 200 -
2024-12-18 23:42:41 - be.view.auth - INFO - 收到登录请求: {'user_id': 'test_payment_seller_id_b700dbb2-bd56-11ef-9c78-02a6845b4b32', 'password': 'test_payment_seller_id_b700dbb2-bd56-11ef-9c78-02a6845b4b32', 'terminal': 'my terminal'}
2024-12-18 23:42:41 - be.model.user - INFO - 尝试登录用户：test_payment_seller_id_b700dbb2-bd56-11ef-9c78-02a6845b4b32，终端：my terminal
2024-12-18 23:42:41 - be.model.user - INFO - 为用户 test_payment_seller_id_b700dbb2-bd56-11ef-9c78-02a6845b4b32 生成新token，终端：my terminal
2024-12-18 23:42:41 - be.model.user - INFO - 用户登录成功：test_payment_seller_id_b700dbb2-bd56-11ef-9c78-02a6845b4b32
2024-12-18 23:42:41 - be.view.auth - INFO - 登录处理结果: 200
2024-12-18 23:42:41 - werkzeug - INFO - 127.0.0.1 - - [18/Dec/2024 23:42:41] "POST /auth/login HTTP/1.1" 200 -
2024-12-18 23:42:42 - be.model.seller - ERROR - 创建商店失败: (pymysql.err.DataError) (1406, "Data too long for column 'store_id' at row 1")
[SQL: INSERT INTO stores (store_id, owner_id, created_at) VALUES (%(store_id)s, %(owner_id)s, %(created_at)s)]
[parameters: {'store_id': 'test_payment_store_id_b700dcac-bd56-11ef-9c78-02a6845b4b32', 'owner_id': 36, 'created_at': datetime.datetime(2024, 12, 18, 15, 42, 42, 5449)}]
(Background on this error at: https://sqlalche.me/e/20/9h9h)
2024-12-18 23:42:42 - werkzeug - INFO - 127.0.0.1 - - [18/Dec/2024 23:42:42] "POST /seller/create_store HTTP/1.1" 200 -
2024-12-18 23:42:42 - be.view.auth - INFO - 收到注册请求: {'user_id': 'test_payment_seller_id_b8011bf8-bd56-11ef-9c78-02a6845b4b32', 'password': 'test_payment_seller_id_b8011bf8-bd56-11ef-9c78-02a6845b4b32'}
2024-12-18 23:42:42 - be.model.user - INFO - 尝试注册新用户：test_payment_seller_id_b8011bf8-bd56-11ef-9c78-02a6845b4b32
2024-12-18 23:42:42 - be.model.user - INFO - 加密密码...
2024-12-18 23:42:42 - be.model.user - INFO - 创建新用户...
2024-12-18 23:42:42 - be.model.user - INFO - 添加用户到数据库...
2024-12-18 23:42:43 - be.model.user - INFO - 用户注册成功：test_payment_seller_id_b8011bf8-bd56-11ef-9c78-02a6845b4b32
2024-12-18 23:42:43 - be.view.auth - INFO - 注册处理结果: 200
2024-12-18 23:42:43 - werkzeug - INFO - 127.0.0.1 - - [18/Dec/2024 23:42:43] "POST /auth/register HTTP/1.1" 200 -
2024-12-18 23:42:43 - be.view.auth - INFO - 收到登录请求: {'user_id': 'test_payment_seller_id_b8011bf8-bd56-11ef-9c78-02a6845b4b32', 'password': 'test_payment_seller_id_b8011bf8-bd56-11ef-9c78-02a6845b4b32', 'terminal': 'my terminal'}
2024-12-18 23:42:43 - be.model.user - INFO - 尝试登录用户：test_payment_seller_id_b8011bf8-bd56-11ef-9c78-02a6845b4b32，终端：my terminal
2024-12-18 23:42:43 - be.model.user - INFO - 为用户 test_payment_seller_id_b8011bf8-bd56-11ef-9c78-02a6845b4b32 生成新token，终端：my terminal
2024-12-18 23:42:43 - be.model.user - INFO - 用户登录成功：test_payment_seller_id_b8011bf8-bd56-11ef-9c78-02a6845b4b32
2024-12-18 23:42:43 - be.view.auth - INFO - 登录处理结果: 200
2024-12-18 23:42:43 - werkzeug - INFO - 127.0.0.1 - - [18/Dec/2024 23:42:43] "POST /auth/login HTTP/1.1" 200 -
2024-12-18 23:42:44 - be.model.seller - ERROR - 创建商店失败: (pymysql.err.DataError) (1406, "Data too long for column 'store_id' at row 1")
[SQL: INSERT INTO stores (store_id, owner_id, created_at) VALUES (%(store_id)s, %(owner_id)s, %(created_at)s)]
[parameters: {'store_id': 'test_payment_store_id_b8011cd4-bd56-11ef-9c78-02a6845b4b32', 'owner_id': 37, 'created_at': datetime.datetime(2024, 12, 18, 15, 42, 43, 888972)}]
(Background on this error at: https://sqlalche.me/e/20/9h9h)
2024-12-18 23:42:44 - werkzeug - INFO - 127.0.0.1 - - [18/Dec/2024 23:42:44] "POST /seller/create_store HTTP/1.1" 200 -
2024-12-18 23:42:44 - be.serve - INFO - 正在关闭服务器...
2024-12-18 23:42:44 - be.serve - ERROR - 关闭服务器失败: Not running with the Werkzeug Server
2024-12-18 23:48:25 - __main__ - INFO - 
{'='*20} 开始运行所有测试 {'='*20}
2024-12-18 23:48:25 - be.model.db_config - INFO - 清理数据库...
2024-12-18 23:48:31 - be.model.db_config - INFO - 数据库清理完成
2024-12-18 23:48:32 - be.model.db_config - INFO - 已创建的表: ['book', 'book_images', 'books', 'order_items', 'orders', 'stores', 'users']
2024-12-18 23:48:32 - be.model.user - INFO - 创建 UserManager 实例
2024-12-18 23:48:32 - be.serve - INFO - 正在启动服务器...
2024-12-18 23:48:32 - be.serve - INFO - 创建Flask应用...
2024-12-18 23:48:32 - be.serve - INFO - 初始化数据库...
2024-12-18 23:48:32 - be.model.db_config - INFO - 清理数据库...
2024-12-18 23:48:42 - be.model.db_config - INFO - 数据库清理完成
2024-12-18 23:48:43 - be.model.db_config - INFO - 已创建的表: ['book', 'book_images', 'books', 'order_items', 'orders', 'stores', 'users']
2024-12-18 23:48:43 - be.model.db_config - INFO - 删除所有表...
2024-12-18 23:48:49 - be.model.db_config - INFO - 数据库初始化完成
2024-12-18 23:48:50 - be.model.db_config - INFO - 已创建的表: ['book', 'book_images', 'books', 'order_items', 'orders', 'stores', 'users']
2024-12-18 23:48:50 - be.serve - INFO - 数据库初始化成功
2024-12-18 23:48:50 - be.serve - INFO - 注册蓝图...
2024-12-18 23:48:50 - be.serve - INFO - 启动服务器...
2024-12-18 23:48:50 - werkzeug - INFO - [31m[1mWARNING: This is a development server. Do not use it in a production deployment. Use a production WSGI server instead.[0m
 * Running on http://127.0.0.1:5555
2024-12-18 23:48:50 - werkzeug - INFO - [33mPress CTRL+C to quit[0m
2024-12-18 23:48:50 - be.view.auth - INFO - 收到注册请求: {'user_id': 'test_register_user_1734536930.353184', 'password': 'test_register_password_1734536930.353193'}
2024-12-18 23:48:50 - be.model.user - INFO - 尝试注册新用户：test_register_user_1734536930.353184
2024-12-18 23:48:50 - be.model.user - ERROR - 注册失败: Mapper 'Mapper[Book(books)]' has no property 'images'.  If this property was indicated from other mappers or configure events, ensure registry.configure() has been called.
2024-12-18 23:48:50 - be.view.auth - INFO - 注册处理结果: 500
2024-12-18 23:48:50 - werkzeug - INFO - 127.0.0.1 - - [18/Dec/2024 23:48:50] "[35m[1mPOST /auth/register HTTP/1.1[0m" 500 -
2024-12-18 23:48:50 - be.view.auth - INFO - 收到注册请求: {'user_id': 'test_register_user_1734536930.391566', 'password': 'test_register_password_1734536930.391569'}
2024-12-18 23:48:50 - be.model.user - INFO - 尝试注册新用户：test_register_user_1734536930.391566
2024-12-18 23:48:50 - be.model.user - ERROR - 注册失败: One or more mappers failed to initialize - can't proceed with initialization of other mappers. Triggering mapper: 'Mapper[BookImage(book_images)]'. Original exception was: Mapper 'Mapper[Book(books)]' has no property 'images'.  If this property was indicated from other mappers or configure events, ensure registry.configure() has been called.
2024-12-18 23:48:50 - be.view.auth - INFO - 注册处理结果: 500
2024-12-18 23:48:50 - werkzeug - INFO - 127.0.0.1 - - [18/Dec/2024 23:48:50] "[35m[1mPOST /auth/register HTTP/1.1[0m" 500 -
2024-12-18 23:48:50 - be.view.auth - INFO - 收到注册请求: {'user_id': 'test_register_user_1734536930.3943229', 'password': 'test_register_password_1734536930.394324'}
2024-12-18 23:48:50 - be.model.user - INFO - 尝试注册新用户：test_register_user_1734536930.3943229
2024-12-18 23:48:50 - be.model.user - ERROR - 注册失败: One or more mappers failed to initialize - can't proceed with initialization of other mappers. Triggering mapper: 'Mapper[BookImage(book_images)]'. Original exception was: Mapper 'Mapper[Book(books)]' has no property 'images'.  If this property was indicated from other mappers or configure events, ensure registry.configure() has been called.
2024-12-18 23:48:50 - be.view.auth - INFO - 注册处理结果: 500
2024-12-18 23:48:50 - werkzeug - INFO - 127.0.0.1 - - [18/Dec/2024 23:48:50] "[35m[1mPOST /auth/register HTTP/1.1[0m" 500 -
2024-12-18 23:48:50 - be.view.auth - INFO - 收到注册请求: {'user_id': 'test_register_user_1734536930.3967218', 'password': 'test_register_password_1734536930.396724'}
2024-12-18 23:48:50 - be.model.user - INFO - 尝试注册新用户：test_register_user_1734536930.3967218
2024-12-18 23:48:50 - be.model.user - ERROR - 注册失败: One or more mappers failed to initialize - can't proceed with initialization of other mappers. Triggering mapper: 'Mapper[BookImage(book_images)]'. Original exception was: Mapper 'Mapper[Book(books)]' has no property 'images'.  If this property was indicated from other mappers or configure events, ensure registry.configure() has been called.
2024-12-18 23:48:50 - be.view.auth - INFO - 注册处理结果: 500
2024-12-18 23:48:50 - werkzeug - INFO - 127.0.0.1 - - [18/Dec/2024 23:48:50] "[35m[1mPOST /auth/register HTTP/1.1[0m" 500 -
2024-12-18 23:48:50 - be.view.auth - INFO - 收到注册请求: {'user_id': 'test_login_1734536930.3997781', 'password': 'password_test_login_1734536930.3997781'}
2024-12-18 23:48:50 - be.model.user - INFO - 尝试注册新用户：test_login_1734536930.3997781
2024-12-18 23:48:50 - be.model.user - ERROR - 注册失败: One or more mappers failed to initialize - can't proceed with initialization of other mappers. Triggering mapper: 'Mapper[BookImage(book_images)]'. Original exception was: Mapper 'Mapper[Book(books)]' has no property 'images'.  If this property was indicated from other mappers or configure events, ensure registry.configure() has been called.
2024-12-18 23:48:50 - be.view.auth - INFO - 注册处理结果: 500
2024-12-18 23:48:50 - werkzeug - INFO - 127.0.0.1 - - [18/Dec/2024 23:48:50] "[35m[1mPOST /auth/register HTTP/1.1[0m" 500 -
2024-12-18 23:48:50 - be.view.auth - INFO - 收到注册请求: {'user_id': 'test_login_1734536930.402924', 'password': 'password_test_login_1734536930.402924'}
2024-12-18 23:48:50 - be.model.user - INFO - 尝试注册新用户：test_login_1734536930.402924
2024-12-18 23:48:50 - be.model.user - ERROR - 注册失败: One or more mappers failed to initialize - can't proceed with initialization of other mappers. Triggering mapper: 'Mapper[BookImage(book_images)]'. Original exception was: Mapper 'Mapper[Book(books)]' has no property 'images'.  If this property was indicated from other mappers or configure events, ensure registry.configure() has been called.
2024-12-18 23:48:50 - be.view.auth - INFO - 注册处理结果: 500
2024-12-18 23:48:50 - werkzeug - INFO - 127.0.0.1 - - [18/Dec/2024 23:48:50] "[35m[1mPOST /auth/register HTTP/1.1[0m" 500 -
2024-12-18 23:48:50 - be.view.auth - INFO - 收到注册请求: {'user_id': 'test_login_1734536930.405748', 'password': 'password_test_login_1734536930.405748'}
2024-12-18 23:48:50 - be.model.user - INFO - 尝试注册新用户：test_login_1734536930.405748
2024-12-18 23:48:50 - be.model.user - ERROR - 注册失败: One or more mappers failed to initialize - can't proceed with initialization of other mappers. Triggering mapper: 'Mapper[BookImage(book_images)]'. Original exception was: Mapper 'Mapper[Book(books)]' has no property 'images'.  If this property was indicated from other mappers or configure events, ensure registry.configure() has been called.
2024-12-18 23:48:50 - be.view.auth - INFO - 注册处理结果: 500
2024-12-18 23:48:50 - werkzeug - INFO - 127.0.0.1 - - [18/Dec/2024 23:48:50] "[35m[1mPOST /auth/register HTTP/1.1[0m" 500 -
2024-12-18 23:48:50 - be.view.auth - INFO - 收到注册请求: {'user_id': 'test_password_935f6fec-bd57-11ef-b397-02a6845b4b32', 'password': 'old_password_test_password_935f6fec-bd57-11ef-b397-02a6845b4b32'}
2024-12-18 23:48:50 - be.model.user - INFO - 尝试注册新用户：test_password_935f6fec-bd57-11ef-b397-02a6845b4b32
2024-12-18 23:48:50 - be.model.user - ERROR - 注册失败: One or more mappers failed to initialize - can't proceed with initialization of other mappers. Triggering mapper: 'Mapper[BookImage(book_images)]'. Original exception was: Mapper 'Mapper[Book(books)]' has no property 'images'.  If this property was indicated from other mappers or configure events, ensure registry.configure() has been called.
2024-12-18 23:48:50 - be.view.auth - INFO - 注册处理结果: 500
2024-12-18 23:48:50 - werkzeug - INFO - 127.0.0.1 - - [18/Dec/2024 23:48:50] "[35m[1mPOST /auth/register HTTP/1.1[0m" 500 -
2024-12-18 23:48:50 - be.view.auth - INFO - 收到注册请求: {'user_id': 'test_password_935fddce-bd57-11ef-b397-02a6845b4b32', 'password': 'old_password_test_password_935fddce-bd57-11ef-b397-02a6845b4b32'}
2024-12-18 23:48:50 - be.model.user - INFO - 尝试注册新用户：test_password_935fddce-bd57-11ef-b397-02a6845b4b32
2024-12-18 23:48:50 - be.model.user - ERROR - 注册失败: One or more mappers failed to initialize - can't proceed with initialization of other mappers. Triggering mapper: 'Mapper[BookImage(book_images)]'. Original exception was: Mapper 'Mapper[Book(books)]' has no property 'images'.  If this property was indicated from other mappers or configure events, ensure registry.configure() has been called.
2024-12-18 23:48:50 - be.view.auth - INFO - 注册处理结果: 500
2024-12-18 23:48:50 - werkzeug - INFO - 127.0.0.1 - - [18/Dec/2024 23:48:50] "[35m[1mPOST /auth/register HTTP/1.1[0m" 500 -
2024-12-18 23:48:50 - be.view.auth - INFO - 收到注册请求: {'user_id': 'test_password_93605010-bd57-11ef-b397-02a6845b4b32', 'password': 'old_password_test_password_93605010-bd57-11ef-b397-02a6845b4b32'}
2024-12-18 23:48:50 - be.model.user - INFO - 尝试注册新用户：test_password_93605010-bd57-11ef-b397-02a6845b4b32
2024-12-18 23:48:50 - be.model.user - ERROR - 注册失败: One or more mappers failed to initialize - can't proceed with initialization of other mappers. Triggering mapper: 'Mapper[BookImage(book_images)]'. Original exception was: Mapper 'Mapper[Book(books)]' has no property 'images'.  If this property was indicated from other mappers or configure events, ensure registry.configure() has been called.
2024-12-18 23:48:50 - be.view.auth - INFO - 注册处理结果: 500
2024-12-18 23:48:50 - werkzeug - INFO - 127.0.0.1 - - [18/Dec/2024 23:48:50] "[35m[1mPOST /auth/register HTTP/1.1[0m" 500 -
2024-12-18 23:48:50 - be.view.auth - INFO - 收到注册请求: {'user_id': 'test_add_funds_9360c40a-bd57-11ef-b397-02a6845b4b32', 'password': 'test_add_funds_9360c40a-bd57-11ef-b397-02a6845b4b32'}
2024-12-18 23:48:50 - be.model.user - INFO - 尝试注册新用户：test_add_funds_9360c40a-bd57-11ef-b397-02a6845b4b32
2024-12-18 23:48:50 - be.model.user - ERROR - 注册失败: One or more mappers failed to initialize - can't proceed with initialization of other mappers. Triggering mapper: 'Mapper[BookImage(book_images)]'. Original exception was: Mapper 'Mapper[Book(books)]' has no property 'images'.  If this property was indicated from other mappers or configure events, ensure registry.configure() has been called.
2024-12-18 23:48:50 - be.view.auth - INFO - 注册处理结果: 500
2024-12-18 23:48:50 - werkzeug - INFO - 127.0.0.1 - - [18/Dec/2024 23:48:50] "[35m[1mPOST /auth/register HTTP/1.1[0m" 500 -
2024-12-18 23:48:50 - be.view.auth - INFO - 收到注册请求: {'user_id': 'test_add_funds_93612b7a-bd57-11ef-b397-02a6845b4b32', 'password': 'test_add_funds_93612b7a-bd57-11ef-b397-02a6845b4b32'}
2024-12-18 23:48:50 - be.model.user - INFO - 尝试注册新用户：test_add_funds_93612b7a-bd57-11ef-b397-02a6845b4b32
2024-12-18 23:48:50 - be.model.user - ERROR - 注册失败: One or more mappers failed to initialize - can't proceed with initialization of other mappers. Triggering mapper: 'Mapper[BookImage(book_images)]'. Original exception was: Mapper 'Mapper[Book(books)]' has no property 'images'.  If this property was indicated from other mappers or configure events, ensure registry.configure() has been called.
2024-12-18 23:48:50 - be.view.auth - INFO - 注册处理结果: 500
2024-12-18 23:48:50 - werkzeug - INFO - 127.0.0.1 - - [18/Dec/2024 23:48:50] "[35m[1mPOST /auth/register HTTP/1.1[0m" 500 -
2024-12-18 23:48:50 - be.view.auth - INFO - 收到注册请求: {'user_id': 'test_add_funds_9361959c-bd57-11ef-b397-02a6845b4b32', 'password': 'test_add_funds_9361959c-bd57-11ef-b397-02a6845b4b32'}
2024-12-18 23:48:50 - be.model.user - INFO - 尝试注册新用户：test_add_funds_9361959c-bd57-11ef-b397-02a6845b4b32
2024-12-18 23:48:50 - be.model.user - ERROR - 注册失败: One or more mappers failed to initialize - can't proceed with initialization of other mappers. Triggering mapper: 'Mapper[BookImage(book_images)]'. Original exception was: Mapper 'Mapper[Book(books)]' has no property 'images'.  If this property was indicated from other mappers or configure events, ensure registry.configure() has been called.
2024-12-18 23:48:50 - be.view.auth - INFO - 注册处理结果: 500
2024-12-18 23:48:50 - werkzeug - INFO - 127.0.0.1 - - [18/Dec/2024 23:48:50] "[35m[1mPOST /auth/register HTTP/1.1[0m" 500 -
2024-12-18 23:48:50 - be.view.auth - INFO - 收到注册请求: {'user_id': 'test_create_store_user_9361fac8-bd57-11ef-b397-02a6845b4b32', 'password': 'test_create_store_user_9361fac8-bd57-11ef-b397-02a6845b4b32'}
2024-12-18 23:48:50 - be.model.user - INFO - 尝试注册新用户：test_create_store_user_9361fac8-bd57-11ef-b397-02a6845b4b32
2024-12-18 23:48:50 - be.model.user - ERROR - 注册失败: One or more mappers failed to initialize - can't proceed with initialization of other mappers. Triggering mapper: 'Mapper[BookImage(book_images)]'. Original exception was: Mapper 'Mapper[Book(books)]' has no property 'images'.  If this property was indicated from other mappers or configure events, ensure registry.configure() has been called.
2024-12-18 23:48:50 - be.view.auth - INFO - 注册处理结果: 500
2024-12-18 23:48:50 - werkzeug - INFO - 127.0.0.1 - - [18/Dec/2024 23:48:50] "[35m[1mPOST /auth/register HTTP/1.1[0m" 500 -
2024-12-18 23:48:50 - be.view.auth - INFO - 收到注册请求: {'user_id': 'test_create_store_user_936261e8-bd57-11ef-b397-02a6845b4b32', 'password': 'test_create_store_user_936261e8-bd57-11ef-b397-02a6845b4b32'}
2024-12-18 23:48:50 - be.model.user - INFO - 尝试注册新用户：test_create_store_user_936261e8-bd57-11ef-b397-02a6845b4b32
2024-12-18 23:48:50 - be.model.user - ERROR - 注册失败: One or more mappers failed to initialize - can't proceed with initialization of other mappers. Triggering mapper: 'Mapper[BookImage(book_images)]'. Original exception was: Mapper 'Mapper[Book(books)]' has no property 'images'.  If this property was indicated from other mappers or configure events, ensure registry.configure() has been called.
2024-12-18 23:48:50 - be.view.auth - INFO - 注册处理结果: 500
2024-12-18 23:48:50 - werkzeug - INFO - 127.0.0.1 - - [18/Dec/2024 23:48:50] "[35m[1mPOST /auth/register HTTP/1.1[0m" 500 -
2024-12-18 23:48:50 - be.view.auth - INFO - 收到注册请求: {'user_id': 'test_add_books_seller_id_9362bc38-bd57-11ef-b397-02a6845b4b32', 'password': 'test_add_books_seller_id_9362bc38-bd57-11ef-b397-02a6845b4b32'}
2024-12-18 23:48:50 - be.model.user - INFO - 尝试注册新用户：test_add_books_seller_id_9362bc38-bd57-11ef-b397-02a6845b4b32
2024-12-18 23:48:50 - be.model.user - ERROR - 注册失败: One or more mappers failed to initialize - can't proceed with initialization of other mappers. Triggering mapper: 'Mapper[BookImage(book_images)]'. Original exception was: Mapper 'Mapper[Book(books)]' has no property 'images'.  If this property was indicated from other mappers or configure events, ensure registry.configure() has been called.
2024-12-18 23:48:50 - be.view.auth - INFO - 注册处理结果: 500
2024-12-18 23:48:50 - werkzeug - INFO - 127.0.0.1 - - [18/Dec/2024 23:48:50] "[35m[1mPOST /auth/register HTTP/1.1[0m" 500 -
2024-12-18 23:48:50 - be.view.auth - INFO - 收到注册请求: {'user_id': 'test_add_books_seller_id_93632e52-bd57-11ef-b397-02a6845b4b32', 'password': 'test_add_books_seller_id_93632e52-bd57-11ef-b397-02a6845b4b32'}
2024-12-18 23:48:50 - be.model.user - INFO - 尝试注册新用户：test_add_books_seller_id_93632e52-bd57-11ef-b397-02a6845b4b32
2024-12-18 23:48:50 - be.model.user - ERROR - 注册失败: One or more mappers failed to initialize - can't proceed with initialization of other mappers. Triggering mapper: 'Mapper[BookImage(book_images)]'. Original exception was: Mapper 'Mapper[Book(books)]' has no property 'images'.  If this property was indicated from other mappers or configure events, ensure registry.configure() has been called.
2024-12-18 23:48:50 - be.view.auth - INFO - 注册处理结果: 500
2024-12-18 23:48:50 - werkzeug - INFO - 127.0.0.1 - - [18/Dec/2024 23:48:50] "[35m[1mPOST /auth/register HTTP/1.1[0m" 500 -
2024-12-18 23:48:50 - be.view.auth - INFO - 收到注册请求: {'user_id': 'test_add_books_seller_id_9363989c-bd57-11ef-b397-02a6845b4b32', 'password': 'test_add_books_seller_id_9363989c-bd57-11ef-b397-02a6845b4b32'}
2024-12-18 23:48:50 - be.model.user - INFO - 尝试注册新用户：test_add_books_seller_id_9363989c-bd57-11ef-b397-02a6845b4b32
2024-12-18 23:48:50 - be.model.user - ERROR - 注册失败: One or more mappers failed to initialize - can't proceed with initialization of other mappers. Triggering mapper: 'Mapper[BookImage(book_images)]'. Original exception was: Mapper 'Mapper[Book(books)]' has no property 'images'.  If this property was indicated from other mappers or configure events, ensure registry.configure() has been called.
2024-12-18 23:48:50 - be.view.auth - INFO - 注册处理结果: 500
2024-12-18 23:48:50 - werkzeug - INFO - 127.0.0.1 - - [18/Dec/2024 23:48:50] "[35m[1mPOST /auth/register HTTP/1.1[0m" 500 -
2024-12-18 23:48:50 - be.view.auth - INFO - 收到注册请求: {'user_id': 'test_add_books_seller_id_93640700-bd57-11ef-b397-02a6845b4b32', 'password': 'test_add_books_seller_id_93640700-bd57-11ef-b397-02a6845b4b32'}
2024-12-18 23:48:50 - be.model.user - INFO - 尝试注册新用户：test_add_books_seller_id_93640700-bd57-11ef-b397-02a6845b4b32
2024-12-18 23:48:50 - be.model.user - ERROR - 注册失败: One or more mappers failed to initialize - can't proceed with initialization of other mappers. Triggering mapper: 'Mapper[BookImage(book_images)]'. Original exception was: Mapper 'Mapper[Book(books)]' has no property 'images'.  If this property was indicated from other mappers or configure events, ensure registry.configure() has been called.
2024-12-18 23:48:50 - be.view.auth - INFO - 注册处理结果: 500
2024-12-18 23:48:50 - werkzeug - INFO - 127.0.0.1 - - [18/Dec/2024 23:48:50] "[35m[1mPOST /auth/register HTTP/1.1[0m" 500 -
2024-12-18 23:48:50 - be.view.auth - INFO - 收到注册请求: {'user_id': 'test_add_book_stock_level1_user_936473ca-bd57-11ef-b397-02a6845b4b32', 'password': 'test_add_book_stock_level1_user_936473ca-bd57-11ef-b397-02a6845b4b32'}
2024-12-18 23:48:50 - be.model.user - INFO - 尝试注册新用户：test_add_book_stock_level1_user_936473ca-bd57-11ef-b397-02a6845b4b32
2024-12-18 23:48:50 - be.model.user - ERROR - 注册失败: One or more mappers failed to initialize - can't proceed with initialization of other mappers. Triggering mapper: 'Mapper[BookImage(book_images)]'. Original exception was: Mapper 'Mapper[Book(books)]' has no property 'images'.  If this property was indicated from other mappers or configure events, ensure registry.configure() has been called.
2024-12-18 23:48:50 - be.view.auth - INFO - 注册处理结果: 500
2024-12-18 23:48:50 - werkzeug - INFO - 127.0.0.1 - - [18/Dec/2024 23:48:50] "[35m[1mPOST /auth/register HTTP/1.1[0m" 500 -
2024-12-18 23:48:50 - be.view.auth - INFO - 收到注册请求: {'user_id': 'test_add_book_stock_level1_user_9364e4e0-bd57-11ef-b397-02a6845b4b32', 'password': 'test_add_book_stock_level1_user_9364e4e0-bd57-11ef-b397-02a6845b4b32'}
2024-12-18 23:48:50 - be.model.user - INFO - 尝试注册新用户：test_add_book_stock_level1_user_9364e4e0-bd57-11ef-b397-02a6845b4b32
2024-12-18 23:48:50 - be.model.user - ERROR - 注册失败: One or more mappers failed to initialize - can't proceed with initialization of other mappers. Triggering mapper: 'Mapper[BookImage(book_images)]'. Original exception was: Mapper 'Mapper[Book(books)]' has no property 'images'.  If this property was indicated from other mappers or configure events, ensure registry.configure() has been called.
2024-12-18 23:48:50 - be.view.auth - INFO - 注册处理结果: 500
2024-12-18 23:48:50 - werkzeug - INFO - 127.0.0.1 - - [18/Dec/2024 23:48:50] "[35m[1mPOST /auth/register HTTP/1.1[0m" 500 -
2024-12-18 23:48:50 - be.view.auth - INFO - 收到注册请求: {'user_id': 'test_add_book_stock_level1_user_936550d8-bd57-11ef-b397-02a6845b4b32', 'password': 'test_add_book_stock_level1_user_936550d8-bd57-11ef-b397-02a6845b4b32'}
2024-12-18 23:48:50 - be.model.user - INFO - 尝试注册新用户：test_add_book_stock_level1_user_936550d8-bd57-11ef-b397-02a6845b4b32
2024-12-18 23:48:50 - be.model.user - ERROR - 注册失败: One or more mappers failed to initialize - can't proceed with initialization of other mappers. Triggering mapper: 'Mapper[BookImage(book_images)]'. Original exception was: Mapper 'Mapper[Book(books)]' has no property 'images'.  If this property was indicated from other mappers or configure events, ensure registry.configure() has been called.
2024-12-18 23:48:50 - be.view.auth - INFO - 注册处理结果: 500
2024-12-18 23:48:50 - werkzeug - INFO - 127.0.0.1 - - [18/Dec/2024 23:48:50] "[35m[1mPOST /auth/register HTTP/1.1[0m" 500 -
2024-12-18 23:48:50 - be.view.auth - INFO - 收到注册请求: {'user_id': 'test_add_book_stock_level1_user_9365bcb2-bd57-11ef-b397-02a6845b4b32', 'password': 'test_add_book_stock_level1_user_9365bcb2-bd57-11ef-b397-02a6845b4b32'}
2024-12-18 23:48:50 - be.model.user - INFO - 尝试注册新用户：test_add_book_stock_level1_user_9365bcb2-bd57-11ef-b397-02a6845b4b32
2024-12-18 23:48:50 - be.model.user - ERROR - 注册失败: One or more mappers failed to initialize - can't proceed with initialization of other mappers. Triggering mapper: 'Mapper[BookImage(book_images)]'. Original exception was: Mapper 'Mapper[Book(books)]' has no property 'images'.  If this property was indicated from other mappers or configure events, ensure registry.configure() has been called.
2024-12-18 23:48:50 - be.view.auth - INFO - 注册处理结果: 500
2024-12-18 23:48:50 - werkzeug - INFO - 127.0.0.1 - - [18/Dec/2024 23:48:50] "[35m[1mPOST /auth/register HTTP/1.1[0m" 500 -
2024-12-18 23:48:50 - be.view.auth - INFO - 收到注册请求: {'user_id': 'test_new_order_buyer_id_9366288c-bd57-11ef-b397-02a6845b4b32', 'password': 'test_new_order_seller_id_9366283c-bd57-11ef-b397-02a6845b4b32'}
2024-12-18 23:48:50 - be.model.user - INFO - 尝试注册新用户：test_new_order_buyer_id_9366288c-bd57-11ef-b397-02a6845b4b32
2024-12-18 23:48:50 - be.model.user - ERROR - 注册失败: One or more mappers failed to initialize - can't proceed with initialization of other mappers. Triggering mapper: 'Mapper[BookImage(book_images)]'. Original exception was: Mapper 'Mapper[Book(books)]' has no property 'images'.  If this property was indicated from other mappers or configure events, ensure registry.configure() has been called.
2024-12-18 23:48:50 - be.view.auth - INFO - 注册处理结果: 500
2024-12-18 23:48:50 - werkzeug - INFO - 127.0.0.1 - - [18/Dec/2024 23:48:50] "[35m[1mPOST /auth/register HTTP/1.1[0m" 500 -
2024-12-18 23:48:50 - be.view.auth - INFO - 收到注册请求: {'user_id': 'test_new_order_buyer_id_936695c4-bd57-11ef-b397-02a6845b4b32', 'password': 'test_new_order_seller_id_93669538-bd57-11ef-b397-02a6845b4b32'}
2024-12-18 23:48:50 - be.model.user - INFO - 尝试注册新用户：test_new_order_buyer_id_936695c4-bd57-11ef-b397-02a6845b4b32
2024-12-18 23:48:50 - be.model.user - ERROR - 注册失败: One or more mappers failed to initialize - can't proceed with initialization of other mappers. Triggering mapper: 'Mapper[BookImage(book_images)]'. Original exception was: Mapper 'Mapper[Book(books)]' has no property 'images'.  If this property was indicated from other mappers or configure events, ensure registry.configure() has been called.
2024-12-18 23:48:50 - be.view.auth - INFO - 注册处理结果: 500
2024-12-18 23:48:50 - werkzeug - INFO - 127.0.0.1 - - [18/Dec/2024 23:48:50] "[35m[1mPOST /auth/register HTTP/1.1[0m" 500 -
2024-12-18 23:48:50 - be.view.auth - INFO - 收到注册请求: {'user_id': 'test_new_order_buyer_id_93671a26-bd57-11ef-b397-02a6845b4b32', 'password': 'test_new_order_seller_id_936719b8-bd57-11ef-b397-02a6845b4b32'}
2024-12-18 23:48:50 - be.model.user - INFO - 尝试注册新用户：test_new_order_buyer_id_93671a26-bd57-11ef-b397-02a6845b4b32
2024-12-18 23:48:50 - be.model.user - ERROR - 注册失败: One or more mappers failed to initialize - can't proceed with initialization of other mappers. Triggering mapper: 'Mapper[BookImage(book_images)]'. Original exception was: Mapper 'Mapper[Book(books)]' has no property 'images'.  If this property was indicated from other mappers or configure events, ensure registry.configure() has been called.
2024-12-18 23:48:50 - be.view.auth - INFO - 注册处理结果: 500
2024-12-18 23:48:50 - werkzeug - INFO - 127.0.0.1 - - [18/Dec/2024 23:48:50] "[35m[1mPOST /auth/register HTTP/1.1[0m" 500 -
2024-12-18 23:48:50 - be.view.auth - INFO - 收到注册请求: {'user_id': 'test_new_order_buyer_id_93679d16-bd57-11ef-b397-02a6845b4b32', 'password': 'test_new_order_seller_id_93679cbc-bd57-11ef-b397-02a6845b4b32'}
2024-12-18 23:48:50 - be.model.user - INFO - 尝试注册新用户：test_new_order_buyer_id_93679d16-bd57-11ef-b397-02a6845b4b32
2024-12-18 23:48:50 - be.model.user - ERROR - 注册失败: One or more mappers failed to initialize - can't proceed with initialization of other mappers. Triggering mapper: 'Mapper[BookImage(book_images)]'. Original exception was: Mapper 'Mapper[Book(books)]' has no property 'images'.  If this property was indicated from other mappers or configure events, ensure registry.configure() has been called.
2024-12-18 23:48:50 - be.view.auth - INFO - 注册处理结果: 500
2024-12-18 23:48:50 - werkzeug - INFO - 127.0.0.1 - - [18/Dec/2024 23:48:50] "[35m[1mPOST /auth/register HTTP/1.1[0m" 500 -
2024-12-18 23:48:50 - be.view.auth - INFO - 收到注册请求: {'user_id': 'test_new_order_buyer_id_93680a08-bd57-11ef-b397-02a6845b4b32', 'password': 'test_new_order_seller_id_936809b8-bd57-11ef-b397-02a6845b4b32'}
2024-12-18 23:48:50 - be.model.user - INFO - 尝试注册新用户：test_new_order_buyer_id_93680a08-bd57-11ef-b397-02a6845b4b32
2024-12-18 23:48:50 - be.model.user - ERROR - 注册失败: One or more mappers failed to initialize - can't proceed with initialization of other mappers. Triggering mapper: 'Mapper[BookImage(book_images)]'. Original exception was: Mapper 'Mapper[Book(books)]' has no property 'images'.  If this property was indicated from other mappers or configure events, ensure registry.configure() has been called.
2024-12-18 23:48:50 - be.view.auth - INFO - 注册处理结果: 500
2024-12-18 23:48:50 - werkzeug - INFO - 127.0.0.1 - - [18/Dec/2024 23:48:50] "[35m[1mPOST /auth/register HTTP/1.1[0m" 500 -
2024-12-18 23:48:50 - be.view.auth - INFO - 收到注册请求: {'user_id': 'test_payment_seller_id_9368725e-bd57-11ef-b397-02a6845b4b32', 'password': 'test_payment_seller_id_9368725e-bd57-11ef-b397-02a6845b4b32'}
2024-12-18 23:48:50 - be.model.user - INFO - 尝试注册新用户：test_payment_seller_id_9368725e-bd57-11ef-b397-02a6845b4b32
2024-12-18 23:48:50 - be.model.user - ERROR - 注册失败: One or more mappers failed to initialize - can't proceed with initialization of other mappers. Triggering mapper: 'Mapper[BookImage(book_images)]'. Original exception was: Mapper 'Mapper[Book(books)]' has no property 'images'.  If this property was indicated from other mappers or configure events, ensure registry.configure() has been called.
2024-12-18 23:48:50 - be.view.auth - INFO - 注册处理结果: 500
2024-12-18 23:48:50 - werkzeug - INFO - 127.0.0.1 - - [18/Dec/2024 23:48:50] "[35m[1mPOST /auth/register HTTP/1.1[0m" 500 -
2024-12-18 23:48:50 - be.view.auth - INFO - 收到注册请求: {'user_id': 'test_payment_seller_id_9368fcd8-bd57-11ef-b397-02a6845b4b32', 'password': 'test_payment_seller_id_9368fcd8-bd57-11ef-b397-02a6845b4b32'}
2024-12-18 23:48:50 - be.model.user - INFO - 尝试注册新用户：test_payment_seller_id_9368fcd8-bd57-11ef-b397-02a6845b4b32
2024-12-18 23:48:50 - be.model.user - ERROR - 注册失败: One or more mappers failed to initialize - can't proceed with initialization of other mappers. Triggering mapper: 'Mapper[BookImage(book_images)]'. Original exception was: Mapper 'Mapper[Book(books)]' has no property 'images'.  If this property was indicated from other mappers or configure events, ensure registry.configure() has been called.
2024-12-18 23:48:50 - be.view.auth - INFO - 注册处理结果: 500
2024-12-18 23:48:50 - werkzeug - INFO - 127.0.0.1 - - [18/Dec/2024 23:48:50] "[35m[1mPOST /auth/register HTTP/1.1[0m" 500 -
2024-12-18 23:48:50 - be.view.auth - INFO - 收到注册请求: {'user_id': 'test_payment_seller_id_9369837e-bd57-11ef-b397-02a6845b4b32', 'password': 'test_payment_seller_id_9369837e-bd57-11ef-b397-02a6845b4b32'}
2024-12-18 23:48:50 - be.model.user - INFO - 尝试注册新用户：test_payment_seller_id_9369837e-bd57-11ef-b397-02a6845b4b32
2024-12-18 23:48:50 - be.model.user - ERROR - 注册失败: One or more mappers failed to initialize - can't proceed with initialization of other mappers. Triggering mapper: 'Mapper[BookImage(book_images)]'. Original exception was: Mapper 'Mapper[Book(books)]' has no property 'images'.  If this property was indicated from other mappers or configure events, ensure registry.configure() has been called.
2024-12-18 23:48:50 - be.view.auth - INFO - 注册处理结果: 500
2024-12-18 23:48:50 - werkzeug - INFO - 127.0.0.1 - - [18/Dec/2024 23:48:50] "[35m[1mPOST /auth/register HTTP/1.1[0m" 500 -
2024-12-18 23:48:50 - be.view.auth - INFO - 收到注册请求: {'user_id': 'test_payment_seller_id_936a0470-bd57-11ef-b397-02a6845b4b32', 'password': 'test_payment_seller_id_936a0470-bd57-11ef-b397-02a6845b4b32'}
2024-12-18 23:48:50 - be.model.user - INFO - 尝试注册新用户：test_payment_seller_id_936a0470-bd57-11ef-b397-02a6845b4b32
2024-12-18 23:48:50 - be.model.user - ERROR - 注册失败: One or more mappers failed to initialize - can't proceed with initialization of other mappers. Triggering mapper: 'Mapper[BookImage(book_images)]'. Original exception was: Mapper 'Mapper[Book(books)]' has no property 'images'.  If this property was indicated from other mappers or configure events, ensure registry.configure() has been called.
2024-12-18 23:48:50 - be.view.auth - INFO - 注册处理结果: 500
2024-12-18 23:48:50 - werkzeug - INFO - 127.0.0.1 - - [18/Dec/2024 23:48:50] "[35m[1mPOST /auth/register HTTP/1.1[0m" 500 -
2024-12-18 23:48:50 - be.serve - INFO - 正在关闭服务器...
2024-12-18 23:48:50 - be.serve - ERROR - 关闭服务器失败: Not running with the Werkzeug Server
2024-12-18 23:58:29 - __main__ - INFO - 
{'='*20} 开始运行所有测试 {'='*20}
2024-12-18 23:58:29 - be.model.db_config - INFO - 清理数据库...
2024-12-18 23:58:37 - be.model.db_config - INFO - 数据库清理完成
2024-12-18 23:58:38 - be.model.db_config - INFO - 已创建的表: ['book', 'book_images', 'books', 'order_items', 'orders', 'stores', 'users']
2024-12-18 23:58:38 - be.model.user - INFO - 创建 UserManager 实例
2024-12-18 23:58:38 - be.serve - INFO - 正在启动服务器...
2024-12-18 23:58:38 - be.serve - INFO - 创建Flask应用...
2024-12-18 23:58:38 - be.serve - INFO - 初始化数据库...
2024-12-18 23:58:38 - be.model.db_config - INFO - 清理数据库...
2024-12-18 23:58:45 - be.model.db_config - INFO - 数据库清理完成
2024-12-18 23:58:46 - be.model.db_config - INFO - 已创建的表: ['book', 'book_images', 'books', 'order_items', 'orders', 'stores', 'users']
2024-12-18 23:58:46 - be.model.db_config - INFO - 删除所有表...
2024-12-18 23:58:52 - be.model.db_config - INFO - 数据库初始化完成
2024-12-18 23:58:53 - be.model.db_config - INFO - 已创建的表: ['book', 'book_images', 'books', 'order_items', 'orders', 'stores', 'users']
2024-12-18 23:58:53 - be.serve - INFO - 数据库初始化成功
2024-12-18 23:58:53 - be.serve - INFO - 注册蓝图...
2024-12-18 23:58:53 - be.serve - INFO - 启动服务器...
2024-12-18 23:58:53 - werkzeug - INFO - [31m[1mWARNING: This is a development server. Do not use it in a production deployment. Use a production WSGI server instead.[0m
 * Running on http://127.0.0.1:5555
2024-12-18 23:58:53 - werkzeug - INFO - [33mPress CTRL+C to quit[0m
2024-12-18 23:58:53 - be.view.auth - INFO - 收到注册请求: {'user_id': 'test_register_user_1734537533.597276', 'password': 'test_register_password_1734537533.5972931'}
2024-12-18 23:58:53 - be.model.user - INFO - 尝试注册新用户：test_register_user_1734537533.597276
2024-12-18 23:58:53 - be.model.user - ERROR - 注册失败: Mapper 'Mapper[Book(books)]' has no property 'images'.  If this property was indicated from other mappers or configure events, ensure registry.configure() has been called.
2024-12-18 23:58:53 - be.view.auth - INFO - 注册处理结果: 500
2024-12-18 23:58:53 - werkzeug - INFO - 127.0.0.1 - - [18/Dec/2024 23:58:53] "[35m[1mPOST /auth/register HTTP/1.1[0m" 500 -
2024-12-18 23:58:53 - be.view.auth - INFO - 收到注册请求: {'user_id': 'test_register_user_1734537533.634681', 'password': 'test_register_password_1734537533.6346838'}
2024-12-18 23:58:53 - be.model.user - INFO - 尝试注册新用户：test_register_user_1734537533.634681
2024-12-18 23:58:53 - be.model.user - ERROR - 注册失败: One or more mappers failed to initialize - can't proceed with initialization of other mappers. Triggering mapper: 'Mapper[BookImage(book_images)]'. Original exception was: Mapper 'Mapper[Book(books)]' has no property 'images'.  If this property was indicated from other mappers or configure events, ensure registry.configure() has been called.
2024-12-18 23:58:53 - be.view.auth - INFO - 注册处理结果: 500
2024-12-18 23:58:53 - werkzeug - INFO - 127.0.0.1 - - [18/Dec/2024 23:58:53] "[35m[1mPOST /auth/register HTTP/1.1[0m" 500 -
2024-12-18 23:58:53 - be.view.auth - INFO - 收到注册请求: {'user_id': 'test_register_user_1734537533.637671', 'password': 'test_register_password_1734537533.637673'}
2024-12-18 23:58:53 - be.model.user - INFO - 尝试注册新用户：test_register_user_1734537533.637671
2024-12-18 23:58:53 - be.model.user - ERROR - 注册失败: One or more mappers failed to initialize - can't proceed with initialization of other mappers. Triggering mapper: 'Mapper[BookImage(book_images)]'. Original exception was: Mapper 'Mapper[Book(books)]' has no property 'images'.  If this property was indicated from other mappers or configure events, ensure registry.configure() has been called.
2024-12-18 23:58:53 - be.view.auth - INFO - 注册处理结果: 500
2024-12-18 23:58:53 - werkzeug - INFO - 127.0.0.1 - - [18/Dec/2024 23:58:53] "[35m[1mPOST /auth/register HTTP/1.1[0m" 500 -
2024-12-18 23:58:53 - be.view.auth - INFO - 收到注册请求: {'user_id': 'test_register_user_1734537533.6402361', 'password': 'test_register_password_1734537533.640238'}
2024-12-18 23:58:53 - be.model.user - INFO - 尝试注册新用户：test_register_user_1734537533.6402361
2024-12-18 23:58:53 - be.model.user - ERROR - 注册失败: One or more mappers failed to initialize - can't proceed with initialization of other mappers. Triggering mapper: 'Mapper[BookImage(book_images)]'. Original exception was: Mapper 'Mapper[Book(books)]' has no property 'images'.  If this property was indicated from other mappers or configure events, ensure registry.configure() has been called.
2024-12-18 23:58:53 - be.view.auth - INFO - 注册处理结果: 500
2024-12-18 23:58:53 - werkzeug - INFO - 127.0.0.1 - - [18/Dec/2024 23:58:53] "[35m[1mPOST /auth/register HTTP/1.1[0m" 500 -
2024-12-18 23:58:53 - be.view.auth - INFO - 收到注册请求: {'user_id': 'test_login_1734537533.642879', 'password': 'password_test_login_1734537533.642879'}
2024-12-18 23:58:53 - be.model.user - INFO - 尝试注册新用户：test_login_1734537533.642879
2024-12-18 23:58:53 - be.model.user - ERROR - 注册失败: One or more mappers failed to initialize - can't proceed with initialization of other mappers. Triggering mapper: 'Mapper[BookImage(book_images)]'. Original exception was: Mapper 'Mapper[Book(books)]' has no property 'images'.  If this property was indicated from other mappers or configure events, ensure registry.configure() has been called.
2024-12-18 23:58:53 - be.view.auth - INFO - 注册处理结果: 500
2024-12-18 23:58:53 - werkzeug - INFO - 127.0.0.1 - - [18/Dec/2024 23:58:53] "[35m[1mPOST /auth/register HTTP/1.1[0m" 500 -
2024-12-18 23:58:53 - be.view.auth - INFO - 收到注册请求: {'user_id': 'test_login_1734537533.645691', 'password': 'password_test_login_1734537533.645691'}
2024-12-18 23:58:53 - be.model.user - INFO - 尝试注册新用户：test_login_1734537533.645691
2024-12-18 23:58:53 - be.model.user - ERROR - 注册失败: One or more mappers failed to initialize - can't proceed with initialization of other mappers. Triggering mapper: 'Mapper[BookImage(book_images)]'. Original exception was: Mapper 'Mapper[Book(books)]' has no property 'images'.  If this property was indicated from other mappers or configure events, ensure registry.configure() has been called.
2024-12-18 23:58:53 - be.view.auth - INFO - 注册处理结果: 500
2024-12-18 23:58:53 - werkzeug - INFO - 127.0.0.1 - - [18/Dec/2024 23:58:53] "[35m[1mPOST /auth/register HTTP/1.1[0m" 500 -
2024-12-18 23:58:53 - be.view.auth - INFO - 收到注册请求: {'user_id': 'test_login_1734537533.648442', 'password': 'password_test_login_1734537533.648442'}
2024-12-18 23:58:53 - be.model.user - INFO - 尝试注册新用户：test_login_1734537533.648442
2024-12-18 23:58:53 - be.model.user - ERROR - 注册失败: One or more mappers failed to initialize - can't proceed with initialization of other mappers. Triggering mapper: 'Mapper[BookImage(book_images)]'. Original exception was: Mapper 'Mapper[Book(books)]' has no property 'images'.  If this property was indicated from other mappers or configure events, ensure registry.configure() has been called.
2024-12-18 23:58:53 - be.view.auth - INFO - 注册处理结果: 500
2024-12-18 23:58:53 - werkzeug - INFO - 127.0.0.1 - - [18/Dec/2024 23:58:53] "[35m[1mPOST /auth/register HTTP/1.1[0m" 500 -
2024-12-18 23:58:53 - be.view.auth - INFO - 收到注册请求: {'user_id': 'test_password_faeeff3c-bd58-11ef-af9a-02a6845b4b32', 'password': 'old_password_test_password_faeeff3c-bd58-11ef-af9a-02a6845b4b32'}
2024-12-18 23:58:53 - be.model.user - INFO - 尝试注册新用户：test_password_faeeff3c-bd58-11ef-af9a-02a6845b4b32
2024-12-18 23:58:53 - be.model.user - ERROR - 注册失败: One or more mappers failed to initialize - can't proceed with initialization of other mappers. Triggering mapper: 'Mapper[BookImage(book_images)]'. Original exception was: Mapper 'Mapper[Book(books)]' has no property 'images'.  If this property was indicated from other mappers or configure events, ensure registry.configure() has been called.
2024-12-18 23:58:53 - be.view.auth - INFO - 注册处理结果: 500
2024-12-18 23:58:53 - werkzeug - INFO - 127.0.0.1 - - [18/Dec/2024 23:58:53] "[35m[1mPOST /auth/register HTTP/1.1[0m" 500 -
2024-12-18 23:58:53 - be.view.auth - INFO - 收到注册请求: {'user_id': 'test_password_faef7106-bd58-11ef-af9a-02a6845b4b32', 'password': 'old_password_test_password_faef7106-bd58-11ef-af9a-02a6845b4b32'}
2024-12-18 23:58:53 - be.model.user - INFO - 尝试注册新用户：test_password_faef7106-bd58-11ef-af9a-02a6845b4b32
2024-12-18 23:58:53 - be.model.user - ERROR - 注册失败: One or more mappers failed to initialize - can't proceed with initialization of other mappers. Triggering mapper: 'Mapper[BookImage(book_images)]'. Original exception was: Mapper 'Mapper[Book(books)]' has no property 'images'.  If this property was indicated from other mappers or configure events, ensure registry.configure() has been called.
2024-12-18 23:58:53 - be.view.auth - INFO - 注册处理结果: 500
2024-12-18 23:58:53 - werkzeug - INFO - 127.0.0.1 - - [18/Dec/2024 23:58:53] "[35m[1mPOST /auth/register HTTP/1.1[0m" 500 -
2024-12-18 23:58:53 - be.view.auth - INFO - 收到注册请求: {'user_id': 'test_password_faefdb3c-bd58-11ef-af9a-02a6845b4b32', 'password': 'old_password_test_password_faefdb3c-bd58-11ef-af9a-02a6845b4b32'}
2024-12-18 23:58:53 - be.model.user - INFO - 尝试注册新用户：test_password_faefdb3c-bd58-11ef-af9a-02a6845b4b32
2024-12-18 23:58:53 - be.model.user - ERROR - 注册失败: One or more mappers failed to initialize - can't proceed with initialization of other mappers. Triggering mapper: 'Mapper[BookImage(book_images)]'. Original exception was: Mapper 'Mapper[Book(books)]' has no property 'images'.  If this property was indicated from other mappers or configure events, ensure registry.configure() has been called.
2024-12-18 23:58:53 - be.view.auth - INFO - 注册处理结果: 500
2024-12-18 23:58:53 - werkzeug - INFO - 127.0.0.1 - - [18/Dec/2024 23:58:53] "[35m[1mPOST /auth/register HTTP/1.1[0m" 500 -
2024-12-18 23:58:53 - be.view.auth - INFO - 收到注册请求: {'user_id': 'test_add_funds_faf0521a-bd58-11ef-af9a-02a6845b4b32', 'password': 'test_add_funds_faf0521a-bd58-11ef-af9a-02a6845b4b32'}
2024-12-18 23:58:53 - be.model.user - INFO - 尝试注册新用户：test_add_funds_faf0521a-bd58-11ef-af9a-02a6845b4b32
2024-12-18 23:58:53 - be.model.user - ERROR - 注册失败: One or more mappers failed to initialize - can't proceed with initialization of other mappers. Triggering mapper: 'Mapper[BookImage(book_images)]'. Original exception was: Mapper 'Mapper[Book(books)]' has no property 'images'.  If this property was indicated from other mappers or configure events, ensure registry.configure() has been called.
2024-12-18 23:58:53 - be.view.auth - INFO - 注册处理结果: 500
2024-12-18 23:58:53 - werkzeug - INFO - 127.0.0.1 - - [18/Dec/2024 23:58:53] "[35m[1mPOST /auth/register HTTP/1.1[0m" 500 -
2024-12-18 23:58:53 - be.view.auth - INFO - 收到注册请求: {'user_id': 'test_add_funds_faf0c240-bd58-11ef-af9a-02a6845b4b32', 'password': 'test_add_funds_faf0c240-bd58-11ef-af9a-02a6845b4b32'}
2024-12-18 23:58:53 - be.model.user - INFO - 尝试注册新用户：test_add_funds_faf0c240-bd58-11ef-af9a-02a6845b4b32
2024-12-18 23:58:53 - be.model.user - ERROR - 注册失败: One or more mappers failed to initialize - can't proceed with initialization of other mappers. Triggering mapper: 'Mapper[BookImage(book_images)]'. Original exception was: Mapper 'Mapper[Book(books)]' has no property 'images'.  If this property was indicated from other mappers or configure events, ensure registry.configure() has been called.
2024-12-18 23:58:53 - be.view.auth - INFO - 注册处理结果: 500
2024-12-18 23:58:53 - werkzeug - INFO - 127.0.0.1 - - [18/Dec/2024 23:58:53] "[35m[1mPOST /auth/register HTTP/1.1[0m" 500 -
2024-12-18 23:58:53 - be.view.auth - INFO - 收到注册请求: {'user_id': 'test_add_funds_faf130f4-bd58-11ef-af9a-02a6845b4b32', 'password': 'test_add_funds_faf130f4-bd58-11ef-af9a-02a6845b4b32'}
2024-12-18 23:58:53 - be.model.user - INFO - 尝试注册新用户：test_add_funds_faf130f4-bd58-11ef-af9a-02a6845b4b32
2024-12-18 23:58:53 - be.model.user - ERROR - 注册失败: One or more mappers failed to initialize - can't proceed with initialization of other mappers. Triggering mapper: 'Mapper[BookImage(book_images)]'. Original exception was: Mapper 'Mapper[Book(books)]' has no property 'images'.  If this property was indicated from other mappers or configure events, ensure registry.configure() has been called.
2024-12-18 23:58:53 - be.view.auth - INFO - 注册处理结果: 500
2024-12-18 23:58:53 - werkzeug - INFO - 127.0.0.1 - - [18/Dec/2024 23:58:53] "[35m[1mPOST /auth/register HTTP/1.1[0m" 500 -
2024-12-18 23:58:53 - be.view.auth - INFO - 收到注册请求: {'user_id': 'test_create_store_user_faf1965c-bd58-11ef-af9a-02a6845b4b32', 'password': 'test_create_store_user_faf1965c-bd58-11ef-af9a-02a6845b4b32'}
2024-12-18 23:58:53 - be.model.user - INFO - 尝试注册新用户：test_create_store_user_faf1965c-bd58-11ef-af9a-02a6845b4b32
2024-12-18 23:58:53 - be.model.user - ERROR - 注册失败: One or more mappers failed to initialize - can't proceed with initialization of other mappers. Triggering mapper: 'Mapper[BookImage(book_images)]'. Original exception was: Mapper 'Mapper[Book(books)]' has no property 'images'.  If this property was indicated from other mappers or configure events, ensure registry.configure() has been called.
2024-12-18 23:58:53 - be.view.auth - INFO - 注册处理结果: 500
2024-12-18 23:58:53 - werkzeug - INFO - 127.0.0.1 - - [18/Dec/2024 23:58:53] "[35m[1mPOST /auth/register HTTP/1.1[0m" 500 -
2024-12-18 23:58:53 - be.view.auth - INFO - 收到注册请求: {'user_id': 'test_create_store_user_faf1f444-bd58-11ef-af9a-02a6845b4b32', 'password': 'test_create_store_user_faf1f444-bd58-11ef-af9a-02a6845b4b32'}
2024-12-18 23:58:53 - be.model.user - INFO - 尝试注册新用户：test_create_store_user_faf1f444-bd58-11ef-af9a-02a6845b4b32
2024-12-18 23:58:53 - be.model.user - ERROR - 注册失败: One or more mappers failed to initialize - can't proceed with initialization of other mappers. Triggering mapper: 'Mapper[BookImage(book_images)]'. Original exception was: Mapper 'Mapper[Book(books)]' has no property 'images'.  If this property was indicated from other mappers or configure events, ensure registry.configure() has been called.
2024-12-18 23:58:53 - be.view.auth - INFO - 注册处理结果: 500
2024-12-18 23:58:53 - werkzeug - INFO - 127.0.0.1 - - [18/Dec/2024 23:58:53] "[35m[1mPOST /auth/register HTTP/1.1[0m" 500 -
2024-12-18 23:58:53 - be.view.auth - INFO - 收到注册请求: {'user_id': 'test_add_books_seller_id_faf26064-bd58-11ef-af9a-02a6845b4b32', 'password': 'test_add_books_seller_id_faf26064-bd58-11ef-af9a-02a6845b4b32'}
2024-12-18 23:58:53 - be.model.user - INFO - 尝试注册新用户：test_add_books_seller_id_faf26064-bd58-11ef-af9a-02a6845b4b32
2024-12-18 23:58:53 - be.model.user - ERROR - 注册失败: One or more mappers failed to initialize - can't proceed with initialization of other mappers. Triggering mapper: 'Mapper[BookImage(book_images)]'. Original exception was: Mapper 'Mapper[Book(books)]' has no property 'images'.  If this property was indicated from other mappers or configure events, ensure registry.configure() has been called.
2024-12-18 23:58:53 - be.view.auth - INFO - 注册处理结果: 500
2024-12-18 23:58:53 - werkzeug - INFO - 127.0.0.1 - - [18/Dec/2024 23:58:53] "[35m[1mPOST /auth/register HTTP/1.1[0m" 500 -
2024-12-18 23:58:53 - be.view.auth - INFO - 收到注册请求: {'user_id': 'test_add_books_seller_id_faf2e28c-bd58-11ef-af9a-02a6845b4b32', 'password': 'test_add_books_seller_id_faf2e28c-bd58-11ef-af9a-02a6845b4b32'}
2024-12-18 23:58:53 - be.model.user - INFO - 尝试注册新用户：test_add_books_seller_id_faf2e28c-bd58-11ef-af9a-02a6845b4b32
2024-12-18 23:58:53 - be.model.user - ERROR - 注册失败: One or more mappers failed to initialize - can't proceed with initialization of other mappers. Triggering mapper: 'Mapper[BookImage(book_images)]'. Original exception was: Mapper 'Mapper[Book(books)]' has no property 'images'.  If this property was indicated from other mappers or configure events, ensure registry.configure() has been called.
2024-12-18 23:58:53 - be.view.auth - INFO - 注册处理结果: 500
2024-12-18 23:58:53 - werkzeug - INFO - 127.0.0.1 - - [18/Dec/2024 23:58:53] "[35m[1mPOST /auth/register HTTP/1.1[0m" 500 -
2024-12-18 23:58:53 - be.view.auth - INFO - 收到注册请求: {'user_id': 'test_add_books_seller_id_faf35064-bd58-11ef-af9a-02a6845b4b32', 'password': 'test_add_books_seller_id_faf35064-bd58-11ef-af9a-02a6845b4b32'}
2024-12-18 23:58:53 - be.model.user - INFO - 尝试注册新用户：test_add_books_seller_id_faf35064-bd58-11ef-af9a-02a6845b4b32
2024-12-18 23:58:53 - be.model.user - ERROR - 注册失败: One or more mappers failed to initialize - can't proceed with initialization of other mappers. Triggering mapper: 'Mapper[BookImage(book_images)]'. Original exception was: Mapper 'Mapper[Book(books)]' has no property 'images'.  If this property was indicated from other mappers or configure events, ensure registry.configure() has been called.
2024-12-18 23:58:53 - be.view.auth - INFO - 注册处理结果: 500
2024-12-18 23:58:53 - werkzeug - INFO - 127.0.0.1 - - [18/Dec/2024 23:58:53] "[35m[1mPOST /auth/register HTTP/1.1[0m" 500 -
2024-12-18 23:58:53 - be.view.auth - INFO - 收到注册请求: {'user_id': 'test_add_books_seller_id_faf3bfcc-bd58-11ef-af9a-02a6845b4b32', 'password': 'test_add_books_seller_id_faf3bfcc-bd58-11ef-af9a-02a6845b4b32'}
2024-12-18 23:58:53 - be.model.user - INFO - 尝试注册新用户：test_add_books_seller_id_faf3bfcc-bd58-11ef-af9a-02a6845b4b32
2024-12-18 23:58:53 - be.model.user - ERROR - 注册失败: One or more mappers failed to initialize - can't proceed with initialization of other mappers. Triggering mapper: 'Mapper[BookImage(book_images)]'. Original exception was: Mapper 'Mapper[Book(books)]' has no property 'images'.  If this property was indicated from other mappers or configure events, ensure registry.configure() has been called.
2024-12-18 23:58:53 - be.view.auth - INFO - 注册处理结果: 500
2024-12-18 23:58:53 - werkzeug - INFO - 127.0.0.1 - - [18/Dec/2024 23:58:53] "[35m[1mPOST /auth/register HTTP/1.1[0m" 500 -
2024-12-18 23:58:53 - be.view.auth - INFO - 收到注册请求: {'user_id': 'test_add_book_stock_level1_user_faf4315a-bd58-11ef-af9a-02a6845b4b32', 'password': 'test_add_book_stock_level1_user_faf4315a-bd58-11ef-af9a-02a6845b4b32'}
2024-12-18 23:58:53 - be.model.user - INFO - 尝试注册新用户：test_add_book_stock_level1_user_faf4315a-bd58-11ef-af9a-02a6845b4b32
2024-12-18 23:58:53 - be.model.user - ERROR - 注册失败: One or more mappers failed to initialize - can't proceed with initialization of other mappers. Triggering mapper: 'Mapper[BookImage(book_images)]'. Original exception was: Mapper 'Mapper[Book(books)]' has no property 'images'.  If this property was indicated from other mappers or configure events, ensure registry.configure() has been called.
2024-12-18 23:58:53 - be.view.auth - INFO - 注册处理结果: 500
2024-12-18 23:58:53 - werkzeug - INFO - 127.0.0.1 - - [18/Dec/2024 23:58:53] "[35m[1mPOST /auth/register HTTP/1.1[0m" 500 -
2024-12-18 23:58:53 - be.view.auth - INFO - 收到注册请求: {'user_id': 'test_add_book_stock_level1_user_faf4a662-bd58-11ef-af9a-02a6845b4b32', 'password': 'test_add_book_stock_level1_user_faf4a662-bd58-11ef-af9a-02a6845b4b32'}
2024-12-18 23:58:53 - be.model.user - INFO - 尝试注册新用户：test_add_book_stock_level1_user_faf4a662-bd58-11ef-af9a-02a6845b4b32
2024-12-18 23:58:53 - be.model.user - ERROR - 注册失败: One or more mappers failed to initialize - can't proceed with initialization of other mappers. Triggering mapper: 'Mapper[BookImage(book_images)]'. Original exception was: Mapper 'Mapper[Book(books)]' has no property 'images'.  If this property was indicated from other mappers or configure events, ensure registry.configure() has been called.
2024-12-18 23:58:53 - be.view.auth - INFO - 注册处理结果: 500
2024-12-18 23:58:53 - werkzeug - INFO - 127.0.0.1 - - [18/Dec/2024 23:58:53] "[35m[1mPOST /auth/register HTTP/1.1[0m" 500 -
2024-12-18 23:58:53 - be.view.auth - INFO - 收到注册请求: {'user_id': 'test_add_book_stock_level1_user_faf5149e-bd58-11ef-af9a-02a6845b4b32', 'password': 'test_add_book_stock_level1_user_faf5149e-bd58-11ef-af9a-02a6845b4b32'}
2024-12-18 23:58:53 - be.model.user - INFO - 尝试注册新用户：test_add_book_stock_level1_user_faf5149e-bd58-11ef-af9a-02a6845b4b32
2024-12-18 23:58:53 - be.model.user - ERROR - 注册失败: One or more mappers failed to initialize - can't proceed with initialization of other mappers. Triggering mapper: 'Mapper[BookImage(book_images)]'. Original exception was: Mapper 'Mapper[Book(books)]' has no property 'images'.  If this property was indicated from other mappers or configure events, ensure registry.configure() has been called.
2024-12-18 23:58:53 - be.view.auth - INFO - 注册处理结果: 500
2024-12-18 23:58:53 - werkzeug - INFO - 127.0.0.1 - - [18/Dec/2024 23:58:53] "[35m[1mPOST /auth/register HTTP/1.1[0m" 500 -
2024-12-18 23:58:53 - be.view.auth - INFO - 收到注册请求: {'user_id': 'test_add_book_stock_level1_user_faf587ee-bd58-11ef-af9a-02a6845b4b32', 'password': 'test_add_book_stock_level1_user_faf587ee-bd58-11ef-af9a-02a6845b4b32'}
2024-12-18 23:58:53 - be.model.user - INFO - 尝试注册新用户：test_add_book_stock_level1_user_faf587ee-bd58-11ef-af9a-02a6845b4b32
2024-12-18 23:58:53 - be.model.user - ERROR - 注册失败: One or more mappers failed to initialize - can't proceed with initialization of other mappers. Triggering mapper: 'Mapper[BookImage(book_images)]'. Original exception was: Mapper 'Mapper[Book(books)]' has no property 'images'.  If this property was indicated from other mappers or configure events, ensure registry.configure() has been called.
2024-12-18 23:58:53 - be.view.auth - INFO - 注册处理结果: 500
2024-12-18 23:58:53 - werkzeug - INFO - 127.0.0.1 - - [18/Dec/2024 23:58:53] "[35m[1mPOST /auth/register HTTP/1.1[0m" 500 -
2024-12-18 23:58:53 - be.view.auth - INFO - 收到注册请求: {'user_id': 'test_new_order_buyer_id_faf5fb2a-bd58-11ef-af9a-02a6845b4b32', 'password': 'test_new_order_seller_id_faf5fae4-bd58-11ef-af9a-02a6845b4b32'}
2024-12-18 23:58:53 - be.model.user - INFO - 尝试注册新用户：test_new_order_buyer_id_faf5fb2a-bd58-11ef-af9a-02a6845b4b32
2024-12-18 23:58:53 - be.model.user - ERROR - 注册失败: One or more mappers failed to initialize - can't proceed with initialization of other mappers. Triggering mapper: 'Mapper[BookImage(book_images)]'. Original exception was: Mapper 'Mapper[Book(books)]' has no property 'images'.  If this property was indicated from other mappers or configure events, ensure registry.configure() has been called.
2024-12-18 23:58:53 - be.view.auth - INFO - 注册处理结果: 500
2024-12-18 23:58:53 - werkzeug - INFO - 127.0.0.1 - - [18/Dec/2024 23:58:53] "[35m[1mPOST /auth/register HTTP/1.1[0m" 500 -
2024-12-18 23:58:53 - be.view.auth - INFO - 收到注册请求: {'user_id': 'test_new_order_buyer_id_faf6690c-bd58-11ef-af9a-02a6845b4b32', 'password': 'test_new_order_seller_id_faf668c6-bd58-11ef-af9a-02a6845b4b32'}
2024-12-18 23:58:53 - be.model.user - INFO - 尝试注册新用户：test_new_order_buyer_id_faf6690c-bd58-11ef-af9a-02a6845b4b32
2024-12-18 23:58:53 - be.model.user - ERROR - 注册失败: One or more mappers failed to initialize - can't proceed with initialization of other mappers. Triggering mapper: 'Mapper[BookImage(book_images)]'. Original exception was: Mapper 'Mapper[Book(books)]' has no property 'images'.  If this property was indicated from other mappers or configure events, ensure registry.configure() has been called.
2024-12-18 23:58:53 - be.view.auth - INFO - 注册处理结果: 500
2024-12-18 23:58:53 - werkzeug - INFO - 127.0.0.1 - - [18/Dec/2024 23:58:53] "[35m[1mPOST /auth/register HTTP/1.1[0m" 500 -
2024-12-18 23:58:53 - be.view.auth - INFO - 收到注册请求: {'user_id': 'test_new_order_buyer_id_faf6df04-bd58-11ef-af9a-02a6845b4b32', 'password': 'test_new_order_seller_id_faf6debe-bd58-11ef-af9a-02a6845b4b32'}
2024-12-18 23:58:53 - be.model.user - INFO - 尝试注册新用户：test_new_order_buyer_id_faf6df04-bd58-11ef-af9a-02a6845b4b32
2024-12-18 23:58:53 - be.model.user - ERROR - 注册失败: One or more mappers failed to initialize - can't proceed with initialization of other mappers. Triggering mapper: 'Mapper[BookImage(book_images)]'. Original exception was: Mapper 'Mapper[Book(books)]' has no property 'images'.  If this property was indicated from other mappers or configure events, ensure registry.configure() has been called.
2024-12-18 23:58:53 - be.view.auth - INFO - 注册处理结果: 500
2024-12-18 23:58:53 - werkzeug - INFO - 127.0.0.1 - - [18/Dec/2024 23:58:53] "[35m[1mPOST /auth/register HTTP/1.1[0m" 500 -
2024-12-18 23:58:53 - be.view.auth - INFO - 收到注册请求: {'user_id': 'test_new_order_buyer_id_faf75312-bd58-11ef-af9a-02a6845b4b32', 'password': 'test_new_order_seller_id_faf752c2-bd58-11ef-af9a-02a6845b4b32'}
2024-12-18 23:58:53 - be.model.user - INFO - 尝试注册新用户：test_new_order_buyer_id_faf75312-bd58-11ef-af9a-02a6845b4b32
2024-12-18 23:58:53 - be.model.user - ERROR - 注册失败: One or more mappers failed to initialize - can't proceed with initialization of other mappers. Triggering mapper: 'Mapper[BookImage(book_images)]'. Original exception was: Mapper 'Mapper[Book(books)]' has no property 'images'.  If this property was indicated from other mappers or configure events, ensure registry.configure() has been called.
2024-12-18 23:58:53 - be.view.auth - INFO - 注册处理结果: 500
2024-12-18 23:58:53 - werkzeug - INFO - 127.0.0.1 - - [18/Dec/2024 23:58:53] "[35m[1mPOST /auth/register HTTP/1.1[0m" 500 -
2024-12-18 23:58:53 - be.view.auth - INFO - 收到注册请求: {'user_id': 'test_new_order_buyer_id_faf7c2f2-bd58-11ef-af9a-02a6845b4b32', 'password': 'test_new_order_seller_id_faf7c2ac-bd58-11ef-af9a-02a6845b4b32'}
2024-12-18 23:58:53 - be.model.user - INFO - 尝试注册新用户：test_new_order_buyer_id_faf7c2f2-bd58-11ef-af9a-02a6845b4b32
2024-12-18 23:58:53 - be.model.user - ERROR - 注册失败: One or more mappers failed to initialize - can't proceed with initialization of other mappers. Triggering mapper: 'Mapper[BookImage(book_images)]'. Original exception was: Mapper 'Mapper[Book(books)]' has no property 'images'.  If this property was indicated from other mappers or configure events, ensure registry.configure() has been called.
2024-12-18 23:58:53 - be.view.auth - INFO - 注册处理结果: 500
2024-12-18 23:58:53 - werkzeug - INFO - 127.0.0.1 - - [18/Dec/2024 23:58:53] "[35m[1mPOST /auth/register HTTP/1.1[0m" 500 -
2024-12-18 23:58:53 - be.view.auth - INFO - 收到注册请求: {'user_id': 'test_payment_seller_id_faf82ef4-bd58-11ef-af9a-02a6845b4b32', 'password': 'test_payment_seller_id_faf82ef4-bd58-11ef-af9a-02a6845b4b32'}
2024-12-18 23:58:53 - be.model.user - INFO - 尝试注册新用户：test_payment_seller_id_faf82ef4-bd58-11ef-af9a-02a6845b4b32
2024-12-18 23:58:53 - be.model.user - ERROR - 注册失败: One or more mappers failed to initialize - can't proceed with initialization of other mappers. Triggering mapper: 'Mapper[BookImage(book_images)]'. Original exception was: Mapper 'Mapper[Book(books)]' has no property 'images'.  If this property was indicated from other mappers or configure events, ensure registry.configure() has been called.
2024-12-18 23:58:53 - be.view.auth - INFO - 注册处理结果: 500
2024-12-18 23:58:53 - werkzeug - INFO - 127.0.0.1 - - [18/Dec/2024 23:58:53] "[35m[1mPOST /auth/register HTTP/1.1[0m" 500 -
2024-12-18 23:58:53 - be.view.auth - INFO - 收到注册请求: {'user_id': 'test_payment_seller_id_faf8bb6c-bd58-11ef-af9a-02a6845b4b32', 'password': 'test_payment_seller_id_faf8bb6c-bd58-11ef-af9a-02a6845b4b32'}
2024-12-18 23:58:53 - be.model.user - INFO - 尝试注册新用户：test_payment_seller_id_faf8bb6c-bd58-11ef-af9a-02a6845b4b32
2024-12-18 23:58:53 - be.model.user - ERROR - 注册失败: One or more mappers failed to initialize - can't proceed with initialization of other mappers. Triggering mapper: 'Mapper[BookImage(book_images)]'. Original exception was: Mapper 'Mapper[Book(books)]' has no property 'images'.  If this property was indicated from other mappers or configure events, ensure registry.configure() has been called.
2024-12-18 23:58:53 - be.view.auth - INFO - 注册处理结果: 500
2024-12-18 23:58:53 - werkzeug - INFO - 127.0.0.1 - - [18/Dec/2024 23:58:53] "[35m[1mPOST /auth/register HTTP/1.1[0m" 500 -
2024-12-18 23:58:53 - be.view.auth - INFO - 收到注册请求: {'user_id': 'test_payment_seller_id_faf9473a-bd58-11ef-af9a-02a6845b4b32', 'password': 'test_payment_seller_id_faf9473a-bd58-11ef-af9a-02a6845b4b32'}
2024-12-18 23:58:53 - be.model.user - INFO - 尝试注册新用户：test_payment_seller_id_faf9473a-bd58-11ef-af9a-02a6845b4b32
2024-12-18 23:58:53 - be.model.user - ERROR - 注册失败: One or more mappers failed to initialize - can't proceed with initialization of other mappers. Triggering mapper: 'Mapper[BookImage(book_images)]'. Original exception was: Mapper 'Mapper[Book(books)]' has no property 'images'.  If this property was indicated from other mappers or configure events, ensure registry.configure() has been called.
2024-12-18 23:58:53 - be.view.auth - INFO - 注册处理结果: 500
2024-12-18 23:58:53 - werkzeug - INFO - 127.0.0.1 - - [18/Dec/2024 23:58:53] "[35m[1mPOST /auth/register HTTP/1.1[0m" 500 -
2024-12-18 23:58:53 - be.view.auth - INFO - 收到注册请求: {'user_id': 'test_payment_seller_id_faf9c93a-bd58-11ef-af9a-02a6845b4b32', 'password': 'test_payment_seller_id_faf9c93a-bd58-11ef-af9a-02a6845b4b32'}
2024-12-18 23:58:53 - be.model.user - INFO - 尝试注册新用户：test_payment_seller_id_faf9c93a-bd58-11ef-af9a-02a6845b4b32
2024-12-18 23:58:53 - be.model.user - ERROR - 注册失败: One or more mappers failed to initialize - can't proceed with initialization of other mappers. Triggering mapper: 'Mapper[BookImage(book_images)]'. Original exception was: Mapper 'Mapper[Book(books)]' has no property 'images'.  If this property was indicated from other mappers or configure events, ensure registry.configure() has been called.
2024-12-18 23:58:53 - be.view.auth - INFO - 注册处理结果: 500
2024-12-18 23:58:53 - werkzeug - INFO - 127.0.0.1 - - [18/Dec/2024 23:58:53] "[35m[1mPOST /auth/register HTTP/1.1[0m" 500 -
2024-12-18 23:58:53 - be.serve - INFO - 正在关闭服务器...
2024-12-18 23:58:53 - be.serve - ERROR - 关闭服务器失败: Not running with the Werkzeug Server
2024-12-19 00:00:14 - __main__ - INFO - 
{'='*20} 开始运行所有测试 {'='*20}
2024-12-19 00:00:14 - be.model.db_config - INFO - 清理数据库...
2024-12-19 00:00:23 - be.model.db_config - INFO - 数据库清理完成
2024-12-19 00:00:23 - be.model.db_config - INFO - 已创建的表: ['book', 'book_images', 'books', 'order_items', 'orders', 'stores', 'users']
2024-12-19 00:00:24 - be.model.user - INFO - 创建 UserManager 实例
2024-12-19 00:00:24 - be.serve - INFO - 正在启动服务器...
2024-12-19 00:00:24 - be.serve - INFO - 创建Flask应用...
2024-12-19 00:00:24 - be.serve - INFO - 初始化数据库...
2024-12-19 00:00:24 - be.model.db_config - INFO - 清理数据库...
2024-12-19 00:00:31 - be.model.db_config - INFO - 数据库清理完成
2024-12-19 00:00:31 - be.model.db_config - INFO - 已创建的表: ['book', 'book_images', 'books', 'order_items', 'orders', 'stores', 'users']
2024-12-19 00:00:31 - be.model.db_config - INFO - 删除所有表...
2024-12-19 00:00:38 - be.model.db_config - INFO - 数据库初始化完成
2024-12-19 00:00:38 - be.model.db_config - INFO - 已创建的表: ['book', 'book_images', 'books', 'order_items', 'orders', 'stores', 'users']
2024-12-19 00:00:38 - be.serve - INFO - 数据库初始化成功
2024-12-19 00:00:38 - be.serve - INFO - 注册蓝图...
2024-12-19 00:00:38 - be.serve - INFO - 启动服务器...
2024-12-19 00:00:38 - werkzeug - INFO - [31m[1mWARNING: This is a development server. Do not use it in a production deployment. Use a production WSGI server instead.[0m
 * Running on http://127.0.0.1:5555
2024-12-19 00:00:38 - werkzeug - INFO - [33mPress CTRL+C to quit[0m
2024-12-19 00:00:38 - be.view.auth - INFO - 收到注册请求: {'user_id': 'test_register_user_1734537638.8647208', 'password': 'test_register_password_1734537638.8647308'}
2024-12-19 00:00:38 - be.model.user - INFO - 尝试注册新用户：test_register_user_1734537638.8647208
2024-12-19 00:00:38 - be.model.user - ERROR - 注册失败: Mapper 'Mapper[Book(books)]' has no property 'images'.  If this property was indicated from other mappers or configure events, ensure registry.configure() has been called.
2024-12-19 00:00:38 - be.view.auth - INFO - 注册处理结果: 500
2024-12-19 00:00:38 - werkzeug - INFO - 127.0.0.1 - - [19/Dec/2024 00:00:38] "[35m[1mPOST /auth/register HTTP/1.1[0m" 500 -
2024-12-19 00:00:38 - be.view.auth - INFO - 收到注册请求: {'user_id': 'test_register_user_1734537638.914437', 'password': 'test_register_password_1734537638.91444'}
2024-12-19 00:00:38 - be.model.user - INFO - 尝试注册新用户：test_register_user_1734537638.914437
2024-12-19 00:00:38 - be.model.user - ERROR - 注册失败: One or more mappers failed to initialize - can't proceed with initialization of other mappers. Triggering mapper: 'Mapper[BookImage(book_images)]'. Original exception was: Mapper 'Mapper[Book(books)]' has no property 'images'.  If this property was indicated from other mappers or configure events, ensure registry.configure() has been called.
2024-12-19 00:00:38 - be.view.auth - INFO - 注册处理结果: 500
2024-12-19 00:00:38 - werkzeug - INFO - 127.0.0.1 - - [19/Dec/2024 00:00:38] "[35m[1mPOST /auth/register HTTP/1.1[0m" 500 -
2024-12-19 00:00:38 - be.view.auth - INFO - 收到注册请求: {'user_id': 'test_register_user_1734537638.9172668', 'password': 'test_register_password_1734537638.917269'}
2024-12-19 00:00:38 - be.model.user - INFO - 尝试注册新用户：test_register_user_1734537638.9172668
2024-12-19 00:00:38 - be.model.user - ERROR - 注册失败: One or more mappers failed to initialize - can't proceed with initialization of other mappers. Triggering mapper: 'Mapper[BookImage(book_images)]'. Original exception was: Mapper 'Mapper[Book(books)]' has no property 'images'.  If this property was indicated from other mappers or configure events, ensure registry.configure() has been called.
2024-12-19 00:00:38 - be.view.auth - INFO - 注册处理结果: 500
2024-12-19 00:00:38 - werkzeug - INFO - 127.0.0.1 - - [19/Dec/2024 00:00:38] "[35m[1mPOST /auth/register HTTP/1.1[0m" 500 -
2024-12-19 00:00:38 - be.view.auth - INFO - 收到注册请求: {'user_id': 'test_register_user_1734537638.9196439', 'password': 'test_register_password_1734537638.9196448'}
2024-12-19 00:00:38 - be.model.user - INFO - 尝试注册新用户：test_register_user_1734537638.9196439
2024-12-19 00:00:38 - be.model.user - ERROR - 注册失败: One or more mappers failed to initialize - can't proceed with initialization of other mappers. Triggering mapper: 'Mapper[BookImage(book_images)]'. Original exception was: Mapper 'Mapper[Book(books)]' has no property 'images'.  If this property was indicated from other mappers or configure events, ensure registry.configure() has been called.
2024-12-19 00:00:38 - be.view.auth - INFO - 注册处理结果: 500
2024-12-19 00:00:38 - werkzeug - INFO - 127.0.0.1 - - [19/Dec/2024 00:00:38] "[35m[1mPOST /auth/register HTTP/1.1[0m" 500 -
2024-12-19 00:00:38 - be.view.auth - INFO - 收到注册请求: {'user_id': 'test_login_1734537638.9220202', 'password': 'password_test_login_1734537638.9220202'}
2024-12-19 00:00:38 - be.model.user - INFO - 尝试注册新用户：test_login_1734537638.9220202
2024-12-19 00:00:38 - be.model.user - ERROR - 注册失败: One or more mappers failed to initialize - can't proceed with initialization of other mappers. Triggering mapper: 'Mapper[BookImage(book_images)]'. Original exception was: Mapper 'Mapper[Book(books)]' has no property 'images'.  If this property was indicated from other mappers or configure events, ensure registry.configure() has been called.
2024-12-19 00:00:38 - be.view.auth - INFO - 注册处理结果: 500
2024-12-19 00:00:38 - werkzeug - INFO - 127.0.0.1 - - [19/Dec/2024 00:00:38] "[35m[1mPOST /auth/register HTTP/1.1[0m" 500 -
2024-12-19 00:00:38 - be.view.auth - INFO - 收到注册请求: {'user_id': 'test_login_1734537638.924837', 'password': 'password_test_login_1734537638.924837'}
2024-12-19 00:00:38 - be.model.user - INFO - 尝试注册新用户：test_login_1734537638.924837
2024-12-19 00:00:38 - be.model.user - ERROR - 注册失败: One or more mappers failed to initialize - can't proceed with initialization of other mappers. Triggering mapper: 'Mapper[BookImage(book_images)]'. Original exception was: Mapper 'Mapper[Book(books)]' has no property 'images'.  If this property was indicated from other mappers or configure events, ensure registry.configure() has been called.
2024-12-19 00:00:38 - be.view.auth - INFO - 注册处理结果: 500
2024-12-19 00:00:38 - werkzeug - INFO - 127.0.0.1 - - [19/Dec/2024 00:00:38] "[35m[1mPOST /auth/register HTTP/1.1[0m" 500 -
2024-12-19 00:00:38 - be.view.auth - INFO - 收到注册请求: {'user_id': 'test_login_1734537638.927479', 'password': 'password_test_login_1734537638.927479'}
2024-12-19 00:00:38 - be.model.user - INFO - 尝试注册新用户：test_login_1734537638.927479
2024-12-19 00:00:38 - be.model.user - ERROR - 注册失败: One or more mappers failed to initialize - can't proceed with initialization of other mappers. Triggering mapper: 'Mapper[BookImage(book_images)]'. Original exception was: Mapper 'Mapper[Book(books)]' has no property 'images'.  If this property was indicated from other mappers or configure events, ensure registry.configure() has been called.
2024-12-19 00:00:38 - be.view.auth - INFO - 注册处理结果: 500
2024-12-19 00:00:38 - werkzeug - INFO - 127.0.0.1 - - [19/Dec/2024 00:00:38] "[35m[1mPOST /auth/register HTTP/1.1[0m" 500 -
2024-12-19 00:00:38 - be.view.auth - INFO - 收到注册请求: {'user_id': 'test_password_39af46c8-bd59-11ef-b70f-02a6845b4b32', 'password': 'old_password_test_password_39af46c8-bd59-11ef-b70f-02a6845b4b32'}
2024-12-19 00:00:38 - be.model.user - INFO - 尝试注册新用户：test_password_39af46c8-bd59-11ef-b70f-02a6845b4b32
2024-12-19 00:00:38 - be.model.user - ERROR - 注册失败: One or more mappers failed to initialize - can't proceed with initialization of other mappers. Triggering mapper: 'Mapper[BookImage(book_images)]'. Original exception was: Mapper 'Mapper[Book(books)]' has no property 'images'.  If this property was indicated from other mappers or configure events, ensure registry.configure() has been called.
2024-12-19 00:00:38 - be.view.auth - INFO - 注册处理结果: 500
2024-12-19 00:00:38 - werkzeug - INFO - 127.0.0.1 - - [19/Dec/2024 00:00:38] "[35m[1mPOST /auth/register HTTP/1.1[0m" 500 -
2024-12-19 00:00:38 - be.view.auth - INFO - 收到注册请求: {'user_id': 'test_password_39afba90-bd59-11ef-b70f-02a6845b4b32', 'password': 'old_password_test_password_39afba90-bd59-11ef-b70f-02a6845b4b32'}
2024-12-19 00:00:38 - be.model.user - INFO - 尝试注册新用户：test_password_39afba90-bd59-11ef-b70f-02a6845b4b32
2024-12-19 00:00:38 - be.model.user - ERROR - 注册失败: One or more mappers failed to initialize - can't proceed with initialization of other mappers. Triggering mapper: 'Mapper[BookImage(book_images)]'. Original exception was: Mapper 'Mapper[Book(books)]' has no property 'images'.  If this property was indicated from other mappers or configure events, ensure registry.configure() has been called.
2024-12-19 00:00:38 - be.view.auth - INFO - 注册处理结果: 500
2024-12-19 00:00:38 - werkzeug - INFO - 127.0.0.1 - - [19/Dec/2024 00:00:38] "[35m[1mPOST /auth/register HTTP/1.1[0m" 500 -
2024-12-19 00:00:38 - be.view.auth - INFO - 收到注册请求: {'user_id': 'test_password_39b023fe-bd59-11ef-b70f-02a6845b4b32', 'password': 'old_password_test_password_39b023fe-bd59-11ef-b70f-02a6845b4b32'}
2024-12-19 00:00:38 - be.model.user - INFO - 尝试注册新用户：test_password_39b023fe-bd59-11ef-b70f-02a6845b4b32
2024-12-19 00:00:38 - be.model.user - ERROR - 注册失败: One or more mappers failed to initialize - can't proceed with initialization of other mappers. Triggering mapper: 'Mapper[BookImage(book_images)]'. Original exception was: Mapper 'Mapper[Book(books)]' has no property 'images'.  If this property was indicated from other mappers or configure events, ensure registry.configure() has been called.
2024-12-19 00:00:38 - be.view.auth - INFO - 注册处理结果: 500
2024-12-19 00:00:38 - werkzeug - INFO - 127.0.0.1 - - [19/Dec/2024 00:00:38] "[35m[1mPOST /auth/register HTTP/1.1[0m" 500 -
2024-12-19 00:00:38 - be.view.auth - INFO - 收到注册请求: {'user_id': 'test_add_funds_39b09640-bd59-11ef-b70f-02a6845b4b32', 'password': 'test_add_funds_39b09640-bd59-11ef-b70f-02a6845b4b32'}
2024-12-19 00:00:38 - be.model.user - INFO - 尝试注册新用户：test_add_funds_39b09640-bd59-11ef-b70f-02a6845b4b32
2024-12-19 00:00:38 - be.model.user - ERROR - 注册失败: One or more mappers failed to initialize - can't proceed with initialization of other mappers. Triggering mapper: 'Mapper[BookImage(book_images)]'. Original exception was: Mapper 'Mapper[Book(books)]' has no property 'images'.  If this property was indicated from other mappers or configure events, ensure registry.configure() has been called.
2024-12-19 00:00:38 - be.view.auth - INFO - 注册处理结果: 500
2024-12-19 00:00:38 - werkzeug - INFO - 127.0.0.1 - - [19/Dec/2024 00:00:38] "[35m[1mPOST /auth/register HTTP/1.1[0m" 500 -
2024-12-19 00:00:38 - be.view.auth - INFO - 收到注册请求: {'user_id': 'test_add_funds_39b108c8-bd59-11ef-b70f-02a6845b4b32', 'password': 'test_add_funds_39b108c8-bd59-11ef-b70f-02a6845b4b32'}
2024-12-19 00:00:38 - be.model.user - INFO - 尝试注册新用户：test_add_funds_39b108c8-bd59-11ef-b70f-02a6845b4b32
2024-12-19 00:00:38 - be.model.user - ERROR - 注册失败: One or more mappers failed to initialize - can't proceed with initialization of other mappers. Triggering mapper: 'Mapper[BookImage(book_images)]'. Original exception was: Mapper 'Mapper[Book(books)]' has no property 'images'.  If this property was indicated from other mappers or configure events, ensure registry.configure() has been called.
2024-12-19 00:00:38 - be.view.auth - INFO - 注册处理结果: 500
2024-12-19 00:00:38 - werkzeug - INFO - 127.0.0.1 - - [19/Dec/2024 00:00:38] "[35m[1mPOST /auth/register HTTP/1.1[0m" 500 -
2024-12-19 00:00:38 - be.view.auth - INFO - 收到注册请求: {'user_id': 'test_add_funds_39b17d58-bd59-11ef-b70f-02a6845b4b32', 'password': 'test_add_funds_39b17d58-bd59-11ef-b70f-02a6845b4b32'}
2024-12-19 00:00:38 - be.model.user - INFO - 尝试注册新用户：test_add_funds_39b17d58-bd59-11ef-b70f-02a6845b4b32
2024-12-19 00:00:38 - be.model.user - ERROR - 注册失败: One or more mappers failed to initialize - can't proceed with initialization of other mappers. Triggering mapper: 'Mapper[BookImage(book_images)]'. Original exception was: Mapper 'Mapper[Book(books)]' has no property 'images'.  If this property was indicated from other mappers or configure events, ensure registry.configure() has been called.
2024-12-19 00:00:38 - be.view.auth - INFO - 注册处理结果: 500
2024-12-19 00:00:38 - werkzeug - INFO - 127.0.0.1 - - [19/Dec/2024 00:00:38] "[35m[1mPOST /auth/register HTTP/1.1[0m" 500 -
2024-12-19 00:00:38 - be.view.auth - INFO - 收到注册请求: {'user_id': 'test_create_store_user_39b1e3d8-bd59-11ef-b70f-02a6845b4b32', 'password': 'test_create_store_user_39b1e3d8-bd59-11ef-b70f-02a6845b4b32'}
2024-12-19 00:00:38 - be.model.user - INFO - 尝试注册新用户：test_create_store_user_39b1e3d8-bd59-11ef-b70f-02a6845b4b32
2024-12-19 00:00:38 - be.model.user - ERROR - 注册失败: One or more mappers failed to initialize - can't proceed with initialization of other mappers. Triggering mapper: 'Mapper[BookImage(book_images)]'. Original exception was: Mapper 'Mapper[Book(books)]' has no property 'images'.  If this property was indicated from other mappers or configure events, ensure registry.configure() has been called.
2024-12-19 00:00:38 - be.view.auth - INFO - 注册处理结果: 500
2024-12-19 00:00:38 - werkzeug - INFO - 127.0.0.1 - - [19/Dec/2024 00:00:38] "[35m[1mPOST /auth/register HTTP/1.1[0m" 500 -
2024-12-19 00:00:38 - be.view.auth - INFO - 收到注册请求: {'user_id': 'test_create_store_user_39b246ac-bd59-11ef-b70f-02a6845b4b32', 'password': 'test_create_store_user_39b246ac-bd59-11ef-b70f-02a6845b4b32'}
2024-12-19 00:00:38 - be.model.user - INFO - 尝试注册新用户：test_create_store_user_39b246ac-bd59-11ef-b70f-02a6845b4b32
2024-12-19 00:00:38 - be.model.user - ERROR - 注册失败: One or more mappers failed to initialize - can't proceed with initialization of other mappers. Triggering mapper: 'Mapper[BookImage(book_images)]'. Original exception was: Mapper 'Mapper[Book(books)]' has no property 'images'.  If this property was indicated from other mappers or configure events, ensure registry.configure() has been called.
2024-12-19 00:00:38 - be.view.auth - INFO - 注册处理结果: 500
2024-12-19 00:00:38 - werkzeug - INFO - 127.0.0.1 - - [19/Dec/2024 00:00:38] "[35m[1mPOST /auth/register HTTP/1.1[0m" 500 -
2024-12-19 00:00:38 - be.view.auth - INFO - 收到注册请求: {'user_id': 'test_add_books_seller_id_39b2a034-bd59-11ef-b70f-02a6845b4b32', 'password': 'test_add_books_seller_id_39b2a034-bd59-11ef-b70f-02a6845b4b32'}
2024-12-19 00:00:38 - be.model.user - INFO - 尝试注册新用户：test_add_books_seller_id_39b2a034-bd59-11ef-b70f-02a6845b4b32
2024-12-19 00:00:38 - be.model.user - ERROR - 注册失败: One or more mappers failed to initialize - can't proceed with initialization of other mappers. Triggering mapper: 'Mapper[BookImage(book_images)]'. Original exception was: Mapper 'Mapper[Book(books)]' has no property 'images'.  If this property was indicated from other mappers or configure events, ensure registry.configure() has been called.
2024-12-19 00:00:38 - be.view.auth - INFO - 注册处理结果: 500
2024-12-19 00:00:38 - werkzeug - INFO - 127.0.0.1 - - [19/Dec/2024 00:00:38] "[35m[1mPOST /auth/register HTTP/1.1[0m" 500 -
2024-12-19 00:00:38 - be.view.auth - INFO - 收到注册请求: {'user_id': 'test_add_books_seller_id_39b318ac-bd59-11ef-b70f-02a6845b4b32', 'password': 'test_add_books_seller_id_39b318ac-bd59-11ef-b70f-02a6845b4b32'}
2024-12-19 00:00:38 - be.model.user - INFO - 尝试注册新用户：test_add_books_seller_id_39b318ac-bd59-11ef-b70f-02a6845b4b32
2024-12-19 00:00:38 - be.model.user - ERROR - 注册失败: One or more mappers failed to initialize - can't proceed with initialization of other mappers. Triggering mapper: 'Mapper[BookImage(book_images)]'. Original exception was: Mapper 'Mapper[Book(books)]' has no property 'images'.  If this property was indicated from other mappers or configure events, ensure registry.configure() has been called.
2024-12-19 00:00:38 - be.view.auth - INFO - 注册处理结果: 500
2024-12-19 00:00:38 - werkzeug - INFO - 127.0.0.1 - - [19/Dec/2024 00:00:38] "[35m[1mPOST /auth/register HTTP/1.1[0m" 500 -
2024-12-19 00:00:38 - be.view.auth - INFO - 收到注册请求: {'user_id': 'test_add_books_seller_id_39b389fe-bd59-11ef-b70f-02a6845b4b32', 'password': 'test_add_books_seller_id_39b389fe-bd59-11ef-b70f-02a6845b4b32'}
2024-12-19 00:00:38 - be.model.user - INFO - 尝试注册新用户：test_add_books_seller_id_39b389fe-bd59-11ef-b70f-02a6845b4b32
2024-12-19 00:00:38 - be.model.user - ERROR - 注册失败: One or more mappers failed to initialize - can't proceed with initialization of other mappers. Triggering mapper: 'Mapper[BookImage(book_images)]'. Original exception was: Mapper 'Mapper[Book(books)]' has no property 'images'.  If this property was indicated from other mappers or configure events, ensure registry.configure() has been called.
2024-12-19 00:00:38 - be.view.auth - INFO - 注册处理结果: 500
2024-12-19 00:00:38 - werkzeug - INFO - 127.0.0.1 - - [19/Dec/2024 00:00:38] "[35m[1mPOST /auth/register HTTP/1.1[0m" 500 -
2024-12-19 00:00:38 - be.view.auth - INFO - 收到注册请求: {'user_id': 'test_add_books_seller_id_39b3f894-bd59-11ef-b70f-02a6845b4b32', 'password': 'test_add_books_seller_id_39b3f894-bd59-11ef-b70f-02a6845b4b32'}
2024-12-19 00:00:38 - be.model.user - INFO - 尝试注册新用户：test_add_books_seller_id_39b3f894-bd59-11ef-b70f-02a6845b4b32
2024-12-19 00:00:38 - be.model.user - ERROR - 注册失败: One or more mappers failed to initialize - can't proceed with initialization of other mappers. Triggering mapper: 'Mapper[BookImage(book_images)]'. Original exception was: Mapper 'Mapper[Book(books)]' has no property 'images'.  If this property was indicated from other mappers or configure events, ensure registry.configure() has been called.
2024-12-19 00:00:38 - be.view.auth - INFO - 注册处理结果: 500
2024-12-19 00:00:38 - werkzeug - INFO - 127.0.0.1 - - [19/Dec/2024 00:00:38] "[35m[1mPOST /auth/register HTTP/1.1[0m" 500 -
2024-12-19 00:00:38 - be.view.auth - INFO - 收到注册请求: {'user_id': 'test_add_book_stock_level1_user_39b46608-bd59-11ef-b70f-02a6845b4b32', 'password': 'test_add_book_stock_level1_user_39b46608-bd59-11ef-b70f-02a6845b4b32'}
2024-12-19 00:00:38 - be.model.user - INFO - 尝试注册新用户：test_add_book_stock_level1_user_39b46608-bd59-11ef-b70f-02a6845b4b32
2024-12-19 00:00:38 - be.model.user - ERROR - 注册失败: One or more mappers failed to initialize - can't proceed with initialization of other mappers. Triggering mapper: 'Mapper[BookImage(book_images)]'. Original exception was: Mapper 'Mapper[Book(books)]' has no property 'images'.  If this property was indicated from other mappers or configure events, ensure registry.configure() has been called.
2024-12-19 00:00:38 - be.view.auth - INFO - 注册处理结果: 500
2024-12-19 00:00:38 - werkzeug - INFO - 127.0.0.1 - - [19/Dec/2024 00:00:38] "[35m[1mPOST /auth/register HTTP/1.1[0m" 500 -
2024-12-19 00:00:38 - be.view.auth - INFO - 收到注册请求: {'user_id': 'test_add_book_stock_level1_user_39b4d6b0-bd59-11ef-b70f-02a6845b4b32', 'password': 'test_add_book_stock_level1_user_39b4d6b0-bd59-11ef-b70f-02a6845b4b32'}
2024-12-19 00:00:38 - be.model.user - INFO - 尝试注册新用户：test_add_book_stock_level1_user_39b4d6b0-bd59-11ef-b70f-02a6845b4b32
2024-12-19 00:00:38 - be.model.user - ERROR - 注册失败: One or more mappers failed to initialize - can't proceed with initialization of other mappers. Triggering mapper: 'Mapper[BookImage(book_images)]'. Original exception was: Mapper 'Mapper[Book(books)]' has no property 'images'.  If this property was indicated from other mappers or configure events, ensure registry.configure() has been called.
2024-12-19 00:00:38 - be.view.auth - INFO - 注册处理结果: 500
2024-12-19 00:00:38 - werkzeug - INFO - 127.0.0.1 - - [19/Dec/2024 00:00:38] "[35m[1mPOST /auth/register HTTP/1.1[0m" 500 -
2024-12-19 00:00:38 - be.view.auth - INFO - 收到注册请求: {'user_id': 'test_add_book_stock_level1_user_39b543f2-bd59-11ef-b70f-02a6845b4b32', 'password': 'test_add_book_stock_level1_user_39b543f2-bd59-11ef-b70f-02a6845b4b32'}
2024-12-19 00:00:38 - be.model.user - INFO - 尝试注册新用户：test_add_book_stock_level1_user_39b543f2-bd59-11ef-b70f-02a6845b4b32
2024-12-19 00:00:38 - be.model.user - ERROR - 注册失败: One or more mappers failed to initialize - can't proceed with initialization of other mappers. Triggering mapper: 'Mapper[BookImage(book_images)]'. Original exception was: Mapper 'Mapper[Book(books)]' has no property 'images'.  If this property was indicated from other mappers or configure events, ensure registry.configure() has been called.
2024-12-19 00:00:38 - be.view.auth - INFO - 注册处理结果: 500
2024-12-19 00:00:38 - werkzeug - INFO - 127.0.0.1 - - [19/Dec/2024 00:00:38] "[35m[1mPOST /auth/register HTTP/1.1[0m" 500 -
2024-12-19 00:00:38 - be.view.auth - INFO - 收到注册请求: {'user_id': 'test_add_book_stock_level1_user_39b5b094-bd59-11ef-b70f-02a6845b4b32', 'password': 'test_add_book_stock_level1_user_39b5b094-bd59-11ef-b70f-02a6845b4b32'}
2024-12-19 00:00:38 - be.model.user - INFO - 尝试注册新用户：test_add_book_stock_level1_user_39b5b094-bd59-11ef-b70f-02a6845b4b32
2024-12-19 00:00:38 - be.model.user - ERROR - 注册失败: One or more mappers failed to initialize - can't proceed with initialization of other mappers. Triggering mapper: 'Mapper[BookImage(book_images)]'. Original exception was: Mapper 'Mapper[Book(books)]' has no property 'images'.  If this property was indicated from other mappers or configure events, ensure registry.configure() has been called.
2024-12-19 00:00:38 - be.view.auth - INFO - 注册处理结果: 500
2024-12-19 00:00:38 - werkzeug - INFO - 127.0.0.1 - - [19/Dec/2024 00:00:38] "[35m[1mPOST /auth/register HTTP/1.1[0m" 500 -
2024-12-19 00:00:38 - be.view.auth - INFO - 收到注册请求: {'user_id': 'test_new_order_buyer_id_39b61e26-bd59-11ef-b70f-02a6845b4b32', 'password': 'test_new_order_seller_id_39b61dd6-bd59-11ef-b70f-02a6845b4b32'}
2024-12-19 00:00:38 - be.model.user - INFO - 尝试注册新用户：test_new_order_buyer_id_39b61e26-bd59-11ef-b70f-02a6845b4b32
2024-12-19 00:00:38 - be.model.user - ERROR - 注册失败: One or more mappers failed to initialize - can't proceed with initialization of other mappers. Triggering mapper: 'Mapper[BookImage(book_images)]'. Original exception was: Mapper 'Mapper[Book(books)]' has no property 'images'.  If this property was indicated from other mappers or configure events, ensure registry.configure() has been called.
2024-12-19 00:00:38 - be.view.auth - INFO - 注册处理结果: 500
2024-12-19 00:00:38 - werkzeug - INFO - 127.0.0.1 - - [19/Dec/2024 00:00:38] "[35m[1mPOST /auth/register HTTP/1.1[0m" 500 -
2024-12-19 00:00:38 - be.view.auth - INFO - 收到注册请求: {'user_id': 'test_new_order_buyer_id_39b69b3a-bd59-11ef-b70f-02a6845b4b32', 'password': 'test_new_order_seller_id_39b69aea-bd59-11ef-b70f-02a6845b4b32'}
2024-12-19 00:00:38 - be.model.user - INFO - 尝试注册新用户：test_new_order_buyer_id_39b69b3a-bd59-11ef-b70f-02a6845b4b32
2024-12-19 00:00:38 - be.model.user - ERROR - 注册失败: One or more mappers failed to initialize - can't proceed with initialization of other mappers. Triggering mapper: 'Mapper[BookImage(book_images)]'. Original exception was: Mapper 'Mapper[Book(books)]' has no property 'images'.  If this property was indicated from other mappers or configure events, ensure registry.configure() has been called.
2024-12-19 00:00:38 - be.view.auth - INFO - 注册处理结果: 500
2024-12-19 00:00:38 - werkzeug - INFO - 127.0.0.1 - - [19/Dec/2024 00:00:38] "[35m[1mPOST /auth/register HTTP/1.1[0m" 500 -
2024-12-19 00:00:38 - be.view.auth - INFO - 收到注册请求: {'user_id': 'test_new_order_buyer_id_39b7138a-bd59-11ef-b70f-02a6845b4b32', 'password': 'test_new_order_seller_id_39b71344-bd59-11ef-b70f-02a6845b4b32'}
2024-12-19 00:00:38 - be.model.user - INFO - 尝试注册新用户：test_new_order_buyer_id_39b7138a-bd59-11ef-b70f-02a6845b4b32
2024-12-19 00:00:38 - be.model.user - ERROR - 注册失败: One or more mappers failed to initialize - can't proceed with initialization of other mappers. Triggering mapper: 'Mapper[BookImage(book_images)]'. Original exception was: Mapper 'Mapper[Book(books)]' has no property 'images'.  If this property was indicated from other mappers or configure events, ensure registry.configure() has been called.
2024-12-19 00:00:38 - be.view.auth - INFO - 注册处理结果: 500
2024-12-19 00:00:38 - werkzeug - INFO - 127.0.0.1 - - [19/Dec/2024 00:00:38] "[35m[1mPOST /auth/register HTTP/1.1[0m" 500 -
2024-12-19 00:00:38 - be.view.auth - INFO - 收到注册请求: {'user_id': 'test_new_order_buyer_id_39b780f4-bd59-11ef-b70f-02a6845b4b32', 'password': 'test_new_order_seller_id_39b780a4-bd59-11ef-b70f-02a6845b4b32'}
2024-12-19 00:00:38 - be.model.user - INFO - 尝试注册新用户：test_new_order_buyer_id_39b780f4-bd59-11ef-b70f-02a6845b4b32
2024-12-19 00:00:38 - be.model.user - ERROR - 注册失败: One or more mappers failed to initialize - can't proceed with initialization of other mappers. Triggering mapper: 'Mapper[BookImage(book_images)]'. Original exception was: Mapper 'Mapper[Book(books)]' has no property 'images'.  If this property was indicated from other mappers or configure events, ensure registry.configure() has been called.
2024-12-19 00:00:38 - be.view.auth - INFO - 注册处理结果: 500
2024-12-19 00:00:38 - werkzeug - INFO - 127.0.0.1 - - [19/Dec/2024 00:00:38] "[35m[1mPOST /auth/register HTTP/1.1[0m" 500 -
2024-12-19 00:00:38 - be.view.auth - INFO - 收到注册请求: {'user_id': 'test_new_order_buyer_id_39b7ee5e-bd59-11ef-b70f-02a6845b4b32', 'password': 'test_new_order_seller_id_39b7ee18-bd59-11ef-b70f-02a6845b4b32'}
2024-12-19 00:00:38 - be.model.user - INFO - 尝试注册新用户：test_new_order_buyer_id_39b7ee5e-bd59-11ef-b70f-02a6845b4b32
2024-12-19 00:00:38 - be.model.user - ERROR - 注册失败: One or more mappers failed to initialize - can't proceed with initialization of other mappers. Triggering mapper: 'Mapper[BookImage(book_images)]'. Original exception was: Mapper 'Mapper[Book(books)]' has no property 'images'.  If this property was indicated from other mappers or configure events, ensure registry.configure() has been called.
2024-12-19 00:00:38 - be.view.auth - INFO - 注册处理结果: 500
2024-12-19 00:00:38 - werkzeug - INFO - 127.0.0.1 - - [19/Dec/2024 00:00:38] "[35m[1mPOST /auth/register HTTP/1.1[0m" 500 -
2024-12-19 00:00:38 - be.view.auth - INFO - 收到注册请求: {'user_id': 'test_payment_seller_id_39b85b64-bd59-11ef-b70f-02a6845b4b32', 'password': 'test_payment_seller_id_39b85b64-bd59-11ef-b70f-02a6845b4b32'}
2024-12-19 00:00:38 - be.model.user - INFO - 尝试注册新用户：test_payment_seller_id_39b85b64-bd59-11ef-b70f-02a6845b4b32
2024-12-19 00:00:38 - be.model.user - ERROR - 注册失败: One or more mappers failed to initialize - can't proceed with initialization of other mappers. Triggering mapper: 'Mapper[BookImage(book_images)]'. Original exception was: Mapper 'Mapper[Book(books)]' has no property 'images'.  If this property was indicated from other mappers or configure events, ensure registry.configure() has been called.
2024-12-19 00:00:38 - be.view.auth - INFO - 注册处理结果: 500
2024-12-19 00:00:38 - werkzeug - INFO - 127.0.0.1 - - [19/Dec/2024 00:00:38] "[35m[1mPOST /auth/register HTTP/1.1[0m" 500 -
2024-12-19 00:00:38 - be.view.auth - INFO - 收到注册请求: {'user_id': 'test_payment_seller_id_39b8ee6c-bd59-11ef-b70f-02a6845b4b32', 'password': 'test_payment_seller_id_39b8ee6c-bd59-11ef-b70f-02a6845b4b32'}
2024-12-19 00:00:38 - be.model.user - INFO - 尝试注册新用户：test_payment_seller_id_39b8ee6c-bd59-11ef-b70f-02a6845b4b32
2024-12-19 00:00:38 - be.model.user - ERROR - 注册失败: One or more mappers failed to initialize - can't proceed with initialization of other mappers. Triggering mapper: 'Mapper[BookImage(book_images)]'. Original exception was: Mapper 'Mapper[Book(books)]' has no property 'images'.  If this property was indicated from other mappers or configure events, ensure registry.configure() has been called.
2024-12-19 00:00:38 - be.view.auth - INFO - 注册处理结果: 500
2024-12-19 00:00:38 - werkzeug - INFO - 127.0.0.1 - - [19/Dec/2024 00:00:38] "[35m[1mPOST /auth/register HTTP/1.1[0m" 500 -
2024-12-19 00:00:39 - be.view.auth - INFO - 收到注册请求: {'user_id': 'test_payment_seller_id_39b9f226-bd59-11ef-b70f-02a6845b4b32', 'password': 'test_payment_seller_id_39b9f226-bd59-11ef-b70f-02a6845b4b32'}
2024-12-19 00:00:39 - be.model.user - INFO - 尝试注册新用户：test_payment_seller_id_39b9f226-bd59-11ef-b70f-02a6845b4b32
2024-12-19 00:00:39 - be.model.user - ERROR - 注册失败: One or more mappers failed to initialize - can't proceed with initialization of other mappers. Triggering mapper: 'Mapper[BookImage(book_images)]'. Original exception was: Mapper 'Mapper[Book(books)]' has no property 'images'.  If this property was indicated from other mappers or configure events, ensure registry.configure() has been called.
2024-12-19 00:00:39 - be.view.auth - INFO - 注册处理结果: 500
2024-12-19 00:00:39 - werkzeug - INFO - 127.0.0.1 - - [19/Dec/2024 00:00:39] "[35m[1mPOST /auth/register HTTP/1.1[0m" 500 -
2024-12-19 00:00:39 - be.view.auth - INFO - 收到注册请求: {'user_id': 'test_payment_seller_id_39ba7f48-bd59-11ef-b70f-02a6845b4b32', 'password': 'test_payment_seller_id_39ba7f48-bd59-11ef-b70f-02a6845b4b32'}
2024-12-19 00:00:39 - be.model.user - INFO - 尝试注册新用户：test_payment_seller_id_39ba7f48-bd59-11ef-b70f-02a6845b4b32
2024-12-19 00:00:39 - be.model.user - ERROR - 注册失败: One or more mappers failed to initialize - can't proceed with initialization of other mappers. Triggering mapper: 'Mapper[BookImage(book_images)]'. Original exception was: Mapper 'Mapper[Book(books)]' has no property 'images'.  If this property was indicated from other mappers or configure events, ensure registry.configure() has been called.
2024-12-19 00:00:39 - be.view.auth - INFO - 注册处理结果: 500
2024-12-19 00:00:39 - werkzeug - INFO - 127.0.0.1 - - [19/Dec/2024 00:00:39] "[35m[1mPOST /auth/register HTTP/1.1[0m" 500 -
2024-12-19 00:00:39 - be.serve - INFO - 正在关闭服务器...
2024-12-19 00:00:39 - be.serve - ERROR - 关闭服务器失败: Not running with the Werkzeug Server
2024-12-19 00:01:28 - __main__ - INFO - 
{'='*20} 开始运行所有测试 {'='*20}
2024-12-19 00:01:28 - be.model.db_config - INFO - 清理数据库...
2024-12-19 00:01:37 - be.model.db_config - INFO - 数据库清理完成
2024-12-19 00:01:37 - be.model.db_config - INFO - 已创建的表: ['book', 'book_images', 'books', 'order_items', 'orders', 'stores', 'users']
2024-12-19 00:01:38 - be.model.user - INFO - 创建 UserManager 实例
2024-12-19 00:01:38 - be.serve - INFO - 正在启动服务器...
2024-12-19 00:01:38 - be.serve - INFO - 创建Flask应用...
2024-12-19 00:01:38 - be.serve - INFO - 初始化数据库...
2024-12-19 00:01:38 - be.model.db_config - INFO - 清理数据库...
2024-12-19 00:01:44 - be.model.db_config - INFO - 数据库清理完成
2024-12-19 00:01:44 - be.model.db_config - INFO - 已创建的表: ['book', 'book_images', 'books', 'order_items', 'orders', 'stores', 'users']
2024-12-19 00:01:44 - be.model.db_config - INFO - 删除所有表...
2024-12-19 00:01:51 - be.model.db_config - INFO - 数据库初始化完成
2024-12-19 00:01:52 - be.model.db_config - INFO - 已创建的表: ['book', 'book_images', 'books', 'order_items', 'orders', 'stores', 'users']
2024-12-19 00:01:52 - be.serve - INFO - 数据库初始化成功
2024-12-19 00:01:52 - be.serve - INFO - 注册蓝图...
2024-12-19 00:01:52 - be.serve - INFO - 启动服务器...
2024-12-19 00:01:52 - werkzeug - INFO - [31m[1mWARNING: This is a development server. Do not use it in a production deployment. Use a production WSGI server instead.[0m
 * Running on http://127.0.0.1:5555
2024-12-19 00:01:52 - werkzeug - INFO - [33mPress CTRL+C to quit[0m
2024-12-19 00:01:52 - be.view.auth - INFO - 收到注册请求: {'user_id': 'test_register_user_1734537712.155634', 'password': 'test_register_password_1734537712.155639'}
2024-12-19 00:01:52 - be.model.user - INFO - 尝试注册新用户：test_register_user_1734537712.155634
2024-12-19 00:01:52 - be.model.user - ERROR - 注册失败: Mapper 'Mapper[Book(books)]' has no property 'images'.  If this property was indicated from other mappers or configure events, ensure registry.configure() has been called.
2024-12-19 00:01:52 - be.view.auth - INFO - 注册处理结果: 500
2024-12-19 00:01:52 - werkzeug - INFO - 127.0.0.1 - - [19/Dec/2024 00:01:52] "[35m[1mPOST /auth/register HTTP/1.1[0m" 500 -
2024-12-19 00:01:52 - be.view.auth - INFO - 收到注册请求: {'user_id': 'test_register_user_1734537712.1979678', 'password': 'test_register_password_1734537712.19797'}
2024-12-19 00:01:52 - be.model.user - INFO - 尝试注册新用户：test_register_user_1734537712.1979678
2024-12-19 00:01:52 - be.model.user - ERROR - 注册失败: One or more mappers failed to initialize - can't proceed with initialization of other mappers. Triggering mapper: 'Mapper[BookImage(book_images)]'. Original exception was: Mapper 'Mapper[Book(books)]' has no property 'images'.  If this property was indicated from other mappers or configure events, ensure registry.configure() has been called.
2024-12-19 00:01:52 - be.view.auth - INFO - 注册处理结果: 500
2024-12-19 00:01:52 - werkzeug - INFO - 127.0.0.1 - - [19/Dec/2024 00:01:52] "[35m[1mPOST /auth/register HTTP/1.1[0m" 500 -
2024-12-19 00:01:52 - be.view.auth - INFO - 收到注册请求: {'user_id': 'test_register_user_1734537712.2006888', 'password': 'test_register_password_1734537712.20069'}
2024-12-19 00:01:52 - be.model.user - INFO - 尝试注册新用户：test_register_user_1734537712.2006888
2024-12-19 00:01:52 - be.model.user - ERROR - 注册失败: One or more mappers failed to initialize - can't proceed with initialization of other mappers. Triggering mapper: 'Mapper[BookImage(book_images)]'. Original exception was: Mapper 'Mapper[Book(books)]' has no property 'images'.  If this property was indicated from other mappers or configure events, ensure registry.configure() has been called.
2024-12-19 00:01:52 - be.view.auth - INFO - 注册处理结果: 500
2024-12-19 00:01:52 - werkzeug - INFO - 127.0.0.1 - - [19/Dec/2024 00:01:52] "[35m[1mPOST /auth/register HTTP/1.1[0m" 500 -
2024-12-19 00:01:52 - be.view.auth - INFO - 收到注册请求: {'user_id': 'test_register_user_1734537712.20308', 'password': 'test_register_password_1734537712.203081'}
2024-12-19 00:01:52 - be.model.user - INFO - 尝试注册新用户：test_register_user_1734537712.20308
2024-12-19 00:01:52 - be.model.user - ERROR - 注册失败: One or more mappers failed to initialize - can't proceed with initialization of other mappers. Triggering mapper: 'Mapper[BookImage(book_images)]'. Original exception was: Mapper 'Mapper[Book(books)]' has no property 'images'.  If this property was indicated from other mappers or configure events, ensure registry.configure() has been called.
2024-12-19 00:01:52 - be.view.auth - INFO - 注册处理结果: 500
2024-12-19 00:01:52 - werkzeug - INFO - 127.0.0.1 - - [19/Dec/2024 00:01:52] "[35m[1mPOST /auth/register HTTP/1.1[0m" 500 -
2024-12-19 00:01:52 - be.view.auth - INFO - 收到注册请求: {'user_id': 'test_login_1734537712.205508', 'password': 'password_test_login_1734537712.205508'}
2024-12-19 00:01:52 - be.model.user - INFO - 尝试注册新用户：test_login_1734537712.205508
2024-12-19 00:01:52 - be.model.user - ERROR - 注册失败: One or more mappers failed to initialize - can't proceed with initialization of other mappers. Triggering mapper: 'Mapper[BookImage(book_images)]'. Original exception was: Mapper 'Mapper[Book(books)]' has no property 'images'.  If this property was indicated from other mappers or configure events, ensure registry.configure() has been called.
2024-12-19 00:01:52 - be.view.auth - INFO - 注册处理结果: 500
2024-12-19 00:01:52 - werkzeug - INFO - 127.0.0.1 - - [19/Dec/2024 00:01:52] "[35m[1mPOST /auth/register HTTP/1.1[0m" 500 -
2024-12-19 00:01:52 - be.view.auth - INFO - 收到注册请求: {'user_id': 'test_login_1734537712.208298', 'password': 'password_test_login_1734537712.208298'}
2024-12-19 00:01:52 - be.model.user - INFO - 尝试注册新用户：test_login_1734537712.208298
2024-12-19 00:01:52 - be.model.user - ERROR - 注册失败: One or more mappers failed to initialize - can't proceed with initialization of other mappers. Triggering mapper: 'Mapper[BookImage(book_images)]'. Original exception was: Mapper 'Mapper[Book(books)]' has no property 'images'.  If this property was indicated from other mappers or configure events, ensure registry.configure() has been called.
2024-12-19 00:01:52 - be.view.auth - INFO - 注册处理结果: 500
2024-12-19 00:01:52 - werkzeug - INFO - 127.0.0.1 - - [19/Dec/2024 00:01:52] "[35m[1mPOST /auth/register HTTP/1.1[0m" 500 -
2024-12-19 00:01:52 - be.view.auth - INFO - 收到注册请求: {'user_id': 'test_login_1734537712.2109818', 'password': 'password_test_login_1734537712.2109818'}
2024-12-19 00:01:52 - be.model.user - INFO - 尝试注册新用户：test_login_1734537712.2109818
2024-12-19 00:01:52 - be.model.user - ERROR - 注册失败: One or more mappers failed to initialize - can't proceed with initialization of other mappers. Triggering mapper: 'Mapper[BookImage(book_images)]'. Original exception was: Mapper 'Mapper[Book(books)]' has no property 'images'.  If this property was indicated from other mappers or configure events, ensure registry.configure() has been called.
2024-12-19 00:01:52 - be.view.auth - INFO - 注册处理结果: 500
2024-12-19 00:01:52 - werkzeug - INFO - 127.0.0.1 - - [19/Dec/2024 00:01:52] "[35m[1mPOST /auth/register HTTP/1.1[0m" 500 -
2024-12-19 00:01:52 - be.view.auth - INFO - 收到注册请求: {'user_id': 'test_password_655d704c-bd59-11ef-bc9a-02a6845b4b32', 'password': 'old_password_test_password_655d704c-bd59-11ef-bc9a-02a6845b4b32'}
2024-12-19 00:01:52 - be.model.user - INFO - 尝试注册新用户：test_password_655d704c-bd59-11ef-bc9a-02a6845b4b32
2024-12-19 00:01:52 - be.model.user - ERROR - 注册失败: One or more mappers failed to initialize - can't proceed with initialization of other mappers. Triggering mapper: 'Mapper[BookImage(book_images)]'. Original exception was: Mapper 'Mapper[Book(books)]' has no property 'images'.  If this property was indicated from other mappers or configure events, ensure registry.configure() has been called.
2024-12-19 00:01:52 - be.view.auth - INFO - 注册处理结果: 500
2024-12-19 00:01:52 - werkzeug - INFO - 127.0.0.1 - - [19/Dec/2024 00:01:52] "[35m[1mPOST /auth/register HTTP/1.1[0m" 500 -
2024-12-19 00:01:52 - be.view.auth - INFO - 收到注册请求: {'user_id': 'test_password_655ddf00-bd59-11ef-bc9a-02a6845b4b32', 'password': 'old_password_test_password_655ddf00-bd59-11ef-bc9a-02a6845b4b32'}
2024-12-19 00:01:52 - be.model.user - INFO - 尝试注册新用户：test_password_655ddf00-bd59-11ef-bc9a-02a6845b4b32
2024-12-19 00:01:52 - be.model.user - ERROR - 注册失败: One or more mappers failed to initialize - can't proceed with initialization of other mappers. Triggering mapper: 'Mapper[BookImage(book_images)]'. Original exception was: Mapper 'Mapper[Book(books)]' has no property 'images'.  If this property was indicated from other mappers or configure events, ensure registry.configure() has been called.
2024-12-19 00:01:52 - be.view.auth - INFO - 注册处理结果: 500
2024-12-19 00:01:52 - werkzeug - INFO - 127.0.0.1 - - [19/Dec/2024 00:01:52] "[35m[1mPOST /auth/register HTTP/1.1[0m" 500 -
2024-12-19 00:01:52 - be.view.auth - INFO - 收到注册请求: {'user_id': 'test_password_655e45d0-bd59-11ef-bc9a-02a6845b4b32', 'password': 'old_password_test_password_655e45d0-bd59-11ef-bc9a-02a6845b4b32'}
2024-12-19 00:01:52 - be.model.user - INFO - 尝试注册新用户：test_password_655e45d0-bd59-11ef-bc9a-02a6845b4b32
2024-12-19 00:01:52 - be.model.user - ERROR - 注册失败: One or more mappers failed to initialize - can't proceed with initialization of other mappers. Triggering mapper: 'Mapper[BookImage(book_images)]'. Original exception was: Mapper 'Mapper[Book(books)]' has no property 'images'.  If this property was indicated from other mappers or configure events, ensure registry.configure() has been called.
2024-12-19 00:01:52 - be.view.auth - INFO - 注册处理结果: 500
2024-12-19 00:01:52 - werkzeug - INFO - 127.0.0.1 - - [19/Dec/2024 00:01:52] "[35m[1mPOST /auth/register HTTP/1.1[0m" 500 -
2024-12-19 00:01:52 - be.view.auth - INFO - 收到注册请求: {'user_id': 'test_add_funds_655eb59c-bd59-11ef-bc9a-02a6845b4b32', 'password': 'test_add_funds_655eb59c-bd59-11ef-bc9a-02a6845b4b32'}
2024-12-19 00:01:52 - be.model.user - INFO - 尝试注册新用户：test_add_funds_655eb59c-bd59-11ef-bc9a-02a6845b4b32
2024-12-19 00:01:52 - be.model.user - ERROR - 注册失败: One or more mappers failed to initialize - can't proceed with initialization of other mappers. Triggering mapper: 'Mapper[BookImage(book_images)]'. Original exception was: Mapper 'Mapper[Book(books)]' has no property 'images'.  If this property was indicated from other mappers or configure events, ensure registry.configure() has been called.
2024-12-19 00:01:52 - be.view.auth - INFO - 注册处理结果: 500
2024-12-19 00:01:52 - werkzeug - INFO - 127.0.0.1 - - [19/Dec/2024 00:01:52] "[35m[1mPOST /auth/register HTTP/1.1[0m" 500 -
2024-12-19 00:01:52 - be.view.auth - INFO - 收到注册请求: {'user_id': 'test_add_funds_655f1d16-bd59-11ef-bc9a-02a6845b4b32', 'password': 'test_add_funds_655f1d16-bd59-11ef-bc9a-02a6845b4b32'}
2024-12-19 00:01:52 - be.model.user - INFO - 尝试注册新用户：test_add_funds_655f1d16-bd59-11ef-bc9a-02a6845b4b32
2024-12-19 00:01:52 - be.model.user - ERROR - 注册失败: One or more mappers failed to initialize - can't proceed with initialization of other mappers. Triggering mapper: 'Mapper[BookImage(book_images)]'. Original exception was: Mapper 'Mapper[Book(books)]' has no property 'images'.  If this property was indicated from other mappers or configure events, ensure registry.configure() has been called.
2024-12-19 00:01:52 - be.view.auth - INFO - 注册处理结果: 500
2024-12-19 00:01:52 - werkzeug - INFO - 127.0.0.1 - - [19/Dec/2024 00:01:52] "[35m[1mPOST /auth/register HTTP/1.1[0m" 500 -
2024-12-19 00:01:52 - be.view.auth - INFO - 收到注册请求: {'user_id': 'test_add_funds_655f8378-bd59-11ef-bc9a-02a6845b4b32', 'password': 'test_add_funds_655f8378-bd59-11ef-bc9a-02a6845b4b32'}
2024-12-19 00:01:52 - be.model.user - INFO - 尝试注册新用户：test_add_funds_655f8378-bd59-11ef-bc9a-02a6845b4b32
2024-12-19 00:01:52 - be.model.user - ERROR - 注册失败: One or more mappers failed to initialize - can't proceed with initialization of other mappers. Triggering mapper: 'Mapper[BookImage(book_images)]'. Original exception was: Mapper 'Mapper[Book(books)]' has no property 'images'.  If this property was indicated from other mappers or configure events, ensure registry.configure() has been called.
2024-12-19 00:01:52 - be.view.auth - INFO - 注册处理结果: 500
2024-12-19 00:01:52 - werkzeug - INFO - 127.0.0.1 - - [19/Dec/2024 00:01:52] "[35m[1mPOST /auth/register HTTP/1.1[0m" 500 -
2024-12-19 00:01:52 - be.view.auth - INFO - 收到注册请求: {'user_id': 'test_create_store_user_655fe66a-bd59-11ef-bc9a-02a6845b4b32', 'password': 'test_create_store_user_655fe66a-bd59-11ef-bc9a-02a6845b4b32'}
2024-12-19 00:01:52 - be.model.user - INFO - 尝试注册新用户：test_create_store_user_655fe66a-bd59-11ef-bc9a-02a6845b4b32
2024-12-19 00:01:52 - be.model.user - ERROR - 注册失败: One or more mappers failed to initialize - can't proceed with initialization of other mappers. Triggering mapper: 'Mapper[BookImage(book_images)]'. Original exception was: Mapper 'Mapper[Book(books)]' has no property 'images'.  If this property was indicated from other mappers or configure events, ensure registry.configure() has been called.
2024-12-19 00:01:52 - be.view.auth - INFO - 注册处理结果: 500
2024-12-19 00:01:52 - werkzeug - INFO - 127.0.0.1 - - [19/Dec/2024 00:01:52] "[35m[1mPOST /auth/register HTTP/1.1[0m" 500 -
2024-12-19 00:01:52 - be.view.auth - INFO - 收到注册请求: {'user_id': 'test_create_store_user_65604664-bd59-11ef-bc9a-02a6845b4b32', 'password': 'test_create_store_user_65604664-bd59-11ef-bc9a-02a6845b4b32'}
2024-12-19 00:01:52 - be.model.user - INFO - 尝试注册新用户：test_create_store_user_65604664-bd59-11ef-bc9a-02a6845b4b32
2024-12-19 00:01:52 - be.model.user - ERROR - 注册失败: One or more mappers failed to initialize - can't proceed with initialization of other mappers. Triggering mapper: 'Mapper[BookImage(book_images)]'. Original exception was: Mapper 'Mapper[Book(books)]' has no property 'images'.  If this property was indicated from other mappers or configure events, ensure registry.configure() has been called.
2024-12-19 00:01:52 - be.view.auth - INFO - 注册处理结果: 500
2024-12-19 00:01:52 - werkzeug - INFO - 127.0.0.1 - - [19/Dec/2024 00:01:52] "[35m[1mPOST /auth/register HTTP/1.1[0m" 500 -
2024-12-19 00:01:52 - be.view.auth - INFO - 收到注册请求: {'user_id': 'test_add_books_seller_id_6560ae4c-bd59-11ef-bc9a-02a6845b4b32', 'password': 'test_add_books_seller_id_6560ae4c-bd59-11ef-bc9a-02a6845b4b32'}
2024-12-19 00:01:52 - be.model.user - INFO - 尝试注册新用户：test_add_books_seller_id_6560ae4c-bd59-11ef-bc9a-02a6845b4b32
2024-12-19 00:01:52 - be.model.user - ERROR - 注册失败: One or more mappers failed to initialize - can't proceed with initialization of other mappers. Triggering mapper: 'Mapper[BookImage(book_images)]'. Original exception was: Mapper 'Mapper[Book(books)]' has no property 'images'.  If this property was indicated from other mappers or configure events, ensure registry.configure() has been called.
2024-12-19 00:01:52 - be.view.auth - INFO - 注册处理结果: 500
2024-12-19 00:01:52 - werkzeug - INFO - 127.0.0.1 - - [19/Dec/2024 00:01:52] "[35m[1mPOST /auth/register HTTP/1.1[0m" 500 -
2024-12-19 00:01:52 - be.view.auth - INFO - 收到注册请求: {'user_id': 'test_add_books_seller_id_65619c80-bd59-11ef-bc9a-02a6845b4b32', 'password': 'test_add_books_seller_id_65619c80-bd59-11ef-bc9a-02a6845b4b32'}
2024-12-19 00:01:52 - be.model.user - INFO - 尝试注册新用户：test_add_books_seller_id_65619c80-bd59-11ef-bc9a-02a6845b4b32
2024-12-19 00:01:52 - be.model.user - ERROR - 注册失败: One or more mappers failed to initialize - can't proceed with initialization of other mappers. Triggering mapper: 'Mapper[BookImage(book_images)]'. Original exception was: Mapper 'Mapper[Book(books)]' has no property 'images'.  If this property was indicated from other mappers or configure events, ensure registry.configure() has been called.
2024-12-19 00:01:52 - be.view.auth - INFO - 注册处理结果: 500
2024-12-19 00:01:52 - werkzeug - INFO - 127.0.0.1 - - [19/Dec/2024 00:01:52] "[35m[1mPOST /auth/register HTTP/1.1[0m" 500 -
2024-12-19 00:01:52 - be.view.auth - INFO - 收到注册请求: {'user_id': 'test_add_books_seller_id_65625f8a-bd59-11ef-bc9a-02a6845b4b32', 'password': 'test_add_books_seller_id_65625f8a-bd59-11ef-bc9a-02a6845b4b32'}
2024-12-19 00:01:52 - be.model.user - INFO - 尝试注册新用户：test_add_books_seller_id_65625f8a-bd59-11ef-bc9a-02a6845b4b32
2024-12-19 00:01:52 - be.model.user - ERROR - 注册失败: One or more mappers failed to initialize - can't proceed with initialization of other mappers. Triggering mapper: 'Mapper[BookImage(book_images)]'. Original exception was: Mapper 'Mapper[Book(books)]' has no property 'images'.  If this property was indicated from other mappers or configure events, ensure registry.configure() has been called.
2024-12-19 00:01:52 - be.view.auth - INFO - 注册处理结果: 500
2024-12-19 00:01:52 - werkzeug - INFO - 127.0.0.1 - - [19/Dec/2024 00:01:52] "[35m[1mPOST /auth/register HTTP/1.1[0m" 500 -
2024-12-19 00:01:52 - be.view.auth - INFO - 收到注册请求: {'user_id': 'test_add_books_seller_id_656311fa-bd59-11ef-bc9a-02a6845b4b32', 'password': 'test_add_books_seller_id_656311fa-bd59-11ef-bc9a-02a6845b4b32'}
2024-12-19 00:01:52 - be.model.user - INFO - 尝试注册新用户：test_add_books_seller_id_656311fa-bd59-11ef-bc9a-02a6845b4b32
2024-12-19 00:01:52 - be.model.user - ERROR - 注册失败: One or more mappers failed to initialize - can't proceed with initialization of other mappers. Triggering mapper: 'Mapper[BookImage(book_images)]'. Original exception was: Mapper 'Mapper[Book(books)]' has no property 'images'.  If this property was indicated from other mappers or configure events, ensure registry.configure() has been called.
2024-12-19 00:01:52 - be.view.auth - INFO - 注册处理结果: 500
2024-12-19 00:01:52 - werkzeug - INFO - 127.0.0.1 - - [19/Dec/2024 00:01:52] "[35m[1mPOST /auth/register HTTP/1.1[0m" 500 -
2024-12-19 00:01:52 - be.view.auth - INFO - 收到注册请求: {'user_id': 'test_add_book_stock_level1_user_65640402-bd59-11ef-bc9a-02a6845b4b32', 'password': 'test_add_book_stock_level1_user_65640402-bd59-11ef-bc9a-02a6845b4b32'}
2024-12-19 00:01:52 - be.model.user - INFO - 尝试注册新用户：test_add_book_stock_level1_user_65640402-bd59-11ef-bc9a-02a6845b4b32
2024-12-19 00:01:52 - be.model.user - ERROR - 注册失败: One or more mappers failed to initialize - can't proceed with initialization of other mappers. Triggering mapper: 'Mapper[BookImage(book_images)]'. Original exception was: Mapper 'Mapper[Book(books)]' has no property 'images'.  If this property was indicated from other mappers or configure events, ensure registry.configure() has been called.
2024-12-19 00:01:52 - be.view.auth - INFO - 注册处理结果: 500
2024-12-19 00:01:52 - werkzeug - INFO - 127.0.0.1 - - [19/Dec/2024 00:01:52] "[35m[1mPOST /auth/register HTTP/1.1[0m" 500 -
2024-12-19 00:01:52 - be.view.auth - INFO - 收到注册请求: {'user_id': 'test_add_book_stock_level1_user_65650988-bd59-11ef-bc9a-02a6845b4b32', 'password': 'test_add_book_stock_level1_user_65650988-bd59-11ef-bc9a-02a6845b4b32'}
2024-12-19 00:01:52 - be.model.user - INFO - 尝试注册新用户：test_add_book_stock_level1_user_65650988-bd59-11ef-bc9a-02a6845b4b32
2024-12-19 00:01:52 - be.model.user - ERROR - 注册失败: One or more mappers failed to initialize - can't proceed with initialization of other mappers. Triggering mapper: 'Mapper[BookImage(book_images)]'. Original exception was: Mapper 'Mapper[Book(books)]' has no property 'images'.  If this property was indicated from other mappers or configure events, ensure registry.configure() has been called.
2024-12-19 00:01:52 - be.view.auth - INFO - 注册处理结果: 500
2024-12-19 00:01:52 - werkzeug - INFO - 127.0.0.1 - - [19/Dec/2024 00:01:52] "[35m[1mPOST /auth/register HTTP/1.1[0m" 500 -
2024-12-19 00:01:52 - be.view.auth - INFO - 收到注册请求: {'user_id': 'test_add_book_stock_level1_user_6565f73a-bd59-11ef-bc9a-02a6845b4b32', 'password': 'test_add_book_stock_level1_user_6565f73a-bd59-11ef-bc9a-02a6845b4b32'}
2024-12-19 00:01:52 - be.model.user - INFO - 尝试注册新用户：test_add_book_stock_level1_user_6565f73a-bd59-11ef-bc9a-02a6845b4b32
2024-12-19 00:01:52 - be.model.user - ERROR - 注册失败: One or more mappers failed to initialize - can't proceed with initialization of other mappers. Triggering mapper: 'Mapper[BookImage(book_images)]'. Original exception was: Mapper 'Mapper[Book(books)]' has no property 'images'.  If this property was indicated from other mappers or configure events, ensure registry.configure() has been called.
2024-12-19 00:01:52 - be.view.auth - INFO - 注册处理结果: 500
2024-12-19 00:01:52 - werkzeug - INFO - 127.0.0.1 - - [19/Dec/2024 00:01:52] "[35m[1mPOST /auth/register HTTP/1.1[0m" 500 -
2024-12-19 00:01:52 - be.view.auth - INFO - 收到注册请求: {'user_id': 'test_add_book_stock_level1_user_65668c36-bd59-11ef-bc9a-02a6845b4b32', 'password': 'test_add_book_stock_level1_user_65668c36-bd59-11ef-bc9a-02a6845b4b32'}
2024-12-19 00:01:52 - be.model.user - INFO - 尝试注册新用户：test_add_book_stock_level1_user_65668c36-bd59-11ef-bc9a-02a6845b4b32
2024-12-19 00:01:52 - be.model.user - ERROR - 注册失败: One or more mappers failed to initialize - can't proceed with initialization of other mappers. Triggering mapper: 'Mapper[BookImage(book_images)]'. Original exception was: Mapper 'Mapper[Book(books)]' has no property 'images'.  If this property was indicated from other mappers or configure events, ensure registry.configure() has been called.
2024-12-19 00:01:52 - be.view.auth - INFO - 注册处理结果: 500
2024-12-19 00:01:52 - werkzeug - INFO - 127.0.0.1 - - [19/Dec/2024 00:01:52] "[35m[1mPOST /auth/register HTTP/1.1[0m" 500 -
2024-12-19 00:01:52 - be.view.auth - INFO - 收到注册请求: {'user_id': 'test_new_order_buyer_id_6566fd88-bd59-11ef-bc9a-02a6845b4b32', 'password': 'test_new_order_seller_id_6566fd42-bd59-11ef-bc9a-02a6845b4b32'}
2024-12-19 00:01:52 - be.model.user - INFO - 尝试注册新用户：test_new_order_buyer_id_6566fd88-bd59-11ef-bc9a-02a6845b4b32
2024-12-19 00:01:52 - be.model.user - ERROR - 注册失败: One or more mappers failed to initialize - can't proceed with initialization of other mappers. Triggering mapper: 'Mapper[BookImage(book_images)]'. Original exception was: Mapper 'Mapper[Book(books)]' has no property 'images'.  If this property was indicated from other mappers or configure events, ensure registry.configure() has been called.
2024-12-19 00:01:52 - be.view.auth - INFO - 注册处理结果: 500
2024-12-19 00:01:52 - werkzeug - INFO - 127.0.0.1 - - [19/Dec/2024 00:01:52] "[35m[1mPOST /auth/register HTTP/1.1[0m" 500 -
2024-12-19 00:01:52 - be.view.auth - INFO - 收到注册请求: {'user_id': 'test_new_order_buyer_id_656773bc-bd59-11ef-bc9a-02a6845b4b32', 'password': 'test_new_order_seller_id_65677376-bd59-11ef-bc9a-02a6845b4b32'}
2024-12-19 00:01:52 - be.model.user - INFO - 尝试注册新用户：test_new_order_buyer_id_656773bc-bd59-11ef-bc9a-02a6845b4b32
2024-12-19 00:01:52 - be.model.user - ERROR - 注册失败: One or more mappers failed to initialize - can't proceed with initialization of other mappers. Triggering mapper: 'Mapper[BookImage(book_images)]'. Original exception was: Mapper 'Mapper[Book(books)]' has no property 'images'.  If this property was indicated from other mappers or configure events, ensure registry.configure() has been called.
2024-12-19 00:01:52 - be.view.auth - INFO - 注册处理结果: 500
2024-12-19 00:01:52 - werkzeug - INFO - 127.0.0.1 - - [19/Dec/2024 00:01:52] "[35m[1mPOST /auth/register HTTP/1.1[0m" 500 -
2024-12-19 00:01:52 - be.view.auth - INFO - 收到注册请求: {'user_id': 'test_new_order_buyer_id_6567f3be-bd59-11ef-bc9a-02a6845b4b32', 'password': 'test_new_order_seller_id_6567f378-bd59-11ef-bc9a-02a6845b4b32'}
2024-12-19 00:01:52 - be.model.user - INFO - 尝试注册新用户：test_new_order_buyer_id_6567f3be-bd59-11ef-bc9a-02a6845b4b32
2024-12-19 00:01:52 - be.model.user - ERROR - 注册失败: One or more mappers failed to initialize - can't proceed with initialization of other mappers. Triggering mapper: 'Mapper[BookImage(book_images)]'. Original exception was: Mapper 'Mapper[Book(books)]' has no property 'images'.  If this property was indicated from other mappers or configure events, ensure registry.configure() has been called.
2024-12-19 00:01:52 - be.view.auth - INFO - 注册处理结果: 500
2024-12-19 00:01:52 - werkzeug - INFO - 127.0.0.1 - - [19/Dec/2024 00:01:52] "[35m[1mPOST /auth/register HTTP/1.1[0m" 500 -
2024-12-19 00:01:52 - be.view.auth - INFO - 收到注册请求: {'user_id': 'test_new_order_buyer_id_65685c32-bd59-11ef-bc9a-02a6845b4b32', 'password': 'test_new_order_seller_id_65685be2-bd59-11ef-bc9a-02a6845b4b32'}
2024-12-19 00:01:52 - be.model.user - INFO - 尝试注册新用户：test_new_order_buyer_id_65685c32-bd59-11ef-bc9a-02a6845b4b32
2024-12-19 00:01:52 - be.model.user - ERROR - 注册失败: One or more mappers failed to initialize - can't proceed with initialization of other mappers. Triggering mapper: 'Mapper[BookImage(book_images)]'. Original exception was: Mapper 'Mapper[Book(books)]' has no property 'images'.  If this property was indicated from other mappers or configure events, ensure registry.configure() has been called.
2024-12-19 00:01:52 - be.view.auth - INFO - 注册处理结果: 500
2024-12-19 00:01:52 - werkzeug - INFO - 127.0.0.1 - - [19/Dec/2024 00:01:52] "[35m[1mPOST /auth/register HTTP/1.1[0m" 500 -
2024-12-19 00:01:52 - be.view.auth - INFO - 收到注册请求: {'user_id': 'test_new_order_buyer_id_6568c3d4-bd59-11ef-bc9a-02a6845b4b32', 'password': 'test_new_order_seller_id_6568c384-bd59-11ef-bc9a-02a6845b4b32'}
2024-12-19 00:01:52 - be.model.user - INFO - 尝试注册新用户：test_new_order_buyer_id_6568c3d4-bd59-11ef-bc9a-02a6845b4b32
2024-12-19 00:01:52 - be.model.user - ERROR - 注册失败: One or more mappers failed to initialize - can't proceed with initialization of other mappers. Triggering mapper: 'Mapper[BookImage(book_images)]'. Original exception was: Mapper 'Mapper[Book(books)]' has no property 'images'.  If this property was indicated from other mappers or configure events, ensure registry.configure() has been called.
2024-12-19 00:01:52 - be.view.auth - INFO - 注册处理结果: 500
2024-12-19 00:01:52 - werkzeug - INFO - 127.0.0.1 - - [19/Dec/2024 00:01:52] "[35m[1mPOST /auth/register HTTP/1.1[0m" 500 -
2024-12-19 00:01:52 - be.view.auth - INFO - 收到注册请求: {'user_id': 'test_payment_seller_id_65692afe-bd59-11ef-bc9a-02a6845b4b32', 'password': 'test_payment_seller_id_65692afe-bd59-11ef-bc9a-02a6845b4b32'}
2024-12-19 00:01:52 - be.model.user - INFO - 尝试注册新用户：test_payment_seller_id_65692afe-bd59-11ef-bc9a-02a6845b4b32
2024-12-19 00:01:52 - be.model.user - ERROR - 注册失败: One or more mappers failed to initialize - can't proceed with initialization of other mappers. Triggering mapper: 'Mapper[BookImage(book_images)]'. Original exception was: Mapper 'Mapper[Book(books)]' has no property 'images'.  If this property was indicated from other mappers or configure events, ensure registry.configure() has been called.
2024-12-19 00:01:52 - be.view.auth - INFO - 注册处理结果: 500
2024-12-19 00:01:52 - werkzeug - INFO - 127.0.0.1 - - [19/Dec/2024 00:01:52] "[35m[1mPOST /auth/register HTTP/1.1[0m" 500 -
2024-12-19 00:01:52 - be.view.auth - INFO - 收到注册请求: {'user_id': 'test_payment_seller_id_6569b730-bd59-11ef-bc9a-02a6845b4b32', 'password': 'test_payment_seller_id_6569b730-bd59-11ef-bc9a-02a6845b4b32'}
2024-12-19 00:01:52 - be.model.user - INFO - 尝试注册新用户：test_payment_seller_id_6569b730-bd59-11ef-bc9a-02a6845b4b32
2024-12-19 00:01:52 - be.model.user - ERROR - 注册失败: One or more mappers failed to initialize - can't proceed with initialization of other mappers. Triggering mapper: 'Mapper[BookImage(book_images)]'. Original exception was: Mapper 'Mapper[Book(books)]' has no property 'images'.  If this property was indicated from other mappers or configure events, ensure registry.configure() has been called.
2024-12-19 00:01:52 - be.view.auth - INFO - 注册处理结果: 500
2024-12-19 00:01:52 - werkzeug - INFO - 127.0.0.1 - - [19/Dec/2024 00:01:52] "[35m[1mPOST /auth/register HTTP/1.1[0m" 500 -
2024-12-19 00:01:52 - be.view.auth - INFO - 收到注册请求: {'user_id': 'test_payment_seller_id_656a3890-bd59-11ef-bc9a-02a6845b4b32', 'password': 'test_payment_seller_id_656a3890-bd59-11ef-bc9a-02a6845b4b32'}
2024-12-19 00:01:52 - be.model.user - INFO - 尝试注册新用户：test_payment_seller_id_656a3890-bd59-11ef-bc9a-02a6845b4b32
2024-12-19 00:01:52 - be.model.user - ERROR - 注册失败: One or more mappers failed to initialize - can't proceed with initialization of other mappers. Triggering mapper: 'Mapper[BookImage(book_images)]'. Original exception was: Mapper 'Mapper[Book(books)]' has no property 'images'.  If this property was indicated from other mappers or configure events, ensure registry.configure() has been called.
2024-12-19 00:01:52 - be.view.auth - INFO - 注册处理结果: 500
2024-12-19 00:01:52 - werkzeug - INFO - 127.0.0.1 - - [19/Dec/2024 00:01:52] "[35m[1mPOST /auth/register HTTP/1.1[0m" 500 -
2024-12-19 00:01:52 - be.view.auth - INFO - 收到注册请求: {'user_id': 'test_payment_seller_id_656abf9a-bd59-11ef-bc9a-02a6845b4b32', 'password': 'test_payment_seller_id_656abf9a-bd59-11ef-bc9a-02a6845b4b32'}
2024-12-19 00:01:52 - be.model.user - INFO - 尝试注册新用户：test_payment_seller_id_656abf9a-bd59-11ef-bc9a-02a6845b4b32
2024-12-19 00:01:52 - be.model.user - ERROR - 注册失败: One or more mappers failed to initialize - can't proceed with initialization of other mappers. Triggering mapper: 'Mapper[BookImage(book_images)]'. Original exception was: Mapper 'Mapper[Book(books)]' has no property 'images'.  If this property was indicated from other mappers or configure events, ensure registry.configure() has been called.
2024-12-19 00:01:52 - be.view.auth - INFO - 注册处理结果: 500
2024-12-19 00:01:52 - werkzeug - INFO - 127.0.0.1 - - [19/Dec/2024 00:01:52] "[35m[1mPOST /auth/register HTTP/1.1[0m" 500 -
2024-12-19 00:01:52 - be.serve - INFO - 正在关闭服务器...
2024-12-19 00:01:52 - be.serve - ERROR - 关闭服务器失败: Not running with the Werkzeug Server
2024-12-19 00:02:48 - __main__ - INFO - 
{'='*20} 开始运行所有测试 {'='*20}
2024-12-19 00:02:48 - be.model.db_config - INFO - 清理数据库...
2024-12-19 00:02:55 - be.model.db_config - INFO - 数据库清理完成
2024-12-19 00:02:55 - be.model.db_config - INFO - 已创建的表: ['book', 'book_images', 'books', 'order_items', 'orders', 'stores', 'users']
2024-12-19 00:02:55 - be.model.user - INFO - 创建 UserManager 实例
2024-12-19 00:02:55 - be.serve - INFO - 正在启动服务器...
2024-12-19 00:02:55 - be.serve - INFO - 创建Flask应用...
2024-12-19 00:02:55 - be.serve - INFO - 初始化数据库...
2024-12-19 00:02:55 - be.model.db_config - INFO - 清理数据库...
2024-12-19 00:03:01 - be.model.db_config - INFO - 数据库清理完成
2024-12-19 00:03:02 - be.model.db_config - INFO - 已创建的表: ['book', 'book_images', 'books', 'order_items', 'orders', 'stores', 'users']
2024-12-19 00:03:02 - be.model.db_config - INFO - 删除所有表...
2024-12-19 00:03:08 - be.model.db_config - INFO - 数据库初始化完成
2024-12-19 00:03:08 - be.model.db_config - INFO - 已创建的表: ['book', 'book_images', 'books', 'order_items', 'orders', 'stores', 'users']
2024-12-19 00:03:08 - be.serve - INFO - 数据库初始化成功
2024-12-19 00:03:08 - be.serve - INFO - 注册蓝图...
2024-12-19 00:03:08 - be.serve - INFO - 启动服务器...
2024-12-19 00:03:09 - werkzeug - INFO - [31m[1mWARNING: This is a development server. Do not use it in a production deployment. Use a production WSGI server instead.[0m
 * Running on http://127.0.0.1:5555
2024-12-19 00:03:09 - werkzeug - INFO - [33mPress CTRL+C to quit[0m
2024-12-19 00:03:09 - be.view.auth - INFO - 收到注册请求: {'user_id': 'test_register_user_1734537789.0337348', 'password': 'test_register_password_1734537789.03374'}
2024-12-19 00:03:09 - be.model.user - INFO - 尝试注册新用户：test_register_user_1734537789.0337348
2024-12-19 00:03:09 - be.model.user - ERROR - 注册失败: Mapper 'Mapper[Book(books)]' has no property 'images'.  If this property was indicated from other mappers or configure events, ensure registry.configure() has been called.
2024-12-19 00:03:09 - be.view.auth - INFO - 注册处理结果: 500
2024-12-19 00:03:09 - werkzeug - INFO - 127.0.0.1 - - [19/Dec/2024 00:03:09] "[35m[1mPOST /auth/register HTTP/1.1[0m" 500 -
2024-12-19 00:03:09 - be.view.auth - INFO - 收到注册请求: {'user_id': 'test_register_user_1734537789.071552', 'password': 'test_register_password_1734537789.0715551'}
2024-12-19 00:03:09 - be.model.user - INFO - 尝试注册新用户：test_register_user_1734537789.071552
2024-12-19 00:03:09 - be.model.user - ERROR - 注册失败: One or more mappers failed to initialize - can't proceed with initialization of other mappers. Triggering mapper: 'Mapper[BookImage(book_images)]'. Original exception was: Mapper 'Mapper[Book(books)]' has no property 'images'.  If this property was indicated from other mappers or configure events, ensure registry.configure() has been called.
2024-12-19 00:03:09 - be.view.auth - INFO - 注册处理结果: 500
2024-12-19 00:03:09 - werkzeug - INFO - 127.0.0.1 - - [19/Dec/2024 00:03:09] "[35m[1mPOST /auth/register HTTP/1.1[0m" 500 -
2024-12-19 00:03:09 - be.view.auth - INFO - 收到注册请求: {'user_id': 'test_register_user_1734537789.074355', 'password': 'test_register_password_1734537789.074357'}
2024-12-19 00:03:09 - be.model.user - INFO - 尝试注册新用户：test_register_user_1734537789.074355
2024-12-19 00:03:09 - be.model.user - ERROR - 注册失败: One or more mappers failed to initialize - can't proceed with initialization of other mappers. Triggering mapper: 'Mapper[BookImage(book_images)]'. Original exception was: Mapper 'Mapper[Book(books)]' has no property 'images'.  If this property was indicated from other mappers or configure events, ensure registry.configure() has been called.
2024-12-19 00:03:09 - be.view.auth - INFO - 注册处理结果: 500
2024-12-19 00:03:09 - werkzeug - INFO - 127.0.0.1 - - [19/Dec/2024 00:03:09] "[35m[1mPOST /auth/register HTTP/1.1[0m" 500 -
2024-12-19 00:03:09 - be.view.auth - INFO - 收到注册请求: {'user_id': 'test_register_user_1734537789.076839', 'password': 'test_register_password_1734537789.07684'}
2024-12-19 00:03:09 - be.model.user - INFO - 尝试注册新用户：test_register_user_1734537789.076839
2024-12-19 00:03:09 - be.model.user - ERROR - 注册失败: One or more mappers failed to initialize - can't proceed with initialization of other mappers. Triggering mapper: 'Mapper[BookImage(book_images)]'. Original exception was: Mapper 'Mapper[Book(books)]' has no property 'images'.  If this property was indicated from other mappers or configure events, ensure registry.configure() has been called.
2024-12-19 00:03:09 - be.view.auth - INFO - 注册处理结果: 500
2024-12-19 00:03:09 - werkzeug - INFO - 127.0.0.1 - - [19/Dec/2024 00:03:09] "[35m[1mPOST /auth/register HTTP/1.1[0m" 500 -
2024-12-19 00:03:09 - be.view.auth - INFO - 收到注册请求: {'user_id': 'test_login_1734537789.079278', 'password': 'password_test_login_1734537789.079278'}
2024-12-19 00:03:09 - be.model.user - INFO - 尝试注册新用户：test_login_1734537789.079278
2024-12-19 00:03:09 - be.model.user - ERROR - 注册失败: One or more mappers failed to initialize - can't proceed with initialization of other mappers. Triggering mapper: 'Mapper[BookImage(book_images)]'. Original exception was: Mapper 'Mapper[Book(books)]' has no property 'images'.  If this property was indicated from other mappers or configure events, ensure registry.configure() has been called.
2024-12-19 00:03:09 - be.view.auth - INFO - 注册处理结果: 500
2024-12-19 00:03:09 - werkzeug - INFO - 127.0.0.1 - - [19/Dec/2024 00:03:09] "[35m[1mPOST /auth/register HTTP/1.1[0m" 500 -
2024-12-19 00:03:09 - be.view.auth - INFO - 收到注册请求: {'user_id': 'test_login_1734537789.0821671', 'password': 'password_test_login_1734537789.0821671'}
2024-12-19 00:03:09 - be.model.user - INFO - 尝试注册新用户：test_login_1734537789.0821671
2024-12-19 00:03:09 - be.model.user - ERROR - 注册失败: One or more mappers failed to initialize - can't proceed with initialization of other mappers. Triggering mapper: 'Mapper[BookImage(book_images)]'. Original exception was: Mapper 'Mapper[Book(books)]' has no property 'images'.  If this property was indicated from other mappers or configure events, ensure registry.configure() has been called.
2024-12-19 00:03:09 - be.view.auth - INFO - 注册处理结果: 500
2024-12-19 00:03:09 - werkzeug - INFO - 127.0.0.1 - - [19/Dec/2024 00:03:09] "[35m[1mPOST /auth/register HTTP/1.1[0m" 500 -
2024-12-19 00:03:09 - be.view.auth - INFO - 收到注册请求: {'user_id': 'test_login_1734537789.0849018', 'password': 'password_test_login_1734537789.0849018'}
2024-12-19 00:03:09 - be.model.user - INFO - 尝试注册新用户：test_login_1734537789.0849018
2024-12-19 00:03:09 - be.model.user - ERROR - 注册失败: One or more mappers failed to initialize - can't proceed with initialization of other mappers. Triggering mapper: 'Mapper[BookImage(book_images)]'. Original exception was: Mapper 'Mapper[Book(books)]' has no property 'images'.  If this property was indicated from other mappers or configure events, ensure registry.configure() has been called.
2024-12-19 00:03:09 - be.view.auth - INFO - 注册处理结果: 500
2024-12-19 00:03:09 - werkzeug - INFO - 127.0.0.1 - - [19/Dec/2024 00:03:09] "[35m[1mPOST /auth/register HTTP/1.1[0m" 500 -
2024-12-19 00:03:09 - be.view.auth - INFO - 收到注册请求: {'user_id': 'test_password_932f77fe-bd59-11ef-bf55-02a6845b4b32', 'password': 'old_password_test_password_932f77fe-bd59-11ef-bf55-02a6845b4b32'}
2024-12-19 00:03:09 - be.model.user - INFO - 尝试注册新用户：test_password_932f77fe-bd59-11ef-bf55-02a6845b4b32
2024-12-19 00:03:09 - be.model.user - ERROR - 注册失败: One or more mappers failed to initialize - can't proceed with initialization of other mappers. Triggering mapper: 'Mapper[BookImage(book_images)]'. Original exception was: Mapper 'Mapper[Book(books)]' has no property 'images'.  If this property was indicated from other mappers or configure events, ensure registry.configure() has been called.
2024-12-19 00:03:09 - be.view.auth - INFO - 注册处理结果: 500
2024-12-19 00:03:09 - werkzeug - INFO - 127.0.0.1 - - [19/Dec/2024 00:03:09] "[35m[1mPOST /auth/register HTTP/1.1[0m" 500 -
2024-12-19 00:03:09 - be.view.auth - INFO - 收到注册请求: {'user_id': 'test_password_932feb4e-bd59-11ef-bf55-02a6845b4b32', 'password': 'old_password_test_password_932feb4e-bd59-11ef-bf55-02a6845b4b32'}
2024-12-19 00:03:09 - be.model.user - INFO - 尝试注册新用户：test_password_932feb4e-bd59-11ef-bf55-02a6845b4b32
2024-12-19 00:03:09 - be.model.user - ERROR - 注册失败: One or more mappers failed to initialize - can't proceed with initialization of other mappers. Triggering mapper: 'Mapper[BookImage(book_images)]'. Original exception was: Mapper 'Mapper[Book(books)]' has no property 'images'.  If this property was indicated from other mappers or configure events, ensure registry.configure() has been called.
2024-12-19 00:03:09 - be.view.auth - INFO - 注册处理结果: 500
2024-12-19 00:03:09 - werkzeug - INFO - 127.0.0.1 - - [19/Dec/2024 00:03:09] "[35m[1mPOST /auth/register HTTP/1.1[0m" 500 -
2024-12-19 00:03:09 - be.view.auth - INFO - 收到注册请求: {'user_id': 'test_password_9330558e-bd59-11ef-bf55-02a6845b4b32', 'password': 'old_password_test_password_9330558e-bd59-11ef-bf55-02a6845b4b32'}
2024-12-19 00:03:09 - be.model.user - INFO - 尝试注册新用户：test_password_9330558e-bd59-11ef-bf55-02a6845b4b32
2024-12-19 00:03:09 - be.model.user - ERROR - 注册失败: One or more mappers failed to initialize - can't proceed with initialization of other mappers. Triggering mapper: 'Mapper[BookImage(book_images)]'. Original exception was: Mapper 'Mapper[Book(books)]' has no property 'images'.  If this property was indicated from other mappers or configure events, ensure registry.configure() has been called.
2024-12-19 00:03:09 - be.view.auth - INFO - 注册处理结果: 500
2024-12-19 00:03:09 - werkzeug - INFO - 127.0.0.1 - - [19/Dec/2024 00:03:09] "[35m[1mPOST /auth/register HTTP/1.1[0m" 500 -
2024-12-19 00:03:09 - be.view.auth - INFO - 收到注册请求: {'user_id': 'test_add_funds_9330c802-bd59-11ef-bf55-02a6845b4b32', 'password': 'test_add_funds_9330c802-bd59-11ef-bf55-02a6845b4b32'}
2024-12-19 00:03:09 - be.model.user - INFO - 尝试注册新用户：test_add_funds_9330c802-bd59-11ef-bf55-02a6845b4b32
2024-12-19 00:03:09 - be.model.user - ERROR - 注册失败: One or more mappers failed to initialize - can't proceed with initialization of other mappers. Triggering mapper: 'Mapper[BookImage(book_images)]'. Original exception was: Mapper 'Mapper[Book(books)]' has no property 'images'.  If this property was indicated from other mappers or configure events, ensure registry.configure() has been called.
2024-12-19 00:03:09 - be.view.auth - INFO - 注册处理结果: 500
2024-12-19 00:03:09 - werkzeug - INFO - 127.0.0.1 - - [19/Dec/2024 00:03:09] "[35m[1mPOST /auth/register HTTP/1.1[0m" 500 -
2024-12-19 00:03:09 - be.view.auth - INFO - 收到注册请求: {'user_id': 'test_add_funds_933138b4-bd59-11ef-bf55-02a6845b4b32', 'password': 'test_add_funds_933138b4-bd59-11ef-bf55-02a6845b4b32'}
2024-12-19 00:03:09 - be.model.user - INFO - 尝试注册新用户：test_add_funds_933138b4-bd59-11ef-bf55-02a6845b4b32
2024-12-19 00:03:09 - be.model.user - ERROR - 注册失败: One or more mappers failed to initialize - can't proceed with initialization of other mappers. Triggering mapper: 'Mapper[BookImage(book_images)]'. Original exception was: Mapper 'Mapper[Book(books)]' has no property 'images'.  If this property was indicated from other mappers or configure events, ensure registry.configure() has been called.
2024-12-19 00:03:09 - be.view.auth - INFO - 注册处理结果: 500
2024-12-19 00:03:09 - werkzeug - INFO - 127.0.0.1 - - [19/Dec/2024 00:03:09] "[35m[1mPOST /auth/register HTTP/1.1[0m" 500 -
2024-12-19 00:03:09 - be.view.auth - INFO - 收到注册请求: {'user_id': 'test_add_funds_9331a07e-bd59-11ef-bf55-02a6845b4b32', 'password': 'test_add_funds_9331a07e-bd59-11ef-bf55-02a6845b4b32'}
2024-12-19 00:03:09 - be.model.user - INFO - 尝试注册新用户：test_add_funds_9331a07e-bd59-11ef-bf55-02a6845b4b32
2024-12-19 00:03:09 - be.model.user - ERROR - 注册失败: One or more mappers failed to initialize - can't proceed with initialization of other mappers. Triggering mapper: 'Mapper[BookImage(book_images)]'. Original exception was: Mapper 'Mapper[Book(books)]' has no property 'images'.  If this property was indicated from other mappers or configure events, ensure registry.configure() has been called.
2024-12-19 00:03:09 - be.view.auth - INFO - 注册处理结果: 500
2024-12-19 00:03:09 - werkzeug - INFO - 127.0.0.1 - - [19/Dec/2024 00:03:09] "[35m[1mPOST /auth/register HTTP/1.1[0m" 500 -
2024-12-19 00:03:09 - be.view.auth - INFO - 收到注册请求: {'user_id': 'test_create_store_user_933203b6-bd59-11ef-bf55-02a6845b4b32', 'password': 'test_create_store_user_933203b6-bd59-11ef-bf55-02a6845b4b32'}
2024-12-19 00:03:09 - be.model.user - INFO - 尝试注册新用户：test_create_store_user_933203b6-bd59-11ef-bf55-02a6845b4b32
2024-12-19 00:03:09 - be.model.user - ERROR - 注册失败: One or more mappers failed to initialize - can't proceed with initialization of other mappers. Triggering mapper: 'Mapper[BookImage(book_images)]'. Original exception was: Mapper 'Mapper[Book(books)]' has no property 'images'.  If this property was indicated from other mappers or configure events, ensure registry.configure() has been called.
2024-12-19 00:03:09 - be.view.auth - INFO - 注册处理结果: 500
2024-12-19 00:03:09 - werkzeug - INFO - 127.0.0.1 - - [19/Dec/2024 00:03:09] "[35m[1mPOST /auth/register HTTP/1.1[0m" 500 -
2024-12-19 00:03:09 - be.view.auth - INFO - 收到注册请求: {'user_id': 'test_create_store_user_93326842-bd59-11ef-bf55-02a6845b4b32', 'password': 'test_create_store_user_93326842-bd59-11ef-bf55-02a6845b4b32'}
2024-12-19 00:03:09 - be.model.user - INFO - 尝试注册新用户：test_create_store_user_93326842-bd59-11ef-bf55-02a6845b4b32
2024-12-19 00:03:09 - be.model.user - ERROR - 注册失败: One or more mappers failed to initialize - can't proceed with initialization of other mappers. Triggering mapper: 'Mapper[BookImage(book_images)]'. Original exception was: Mapper 'Mapper[Book(books)]' has no property 'images'.  If this property was indicated from other mappers or configure events, ensure registry.configure() has been called.
2024-12-19 00:03:09 - be.view.auth - INFO - 注册处理结果: 500
2024-12-19 00:03:09 - werkzeug - INFO - 127.0.0.1 - - [19/Dec/2024 00:03:09] "[35m[1mPOST /auth/register HTTP/1.1[0m" 500 -
2024-12-19 00:03:09 - be.view.auth - INFO - 收到注册请求: {'user_id': 'test_add_books_seller_id_9332c22e-bd59-11ef-bf55-02a6845b4b32', 'password': 'test_add_books_seller_id_9332c22e-bd59-11ef-bf55-02a6845b4b32'}
2024-12-19 00:03:09 - be.model.user - INFO - 尝试注册新用户：test_add_books_seller_id_9332c22e-bd59-11ef-bf55-02a6845b4b32
2024-12-19 00:03:09 - be.model.user - ERROR - 注册失败: One or more mappers failed to initialize - can't proceed with initialization of other mappers. Triggering mapper: 'Mapper[BookImage(book_images)]'. Original exception was: Mapper 'Mapper[Book(books)]' has no property 'images'.  If this property was indicated from other mappers or configure events, ensure registry.configure() has been called.
2024-12-19 00:03:09 - be.view.auth - INFO - 注册处理结果: 500
2024-12-19 00:03:09 - werkzeug - INFO - 127.0.0.1 - - [19/Dec/2024 00:03:09] "[35m[1mPOST /auth/register HTTP/1.1[0m" 500 -
2024-12-19 00:03:09 - be.view.auth - INFO - 收到注册请求: {'user_id': 'test_add_books_seller_id_933330f6-bd59-11ef-bf55-02a6845b4b32', 'password': 'test_add_books_seller_id_933330f6-bd59-11ef-bf55-02a6845b4b32'}
2024-12-19 00:03:09 - be.model.user - INFO - 尝试注册新用户：test_add_books_seller_id_933330f6-bd59-11ef-bf55-02a6845b4b32
2024-12-19 00:03:09 - be.model.user - ERROR - 注册失败: One or more mappers failed to initialize - can't proceed with initialization of other mappers. Triggering mapper: 'Mapper[BookImage(book_images)]'. Original exception was: Mapper 'Mapper[Book(books)]' has no property 'images'.  If this property was indicated from other mappers or configure events, ensure registry.configure() has been called.
2024-12-19 00:03:09 - be.view.auth - INFO - 注册处理结果: 500
2024-12-19 00:03:09 - werkzeug - INFO - 127.0.0.1 - - [19/Dec/2024 00:03:09] "[35m[1mPOST /auth/register HTTP/1.1[0m" 500 -
2024-12-19 00:03:09 - be.view.auth - INFO - 收到注册请求: {'user_id': 'test_add_books_seller_id_933399b0-bd59-11ef-bf55-02a6845b4b32', 'password': 'test_add_books_seller_id_933399b0-bd59-11ef-bf55-02a6845b4b32'}
2024-12-19 00:03:09 - be.model.user - INFO - 尝试注册新用户：test_add_books_seller_id_933399b0-bd59-11ef-bf55-02a6845b4b32
2024-12-19 00:03:09 - be.model.user - ERROR - 注册失败: One or more mappers failed to initialize - can't proceed with initialization of other mappers. Triggering mapper: 'Mapper[BookImage(book_images)]'. Original exception was: Mapper 'Mapper[Book(books)]' has no property 'images'.  If this property was indicated from other mappers or configure events, ensure registry.configure() has been called.
2024-12-19 00:03:09 - be.view.auth - INFO - 注册处理结果: 500
2024-12-19 00:03:09 - werkzeug - INFO - 127.0.0.1 - - [19/Dec/2024 00:03:09] "[35m[1mPOST /auth/register HTTP/1.1[0m" 500 -
2024-12-19 00:03:09 - be.view.auth - INFO - 收到注册请求: {'user_id': 'test_add_books_seller_id_93340364-bd59-11ef-bf55-02a6845b4b32', 'password': 'test_add_books_seller_id_93340364-bd59-11ef-bf55-02a6845b4b32'}
2024-12-19 00:03:09 - be.model.user - INFO - 尝试注册新用户：test_add_books_seller_id_93340364-bd59-11ef-bf55-02a6845b4b32
2024-12-19 00:03:09 - be.model.user - ERROR - 注册失败: One or more mappers failed to initialize - can't proceed with initialization of other mappers. Triggering mapper: 'Mapper[BookImage(book_images)]'. Original exception was: Mapper 'Mapper[Book(books)]' has no property 'images'.  If this property was indicated from other mappers or configure events, ensure registry.configure() has been called.
2024-12-19 00:03:09 - be.view.auth - INFO - 注册处理结果: 500
2024-12-19 00:03:09 - werkzeug - INFO - 127.0.0.1 - - [19/Dec/2024 00:03:09] "[35m[1mPOST /auth/register HTTP/1.1[0m" 500 -
2024-12-19 00:03:09 - be.view.auth - INFO - 收到注册请求: {'user_id': 'test_add_book_stock_level1_user_93347394-bd59-11ef-bf55-02a6845b4b32', 'password': 'test_add_book_stock_level1_user_93347394-bd59-11ef-bf55-02a6845b4b32'}
2024-12-19 00:03:09 - be.model.user - INFO - 尝试注册新用户：test_add_book_stock_level1_user_93347394-bd59-11ef-bf55-02a6845b4b32
2024-12-19 00:03:09 - be.model.user - ERROR - 注册失败: One or more mappers failed to initialize - can't proceed with initialization of other mappers. Triggering mapper: 'Mapper[BookImage(book_images)]'. Original exception was: Mapper 'Mapper[Book(books)]' has no property 'images'.  If this property was indicated from other mappers or configure events, ensure registry.configure() has been called.
2024-12-19 00:03:09 - be.view.auth - INFO - 注册处理结果: 500
2024-12-19 00:03:09 - werkzeug - INFO - 127.0.0.1 - - [19/Dec/2024 00:03:09] "[35m[1mPOST /auth/register HTTP/1.1[0m" 500 -
2024-12-19 00:03:09 - be.view.auth - INFO - 收到注册请求: {'user_id': 'test_add_book_stock_level1_user_9334e202-bd59-11ef-bf55-02a6845b4b32', 'password': 'test_add_book_stock_level1_user_9334e202-bd59-11ef-bf55-02a6845b4b32'}
2024-12-19 00:03:09 - be.model.user - INFO - 尝试注册新用户：test_add_book_stock_level1_user_9334e202-bd59-11ef-bf55-02a6845b4b32
2024-12-19 00:03:09 - be.model.user - ERROR - 注册失败: One or more mappers failed to initialize - can't proceed with initialization of other mappers. Triggering mapper: 'Mapper[BookImage(book_images)]'. Original exception was: Mapper 'Mapper[Book(books)]' has no property 'images'.  If this property was indicated from other mappers or configure events, ensure registry.configure() has been called.
2024-12-19 00:03:09 - be.view.auth - INFO - 注册处理结果: 500
2024-12-19 00:03:09 - werkzeug - INFO - 127.0.0.1 - - [19/Dec/2024 00:03:09] "[35m[1mPOST /auth/register HTTP/1.1[0m" 500 -
2024-12-19 00:03:09 - be.view.auth - INFO - 收到注册请求: {'user_id': 'test_add_book_stock_level1_user_93354d82-bd59-11ef-bf55-02a6845b4b32', 'password': 'test_add_book_stock_level1_user_93354d82-bd59-11ef-bf55-02a6845b4b32'}
2024-12-19 00:03:09 - be.model.user - INFO - 尝试注册新用户：test_add_book_stock_level1_user_93354d82-bd59-11ef-bf55-02a6845b4b32
2024-12-19 00:03:09 - be.model.user - ERROR - 注册失败: One or more mappers failed to initialize - can't proceed with initialization of other mappers. Triggering mapper: 'Mapper[BookImage(book_images)]'. Original exception was: Mapper 'Mapper[Book(books)]' has no property 'images'.  If this property was indicated from other mappers or configure events, ensure registry.configure() has been called.
2024-12-19 00:03:09 - be.view.auth - INFO - 注册处理结果: 500
2024-12-19 00:03:09 - werkzeug - INFO - 127.0.0.1 - - [19/Dec/2024 00:03:09] "[35m[1mPOST /auth/register HTTP/1.1[0m" 500 -
2024-12-19 00:03:09 - be.view.auth - INFO - 收到注册请求: {'user_id': 'test_add_book_stock_level1_user_9335b8ee-bd59-11ef-bf55-02a6845b4b32', 'password': 'test_add_book_stock_level1_user_9335b8ee-bd59-11ef-bf55-02a6845b4b32'}
2024-12-19 00:03:09 - be.model.user - INFO - 尝试注册新用户：test_add_book_stock_level1_user_9335b8ee-bd59-11ef-bf55-02a6845b4b32
2024-12-19 00:03:09 - be.model.user - ERROR - 注册失败: One or more mappers failed to initialize - can't proceed with initialization of other mappers. Triggering mapper: 'Mapper[BookImage(book_images)]'. Original exception was: Mapper 'Mapper[Book(books)]' has no property 'images'.  If this property was indicated from other mappers or configure events, ensure registry.configure() has been called.
2024-12-19 00:03:09 - be.view.auth - INFO - 注册处理结果: 500
2024-12-19 00:03:09 - werkzeug - INFO - 127.0.0.1 - - [19/Dec/2024 00:03:09] "[35m[1mPOST /auth/register HTTP/1.1[0m" 500 -
2024-12-19 00:03:09 - be.view.auth - INFO - 收到注册请求: {'user_id': 'test_new_order_buyer_id_93362630-bd59-11ef-bf55-02a6845b4b32', 'password': 'test_new_order_seller_id_933625e0-bd59-11ef-bf55-02a6845b4b32'}
2024-12-19 00:03:09 - be.model.user - INFO - 尝试注册新用户：test_new_order_buyer_id_93362630-bd59-11ef-bf55-02a6845b4b32
2024-12-19 00:03:09 - be.model.user - ERROR - 注册失败: One or more mappers failed to initialize - can't proceed with initialization of other mappers. Triggering mapper: 'Mapper[BookImage(book_images)]'. Original exception was: Mapper 'Mapper[Book(books)]' has no property 'images'.  If this property was indicated from other mappers or configure events, ensure registry.configure() has been called.
2024-12-19 00:03:09 - be.view.auth - INFO - 注册处理结果: 500
2024-12-19 00:03:09 - werkzeug - INFO - 127.0.0.1 - - [19/Dec/2024 00:03:09] "[35m[1mPOST /auth/register HTTP/1.1[0m" 500 -
2024-12-19 00:03:09 - be.view.auth - INFO - 收到注册请求: {'user_id': 'test_new_order_buyer_id_933694f8-bd59-11ef-bf55-02a6845b4b32', 'password': 'test_new_order_seller_id_933694b2-bd59-11ef-bf55-02a6845b4b32'}
2024-12-19 00:03:09 - be.model.user - INFO - 尝试注册新用户：test_new_order_buyer_id_933694f8-bd59-11ef-bf55-02a6845b4b32
2024-12-19 00:03:09 - be.model.user - ERROR - 注册失败: One or more mappers failed to initialize - can't proceed with initialization of other mappers. Triggering mapper: 'Mapper[BookImage(book_images)]'. Original exception was: Mapper 'Mapper[Book(books)]' has no property 'images'.  If this property was indicated from other mappers or configure events, ensure registry.configure() has been called.
2024-12-19 00:03:09 - be.view.auth - INFO - 注册处理结果: 500
2024-12-19 00:03:09 - werkzeug - INFO - 127.0.0.1 - - [19/Dec/2024 00:03:09] "[35m[1mPOST /auth/register HTTP/1.1[0m" 500 -
2024-12-19 00:03:09 - be.view.auth - INFO - 收到注册请求: {'user_id': 'test_new_order_buyer_id_9337073a-bd59-11ef-bf55-02a6845b4b32', 'password': 'test_new_order_seller_id_933706fe-bd59-11ef-bf55-02a6845b4b32'}
2024-12-19 00:03:09 - be.model.user - INFO - 尝试注册新用户：test_new_order_buyer_id_9337073a-bd59-11ef-bf55-02a6845b4b32
2024-12-19 00:03:09 - be.model.user - ERROR - 注册失败: One or more mappers failed to initialize - can't proceed with initialization of other mappers. Triggering mapper: 'Mapper[BookImage(book_images)]'. Original exception was: Mapper 'Mapper[Book(books)]' has no property 'images'.  If this property was indicated from other mappers or configure events, ensure registry.configure() has been called.
2024-12-19 00:03:09 - be.view.auth - INFO - 注册处理结果: 500
2024-12-19 00:03:09 - werkzeug - INFO - 127.0.0.1 - - [19/Dec/2024 00:03:09] "[35m[1mPOST /auth/register HTTP/1.1[0m" 500 -
2024-12-19 00:03:09 - be.view.auth - INFO - 收到注册请求: {'user_id': 'test_new_order_buyer_id_9337704e-bd59-11ef-bf55-02a6845b4b32', 'password': 'test_new_order_seller_id_93377008-bd59-11ef-bf55-02a6845b4b32'}
2024-12-19 00:03:09 - be.model.user - INFO - 尝试注册新用户：test_new_order_buyer_id_9337704e-bd59-11ef-bf55-02a6845b4b32
2024-12-19 00:03:09 - be.model.user - ERROR - 注册失败: One or more mappers failed to initialize - can't proceed with initialization of other mappers. Triggering mapper: 'Mapper[BookImage(book_images)]'. Original exception was: Mapper 'Mapper[Book(books)]' has no property 'images'.  If this property was indicated from other mappers or configure events, ensure registry.configure() has been called.
2024-12-19 00:03:09 - be.view.auth - INFO - 注册处理结果: 500
2024-12-19 00:03:09 - werkzeug - INFO - 127.0.0.1 - - [19/Dec/2024 00:03:09] "[35m[1mPOST /auth/register HTTP/1.1[0m" 500 -
2024-12-19 00:03:09 - be.view.auth - INFO - 收到注册请求: {'user_id': 'test_new_order_buyer_id_9337e006-bd59-11ef-bf55-02a6845b4b32', 'password': 'test_new_order_seller_id_9337dfc0-bd59-11ef-bf55-02a6845b4b32'}
2024-12-19 00:03:09 - be.model.user - INFO - 尝试注册新用户：test_new_order_buyer_id_9337e006-bd59-11ef-bf55-02a6845b4b32
2024-12-19 00:03:09 - be.model.user - ERROR - 注册失败: One or more mappers failed to initialize - can't proceed with initialization of other mappers. Triggering mapper: 'Mapper[BookImage(book_images)]'. Original exception was: Mapper 'Mapper[Book(books)]' has no property 'images'.  If this property was indicated from other mappers or configure events, ensure registry.configure() has been called.
2024-12-19 00:03:09 - be.view.auth - INFO - 注册处理结果: 500
2024-12-19 00:03:09 - werkzeug - INFO - 127.0.0.1 - - [19/Dec/2024 00:03:09] "[35m[1mPOST /auth/register HTTP/1.1[0m" 500 -
2024-12-19 00:03:09 - be.view.auth - INFO - 收到注册请求: {'user_id': 'test_payment_seller_id_93384c94-bd59-11ef-bf55-02a6845b4b32', 'password': 'test_payment_seller_id_93384c94-bd59-11ef-bf55-02a6845b4b32'}
2024-12-19 00:03:09 - be.model.user - INFO - 尝试注册新用户：test_payment_seller_id_93384c94-bd59-11ef-bf55-02a6845b4b32
2024-12-19 00:03:09 - be.model.user - ERROR - 注册失败: One or more mappers failed to initialize - can't proceed with initialization of other mappers. Triggering mapper: 'Mapper[BookImage(book_images)]'. Original exception was: Mapper 'Mapper[Book(books)]' has no property 'images'.  If this property was indicated from other mappers or configure events, ensure registry.configure() has been called.
2024-12-19 00:03:09 - be.view.auth - INFO - 注册处理结果: 500
2024-12-19 00:03:09 - werkzeug - INFO - 127.0.0.1 - - [19/Dec/2024 00:03:09] "[35m[1mPOST /auth/register HTTP/1.1[0m" 500 -
2024-12-19 00:03:09 - be.view.auth - INFO - 收到注册请求: {'user_id': 'test_payment_seller_id_9338d4de-bd59-11ef-bf55-02a6845b4b32', 'password': 'test_payment_seller_id_9338d4de-bd59-11ef-bf55-02a6845b4b32'}
2024-12-19 00:03:09 - be.model.user - INFO - 尝试注册新用户：test_payment_seller_id_9338d4de-bd59-11ef-bf55-02a6845b4b32
2024-12-19 00:03:09 - be.model.user - ERROR - 注册失败: One or more mappers failed to initialize - can't proceed with initialization of other mappers. Triggering mapper: 'Mapper[BookImage(book_images)]'. Original exception was: Mapper 'Mapper[Book(books)]' has no property 'images'.  If this property was indicated from other mappers or configure events, ensure registry.configure() has been called.
2024-12-19 00:03:09 - be.view.auth - INFO - 注册处理结果: 500
2024-12-19 00:03:09 - werkzeug - INFO - 127.0.0.1 - - [19/Dec/2024 00:03:09] "[35m[1mPOST /auth/register HTTP/1.1[0m" 500 -
2024-12-19 00:03:09 - be.view.auth - INFO - 收到注册请求: {'user_id': 'test_payment_seller_id_93395cba-bd59-11ef-bf55-02a6845b4b32', 'password': 'test_payment_seller_id_93395cba-bd59-11ef-bf55-02a6845b4b32'}
2024-12-19 00:03:09 - be.model.user - INFO - 尝试注册新用户：test_payment_seller_id_93395cba-bd59-11ef-bf55-02a6845b4b32
2024-12-19 00:03:09 - be.model.user - ERROR - 注册失败: One or more mappers failed to initialize - can't proceed with initialization of other mappers. Triggering mapper: 'Mapper[BookImage(book_images)]'. Original exception was: Mapper 'Mapper[Book(books)]' has no property 'images'.  If this property was indicated from other mappers or configure events, ensure registry.configure() has been called.
2024-12-19 00:03:09 - be.view.auth - INFO - 注册处理结果: 500
2024-12-19 00:03:09 - werkzeug - INFO - 127.0.0.1 - - [19/Dec/2024 00:03:09] "[35m[1mPOST /auth/register HTTP/1.1[0m" 500 -
2024-12-19 00:03:09 - be.view.auth - INFO - 收到注册请求: {'user_id': 'test_payment_seller_id_9339e0a4-bd59-11ef-bf55-02a6845b4b32', 'password': 'test_payment_seller_id_9339e0a4-bd59-11ef-bf55-02a6845b4b32'}
2024-12-19 00:03:09 - be.model.user - INFO - 尝试注册新用户：test_payment_seller_id_9339e0a4-bd59-11ef-bf55-02a6845b4b32
2024-12-19 00:03:09 - be.model.user - ERROR - 注册失败: One or more mappers failed to initialize - can't proceed with initialization of other mappers. Triggering mapper: 'Mapper[BookImage(book_images)]'. Original exception was: Mapper 'Mapper[Book(books)]' has no property 'images'.  If this property was indicated from other mappers or configure events, ensure registry.configure() has been called.
2024-12-19 00:03:09 - be.view.auth - INFO - 注册处理结果: 500
2024-12-19 00:03:09 - werkzeug - INFO - 127.0.0.1 - - [19/Dec/2024 00:03:09] "[35m[1mPOST /auth/register HTTP/1.1[0m" 500 -
2024-12-19 00:03:09 - be.serve - INFO - 正在关闭服务器...
2024-12-19 00:03:09 - be.serve - ERROR - 关闭服务器失败: Not running with the Werkzeug Server
2024-12-19 00:04:35 - __main__ - INFO - 
{'='*20} 开始运行所有测试 {'='*20}
2024-12-19 00:04:35 - be.model.db_config - INFO - 清理数据库...
2024-12-19 00:04:43 - be.model.db_config - INFO - 数据库清理完成
2024-12-19 00:04:44 - be.model.db_config - INFO - 已创建的表: ['book', 'book_images', 'books', 'order_items', 'orders', 'stores', 'users']
2024-12-19 00:04:44 - be.model.user - INFO - 创建 UserManager 实例
2024-12-19 00:04:44 - be.serve - INFO - 正在启动服务器...
2024-12-19 00:04:44 - be.serve - INFO - 创建Flask应用...
2024-12-19 00:04:44 - be.serve - INFO - 初始化数据库...
2024-12-19 00:04:44 - be.model.db_config - INFO - 清理数据库...
2024-12-19 00:04:50 - be.model.db_config - INFO - 数据库清理完成
2024-12-19 00:04:51 - be.model.db_config - INFO - 已创建的表: ['book', 'book_images', 'books', 'order_items', 'orders', 'stores', 'users']
2024-12-19 00:04:51 - be.model.db_config - INFO - 删除所有表...
2024-12-19 00:04:56 - be.model.db_config - INFO - 数据库初始化完成
2024-12-19 00:04:57 - be.model.db_config - INFO - 已创建的表: ['book', 'book_images', 'books', 'order_items', 'orders', 'stores', 'users']
2024-12-19 00:04:57 - be.serve - INFO - 数据库初始化成功
2024-12-19 00:04:57 - be.serve - INFO - 注册蓝图...
2024-12-19 00:04:57 - be.serve - INFO - 启动服务器...
2024-12-19 00:04:57 - werkzeug - INFO - [31m[1mWARNING: This is a development server. Do not use it in a production deployment. Use a production WSGI server instead.[0m
 * Running on http://127.0.0.1:5555
2024-12-19 00:04:57 - werkzeug - INFO - [33mPress CTRL+C to quit[0m
2024-12-19 00:04:57 - be.view.auth - INFO - 收到注册请求: {'user_id': 'test_register_user_1734537897.6633222', 'password': 'test_register_password_1734537897.663327'}
2024-12-19 00:04:57 - be.model.user - INFO - 尝试注册新用户：test_register_user_1734537897.6633222
2024-12-19 00:04:57 - be.model.user - ERROR - 注册失败: Mapper 'Mapper[Book(books)]' has no property 'images'.  If this property was indicated from other mappers or configure events, ensure registry.configure() has been called.
2024-12-19 00:04:57 - be.view.auth - INFO - 注册处理结果: 500
2024-12-19 00:04:57 - werkzeug - INFO - 127.0.0.1 - - [19/Dec/2024 00:04:57] "[35m[1mPOST /auth/register HTTP/1.1[0m" 500 -
2024-12-19 00:04:57 - be.view.auth - INFO - 收到注册请求: {'user_id': 'test_register_user_1734537897.699971', 'password': 'test_register_password_1734537897.6999738'}
2024-12-19 00:04:57 - be.model.user - INFO - 尝试注册新用户：test_register_user_1734537897.699971
2024-12-19 00:04:57 - be.model.user - ERROR - 注册失败: One or more mappers failed to initialize - can't proceed with initialization of other mappers. Triggering mapper: 'Mapper[BookImage(book_images)]'. Original exception was: Mapper 'Mapper[Book(books)]' has no property 'images'.  If this property was indicated from other mappers or configure events, ensure registry.configure() has been called.
2024-12-19 00:04:57 - be.view.auth - INFO - 注册处理结果: 500
2024-12-19 00:04:57 - werkzeug - INFO - 127.0.0.1 - - [19/Dec/2024 00:04:57] "[35m[1mPOST /auth/register HTTP/1.1[0m" 500 -
2024-12-19 00:04:57 - be.view.auth - INFO - 收到注册请求: {'user_id': 'test_register_user_1734537897.703116', 'password': 'test_register_password_1734537897.703118'}
2024-12-19 00:04:57 - be.model.user - INFO - 尝试注册新用户：test_register_user_1734537897.703116
2024-12-19 00:04:57 - be.model.user - ERROR - 注册失败: One or more mappers failed to initialize - can't proceed with initialization of other mappers. Triggering mapper: 'Mapper[BookImage(book_images)]'. Original exception was: Mapper 'Mapper[Book(books)]' has no property 'images'.  If this property was indicated from other mappers or configure events, ensure registry.configure() has been called.
2024-12-19 00:04:57 - be.view.auth - INFO - 注册处理结果: 500
2024-12-19 00:04:57 - werkzeug - INFO - 127.0.0.1 - - [19/Dec/2024 00:04:57] "[35m[1mPOST /auth/register HTTP/1.1[0m" 500 -
2024-12-19 00:04:57 - be.view.auth - INFO - 收到注册请求: {'user_id': 'test_register_user_1734537897.705804', 'password': 'test_register_password_1734537897.705805'}
2024-12-19 00:04:57 - be.model.user - INFO - 尝试注册新用户：test_register_user_1734537897.705804
2024-12-19 00:04:57 - be.model.user - ERROR - 注册失败: One or more mappers failed to initialize - can't proceed with initialization of other mappers. Triggering mapper: 'Mapper[BookImage(book_images)]'. Original exception was: Mapper 'Mapper[Book(books)]' has no property 'images'.  If this property was indicated from other mappers or configure events, ensure registry.configure() has been called.
2024-12-19 00:04:57 - be.view.auth - INFO - 注册处理结果: 500
2024-12-19 00:04:57 - werkzeug - INFO - 127.0.0.1 - - [19/Dec/2024 00:04:57] "[35m[1mPOST /auth/register HTTP/1.1[0m" 500 -
2024-12-19 00:04:57 - be.view.auth - INFO - 收到注册请求: {'user_id': 'test_login_1734537897.708544', 'password': 'password_test_login_1734537897.708544'}
2024-12-19 00:04:57 - be.model.user - INFO - 尝试注册新用户：test_login_1734537897.708544
2024-12-19 00:04:57 - be.model.user - ERROR - 注册失败: One or more mappers failed to initialize - can't proceed with initialization of other mappers. Triggering mapper: 'Mapper[BookImage(book_images)]'. Original exception was: Mapper 'Mapper[Book(books)]' has no property 'images'.  If this property was indicated from other mappers or configure events, ensure registry.configure() has been called.
2024-12-19 00:04:57 - be.view.auth - INFO - 注册处理结果: 500
2024-12-19 00:04:57 - werkzeug - INFO - 127.0.0.1 - - [19/Dec/2024 00:04:57] "[35m[1mPOST /auth/register HTTP/1.1[0m" 500 -
2024-12-19 00:04:57 - be.view.auth - INFO - 收到注册请求: {'user_id': 'test_login_1734537897.711605', 'password': 'password_test_login_1734537897.711605'}
2024-12-19 00:04:57 - be.model.user - INFO - 尝试注册新用户：test_login_1734537897.711605
2024-12-19 00:04:57 - be.model.user - ERROR - 注册失败: One or more mappers failed to initialize - can't proceed with initialization of other mappers. Triggering mapper: 'Mapper[BookImage(book_images)]'. Original exception was: Mapper 'Mapper[Book(books)]' has no property 'images'.  If this property was indicated from other mappers or configure events, ensure registry.configure() has been called.
2024-12-19 00:04:57 - be.view.auth - INFO - 注册处理结果: 500
2024-12-19 00:04:57 - werkzeug - INFO - 127.0.0.1 - - [19/Dec/2024 00:04:57] "[35m[1mPOST /auth/register HTTP/1.1[0m" 500 -
2024-12-19 00:04:57 - be.view.auth - INFO - 收到注册请求: {'user_id': 'test_login_1734537897.7144089', 'password': 'password_test_login_1734537897.7144089'}
2024-12-19 00:04:57 - be.model.user - INFO - 尝试注册新用户：test_login_1734537897.7144089
2024-12-19 00:04:57 - be.model.user - ERROR - 注册失败: One or more mappers failed to initialize - can't proceed with initialization of other mappers. Triggering mapper: 'Mapper[BookImage(book_images)]'. Original exception was: Mapper 'Mapper[Book(books)]' has no property 'images'.  If this property was indicated from other mappers or configure events, ensure registry.configure() has been called.
2024-12-19 00:04:57 - be.view.auth - INFO - 注册处理结果: 500
2024-12-19 00:04:57 - werkzeug - INFO - 127.0.0.1 - - [19/Dec/2024 00:04:57] "[35m[1mPOST /auth/register HTTP/1.1[0m" 500 -
2024-12-19 00:04:57 - be.view.auth - INFO - 收到注册请求: {'user_id': 'test_password_d3ef0b2e-bd59-11ef-b78b-02a6845b4b32', 'password': 'old_password_test_password_d3ef0b2e-bd59-11ef-b78b-02a6845b4b32'}
2024-12-19 00:04:57 - be.model.user - INFO - 尝试注册新用户：test_password_d3ef0b2e-bd59-11ef-b78b-02a6845b4b32
2024-12-19 00:04:57 - be.model.user - ERROR - 注册失败: One or more mappers failed to initialize - can't proceed with initialization of other mappers. Triggering mapper: 'Mapper[BookImage(book_images)]'. Original exception was: Mapper 'Mapper[Book(books)]' has no property 'images'.  If this property was indicated from other mappers or configure events, ensure registry.configure() has been called.
2024-12-19 00:04:57 - be.view.auth - INFO - 注册处理结果: 500
2024-12-19 00:04:57 - werkzeug - INFO - 127.0.0.1 - - [19/Dec/2024 00:04:57] "[35m[1mPOST /auth/register HTTP/1.1[0m" 500 -
2024-12-19 00:04:57 - be.view.auth - INFO - 收到注册请求: {'user_id': 'test_password_d3ef7fc8-bd59-11ef-b78b-02a6845b4b32', 'password': 'old_password_test_password_d3ef7fc8-bd59-11ef-b78b-02a6845b4b32'}
2024-12-19 00:04:57 - be.model.user - INFO - 尝试注册新用户：test_password_d3ef7fc8-bd59-11ef-b78b-02a6845b4b32
2024-12-19 00:04:57 - be.model.user - ERROR - 注册失败: One or more mappers failed to initialize - can't proceed with initialization of other mappers. Triggering mapper: 'Mapper[BookImage(book_images)]'. Original exception was: Mapper 'Mapper[Book(books)]' has no property 'images'.  If this property was indicated from other mappers or configure events, ensure registry.configure() has been called.
2024-12-19 00:04:57 - be.view.auth - INFO - 注册处理结果: 500
2024-12-19 00:04:57 - werkzeug - INFO - 127.0.0.1 - - [19/Dec/2024 00:04:57] "[35m[1mPOST /auth/register HTTP/1.1[0m" 500 -
2024-12-19 00:04:57 - be.view.auth - INFO - 收到注册请求: {'user_id': 'test_password_d3efed0a-bd59-11ef-b78b-02a6845b4b32', 'password': 'old_password_test_password_d3efed0a-bd59-11ef-b78b-02a6845b4b32'}
2024-12-19 00:04:57 - be.model.user - INFO - 尝试注册新用户：test_password_d3efed0a-bd59-11ef-b78b-02a6845b4b32
2024-12-19 00:04:57 - be.model.user - ERROR - 注册失败: One or more mappers failed to initialize - can't proceed with initialization of other mappers. Triggering mapper: 'Mapper[BookImage(book_images)]'. Original exception was: Mapper 'Mapper[Book(books)]' has no property 'images'.  If this property was indicated from other mappers or configure events, ensure registry.configure() has been called.
2024-12-19 00:04:57 - be.view.auth - INFO - 注册处理结果: 500
2024-12-19 00:04:57 - werkzeug - INFO - 127.0.0.1 - - [19/Dec/2024 00:04:57] "[35m[1mPOST /auth/register HTTP/1.1[0m" 500 -
2024-12-19 00:04:57 - be.view.auth - INFO - 收到注册请求: {'user_id': 'test_add_funds_d3f05e0c-bd59-11ef-b78b-02a6845b4b32', 'password': 'test_add_funds_d3f05e0c-bd59-11ef-b78b-02a6845b4b32'}
2024-12-19 00:04:57 - be.model.user - INFO - 尝试注册新用户：test_add_funds_d3f05e0c-bd59-11ef-b78b-02a6845b4b32
2024-12-19 00:04:57 - be.model.user - ERROR - 注册失败: One or more mappers failed to initialize - can't proceed with initialization of other mappers. Triggering mapper: 'Mapper[BookImage(book_images)]'. Original exception was: Mapper 'Mapper[Book(books)]' has no property 'images'.  If this property was indicated from other mappers or configure events, ensure registry.configure() has been called.
2024-12-19 00:04:57 - be.view.auth - INFO - 注册处理结果: 500
2024-12-19 00:04:57 - werkzeug - INFO - 127.0.0.1 - - [19/Dec/2024 00:04:57] "[35m[1mPOST /auth/register HTTP/1.1[0m" 500 -
2024-12-19 00:04:57 - be.view.auth - INFO - 收到注册请求: {'user_id': 'test_add_funds_d3f0cb44-bd59-11ef-b78b-02a6845b4b32', 'password': 'test_add_funds_d3f0cb44-bd59-11ef-b78b-02a6845b4b32'}
2024-12-19 00:04:57 - be.model.user - INFO - 尝试注册新用户：test_add_funds_d3f0cb44-bd59-11ef-b78b-02a6845b4b32
2024-12-19 00:04:57 - be.model.user - ERROR - 注册失败: One or more mappers failed to initialize - can't proceed with initialization of other mappers. Triggering mapper: 'Mapper[BookImage(book_images)]'. Original exception was: Mapper 'Mapper[Book(books)]' has no property 'images'.  If this property was indicated from other mappers or configure events, ensure registry.configure() has been called.
2024-12-19 00:04:57 - be.view.auth - INFO - 注册处理结果: 500
2024-12-19 00:04:57 - werkzeug - INFO - 127.0.0.1 - - [19/Dec/2024 00:04:57] "[35m[1mPOST /auth/register HTTP/1.1[0m" 500 -
2024-12-19 00:04:57 - be.view.auth - INFO - 收到注册请求: {'user_id': 'test_add_funds_d3f131f6-bd59-11ef-b78b-02a6845b4b32', 'password': 'test_add_funds_d3f131f6-bd59-11ef-b78b-02a6845b4b32'}
2024-12-19 00:04:57 - be.model.user - INFO - 尝试注册新用户：test_add_funds_d3f131f6-bd59-11ef-b78b-02a6845b4b32
2024-12-19 00:04:57 - be.model.user - ERROR - 注册失败: One or more mappers failed to initialize - can't proceed with initialization of other mappers. Triggering mapper: 'Mapper[BookImage(book_images)]'. Original exception was: Mapper 'Mapper[Book(books)]' has no property 'images'.  If this property was indicated from other mappers or configure events, ensure registry.configure() has been called.
2024-12-19 00:04:57 - be.view.auth - INFO - 注册处理结果: 500
2024-12-19 00:04:57 - werkzeug - INFO - 127.0.0.1 - - [19/Dec/2024 00:04:57] "[35m[1mPOST /auth/register HTTP/1.1[0m" 500 -
2024-12-19 00:04:57 - be.view.auth - INFO - 收到注册请求: {'user_id': 'test_create_store_user_d3f19614-bd59-11ef-b78b-02a6845b4b32', 'password': 'test_create_store_user_d3f19614-bd59-11ef-b78b-02a6845b4b32'}
2024-12-19 00:04:57 - be.model.user - INFO - 尝试注册新用户：test_create_store_user_d3f19614-bd59-11ef-b78b-02a6845b4b32
2024-12-19 00:04:57 - be.model.user - ERROR - 注册失败: One or more mappers failed to initialize - can't proceed with initialization of other mappers. Triggering mapper: 'Mapper[BookImage(book_images)]'. Original exception was: Mapper 'Mapper[Book(books)]' has no property 'images'.  If this property was indicated from other mappers or configure events, ensure registry.configure() has been called.
2024-12-19 00:04:57 - be.view.auth - INFO - 注册处理结果: 500
2024-12-19 00:04:57 - werkzeug - INFO - 127.0.0.1 - - [19/Dec/2024 00:04:57] "[35m[1mPOST /auth/register HTTP/1.1[0m" 500 -
2024-12-19 00:04:57 - be.view.auth - INFO - 收到注册请求: {'user_id': 'test_create_store_user_d3f1f794-bd59-11ef-b78b-02a6845b4b32', 'password': 'test_create_store_user_d3f1f794-bd59-11ef-b78b-02a6845b4b32'}
2024-12-19 00:04:57 - be.model.user - INFO - 尝试注册新用户：test_create_store_user_d3f1f794-bd59-11ef-b78b-02a6845b4b32
2024-12-19 00:04:57 - be.model.user - ERROR - 注册失败: One or more mappers failed to initialize - can't proceed with initialization of other mappers. Triggering mapper: 'Mapper[BookImage(book_images)]'. Original exception was: Mapper 'Mapper[Book(books)]' has no property 'images'.  If this property was indicated from other mappers or configure events, ensure registry.configure() has been called.
2024-12-19 00:04:57 - be.view.auth - INFO - 注册处理结果: 500
2024-12-19 00:04:57 - werkzeug - INFO - 127.0.0.1 - - [19/Dec/2024 00:04:57] "[35m[1mPOST /auth/register HTTP/1.1[0m" 500 -
2024-12-19 00:04:57 - be.view.auth - INFO - 收到注册请求: {'user_id': 'test_add_books_seller_id_d3f24d52-bd59-11ef-b78b-02a6845b4b32', 'password': 'test_add_books_seller_id_d3f24d52-bd59-11ef-b78b-02a6845b4b32'}
2024-12-19 00:04:57 - be.model.user - INFO - 尝试注册新用户：test_add_books_seller_id_d3f24d52-bd59-11ef-b78b-02a6845b4b32
2024-12-19 00:04:57 - be.model.user - ERROR - 注册失败: One or more mappers failed to initialize - can't proceed with initialization of other mappers. Triggering mapper: 'Mapper[BookImage(book_images)]'. Original exception was: Mapper 'Mapper[Book(books)]' has no property 'images'.  If this property was indicated from other mappers or configure events, ensure registry.configure() has been called.
2024-12-19 00:04:57 - be.view.auth - INFO - 注册处理结果: 500
2024-12-19 00:04:57 - werkzeug - INFO - 127.0.0.1 - - [19/Dec/2024 00:04:57] "[35m[1mPOST /auth/register HTTP/1.1[0m" 500 -
2024-12-19 00:04:57 - be.view.auth - INFO - 收到注册请求: {'user_id': 'test_add_books_seller_id_d3f2bbc0-bd59-11ef-b78b-02a6845b4b32', 'password': 'test_add_books_seller_id_d3f2bbc0-bd59-11ef-b78b-02a6845b4b32'}
2024-12-19 00:04:57 - be.model.user - INFO - 尝试注册新用户：test_add_books_seller_id_d3f2bbc0-bd59-11ef-b78b-02a6845b4b32
2024-12-19 00:04:57 - be.model.user - ERROR - 注册失败: One or more mappers failed to initialize - can't proceed with initialization of other mappers. Triggering mapper: 'Mapper[BookImage(book_images)]'. Original exception was: Mapper 'Mapper[Book(books)]' has no property 'images'.  If this property was indicated from other mappers or configure events, ensure registry.configure() has been called.
2024-12-19 00:04:57 - be.view.auth - INFO - 注册处理结果: 500
2024-12-19 00:04:57 - werkzeug - INFO - 127.0.0.1 - - [19/Dec/2024 00:04:57] "[35m[1mPOST /auth/register HTTP/1.1[0m" 500 -
2024-12-19 00:04:57 - be.view.auth - INFO - 收到注册请求: {'user_id': 'test_add_books_seller_id_d3f326be-bd59-11ef-b78b-02a6845b4b32', 'password': 'test_add_books_seller_id_d3f326be-bd59-11ef-b78b-02a6845b4b32'}
2024-12-19 00:04:57 - be.model.user - INFO - 尝试注册新用户：test_add_books_seller_id_d3f326be-bd59-11ef-b78b-02a6845b4b32
2024-12-19 00:04:57 - be.model.user - ERROR - 注册失败: One or more mappers failed to initialize - can't proceed with initialization of other mappers. Triggering mapper: 'Mapper[BookImage(book_images)]'. Original exception was: Mapper 'Mapper[Book(books)]' has no property 'images'.  If this property was indicated from other mappers or configure events, ensure registry.configure() has been called.
2024-12-19 00:04:57 - be.view.auth - INFO - 注册处理结果: 500
2024-12-19 00:04:57 - werkzeug - INFO - 127.0.0.1 - - [19/Dec/2024 00:04:57] "[35m[1mPOST /auth/register HTTP/1.1[0m" 500 -
2024-12-19 00:04:57 - be.view.auth - INFO - 收到注册请求: {'user_id': 'test_add_books_seller_id_d3f3902c-bd59-11ef-b78b-02a6845b4b32', 'password': 'test_add_books_seller_id_d3f3902c-bd59-11ef-b78b-02a6845b4b32'}
2024-12-19 00:04:57 - be.model.user - INFO - 尝试注册新用户：test_add_books_seller_id_d3f3902c-bd59-11ef-b78b-02a6845b4b32
2024-12-19 00:04:57 - be.model.user - ERROR - 注册失败: One or more mappers failed to initialize - can't proceed with initialization of other mappers. Triggering mapper: 'Mapper[BookImage(book_images)]'. Original exception was: Mapper 'Mapper[Book(books)]' has no property 'images'.  If this property was indicated from other mappers or configure events, ensure registry.configure() has been called.
2024-12-19 00:04:57 - be.view.auth - INFO - 注册处理结果: 500
2024-12-19 00:04:57 - werkzeug - INFO - 127.0.0.1 - - [19/Dec/2024 00:04:57] "[35m[1mPOST /auth/register HTTP/1.1[0m" 500 -
2024-12-19 00:04:57 - be.view.auth - INFO - 收到注册请求: {'user_id': 'test_add_book_stock_level1_user_d3f3f756-bd59-11ef-b78b-02a6845b4b32', 'password': 'test_add_book_stock_level1_user_d3f3f756-bd59-11ef-b78b-02a6845b4b32'}
2024-12-19 00:04:57 - be.model.user - INFO - 尝试注册新用户：test_add_book_stock_level1_user_d3f3f756-bd59-11ef-b78b-02a6845b4b32
2024-12-19 00:04:57 - be.model.user - ERROR - 注册失败: One or more mappers failed to initialize - can't proceed with initialization of other mappers. Triggering mapper: 'Mapper[BookImage(book_images)]'. Original exception was: Mapper 'Mapper[Book(books)]' has no property 'images'.  If this property was indicated from other mappers or configure events, ensure registry.configure() has been called.
2024-12-19 00:04:57 - be.view.auth - INFO - 注册处理结果: 500
2024-12-19 00:04:57 - werkzeug - INFO - 127.0.0.1 - - [19/Dec/2024 00:04:57] "[35m[1mPOST /auth/register HTTP/1.1[0m" 500 -
2024-12-19 00:04:57 - be.view.auth - INFO - 收到注册请求: {'user_id': 'test_add_book_stock_level1_user_d3f4633a-bd59-11ef-b78b-02a6845b4b32', 'password': 'test_add_book_stock_level1_user_d3f4633a-bd59-11ef-b78b-02a6845b4b32'}
2024-12-19 00:04:57 - be.model.user - INFO - 尝试注册新用户：test_add_book_stock_level1_user_d3f4633a-bd59-11ef-b78b-02a6845b4b32
2024-12-19 00:04:57 - be.model.user - ERROR - 注册失败: One or more mappers failed to initialize - can't proceed with initialization of other mappers. Triggering mapper: 'Mapper[BookImage(book_images)]'. Original exception was: Mapper 'Mapper[Book(books)]' has no property 'images'.  If this property was indicated from other mappers or configure events, ensure registry.configure() has been called.
2024-12-19 00:04:57 - be.view.auth - INFO - 注册处理结果: 500
2024-12-19 00:04:57 - werkzeug - INFO - 127.0.0.1 - - [19/Dec/2024 00:04:57] "[35m[1mPOST /auth/register HTTP/1.1[0m" 500 -
2024-12-19 00:04:57 - be.view.auth - INFO - 收到注册请求: {'user_id': 'test_add_book_stock_level1_user_d3f4cc3a-bd59-11ef-b78b-02a6845b4b32', 'password': 'test_add_book_stock_level1_user_d3f4cc3a-bd59-11ef-b78b-02a6845b4b32'}
2024-12-19 00:04:57 - be.model.user - INFO - 尝试注册新用户：test_add_book_stock_level1_user_d3f4cc3a-bd59-11ef-b78b-02a6845b4b32
2024-12-19 00:04:57 - be.model.user - ERROR - 注册失败: One or more mappers failed to initialize - can't proceed with initialization of other mappers. Triggering mapper: 'Mapper[BookImage(book_images)]'. Original exception was: Mapper 'Mapper[Book(books)]' has no property 'images'.  If this property was indicated from other mappers or configure events, ensure registry.configure() has been called.
2024-12-19 00:04:57 - be.view.auth - INFO - 注册处理结果: 500
2024-12-19 00:04:57 - werkzeug - INFO - 127.0.0.1 - - [19/Dec/2024 00:04:57] "[35m[1mPOST /auth/register HTTP/1.1[0m" 500 -
2024-12-19 00:04:57 - be.view.auth - INFO - 收到注册请求: {'user_id': 'test_add_book_stock_level1_user_d3f5338c-bd59-11ef-b78b-02a6845b4b32', 'password': 'test_add_book_stock_level1_user_d3f5338c-bd59-11ef-b78b-02a6845b4b32'}
2024-12-19 00:04:57 - be.model.user - INFO - 尝试注册新用户：test_add_book_stock_level1_user_d3f5338c-bd59-11ef-b78b-02a6845b4b32
2024-12-19 00:04:57 - be.model.user - ERROR - 注册失败: One or more mappers failed to initialize - can't proceed with initialization of other mappers. Triggering mapper: 'Mapper[BookImage(book_images)]'. Original exception was: Mapper 'Mapper[Book(books)]' has no property 'images'.  If this property was indicated from other mappers or configure events, ensure registry.configure() has been called.
2024-12-19 00:04:57 - be.view.auth - INFO - 注册处理结果: 500
2024-12-19 00:04:57 - werkzeug - INFO - 127.0.0.1 - - [19/Dec/2024 00:04:57] "[35m[1mPOST /auth/register HTTP/1.1[0m" 500 -
2024-12-19 00:04:57 - be.view.auth - INFO - 收到注册请求: {'user_id': 'test_new_order_buyer_id_d3f59eee-bd59-11ef-b78b-02a6845b4b32', 'password': 'test_new_order_seller_id_d3f59ea8-bd59-11ef-b78b-02a6845b4b32'}
2024-12-19 00:04:57 - be.model.user - INFO - 尝试注册新用户：test_new_order_buyer_id_d3f59eee-bd59-11ef-b78b-02a6845b4b32
2024-12-19 00:04:57 - be.model.user - ERROR - 注册失败: One or more mappers failed to initialize - can't proceed with initialization of other mappers. Triggering mapper: 'Mapper[BookImage(book_images)]'. Original exception was: Mapper 'Mapper[Book(books)]' has no property 'images'.  If this property was indicated from other mappers or configure events, ensure registry.configure() has been called.
2024-12-19 00:04:57 - be.view.auth - INFO - 注册处理结果: 500
2024-12-19 00:04:57 - werkzeug - INFO - 127.0.0.1 - - [19/Dec/2024 00:04:57] "[35m[1mPOST /auth/register HTTP/1.1[0m" 500 -
2024-12-19 00:04:57 - be.view.auth - INFO - 收到注册请求: {'user_id': 'test_new_order_buyer_id_d3f60df2-bd59-11ef-b78b-02a6845b4b32', 'password': 'test_new_order_seller_id_d3f60dac-bd59-11ef-b78b-02a6845b4b32'}
2024-12-19 00:04:57 - be.model.user - INFO - 尝试注册新用户：test_new_order_buyer_id_d3f60df2-bd59-11ef-b78b-02a6845b4b32
2024-12-19 00:04:57 - be.model.user - ERROR - 注册失败: One or more mappers failed to initialize - can't proceed with initialization of other mappers. Triggering mapper: 'Mapper[BookImage(book_images)]'. Original exception was: Mapper 'Mapper[Book(books)]' has no property 'images'.  If this property was indicated from other mappers or configure events, ensure registry.configure() has been called.
2024-12-19 00:04:57 - be.view.auth - INFO - 注册处理结果: 500
2024-12-19 00:04:57 - werkzeug - INFO - 127.0.0.1 - - [19/Dec/2024 00:04:57] "[35m[1mPOST /auth/register HTTP/1.1[0m" 500 -
2024-12-19 00:04:57 - be.view.auth - INFO - 收到注册请求: {'user_id': 'test_new_order_buyer_id_d3f67e5e-bd59-11ef-b78b-02a6845b4b32', 'password': 'test_new_order_seller_id_d3f67e18-bd59-11ef-b78b-02a6845b4b32'}
2024-12-19 00:04:57 - be.model.user - INFO - 尝试注册新用户：test_new_order_buyer_id_d3f67e5e-bd59-11ef-b78b-02a6845b4b32
2024-12-19 00:04:57 - be.model.user - ERROR - 注册失败: One or more mappers failed to initialize - can't proceed with initialization of other mappers. Triggering mapper: 'Mapper[BookImage(book_images)]'. Original exception was: Mapper 'Mapper[Book(books)]' has no property 'images'.  If this property was indicated from other mappers or configure events, ensure registry.configure() has been called.
2024-12-19 00:04:57 - be.view.auth - INFO - 注册处理结果: 500
2024-12-19 00:04:57 - werkzeug - INFO - 127.0.0.1 - - [19/Dec/2024 00:04:57] "[35m[1mPOST /auth/register HTTP/1.1[0m" 500 -
2024-12-19 00:04:57 - be.view.auth - INFO - 收到注册请求: {'user_id': 'test_new_order_buyer_id_d3f6e54c-bd59-11ef-b78b-02a6845b4b32', 'password': 'test_new_order_seller_id_d3f6e506-bd59-11ef-b78b-02a6845b4b32'}
2024-12-19 00:04:57 - be.model.user - INFO - 尝试注册新用户：test_new_order_buyer_id_d3f6e54c-bd59-11ef-b78b-02a6845b4b32
2024-12-19 00:04:57 - be.model.user - ERROR - 注册失败: One or more mappers failed to initialize - can't proceed with initialization of other mappers. Triggering mapper: 'Mapper[BookImage(book_images)]'. Original exception was: Mapper 'Mapper[Book(books)]' has no property 'images'.  If this property was indicated from other mappers or configure events, ensure registry.configure() has been called.
2024-12-19 00:04:57 - be.view.auth - INFO - 注册处理结果: 500
2024-12-19 00:04:57 - werkzeug - INFO - 127.0.0.1 - - [19/Dec/2024 00:04:57] "[35m[1mPOST /auth/register HTTP/1.1[0m" 500 -
2024-12-19 00:04:57 - be.view.auth - INFO - 收到注册请求: {'user_id': 'test_new_order_buyer_id_d3f74fa0-bd59-11ef-b78b-02a6845b4b32', 'password': 'test_new_order_seller_id_d3f74f5a-bd59-11ef-b78b-02a6845b4b32'}
2024-12-19 00:04:57 - be.model.user - INFO - 尝试注册新用户：test_new_order_buyer_id_d3f74fa0-bd59-11ef-b78b-02a6845b4b32
2024-12-19 00:04:57 - be.model.user - ERROR - 注册失败: One or more mappers failed to initialize - can't proceed with initialization of other mappers. Triggering mapper: 'Mapper[BookImage(book_images)]'. Original exception was: Mapper 'Mapper[Book(books)]' has no property 'images'.  If this property was indicated from other mappers or configure events, ensure registry.configure() has been called.
2024-12-19 00:04:57 - be.view.auth - INFO - 注册处理结果: 500
2024-12-19 00:04:57 - werkzeug - INFO - 127.0.0.1 - - [19/Dec/2024 00:04:57] "[35m[1mPOST /auth/register HTTP/1.1[0m" 500 -
2024-12-19 00:04:57 - be.view.auth - INFO - 收到注册请求: {'user_id': 'test_payment_seller_id_d3f7b846-bd59-11ef-b78b-02a6845b4b32', 'password': 'test_payment_seller_id_d3f7b846-bd59-11ef-b78b-02a6845b4b32'}
2024-12-19 00:04:57 - be.model.user - INFO - 尝试注册新用户：test_payment_seller_id_d3f7b846-bd59-11ef-b78b-02a6845b4b32
2024-12-19 00:04:57 - be.model.user - ERROR - 注册失败: One or more mappers failed to initialize - can't proceed with initialization of other mappers. Triggering mapper: 'Mapper[BookImage(book_images)]'. Original exception was: Mapper 'Mapper[Book(books)]' has no property 'images'.  If this property was indicated from other mappers or configure events, ensure registry.configure() has been called.
2024-12-19 00:04:57 - be.view.auth - INFO - 注册处理结果: 500
2024-12-19 00:04:57 - werkzeug - INFO - 127.0.0.1 - - [19/Dec/2024 00:04:57] "[35m[1mPOST /auth/register HTTP/1.1[0m" 500 -
2024-12-19 00:04:57 - be.view.auth - INFO - 收到注册请求: {'user_id': 'test_payment_seller_id_d3f83fbe-bd59-11ef-b78b-02a6845b4b32', 'password': 'test_payment_seller_id_d3f83fbe-bd59-11ef-b78b-02a6845b4b32'}
2024-12-19 00:04:57 - be.model.user - INFO - 尝试注册新用户：test_payment_seller_id_d3f83fbe-bd59-11ef-b78b-02a6845b4b32
2024-12-19 00:04:57 - be.model.user - ERROR - 注册失败: One or more mappers failed to initialize - can't proceed with initialization of other mappers. Triggering mapper: 'Mapper[BookImage(book_images)]'. Original exception was: Mapper 'Mapper[Book(books)]' has no property 'images'.  If this property was indicated from other mappers or configure events, ensure registry.configure() has been called.
2024-12-19 00:04:57 - be.view.auth - INFO - 注册处理结果: 500
2024-12-19 00:04:57 - werkzeug - INFO - 127.0.0.1 - - [19/Dec/2024 00:04:57] "[35m[1mPOST /auth/register HTTP/1.1[0m" 500 -
2024-12-19 00:04:57 - be.view.auth - INFO - 收到注册请求: {'user_id': 'test_payment_seller_id_d3f8c074-bd59-11ef-b78b-02a6845b4b32', 'password': 'test_payment_seller_id_d3f8c074-bd59-11ef-b78b-02a6845b4b32'}
2024-12-19 00:04:57 - be.model.user - INFO - 尝试注册新用户：test_payment_seller_id_d3f8c074-bd59-11ef-b78b-02a6845b4b32
2024-12-19 00:04:57 - be.model.user - ERROR - 注册失败: One or more mappers failed to initialize - can't proceed with initialization of other mappers. Triggering mapper: 'Mapper[BookImage(book_images)]'. Original exception was: Mapper 'Mapper[Book(books)]' has no property 'images'.  If this property was indicated from other mappers or configure events, ensure registry.configure() has been called.
2024-12-19 00:04:57 - be.view.auth - INFO - 注册处理结果: 500
2024-12-19 00:04:57 - werkzeug - INFO - 127.0.0.1 - - [19/Dec/2024 00:04:57] "[35m[1mPOST /auth/register HTTP/1.1[0m" 500 -
2024-12-19 00:04:57 - be.view.auth - INFO - 收到注册请求: {'user_id': 'test_payment_seller_id_d3f940e4-bd59-11ef-b78b-02a6845b4b32', 'password': 'test_payment_seller_id_d3f940e4-bd59-11ef-b78b-02a6845b4b32'}
2024-12-19 00:04:57 - be.model.user - INFO - 尝试注册新用户：test_payment_seller_id_d3f940e4-bd59-11ef-b78b-02a6845b4b32
2024-12-19 00:04:57 - be.model.user - ERROR - 注册失败: One or more mappers failed to initialize - can't proceed with initialization of other mappers. Triggering mapper: 'Mapper[BookImage(book_images)]'. Original exception was: Mapper 'Mapper[Book(books)]' has no property 'images'.  If this property was indicated from other mappers or configure events, ensure registry.configure() has been called.
2024-12-19 00:04:57 - be.view.auth - INFO - 注册处理结果: 500
2024-12-19 00:04:57 - werkzeug - INFO - 127.0.0.1 - - [19/Dec/2024 00:04:57] "[35m[1mPOST /auth/register HTTP/1.1[0m" 500 -
2024-12-19 00:04:57 - be.serve - INFO - 正在关闭服务器...
2024-12-19 00:04:57 - be.serve - ERROR - 关闭服务器失败: Not running with the Werkzeug Server
2024-12-19 00:16:54 - __main__ - INFO - 
{'='*20} 开始运行所有测试 {'='*20}
2024-12-19 00:16:54 - be.model.db_config - INFO - 清理数据库...
2024-12-19 00:17:06 - be.model.db_config - INFO - 数据库清理完成
2024-12-19 00:17:07 - be.model.db_config - INFO - 已创建的表: ['book', 'book_images', 'books', 'order_items', 'orders', 'stores', 'users']
2024-12-19 00:17:07 - be.model.user - INFO - 创建 UserManager 实例
2024-12-19 00:17:07 - be.serve - INFO - 正在启动服务器...
2024-12-19 00:17:07 - be.serve - INFO - 创建Flask应用...
2024-12-19 00:17:07 - be.serve - INFO - 初始化数据库...
2024-12-19 00:17:07 - be.model.db_config - INFO - 清理数据库...
2024-12-19 00:17:13 - be.model.db_config - INFO - 数据库清理完成
2024-12-19 00:17:13 - be.model.db_config - INFO - 已创建的表: ['book', 'book_images', 'books', 'order_items', 'orders', 'stores', 'users']
2024-12-19 00:17:13 - be.model.db_config - INFO - 删除所有表...
2024-12-19 00:17:21 - be.model.db_config - INFO - 数据库初始化完成
2024-12-19 00:17:22 - be.model.db_config - INFO - 已创建的表: ['book', 'book_images', 'books', 'order_items', 'orders', 'stores', 'users']
2024-12-19 00:17:22 - be.serve - INFO - 数据库初始化成功
2024-12-19 00:17:22 - be.serve - INFO - 注册蓝图...
2024-12-19 00:17:22 - be.serve - INFO - 启动服务器...
2024-12-19 00:17:22 - werkzeug - INFO - [31m[1mWARNING: This is a development server. Do not use it in a production deployment. Use a production WSGI server instead.[0m
 * Running on http://127.0.0.1:5555
2024-12-19 00:17:22 - werkzeug - INFO - [33mPress CTRL+C to quit[0m
2024-12-19 00:17:22 - be.view.auth - INFO - 收到注册请求: {'user_id': 'test_register_user_1734538642.556967', 'password': 'test_register_password_1734538642.556973'}
2024-12-19 00:17:22 - be.model.user - INFO - 尝试注册新用户：test_register_user_1734538642.556967
2024-12-19 00:17:22 - be.model.user - INFO - 加密密码...
2024-12-19 00:17:22 - be.model.user - INFO - 创建新用户...
2024-12-19 00:17:22 - be.model.user - INFO - 添加用户到数据库...
2024-12-19 00:17:23 - be.model.user - INFO - 用户注册成功：test_register_user_1734538642.556967
2024-12-19 00:17:23 - be.view.auth - INFO - 注册处理结果: 200
2024-12-19 00:17:23 - werkzeug - INFO - 127.0.0.1 - - [19/Dec/2024 00:17:23] "POST /auth/register HTTP/1.1" 200 -
2024-12-19 00:17:23 - be.view.auth - INFO - 收到注册请求: {'user_id': 'test_register_user_1734538643.3058681', 'password': 'test_register_password_1734538643.305875'}
2024-12-19 00:17:23 - be.model.user - INFO - 尝试注册新用户：test_register_user_1734538643.3058681
2024-12-19 00:17:23 - be.model.user - INFO - 加密密码...
2024-12-19 00:17:23 - be.model.user - INFO - 创建新用户...
2024-12-19 00:17:23 - be.model.user - INFO - 添加用户到数据库...
2024-12-19 00:17:24 - be.model.user - INFO - 用户注册成功：test_register_user_1734538643.3058681
2024-12-19 00:17:24 - be.view.auth - INFO - 注册处理结果: 200
2024-12-19 00:17:24 - werkzeug - INFO - 127.0.0.1 - - [19/Dec/2024 00:17:24] "POST /auth/register HTTP/1.1" 200 -
2024-12-19 00:17:24 - be.view.auth - INFO - 收到注销请求: {'user_id': 'test_register_user_1734538643.3058681', 'password': 'test_register_password_1734538643.305875'}
2024-12-19 00:17:24 - be.model.user - INFO - 尝试注销用户：test_register_user_1734538643.3058681
2024-12-19 00:17:25 - be.model.user - INFO - 用户注销成功：test_register_user_1734538643.3058681
2024-12-19 00:17:25 - be.view.auth - INFO - 注销处理结果: 200
2024-12-19 00:17:25 - werkzeug - INFO - 127.0.0.1 - - [19/Dec/2024 00:17:25] "POST /auth/unregister HTTP/1.1" 200 -
2024-12-19 00:17:25 - be.view.auth - INFO - 收到注册请求: {'user_id': 'test_register_user_1734538645.199476', 'password': 'test_register_password_1734538645.199491'}
2024-12-19 00:17:25 - be.model.user - INFO - 尝试注册新用户：test_register_user_1734538645.199476
2024-12-19 00:17:25 - be.model.user - INFO - 加密密码...
2024-12-19 00:17:25 - be.model.user - INFO - 创建新用户...
2024-12-19 00:17:25 - be.model.user - INFO - 添加用户到数据库...
2024-12-19 00:17:25 - be.model.user - INFO - 用户注册成功：test_register_user_1734538645.199476
2024-12-19 00:17:25 - be.view.auth - INFO - 注册处理结果: 200
2024-12-19 00:17:25 - werkzeug - INFO - 127.0.0.1 - - [19/Dec/2024 00:17:25] "POST /auth/register HTTP/1.1" 200 -
2024-12-19 00:17:25 - be.view.auth - INFO - 收到注销请求: {'user_id': 'test_register_user_1734538645.199476_x', 'password': 'test_register_password_1734538645.199491'}
2024-12-19 00:17:25 - be.model.user - INFO - 尝试注销用户：test_register_user_1734538645.199476_x
2024-12-19 00:17:26 - be.model.user - WARNING - 用户不存在：test_register_user_1734538645.199476_x
2024-12-19 00:17:26 - be.view.auth - INFO - 注销处理结果: 401
2024-12-19 00:17:26 - werkzeug - INFO - 127.0.0.1 - - [19/Dec/2024 00:17:26] "[31m[1mPOST /auth/unregister HTTP/1.1[0m" 401 -
2024-12-19 00:17:26 - be.view.auth - INFO - 收到注销请求: {'user_id': 'test_register_user_1734538645.199476', 'password': 'test_register_password_1734538645.199491_x'}
2024-12-19 00:17:26 - be.model.user - INFO - 尝试注销用户：test_register_user_1734538645.199476
2024-12-19 00:17:26 - be.model.user - WARNING - 密码错误：test_register_user_1734538645.199476
2024-12-19 00:17:27 - be.view.auth - INFO - 注销处理结果: 401
2024-12-19 00:17:27 - werkzeug - INFO - 127.0.0.1 - - [19/Dec/2024 00:17:27] "[31m[1mPOST /auth/unregister HTTP/1.1[0m" 401 -
2024-12-19 00:17:27 - be.view.auth - INFO - 收到注册请求: {'user_id': 'test_register_user_1734538647.1666381', 'password': 'test_register_password_1734538647.16666'}
2024-12-19 00:17:27 - be.model.user - INFO - 尝试注册新用户：test_register_user_1734538647.1666381
2024-12-19 00:17:27 - be.model.user - INFO - 加密密码...
2024-12-19 00:17:27 - be.model.user - INFO - 创建新用户...
2024-12-19 00:17:27 - be.model.user - INFO - 添加用户到数据库...
2024-12-19 00:17:27 - be.model.user - INFO - 用户注册成功：test_register_user_1734538647.1666381
2024-12-19 00:17:27 - be.view.auth - INFO - 注册处理结果: 200
2024-12-19 00:17:27 - werkzeug - INFO - 127.0.0.1 - - [19/Dec/2024 00:17:27] "POST /auth/register HTTP/1.1" 200 -
2024-12-19 00:17:27 - be.view.auth - INFO - 收到注册请求: {'user_id': 'test_register_user_1734538647.1666381', 'password': 'test_register_password_1734538647.16666'}
2024-12-19 00:17:27 - be.model.user - INFO - 尝试注册新用户：test_register_user_1734538647.1666381
2024-12-19 00:17:27 - be.model.user - WARNING - 用户已存在：test_register_user_1734538647.1666381
2024-12-19 00:17:28 - be.view.auth - INFO - 注册处理结果: 401
2024-12-19 00:17:28 - werkzeug - INFO - 127.0.0.1 - - [19/Dec/2024 00:17:28] "[31m[1mPOST /auth/register HTTP/1.1[0m" 401 -
2024-12-19 00:17:28 - be.view.auth - INFO - 收到注册请求: {'user_id': 'test_login_1734538648.25354', 'password': 'password_test_login_1734538648.25354'}
2024-12-19 00:17:28 - be.model.user - INFO - 尝试注册新用户：test_login_1734538648.25354
2024-12-19 00:17:28 - be.model.user - INFO - 加密密码...
2024-12-19 00:17:28 - be.model.user - INFO - 创建新用户...
2024-12-19 00:17:28 - be.model.user - INFO - 添加用户到数据库...
2024-12-19 00:17:28 - be.model.user - INFO - 用户注册成功：test_login_1734538648.25354
2024-12-19 00:17:28 - be.view.auth - INFO - 注册处理结果: 200
2024-12-19 00:17:28 - werkzeug - INFO - 127.0.0.1 - - [19/Dec/2024 00:17:28] "POST /auth/register HTTP/1.1" 200 -
2024-12-19 00:17:28 - be.view.auth - INFO - 收到登录请求: {'user_id': 'test_login_1734538648.25354', 'password': 'password_test_login_1734538648.25354', 'terminal': 'terminal_test_login_1734538648.25354'}
2024-12-19 00:17:28 - be.model.user - INFO - 尝试登录用户：test_login_1734538648.25354，终端：terminal_test_login_1734538648.25354
2024-12-19 00:17:29 - be.model.user - INFO - 为用户 test_login_1734538648.25354 生成新token，终端：terminal_test_login_1734538648.25354
2024-12-19 00:17:29 - be.model.user - INFO - 用户登录成功：test_login_1734538648.25354
2024-12-19 00:17:29 - be.view.auth - INFO - 登录处理结果: 200
2024-12-19 00:17:29 - werkzeug - INFO - 127.0.0.1 - - [19/Dec/2024 00:17:29] "POST /auth/login HTTP/1.1" 200 -
2024-12-19 00:17:29 - be.view.auth - INFO - 收到登出请求: {'user_id': 'test_login_1734538648.25354_x'}
2024-12-19 00:17:29 - be.model.user - INFO - 尝试登出用户：test_login_1734538648.25354_x
2024-12-19 00:17:29 - be.model.user - WARNING - token验证失败：test_login_1734538648.25354_x
2024-12-19 00:17:29 - be.model.user - WARNING - token验证失败：test_login_1734538648.25354_x
2024-12-19 00:17:29 - be.view.auth - INFO - 登出处理结果: 401
2024-12-19 00:17:29 - werkzeug - INFO - 127.0.0.1 - - [19/Dec/2024 00:17:29] "[31m[1mPOST /auth/logout HTTP/1.1[0m" 401 -
2024-12-19 00:17:29 - be.view.auth - INFO - 收到登出请求: {'user_id': 'test_login_1734538648.25354'}
2024-12-19 00:17:29 - be.model.user - INFO - 尝试登出用户：test_login_1734538648.25354
2024-12-19 00:17:29 - be.model.user - WARNING - 无效的token：eyJhbGciOiJIUzI1NiIsInR5cCI6IkpXVCJ9.eyJ1c2VyX2lkIjoidGVzdF9sb2dpbl8xNzM0NTM4NjQ4LjI1MzU0IiwidGVybWluYWwiOiJ0ZXJtaW5hbF90ZXN0X2xvZ2luXzE3MzQ1Mzg2NDguMjUzNTQiLCJleHAiOjE3MzQ1NDIyNDl9.zzITXi_X0LkptnaXh9PcAZxJaUuBXKgr7e4SL6ibE94_x
2024-12-19 00:17:29 - be.model.user - WARNING - token验证失败：test_login_1734538648.25354
2024-12-19 00:17:29 - be.view.auth - INFO - 登出处理结果: 401
2024-12-19 00:17:29 - werkzeug - INFO - 127.0.0.1 - - [19/Dec/2024 00:17:29] "[31m[1mPOST /auth/logout HTTP/1.1[0m" 401 -
2024-12-19 00:17:29 - be.view.auth - INFO - 收到登出请求: {'user_id': 'test_login_1734538648.25354'}
2024-12-19 00:17:29 - be.model.user - INFO - 尝试登出用户：test_login_1734538648.25354
2024-12-19 00:17:29 - be.model.user - INFO - token验证成功：test_login_1734538648.25354
2024-12-19 00:17:29 - be.model.user - INFO - 用户登出成功：test_login_1734538648.25354
2024-12-19 00:17:29 - be.view.auth - INFO - 登出处理结果: 200
2024-12-19 00:17:29 - werkzeug - INFO - 127.0.0.1 - - [19/Dec/2024 00:17:29] "POST /auth/logout HTTP/1.1" 200 -
2024-12-19 00:17:29 - be.view.auth - INFO - 收到注册请求: {'user_id': 'test_login_1734538649.5879629', 'password': 'password_test_login_1734538649.5879629'}
2024-12-19 00:17:29 - be.model.user - INFO - 尝试注册新用户：test_login_1734538649.5879629
2024-12-19 00:17:29 - be.model.user - INFO - 加密密码...
2024-12-19 00:17:29 - be.model.user - INFO - 创建新用户...
2024-12-19 00:17:29 - be.model.user - INFO - 添加用户到数据库...
2024-12-19 00:17:30 - be.model.user - INFO - 用户注册成功：test_login_1734538649.5879629
2024-12-19 00:17:30 - be.view.auth - INFO - 注册处理结果: 200
2024-12-19 00:17:30 - werkzeug - INFO - 127.0.0.1 - - [19/Dec/2024 00:17:30] "POST /auth/register HTTP/1.1" 200 -
2024-12-19 00:17:30 - be.view.auth - INFO - 收到登录请求: {'user_id': 'test_login_1734538649.5879629_x', 'password': 'password_test_login_1734538649.5879629', 'terminal': 'terminal_test_login_1734538649.5879629'}
2024-12-19 00:17:30 - be.model.user - INFO - 尝试登录用户：test_login_1734538649.5879629_x，终端：terminal_test_login_1734538649.5879629
2024-12-19 00:17:30 - be.model.user - WARNING - 用户不存在：test_login_1734538649.5879629_x
2024-12-19 00:17:30 - be.view.auth - INFO - 登录处理结果: 401
2024-12-19 00:17:30 - werkzeug - INFO - 127.0.0.1 - - [19/Dec/2024 00:17:30] "[31m[1mPOST /auth/login HTTP/1.1[0m" 401 -
2024-12-19 00:17:30 - be.view.auth - INFO - 收到注册请求: {'user_id': 'test_login_1734538650.97684', 'password': 'password_test_login_1734538650.97684'}
2024-12-19 00:17:30 - be.model.user - INFO - 尝试注册新用户：test_login_1734538650.97684
2024-12-19 00:17:31 - be.model.user - INFO - 加密密码...
2024-12-19 00:17:31 - be.model.user - INFO - 创建新用户...
2024-12-19 00:17:31 - be.model.user - INFO - 添加用户到数据库...
2024-12-19 00:17:31 - be.model.user - INFO - 用户注册成功：test_login_1734538650.97684
2024-12-19 00:17:31 - be.view.auth - INFO - 注册处理结果: 200
2024-12-19 00:17:31 - werkzeug - INFO - 127.0.0.1 - - [19/Dec/2024 00:17:31] "POST /auth/register HTTP/1.1" 200 -
2024-12-19 00:17:31 - be.view.auth - INFO - 收到登录请求: {'user_id': 'test_login_1734538650.97684', 'password': 'password_test_login_1734538650.97684_x', 'terminal': 'terminal_test_login_1734538650.97684'}
2024-12-19 00:17:31 - be.model.user - INFO - 尝试登录用户：test_login_1734538650.97684，终端：terminal_test_login_1734538650.97684
2024-12-19 00:17:32 - be.model.user - WARNING - 密码错误：test_login_1734538650.97684
2024-12-19 00:17:32 - be.view.auth - INFO - 登录处理结果: 401
2024-12-19 00:17:32 - werkzeug - INFO - 127.0.0.1 - - [19/Dec/2024 00:17:32] "[31m[1mPOST /auth/login HTTP/1.1[0m" 401 -
2024-12-19 00:17:32 - be.view.auth - INFO - 收到注册请求: {'user_id': 'test_password_95e09ee0-bd5b-11ef-a213-02a6845b4b32', 'password': 'old_password_test_password_95e09ee0-bd5b-11ef-a213-02a6845b4b32'}
2024-12-19 00:17:32 - be.model.user - INFO - 尝试注册新用户：test_password_95e09ee0-bd5b-11ef-a213-02a6845b4b32
2024-12-19 00:17:32 - be.model.user - INFO - 加密密码...
2024-12-19 00:17:32 - be.model.user - INFO - 创建新用户...
2024-12-19 00:17:32 - be.model.user - INFO - 添加用户到数据库...
2024-12-19 00:17:33 - be.model.user - INFO - 用户注册成功：test_password_95e09ee0-bd5b-11ef-a213-02a6845b4b32
2024-12-19 00:17:33 - be.view.auth - INFO - 注册处理结果: 200
2024-12-19 00:17:33 - werkzeug - INFO - 127.0.0.1 - - [19/Dec/2024 00:17:33] "POST /auth/register HTTP/1.1" 200 -
2024-12-19 00:17:33 - be.view.auth - INFO - 收到修改密码请求: {'user_id': 'test_password_95e09ee0-bd5b-11ef-a213-02a6845b4b32', 'oldPassword': 'old_password_test_password_95e09ee0-bd5b-11ef-a213-02a6845b4b32', 'newPassword': 'new_password_test_password_95e09ee0-bd5b-11ef-a213-02a6845b4b32'}
2024-12-19 00:17:33 - be.model.user - INFO - 尝试修改密码：test_password_95e09ee0-bd5b-11ef-a213-02a6845b4b32
2024-12-19 00:17:33 - be.model.user - INFO - 密码修改成功：test_password_95e09ee0-bd5b-11ef-a213-02a6845b4b32
2024-12-19 00:17:33 - be.view.auth - INFO - 修改密码处理结果: 200
2024-12-19 00:17:33 - werkzeug - INFO - 127.0.0.1 - - [19/Dec/2024 00:17:33] "POST /auth/password HTTP/1.1" 200 -
2024-12-19 00:17:33 - be.view.auth - INFO - 收到登录请求: {'user_id': 'test_password_95e09ee0-bd5b-11ef-a213-02a6845b4b32', 'password': 'old_password_test_password_95e09ee0-bd5b-11ef-a213-02a6845b4b32', 'terminal': 'terminal_test_password_95e09ee0-bd5b-11ef-a213-02a6845b4b32'}
2024-12-19 00:17:33 - be.model.user - INFO - 尝试登录用户：test_password_95e09ee0-bd5b-11ef-a213-02a6845b4b32，终端：terminal_test_password_95e09ee0-bd5b-11ef-a213-02a6845b4b32
2024-12-19 00:17:33 - be.model.user - WARNING - 密码错误：test_password_95e09ee0-bd5b-11ef-a213-02a6845b4b32
2024-12-19 00:17:34 - be.view.auth - INFO - 登录处理结果: 401
2024-12-19 00:17:34 - werkzeug - INFO - 127.0.0.1 - - [19/Dec/2024 00:17:34] "[31m[1mPOST /auth/login HTTP/1.1[0m" 401 -
2024-12-19 00:17:34 - be.view.auth - INFO - 收到登录请求: {'user_id': 'test_password_95e09ee0-bd5b-11ef-a213-02a6845b4b32', 'password': 'new_password_test_password_95e09ee0-bd5b-11ef-a213-02a6845b4b32', 'terminal': 'terminal_test_password_95e09ee0-bd5b-11ef-a213-02a6845b4b32'}
2024-12-19 00:17:34 - be.model.user - INFO - 尝试登录用户：test_password_95e09ee0-bd5b-11ef-a213-02a6845b4b32，终端：terminal_test_password_95e09ee0-bd5b-11ef-a213-02a6845b4b32
2024-12-19 00:17:34 - be.model.user - INFO - 为用户 test_password_95e09ee0-bd5b-11ef-a213-02a6845b4b32 生成新token，终端：terminal_test_password_95e09ee0-bd5b-11ef-a213-02a6845b4b32
2024-12-19 00:17:34 - be.model.user - INFO - 用户登录成功：test_password_95e09ee0-bd5b-11ef-a213-02a6845b4b32
2024-12-19 00:17:34 - be.view.auth - INFO - 登录处理结果: 200
2024-12-19 00:17:34 - werkzeug - INFO - 127.0.0.1 - - [19/Dec/2024 00:17:34] "POST /auth/login HTTP/1.1" 200 -
2024-12-19 00:17:34 - be.view.auth - INFO - 收到登出请求: {'user_id': 'test_password_95e09ee0-bd5b-11ef-a213-02a6845b4b32'}
2024-12-19 00:17:34 - be.model.user - INFO - 尝试登出用户：test_password_95e09ee0-bd5b-11ef-a213-02a6845b4b32
2024-12-19 00:17:34 - be.model.user - INFO - token验证成功：test_password_95e09ee0-bd5b-11ef-a213-02a6845b4b32
2024-12-19 00:17:34 - be.model.user - INFO - 用户登出成功：test_password_95e09ee0-bd5b-11ef-a213-02a6845b4b32
2024-12-19 00:17:34 - be.view.auth - INFO - 登出处理结果: 200
2024-12-19 00:17:34 - werkzeug - INFO - 127.0.0.1 - - [19/Dec/2024 00:17:34] "POST /auth/logout HTTP/1.1" 200 -
2024-12-19 00:17:34 - be.view.auth - INFO - 收到注册请求: {'user_id': 'test_password_9705adf6-bd5b-11ef-a213-02a6845b4b32', 'password': 'old_password_test_password_9705adf6-bd5b-11ef-a213-02a6845b4b32'}
2024-12-19 00:17:34 - be.model.user - INFO - 尝试注册新用户：test_password_9705adf6-bd5b-11ef-a213-02a6845b4b32
2024-12-19 00:17:34 - be.model.user - INFO - 加密密码...
2024-12-19 00:17:34 - be.model.user - INFO - 创建新用户...
2024-12-19 00:17:34 - be.model.user - INFO - 添加用户到数据库...
2024-12-19 00:17:35 - be.model.user - INFO - 用户注册成功：test_password_9705adf6-bd5b-11ef-a213-02a6845b4b32
2024-12-19 00:17:35 - be.view.auth - INFO - 注册处理结果: 200
2024-12-19 00:17:35 - werkzeug - INFO - 127.0.0.1 - - [19/Dec/2024 00:17:35] "POST /auth/register HTTP/1.1" 200 -
2024-12-19 00:17:35 - be.view.auth - INFO - 收到修改密码请求: {'user_id': 'test_password_9705adf6-bd5b-11ef-a213-02a6845b4b32', 'oldPassword': 'old_password_test_password_9705adf6-bd5b-11ef-a213-02a6845b4b32_x', 'newPassword': 'new_password_test_password_9705adf6-bd5b-11ef-a213-02a6845b4b32'}
2024-12-19 00:17:35 - be.model.user - INFO - 尝试修改密码：test_password_9705adf6-bd5b-11ef-a213-02a6845b4b32
2024-12-19 00:17:35 - be.model.user - WARNING - 旧密码错误：test_password_9705adf6-bd5b-11ef-a213-02a6845b4b32
2024-12-19 00:17:35 - be.view.auth - INFO - 修改密码处理结果: 401
2024-12-19 00:17:35 - werkzeug - INFO - 127.0.0.1 - - [19/Dec/2024 00:17:35] "[31m[1mPOST /auth/password HTTP/1.1[0m" 401 -
2024-12-19 00:17:35 - be.view.auth - INFO - 收到登录请求: {'user_id': 'test_password_9705adf6-bd5b-11ef-a213-02a6845b4b32', 'password': 'new_password_test_password_9705adf6-bd5b-11ef-a213-02a6845b4b32', 'terminal': 'terminal_test_password_9705adf6-bd5b-11ef-a213-02a6845b4b32'}
2024-12-19 00:17:35 - be.model.user - INFO - 尝试登录用户：test_password_9705adf6-bd5b-11ef-a213-02a6845b4b32，终端：terminal_test_password_9705adf6-bd5b-11ef-a213-02a6845b4b32
2024-12-19 00:17:35 - be.model.user - WARNING - 密码错误：test_password_9705adf6-bd5b-11ef-a213-02a6845b4b32
2024-12-19 00:17:36 - be.view.auth - INFO - 登录处理结果: 401
2024-12-19 00:17:36 - werkzeug - INFO - 127.0.0.1 - - [19/Dec/2024 00:17:36] "[31m[1mPOST /auth/login HTTP/1.1[0m" 401 -
2024-12-19 00:17:36 - be.view.auth - INFO - 收到注册请求: {'user_id': 'test_password_97ecedd8-bd5b-11ef-a213-02a6845b4b32', 'password': 'old_password_test_password_97ecedd8-bd5b-11ef-a213-02a6845b4b32'}
2024-12-19 00:17:36 - be.model.user - INFO - 尝试注册新用户：test_password_97ecedd8-bd5b-11ef-a213-02a6845b4b32
2024-12-19 00:17:36 - be.model.user - INFO - 加密密码...
2024-12-19 00:17:36 - be.model.user - INFO - 创建新用户...
2024-12-19 00:17:36 - be.model.user - INFO - 添加用户到数据库...
2024-12-19 00:17:36 - be.model.user - INFO - 用户注册成功：test_password_97ecedd8-bd5b-11ef-a213-02a6845b4b32
2024-12-19 00:17:36 - be.view.auth - INFO - 注册处理结果: 200
2024-12-19 00:17:36 - werkzeug - INFO - 127.0.0.1 - - [19/Dec/2024 00:17:36] "POST /auth/register HTTP/1.1" 200 -
2024-12-19 00:17:36 - be.view.auth - INFO - 收到修改密码请求: {'user_id': 'test_password_97ecedd8-bd5b-11ef-a213-02a6845b4b32_x', 'oldPassword': 'old_password_test_password_97ecedd8-bd5b-11ef-a213-02a6845b4b32', 'newPassword': 'new_password_test_password_97ecedd8-bd5b-11ef-a213-02a6845b4b32'}
2024-12-19 00:17:36 - be.model.user - INFO - 尝试修改密码：test_password_97ecedd8-bd5b-11ef-a213-02a6845b4b32_x
2024-12-19 00:17:36 - be.model.user - WARNING - 用户不存在：test_password_97ecedd8-bd5b-11ef-a213-02a6845b4b32_x
2024-12-19 00:17:37 - be.view.auth - INFO - 修改密码处理结果: 401
2024-12-19 00:17:37 - werkzeug - INFO - 127.0.0.1 - - [19/Dec/2024 00:17:37] "[31m[1mPOST /auth/password HTTP/1.1[0m" 401 -
2024-12-19 00:17:37 - be.view.auth - INFO - 收到登录请求: {'user_id': 'test_password_97ecedd8-bd5b-11ef-a213-02a6845b4b32', 'password': 'new_password_test_password_97ecedd8-bd5b-11ef-a213-02a6845b4b32', 'terminal': 'terminal_test_password_97ecedd8-bd5b-11ef-a213-02a6845b4b32'}
2024-12-19 00:17:37 - be.model.user - INFO - 尝试登录用户：test_password_97ecedd8-bd5b-11ef-a213-02a6845b4b32，终端：terminal_test_password_97ecedd8-bd5b-11ef-a213-02a6845b4b32
2024-12-19 00:17:37 - be.model.user - WARNING - 密码错误：test_password_97ecedd8-bd5b-11ef-a213-02a6845b4b32
2024-12-19 00:17:37 - be.view.auth - INFO - 登录处理结果: 401
2024-12-19 00:17:37 - werkzeug - INFO - 127.0.0.1 - - [19/Dec/2024 00:17:37] "[31m[1mPOST /auth/login HTTP/1.1[0m" 401 -
2024-12-19 00:17:37 - be.view.auth - INFO - 收到注册请求: {'user_id': 'test_add_funds_98f82a08-bd5b-11ef-a213-02a6845b4b32', 'password': 'test_add_funds_98f82a08-bd5b-11ef-a213-02a6845b4b32'}
2024-12-19 00:17:37 - be.model.user - INFO - 尝试注册新用户：test_add_funds_98f82a08-bd5b-11ef-a213-02a6845b4b32
2024-12-19 00:17:38 - be.model.user - INFO - 加密密码...
2024-12-19 00:17:38 - be.model.user - INFO - 创建新用户...
2024-12-19 00:17:38 - be.model.user - INFO - 添加用户到数据库...
2024-12-19 00:17:38 - be.model.user - INFO - 用户注册成功：test_add_funds_98f82a08-bd5b-11ef-a213-02a6845b4b32
2024-12-19 00:17:38 - be.view.auth - INFO - 注册处理结果: 200
2024-12-19 00:17:38 - werkzeug - INFO - 127.0.0.1 - - [19/Dec/2024 00:17:38] "POST /auth/register HTTP/1.1" 200 -
2024-12-19 00:17:38 - be.view.auth - INFO - 收到登录请求: {'user_id': 'test_add_funds_98f82a08-bd5b-11ef-a213-02a6845b4b32', 'password': 'test_add_funds_98f82a08-bd5b-11ef-a213-02a6845b4b32', 'terminal': 'my terminal'}
2024-12-19 00:17:38 - be.model.user - INFO - 尝试登录用户：test_add_funds_98f82a08-bd5b-11ef-a213-02a6845b4b32，终端：my terminal
2024-12-19 00:17:38 - be.model.user - INFO - 为用户 test_add_funds_98f82a08-bd5b-11ef-a213-02a6845b4b32 生成新token，终端：my terminal
2024-12-19 00:17:38 - be.model.user - INFO - 用户登录成功：test_add_funds_98f82a08-bd5b-11ef-a213-02a6845b4b32
2024-12-19 00:17:39 - be.view.auth - INFO - 登录处理结果: 200
2024-12-19 00:17:39 - werkzeug - INFO - 127.0.0.1 - - [19/Dec/2024 00:17:39] "POST /auth/login HTTP/1.1" 200 -
2024-12-19 00:17:39 - werkzeug - INFO - 127.0.0.1 - - [19/Dec/2024 00:17:39] "POST /buyer/add_funds HTTP/1.1" 200 -
2024-12-19 00:17:40 - werkzeug - INFO - 127.0.0.1 - - [19/Dec/2024 00:17:40] "POST /buyer/add_funds HTTP/1.1" 200 -
2024-12-19 00:17:40 - be.view.auth - INFO - 收到注册请求: {'user_id': 'test_add_funds_9a5a71a8-bd5b-11ef-a213-02a6845b4b32', 'password': 'test_add_funds_9a5a71a8-bd5b-11ef-a213-02a6845b4b32'}
2024-12-19 00:17:40 - be.model.user - INFO - 尝试注册新用户：test_add_funds_9a5a71a8-bd5b-11ef-a213-02a6845b4b32
2024-12-19 00:17:40 - be.model.user - INFO - 加密密码...
2024-12-19 00:17:40 - be.model.user - INFO - 创建新用户...
2024-12-19 00:17:40 - be.model.user - INFO - 添加用户到数据库...
2024-12-19 00:17:40 - be.model.user - INFO - 用户注册成功：test_add_funds_9a5a71a8-bd5b-11ef-a213-02a6845b4b32
2024-12-19 00:17:40 - be.view.auth - INFO - 注册处理结果: 200
2024-12-19 00:17:40 - werkzeug - INFO - 127.0.0.1 - - [19/Dec/2024 00:17:40] "POST /auth/register HTTP/1.1" 200 -
2024-12-19 00:17:40 - be.view.auth - INFO - 收到登录请求: {'user_id': 'test_add_funds_9a5a71a8-bd5b-11ef-a213-02a6845b4b32', 'password': 'test_add_funds_9a5a71a8-bd5b-11ef-a213-02a6845b4b32', 'terminal': 'my terminal'}
2024-12-19 00:17:40 - be.model.user - INFO - 尝试登录用户：test_add_funds_9a5a71a8-bd5b-11ef-a213-02a6845b4b32，终端：my terminal
2024-12-19 00:17:41 - be.model.user - INFO - 为用户 test_add_funds_9a5a71a8-bd5b-11ef-a213-02a6845b4b32 生成新token，终端：my terminal
2024-12-19 00:17:41 - be.model.user - INFO - 用户登录成功：test_add_funds_9a5a71a8-bd5b-11ef-a213-02a6845b4b32
2024-12-19 00:17:41 - be.view.auth - INFO - 登录处理结果: 200
2024-12-19 00:17:41 - werkzeug - INFO - 127.0.0.1 - - [19/Dec/2024 00:17:41] "POST /auth/login HTTP/1.1" 200 -
2024-12-19 00:17:41 - werkzeug - INFO - 127.0.0.1 - - [19/Dec/2024 00:17:41] "[31m[1mPOST /buyer/add_funds HTTP/1.1[0m" 401 -
2024-12-19 00:17:41 - be.view.auth - INFO - 收到注册请求: {'user_id': 'test_add_funds_9b328c14-bd5b-11ef-a213-02a6845b4b32', 'password': 'test_add_funds_9b328c14-bd5b-11ef-a213-02a6845b4b32'}
2024-12-19 00:17:41 - be.model.user - INFO - 尝试注册新用户：test_add_funds_9b328c14-bd5b-11ef-a213-02a6845b4b32
2024-12-19 00:17:42 - be.model.user - INFO - 加密密码...
2024-12-19 00:17:42 - be.model.user - INFO - 创建新用户...
2024-12-19 00:17:42 - be.model.user - INFO - 添加用户到数据库...
2024-12-19 00:17:42 - be.model.user - INFO - 用户注册成功：test_add_funds_9b328c14-bd5b-11ef-a213-02a6845b4b32
2024-12-19 00:17:42 - be.view.auth - INFO - 注册处理结果: 200
2024-12-19 00:17:42 - werkzeug - INFO - 127.0.0.1 - - [19/Dec/2024 00:17:42] "POST /auth/register HTTP/1.1" 200 -
2024-12-19 00:17:42 - be.view.auth - INFO - 收到登录请求: {'user_id': 'test_add_funds_9b328c14-bd5b-11ef-a213-02a6845b4b32', 'password': 'test_add_funds_9b328c14-bd5b-11ef-a213-02a6845b4b32', 'terminal': 'my terminal'}
2024-12-19 00:17:42 - be.model.user - INFO - 尝试登录用户：test_add_funds_9b328c14-bd5b-11ef-a213-02a6845b4b32，终端：my terminal
2024-12-19 00:17:43 - be.model.user - INFO - 为用户 test_add_funds_9b328c14-bd5b-11ef-a213-02a6845b4b32 生成新token，终端：my terminal
2024-12-19 00:17:43 - be.model.user - INFO - 用户登录成功：test_add_funds_9b328c14-bd5b-11ef-a213-02a6845b4b32
2024-12-19 00:17:43 - be.view.auth - INFO - 登录处理结果: 200
2024-12-19 00:17:43 - werkzeug - INFO - 127.0.0.1 - - [19/Dec/2024 00:17:43] "POST /auth/login HTTP/1.1" 200 -
2024-12-19 00:17:43 - werkzeug - INFO - 127.0.0.1 - - [19/Dec/2024 00:17:43] "[31m[1mPOST /buyer/add_funds HTTP/1.1[0m" 401 -
2024-12-19 00:17:43 - be.view.auth - INFO - 收到注册请求: {'user_id': 'test_create_store_user_9c5b8f78-bd5b-11ef-a213-02a6845b4b32', 'password': 'test_create_store_user_9c5b8f78-bd5b-11ef-a213-02a6845b4b32'}
2024-12-19 00:17:43 - be.model.user - INFO - 尝试注册新用户：test_create_store_user_9c5b8f78-bd5b-11ef-a213-02a6845b4b32
2024-12-19 00:17:43 - be.model.user - INFO - 加密密码...
2024-12-19 00:17:43 - be.model.user - INFO - 创建新用户...
2024-12-19 00:17:43 - be.model.user - INFO - 添加用户到数据库...
2024-12-19 00:17:44 - be.model.user - INFO - 用户注册成功：test_create_store_user_9c5b8f78-bd5b-11ef-a213-02a6845b4b32
2024-12-19 00:17:44 - be.view.auth - INFO - 注册处理结果: 200
2024-12-19 00:17:44 - werkzeug - INFO - 127.0.0.1 - - [19/Dec/2024 00:17:44] "POST /auth/register HTTP/1.1" 200 -
2024-12-19 00:17:44 - be.view.auth - INFO - 收到登录请求: {'user_id': 'test_create_store_user_9c5b8f78-bd5b-11ef-a213-02a6845b4b32', 'password': 'test_create_store_user_9c5b8f78-bd5b-11ef-a213-02a6845b4b32', 'terminal': 'my terminal'}
2024-12-19 00:17:44 - be.model.user - INFO - 尝试登录用户：test_create_store_user_9c5b8f78-bd5b-11ef-a213-02a6845b4b32，终端：my terminal
2024-12-19 00:17:44 - be.model.user - INFO - 为用户 test_create_store_user_9c5b8f78-bd5b-11ef-a213-02a6845b4b32 生成新token，终端：my terminal
2024-12-19 00:17:44 - be.model.user - INFO - 用户登录成功：test_create_store_user_9c5b8f78-bd5b-11ef-a213-02a6845b4b32
2024-12-19 00:17:44 - be.view.auth - INFO - 登录处理结果: 200
2024-12-19 00:17:44 - werkzeug - INFO - 127.0.0.1 - - [19/Dec/2024 00:17:44] "POST /auth/login HTTP/1.1" 200 -
2024-12-19 00:17:45 - werkzeug - INFO - 127.0.0.1 - - [19/Dec/2024 00:17:45] "POST /seller/create_store HTTP/1.1" 200 -
2024-12-19 00:17:45 - be.view.auth - INFO - 收到注册请求: {'user_id': 'test_create_store_user_9db4a5ee-bd5b-11ef-a213-02a6845b4b32', 'password': 'test_create_store_user_9db4a5ee-bd5b-11ef-a213-02a6845b4b32'}
2024-12-19 00:17:45 - be.model.user - INFO - 尝试注册新用户：test_create_store_user_9db4a5ee-bd5b-11ef-a213-02a6845b4b32
2024-12-19 00:17:46 - be.model.user - INFO - 加密密码...
2024-12-19 00:17:46 - be.model.user - INFO - 创建新用户...
2024-12-19 00:17:46 - be.model.user - INFO - 添加用户到数据库...
2024-12-19 00:17:46 - be.model.user - INFO - 用户注册成功：test_create_store_user_9db4a5ee-bd5b-11ef-a213-02a6845b4b32
2024-12-19 00:17:46 - be.view.auth - INFO - 注册处理结果: 200
2024-12-19 00:17:46 - werkzeug - INFO - 127.0.0.1 - - [19/Dec/2024 00:17:46] "POST /auth/register HTTP/1.1" 200 -
2024-12-19 00:17:46 - be.view.auth - INFO - 收到登录请求: {'user_id': 'test_create_store_user_9db4a5ee-bd5b-11ef-a213-02a6845b4b32', 'password': 'test_create_store_user_9db4a5ee-bd5b-11ef-a213-02a6845b4b32', 'terminal': 'my terminal'}
2024-12-19 00:17:46 - be.model.user - INFO - 尝试登录用户：test_create_store_user_9db4a5ee-bd5b-11ef-a213-02a6845b4b32，终端：my terminal
2024-12-19 00:17:46 - be.model.user - INFO - 为用户 test_create_store_user_9db4a5ee-bd5b-11ef-a213-02a6845b4b32 生成新token，终端：my terminal
2024-12-19 00:17:46 - be.model.user - INFO - 用户登录成功：test_create_store_user_9db4a5ee-bd5b-11ef-a213-02a6845b4b32
2024-12-19 00:17:47 - be.view.auth - INFO - 登录处理结果: 200
2024-12-19 00:17:47 - werkzeug - INFO - 127.0.0.1 - - [19/Dec/2024 00:17:47] "POST /auth/login HTTP/1.1" 200 -
2024-12-19 00:17:47 - werkzeug - INFO - 127.0.0.1 - - [19/Dec/2024 00:17:47] "POST /seller/create_store HTTP/1.1" 200 -
2024-12-19 00:17:48 - werkzeug - INFO - 127.0.0.1 - - [19/Dec/2024 00:17:48] "POST /seller/create_store HTTP/1.1" 200 -
2024-12-19 00:17:48 - be.view.auth - INFO - 收到注册请求: {'user_id': 'test_add_books_seller_id_9f5246a4-bd5b-11ef-a213-02a6845b4b32', 'password': 'test_add_books_seller_id_9f5246a4-bd5b-11ef-a213-02a6845b4b32'}
2024-12-19 00:17:48 - be.model.user - INFO - 尝试注册新用户：test_add_books_seller_id_9f5246a4-bd5b-11ef-a213-02a6845b4b32
2024-12-19 00:17:49 - be.model.user - INFO - 加密密码...
2024-12-19 00:17:49 - be.model.user - INFO - 创建新用户...
2024-12-19 00:17:49 - be.model.user - INFO - 添加用户到数据库...
2024-12-19 00:17:49 - be.model.user - INFO - 用户注册成功：test_add_books_seller_id_9f5246a4-bd5b-11ef-a213-02a6845b4b32
2024-12-19 00:17:49 - be.view.auth - INFO - 注册处理结果: 200
2024-12-19 00:17:49 - werkzeug - INFO - 127.0.0.1 - - [19/Dec/2024 00:17:49] "POST /auth/register HTTP/1.1" 200 -
2024-12-19 00:17:49 - be.view.auth - INFO - 收到登录请求: {'user_id': 'test_add_books_seller_id_9f5246a4-bd5b-11ef-a213-02a6845b4b32', 'password': 'test_add_books_seller_id_9f5246a4-bd5b-11ef-a213-02a6845b4b32', 'terminal': 'my terminal'}
2024-12-19 00:17:49 - be.model.user - INFO - 尝试登录用户：test_add_books_seller_id_9f5246a4-bd5b-11ef-a213-02a6845b4b32，终端：my terminal
2024-12-19 00:17:50 - be.model.user - INFO - 为用户 test_add_books_seller_id_9f5246a4-bd5b-11ef-a213-02a6845b4b32 生成新token，终端：my terminal
2024-12-19 00:17:50 - be.model.user - INFO - 用户登录成功：test_add_books_seller_id_9f5246a4-bd5b-11ef-a213-02a6845b4b32
2024-12-19 00:17:50 - be.view.auth - INFO - 登录处理结果: 200
2024-12-19 00:17:50 - werkzeug - INFO - 127.0.0.1 - - [19/Dec/2024 00:17:50] "POST /auth/login HTTP/1.1" 200 -
2024-12-19 00:17:50 - werkzeug - INFO - 127.0.0.1 - - [19/Dec/2024 00:17:50] "POST /seller/create_store HTTP/1.1" 200 -
2024-12-19 00:17:50 - be.view.auth - INFO - 收到注册请求: {'user_id': 'test_add_books_seller_id_a09a8e68-bd5b-11ef-a213-02a6845b4b32', 'password': 'test_add_books_seller_id_a09a8e68-bd5b-11ef-a213-02a6845b4b32'}
2024-12-19 00:17:50 - be.model.user - INFO - 尝试注册新用户：test_add_books_seller_id_a09a8e68-bd5b-11ef-a213-02a6845b4b32
2024-12-19 00:17:50 - be.model.user - INFO - 加密密码...
2024-12-19 00:17:50 - be.model.user - INFO - 创建新用户...
2024-12-19 00:17:50 - be.model.user - INFO - 添加用户到数据库...
2024-12-19 00:17:51 - be.model.user - INFO - 用户注册成功：test_add_books_seller_id_a09a8e68-bd5b-11ef-a213-02a6845b4b32
2024-12-19 00:17:51 - be.view.auth - INFO - 注册处理结果: 200
2024-12-19 00:17:51 - werkzeug - INFO - 127.0.0.1 - - [19/Dec/2024 00:17:51] "POST /auth/register HTTP/1.1" 200 -
2024-12-19 00:17:51 - be.view.auth - INFO - 收到登录请求: {'user_id': 'test_add_books_seller_id_a09a8e68-bd5b-11ef-a213-02a6845b4b32', 'password': 'test_add_books_seller_id_a09a8e68-bd5b-11ef-a213-02a6845b4b32', 'terminal': 'my terminal'}
2024-12-19 00:17:51 - be.model.user - INFO - 尝试登录用户：test_add_books_seller_id_a09a8e68-bd5b-11ef-a213-02a6845b4b32，终端：my terminal
2024-12-19 00:17:51 - be.model.user - INFO - 为用户 test_add_books_seller_id_a09a8e68-bd5b-11ef-a213-02a6845b4b32 生成新token，终端：my terminal
2024-12-19 00:17:51 - be.model.user - INFO - 用户登录成功：test_add_books_seller_id_a09a8e68-bd5b-11ef-a213-02a6845b4b32
2024-12-19 00:17:51 - be.view.auth - INFO - 登录处理结果: 200
2024-12-19 00:17:51 - werkzeug - INFO - 127.0.0.1 - - [19/Dec/2024 00:17:51] "POST /auth/login HTTP/1.1" 200 -
2024-12-19 00:17:52 - werkzeug - INFO - 127.0.0.1 - - [19/Dec/2024 00:17:52] "POST /seller/create_store HTTP/1.1" 200 -
2024-12-19 00:17:52 - be.view.auth - INFO - 收到注册请求: {'user_id': 'test_add_books_seller_id_a1759b2a-bd5b-11ef-a213-02a6845b4b32', 'password': 'test_add_books_seller_id_a1759b2a-bd5b-11ef-a213-02a6845b4b32'}
2024-12-19 00:17:52 - be.model.user - INFO - 尝试注册新用户：test_add_books_seller_id_a1759b2a-bd5b-11ef-a213-02a6845b4b32
2024-12-19 00:17:52 - be.model.user - INFO - 加密密码...
2024-12-19 00:17:52 - be.model.user - INFO - 创建新用户...
2024-12-19 00:17:52 - be.model.user - INFO - 添加用户到数据库...
2024-12-19 00:17:52 - be.model.user - INFO - 用户注册成功：test_add_books_seller_id_a1759b2a-bd5b-11ef-a213-02a6845b4b32
2024-12-19 00:17:52 - be.view.auth - INFO - 注册处理结果: 200
2024-12-19 00:17:52 - werkzeug - INFO - 127.0.0.1 - - [19/Dec/2024 00:17:52] "POST /auth/register HTTP/1.1" 200 -
2024-12-19 00:17:52 - be.view.auth - INFO - 收到登录请求: {'user_id': 'test_add_books_seller_id_a1759b2a-bd5b-11ef-a213-02a6845b4b32', 'password': 'test_add_books_seller_id_a1759b2a-bd5b-11ef-a213-02a6845b4b32', 'terminal': 'my terminal'}
2024-12-19 00:17:52 - be.model.user - INFO - 尝试登录用户：test_add_books_seller_id_a1759b2a-bd5b-11ef-a213-02a6845b4b32，终端：my terminal
2024-12-19 00:17:53 - be.model.user - INFO - 为用户 test_add_books_seller_id_a1759b2a-bd5b-11ef-a213-02a6845b4b32 生成新token，终端：my terminal
2024-12-19 00:17:53 - be.model.user - INFO - 用户登录成功：test_add_books_seller_id_a1759b2a-bd5b-11ef-a213-02a6845b4b32
2024-12-19 00:17:53 - be.view.auth - INFO - 登录处理结果: 200
2024-12-19 00:17:53 - werkzeug - INFO - 127.0.0.1 - - [19/Dec/2024 00:17:53] "POST /auth/login HTTP/1.1" 200 -
2024-12-19 00:17:53 - werkzeug - INFO - 127.0.0.1 - - [19/Dec/2024 00:17:53] "POST /seller/create_store HTTP/1.1" 200 -
2024-12-19 00:17:53 - be.view.auth - INFO - 收到注册请求: {'user_id': 'test_add_books_seller_id_a252f25e-bd5b-11ef-a213-02a6845b4b32', 'password': 'test_add_books_seller_id_a252f25e-bd5b-11ef-a213-02a6845b4b32'}
2024-12-19 00:17:53 - be.model.user - INFO - 尝试注册新用户：test_add_books_seller_id_a252f25e-bd5b-11ef-a213-02a6845b4b32
2024-12-19 00:17:53 - be.model.user - INFO - 加密密码...
2024-12-19 00:17:53 - be.model.user - INFO - 创建新用户...
2024-12-19 00:17:53 - be.model.user - INFO - 添加用户到数据库...
2024-12-19 00:17:54 - be.model.user - INFO - 用户注册成功：test_add_books_seller_id_a252f25e-bd5b-11ef-a213-02a6845b4b32
2024-12-19 00:17:54 - be.view.auth - INFO - 注册处理结果: 200
2024-12-19 00:17:54 - werkzeug - INFO - 127.0.0.1 - - [19/Dec/2024 00:17:54] "POST /auth/register HTTP/1.1" 200 -
2024-12-19 00:17:54 - be.view.auth - INFO - 收到登录请求: {'user_id': 'test_add_books_seller_id_a252f25e-bd5b-11ef-a213-02a6845b4b32', 'password': 'test_add_books_seller_id_a252f25e-bd5b-11ef-a213-02a6845b4b32', 'terminal': 'my terminal'}
2024-12-19 00:17:54 - be.model.user - INFO - 尝试登录用户：test_add_books_seller_id_a252f25e-bd5b-11ef-a213-02a6845b4b32，终端：my terminal
2024-12-19 00:17:54 - be.model.user - INFO - 为用户 test_add_books_seller_id_a252f25e-bd5b-11ef-a213-02a6845b4b32 生成新token，终端：my terminal
2024-12-19 00:17:54 - be.model.user - INFO - 用户登录成功：test_add_books_seller_id_a252f25e-bd5b-11ef-a213-02a6845b4b32
2024-12-19 00:17:54 - be.view.auth - INFO - 登录处理结果: 200
2024-12-19 00:17:54 - werkzeug - INFO - 127.0.0.1 - - [19/Dec/2024 00:17:54] "POST /auth/login HTTP/1.1" 200 -
2024-12-19 00:17:54 - werkzeug - INFO - 127.0.0.1 - - [19/Dec/2024 00:17:54] "POST /seller/create_store HTTP/1.1" 200 -
2024-12-19 00:17:54 - be.view.auth - INFO - 收到注册请求: {'user_id': 'test_add_book_stock_level1_user_a31ff61e-bd5b-11ef-a213-02a6845b4b32', 'password': 'test_add_book_stock_level1_user_a31ff61e-bd5b-11ef-a213-02a6845b4b32'}
2024-12-19 00:17:54 - be.model.user - INFO - 尝试注册新用户：test_add_book_stock_level1_user_a31ff61e-bd5b-11ef-a213-02a6845b4b32
2024-12-19 00:17:55 - be.model.user - INFO - 加密密码...
2024-12-19 00:17:55 - be.model.user - INFO - 创建新用户...
2024-12-19 00:17:55 - be.model.user - INFO - 添加用户到数据库...
2024-12-19 00:17:55 - be.model.user - INFO - 用户注册成功：test_add_book_stock_level1_user_a31ff61e-bd5b-11ef-a213-02a6845b4b32
2024-12-19 00:17:55 - be.view.auth - INFO - 注册处理结果: 200
2024-12-19 00:17:55 - werkzeug - INFO - 127.0.0.1 - - [19/Dec/2024 00:17:55] "POST /auth/register HTTP/1.1" 200 -
2024-12-19 00:17:55 - be.view.auth - INFO - 收到登录请求: {'user_id': 'test_add_book_stock_level1_user_a31ff61e-bd5b-11ef-a213-02a6845b4b32', 'password': 'test_add_book_stock_level1_user_a31ff61e-bd5b-11ef-a213-02a6845b4b32', 'terminal': 'my terminal'}
2024-12-19 00:17:55 - be.model.user - INFO - 尝试登录用户：test_add_book_stock_level1_user_a31ff61e-bd5b-11ef-a213-02a6845b4b32，终端：my terminal
2024-12-19 00:17:55 - be.model.user - INFO - 为用户 test_add_book_stock_level1_user_a31ff61e-bd5b-11ef-a213-02a6845b4b32 生成新token，终端：my terminal
2024-12-19 00:17:55 - be.model.user - INFO - 用户登录成功：test_add_book_stock_level1_user_a31ff61e-bd5b-11ef-a213-02a6845b4b32
2024-12-19 00:17:55 - be.view.auth - INFO - 登录处理结果: 200
2024-12-19 00:17:55 - werkzeug - INFO - 127.0.0.1 - - [19/Dec/2024 00:17:55] "POST /auth/login HTTP/1.1" 200 -
2024-12-19 00:17:56 - werkzeug - INFO - 127.0.0.1 - - [19/Dec/2024 00:17:56] "POST /seller/create_store HTTP/1.1" 200 -
2024-12-19 00:17:56 - be.view.auth - INFO - 收到注册请求: {'user_id': 'test_add_book_stock_level1_user_a3e84182-bd5b-11ef-a213-02a6845b4b32', 'password': 'test_add_book_stock_level1_user_a3e84182-bd5b-11ef-a213-02a6845b4b32'}
2024-12-19 00:17:56 - be.model.user - INFO - 尝试注册新用户：test_add_book_stock_level1_user_a3e84182-bd5b-11ef-a213-02a6845b4b32
2024-12-19 00:17:56 - be.model.user - INFO - 加密密码...
2024-12-19 00:17:56 - be.model.user - INFO - 创建新用户...
2024-12-19 00:17:56 - be.model.user - INFO - 添加用户到数据库...
2024-12-19 00:17:56 - be.model.user - INFO - 用户注册成功：test_add_book_stock_level1_user_a3e84182-bd5b-11ef-a213-02a6845b4b32
2024-12-19 00:17:56 - be.view.auth - INFO - 注册处理结果: 200
2024-12-19 00:17:56 - werkzeug - INFO - 127.0.0.1 - - [19/Dec/2024 00:17:56] "POST /auth/register HTTP/1.1" 200 -
2024-12-19 00:17:56 - be.view.auth - INFO - 收到登录请求: {'user_id': 'test_add_book_stock_level1_user_a3e84182-bd5b-11ef-a213-02a6845b4b32', 'password': 'test_add_book_stock_level1_user_a3e84182-bd5b-11ef-a213-02a6845b4b32', 'terminal': 'my terminal'}
2024-12-19 00:17:56 - be.model.user - INFO - 尝试登录用户：test_add_book_stock_level1_user_a3e84182-bd5b-11ef-a213-02a6845b4b32，终端：my terminal
2024-12-19 00:17:57 - be.model.user - INFO - 为用户 test_add_book_stock_level1_user_a3e84182-bd5b-11ef-a213-02a6845b4b32 生成新token，终端：my terminal
2024-12-19 00:17:57 - be.model.user - INFO - 用户登录成功：test_add_book_stock_level1_user_a3e84182-bd5b-11ef-a213-02a6845b4b32
2024-12-19 00:17:57 - be.view.auth - INFO - 登录处理结果: 200
2024-12-19 00:17:57 - werkzeug - INFO - 127.0.0.1 - - [19/Dec/2024 00:17:57] "POST /auth/login HTTP/1.1" 200 -
2024-12-19 00:17:57 - werkzeug - INFO - 127.0.0.1 - - [19/Dec/2024 00:17:57] "POST /seller/create_store HTTP/1.1" 200 -
2024-12-19 00:17:57 - be.view.auth - INFO - 收到注册请求: {'user_id': 'test_add_book_stock_level1_user_a4a4ec4c-bd5b-11ef-a213-02a6845b4b32', 'password': 'test_add_book_stock_level1_user_a4a4ec4c-bd5b-11ef-a213-02a6845b4b32'}
2024-12-19 00:17:57 - be.model.user - INFO - 尝试注册新用户：test_add_book_stock_level1_user_a4a4ec4c-bd5b-11ef-a213-02a6845b4b32
2024-12-19 00:17:57 - be.model.user - INFO - 加密密码...
2024-12-19 00:17:57 - be.model.user - INFO - 创建新用户...
2024-12-19 00:17:57 - be.model.user - INFO - 添加用户到数据库...
2024-12-19 00:17:57 - be.model.user - INFO - 用户注册成功：test_add_book_stock_level1_user_a4a4ec4c-bd5b-11ef-a213-02a6845b4b32
2024-12-19 00:17:57 - be.view.auth - INFO - 注册处理结果: 200
2024-12-19 00:17:57 - werkzeug - INFO - 127.0.0.1 - - [19/Dec/2024 00:17:57] "POST /auth/register HTTP/1.1" 200 -
2024-12-19 00:17:57 - be.view.auth - INFO - 收到登录请求: {'user_id': 'test_add_book_stock_level1_user_a4a4ec4c-bd5b-11ef-a213-02a6845b4b32', 'password': 'test_add_book_stock_level1_user_a4a4ec4c-bd5b-11ef-a213-02a6845b4b32', 'terminal': 'my terminal'}
2024-12-19 00:17:57 - be.model.user - INFO - 尝试登录用户：test_add_book_stock_level1_user_a4a4ec4c-bd5b-11ef-a213-02a6845b4b32，终端：my terminal
2024-12-19 00:17:58 - be.model.user - INFO - 为用户 test_add_book_stock_level1_user_a4a4ec4c-bd5b-11ef-a213-02a6845b4b32 生成新token，终端：my terminal
2024-12-19 00:17:58 - be.model.user - INFO - 用户登录成功：test_add_book_stock_level1_user_a4a4ec4c-bd5b-11ef-a213-02a6845b4b32
2024-12-19 00:17:58 - be.view.auth - INFO - 登录处理结果: 200
2024-12-19 00:17:58 - werkzeug - INFO - 127.0.0.1 - - [19/Dec/2024 00:17:58] "POST /auth/login HTTP/1.1" 200 -
2024-12-19 00:17:58 - werkzeug - INFO - 127.0.0.1 - - [19/Dec/2024 00:17:58] "POST /seller/create_store HTTP/1.1" 200 -
2024-12-19 00:17:58 - be.view.auth - INFO - 收到注册请求: {'user_id': 'test_add_book_stock_level1_user_a54a7216-bd5b-11ef-a213-02a6845b4b32', 'password': 'test_add_book_stock_level1_user_a54a7216-bd5b-11ef-a213-02a6845b4b32'}
2024-12-19 00:17:58 - be.model.user - INFO - 尝试注册新用户：test_add_book_stock_level1_user_a54a7216-bd5b-11ef-a213-02a6845b4b32
2024-12-19 00:17:58 - be.model.user - INFO - 加密密码...
2024-12-19 00:17:58 - be.model.user - INFO - 创建新用户...
2024-12-19 00:17:58 - be.model.user - INFO - 添加用户到数据库...
2024-12-19 00:17:59 - be.model.user - INFO - 用户注册成功：test_add_book_stock_level1_user_a54a7216-bd5b-11ef-a213-02a6845b4b32
2024-12-19 00:17:59 - be.view.auth - INFO - 注册处理结果: 200
2024-12-19 00:17:59 - werkzeug - INFO - 127.0.0.1 - - [19/Dec/2024 00:17:59] "POST /auth/register HTTP/1.1" 200 -
2024-12-19 00:17:59 - be.view.auth - INFO - 收到登录请求: {'user_id': 'test_add_book_stock_level1_user_a54a7216-bd5b-11ef-a213-02a6845b4b32', 'password': 'test_add_book_stock_level1_user_a54a7216-bd5b-11ef-a213-02a6845b4b32', 'terminal': 'my terminal'}
2024-12-19 00:17:59 - be.model.user - INFO - 尝试登录用户：test_add_book_stock_level1_user_a54a7216-bd5b-11ef-a213-02a6845b4b32，终端：my terminal
2024-12-19 00:17:59 - be.model.user - INFO - 为用户 test_add_book_stock_level1_user_a54a7216-bd5b-11ef-a213-02a6845b4b32 生成新token，终端：my terminal
2024-12-19 00:17:59 - be.model.user - INFO - 用户登录成功：test_add_book_stock_level1_user_a54a7216-bd5b-11ef-a213-02a6845b4b32
2024-12-19 00:17:59 - be.view.auth - INFO - 登录处理结果: 200
2024-12-19 00:17:59 - werkzeug - INFO - 127.0.0.1 - - [19/Dec/2024 00:17:59] "POST /auth/login HTTP/1.1" 200 -
2024-12-19 00:17:59 - werkzeug - INFO - 127.0.0.1 - - [19/Dec/2024 00:17:59] "POST /seller/create_store HTTP/1.1" 200 -
2024-12-19 00:17:59 - be.view.auth - INFO - 收到注册请求: {'user_id': 'test_new_order_buyer_id_a60cba24-bd5b-11ef-a213-02a6845b4b32', 'password': 'test_new_order_seller_id_a60cb8c6-bd5b-11ef-a213-02a6845b4b32'}
2024-12-19 00:17:59 - be.model.user - INFO - 尝试注册新用户：test_new_order_buyer_id_a60cba24-bd5b-11ef-a213-02a6845b4b32
2024-12-19 00:17:59 - be.model.user - INFO - 加密密码...
2024-12-19 00:17:59 - be.model.user - INFO - 创建新用户...
2024-12-19 00:17:59 - be.model.user - INFO - 添加用户到数据库...
2024-12-19 00:18:00 - be.model.user - INFO - 用户注册成功：test_new_order_buyer_id_a60cba24-bd5b-11ef-a213-02a6845b4b32
2024-12-19 00:18:00 - be.view.auth - INFO - 注册处理结果: 200
2024-12-19 00:18:00 - werkzeug - INFO - 127.0.0.1 - - [19/Dec/2024 00:18:00] "POST /auth/register HTTP/1.1" 200 -
2024-12-19 00:18:00 - be.view.auth - INFO - 收到登录请求: {'user_id': 'test_new_order_buyer_id_a60cba24-bd5b-11ef-a213-02a6845b4b32', 'password': 'test_new_order_seller_id_a60cb8c6-bd5b-11ef-a213-02a6845b4b32', 'terminal': 'my terminal'}
2024-12-19 00:18:00 - be.model.user - INFO - 尝试登录用户：test_new_order_buyer_id_a60cba24-bd5b-11ef-a213-02a6845b4b32，终端：my terminal
2024-12-19 00:18:00 - be.model.user - INFO - 为用户 test_new_order_buyer_id_a60cba24-bd5b-11ef-a213-02a6845b4b32 生成新token，终端：my terminal
2024-12-19 00:18:00 - be.model.user - INFO - 用户登录成功：test_new_order_buyer_id_a60cba24-bd5b-11ef-a213-02a6845b4b32
2024-12-19 00:18:00 - be.view.auth - INFO - 登录处理结果: 200
2024-12-19 00:18:00 - werkzeug - INFO - 127.0.0.1 - - [19/Dec/2024 00:18:00] "POST /auth/login HTTP/1.1" 200 -
2024-12-19 00:18:00 - be.view.auth - INFO - 收到注册请求: {'user_id': 'test_new_order_seller_id_a60cb8c6-bd5b-11ef-a213-02a6845b4b32', 'password': 'test_new_order_seller_id_a60cb8c6-bd5b-11ef-a213-02a6845b4b32'}
2024-12-19 00:18:00 - be.model.user - INFO - 尝试注册新用户：test_new_order_seller_id_a60cb8c6-bd5b-11ef-a213-02a6845b4b32
2024-12-19 00:18:01 - be.model.user - INFO - 加密密码...
2024-12-19 00:18:01 - be.model.user - INFO - 创建新用户...
2024-12-19 00:18:01 - be.model.user - INFO - 添加用户到数据库...
2024-12-19 00:18:01 - be.model.user - INFO - 用户注册成功：test_new_order_seller_id_a60cb8c6-bd5b-11ef-a213-02a6845b4b32
2024-12-19 00:18:01 - be.view.auth - INFO - 注册处理结果: 200
2024-12-19 00:18:01 - werkzeug - INFO - 127.0.0.1 - - [19/Dec/2024 00:18:01] "POST /auth/register HTTP/1.1" 200 -
2024-12-19 00:18:01 - be.view.auth - INFO - 收到登录请求: {'user_id': 'test_new_order_seller_id_a60cb8c6-bd5b-11ef-a213-02a6845b4b32', 'password': 'test_new_order_seller_id_a60cb8c6-bd5b-11ef-a213-02a6845b4b32', 'terminal': 'my terminal'}
2024-12-19 00:18:01 - be.model.user - INFO - 尝试登录用户：test_new_order_seller_id_a60cb8c6-bd5b-11ef-a213-02a6845b4b32，终端：my terminal
2024-12-19 00:18:01 - be.model.user - INFO - 为用户 test_new_order_seller_id_a60cb8c6-bd5b-11ef-a213-02a6845b4b32 生成新token，终端：my terminal
2024-12-19 00:18:01 - be.model.user - INFO - 用户登录成功：test_new_order_seller_id_a60cb8c6-bd5b-11ef-a213-02a6845b4b32
2024-12-19 00:18:02 - be.view.auth - INFO - 登录处理结果: 200
2024-12-19 00:18:02 - werkzeug - INFO - 127.0.0.1 - - [19/Dec/2024 00:18:02] "POST /auth/login HTTP/1.1" 200 -
2024-12-19 00:18:02 - werkzeug - INFO - 127.0.0.1 - - [19/Dec/2024 00:18:02] "POST /seller/create_store HTTP/1.1" 200 -
2024-12-19 00:18:02 - be.view.auth - INFO - 收到注册请求: {'user_id': 'test_new_order_buyer_id_a7872272-bd5b-11ef-a213-02a6845b4b32', 'password': 'test_new_order_seller_id_a7872128-bd5b-11ef-a213-02a6845b4b32'}
2024-12-19 00:18:02 - be.model.user - INFO - 尝试注册新用户：test_new_order_buyer_id_a7872272-bd5b-11ef-a213-02a6845b4b32
2024-12-19 00:18:02 - be.model.user - INFO - 加密密码...
2024-12-19 00:18:02 - be.model.user - INFO - 创建新用户...
2024-12-19 00:18:02 - be.model.user - INFO - 添加用户到数据库...
2024-12-19 00:18:02 - be.model.user - INFO - 用户注册成功：test_new_order_buyer_id_a7872272-bd5b-11ef-a213-02a6845b4b32
2024-12-19 00:18:02 - be.view.auth - INFO - 注册处理结果: 200
2024-12-19 00:18:02 - werkzeug - INFO - 127.0.0.1 - - [19/Dec/2024 00:18:02] "POST /auth/register HTTP/1.1" 200 -
2024-12-19 00:18:02 - be.view.auth - INFO - 收到登录请求: {'user_id': 'test_new_order_buyer_id_a7872272-bd5b-11ef-a213-02a6845b4b32', 'password': 'test_new_order_seller_id_a7872128-bd5b-11ef-a213-02a6845b4b32', 'terminal': 'my terminal'}
2024-12-19 00:18:02 - be.model.user - INFO - 尝试登录用户：test_new_order_buyer_id_a7872272-bd5b-11ef-a213-02a6845b4b32，终端：my terminal
2024-12-19 00:18:03 - be.model.user - INFO - 为用户 test_new_order_buyer_id_a7872272-bd5b-11ef-a213-02a6845b4b32 生成新token，终端：my terminal
2024-12-19 00:18:03 - be.model.user - INFO - 用户登录成功：test_new_order_buyer_id_a7872272-bd5b-11ef-a213-02a6845b4b32
2024-12-19 00:18:03 - be.view.auth - INFO - 登录处理结果: 200
2024-12-19 00:18:03 - werkzeug - INFO - 127.0.0.1 - - [19/Dec/2024 00:18:03] "POST /auth/login HTTP/1.1" 200 -
2024-12-19 00:18:03 - be.view.auth - INFO - 收到注册请求: {'user_id': 'test_new_order_seller_id_a7872128-bd5b-11ef-a213-02a6845b4b32', 'password': 'test_new_order_seller_id_a7872128-bd5b-11ef-a213-02a6845b4b32'}
2024-12-19 00:18:03 - be.model.user - INFO - 尝试注册新用户：test_new_order_seller_id_a7872128-bd5b-11ef-a213-02a6845b4b32
2024-12-19 00:18:03 - be.model.user - INFO - 加密密码...
2024-12-19 00:18:03 - be.model.user - INFO - 创建新用户...
2024-12-19 00:18:03 - be.model.user - INFO - 添加用户到数据库...
2024-12-19 00:18:04 - be.model.user - INFO - 用户注册成功：test_new_order_seller_id_a7872128-bd5b-11ef-a213-02a6845b4b32
2024-12-19 00:18:04 - be.view.auth - INFO - 注册处理结果: 200
2024-12-19 00:18:04 - werkzeug - INFO - 127.0.0.1 - - [19/Dec/2024 00:18:04] "POST /auth/register HTTP/1.1" 200 -
2024-12-19 00:18:04 - be.view.auth - INFO - 收到登录请求: {'user_id': 'test_new_order_seller_id_a7872128-bd5b-11ef-a213-02a6845b4b32', 'password': 'test_new_order_seller_id_a7872128-bd5b-11ef-a213-02a6845b4b32', 'terminal': 'my terminal'}
2024-12-19 00:18:04 - be.model.user - INFO - 尝试登录用户：test_new_order_seller_id_a7872128-bd5b-11ef-a213-02a6845b4b32，终端：my terminal
2024-12-19 00:18:04 - be.model.user - INFO - 为用户 test_new_order_seller_id_a7872128-bd5b-11ef-a213-02a6845b4b32 生成新token，终端：my terminal
2024-12-19 00:18:04 - be.model.user - INFO - 用户登录成功：test_new_order_seller_id_a7872128-bd5b-11ef-a213-02a6845b4b32
2024-12-19 00:18:04 - be.view.auth - INFO - 登录处理结果: 200
2024-12-19 00:18:04 - werkzeug - INFO - 127.0.0.1 - - [19/Dec/2024 00:18:04] "POST /auth/login HTTP/1.1" 200 -
2024-12-19 00:18:04 - werkzeug - INFO - 127.0.0.1 - - [19/Dec/2024 00:18:04] "POST /seller/create_store HTTP/1.1" 200 -
2024-12-19 00:18:04 - be.view.auth - INFO - 收到注册请求: {'user_id': 'test_new_order_buyer_id_a919c072-bd5b-11ef-a213-02a6845b4b32', 'password': 'test_new_order_seller_id_a919bf32-bd5b-11ef-a213-02a6845b4b32'}
2024-12-19 00:18:04 - be.model.user - INFO - 尝试注册新用户：test_new_order_buyer_id_a919c072-bd5b-11ef-a213-02a6845b4b32
2024-12-19 00:18:05 - be.model.user - INFO - 加密密码...
2024-12-19 00:18:05 - be.model.user - INFO - 创建新用户...
2024-12-19 00:18:05 - be.model.user - INFO - 添加用户到数据库...
2024-12-19 00:18:05 - be.model.user - INFO - 用户注册成功：test_new_order_buyer_id_a919c072-bd5b-11ef-a213-02a6845b4b32
2024-12-19 00:18:05 - be.view.auth - INFO - 注册处理结果: 200
2024-12-19 00:18:05 - werkzeug - INFO - 127.0.0.1 - - [19/Dec/2024 00:18:05] "POST /auth/register HTTP/1.1" 200 -
2024-12-19 00:18:05 - be.view.auth - INFO - 收到登录请求: {'user_id': 'test_new_order_buyer_id_a919c072-bd5b-11ef-a213-02a6845b4b32', 'password': 'test_new_order_seller_id_a919bf32-bd5b-11ef-a213-02a6845b4b32', 'terminal': 'my terminal'}
2024-12-19 00:18:05 - be.model.user - INFO - 尝试登录用户：test_new_order_buyer_id_a919c072-bd5b-11ef-a213-02a6845b4b32，终端：my terminal
2024-12-19 00:18:05 - be.model.user - INFO - 为用户 test_new_order_buyer_id_a919c072-bd5b-11ef-a213-02a6845b4b32 生成新token，终端：my terminal
2024-12-19 00:18:05 - be.model.user - INFO - 用户登录成功：test_new_order_buyer_id_a919c072-bd5b-11ef-a213-02a6845b4b32
2024-12-19 00:18:05 - be.view.auth - INFO - 登录处理结果: 200
2024-12-19 00:18:05 - werkzeug - INFO - 127.0.0.1 - - [19/Dec/2024 00:18:05] "POST /auth/login HTTP/1.1" 200 -
2024-12-19 00:18:05 - be.view.auth - INFO - 收到注册请求: {'user_id': 'test_new_order_seller_id_a919bf32-bd5b-11ef-a213-02a6845b4b32', 'password': 'test_new_order_seller_id_a919bf32-bd5b-11ef-a213-02a6845b4b32'}
2024-12-19 00:18:05 - be.model.user - INFO - 尝试注册新用户：test_new_order_seller_id_a919bf32-bd5b-11ef-a213-02a6845b4b32
2024-12-19 00:18:06 - be.model.user - INFO - 加密密码...
2024-12-19 00:18:06 - be.model.user - INFO - 创建新用户...
2024-12-19 00:18:06 - be.model.user - INFO - 添加用户到数据库...
2024-12-19 00:18:06 - be.model.user - INFO - 用户注册成功：test_new_order_seller_id_a919bf32-bd5b-11ef-a213-02a6845b4b32
2024-12-19 00:18:06 - be.view.auth - INFO - 注册处理结果: 200
2024-12-19 00:18:06 - werkzeug - INFO - 127.0.0.1 - - [19/Dec/2024 00:18:06] "POST /auth/register HTTP/1.1" 200 -
2024-12-19 00:18:06 - be.view.auth - INFO - 收到登录请求: {'user_id': 'test_new_order_seller_id_a919bf32-bd5b-11ef-a213-02a6845b4b32', 'password': 'test_new_order_seller_id_a919bf32-bd5b-11ef-a213-02a6845b4b32', 'terminal': 'my terminal'}
2024-12-19 00:18:06 - be.model.user - INFO - 尝试登录用户：test_new_order_seller_id_a919bf32-bd5b-11ef-a213-02a6845b4b32，终端：my terminal
2024-12-19 00:18:06 - be.model.user - INFO - 为用户 test_new_order_seller_id_a919bf32-bd5b-11ef-a213-02a6845b4b32 生成新token，终端：my terminal
2024-12-19 00:18:06 - be.model.user - INFO - 用户登录成功：test_new_order_seller_id_a919bf32-bd5b-11ef-a213-02a6845b4b32
2024-12-19 00:18:07 - be.view.auth - INFO - 登录处理结果: 200
2024-12-19 00:18:07 - werkzeug - INFO - 127.0.0.1 - - [19/Dec/2024 00:18:07] "POST /auth/login HTTP/1.1" 200 -
2024-12-19 00:18:07 - werkzeug - INFO - 127.0.0.1 - - [19/Dec/2024 00:18:07] "POST /seller/create_store HTTP/1.1" 200 -
2024-12-19 00:18:07 - be.view.auth - INFO - 收到注册请求: {'user_id': 'test_new_order_buyer_id_aa8bae7a-bd5b-11ef-a213-02a6845b4b32', 'password': 'test_new_order_seller_id_aa8bad3a-bd5b-11ef-a213-02a6845b4b32'}
2024-12-19 00:18:07 - be.model.user - INFO - 尝试注册新用户：test_new_order_buyer_id_aa8bae7a-bd5b-11ef-a213-02a6845b4b32
2024-12-19 00:18:07 - be.model.user - INFO - 加密密码...
2024-12-19 00:18:07 - be.model.user - INFO - 创建新用户...
2024-12-19 00:18:07 - be.model.user - INFO - 添加用户到数据库...
2024-12-19 00:18:07 - be.model.user - INFO - 用户注册成功：test_new_order_buyer_id_aa8bae7a-bd5b-11ef-a213-02a6845b4b32
2024-12-19 00:18:07 - be.view.auth - INFO - 注册处理结果: 200
2024-12-19 00:18:07 - werkzeug - INFO - 127.0.0.1 - - [19/Dec/2024 00:18:07] "POST /auth/register HTTP/1.1" 200 -
2024-12-19 00:18:07 - be.view.auth - INFO - 收到登录请求: {'user_id': 'test_new_order_buyer_id_aa8bae7a-bd5b-11ef-a213-02a6845b4b32', 'password': 'test_new_order_seller_id_aa8bad3a-bd5b-11ef-a213-02a6845b4b32', 'terminal': 'my terminal'}
2024-12-19 00:18:07 - be.model.user - INFO - 尝试登录用户：test_new_order_buyer_id_aa8bae7a-bd5b-11ef-a213-02a6845b4b32，终端：my terminal
2024-12-19 00:18:08 - be.model.user - INFO - 为用户 test_new_order_buyer_id_aa8bae7a-bd5b-11ef-a213-02a6845b4b32 生成新token，终端：my terminal
2024-12-19 00:18:08 - be.model.user - INFO - 用户登录成功：test_new_order_buyer_id_aa8bae7a-bd5b-11ef-a213-02a6845b4b32
2024-12-19 00:18:08 - be.view.auth - INFO - 登录处理结果: 200
2024-12-19 00:18:08 - werkzeug - INFO - 127.0.0.1 - - [19/Dec/2024 00:18:08] "POST /auth/login HTTP/1.1" 200 -
2024-12-19 00:18:08 - be.view.auth - INFO - 收到注册请求: {'user_id': 'test_new_order_seller_id_aa8bad3a-bd5b-11ef-a213-02a6845b4b32', 'password': 'test_new_order_seller_id_aa8bad3a-bd5b-11ef-a213-02a6845b4b32'}
2024-12-19 00:18:08 - be.model.user - INFO - 尝试注册新用户：test_new_order_seller_id_aa8bad3a-bd5b-11ef-a213-02a6845b4b32
2024-12-19 00:18:08 - be.model.user - INFO - 加密密码...
2024-12-19 00:18:08 - be.model.user - INFO - 创建新用户...
2024-12-19 00:18:08 - be.model.user - INFO - 添加用户到数据库...
2024-12-19 00:18:08 - be.model.user - INFO - 用户注册成功：test_new_order_seller_id_aa8bad3a-bd5b-11ef-a213-02a6845b4b32
2024-12-19 00:18:08 - be.view.auth - INFO - 注册处理结果: 200
2024-12-19 00:18:08 - werkzeug - INFO - 127.0.0.1 - - [19/Dec/2024 00:18:08] "POST /auth/register HTTP/1.1" 200 -
2024-12-19 00:18:08 - be.view.auth - INFO - 收到登录请求: {'user_id': 'test_new_order_seller_id_aa8bad3a-bd5b-11ef-a213-02a6845b4b32', 'password': 'test_new_order_seller_id_aa8bad3a-bd5b-11ef-a213-02a6845b4b32', 'terminal': 'my terminal'}
2024-12-19 00:18:08 - be.model.user - INFO - 尝试登录用户：test_new_order_seller_id_aa8bad3a-bd5b-11ef-a213-02a6845b4b32，终端：my terminal
2024-12-19 00:18:09 - be.model.user - INFO - 为用户 test_new_order_seller_id_aa8bad3a-bd5b-11ef-a213-02a6845b4b32 生成新token，终端：my terminal
2024-12-19 00:18:09 - be.model.user - INFO - 用户登录成功：test_new_order_seller_id_aa8bad3a-bd5b-11ef-a213-02a6845b4b32
2024-12-19 00:18:09 - be.view.auth - INFO - 登录处理结果: 200
2024-12-19 00:18:09 - werkzeug - INFO - 127.0.0.1 - - [19/Dec/2024 00:18:09] "POST /auth/login HTTP/1.1" 200 -
2024-12-19 00:18:09 - werkzeug - INFO - 127.0.0.1 - - [19/Dec/2024 00:18:09] "POST /seller/create_store HTTP/1.1" 200 -
2024-12-19 00:18:09 - be.view.auth - INFO - 收到注册请求: {'user_id': 'test_new_order_buyer_id_abf5af0e-bd5b-11ef-a213-02a6845b4b32', 'password': 'test_new_order_seller_id_abf5ae14-bd5b-11ef-a213-02a6845b4b32'}
2024-12-19 00:18:09 - be.model.user - INFO - 尝试注册新用户：test_new_order_buyer_id_abf5af0e-bd5b-11ef-a213-02a6845b4b32
2024-12-19 00:18:09 - be.model.user - INFO - 加密密码...
2024-12-19 00:18:09 - be.model.user - INFO - 创建新用户...
2024-12-19 00:18:09 - be.model.user - INFO - 添加用户到数据库...
2024-12-19 00:18:10 - be.model.user - INFO - 用户注册成功：test_new_order_buyer_id_abf5af0e-bd5b-11ef-a213-02a6845b4b32
2024-12-19 00:18:10 - be.view.auth - INFO - 注册处理结果: 200
2024-12-19 00:18:10 - werkzeug - INFO - 127.0.0.1 - - [19/Dec/2024 00:18:10] "POST /auth/register HTTP/1.1" 200 -
2024-12-19 00:18:10 - be.view.auth - INFO - 收到登录请求: {'user_id': 'test_new_order_buyer_id_abf5af0e-bd5b-11ef-a213-02a6845b4b32', 'password': 'test_new_order_seller_id_abf5ae14-bd5b-11ef-a213-02a6845b4b32', 'terminal': 'my terminal'}
2024-12-19 00:18:10 - be.model.user - INFO - 尝试登录用户：test_new_order_buyer_id_abf5af0e-bd5b-11ef-a213-02a6845b4b32，终端：my terminal
2024-12-19 00:18:10 - be.model.user - INFO - 为用户 test_new_order_buyer_id_abf5af0e-bd5b-11ef-a213-02a6845b4b32 生成新token，终端：my terminal
2024-12-19 00:18:10 - be.model.user - INFO - 用户登录成功：test_new_order_buyer_id_abf5af0e-bd5b-11ef-a213-02a6845b4b32
2024-12-19 00:18:10 - be.view.auth - INFO - 登录处理结果: 200
2024-12-19 00:18:10 - werkzeug - INFO - 127.0.0.1 - - [19/Dec/2024 00:18:10] "POST /auth/login HTTP/1.1" 200 -
2024-12-19 00:18:10 - be.view.auth - INFO - 收到注册请求: {'user_id': 'test_new_order_seller_id_abf5ae14-bd5b-11ef-a213-02a6845b4b32', 'password': 'test_new_order_seller_id_abf5ae14-bd5b-11ef-a213-02a6845b4b32'}
2024-12-19 00:18:10 - be.model.user - INFO - 尝试注册新用户：test_new_order_seller_id_abf5ae14-bd5b-11ef-a213-02a6845b4b32
2024-12-19 00:18:11 - be.model.user - INFO - 加密密码...
2024-12-19 00:18:11 - be.model.user - INFO - 创建新用户...
2024-12-19 00:18:11 - be.model.user - INFO - 添加用户到数据库...
2024-12-19 00:18:11 - be.model.user - INFO - 用户注册成功：test_new_order_seller_id_abf5ae14-bd5b-11ef-a213-02a6845b4b32
2024-12-19 00:18:11 - be.view.auth - INFO - 注册处理结果: 200
2024-12-19 00:18:11 - werkzeug - INFO - 127.0.0.1 - - [19/Dec/2024 00:18:11] "POST /auth/register HTTP/1.1" 200 -
2024-12-19 00:18:11 - be.view.auth - INFO - 收到登录请求: {'user_id': 'test_new_order_seller_id_abf5ae14-bd5b-11ef-a213-02a6845b4b32', 'password': 'test_new_order_seller_id_abf5ae14-bd5b-11ef-a213-02a6845b4b32', 'terminal': 'my terminal'}
2024-12-19 00:18:11 - be.model.user - INFO - 尝试登录用户：test_new_order_seller_id_abf5ae14-bd5b-11ef-a213-02a6845b4b32，终端：my terminal
2024-12-19 00:18:11 - be.model.user - INFO - 为用户 test_new_order_seller_id_abf5ae14-bd5b-11ef-a213-02a6845b4b32 生成新token，终端：my terminal
2024-12-19 00:18:11 - be.model.user - INFO - 用户登录成功：test_new_order_seller_id_abf5ae14-bd5b-11ef-a213-02a6845b4b32
2024-12-19 00:18:12 - be.view.auth - INFO - 登录处理结果: 200
2024-12-19 00:18:12 - werkzeug - INFO - 127.0.0.1 - - [19/Dec/2024 00:18:12] "POST /auth/login HTTP/1.1" 200 -
2024-12-19 00:18:12 - werkzeug - INFO - 127.0.0.1 - - [19/Dec/2024 00:18:12] "POST /seller/create_store HTTP/1.1" 200 -
2024-12-19 00:18:12 - be.view.auth - INFO - 收到注册请求: {'user_id': 'test_payment_seller_id_ad97480e-bd5b-11ef-a213-02a6845b4b32', 'password': 'test_payment_seller_id_ad97480e-bd5b-11ef-a213-02a6845b4b32'}
2024-12-19 00:18:12 - be.model.user - INFO - 尝试注册新用户：test_payment_seller_id_ad97480e-bd5b-11ef-a213-02a6845b4b32
2024-12-19 00:18:12 - be.model.user - INFO - 加密密码...
2024-12-19 00:18:12 - be.model.user - INFO - 创建新用户...
2024-12-19 00:18:12 - be.model.user - INFO - 添加用户到数据库...
2024-12-19 00:18:13 - be.model.user - INFO - 用户注册成功：test_payment_seller_id_ad97480e-bd5b-11ef-a213-02a6845b4b32
2024-12-19 00:18:13 - be.view.auth - INFO - 注册处理结果: 200
2024-12-19 00:18:13 - werkzeug - INFO - 127.0.0.1 - - [19/Dec/2024 00:18:13] "POST /auth/register HTTP/1.1" 200 -
2024-12-19 00:18:13 - be.view.auth - INFO - 收到登录请求: {'user_id': 'test_payment_seller_id_ad97480e-bd5b-11ef-a213-02a6845b4b32', 'password': 'test_payment_seller_id_ad97480e-bd5b-11ef-a213-02a6845b4b32', 'terminal': 'my terminal'}
2024-12-19 00:18:13 - be.model.user - INFO - 尝试登录用户：test_payment_seller_id_ad97480e-bd5b-11ef-a213-02a6845b4b32，终端：my terminal
2024-12-19 00:18:13 - be.model.user - INFO - 为用户 test_payment_seller_id_ad97480e-bd5b-11ef-a213-02a6845b4b32 生成新token，终端：my terminal
2024-12-19 00:18:13 - be.model.user - INFO - 用户登录成功：test_payment_seller_id_ad97480e-bd5b-11ef-a213-02a6845b4b32
2024-12-19 00:18:13 - be.view.auth - INFO - 登录处理结果: 200
2024-12-19 00:18:13 - werkzeug - INFO - 127.0.0.1 - - [19/Dec/2024 00:18:13] "POST /auth/login HTTP/1.1" 200 -
2024-12-19 00:18:13 - werkzeug - INFO - 127.0.0.1 - - [19/Dec/2024 00:18:13] "POST /seller/create_store HTTP/1.1" 200 -
2024-12-19 00:18:13 - be.view.auth - INFO - 收到注册请求: {'user_id': 'test_payment_seller_id_ae5fa498-bd5b-11ef-a213-02a6845b4b32', 'password': 'test_payment_seller_id_ae5fa498-bd5b-11ef-a213-02a6845b4b32'}
2024-12-19 00:18:13 - be.model.user - INFO - 尝试注册新用户：test_payment_seller_id_ae5fa498-bd5b-11ef-a213-02a6845b4b32
2024-12-19 00:18:13 - be.model.user - INFO - 加密密码...
2024-12-19 00:18:13 - be.model.user - INFO - 创建新用户...
2024-12-19 00:18:13 - be.model.user - INFO - 添加用户到数据库...
2024-12-19 00:18:14 - be.model.user - INFO - 用户注册成功：test_payment_seller_id_ae5fa498-bd5b-11ef-a213-02a6845b4b32
2024-12-19 00:18:14 - be.view.auth - INFO - 注册处理结果: 200
2024-12-19 00:18:14 - werkzeug - INFO - 127.0.0.1 - - [19/Dec/2024 00:18:14] "POST /auth/register HTTP/1.1" 200 -
2024-12-19 00:18:14 - be.view.auth - INFO - 收到登录请求: {'user_id': 'test_payment_seller_id_ae5fa498-bd5b-11ef-a213-02a6845b4b32', 'password': 'test_payment_seller_id_ae5fa498-bd5b-11ef-a213-02a6845b4b32', 'terminal': 'my terminal'}
2024-12-19 00:18:14 - be.model.user - INFO - 尝试登录用户：test_payment_seller_id_ae5fa498-bd5b-11ef-a213-02a6845b4b32，终端：my terminal
2024-12-19 00:18:14 - be.model.user - INFO - 为用户 test_payment_seller_id_ae5fa498-bd5b-11ef-a213-02a6845b4b32 生成新token，终端：my terminal
2024-12-19 00:18:14 - be.model.user - INFO - 用户登录成功：test_payment_seller_id_ae5fa498-bd5b-11ef-a213-02a6845b4b32
2024-12-19 00:18:14 - be.view.auth - INFO - 登录处理结果: 200
2024-12-19 00:18:14 - werkzeug - INFO - 127.0.0.1 - - [19/Dec/2024 00:18:14] "POST /auth/login HTTP/1.1" 200 -
2024-12-19 00:18:15 - werkzeug - INFO - 127.0.0.1 - - [19/Dec/2024 00:18:15] "POST /seller/create_store HTTP/1.1" 200 -
2024-12-19 00:18:15 - be.view.auth - INFO - 收到注册请求: {'user_id': 'test_payment_seller_id_af3c281e-bd5b-11ef-a213-02a6845b4b32', 'password': 'test_payment_seller_id_af3c281e-bd5b-11ef-a213-02a6845b4b32'}
2024-12-19 00:18:15 - be.model.user - INFO - 尝试注册新用户：test_payment_seller_id_af3c281e-bd5b-11ef-a213-02a6845b4b32
2024-12-19 00:18:15 - be.model.user - INFO - 加密密码...
2024-12-19 00:18:15 - be.model.user - INFO - 创建新用户...
2024-12-19 00:18:15 - be.model.user - INFO - 添加用户到数据库...
2024-12-19 00:18:15 - be.model.user - INFO - 用户注册成功：test_payment_seller_id_af3c281e-bd5b-11ef-a213-02a6845b4b32
2024-12-19 00:18:15 - be.view.auth - INFO - 注册处理结果: 200
2024-12-19 00:18:15 - werkzeug - INFO - 127.0.0.1 - - [19/Dec/2024 00:18:15] "POST /auth/register HTTP/1.1" 200 -
2024-12-19 00:18:15 - be.view.auth - INFO - 收到登录请求: {'user_id': 'test_payment_seller_id_af3c281e-bd5b-11ef-a213-02a6845b4b32', 'password': 'test_payment_seller_id_af3c281e-bd5b-11ef-a213-02a6845b4b32', 'terminal': 'my terminal'}
2024-12-19 00:18:15 - be.model.user - INFO - 尝试登录用户：test_payment_seller_id_af3c281e-bd5b-11ef-a213-02a6845b4b32，终端：my terminal
2024-12-19 00:18:16 - be.model.user - INFO - 为用户 test_payment_seller_id_af3c281e-bd5b-11ef-a213-02a6845b4b32 生成新token，终端：my terminal
2024-12-19 00:18:16 - be.model.user - INFO - 用户登录成功：test_payment_seller_id_af3c281e-bd5b-11ef-a213-02a6845b4b32
2024-12-19 00:18:16 - be.view.auth - INFO - 登录处理结果: 200
2024-12-19 00:18:16 - werkzeug - INFO - 127.0.0.1 - - [19/Dec/2024 00:18:16] "POST /auth/login HTTP/1.1" 200 -
2024-12-19 00:18:16 - werkzeug - INFO - 127.0.0.1 - - [19/Dec/2024 00:18:16] "POST /seller/create_store HTTP/1.1" 200 -
2024-12-19 00:18:16 - be.view.auth - INFO - 收到注册请求: {'user_id': 'test_payment_seller_id_b00f2bba-bd5b-11ef-a213-02a6845b4b32', 'password': 'test_payment_seller_id_b00f2bba-bd5b-11ef-a213-02a6845b4b32'}
2024-12-19 00:18:16 - be.model.user - INFO - 尝试注册新用户：test_payment_seller_id_b00f2bba-bd5b-11ef-a213-02a6845b4b32
2024-12-19 00:18:16 - be.model.user - INFO - 加密密码...
2024-12-19 00:18:16 - be.model.user - INFO - 创建新用户...
2024-12-19 00:18:16 - be.model.user - INFO - 添加用户到数据库...
2024-12-19 00:18:17 - be.model.user - INFO - 用户注册成功：test_payment_seller_id_b00f2bba-bd5b-11ef-a213-02a6845b4b32
2024-12-19 00:18:17 - be.view.auth - INFO - 注册处理结果: 200
2024-12-19 00:18:17 - werkzeug - INFO - 127.0.0.1 - - [19/Dec/2024 00:18:17] "POST /auth/register HTTP/1.1" 200 -
2024-12-19 00:18:17 - be.view.auth - INFO - 收到登录请求: {'user_id': 'test_payment_seller_id_b00f2bba-bd5b-11ef-a213-02a6845b4b32', 'password': 'test_payment_seller_id_b00f2bba-bd5b-11ef-a213-02a6845b4b32', 'terminal': 'my terminal'}
2024-12-19 00:18:17 - be.model.user - INFO - 尝试登录用户：test_payment_seller_id_b00f2bba-bd5b-11ef-a213-02a6845b4b32，终端：my terminal
2024-12-19 00:18:17 - be.model.user - INFO - 为用户 test_payment_seller_id_b00f2bba-bd5b-11ef-a213-02a6845b4b32 生成新token，终端：my terminal
2024-12-19 00:18:17 - be.model.user - INFO - 用户登录成功：test_payment_seller_id_b00f2bba-bd5b-11ef-a213-02a6845b4b32
2024-12-19 00:18:17 - be.view.auth - INFO - 登录处理结果: 200
2024-12-19 00:18:17 - werkzeug - INFO - 127.0.0.1 - - [19/Dec/2024 00:18:17] "POST /auth/login HTTP/1.1" 200 -
2024-12-19 00:18:17 - werkzeug - INFO - 127.0.0.1 - - [19/Dec/2024 00:18:17] "POST /seller/create_store HTTP/1.1" 200 -
2024-12-19 00:18:17 - be.serve - INFO - 正在关闭服务器...
2024-12-19 00:18:17 - be.serve - ERROR - 关闭服务器失败: Not running with the Werkzeug Server
2024-12-19 08:40:45 - __main__ - INFO - 
{'='*20} 开始运行所有测试 {'='*20}
2024-12-19 08:40:45 - be.model.db_config - INFO - 清理数据库...
2024-12-19 08:40:48 - be.model.db_config - INFO - 数据库清理完成
2024-12-19 08:40:49 - be.model.db_config - INFO - 已创建的表: ['book', 'book_images', 'books', 'order_items', 'orders', 'stores', 'users']
2024-12-19 08:40:52 - be.model.user - INFO - 创建 UserManager 实例
2024-12-19 08:40:52 - be.serve - INFO - 正在启动服务器...
2024-12-19 08:40:52 - be.serve - INFO - 创建Flask应用...
2024-12-19 08:40:52 - be.serve - INFO - 初始化数据库...
2024-12-19 08:40:52 - be.model.db_config - INFO - 清理数据库...
2024-12-19 08:40:55 - be.model.db_config - INFO - 数据库清理完成
2024-12-19 08:40:55 - be.model.db_config - INFO - 已创建的表: ['book', 'book_images', 'books', 'order_items', 'orders', 'stores', 'users']
2024-12-19 08:40:55 - be.model.db_config - INFO - 删除所有表...
2024-12-19 08:40:58 - be.model.db_config - INFO - 数据库初始化完成
2024-12-19 08:40:59 - be.model.db_config - INFO - 已创建的表: ['book', 'book_images', 'books', 'order_items', 'orders', 'stores', 'users']
2024-12-19 08:40:59 - be.serve - INFO - 数据库初始化成功
2024-12-19 08:40:59 - be.serve - INFO - 注册蓝图...
2024-12-19 08:40:59 - be.serve - INFO - 启动服务器...
2024-12-19 08:40:59 - werkzeug - INFO - [31m[1mWARNING: This is a development server. Do not use it in a production deployment. Use a production WSGI server instead.[0m
 * Running on http://127.0.0.1:5555
2024-12-19 08:40:59 - werkzeug - INFO - [33mPress CTRL+C to quit[0m
2024-12-19 08:40:59 - be.view.auth - INFO - 收到注册请求: {'user_id': 'test_register_user_1734568859.3542552', 'password': 'test_register_password_1734568859.354261'}
2024-12-19 08:40:59 - be.model.user - INFO - 尝试注册新用户：test_register_user_1734568859.3542552
2024-12-19 08:40:59 - be.model.user - INFO - 加密密码...
2024-12-19 08:40:59 - be.model.user - INFO - 创建新用户...
2024-12-19 08:40:59 - be.model.user - INFO - 添加用户到数据库...
2024-12-19 08:40:59 - be.model.user - INFO - 用户注册成功：test_register_user_1734568859.3542552
2024-12-19 08:40:59 - be.view.auth - INFO - 注册处理结果: 200
2024-12-19 08:40:59 - werkzeug - INFO - 127.0.0.1 - - [19/Dec/2024 08:40:59] "POST /auth/register HTTP/1.1" 200 -
2024-12-19 08:40:59 - be.view.auth - INFO - 收到注册请求: {'user_id': 'test_register_user_1734568859.682379', 'password': 'test_register_password_1734568859.6823869'}
2024-12-19 08:40:59 - be.model.user - INFO - 尝试注册新用户：test_register_user_1734568859.682379
2024-12-19 08:40:59 - be.model.user - INFO - 加密密码...
2024-12-19 08:40:59 - be.model.user - INFO - 创建新用户...
2024-12-19 08:40:59 - be.model.user - INFO - 添加用户到数据库...
2024-12-19 08:40:59 - be.model.user - INFO - 用户注册成功：test_register_user_1734568859.682379
2024-12-19 08:40:59 - be.view.auth - INFO - 注册处理结果: 200
2024-12-19 08:40:59 - werkzeug - INFO - 127.0.0.1 - - [19/Dec/2024 08:40:59] "POST /auth/register HTTP/1.1" 200 -
2024-12-19 08:40:59 - be.view.auth - INFO - 收到注销请求: {'user_id': 'test_register_user_1734568859.682379', 'password': 'test_register_password_1734568859.6823869'}
2024-12-19 08:40:59 - be.model.user - INFO - 尝试注销用户：test_register_user_1734568859.682379
2024-12-19 08:41:00 - be.model.user - INFO - 用户注销成功：test_register_user_1734568859.682379
2024-12-19 08:41:00 - be.view.auth - INFO - 注销处理结果: 200
2024-12-19 08:41:00 - werkzeug - INFO - 127.0.0.1 - - [19/Dec/2024 08:41:00] "POST /auth/unregister HTTP/1.1" 200 -
2024-12-19 08:41:00 - be.view.auth - INFO - 收到注册请求: {'user_id': 'test_register_user_1734568860.475924', 'password': 'test_register_password_1734568860.475931'}
2024-12-19 08:41:00 - be.model.user - INFO - 尝试注册新用户：test_register_user_1734568860.475924
2024-12-19 08:41:00 - be.model.user - INFO - 加密密码...
2024-12-19 08:41:00 - be.model.user - INFO - 创建新用户...
2024-12-19 08:41:00 - be.model.user - INFO - 添加用户到数据库...
2024-12-19 08:41:00 - be.model.user - INFO - 用户注册成功：test_register_user_1734568860.475924
2024-12-19 08:41:00 - be.view.auth - INFO - 注册处理结果: 200
2024-12-19 08:41:00 - werkzeug - INFO - 127.0.0.1 - - [19/Dec/2024 08:41:00] "POST /auth/register HTTP/1.1" 200 -
2024-12-19 08:41:00 - be.view.auth - INFO - 收到注销请求: {'user_id': 'test_register_user_1734568860.475924_x', 'password': 'test_register_password_1734568860.475931'}
2024-12-19 08:41:00 - be.model.user - INFO - 尝试注销用户：test_register_user_1734568860.475924_x
2024-12-19 08:41:00 - be.model.user - WARNING - 用户不存在：test_register_user_1734568860.475924_x
2024-12-19 08:41:01 - be.view.auth - INFO - 注销处理结果: 401
2024-12-19 08:41:01 - werkzeug - INFO - 127.0.0.1 - - [19/Dec/2024 08:41:01] "[31m[1mPOST /auth/unregister HTTP/1.1[0m" 401 -
2024-12-19 08:41:01 - be.view.auth - INFO - 收到注销请求: {'user_id': 'test_register_user_1734568860.475924', 'password': 'test_register_password_1734568860.475931_x'}
2024-12-19 08:41:01 - be.model.user - INFO - 尝试注销用户：test_register_user_1734568860.475924
2024-12-19 08:41:01 - be.model.user - WARNING - 密码错误：test_register_user_1734568860.475924
2024-12-19 08:41:01 - be.view.auth - INFO - 注销处理结果: 401
2024-12-19 08:41:01 - werkzeug - INFO - 127.0.0.1 - - [19/Dec/2024 08:41:01] "[31m[1mPOST /auth/unregister HTTP/1.1[0m" 401 -
2024-12-19 08:41:01 - be.view.auth - INFO - 收到注册请求: {'user_id': 'test_register_user_1734568861.264645', 'password': 'test_register_password_1734568861.264653'}
2024-12-19 08:41:01 - be.model.user - INFO - 尝试注册新用户：test_register_user_1734568861.264645
2024-12-19 08:41:01 - be.model.user - INFO - 加密密码...
2024-12-19 08:41:01 - be.model.user - INFO - 创建新用户...
2024-12-19 08:41:01 - be.model.user - INFO - 添加用户到数据库...
2024-12-19 08:41:01 - be.model.user - INFO - 用户注册成功：test_register_user_1734568861.264645
2024-12-19 08:41:01 - be.view.auth - INFO - 注册处理结果: 200
2024-12-19 08:41:01 - werkzeug - INFO - 127.0.0.1 - - [19/Dec/2024 08:41:01] "POST /auth/register HTTP/1.1" 200 -
2024-12-19 08:41:01 - be.view.auth - INFO - 收到注册请求: {'user_id': 'test_register_user_1734568861.264645', 'password': 'test_register_password_1734568861.264653'}
2024-12-19 08:41:01 - be.model.user - INFO - 尝试注册新用户：test_register_user_1734568861.264645
2024-12-19 08:41:01 - be.model.user - WARNING - 用户已存在：test_register_user_1734568861.264645
2024-12-19 08:41:01 - be.view.auth - INFO - 注册处理结果: 401
2024-12-19 08:41:01 - werkzeug - INFO - 127.0.0.1 - - [19/Dec/2024 08:41:01] "[31m[1mPOST /auth/register HTTP/1.1[0m" 401 -
2024-12-19 08:41:01 - be.view.auth - INFO - 收到注册请求: {'user_id': 'test_login_1734568861.829396', 'password': 'password_test_login_1734568861.829396'}
2024-12-19 08:41:01 - be.model.user - INFO - 尝试注册新用户：test_login_1734568861.829396
2024-12-19 08:41:01 - be.model.user - INFO - 加密密码...
2024-12-19 08:41:01 - be.model.user - INFO - 创建新用户...
2024-12-19 08:41:01 - be.model.user - INFO - 添加用户到数据库...
2024-12-19 08:41:02 - be.model.user - INFO - 用户注册成功：test_login_1734568861.829396
2024-12-19 08:41:02 - be.view.auth - INFO - 注册处理结果: 200
2024-12-19 08:41:02 - werkzeug - INFO - 127.0.0.1 - - [19/Dec/2024 08:41:02] "POST /auth/register HTTP/1.1" 200 -
2024-12-19 08:41:02 - be.view.auth - INFO - 收到登录请求: {'user_id': 'test_login_1734568861.829396', 'password': 'password_test_login_1734568861.829396', 'terminal': 'terminal_test_login_1734568861.829396'}
2024-12-19 08:41:02 - be.model.user - INFO - 尝试登录用户：test_login_1734568861.829396，终端：terminal_test_login_1734568861.829396
2024-12-19 08:41:02 - be.model.user - INFO - 为用户 test_login_1734568861.829396 生成新token，终端：terminal_test_login_1734568861.829396
2024-12-19 08:41:02 - be.model.user - INFO - 用户登录成功：test_login_1734568861.829396
2024-12-19 08:41:02 - be.view.auth - INFO - 登录处理结果: 200
2024-12-19 08:41:02 - werkzeug - INFO - 127.0.0.1 - - [19/Dec/2024 08:41:02] "POST /auth/login HTTP/1.1" 200 -
2024-12-19 08:41:02 - be.view.auth - INFO - 收到登出请求: {'user_id': 'test_login_1734568861.829396_x'}
2024-12-19 08:41:02 - be.model.user - INFO - 尝试登出用户：test_login_1734568861.829396_x
2024-12-19 08:41:02 - be.model.user - WARNING - token验证失败：test_login_1734568861.829396_x
2024-12-19 08:41:02 - be.model.user - WARNING - token验证失败：test_login_1734568861.829396_x
2024-12-19 08:41:02 - be.view.auth - INFO - 登出处理结果: 401
2024-12-19 08:41:02 - werkzeug - INFO - 127.0.0.1 - - [19/Dec/2024 08:41:02] "[31m[1mPOST /auth/logout HTTP/1.1[0m" 401 -
2024-12-19 08:41:02 - be.view.auth - INFO - 收到登出请求: {'user_id': 'test_login_1734568861.829396'}
2024-12-19 08:41:02 - be.model.user - INFO - 尝试登出用户：test_login_1734568861.829396
2024-12-19 08:41:02 - be.model.user - WARNING - 无效的token：eyJhbGciOiJIUzI1NiIsInR5cCI6IkpXVCJ9.eyJ1c2VyX2lkIjoidGVzdF9sb2dpbl8xNzM0NTY4ODYxLjgyOTM5NiIsInRlcm1pbmFsIjoidGVybWluYWxfdGVzdF9sb2dpbl8xNzM0NTY4ODYxLjgyOTM5NiIsImV4cCI6MTczNDU3MjQ2Mn0.80z2UVXxYCJWIEcTJUQaXBecXfqF4OMX88Kb_ytU6Sw_x
2024-12-19 08:41:02 - be.model.user - WARNING - token验证失败：test_login_1734568861.829396
2024-12-19 08:41:02 - be.view.auth - INFO - 登出处理结果: 401
2024-12-19 08:41:02 - werkzeug - INFO - 127.0.0.1 - - [19/Dec/2024 08:41:02] "[31m[1mPOST /auth/logout HTTP/1.1[0m" 401 -
2024-12-19 08:41:02 - be.view.auth - INFO - 收到登出请求: {'user_id': 'test_login_1734568861.829396'}
2024-12-19 08:41:02 - be.model.user - INFO - 尝试登出用户：test_login_1734568861.829396
2024-12-19 08:41:02 - be.model.user - INFO - token验证成功：test_login_1734568861.829396
2024-12-19 08:41:02 - be.model.user - INFO - 用户登出成功：test_login_1734568861.829396
2024-12-19 08:41:02 - be.view.auth - INFO - 登出处理结果: 200
2024-12-19 08:41:02 - werkzeug - INFO - 127.0.0.1 - - [19/Dec/2024 08:41:02] "POST /auth/logout HTTP/1.1" 200 -
2024-12-19 08:41:02 - be.view.auth - INFO - 收到注册请求: {'user_id': 'test_login_1734568862.3869498', 'password': 'password_test_login_1734568862.3869498'}
2024-12-19 08:41:02 - be.model.user - INFO - 尝试注册新用户：test_login_1734568862.3869498
2024-12-19 08:41:02 - be.model.user - INFO - 加密密码...
2024-12-19 08:41:02 - be.model.user - INFO - 创建新用户...
2024-12-19 08:41:02 - be.model.user - INFO - 添加用户到数据库...
2024-12-19 08:41:02 - be.model.user - INFO - 用户注册成功：test_login_1734568862.3869498
2024-12-19 08:41:02 - be.view.auth - INFO - 注册处理结果: 200
2024-12-19 08:41:02 - werkzeug - INFO - 127.0.0.1 - - [19/Dec/2024 08:41:02] "POST /auth/register HTTP/1.1" 200 -
2024-12-19 08:41:02 - be.view.auth - INFO - 收到登录请求: {'user_id': 'test_login_1734568862.3869498_x', 'password': 'password_test_login_1734568862.3869498', 'terminal': 'terminal_test_login_1734568862.3869498'}
2024-12-19 08:41:02 - be.model.user - INFO - 尝试登录用户：test_login_1734568862.3869498_x，终端：terminal_test_login_1734568862.3869498
2024-12-19 08:41:02 - be.model.user - WARNING - 用户不存在：test_login_1734568862.3869498_x
2024-12-19 08:41:02 - be.view.auth - INFO - 登录处理结果: 401
2024-12-19 08:41:02 - werkzeug - INFO - 127.0.0.1 - - [19/Dec/2024 08:41:02] "[31m[1mPOST /auth/login HTTP/1.1[0m" 401 -
2024-12-19 08:41:02 - be.view.auth - INFO - 收到注册请求: {'user_id': 'test_login_1734568862.939589', 'password': 'password_test_login_1734568862.939589'}
2024-12-19 08:41:02 - be.model.user - INFO - 尝试注册新用户：test_login_1734568862.939589
2024-12-19 08:41:03 - be.model.user - INFO - 加密密码...
2024-12-19 08:41:03 - be.model.user - INFO - 创建新用户...
2024-12-19 08:41:03 - be.model.user - INFO - 添加用户到数据库...
2024-12-19 08:41:03 - be.model.user - INFO - 用户注册成功：test_login_1734568862.939589
2024-12-19 08:41:03 - be.view.auth - INFO - 注册处理结果: 200
2024-12-19 08:41:03 - werkzeug - INFO - 127.0.0.1 - - [19/Dec/2024 08:41:03] "POST /auth/register HTTP/1.1" 200 -
2024-12-19 08:41:03 - be.view.auth - INFO - 收到登录请求: {'user_id': 'test_login_1734568862.939589', 'password': 'password_test_login_1734568862.939589_x', 'terminal': 'terminal_test_login_1734568862.939589'}
2024-12-19 08:41:03 - be.model.user - INFO - 尝试登录用户：test_login_1734568862.939589，终端：terminal_test_login_1734568862.939589
2024-12-19 08:41:03 - be.model.user - WARNING - 密码错误：test_login_1734568862.939589
2024-12-19 08:41:03 - be.view.auth - INFO - 登录处理结果: 401
2024-12-19 08:41:03 - werkzeug - INFO - 127.0.0.1 - - [19/Dec/2024 08:41:03] "[31m[1mPOST /auth/login HTTP/1.1[0m" 401 -
2024-12-19 08:41:03 - be.view.auth - INFO - 收到注册请求: {'user_id': 'test_password_ecf92b0c-bda1-11ef-8a1b-02a6845b4b32', 'password': 'old_password_test_password_ecf92b0c-bda1-11ef-8a1b-02a6845b4b32'}
2024-12-19 08:41:03 - be.model.user - INFO - 尝试注册新用户：test_password_ecf92b0c-bda1-11ef-8a1b-02a6845b4b32
2024-12-19 08:41:03 - be.model.user - INFO - 加密密码...
2024-12-19 08:41:03 - be.model.user - INFO - 创建新用户...
2024-12-19 08:41:03 - be.model.user - INFO - 添加用户到数据库...
2024-12-19 08:41:03 - be.model.user - INFO - 用户注册成功：test_password_ecf92b0c-bda1-11ef-8a1b-02a6845b4b32
2024-12-19 08:41:03 - be.view.auth - INFO - 注册处理结果: 200
2024-12-19 08:41:03 - werkzeug - INFO - 127.0.0.1 - - [19/Dec/2024 08:41:03] "POST /auth/register HTTP/1.1" 200 -
2024-12-19 08:41:03 - be.view.auth - INFO - 收到修改密码请求: {'user_id': 'test_password_ecf92b0c-bda1-11ef-8a1b-02a6845b4b32', 'oldPassword': 'old_password_test_password_ecf92b0c-bda1-11ef-8a1b-02a6845b4b32', 'newPassword': 'new_password_test_password_ecf92b0c-bda1-11ef-8a1b-02a6845b4b32'}
2024-12-19 08:41:03 - be.model.user - INFO - 尝试修改密码：test_password_ecf92b0c-bda1-11ef-8a1b-02a6845b4b32
2024-12-19 08:41:04 - be.model.user - INFO - 密码修改成功：test_password_ecf92b0c-bda1-11ef-8a1b-02a6845b4b32
2024-12-19 08:41:04 - be.view.auth - INFO - 修改密码处理结果: 200
2024-12-19 08:41:04 - werkzeug - INFO - 127.0.0.1 - - [19/Dec/2024 08:41:04] "POST /auth/password HTTP/1.1" 200 -
2024-12-19 08:41:04 - be.view.auth - INFO - 收到登录请求: {'user_id': 'test_password_ecf92b0c-bda1-11ef-8a1b-02a6845b4b32', 'password': 'old_password_test_password_ecf92b0c-bda1-11ef-8a1b-02a6845b4b32', 'terminal': 'terminal_test_password_ecf92b0c-bda1-11ef-8a1b-02a6845b4b32'}
2024-12-19 08:41:04 - be.model.user - INFO - 尝试登录用户：test_password_ecf92b0c-bda1-11ef-8a1b-02a6845b4b32，终端：terminal_test_password_ecf92b0c-bda1-11ef-8a1b-02a6845b4b32
2024-12-19 08:41:04 - be.model.user - WARNING - 密码错误：test_password_ecf92b0c-bda1-11ef-8a1b-02a6845b4b32
2024-12-19 08:41:04 - be.view.auth - INFO - 登录处理结果: 401
2024-12-19 08:41:04 - werkzeug - INFO - 127.0.0.1 - - [19/Dec/2024 08:41:04] "[31m[1mPOST /auth/login HTTP/1.1[0m" 401 -
2024-12-19 08:41:04 - be.view.auth - INFO - 收到登录请求: {'user_id': 'test_password_ecf92b0c-bda1-11ef-8a1b-02a6845b4b32', 'password': 'new_password_test_password_ecf92b0c-bda1-11ef-8a1b-02a6845b4b32', 'terminal': 'terminal_test_password_ecf92b0c-bda1-11ef-8a1b-02a6845b4b32'}
2024-12-19 08:41:04 - be.model.user - INFO - 尝试登录用户：test_password_ecf92b0c-bda1-11ef-8a1b-02a6845b4b32，终端：terminal_test_password_ecf92b0c-bda1-11ef-8a1b-02a6845b4b32
2024-12-19 08:41:04 - be.model.user - INFO - 为用户 test_password_ecf92b0c-bda1-11ef-8a1b-02a6845b4b32 生成新token，终端：terminal_test_password_ecf92b0c-bda1-11ef-8a1b-02a6845b4b32
2024-12-19 08:41:04 - be.model.user - INFO - 用户登录成功：test_password_ecf92b0c-bda1-11ef-8a1b-02a6845b4b32
2024-12-19 08:41:04 - be.view.auth - INFO - 登录处理结果: 200
2024-12-19 08:41:04 - werkzeug - INFO - 127.0.0.1 - - [19/Dec/2024 08:41:04] "POST /auth/login HTTP/1.1" 200 -
2024-12-19 08:41:04 - be.view.auth - INFO - 收到登出请求: {'user_id': 'test_password_ecf92b0c-bda1-11ef-8a1b-02a6845b4b32'}
2024-12-19 08:41:04 - be.model.user - INFO - 尝试登出用户：test_password_ecf92b0c-bda1-11ef-8a1b-02a6845b4b32
2024-12-19 08:41:04 - be.model.user - INFO - token验证成功：test_password_ecf92b0c-bda1-11ef-8a1b-02a6845b4b32
2024-12-19 08:41:04 - be.model.user - INFO - 用户登出成功：test_password_ecf92b0c-bda1-11ef-8a1b-02a6845b4b32
2024-12-19 08:41:04 - be.view.auth - INFO - 登出处理结果: 200
2024-12-19 08:41:04 - werkzeug - INFO - 127.0.0.1 - - [19/Dec/2024 08:41:04] "POST /auth/logout HTTP/1.1" 200 -
2024-12-19 08:41:04 - be.view.auth - INFO - 收到注册请求: {'user_id': 'test_password_eda214ec-bda1-11ef-8a1b-02a6845b4b32', 'password': 'old_password_test_password_eda214ec-bda1-11ef-8a1b-02a6845b4b32'}
2024-12-19 08:41:04 - be.model.user - INFO - 尝试注册新用户：test_password_eda214ec-bda1-11ef-8a1b-02a6845b4b32
2024-12-19 08:41:04 - be.model.user - INFO - 加密密码...
2024-12-19 08:41:04 - be.model.user - INFO - 创建新用户...
2024-12-19 08:41:04 - be.model.user - INFO - 添加用户到数据库...
2024-12-19 08:41:04 - be.model.user - INFO - 用户注册成功：test_password_eda214ec-bda1-11ef-8a1b-02a6845b4b32
2024-12-19 08:41:04 - be.view.auth - INFO - 注册处理结果: 200
2024-12-19 08:41:04 - werkzeug - INFO - 127.0.0.1 - - [19/Dec/2024 08:41:04] "POST /auth/register HTTP/1.1" 200 -
2024-12-19 08:41:04 - be.view.auth - INFO - 收到修改密码请求: {'user_id': 'test_password_eda214ec-bda1-11ef-8a1b-02a6845b4b32', 'oldPassword': 'old_password_test_password_eda214ec-bda1-11ef-8a1b-02a6845b4b32_x', 'newPassword': 'new_password_test_password_eda214ec-bda1-11ef-8a1b-02a6845b4b32'}
2024-12-19 08:41:04 - be.model.user - INFO - 尝试修改密码：test_password_eda214ec-bda1-11ef-8a1b-02a6845b4b32
2024-12-19 08:41:05 - be.model.user - WARNING - 旧密码错误：test_password_eda214ec-bda1-11ef-8a1b-02a6845b4b32
2024-12-19 08:41:05 - be.view.auth - INFO - 修改密码处理结果: 401
2024-12-19 08:41:05 - werkzeug - INFO - 127.0.0.1 - - [19/Dec/2024 08:41:05] "[31m[1mPOST /auth/password HTTP/1.1[0m" 401 -
2024-12-19 08:41:05 - be.view.auth - INFO - 收到登录请求: {'user_id': 'test_password_eda214ec-bda1-11ef-8a1b-02a6845b4b32', 'password': 'new_password_test_password_eda214ec-bda1-11ef-8a1b-02a6845b4b32', 'terminal': 'terminal_test_password_eda214ec-bda1-11ef-8a1b-02a6845b4b32'}
2024-12-19 08:41:05 - be.model.user - INFO - 尝试登录用户：test_password_eda214ec-bda1-11ef-8a1b-02a6845b4b32，终端：terminal_test_password_eda214ec-bda1-11ef-8a1b-02a6845b4b32
2024-12-19 08:41:05 - be.model.user - WARNING - 密码错误：test_password_eda214ec-bda1-11ef-8a1b-02a6845b4b32
2024-12-19 08:41:05 - be.view.auth - INFO - 登录处理结果: 401
2024-12-19 08:41:05 - werkzeug - INFO - 127.0.0.1 - - [19/Dec/2024 08:41:05] "[31m[1mPOST /auth/login HTTP/1.1[0m" 401 -
2024-12-19 08:41:05 - be.view.auth - INFO - 收到注册请求: {'user_id': 'test_password_ee196c68-bda1-11ef-8a1b-02a6845b4b32', 'password': 'old_password_test_password_ee196c68-bda1-11ef-8a1b-02a6845b4b32'}
2024-12-19 08:41:05 - be.model.user - INFO - 尝试注册新用户：test_password_ee196c68-bda1-11ef-8a1b-02a6845b4b32
2024-12-19 08:41:05 - be.model.user - INFO - 加密密码...
2024-12-19 08:41:05 - be.model.user - INFO - 创建新用户...
2024-12-19 08:41:05 - be.model.user - INFO - 添加用户到数据库...
2024-12-19 08:41:05 - be.model.user - INFO - 用户注册成功：test_password_ee196c68-bda1-11ef-8a1b-02a6845b4b32
2024-12-19 08:41:05 - be.view.auth - INFO - 注册处理结果: 200
2024-12-19 08:41:05 - werkzeug - INFO - 127.0.0.1 - - [19/Dec/2024 08:41:05] "POST /auth/register HTTP/1.1" 200 -
2024-12-19 08:41:05 - be.view.auth - INFO - 收到修改密码请求: {'user_id': 'test_password_ee196c68-bda1-11ef-8a1b-02a6845b4b32_x', 'oldPassword': 'old_password_test_password_ee196c68-bda1-11ef-8a1b-02a6845b4b32', 'newPassword': 'new_password_test_password_ee196c68-bda1-11ef-8a1b-02a6845b4b32'}
2024-12-19 08:41:05 - be.model.user - INFO - 尝试修改密码：test_password_ee196c68-bda1-11ef-8a1b-02a6845b4b32_x
2024-12-19 08:41:05 - be.model.user - WARNING - 用户不存在：test_password_ee196c68-bda1-11ef-8a1b-02a6845b4b32_x
2024-12-19 08:41:05 - be.view.auth - INFO - 修改密码处理结果: 401
2024-12-19 08:41:05 - werkzeug - INFO - 127.0.0.1 - - [19/Dec/2024 08:41:05] "[31m[1mPOST /auth/password HTTP/1.1[0m" 401 -
2024-12-19 08:41:05 - be.view.auth - INFO - 收到登录请求: {'user_id': 'test_password_ee196c68-bda1-11ef-8a1b-02a6845b4b32', 'password': 'new_password_test_password_ee196c68-bda1-11ef-8a1b-02a6845b4b32', 'terminal': 'terminal_test_password_ee196c68-bda1-11ef-8a1b-02a6845b4b32'}
2024-12-19 08:41:05 - be.model.user - INFO - 尝试登录用户：test_password_ee196c68-bda1-11ef-8a1b-02a6845b4b32，终端：terminal_test_password_ee196c68-bda1-11ef-8a1b-02a6845b4b32
2024-12-19 08:41:06 - be.model.user - WARNING - 密码错误：test_password_ee196c68-bda1-11ef-8a1b-02a6845b4b32
2024-12-19 08:41:06 - be.view.auth - INFO - 登录处理结果: 401
2024-12-19 08:41:06 - werkzeug - INFO - 127.0.0.1 - - [19/Dec/2024 08:41:06] "[31m[1mPOST /auth/login HTTP/1.1[0m" 401 -
2024-12-19 08:41:06 - be.view.auth - INFO - 收到注册请求: {'user_id': 'test_add_funds_ee90a4f4-bda1-11ef-8a1b-02a6845b4b32', 'password': 'test_add_funds_ee90a4f4-bda1-11ef-8a1b-02a6845b4b32'}
2024-12-19 08:41:06 - be.model.user - INFO - 尝试注册新用户：test_add_funds_ee90a4f4-bda1-11ef-8a1b-02a6845b4b32
2024-12-19 08:41:06 - be.model.user - INFO - 加密密码...
2024-12-19 08:41:06 - be.model.user - INFO - 创建新用户...
2024-12-19 08:41:06 - be.model.user - INFO - 添加用户到数据库...
2024-12-19 08:41:06 - be.model.user - INFO - 用户注册成功：test_add_funds_ee90a4f4-bda1-11ef-8a1b-02a6845b4b32
2024-12-19 08:41:06 - be.view.auth - INFO - 注册处理结果: 200
2024-12-19 08:41:06 - werkzeug - INFO - 127.0.0.1 - - [19/Dec/2024 08:41:06] "POST /auth/register HTTP/1.1" 200 -
2024-12-19 08:41:06 - be.view.auth - INFO - 收到登录请求: {'user_id': 'test_add_funds_ee90a4f4-bda1-11ef-8a1b-02a6845b4b32', 'password': 'test_add_funds_ee90a4f4-bda1-11ef-8a1b-02a6845b4b32', 'terminal': 'my terminal'}
2024-12-19 08:41:06 - be.model.user - INFO - 尝试登录用户：test_add_funds_ee90a4f4-bda1-11ef-8a1b-02a6845b4b32，终端：my terminal
2024-12-19 08:41:06 - be.model.user - INFO - 为用户 test_add_funds_ee90a4f4-bda1-11ef-8a1b-02a6845b4b32 生成新token，终端：my terminal
2024-12-19 08:41:06 - be.model.user - INFO - 用户登录成功：test_add_funds_ee90a4f4-bda1-11ef-8a1b-02a6845b4b32
2024-12-19 08:41:06 - be.view.auth - INFO - 登录处理结果: 200
2024-12-19 08:41:06 - werkzeug - INFO - 127.0.0.1 - - [19/Dec/2024 08:41:06] "POST /auth/login HTTP/1.1" 200 -
2024-12-19 08:41:06 - werkzeug - INFO - 127.0.0.1 - - [19/Dec/2024 08:41:06] "POST /buyer/add_funds HTTP/1.1" 200 -
2024-12-19 08:41:07 - werkzeug - INFO - 127.0.0.1 - - [19/Dec/2024 08:41:07] "POST /buyer/add_funds HTTP/1.1" 200 -
2024-12-19 08:41:07 - be.view.auth - INFO - 收到注册请求: {'user_id': 'test_add_funds_ef2ed6ec-bda1-11ef-8a1b-02a6845b4b32', 'password': 'test_add_funds_ef2ed6ec-bda1-11ef-8a1b-02a6845b4b32'}
2024-12-19 08:41:07 - be.model.user - INFO - 尝试注册新用户：test_add_funds_ef2ed6ec-bda1-11ef-8a1b-02a6845b4b32
2024-12-19 08:41:07 - be.model.user - INFO - 加密密码...
2024-12-19 08:41:07 - be.model.user - INFO - 创建新用户...
2024-12-19 08:41:07 - be.model.user - INFO - 添加用户到数据库...
2024-12-19 08:41:07 - be.model.user - INFO - 用户注册成功：test_add_funds_ef2ed6ec-bda1-11ef-8a1b-02a6845b4b32
2024-12-19 08:41:07 - be.view.auth - INFO - 注册处理结果: 200
2024-12-19 08:41:07 - werkzeug - INFO - 127.0.0.1 - - [19/Dec/2024 08:41:07] "POST /auth/register HTTP/1.1" 200 -
2024-12-19 08:41:07 - be.view.auth - INFO - 收到登录请求: {'user_id': 'test_add_funds_ef2ed6ec-bda1-11ef-8a1b-02a6845b4b32', 'password': 'test_add_funds_ef2ed6ec-bda1-11ef-8a1b-02a6845b4b32', 'terminal': 'my terminal'}
2024-12-19 08:41:07 - be.model.user - INFO - 尝试登录用户：test_add_funds_ef2ed6ec-bda1-11ef-8a1b-02a6845b4b32，终端：my terminal
2024-12-19 08:41:07 - be.model.user - INFO - 为用户 test_add_funds_ef2ed6ec-bda1-11ef-8a1b-02a6845b4b32 生成新token，终端：my terminal
2024-12-19 08:41:07 - be.model.user - INFO - 用户登录成功：test_add_funds_ef2ed6ec-bda1-11ef-8a1b-02a6845b4b32
2024-12-19 08:41:07 - be.view.auth - INFO - 登录处理结果: 200
2024-12-19 08:41:07 - werkzeug - INFO - 127.0.0.1 - - [19/Dec/2024 08:41:07] "POST /auth/login HTTP/1.1" 200 -
2024-12-19 08:41:07 - werkzeug - INFO - 127.0.0.1 - - [19/Dec/2024 08:41:07] "[31m[1mPOST /buyer/add_funds HTTP/1.1[0m" 401 -
2024-12-19 08:41:07 - be.view.auth - INFO - 收到注册请求: {'user_id': 'test_add_funds_ef972c60-bda1-11ef-8a1b-02a6845b4b32', 'password': 'test_add_funds_ef972c60-bda1-11ef-8a1b-02a6845b4b32'}
2024-12-19 08:41:07 - be.model.user - INFO - 尝试注册新用户：test_add_funds_ef972c60-bda1-11ef-8a1b-02a6845b4b32
2024-12-19 08:41:08 - be.model.user - INFO - 加密密码...
2024-12-19 08:41:08 - be.model.user - INFO - 创建新用户...
2024-12-19 08:41:08 - be.model.user - INFO - 添加用户到数据库...
2024-12-19 08:41:08 - be.model.user - INFO - 用户注册成功：test_add_funds_ef972c60-bda1-11ef-8a1b-02a6845b4b32
2024-12-19 08:41:08 - be.view.auth - INFO - 注册处理结果: 200
2024-12-19 08:41:08 - werkzeug - INFO - 127.0.0.1 - - [19/Dec/2024 08:41:08] "POST /auth/register HTTP/1.1" 200 -
2024-12-19 08:41:08 - be.view.auth - INFO - 收到登录请求: {'user_id': 'test_add_funds_ef972c60-bda1-11ef-8a1b-02a6845b4b32', 'password': 'test_add_funds_ef972c60-bda1-11ef-8a1b-02a6845b4b32', 'terminal': 'my terminal'}
2024-12-19 08:41:08 - be.model.user - INFO - 尝试登录用户：test_add_funds_ef972c60-bda1-11ef-8a1b-02a6845b4b32，终端：my terminal
2024-12-19 08:41:08 - be.model.user - INFO - 为用户 test_add_funds_ef972c60-bda1-11ef-8a1b-02a6845b4b32 生成新token，终端：my terminal
2024-12-19 08:41:08 - be.model.user - INFO - 用户登录成功：test_add_funds_ef972c60-bda1-11ef-8a1b-02a6845b4b32
2024-12-19 08:41:08 - be.view.auth - INFO - 登录处理结果: 200
2024-12-19 08:41:08 - werkzeug - INFO - 127.0.0.1 - - [19/Dec/2024 08:41:08] "POST /auth/login HTTP/1.1" 200 -
2024-12-19 08:41:08 - werkzeug - INFO - 127.0.0.1 - - [19/Dec/2024 08:41:08] "[31m[1mPOST /buyer/add_funds HTTP/1.1[0m" 401 -
2024-12-19 08:41:08 - be.view.auth - INFO - 收到注册请求: {'user_id': 'test_create_store_user_f01dff56-bda1-11ef-8a1b-02a6845b4b32', 'password': 'test_create_store_user_f01dff56-bda1-11ef-8a1b-02a6845b4b32'}
2024-12-19 08:41:08 - be.model.user - INFO - 尝试注册新用户：test_create_store_user_f01dff56-bda1-11ef-8a1b-02a6845b4b32
2024-12-19 08:41:08 - be.model.user - INFO - 加密密码...
2024-12-19 08:41:08 - be.model.user - INFO - 创建新用户...
2024-12-19 08:41:08 - be.model.user - INFO - 添加用户到数据库...
2024-12-19 08:41:09 - be.model.user - INFO - 用户注册成功：test_create_store_user_f01dff56-bda1-11ef-8a1b-02a6845b4b32
2024-12-19 08:41:09 - be.view.auth - INFO - 注册处理结果: 200
2024-12-19 08:41:09 - werkzeug - INFO - 127.0.0.1 - - [19/Dec/2024 08:41:09] "POST /auth/register HTTP/1.1" 200 -
2024-12-19 08:41:09 - be.view.auth - INFO - 收到登录请求: {'user_id': 'test_create_store_user_f01dff56-bda1-11ef-8a1b-02a6845b4b32', 'password': 'test_create_store_user_f01dff56-bda1-11ef-8a1b-02a6845b4b32', 'terminal': 'my terminal'}
2024-12-19 08:41:09 - be.model.user - INFO - 尝试登录用户：test_create_store_user_f01dff56-bda1-11ef-8a1b-02a6845b4b32，终端：my terminal
2024-12-19 08:41:09 - be.model.user - INFO - 为用户 test_create_store_user_f01dff56-bda1-11ef-8a1b-02a6845b4b32 生成新token，终端：my terminal
2024-12-19 08:41:09 - be.model.user - INFO - 用户登录成功：test_create_store_user_f01dff56-bda1-11ef-8a1b-02a6845b4b32
2024-12-19 08:41:09 - be.view.auth - INFO - 登录处理结果: 200
2024-12-19 08:41:09 - werkzeug - INFO - 127.0.0.1 - - [19/Dec/2024 08:41:09] "POST /auth/login HTTP/1.1" 200 -
2024-12-19 08:41:09 - werkzeug - INFO - 127.0.0.1 - - [19/Dec/2024 08:41:09] "POST /seller/create_store HTTP/1.1" 200 -
2024-12-19 08:41:09 - be.view.auth - INFO - 收到注册请求: {'user_id': 'test_create_store_user_f0a785b4-bda1-11ef-8a1b-02a6845b4b32', 'password': 'test_create_store_user_f0a785b4-bda1-11ef-8a1b-02a6845b4b32'}
2024-12-19 08:41:09 - be.model.user - INFO - 尝试注册新用户：test_create_store_user_f0a785b4-bda1-11ef-8a1b-02a6845b4b32
2024-12-19 08:41:09 - be.model.user - INFO - 加密密码...
2024-12-19 08:41:09 - be.model.user - INFO - 创建新用户...
2024-12-19 08:41:09 - be.model.user - INFO - 添加用户到数据库...
2024-12-19 08:41:09 - be.model.user - INFO - 用户注册成功：test_create_store_user_f0a785b4-bda1-11ef-8a1b-02a6845b4b32
2024-12-19 08:41:09 - be.view.auth - INFO - 注册处理结果: 200
2024-12-19 08:41:09 - werkzeug - INFO - 127.0.0.1 - - [19/Dec/2024 08:41:09] "POST /auth/register HTTP/1.1" 200 -
2024-12-19 08:41:09 - be.view.auth - INFO - 收到登录请求: {'user_id': 'test_create_store_user_f0a785b4-bda1-11ef-8a1b-02a6845b4b32', 'password': 'test_create_store_user_f0a785b4-bda1-11ef-8a1b-02a6845b4b32', 'terminal': 'my terminal'}
2024-12-19 08:41:09 - be.model.user - INFO - 尝试登录用户：test_create_store_user_f0a785b4-bda1-11ef-8a1b-02a6845b4b32，终端：my terminal
2024-12-19 08:41:10 - be.model.user - INFO - 为用户 test_create_store_user_f0a785b4-bda1-11ef-8a1b-02a6845b4b32 生成新token，终端：my terminal
2024-12-19 08:41:10 - be.model.user - INFO - 用户登录成功：test_create_store_user_f0a785b4-bda1-11ef-8a1b-02a6845b4b32
2024-12-19 08:41:10 - be.view.auth - INFO - 登录处理结果: 200
2024-12-19 08:41:10 - werkzeug - INFO - 127.0.0.1 - - [19/Dec/2024 08:41:10] "POST /auth/login HTTP/1.1" 200 -
2024-12-19 08:41:10 - werkzeug - INFO - 127.0.0.1 - - [19/Dec/2024 08:41:10] "POST /seller/create_store HTTP/1.1" 200 -
2024-12-19 08:41:10 - werkzeug - INFO - 127.0.0.1 - - [19/Dec/2024 08:41:10] "POST /seller/create_store HTTP/1.1" 200 -
2024-12-19 08:41:10 - be.view.auth - INFO - 收到注册请求: {'user_id': 'test_add_books_seller_id_f1591194-bda1-11ef-8a1b-02a6845b4b32', 'password': 'test_add_books_seller_id_f1591194-bda1-11ef-8a1b-02a6845b4b32'}
2024-12-19 08:41:10 - be.model.user - INFO - 尝试注册新用户：test_add_books_seller_id_f1591194-bda1-11ef-8a1b-02a6845b4b32
2024-12-19 08:41:11 - be.model.user - INFO - 加密密码...
2024-12-19 08:41:11 - be.model.user - INFO - 创建新用户...
2024-12-19 08:41:11 - be.model.user - INFO - 添加用户到数据库...
2024-12-19 08:41:11 - be.model.user - INFO - 用户注册成功：test_add_books_seller_id_f1591194-bda1-11ef-8a1b-02a6845b4b32
2024-12-19 08:41:11 - be.view.auth - INFO - 注册处理结果: 200
2024-12-19 08:41:11 - werkzeug - INFO - 127.0.0.1 - - [19/Dec/2024 08:41:11] "POST /auth/register HTTP/1.1" 200 -
2024-12-19 08:41:11 - be.view.auth - INFO - 收到登录请求: {'user_id': 'test_add_books_seller_id_f1591194-bda1-11ef-8a1b-02a6845b4b32', 'password': 'test_add_books_seller_id_f1591194-bda1-11ef-8a1b-02a6845b4b32', 'terminal': 'my terminal'}
2024-12-19 08:41:11 - be.model.user - INFO - 尝试登录用户：test_add_books_seller_id_f1591194-bda1-11ef-8a1b-02a6845b4b32，终端：my terminal
2024-12-19 08:41:11 - be.model.user - INFO - 为用户 test_add_books_seller_id_f1591194-bda1-11ef-8a1b-02a6845b4b32 生成新token，终端：my terminal
2024-12-19 08:41:11 - be.model.user - INFO - 用户登录成功：test_add_books_seller_id_f1591194-bda1-11ef-8a1b-02a6845b4b32
2024-12-19 08:41:11 - be.view.auth - INFO - 登录处理结果: 200
2024-12-19 08:41:11 - werkzeug - INFO - 127.0.0.1 - - [19/Dec/2024 08:41:11] "POST /auth/login HTTP/1.1" 200 -
2024-12-19 08:41:11 - werkzeug - INFO - 127.0.0.1 - - [19/Dec/2024 08:41:11] "POST /seller/create_store HTTP/1.1" 200 -
2024-12-19 08:41:12 - werkzeug - INFO - 127.0.0.1 - - [19/Dec/2024 08:41:12] "POST /seller/add_book HTTP/1.1" 200 -
2024-12-19 08:41:12 - werkzeug - INFO - 127.0.0.1 - - [19/Dec/2024 08:41:12] "POST /seller/add_book HTTP/1.1" 200 -
2024-12-19 08:41:12 - be.view.auth - INFO - 收到注册请求: {'user_id': 'test_add_books_seller_id_f27f9598-bda1-11ef-8a1b-02a6845b4b32', 'password': 'test_add_books_seller_id_f27f9598-bda1-11ef-8a1b-02a6845b4b32'}
2024-12-19 08:41:12 - be.model.user - INFO - 尝试注册新用户：test_add_books_seller_id_f27f9598-bda1-11ef-8a1b-02a6845b4b32
2024-12-19 08:41:12 - be.model.user - INFO - 加密密码...
2024-12-19 08:41:12 - be.model.user - INFO - 创建新用户...
2024-12-19 08:41:12 - be.model.user - INFO - 添加用户到数据库...
2024-12-19 08:41:13 - be.model.user - INFO - 用户注册成功：test_add_books_seller_id_f27f9598-bda1-11ef-8a1b-02a6845b4b32
2024-12-19 08:41:13 - be.view.auth - INFO - 注册处理结果: 200
2024-12-19 08:41:13 - werkzeug - INFO - 127.0.0.1 - - [19/Dec/2024 08:41:13] "POST /auth/register HTTP/1.1" 200 -
2024-12-19 08:41:13 - be.view.auth - INFO - 收到登录请求: {'user_id': 'test_add_books_seller_id_f27f9598-bda1-11ef-8a1b-02a6845b4b32', 'password': 'test_add_books_seller_id_f27f9598-bda1-11ef-8a1b-02a6845b4b32', 'terminal': 'my terminal'}
2024-12-19 08:41:13 - be.model.user - INFO - 尝试登录用户：test_add_books_seller_id_f27f9598-bda1-11ef-8a1b-02a6845b4b32，终端：my terminal
2024-12-19 08:41:13 - be.model.user - INFO - 为用户 test_add_books_seller_id_f27f9598-bda1-11ef-8a1b-02a6845b4b32 生成新token，终端：my terminal
2024-12-19 08:41:13 - be.model.user - INFO - 用户登录成功：test_add_books_seller_id_f27f9598-bda1-11ef-8a1b-02a6845b4b32
2024-12-19 08:41:13 - be.view.auth - INFO - 登录处理结果: 200
2024-12-19 08:41:13 - werkzeug - INFO - 127.0.0.1 - - [19/Dec/2024 08:41:13] "POST /auth/login HTTP/1.1" 200 -
2024-12-19 08:41:13 - werkzeug - INFO - 127.0.0.1 - - [19/Dec/2024 08:41:13] "POST /seller/create_store HTTP/1.1" 200 -
2024-12-19 08:41:14 - werkzeug - INFO - 127.0.0.1 - - [19/Dec/2024 08:41:14] "POST /seller/add_book HTTP/1.1" 200 -
2024-12-19 08:41:14 - be.view.auth - INFO - 收到注册请求: {'user_id': 'test_add_books_seller_id_f3681cbe-bda1-11ef-8a1b-02a6845b4b32', 'password': 'test_add_books_seller_id_f3681cbe-bda1-11ef-8a1b-02a6845b4b32'}
2024-12-19 08:41:14 - be.model.user - INFO - 尝试注册新用户：test_add_books_seller_id_f3681cbe-bda1-11ef-8a1b-02a6845b4b32
2024-12-19 08:41:14 - be.model.user - INFO - 加密密码...
2024-12-19 08:41:14 - be.model.user - INFO - 创建新用户...
2024-12-19 08:41:14 - be.model.user - INFO - 添加用户到数据库...
2024-12-19 08:41:14 - be.model.user - INFO - 用户注册成功：test_add_books_seller_id_f3681cbe-bda1-11ef-8a1b-02a6845b4b32
2024-12-19 08:41:14 - be.view.auth - INFO - 注册处理结果: 200
2024-12-19 08:41:14 - werkzeug - INFO - 127.0.0.1 - - [19/Dec/2024 08:41:14] "POST /auth/register HTTP/1.1" 200 -
2024-12-19 08:41:14 - be.view.auth - INFO - 收到登录请求: {'user_id': 'test_add_books_seller_id_f3681cbe-bda1-11ef-8a1b-02a6845b4b32', 'password': 'test_add_books_seller_id_f3681cbe-bda1-11ef-8a1b-02a6845b4b32', 'terminal': 'my terminal'}
2024-12-19 08:41:14 - be.model.user - INFO - 尝试登录用户：test_add_books_seller_id_f3681cbe-bda1-11ef-8a1b-02a6845b4b32，终端：my terminal
2024-12-19 08:41:14 - be.model.user - INFO - 为用户 test_add_books_seller_id_f3681cbe-bda1-11ef-8a1b-02a6845b4b32 生成新token，终端：my terminal
2024-12-19 08:41:14 - be.model.user - INFO - 用户登录成功：test_add_books_seller_id_f3681cbe-bda1-11ef-8a1b-02a6845b4b32
2024-12-19 08:41:14 - be.view.auth - INFO - 登录处理结果: 200
2024-12-19 08:41:14 - werkzeug - INFO - 127.0.0.1 - - [19/Dec/2024 08:41:14] "POST /auth/login HTTP/1.1" 200 -
2024-12-19 08:41:14 - werkzeug - INFO - 127.0.0.1 - - [19/Dec/2024 08:41:14] "POST /seller/create_store HTTP/1.1" 200 -
2024-12-19 08:41:15 - werkzeug - INFO - 127.0.0.1 - - [19/Dec/2024 08:41:15] "POST /seller/add_book HTTP/1.1" 200 -
2024-12-19 08:41:15 - werkzeug - INFO - 127.0.0.1 - - [19/Dec/2024 08:41:15] "POST /seller/add_book HTTP/1.1" 200 -
2024-12-19 08:41:15 - werkzeug - INFO - 127.0.0.1 - - [19/Dec/2024 08:41:15] "POST /seller/add_book HTTP/1.1" 200 -
2024-12-19 08:41:15 - be.view.auth - INFO - 收到注册请求: {'user_id': 'test_add_books_seller_id_f462ece8-bda1-11ef-8a1b-02a6845b4b32', 'password': 'test_add_books_seller_id_f462ece8-bda1-11ef-8a1b-02a6845b4b32'}
2024-12-19 08:41:15 - be.model.user - INFO - 尝试注册新用户：test_add_books_seller_id_f462ece8-bda1-11ef-8a1b-02a6845b4b32
2024-12-19 08:41:16 - be.model.user - INFO - 加密密码...
2024-12-19 08:41:16 - be.model.user - INFO - 创建新用户...
2024-12-19 08:41:16 - be.model.user - INFO - 添加用户到数据库...
2024-12-19 08:41:16 - be.model.user - INFO - 用户注册成功：test_add_books_seller_id_f462ece8-bda1-11ef-8a1b-02a6845b4b32
2024-12-19 08:41:16 - be.view.auth - INFO - 注册处理结果: 200
2024-12-19 08:41:16 - werkzeug - INFO - 127.0.0.1 - - [19/Dec/2024 08:41:16] "POST /auth/register HTTP/1.1" 200 -
2024-12-19 08:41:16 - be.view.auth - INFO - 收到登录请求: {'user_id': 'test_add_books_seller_id_f462ece8-bda1-11ef-8a1b-02a6845b4b32', 'password': 'test_add_books_seller_id_f462ece8-bda1-11ef-8a1b-02a6845b4b32', 'terminal': 'my terminal'}
2024-12-19 08:41:16 - be.model.user - INFO - 尝试登录用户：test_add_books_seller_id_f462ece8-bda1-11ef-8a1b-02a6845b4b32，终端：my terminal
2024-12-19 08:41:16 - be.model.user - INFO - 为用户 test_add_books_seller_id_f462ece8-bda1-11ef-8a1b-02a6845b4b32 生成新token，终端：my terminal
2024-12-19 08:41:16 - be.model.user - INFO - 用户登录成功：test_add_books_seller_id_f462ece8-bda1-11ef-8a1b-02a6845b4b32
2024-12-19 08:41:16 - be.view.auth - INFO - 登录处理结果: 200
2024-12-19 08:41:16 - werkzeug - INFO - 127.0.0.1 - - [19/Dec/2024 08:41:16] "POST /auth/login HTTP/1.1" 200 -
2024-12-19 08:41:16 - werkzeug - INFO - 127.0.0.1 - - [19/Dec/2024 08:41:16] "POST /seller/create_store HTTP/1.1" 200 -
2024-12-19 08:41:17 - werkzeug - INFO - 127.0.0.1 - - [19/Dec/2024 08:41:17] "POST /seller/add_book HTTP/1.1" 200 -
2024-12-19 08:41:17 - be.view.auth - INFO - 收到注册请求: {'user_id': 'test_add_book_stock_level1_user_f54f1c6c-bda1-11ef-8a1b-02a6845b4b32', 'password': 'test_add_book_stock_level1_user_f54f1c6c-bda1-11ef-8a1b-02a6845b4b32'}
2024-12-19 08:41:17 - be.model.user - INFO - 尝试注册新用户：test_add_book_stock_level1_user_f54f1c6c-bda1-11ef-8a1b-02a6845b4b32
2024-12-19 08:41:17 - be.model.user - INFO - 加密密码...
2024-12-19 08:41:17 - be.model.user - INFO - 创建新用户...
2024-12-19 08:41:17 - be.model.user - INFO - 添加用户到数据库...
2024-12-19 08:41:17 - be.model.user - INFO - 用户注册成功：test_add_book_stock_level1_user_f54f1c6c-bda1-11ef-8a1b-02a6845b4b32
2024-12-19 08:41:17 - be.view.auth - INFO - 注册处理结果: 200
2024-12-19 08:41:17 - werkzeug - INFO - 127.0.0.1 - - [19/Dec/2024 08:41:17] "POST /auth/register HTTP/1.1" 200 -
2024-12-19 08:41:17 - be.view.auth - INFO - 收到登录请求: {'user_id': 'test_add_book_stock_level1_user_f54f1c6c-bda1-11ef-8a1b-02a6845b4b32', 'password': 'test_add_book_stock_level1_user_f54f1c6c-bda1-11ef-8a1b-02a6845b4b32', 'terminal': 'my terminal'}
2024-12-19 08:41:17 - be.model.user - INFO - 尝试登录用户：test_add_book_stock_level1_user_f54f1c6c-bda1-11ef-8a1b-02a6845b4b32，终端：my terminal
2024-12-19 08:41:17 - be.model.user - INFO - 为用户 test_add_book_stock_level1_user_f54f1c6c-bda1-11ef-8a1b-02a6845b4b32 生成新token，终端：my terminal
2024-12-19 08:41:17 - be.model.user - INFO - 用户登录成功：test_add_book_stock_level1_user_f54f1c6c-bda1-11ef-8a1b-02a6845b4b32
2024-12-19 08:41:18 - be.view.auth - INFO - 登录处理结果: 200
2024-12-19 08:41:18 - werkzeug - INFO - 127.0.0.1 - - [19/Dec/2024 08:41:18] "POST /auth/login HTTP/1.1" 200 -
2024-12-19 08:41:18 - werkzeug - INFO - 127.0.0.1 - - [19/Dec/2024 08:41:18] "POST /seller/create_store HTTP/1.1" 200 -
2024-12-19 08:41:19 - werkzeug - INFO - 127.0.0.1 - - [19/Dec/2024 08:41:19] "POST /seller/add_book HTTP/1.1" 200 -
2024-12-19 08:41:19 - werkzeug - INFO - 127.0.0.1 - - [19/Dec/2024 08:41:19] "POST /seller/add_book HTTP/1.1" 200 -
2024-12-19 08:41:19 - werkzeug - INFO - 127.0.0.1 - - [19/Dec/2024 08:41:19] "POST /seller/add_book HTTP/1.1" 200 -
2024-12-19 08:41:19 - werkzeug - INFO - 127.0.0.1 - - [19/Dec/2024 08:41:19] "POST /seller/add_book HTTP/1.1" 200 -
2024-12-19 08:41:19 - werkzeug - INFO - 127.0.0.1 - - [19/Dec/2024 08:41:19] "POST /seller/add_book HTTP/1.1" 200 -
2024-12-19 08:41:19 - werkzeug - INFO - 127.0.0.1 - - [19/Dec/2024 08:41:19] "POST /seller/add_stock_level HTTP/1.1" 200 -
2024-12-19 08:41:19 - be.view.auth - INFO - 收到注册请求: {'user_id': 'test_add_book_stock_level1_user_f67a9d46-bda1-11ef-8a1b-02a6845b4b32', 'password': 'test_add_book_stock_level1_user_f67a9d46-bda1-11ef-8a1b-02a6845b4b32'}
2024-12-19 08:41:19 - be.model.user - INFO - 尝试注册新用户：test_add_book_stock_level1_user_f67a9d46-bda1-11ef-8a1b-02a6845b4b32
2024-12-19 08:41:19 - be.model.user - INFO - 加密密码...
2024-12-19 08:41:19 - be.model.user - INFO - 创建新用户...
2024-12-19 08:41:19 - be.model.user - INFO - 添加用户到数据库...
2024-12-19 08:41:19 - be.model.user - INFO - 用户注册成功：test_add_book_stock_level1_user_f67a9d46-bda1-11ef-8a1b-02a6845b4b32
2024-12-19 08:41:19 - be.view.auth - INFO - 注册处理结果: 200
2024-12-19 08:41:19 - werkzeug - INFO - 127.0.0.1 - - [19/Dec/2024 08:41:19] "POST /auth/register HTTP/1.1" 200 -
2024-12-19 08:41:19 - be.view.auth - INFO - 收到登录请求: {'user_id': 'test_add_book_stock_level1_user_f67a9d46-bda1-11ef-8a1b-02a6845b4b32', 'password': 'test_add_book_stock_level1_user_f67a9d46-bda1-11ef-8a1b-02a6845b4b32', 'terminal': 'my terminal'}
2024-12-19 08:41:19 - be.model.user - INFO - 尝试登录用户：test_add_book_stock_level1_user_f67a9d46-bda1-11ef-8a1b-02a6845b4b32，终端：my terminal
2024-12-19 08:41:19 - be.model.user - INFO - 为用户 test_add_book_stock_level1_user_f67a9d46-bda1-11ef-8a1b-02a6845b4b32 生成新token，终端：my terminal
2024-12-19 08:41:19 - be.model.user - INFO - 用户登录成功：test_add_book_stock_level1_user_f67a9d46-bda1-11ef-8a1b-02a6845b4b32
2024-12-19 08:41:19 - be.view.auth - INFO - 登录处理结果: 200
2024-12-19 08:41:19 - werkzeug - INFO - 127.0.0.1 - - [19/Dec/2024 08:41:19] "POST /auth/login HTTP/1.1" 200 -
2024-12-19 08:41:20 - werkzeug - INFO - 127.0.0.1 - - [19/Dec/2024 08:41:20] "POST /seller/create_store HTTP/1.1" 200 -
2024-12-19 08:41:21 - werkzeug - INFO - 127.0.0.1 - - [19/Dec/2024 08:41:21] "POST /seller/add_book HTTP/1.1" 200 -
2024-12-19 08:41:21 - werkzeug - INFO - 127.0.0.1 - - [19/Dec/2024 08:41:21] "POST /seller/add_book HTTP/1.1" 200 -
2024-12-19 08:41:21 - werkzeug - INFO - 127.0.0.1 - - [19/Dec/2024 08:41:21] "POST /seller/add_book HTTP/1.1" 200 -
2024-12-19 08:41:21 - werkzeug - INFO - 127.0.0.1 - - [19/Dec/2024 08:41:21] "POST /seller/add_book HTTP/1.1" 200 -
2024-12-19 08:41:21 - werkzeug - INFO - 127.0.0.1 - - [19/Dec/2024 08:41:21] "POST /seller/add_book HTTP/1.1" 200 -
2024-12-19 08:41:21 - werkzeug - INFO - 127.0.0.1 - - [19/Dec/2024 08:41:21] "POST /seller/add_stock_level HTTP/1.1" 200 -
2024-12-19 08:41:21 - be.view.auth - INFO - 收到注册请求: {'user_id': 'test_add_book_stock_level1_user_f7b4cf92-bda1-11ef-8a1b-02a6845b4b32', 'password': 'test_add_book_stock_level1_user_f7b4cf92-bda1-11ef-8a1b-02a6845b4b32'}
2024-12-19 08:41:21 - be.model.user - INFO - 尝试注册新用户：test_add_book_stock_level1_user_f7b4cf92-bda1-11ef-8a1b-02a6845b4b32
2024-12-19 08:41:21 - be.model.user - INFO - 加密密码...
2024-12-19 08:41:21 - be.model.user - INFO - 创建新用户...
2024-12-19 08:41:21 - be.model.user - INFO - 添加用户到数据库...
2024-12-19 08:41:21 - be.model.user - INFO - 用户注册成功：test_add_book_stock_level1_user_f7b4cf92-bda1-11ef-8a1b-02a6845b4b32
2024-12-19 08:41:21 - be.view.auth - INFO - 注册处理结果: 200
2024-12-19 08:41:21 - werkzeug - INFO - 127.0.0.1 - - [19/Dec/2024 08:41:21] "POST /auth/register HTTP/1.1" 200 -
2024-12-19 08:41:21 - be.view.auth - INFO - 收到登录请求: {'user_id': 'test_add_book_stock_level1_user_f7b4cf92-bda1-11ef-8a1b-02a6845b4b32', 'password': 'test_add_book_stock_level1_user_f7b4cf92-bda1-11ef-8a1b-02a6845b4b32', 'terminal': 'my terminal'}
2024-12-19 08:41:21 - be.model.user - INFO - 尝试登录用户：test_add_book_stock_level1_user_f7b4cf92-bda1-11ef-8a1b-02a6845b4b32，终端：my terminal
2024-12-19 08:41:21 - be.model.user - INFO - 为用户 test_add_book_stock_level1_user_f7b4cf92-bda1-11ef-8a1b-02a6845b4b32 生成新token，终端：my terminal
2024-12-19 08:41:21 - be.model.user - INFO - 用户登录成功：test_add_book_stock_level1_user_f7b4cf92-bda1-11ef-8a1b-02a6845b4b32
2024-12-19 08:41:22 - be.view.auth - INFO - 登录处理结果: 200
2024-12-19 08:41:22 - werkzeug - INFO - 127.0.0.1 - - [19/Dec/2024 08:41:22] "POST /auth/login HTTP/1.1" 200 -
2024-12-19 08:41:22 - werkzeug - INFO - 127.0.0.1 - - [19/Dec/2024 08:41:22] "POST /seller/create_store HTTP/1.1" 200 -
2024-12-19 08:41:23 - werkzeug - INFO - 127.0.0.1 - - [19/Dec/2024 08:41:23] "POST /seller/add_book HTTP/1.1" 200 -
2024-12-19 08:41:23 - werkzeug - INFO - 127.0.0.1 - - [19/Dec/2024 08:41:23] "POST /seller/add_book HTTP/1.1" 200 -
2024-12-19 08:41:23 - werkzeug - INFO - 127.0.0.1 - - [19/Dec/2024 08:41:23] "POST /seller/add_book HTTP/1.1" 200 -
2024-12-19 08:41:23 - werkzeug - INFO - 127.0.0.1 - - [19/Dec/2024 08:41:23] "POST /seller/add_book HTTP/1.1" 200 -
2024-12-19 08:41:23 - werkzeug - INFO - 127.0.0.1 - - [19/Dec/2024 08:41:23] "POST /seller/add_book HTTP/1.1" 200 -
2024-12-19 08:41:23 - werkzeug - INFO - 127.0.0.1 - - [19/Dec/2024 08:41:23] "POST /seller/add_stock_level HTTP/1.1" 200 -
2024-12-19 08:41:23 - be.view.auth - INFO - 收到注册请求: {'user_id': 'test_add_book_stock_level1_user_f8e6d860-bda1-11ef-8a1b-02a6845b4b32', 'password': 'test_add_book_stock_level1_user_f8e6d860-bda1-11ef-8a1b-02a6845b4b32'}
2024-12-19 08:41:23 - be.model.user - INFO - 尝试注册新用户：test_add_book_stock_level1_user_f8e6d860-bda1-11ef-8a1b-02a6845b4b32
2024-12-19 08:41:23 - be.model.user - INFO - 加密密码...
2024-12-19 08:41:23 - be.model.user - INFO - 创建新用户...
2024-12-19 08:41:23 - be.model.user - INFO - 添加用户到数据库...
2024-12-19 08:41:23 - be.model.user - INFO - 用户注册成功：test_add_book_stock_level1_user_f8e6d860-bda1-11ef-8a1b-02a6845b4b32
2024-12-19 08:41:23 - be.view.auth - INFO - 注册处理结果: 200
2024-12-19 08:41:23 - werkzeug - INFO - 127.0.0.1 - - [19/Dec/2024 08:41:23] "POST /auth/register HTTP/1.1" 200 -
2024-12-19 08:41:23 - be.view.auth - INFO - 收到登录请求: {'user_id': 'test_add_book_stock_level1_user_f8e6d860-bda1-11ef-8a1b-02a6845b4b32', 'password': 'test_add_book_stock_level1_user_f8e6d860-bda1-11ef-8a1b-02a6845b4b32', 'terminal': 'my terminal'}
2024-12-19 08:41:23 - be.model.user - INFO - 尝试登录用户：test_add_book_stock_level1_user_f8e6d860-bda1-11ef-8a1b-02a6845b4b32，终端：my terminal
2024-12-19 08:41:23 - be.model.user - INFO - 为用户 test_add_book_stock_level1_user_f8e6d860-bda1-11ef-8a1b-02a6845b4b32 生成新token，终端：my terminal
2024-12-19 08:41:23 - be.model.user - INFO - 用户登录成功：test_add_book_stock_level1_user_f8e6d860-bda1-11ef-8a1b-02a6845b4b32
2024-12-19 08:41:24 - be.view.auth - INFO - 登录处理结果: 200
2024-12-19 08:41:24 - werkzeug - INFO - 127.0.0.1 - - [19/Dec/2024 08:41:24] "POST /auth/login HTTP/1.1" 200 -
2024-12-19 08:41:24 - werkzeug - INFO - 127.0.0.1 - - [19/Dec/2024 08:41:24] "POST /seller/create_store HTTP/1.1" 200 -
2024-12-19 08:41:25 - werkzeug - INFO - 127.0.0.1 - - [19/Dec/2024 08:41:25] "POST /seller/add_book HTTP/1.1" 200 -
2024-12-19 08:41:25 - werkzeug - INFO - 127.0.0.1 - - [19/Dec/2024 08:41:25] "POST /seller/add_book HTTP/1.1" 200 -
2024-12-19 08:41:25 - werkzeug - INFO - 127.0.0.1 - - [19/Dec/2024 08:41:25] "POST /seller/add_book HTTP/1.1" 200 -
2024-12-19 08:41:25 - werkzeug - INFO - 127.0.0.1 - - [19/Dec/2024 08:41:25] "POST /seller/add_book HTTP/1.1" 200 -
2024-12-19 08:41:25 - werkzeug - INFO - 127.0.0.1 - - [19/Dec/2024 08:41:25] "POST /seller/add_book HTTP/1.1" 200 -
2024-12-19 08:41:25 - werkzeug - INFO - 127.0.0.1 - - [19/Dec/2024 08:41:25] "POST /seller/add_stock_level HTTP/1.1" 200 -
2024-12-19 08:41:25 - werkzeug - INFO - 127.0.0.1 - - [19/Dec/2024 08:41:25] "POST /seller/add_stock_level HTTP/1.1" 200 -
2024-12-19 08:41:25 - werkzeug - INFO - 127.0.0.1 - - [19/Dec/2024 08:41:25] "POST /seller/add_stock_level HTTP/1.1" 200 -
2024-12-19 08:41:25 - werkzeug - INFO - 127.0.0.1 - - [19/Dec/2024 08:41:25] "POST /seller/add_stock_level HTTP/1.1" 200 -
2024-12-19 08:41:25 - werkzeug - INFO - 127.0.0.1 - - [19/Dec/2024 08:41:25] "POST /seller/add_stock_level HTTP/1.1" 200 -
2024-12-19 08:41:25 - be.view.auth - INFO - 收到注册请求: {'user_id': 'test_new_order_buyer_id_fa382552-bda1-11ef-8a1b-02a6845b4b32', 'password': 'test_new_order_seller_id_fa382124-bda1-11ef-8a1b-02a6845b4b32'}
2024-12-19 08:41:25 - be.model.user - INFO - 尝试注册新用户：test_new_order_buyer_id_fa382552-bda1-11ef-8a1b-02a6845b4b32
2024-12-19 08:41:25 - be.model.user - INFO - 加密密码...
2024-12-19 08:41:25 - be.model.user - INFO - 创建新用户...
2024-12-19 08:41:25 - be.model.user - INFO - 添加用户到数据库...
2024-12-19 08:41:26 - be.model.user - INFO - 用户注册成功：test_new_order_buyer_id_fa382552-bda1-11ef-8a1b-02a6845b4b32
2024-12-19 08:41:26 - be.view.auth - INFO - 注册处理结果: 200
2024-12-19 08:41:26 - werkzeug - INFO - 127.0.0.1 - - [19/Dec/2024 08:41:26] "POST /auth/register HTTP/1.1" 200 -
2024-12-19 08:41:26 - be.view.auth - INFO - 收到登录请求: {'user_id': 'test_new_order_buyer_id_fa382552-bda1-11ef-8a1b-02a6845b4b32', 'password': 'test_new_order_seller_id_fa382124-bda1-11ef-8a1b-02a6845b4b32', 'terminal': 'my terminal'}
2024-12-19 08:41:26 - be.model.user - INFO - 尝试登录用户：test_new_order_buyer_id_fa382552-bda1-11ef-8a1b-02a6845b4b32，终端：my terminal
2024-12-19 08:41:26 - be.model.user - INFO - 为用户 test_new_order_buyer_id_fa382552-bda1-11ef-8a1b-02a6845b4b32 生成新token，终端：my terminal
2024-12-19 08:41:26 - be.model.user - INFO - 用户登录成功：test_new_order_buyer_id_fa382552-bda1-11ef-8a1b-02a6845b4b32
2024-12-19 08:41:26 - be.view.auth - INFO - 登录处理结果: 200
2024-12-19 08:41:26 - werkzeug - INFO - 127.0.0.1 - - [19/Dec/2024 08:41:26] "POST /auth/login HTTP/1.1" 200 -
2024-12-19 08:41:26 - be.view.auth - INFO - 收到注册请求: {'user_id': 'test_new_order_seller_id_fa382124-bda1-11ef-8a1b-02a6845b4b32', 'password': 'test_new_order_seller_id_fa382124-bda1-11ef-8a1b-02a6845b4b32'}
2024-12-19 08:41:26 - be.model.user - INFO - 尝试注册新用户：test_new_order_seller_id_fa382124-bda1-11ef-8a1b-02a6845b4b32
2024-12-19 08:41:26 - be.model.user - INFO - 加密密码...
2024-12-19 08:41:26 - be.model.user - INFO - 创建新用户...
2024-12-19 08:41:26 - be.model.user - INFO - 添加用户到数据库...
2024-12-19 08:41:26 - be.model.user - INFO - 用户注册成功：test_new_order_seller_id_fa382124-bda1-11ef-8a1b-02a6845b4b32
2024-12-19 08:41:26 - be.view.auth - INFO - 注册处理结果: 200
2024-12-19 08:41:26 - werkzeug - INFO - 127.0.0.1 - - [19/Dec/2024 08:41:26] "POST /auth/register HTTP/1.1" 200 -
2024-12-19 08:41:26 - be.view.auth - INFO - 收到登录请求: {'user_id': 'test_new_order_seller_id_fa382124-bda1-11ef-8a1b-02a6845b4b32', 'password': 'test_new_order_seller_id_fa382124-bda1-11ef-8a1b-02a6845b4b32', 'terminal': 'my terminal'}
2024-12-19 08:41:26 - be.model.user - INFO - 尝试登录用户：test_new_order_seller_id_fa382124-bda1-11ef-8a1b-02a6845b4b32，终端：my terminal
2024-12-19 08:41:26 - be.model.user - INFO - 为用户 test_new_order_seller_id_fa382124-bda1-11ef-8a1b-02a6845b4b32 生成新token，终端：my terminal
2024-12-19 08:41:26 - be.model.user - INFO - 用户登录成功：test_new_order_seller_id_fa382124-bda1-11ef-8a1b-02a6845b4b32
2024-12-19 08:41:26 - be.view.auth - INFO - 登录处理结果: 200
2024-12-19 08:41:26 - werkzeug - INFO - 127.0.0.1 - - [19/Dec/2024 08:41:26] "POST /auth/login HTTP/1.1" 200 -
2024-12-19 08:41:26 - werkzeug - INFO - 127.0.0.1 - - [19/Dec/2024 08:41:26] "POST /seller/create_store HTTP/1.1" 200 -
2024-12-19 08:41:29 - be.serve - INFO - 正在关闭服务器...
2024-12-19 08:41:29 - be.serve - ERROR - 关闭服务器失败: Not running with the Werkzeug Server
2024-12-19 08:41:33 - __main__ - INFO - 
{'='*20} 开始运行所有测试 {'='*20}
2024-12-19 08:41:33 - be.model.db_config - INFO - 清理数据库...
2024-12-19 08:41:37 - be.model.db_config - INFO - 数据库清理完成
2024-12-19 08:41:37 - be.model.db_config - INFO - 已创建的表: ['book', 'book_images', 'books', 'order_items', 'orders', 'stores', 'users']
2024-12-19 08:41:37 - be.model.user - INFO - 创建 UserManager 实例
2024-12-19 08:41:37 - be.serve - INFO - 正在启动服务器...
2024-12-19 08:41:37 - be.serve - INFO - 创建Flask应用...
2024-12-19 08:41:37 - be.serve - INFO - 初始化数据库...
2024-12-19 08:41:37 - be.model.db_config - INFO - 清理数据库...
2024-12-19 08:41:40 - be.model.db_config - INFO - 数据库清理完成
2024-12-19 08:41:41 - be.model.db_config - INFO - 已创建的表: ['book', 'book_images', 'books', 'order_items', 'orders', 'stores', 'users']
2024-12-19 08:41:41 - be.model.db_config - INFO - 删除所有表...
2024-12-19 08:41:44 - be.model.db_config - INFO - 数据库初始化完成
2024-12-19 08:41:44 - be.model.db_config - INFO - 已创建的表: ['book', 'book_images', 'books', 'order_items', 'orders', 'stores', 'users']
2024-12-19 08:41:44 - be.serve - INFO - 数据库初始化成功
2024-12-19 08:41:44 - be.serve - INFO - 注册蓝图...
2024-12-19 08:41:44 - be.serve - INFO - 启动服务器...
2024-12-19 08:41:44 - werkzeug - INFO - [31m[1mWARNING: This is a development server. Do not use it in a production deployment. Use a production WSGI server instead.[0m
 * Running on http://127.0.0.1:5555
2024-12-19 08:41:44 - werkzeug - INFO - [33mPress CTRL+C to quit[0m
2024-12-19 08:41:44 - be.view.auth - INFO - 收到注册请求: {'user_id': 'test_register_user_1734568904.637249', 'password': 'test_register_password_1734568904.6372569'}
2024-12-19 08:41:44 - be.model.user - INFO - 尝试注册新用户：test_register_user_1734568904.637249
2024-12-19 08:41:44 - be.model.user - INFO - 加密密码...
2024-12-19 08:41:44 - be.model.user - INFO - 创建新用户...
2024-12-19 08:41:44 - be.model.user - INFO - 添加用户到数据库...
2024-12-19 08:41:44 - be.model.user - INFO - 用户注册成功：test_register_user_1734568904.637249
2024-12-19 08:41:44 - be.view.auth - INFO - 注册处理结果: 200
2024-12-19 08:41:44 - werkzeug - INFO - 127.0.0.1 - - [19/Dec/2024 08:41:44] "POST /auth/register HTTP/1.1" 200 -
2024-12-19 08:41:44 - be.view.auth - INFO - 收到注册请求: {'user_id': 'test_register_user_1734568904.946662', 'password': 'test_register_password_1734568904.946669'}
2024-12-19 08:41:44 - be.model.user - INFO - 尝试注册新用户：test_register_user_1734568904.946662
2024-12-19 08:41:45 - be.model.user - INFO - 加密密码...
2024-12-19 08:41:45 - be.model.user - INFO - 创建新用户...
2024-12-19 08:41:45 - be.model.user - INFO - 添加用户到数据库...
2024-12-19 08:41:45 - be.model.user - INFO - 用户注册成功：test_register_user_1734568904.946662
2024-12-19 08:41:45 - be.view.auth - INFO - 注册处理结果: 200
2024-12-19 08:41:45 - werkzeug - INFO - 127.0.0.1 - - [19/Dec/2024 08:41:45] "POST /auth/register HTTP/1.1" 200 -
2024-12-19 08:41:45 - be.view.auth - INFO - 收到注销请求: {'user_id': 'test_register_user_1734568904.946662', 'password': 'test_register_password_1734568904.946669'}
2024-12-19 08:41:45 - be.model.user - INFO - 尝试注销用户：test_register_user_1734568904.946662
2024-12-19 08:41:45 - be.model.user - INFO - 用户注销成功：test_register_user_1734568904.946662
2024-12-19 08:41:45 - be.view.auth - INFO - 注销处理结果: 200
2024-12-19 08:41:45 - werkzeug - INFO - 127.0.0.1 - - [19/Dec/2024 08:41:45] "POST /auth/unregister HTTP/1.1" 200 -
2024-12-19 08:41:45 - be.view.auth - INFO - 收到注册请求: {'user_id': 'test_register_user_1734568905.6719701', 'password': 'test_register_password_1734568905.6719859'}
2024-12-19 08:41:45 - be.model.user - INFO - 尝试注册新用户：test_register_user_1734568905.6719701
2024-12-19 08:41:45 - be.model.user - INFO - 加密密码...
2024-12-19 08:41:45 - be.model.user - INFO - 创建新用户...
2024-12-19 08:41:45 - be.model.user - INFO - 添加用户到数据库...
2024-12-19 08:41:45 - be.model.user - INFO - 用户注册成功：test_register_user_1734568905.6719701
2024-12-19 08:41:45 - be.view.auth - INFO - 注册处理结果: 200
2024-12-19 08:41:45 - werkzeug - INFO - 127.0.0.1 - - [19/Dec/2024 08:41:45] "POST /auth/register HTTP/1.1" 200 -
2024-12-19 08:41:45 - be.view.auth - INFO - 收到注销请求: {'user_id': 'test_register_user_1734568905.6719701_x', 'password': 'test_register_password_1734568905.6719859'}
2024-12-19 08:41:45 - be.model.user - INFO - 尝试注销用户：test_register_user_1734568905.6719701_x
2024-12-19 08:41:46 - be.model.user - WARNING - 用户不存在：test_register_user_1734568905.6719701_x
2024-12-19 08:41:46 - be.view.auth - INFO - 注销处理结果: 401
2024-12-19 08:41:46 - werkzeug - INFO - 127.0.0.1 - - [19/Dec/2024 08:41:46] "[31m[1mPOST /auth/unregister HTTP/1.1[0m" 401 -
2024-12-19 08:41:46 - be.view.auth - INFO - 收到注销请求: {'user_id': 'test_register_user_1734568905.6719701', 'password': 'test_register_password_1734568905.6719859_x'}
2024-12-19 08:41:46 - be.model.user - INFO - 尝试注销用户：test_register_user_1734568905.6719701
2024-12-19 08:41:46 - be.model.user - WARNING - 密码错误：test_register_user_1734568905.6719701
2024-12-19 08:41:46 - be.view.auth - INFO - 注销处理结果: 401
2024-12-19 08:41:46 - werkzeug - INFO - 127.0.0.1 - - [19/Dec/2024 08:41:46] "[31m[1mPOST /auth/unregister HTTP/1.1[0m" 401 -
2024-12-19 08:41:46 - be.view.auth - INFO - 收到注册请求: {'user_id': 'test_register_user_1734568906.4519758', 'password': 'test_register_password_1734568906.451981'}
2024-12-19 08:41:46 - be.model.user - INFO - 尝试注册新用户：test_register_user_1734568906.4519758
2024-12-19 08:41:46 - be.model.user - INFO - 加密密码...
2024-12-19 08:41:46 - be.model.user - INFO - 创建新用户...
2024-12-19 08:41:46 - be.model.user - INFO - 添加用户到数据库...
2024-12-19 08:41:46 - be.model.user - INFO - 用户注册成功：test_register_user_1734568906.4519758
2024-12-19 08:41:46 - be.view.auth - INFO - 注册处理结果: 200
2024-12-19 08:41:46 - werkzeug - INFO - 127.0.0.1 - - [19/Dec/2024 08:41:46] "POST /auth/register HTTP/1.1" 200 -
2024-12-19 08:41:46 - be.view.auth - INFO - 收到注册请求: {'user_id': 'test_register_user_1734568906.4519758', 'password': 'test_register_password_1734568906.451981'}
2024-12-19 08:41:46 - be.model.user - INFO - 尝试注册新用户：test_register_user_1734568906.4519758
2024-12-19 08:41:46 - be.model.user - WARNING - 用户已存在：test_register_user_1734568906.4519758
2024-12-19 08:41:46 - be.view.auth - INFO - 注册处理结果: 401
2024-12-19 08:41:46 - werkzeug - INFO - 127.0.0.1 - - [19/Dec/2024 08:41:46] "[31m[1mPOST /auth/register HTTP/1.1[0m" 401 -
2024-12-19 08:41:46 - be.view.auth - INFO - 收到注册请求: {'user_id': 'test_login_1734568906.995413', 'password': 'password_test_login_1734568906.995413'}
2024-12-19 08:41:46 - be.model.user - INFO - 尝试注册新用户：test_login_1734568906.995413
2024-12-19 08:41:47 - be.model.user - INFO - 加密密码...
2024-12-19 08:41:47 - be.model.user - INFO - 创建新用户...
2024-12-19 08:41:47 - be.model.user - INFO - 添加用户到数据库...
2024-12-19 08:41:47 - be.model.user - INFO - 用户注册成功：test_login_1734568906.995413
2024-12-19 08:41:47 - be.view.auth - INFO - 注册处理结果: 200
2024-12-19 08:41:47 - werkzeug - INFO - 127.0.0.1 - - [19/Dec/2024 08:41:47] "POST /auth/register HTTP/1.1" 200 -
2024-12-19 08:41:47 - be.view.auth - INFO - 收到登录请求: {'user_id': 'test_login_1734568906.995413', 'password': 'password_test_login_1734568906.995413', 'terminal': 'terminal_test_login_1734568906.995413'}
2024-12-19 08:41:47 - be.model.user - INFO - 尝试登录用户：test_login_1734568906.995413，终端：terminal_test_login_1734568906.995413
2024-12-19 08:41:47 - be.model.user - INFO - 为用户 test_login_1734568906.995413 生成新token，终端：terminal_test_login_1734568906.995413
2024-12-19 08:41:47 - be.model.user - INFO - 用户登录成功：test_login_1734568906.995413
2024-12-19 08:41:47 - be.view.auth - INFO - 登录处理结果: 200
2024-12-19 08:41:47 - werkzeug - INFO - 127.0.0.1 - - [19/Dec/2024 08:41:47] "POST /auth/login HTTP/1.1" 200 -
2024-12-19 08:41:47 - be.view.auth - INFO - 收到登出请求: {'user_id': 'test_login_1734568906.995413_x'}
2024-12-19 08:41:47 - be.model.user - INFO - 尝试登出用户：test_login_1734568906.995413_x
2024-12-19 08:41:47 - be.model.user - WARNING - token验证失败：test_login_1734568906.995413_x
2024-12-19 08:41:47 - be.model.user - WARNING - token验证失败：test_login_1734568906.995413_x
2024-12-19 08:41:47 - be.view.auth - INFO - 登出处理结果: 401
2024-12-19 08:41:47 - werkzeug - INFO - 127.0.0.1 - - [19/Dec/2024 08:41:47] "[31m[1mPOST /auth/logout HTTP/1.1[0m" 401 -
2024-12-19 08:41:47 - be.view.auth - INFO - 收到登出请求: {'user_id': 'test_login_1734568906.995413'}
2024-12-19 08:41:47 - be.model.user - INFO - 尝试登出用户：test_login_1734568906.995413
2024-12-19 08:41:47 - be.model.user - WARNING - 无效的token：eyJhbGciOiJIUzI1NiIsInR5cCI6IkpXVCJ9.eyJ1c2VyX2lkIjoidGVzdF9sb2dpbl8xNzM0NTY4OTA2Ljk5NTQxMyIsInRlcm1pbmFsIjoidGVybWluYWxfdGVzdF9sb2dpbl8xNzM0NTY4OTA2Ljk5NTQxMyIsImV4cCI6MTczNDU3MjUwN30.HT4OEJ4s7tYtLUnIzVF5XAojjAz8Zo9X-FuyAJaVoV0_x
2024-12-19 08:41:47 - be.model.user - WARNING - token验证失败：test_login_1734568906.995413
2024-12-19 08:41:47 - be.view.auth - INFO - 登出处理结果: 401
2024-12-19 08:41:47 - werkzeug - INFO - 127.0.0.1 - - [19/Dec/2024 08:41:47] "[31m[1mPOST /auth/logout HTTP/1.1[0m" 401 -
2024-12-19 08:41:47 - be.view.auth - INFO - 收到登出请求: {'user_id': 'test_login_1734568906.995413'}
2024-12-19 08:41:47 - be.model.user - INFO - 尝试登出用户：test_login_1734568906.995413
2024-12-19 08:41:47 - be.model.user - INFO - token验证成功：test_login_1734568906.995413
2024-12-19 08:41:47 - be.model.user - INFO - 用户登出成功：test_login_1734568906.995413
2024-12-19 08:41:47 - be.view.auth - INFO - 登出处理结果: 200
2024-12-19 08:41:47 - werkzeug - INFO - 127.0.0.1 - - [19/Dec/2024 08:41:47] "POST /auth/logout HTTP/1.1" 200 -
2024-12-19 08:41:47 - be.view.auth - INFO - 收到注册请求: {'user_id': 'test_login_1734568907.5386791', 'password': 'password_test_login_1734568907.5386791'}
2024-12-19 08:41:47 - be.model.user - INFO - 尝试注册新用户：test_login_1734568907.5386791
2024-12-19 08:41:47 - be.model.user - INFO - 加密密码...
2024-12-19 08:41:47 - be.model.user - INFO - 创建新用户...
2024-12-19 08:41:47 - be.model.user - INFO - 添加用户到数据库...
2024-12-19 08:41:47 - be.model.user - INFO - 用户注册成功：test_login_1734568907.5386791
2024-12-19 08:41:47 - be.view.auth - INFO - 注册处理结果: 200
2024-12-19 08:41:47 - werkzeug - INFO - 127.0.0.1 - - [19/Dec/2024 08:41:47] "POST /auth/register HTTP/1.1" 200 -
2024-12-19 08:41:47 - be.view.auth - INFO - 收到登录请求: {'user_id': 'test_login_1734568907.5386791_x', 'password': 'password_test_login_1734568907.5386791', 'terminal': 'terminal_test_login_1734568907.5386791'}
2024-12-19 08:41:47 - be.model.user - INFO - 尝试登录用户：test_login_1734568907.5386791_x，终端：terminal_test_login_1734568907.5386791
2024-12-19 08:41:47 - be.model.user - WARNING - 用户不存在：test_login_1734568907.5386791_x
2024-12-19 08:41:48 - be.view.auth - INFO - 登录处理结果: 401
2024-12-19 08:41:48 - werkzeug - INFO - 127.0.0.1 - - [19/Dec/2024 08:41:48] "[31m[1mPOST /auth/login HTTP/1.1[0m" 401 -
2024-12-19 08:41:48 - be.view.auth - INFO - 收到注册请求: {'user_id': 'test_login_1734568908.1255', 'password': 'password_test_login_1734568908.1255'}
2024-12-19 08:41:48 - be.model.user - INFO - 尝试注册新用户：test_login_1734568908.1255
2024-12-19 08:41:48 - be.model.user - INFO - 加密密码...
2024-12-19 08:41:48 - be.model.user - INFO - 创建新用户...
2024-12-19 08:41:48 - be.model.user - INFO - 添加用户到数据库...
2024-12-19 08:41:48 - be.model.user - INFO - 用户注册成功：test_login_1734568908.1255
2024-12-19 08:41:48 - be.view.auth - INFO - 注册处理结果: 200
2024-12-19 08:41:48 - werkzeug - INFO - 127.0.0.1 - - [19/Dec/2024 08:41:48] "POST /auth/register HTTP/1.1" 200 -
2024-12-19 08:41:48 - be.view.auth - INFO - 收到登录请求: {'user_id': 'test_login_1734568908.1255', 'password': 'password_test_login_1734568908.1255_x', 'terminal': 'terminal_test_login_1734568908.1255'}
2024-12-19 08:41:48 - be.model.user - INFO - 尝试登录用户：test_login_1734568908.1255，终端：terminal_test_login_1734568908.1255
2024-12-19 08:41:48 - be.model.user - WARNING - 密码错误：test_login_1734568908.1255
2024-12-19 08:41:48 - be.view.auth - INFO - 登录处理结果: 401
2024-12-19 08:41:48 - werkzeug - INFO - 127.0.0.1 - - [19/Dec/2024 08:41:48] "[31m[1mPOST /auth/login HTTP/1.1[0m" 401 -
2024-12-19 08:41:48 - be.view.auth - INFO - 收到注册请求: {'user_id': 'test_password_07e6816c-bda2-11ef-890a-02a6845b4b32', 'password': 'old_password_test_password_07e6816c-bda2-11ef-890a-02a6845b4b32'}
2024-12-19 08:41:48 - be.model.user - INFO - 尝试注册新用户：test_password_07e6816c-bda2-11ef-890a-02a6845b4b32
2024-12-19 08:41:48 - be.model.user - INFO - 加密密码...
2024-12-19 08:41:48 - be.model.user - INFO - 创建新用户...
2024-12-19 08:41:48 - be.model.user - INFO - 添加用户到数据库...
2024-12-19 08:41:48 - be.model.user - INFO - 用户注册成功：test_password_07e6816c-bda2-11ef-890a-02a6845b4b32
2024-12-19 08:41:48 - be.view.auth - INFO - 注册处理结果: 200
2024-12-19 08:41:48 - werkzeug - INFO - 127.0.0.1 - - [19/Dec/2024 08:41:48] "POST /auth/register HTTP/1.1" 200 -
2024-12-19 08:41:48 - be.view.auth - INFO - 收到修改密码请求: {'user_id': 'test_password_07e6816c-bda2-11ef-890a-02a6845b4b32', 'oldPassword': 'old_password_test_password_07e6816c-bda2-11ef-890a-02a6845b4b32', 'newPassword': 'new_password_test_password_07e6816c-bda2-11ef-890a-02a6845b4b32'}
2024-12-19 08:41:48 - be.model.user - INFO - 尝试修改密码：test_password_07e6816c-bda2-11ef-890a-02a6845b4b32
2024-12-19 08:41:49 - be.model.user - INFO - 密码修改成功：test_password_07e6816c-bda2-11ef-890a-02a6845b4b32
2024-12-19 08:41:49 - be.view.auth - INFO - 修改密码处理结果: 200
2024-12-19 08:41:49 - werkzeug - INFO - 127.0.0.1 - - [19/Dec/2024 08:41:49] "POST /auth/password HTTP/1.1" 200 -
2024-12-19 08:41:49 - be.view.auth - INFO - 收到登录请求: {'user_id': 'test_password_07e6816c-bda2-11ef-890a-02a6845b4b32', 'password': 'old_password_test_password_07e6816c-bda2-11ef-890a-02a6845b4b32', 'terminal': 'terminal_test_password_07e6816c-bda2-11ef-890a-02a6845b4b32'}
2024-12-19 08:41:49 - be.model.user - INFO - 尝试登录用户：test_password_07e6816c-bda2-11ef-890a-02a6845b4b32，终端：terminal_test_password_07e6816c-bda2-11ef-890a-02a6845b4b32
2024-12-19 08:41:49 - be.model.user - WARNING - 密码错误：test_password_07e6816c-bda2-11ef-890a-02a6845b4b32
2024-12-19 08:41:49 - be.view.auth - INFO - 登录处理结果: 401
2024-12-19 08:41:49 - werkzeug - INFO - 127.0.0.1 - - [19/Dec/2024 08:41:49] "[31m[1mPOST /auth/login HTTP/1.1[0m" 401 -
2024-12-19 08:41:49 - be.view.auth - INFO - 收到登录请求: {'user_id': 'test_password_07e6816c-bda2-11ef-890a-02a6845b4b32', 'password': 'new_password_test_password_07e6816c-bda2-11ef-890a-02a6845b4b32', 'terminal': 'terminal_test_password_07e6816c-bda2-11ef-890a-02a6845b4b32'}
2024-12-19 08:41:49 - be.model.user - INFO - 尝试登录用户：test_password_07e6816c-bda2-11ef-890a-02a6845b4b32，终端：terminal_test_password_07e6816c-bda2-11ef-890a-02a6845b4b32
2024-12-19 08:41:49 - be.model.user - INFO - 为用户 test_password_07e6816c-bda2-11ef-890a-02a6845b4b32 生成新token，终端：terminal_test_password_07e6816c-bda2-11ef-890a-02a6845b4b32
2024-12-19 08:41:49 - be.model.user - INFO - 用户登录成功：test_password_07e6816c-bda2-11ef-890a-02a6845b4b32
2024-12-19 08:41:49 - be.view.auth - INFO - 登录处理结果: 200
2024-12-19 08:41:49 - werkzeug - INFO - 127.0.0.1 - - [19/Dec/2024 08:41:49] "POST /auth/login HTTP/1.1" 200 -
2024-12-19 08:41:49 - be.view.auth - INFO - 收到登出请求: {'user_id': 'test_password_07e6816c-bda2-11ef-890a-02a6845b4b32'}
2024-12-19 08:41:49 - be.model.user - INFO - 尝试登出用户：test_password_07e6816c-bda2-11ef-890a-02a6845b4b32
2024-12-19 08:41:49 - be.model.user - INFO - token验证成功：test_password_07e6816c-bda2-11ef-890a-02a6845b4b32
2024-12-19 08:41:49 - be.model.user - INFO - 用户登出成功：test_password_07e6816c-bda2-11ef-890a-02a6845b4b32
2024-12-19 08:41:49 - be.view.auth - INFO - 登出处理结果: 200
2024-12-19 08:41:49 - werkzeug - INFO - 127.0.0.1 - - [19/Dec/2024 08:41:49] "POST /auth/logout HTTP/1.1" 200 -
2024-12-19 08:41:49 - be.view.auth - INFO - 收到注册请求: {'user_id': 'test_password_088e16d4-bda2-11ef-890a-02a6845b4b32', 'password': 'old_password_test_password_088e16d4-bda2-11ef-890a-02a6845b4b32'}
2024-12-19 08:41:49 - be.model.user - INFO - 尝试注册新用户：test_password_088e16d4-bda2-11ef-890a-02a6845b4b32
2024-12-19 08:41:49 - be.model.user - INFO - 加密密码...
2024-12-19 08:41:49 - be.model.user - INFO - 创建新用户...
2024-12-19 08:41:49 - be.model.user - INFO - 添加用户到数据库...
2024-12-19 08:41:50 - be.model.user - INFO - 用户注册成功：test_password_088e16d4-bda2-11ef-890a-02a6845b4b32
2024-12-19 08:41:50 - be.view.auth - INFO - 注册处理结果: 200
2024-12-19 08:41:50 - werkzeug - INFO - 127.0.0.1 - - [19/Dec/2024 08:41:50] "POST /auth/register HTTP/1.1" 200 -
2024-12-19 08:41:50 - be.view.auth - INFO - 收到修改密码请求: {'user_id': 'test_password_088e16d4-bda2-11ef-890a-02a6845b4b32', 'oldPassword': 'old_password_test_password_088e16d4-bda2-11ef-890a-02a6845b4b32_x', 'newPassword': 'new_password_test_password_088e16d4-bda2-11ef-890a-02a6845b4b32'}
2024-12-19 08:41:50 - be.model.user - INFO - 尝试修改密码：test_password_088e16d4-bda2-11ef-890a-02a6845b4b32
2024-12-19 08:41:50 - be.model.user - WARNING - 旧密码错误：test_password_088e16d4-bda2-11ef-890a-02a6845b4b32
2024-12-19 08:41:50 - be.view.auth - INFO - 修改密码处理结果: 401
2024-12-19 08:41:50 - werkzeug - INFO - 127.0.0.1 - - [19/Dec/2024 08:41:50] "[31m[1mPOST /auth/password HTTP/1.1[0m" 401 -
2024-12-19 08:41:50 - be.view.auth - INFO - 收到登录请求: {'user_id': 'test_password_088e16d4-bda2-11ef-890a-02a6845b4b32', 'password': 'new_password_test_password_088e16d4-bda2-11ef-890a-02a6845b4b32', 'terminal': 'terminal_test_password_088e16d4-bda2-11ef-890a-02a6845b4b32'}
2024-12-19 08:41:50 - be.model.user - INFO - 尝试登录用户：test_password_088e16d4-bda2-11ef-890a-02a6845b4b32，终端：terminal_test_password_088e16d4-bda2-11ef-890a-02a6845b4b32
2024-12-19 08:41:50 - be.model.user - WARNING - 密码错误：test_password_088e16d4-bda2-11ef-890a-02a6845b4b32
2024-12-19 08:41:50 - be.view.auth - INFO - 登录处理结果: 401
2024-12-19 08:41:50 - werkzeug - INFO - 127.0.0.1 - - [19/Dec/2024 08:41:50] "[31m[1mPOST /auth/login HTTP/1.1[0m" 401 -
2024-12-19 08:41:50 - be.view.auth - INFO - 收到注册请求: {'user_id': 'test_password_090ef876-bda2-11ef-890a-02a6845b4b32', 'password': 'old_password_test_password_090ef876-bda2-11ef-890a-02a6845b4b32'}
2024-12-19 08:41:50 - be.model.user - INFO - 尝试注册新用户：test_password_090ef876-bda2-11ef-890a-02a6845b4b32
2024-12-19 08:41:50 - be.model.user - INFO - 加密密码...
2024-12-19 08:41:50 - be.model.user - INFO - 创建新用户...
2024-12-19 08:41:50 - be.model.user - INFO - 添加用户到数据库...
2024-12-19 08:41:50 - be.model.user - INFO - 用户注册成功：test_password_090ef876-bda2-11ef-890a-02a6845b4b32
2024-12-19 08:41:50 - be.view.auth - INFO - 注册处理结果: 200
2024-12-19 08:41:50 - werkzeug - INFO - 127.0.0.1 - - [19/Dec/2024 08:41:50] "POST /auth/register HTTP/1.1" 200 -
2024-12-19 08:41:50 - be.view.auth - INFO - 收到修改密码请求: {'user_id': 'test_password_090ef876-bda2-11ef-890a-02a6845b4b32_x', 'oldPassword': 'old_password_test_password_090ef876-bda2-11ef-890a-02a6845b4b32', 'newPassword': 'new_password_test_password_090ef876-bda2-11ef-890a-02a6845b4b32'}
2024-12-19 08:41:50 - be.model.user - INFO - 尝试修改密码：test_password_090ef876-bda2-11ef-890a-02a6845b4b32_x
2024-12-19 08:41:51 - be.model.user - WARNING - 用户不存在：test_password_090ef876-bda2-11ef-890a-02a6845b4b32_x
2024-12-19 08:41:51 - be.view.auth - INFO - 修改密码处理结果: 401
2024-12-19 08:41:51 - werkzeug - INFO - 127.0.0.1 - - [19/Dec/2024 08:41:51] "[31m[1mPOST /auth/password HTTP/1.1[0m" 401 -
2024-12-19 08:41:51 - be.view.auth - INFO - 收到登录请求: {'user_id': 'test_password_090ef876-bda2-11ef-890a-02a6845b4b32', 'password': 'new_password_test_password_090ef876-bda2-11ef-890a-02a6845b4b32', 'terminal': 'terminal_test_password_090ef876-bda2-11ef-890a-02a6845b4b32'}
2024-12-19 08:41:51 - be.model.user - INFO - 尝试登录用户：test_password_090ef876-bda2-11ef-890a-02a6845b4b32，终端：terminal_test_password_090ef876-bda2-11ef-890a-02a6845b4b32
2024-12-19 08:41:51 - be.model.user - WARNING - 密码错误：test_password_090ef876-bda2-11ef-890a-02a6845b4b32
2024-12-19 08:41:51 - be.view.auth - INFO - 登录处理结果: 401
2024-12-19 08:41:51 - werkzeug - INFO - 127.0.0.1 - - [19/Dec/2024 08:41:51] "[31m[1mPOST /auth/login HTTP/1.1[0m" 401 -
2024-12-19 08:41:51 - be.view.auth - INFO - 收到注册请求: {'user_id': 'test_add_funds_09877832-bda2-11ef-890a-02a6845b4b32', 'password': 'test_add_funds_09877832-bda2-11ef-890a-02a6845b4b32'}
2024-12-19 08:41:51 - be.model.user - INFO - 尝试注册新用户：test_add_funds_09877832-bda2-11ef-890a-02a6845b4b32
2024-12-19 08:41:51 - be.model.user - INFO - 加密密码...
2024-12-19 08:41:51 - be.model.user - INFO - 创建新用户...
2024-12-19 08:41:51 - be.model.user - INFO - 添加用户到数据库...
2024-12-19 08:41:51 - be.model.user - INFO - 用户注册成功：test_add_funds_09877832-bda2-11ef-890a-02a6845b4b32
2024-12-19 08:41:51 - be.view.auth - INFO - 注册处理结果: 200
2024-12-19 08:41:51 - werkzeug - INFO - 127.0.0.1 - - [19/Dec/2024 08:41:51] "POST /auth/register HTTP/1.1" 200 -
2024-12-19 08:41:51 - be.view.auth - INFO - 收到登录请求: {'user_id': 'test_add_funds_09877832-bda2-11ef-890a-02a6845b4b32', 'password': 'test_add_funds_09877832-bda2-11ef-890a-02a6845b4b32', 'terminal': 'my terminal'}
2024-12-19 08:41:51 - be.model.user - INFO - 尝试登录用户：test_add_funds_09877832-bda2-11ef-890a-02a6845b4b32，终端：my terminal
2024-12-19 08:41:51 - be.model.user - INFO - 为用户 test_add_funds_09877832-bda2-11ef-890a-02a6845b4b32 生成新token，终端：my terminal
2024-12-19 08:41:51 - be.model.user - INFO - 用户登录成功：test_add_funds_09877832-bda2-11ef-890a-02a6845b4b32
2024-12-19 08:41:51 - be.view.auth - INFO - 登录处理结果: 200
2024-12-19 08:41:51 - werkzeug - INFO - 127.0.0.1 - - [19/Dec/2024 08:41:51] "POST /auth/login HTTP/1.1" 200 -
2024-12-19 08:41:52 - werkzeug - INFO - 127.0.0.1 - - [19/Dec/2024 08:41:52] "POST /buyer/add_funds HTTP/1.1" 200 -
2024-12-19 08:41:52 - werkzeug - INFO - 127.0.0.1 - - [19/Dec/2024 08:41:52] "POST /buyer/add_funds HTTP/1.1" 200 -
2024-12-19 08:41:52 - be.view.auth - INFO - 收到注册请求: {'user_id': 'test_add_funds_0a247b3c-bda2-11ef-890a-02a6845b4b32', 'password': 'test_add_funds_0a247b3c-bda2-11ef-890a-02a6845b4b32'}
2024-12-19 08:41:52 - be.model.user - INFO - 尝试注册新用户：test_add_funds_0a247b3c-bda2-11ef-890a-02a6845b4b32
2024-12-19 08:41:52 - be.model.user - INFO - 加密密码...
2024-12-19 08:41:52 - be.model.user - INFO - 创建新用户...
2024-12-19 08:41:52 - be.model.user - INFO - 添加用户到数据库...
2024-12-19 08:41:52 - be.model.user - INFO - 用户注册成功：test_add_funds_0a247b3c-bda2-11ef-890a-02a6845b4b32
2024-12-19 08:41:52 - be.view.auth - INFO - 注册处理结果: 200
2024-12-19 08:41:52 - werkzeug - INFO - 127.0.0.1 - - [19/Dec/2024 08:41:52] "POST /auth/register HTTP/1.1" 200 -
2024-12-19 08:41:52 - be.view.auth - INFO - 收到登录请求: {'user_id': 'test_add_funds_0a247b3c-bda2-11ef-890a-02a6845b4b32', 'password': 'test_add_funds_0a247b3c-bda2-11ef-890a-02a6845b4b32', 'terminal': 'my terminal'}
2024-12-19 08:41:52 - be.model.user - INFO - 尝试登录用户：test_add_funds_0a247b3c-bda2-11ef-890a-02a6845b4b32，终端：my terminal
2024-12-19 08:41:52 - be.model.user - INFO - 为用户 test_add_funds_0a247b3c-bda2-11ef-890a-02a6845b4b32 生成新token，终端：my terminal
2024-12-19 08:41:52 - be.model.user - INFO - 用户登录成功：test_add_funds_0a247b3c-bda2-11ef-890a-02a6845b4b32
2024-12-19 08:41:52 - be.view.auth - INFO - 登录处理结果: 200
2024-12-19 08:41:52 - werkzeug - INFO - 127.0.0.1 - - [19/Dec/2024 08:41:52] "POST /auth/login HTTP/1.1" 200 -
2024-12-19 08:41:53 - werkzeug - INFO - 127.0.0.1 - - [19/Dec/2024 08:41:53] "[31m[1mPOST /buyer/add_funds HTTP/1.1[0m" 401 -
2024-12-19 08:41:53 - be.view.auth - INFO - 收到注册请求: {'user_id': 'test_add_funds_0a916e18-bda2-11ef-890a-02a6845b4b32', 'password': 'test_add_funds_0a916e18-bda2-11ef-890a-02a6845b4b32'}
2024-12-19 08:41:53 - be.model.user - INFO - 尝试注册新用户：test_add_funds_0a916e18-bda2-11ef-890a-02a6845b4b32
2024-12-19 08:41:53 - be.model.user - INFO - 加密密码...
2024-12-19 08:41:53 - be.model.user - INFO - 创建新用户...
2024-12-19 08:41:53 - be.model.user - INFO - 添加用户到数据库...
2024-12-19 08:41:53 - be.model.user - INFO - 用户注册成功：test_add_funds_0a916e18-bda2-11ef-890a-02a6845b4b32
2024-12-19 08:41:53 - be.view.auth - INFO - 注册处理结果: 200
2024-12-19 08:41:53 - werkzeug - INFO - 127.0.0.1 - - [19/Dec/2024 08:41:53] "POST /auth/register HTTP/1.1" 200 -
2024-12-19 08:41:53 - be.view.auth - INFO - 收到登录请求: {'user_id': 'test_add_funds_0a916e18-bda2-11ef-890a-02a6845b4b32', 'password': 'test_add_funds_0a916e18-bda2-11ef-890a-02a6845b4b32', 'terminal': 'my terminal'}
2024-12-19 08:41:53 - be.model.user - INFO - 尝试登录用户：test_add_funds_0a916e18-bda2-11ef-890a-02a6845b4b32，终端：my terminal
2024-12-19 08:41:53 - be.model.user - INFO - 为用户 test_add_funds_0a916e18-bda2-11ef-890a-02a6845b4b32 生成新token，终端：my terminal
2024-12-19 08:41:53 - be.model.user - INFO - 用户登录成功：test_add_funds_0a916e18-bda2-11ef-890a-02a6845b4b32
2024-12-19 08:41:53 - be.view.auth - INFO - 登录处理结果: 200
2024-12-19 08:41:53 - werkzeug - INFO - 127.0.0.1 - - [19/Dec/2024 08:41:53] "POST /auth/login HTTP/1.1" 200 -
2024-12-19 08:41:54 - werkzeug - INFO - 127.0.0.1 - - [19/Dec/2024 08:41:54] "[31m[1mPOST /buyer/add_funds HTTP/1.1[0m" 401 -
2024-12-19 08:41:54 - be.view.auth - INFO - 收到注册请求: {'user_id': 'test_create_store_user_0b1ea6d4-bda2-11ef-890a-02a6845b4b32', 'password': 'test_create_store_user_0b1ea6d4-bda2-11ef-890a-02a6845b4b32'}
2024-12-19 08:41:54 - be.model.user - INFO - 尝试注册新用户：test_create_store_user_0b1ea6d4-bda2-11ef-890a-02a6845b4b32
2024-12-19 08:41:54 - be.model.user - INFO - 加密密码...
2024-12-19 08:41:54 - be.model.user - INFO - 创建新用户...
2024-12-19 08:41:54 - be.model.user - INFO - 添加用户到数据库...
2024-12-19 08:41:54 - be.model.user - INFO - 用户注册成功：test_create_store_user_0b1ea6d4-bda2-11ef-890a-02a6845b4b32
2024-12-19 08:41:54 - be.view.auth - INFO - 注册处理结果: 200
2024-12-19 08:41:54 - werkzeug - INFO - 127.0.0.1 - - [19/Dec/2024 08:41:54] "POST /auth/register HTTP/1.1" 200 -
2024-12-19 08:41:54 - be.view.auth - INFO - 收到登录请求: {'user_id': 'test_create_store_user_0b1ea6d4-bda2-11ef-890a-02a6845b4b32', 'password': 'test_create_store_user_0b1ea6d4-bda2-11ef-890a-02a6845b4b32', 'terminal': 'my terminal'}
2024-12-19 08:41:54 - be.model.user - INFO - 尝试登录用户：test_create_store_user_0b1ea6d4-bda2-11ef-890a-02a6845b4b32，终端：my terminal
2024-12-19 08:41:54 - be.model.user - INFO - 为用户 test_create_store_user_0b1ea6d4-bda2-11ef-890a-02a6845b4b32 生成新token，终端：my terminal
2024-12-19 08:41:54 - be.model.user - INFO - 用户登录成功：test_create_store_user_0b1ea6d4-bda2-11ef-890a-02a6845b4b32
2024-12-19 08:41:54 - be.view.auth - INFO - 登录处理结果: 200
2024-12-19 08:41:54 - werkzeug - INFO - 127.0.0.1 - - [19/Dec/2024 08:41:54] "POST /auth/login HTTP/1.1" 200 -
2024-12-19 08:41:54 - werkzeug - INFO - 127.0.0.1 - - [19/Dec/2024 08:41:54] "POST /seller/create_store HTTP/1.1" 200 -
2024-12-19 08:41:54 - be.view.auth - INFO - 收到注册请求: {'user_id': 'test_create_store_user_0bab0566-bda2-11ef-890a-02a6845b4b32', 'password': 'test_create_store_user_0bab0566-bda2-11ef-890a-02a6845b4b32'}
2024-12-19 08:41:54 - be.model.user - INFO - 尝试注册新用户：test_create_store_user_0bab0566-bda2-11ef-890a-02a6845b4b32
2024-12-19 08:41:55 - be.model.user - INFO - 加密密码...
2024-12-19 08:41:55 - be.model.user - INFO - 创建新用户...
2024-12-19 08:41:55 - be.model.user - INFO - 添加用户到数据库...
2024-12-19 08:41:55 - be.model.user - INFO - 用户注册成功：test_create_store_user_0bab0566-bda2-11ef-890a-02a6845b4b32
2024-12-19 08:41:55 - be.view.auth - INFO - 注册处理结果: 200
2024-12-19 08:41:55 - werkzeug - INFO - 127.0.0.1 - - [19/Dec/2024 08:41:55] "POST /auth/register HTTP/1.1" 200 -
2024-12-19 08:41:55 - be.view.auth - INFO - 收到登录请求: {'user_id': 'test_create_store_user_0bab0566-bda2-11ef-890a-02a6845b4b32', 'password': 'test_create_store_user_0bab0566-bda2-11ef-890a-02a6845b4b32', 'terminal': 'my terminal'}
2024-12-19 08:41:55 - be.model.user - INFO - 尝试登录用户：test_create_store_user_0bab0566-bda2-11ef-890a-02a6845b4b32，终端：my terminal
2024-12-19 08:41:55 - be.model.user - INFO - 为用户 test_create_store_user_0bab0566-bda2-11ef-890a-02a6845b4b32 生成新token，终端：my terminal
2024-12-19 08:41:55 - be.model.user - INFO - 用户登录成功：test_create_store_user_0bab0566-bda2-11ef-890a-02a6845b4b32
2024-12-19 08:41:55 - be.view.auth - INFO - 登录处理结果: 200
2024-12-19 08:41:55 - werkzeug - INFO - 127.0.0.1 - - [19/Dec/2024 08:41:55] "POST /auth/login HTTP/1.1" 200 -
2024-12-19 08:41:55 - werkzeug - INFO - 127.0.0.1 - - [19/Dec/2024 08:41:55] "POST /seller/create_store HTTP/1.1" 200 -
2024-12-19 08:41:56 - werkzeug - INFO - 127.0.0.1 - - [19/Dec/2024 08:41:56] "POST /seller/create_store HTTP/1.1" 200 -
2024-12-19 08:41:56 - be.view.auth - INFO - 收到注册请求: {'user_id': 'test_add_books_seller_id_0c59ac42-bda2-11ef-890a-02a6845b4b32', 'password': 'test_add_books_seller_id_0c59ac42-bda2-11ef-890a-02a6845b4b32'}
2024-12-19 08:41:56 - be.model.user - INFO - 尝试注册新用户：test_add_books_seller_id_0c59ac42-bda2-11ef-890a-02a6845b4b32
2024-12-19 08:41:56 - be.model.user - INFO - 加密密码...
2024-12-19 08:41:56 - be.model.user - INFO - 创建新用户...
2024-12-19 08:41:56 - be.model.user - INFO - 添加用户到数据库...
2024-12-19 08:41:56 - be.model.user - INFO - 用户注册成功：test_add_books_seller_id_0c59ac42-bda2-11ef-890a-02a6845b4b32
2024-12-19 08:41:56 - be.view.auth - INFO - 注册处理结果: 200
2024-12-19 08:41:56 - werkzeug - INFO - 127.0.0.1 - - [19/Dec/2024 08:41:56] "POST /auth/register HTTP/1.1" 200 -
2024-12-19 08:41:56 - be.view.auth - INFO - 收到登录请求: {'user_id': 'test_add_books_seller_id_0c59ac42-bda2-11ef-890a-02a6845b4b32', 'password': 'test_add_books_seller_id_0c59ac42-bda2-11ef-890a-02a6845b4b32', 'terminal': 'my terminal'}
2024-12-19 08:41:56 - be.model.user - INFO - 尝试登录用户：test_add_books_seller_id_0c59ac42-bda2-11ef-890a-02a6845b4b32，终端：my terminal
2024-12-19 08:41:56 - be.model.user - INFO - 为用户 test_add_books_seller_id_0c59ac42-bda2-11ef-890a-02a6845b4b32 生成新token，终端：my terminal
2024-12-19 08:41:56 - be.model.user - INFO - 用户登录成功：test_add_books_seller_id_0c59ac42-bda2-11ef-890a-02a6845b4b32
2024-12-19 08:41:56 - be.view.auth - INFO - 登录处理结果: 200
2024-12-19 08:41:56 - werkzeug - INFO - 127.0.0.1 - - [19/Dec/2024 08:41:56] "POST /auth/login HTTP/1.1" 200 -
2024-12-19 08:41:56 - werkzeug - INFO - 127.0.0.1 - - [19/Dec/2024 08:41:56] "POST /seller/create_store HTTP/1.1" 200 -
2024-12-19 08:41:57 - werkzeug - INFO - 127.0.0.1 - - [19/Dec/2024 08:41:57] "POST /seller/add_book HTTP/1.1" 200 -
2024-12-19 08:41:58 - werkzeug - INFO - 127.0.0.1 - - [19/Dec/2024 08:41:58] "POST /seller/add_book HTTP/1.1" 200 -
2024-12-19 08:41:58 - be.view.auth - INFO - 收到注册请求: {'user_id': 'test_add_books_seller_id_0d7905f0-bda2-11ef-890a-02a6845b4b32', 'password': 'test_add_books_seller_id_0d7905f0-bda2-11ef-890a-02a6845b4b32'}
2024-12-19 08:41:58 - be.model.user - INFO - 尝试注册新用户：test_add_books_seller_id_0d7905f0-bda2-11ef-890a-02a6845b4b32
2024-12-19 08:41:58 - be.model.user - INFO - 加密密码...
2024-12-19 08:41:58 - be.model.user - INFO - 创建新用户...
2024-12-19 08:41:58 - be.model.user - INFO - 添加用户到数据库...
2024-12-19 08:41:58 - be.model.user - INFO - 用户注册成功：test_add_books_seller_id_0d7905f0-bda2-11ef-890a-02a6845b4b32
2024-12-19 08:41:58 - be.view.auth - INFO - 注册处理结果: 200
2024-12-19 08:41:58 - werkzeug - INFO - 127.0.0.1 - - [19/Dec/2024 08:41:58] "POST /auth/register HTTP/1.1" 200 -
2024-12-19 08:41:58 - be.view.auth - INFO - 收到登录请求: {'user_id': 'test_add_books_seller_id_0d7905f0-bda2-11ef-890a-02a6845b4b32', 'password': 'test_add_books_seller_id_0d7905f0-bda2-11ef-890a-02a6845b4b32', 'terminal': 'my terminal'}
2024-12-19 08:41:58 - be.model.user - INFO - 尝试登录用户：test_add_books_seller_id_0d7905f0-bda2-11ef-890a-02a6845b4b32，终端：my terminal
2024-12-19 08:41:58 - be.model.user - INFO - 为用户 test_add_books_seller_id_0d7905f0-bda2-11ef-890a-02a6845b4b32 生成新token，终端：my terminal
2024-12-19 08:41:58 - be.model.user - INFO - 用户登录成功：test_add_books_seller_id_0d7905f0-bda2-11ef-890a-02a6845b4b32
2024-12-19 08:41:58 - be.view.auth - INFO - 登录处理结果: 200
2024-12-19 08:41:58 - werkzeug - INFO - 127.0.0.1 - - [19/Dec/2024 08:41:58] "POST /auth/login HTTP/1.1" 200 -
2024-12-19 08:41:58 - werkzeug - INFO - 127.0.0.1 - - [19/Dec/2024 08:41:58] "POST /seller/create_store HTTP/1.1" 200 -
2024-12-19 08:41:59 - werkzeug - INFO - 127.0.0.1 - - [19/Dec/2024 08:41:59] "POST /seller/add_book HTTP/1.1" 200 -
2024-12-19 08:41:59 - be.view.auth - INFO - 收到注册请求: {'user_id': 'test_add_books_seller_id_0e640320-bda2-11ef-890a-02a6845b4b32', 'password': 'test_add_books_seller_id_0e640320-bda2-11ef-890a-02a6845b4b32'}
2024-12-19 08:41:59 - be.model.user - INFO - 尝试注册新用户：test_add_books_seller_id_0e640320-bda2-11ef-890a-02a6845b4b32
2024-12-19 08:41:59 - be.model.user - INFO - 加密密码...
2024-12-19 08:41:59 - be.model.user - INFO - 创建新用户...
2024-12-19 08:41:59 - be.model.user - INFO - 添加用户到数据库...
2024-12-19 08:41:59 - be.model.user - INFO - 用户注册成功：test_add_books_seller_id_0e640320-bda2-11ef-890a-02a6845b4b32
2024-12-19 08:41:59 - be.view.auth - INFO - 注册处理结果: 200
2024-12-19 08:41:59 - werkzeug - INFO - 127.0.0.1 - - [19/Dec/2024 08:41:59] "POST /auth/register HTTP/1.1" 200 -
2024-12-19 08:41:59 - be.view.auth - INFO - 收到登录请求: {'user_id': 'test_add_books_seller_id_0e640320-bda2-11ef-890a-02a6845b4b32', 'password': 'test_add_books_seller_id_0e640320-bda2-11ef-890a-02a6845b4b32', 'terminal': 'my terminal'}
2024-12-19 08:41:59 - be.model.user - INFO - 尝试登录用户：test_add_books_seller_id_0e640320-bda2-11ef-890a-02a6845b4b32，终端：my terminal
2024-12-19 08:41:59 - be.model.user - INFO - 为用户 test_add_books_seller_id_0e640320-bda2-11ef-890a-02a6845b4b32 生成新token，终端：my terminal
2024-12-19 08:41:59 - be.model.user - INFO - 用户登录成功：test_add_books_seller_id_0e640320-bda2-11ef-890a-02a6845b4b32
2024-12-19 08:42:00 - be.view.auth - INFO - 登录处理结果: 200
2024-12-19 08:42:00 - werkzeug - INFO - 127.0.0.1 - - [19/Dec/2024 08:42:00] "POST /auth/login HTTP/1.1" 200 -
2024-12-19 08:42:00 - werkzeug - INFO - 127.0.0.1 - - [19/Dec/2024 08:42:00] "POST /seller/create_store HTTP/1.1" 200 -
2024-12-19 08:42:01 - werkzeug - INFO - 127.0.0.1 - - [19/Dec/2024 08:42:01] "POST /seller/add_book HTTP/1.1" 200 -
2024-12-19 08:42:01 - werkzeug - INFO - 127.0.0.1 - - [19/Dec/2024 08:42:01] "POST /seller/add_book HTTP/1.1" 200 -
2024-12-19 08:42:01 - werkzeug - INFO - 127.0.0.1 - - [19/Dec/2024 08:42:01] "POST /seller/add_book HTTP/1.1" 200 -
2024-12-19 08:42:01 - be.view.auth - INFO - 收到注册请求: {'user_id': 'test_add_books_seller_id_0f68f3ac-bda2-11ef-890a-02a6845b4b32', 'password': 'test_add_books_seller_id_0f68f3ac-bda2-11ef-890a-02a6845b4b32'}
2024-12-19 08:42:01 - be.model.user - INFO - 尝试注册新用户：test_add_books_seller_id_0f68f3ac-bda2-11ef-890a-02a6845b4b32
2024-12-19 08:42:01 - be.model.user - INFO - 加密密码...
2024-12-19 08:42:01 - be.model.user - INFO - 创建新用户...
2024-12-19 08:42:01 - be.model.user - INFO - 添加用户到数据库...
2024-12-19 08:42:01 - be.model.user - INFO - 用户注册成功：test_add_books_seller_id_0f68f3ac-bda2-11ef-890a-02a6845b4b32
2024-12-19 08:42:01 - be.view.auth - INFO - 注册处理结果: 200
2024-12-19 08:42:01 - werkzeug - INFO - 127.0.0.1 - - [19/Dec/2024 08:42:01] "POST /auth/register HTTP/1.1" 200 -
2024-12-19 08:42:01 - be.view.auth - INFO - 收到登录请求: {'user_id': 'test_add_books_seller_id_0f68f3ac-bda2-11ef-890a-02a6845b4b32', 'password': 'test_add_books_seller_id_0f68f3ac-bda2-11ef-890a-02a6845b4b32', 'terminal': 'my terminal'}
2024-12-19 08:42:01 - be.model.user - INFO - 尝试登录用户：test_add_books_seller_id_0f68f3ac-bda2-11ef-890a-02a6845b4b32，终端：my terminal
2024-12-19 08:42:01 - be.model.user - INFO - 为用户 test_add_books_seller_id_0f68f3ac-bda2-11ef-890a-02a6845b4b32 生成新token，终端：my terminal
2024-12-19 08:42:01 - be.model.user - INFO - 用户登录成功：test_add_books_seller_id_0f68f3ac-bda2-11ef-890a-02a6845b4b32
2024-12-19 08:42:01 - be.view.auth - INFO - 登录处理结果: 200
2024-12-19 08:42:01 - werkzeug - INFO - 127.0.0.1 - - [19/Dec/2024 08:42:01] "POST /auth/login HTTP/1.1" 200 -
2024-12-19 08:42:01 - werkzeug - INFO - 127.0.0.1 - - [19/Dec/2024 08:42:01] "POST /seller/create_store HTTP/1.1" 200 -
2024-12-19 08:42:02 - werkzeug - INFO - 127.0.0.1 - - [19/Dec/2024 08:42:02] "POST /seller/add_book HTTP/1.1" 200 -
2024-12-19 08:42:02 - be.view.auth - INFO - 收到注册请求: {'user_id': 'test_add_book_stock_level1_user_10517dca-bda2-11ef-890a-02a6845b4b32', 'password': 'test_add_book_stock_level1_user_10517dca-bda2-11ef-890a-02a6845b4b32'}
2024-12-19 08:42:02 - be.model.user - INFO - 尝试注册新用户：test_add_book_stock_level1_user_10517dca-bda2-11ef-890a-02a6845b4b32
2024-12-19 08:42:02 - be.model.user - INFO - 加密密码...
2024-12-19 08:42:02 - be.model.user - INFO - 创建新用户...
2024-12-19 08:42:02 - be.model.user - INFO - 添加用户到数据库...
2024-12-19 08:42:03 - be.model.user - INFO - 用户注册成功：test_add_book_stock_level1_user_10517dca-bda2-11ef-890a-02a6845b4b32
2024-12-19 08:42:03 - be.view.auth - INFO - 注册处理结果: 200
2024-12-19 08:42:03 - werkzeug - INFO - 127.0.0.1 - - [19/Dec/2024 08:42:03] "POST /auth/register HTTP/1.1" 200 -
2024-12-19 08:42:03 - be.view.auth - INFO - 收到登录请求: {'user_id': 'test_add_book_stock_level1_user_10517dca-bda2-11ef-890a-02a6845b4b32', 'password': 'test_add_book_stock_level1_user_10517dca-bda2-11ef-890a-02a6845b4b32', 'terminal': 'my terminal'}
2024-12-19 08:42:03 - be.model.user - INFO - 尝试登录用户：test_add_book_stock_level1_user_10517dca-bda2-11ef-890a-02a6845b4b32，终端：my terminal
2024-12-19 08:42:03 - be.model.user - INFO - 为用户 test_add_book_stock_level1_user_10517dca-bda2-11ef-890a-02a6845b4b32 生成新token，终端：my terminal
2024-12-19 08:42:03 - be.model.user - INFO - 用户登录成功：test_add_book_stock_level1_user_10517dca-bda2-11ef-890a-02a6845b4b32
2024-12-19 08:42:03 - be.view.auth - INFO - 登录处理结果: 200
2024-12-19 08:42:03 - werkzeug - INFO - 127.0.0.1 - - [19/Dec/2024 08:42:03] "POST /auth/login HTTP/1.1" 200 -
2024-12-19 08:42:03 - werkzeug - INFO - 127.0.0.1 - - [19/Dec/2024 08:42:03] "POST /seller/create_store HTTP/1.1" 200 -
2024-12-19 08:42:04 - werkzeug - INFO - 127.0.0.1 - - [19/Dec/2024 08:42:04] "POST /seller/add_book HTTP/1.1" 200 -
2024-12-19 08:42:04 - werkzeug - INFO - 127.0.0.1 - - [19/Dec/2024 08:42:04] "POST /seller/add_book HTTP/1.1" 200 -
2024-12-19 08:42:04 - werkzeug - INFO - 127.0.0.1 - - [19/Dec/2024 08:42:04] "POST /seller/add_book HTTP/1.1" 200 -
2024-12-19 08:42:04 - werkzeug - INFO - 127.0.0.1 - - [19/Dec/2024 08:42:04] "POST /seller/add_book HTTP/1.1" 200 -
2024-12-19 08:42:04 - werkzeug - INFO - 127.0.0.1 - - [19/Dec/2024 08:42:04] "POST /seller/add_book HTTP/1.1" 200 -
2024-12-19 08:42:04 - werkzeug - INFO - 127.0.0.1 - - [19/Dec/2024 08:42:04] "POST /seller/add_stock_level HTTP/1.1" 200 -
2024-12-19 08:42:04 - be.view.auth - INFO - 收到注册请求: {'user_id': 'test_add_book_stock_level1_user_11853862-bda2-11ef-890a-02a6845b4b32', 'password': 'test_add_book_stock_level1_user_11853862-bda2-11ef-890a-02a6845b4b32'}
2024-12-19 08:42:04 - be.model.user - INFO - 尝试注册新用户：test_add_book_stock_level1_user_11853862-bda2-11ef-890a-02a6845b4b32
2024-12-19 08:42:04 - be.model.user - INFO - 加密密码...
2024-12-19 08:42:04 - be.model.user - INFO - 创建新用户...
2024-12-19 08:42:04 - be.model.user - INFO - 添加用户到数据库...
2024-12-19 08:42:05 - be.model.user - INFO - 用户注册成功：test_add_book_stock_level1_user_11853862-bda2-11ef-890a-02a6845b4b32
2024-12-19 08:42:05 - be.view.auth - INFO - 注册处理结果: 200
2024-12-19 08:42:05 - werkzeug - INFO - 127.0.0.1 - - [19/Dec/2024 08:42:05] "POST /auth/register HTTP/1.1" 200 -
2024-12-19 08:42:05 - be.view.auth - INFO - 收到登录请求: {'user_id': 'test_add_book_stock_level1_user_11853862-bda2-11ef-890a-02a6845b4b32', 'password': 'test_add_book_stock_level1_user_11853862-bda2-11ef-890a-02a6845b4b32', 'terminal': 'my terminal'}
2024-12-19 08:42:05 - be.model.user - INFO - 尝试登录用户：test_add_book_stock_level1_user_11853862-bda2-11ef-890a-02a6845b4b32，终端：my terminal
2024-12-19 08:42:05 - be.model.user - INFO - 为用户 test_add_book_stock_level1_user_11853862-bda2-11ef-890a-02a6845b4b32 生成新token，终端：my terminal
2024-12-19 08:42:05 - be.model.user - INFO - 用户登录成功：test_add_book_stock_level1_user_11853862-bda2-11ef-890a-02a6845b4b32
2024-12-19 08:42:05 - be.view.auth - INFO - 登录处理结果: 200
2024-12-19 08:42:05 - werkzeug - INFO - 127.0.0.1 - - [19/Dec/2024 08:42:05] "POST /auth/login HTTP/1.1" 200 -
2024-12-19 08:42:05 - werkzeug - INFO - 127.0.0.1 - - [19/Dec/2024 08:42:05] "POST /seller/create_store HTTP/1.1" 200 -
2024-12-19 08:42:06 - werkzeug - INFO - 127.0.0.1 - - [19/Dec/2024 08:42:06] "POST /seller/add_book HTTP/1.1" 200 -
2024-12-19 08:42:06 - werkzeug - INFO - 127.0.0.1 - - [19/Dec/2024 08:42:06] "POST /seller/add_book HTTP/1.1" 200 -
2024-12-19 08:42:06 - werkzeug - INFO - 127.0.0.1 - - [19/Dec/2024 08:42:06] "POST /seller/add_book HTTP/1.1" 200 -
2024-12-19 08:42:06 - werkzeug - INFO - 127.0.0.1 - - [19/Dec/2024 08:42:06] "POST /seller/add_book HTTP/1.1" 200 -
2024-12-19 08:42:06 - werkzeug - INFO - 127.0.0.1 - - [19/Dec/2024 08:42:06] "POST /seller/add_book HTTP/1.1" 200 -
2024-12-19 08:42:06 - werkzeug - INFO - 127.0.0.1 - - [19/Dec/2024 08:42:06] "POST /seller/add_stock_level HTTP/1.1" 200 -
2024-12-19 08:42:06 - be.view.auth - INFO - 收到注册请求: {'user_id': 'test_add_book_stock_level1_user_12a75efa-bda2-11ef-890a-02a6845b4b32', 'password': 'test_add_book_stock_level1_user_12a75efa-bda2-11ef-890a-02a6845b4b32'}
2024-12-19 08:42:06 - be.model.user - INFO - 尝试注册新用户：test_add_book_stock_level1_user_12a75efa-bda2-11ef-890a-02a6845b4b32
2024-12-19 08:42:06 - be.model.user - INFO - 加密密码...
2024-12-19 08:42:06 - be.model.user - INFO - 创建新用户...
2024-12-19 08:42:06 - be.model.user - INFO - 添加用户到数据库...
2024-12-19 08:42:06 - be.model.user - INFO - 用户注册成功：test_add_book_stock_level1_user_12a75efa-bda2-11ef-890a-02a6845b4b32
2024-12-19 08:42:06 - be.view.auth - INFO - 注册处理结果: 200
2024-12-19 08:42:06 - werkzeug - INFO - 127.0.0.1 - - [19/Dec/2024 08:42:06] "POST /auth/register HTTP/1.1" 200 -
2024-12-19 08:42:07 - be.view.auth - INFO - 收到登录请求: {'user_id': 'test_add_book_stock_level1_user_12a75efa-bda2-11ef-890a-02a6845b4b32', 'password': 'test_add_book_stock_level1_user_12a75efa-bda2-11ef-890a-02a6845b4b32', 'terminal': 'my terminal'}
2024-12-19 08:42:07 - be.model.user - INFO - 尝试登录用户：test_add_book_stock_level1_user_12a75efa-bda2-11ef-890a-02a6845b4b32，终端：my terminal
2024-12-19 08:42:07 - be.model.user - INFO - 为用户 test_add_book_stock_level1_user_12a75efa-bda2-11ef-890a-02a6845b4b32 生成新token，终端：my terminal
2024-12-19 08:42:07 - be.model.user - INFO - 用户登录成功：test_add_book_stock_level1_user_12a75efa-bda2-11ef-890a-02a6845b4b32
2024-12-19 08:42:07 - be.view.auth - INFO - 登录处理结果: 200
2024-12-19 08:42:07 - werkzeug - INFO - 127.0.0.1 - - [19/Dec/2024 08:42:07] "POST /auth/login HTTP/1.1" 200 -
2024-12-19 08:42:07 - werkzeug - INFO - 127.0.0.1 - - [19/Dec/2024 08:42:07] "POST /seller/create_store HTTP/1.1" 200 -
2024-12-19 08:42:08 - werkzeug - INFO - 127.0.0.1 - - [19/Dec/2024 08:42:08] "POST /seller/add_book HTTP/1.1" 200 -
2024-12-19 08:42:08 - werkzeug - INFO - 127.0.0.1 - - [19/Dec/2024 08:42:08] "POST /seller/add_book HTTP/1.1" 200 -
2024-12-19 08:42:08 - werkzeug - INFO - 127.0.0.1 - - [19/Dec/2024 08:42:08] "POST /seller/add_book HTTP/1.1" 200 -
2024-12-19 08:42:08 - werkzeug - INFO - 127.0.0.1 - - [19/Dec/2024 08:42:08] "POST /seller/add_book HTTP/1.1" 200 -
2024-12-19 08:42:08 - werkzeug - INFO - 127.0.0.1 - - [19/Dec/2024 08:42:08] "POST /seller/add_book HTTP/1.1" 200 -
2024-12-19 08:42:08 - werkzeug - INFO - 127.0.0.1 - - [19/Dec/2024 08:42:08] "POST /seller/add_stock_level HTTP/1.1" 200 -
2024-12-19 08:42:08 - be.view.auth - INFO - 收到注册请求: {'user_id': 'test_add_book_stock_level1_user_13d1aa1a-bda2-11ef-890a-02a6845b4b32', 'password': 'test_add_book_stock_level1_user_13d1aa1a-bda2-11ef-890a-02a6845b4b32'}
2024-12-19 08:42:08 - be.model.user - INFO - 尝试注册新用户：test_add_book_stock_level1_user_13d1aa1a-bda2-11ef-890a-02a6845b4b32
2024-12-19 08:42:08 - be.model.user - INFO - 加密密码...
2024-12-19 08:42:08 - be.model.user - INFO - 创建新用户...
2024-12-19 08:42:08 - be.model.user - INFO - 添加用户到数据库...
2024-12-19 08:42:08 - be.model.user - INFO - 用户注册成功：test_add_book_stock_level1_user_13d1aa1a-bda2-11ef-890a-02a6845b4b32
2024-12-19 08:42:08 - be.view.auth - INFO - 注册处理结果: 200
2024-12-19 08:42:08 - werkzeug - INFO - 127.0.0.1 - - [19/Dec/2024 08:42:08] "POST /auth/register HTTP/1.1" 200 -
2024-12-19 08:42:08 - be.view.auth - INFO - 收到登录请求: {'user_id': 'test_add_book_stock_level1_user_13d1aa1a-bda2-11ef-890a-02a6845b4b32', 'password': 'test_add_book_stock_level1_user_13d1aa1a-bda2-11ef-890a-02a6845b4b32', 'terminal': 'my terminal'}
2024-12-19 08:42:08 - be.model.user - INFO - 尝试登录用户：test_add_book_stock_level1_user_13d1aa1a-bda2-11ef-890a-02a6845b4b32，终端：my terminal
2024-12-19 08:42:09 - be.model.user - INFO - 为用户 test_add_book_stock_level1_user_13d1aa1a-bda2-11ef-890a-02a6845b4b32 生成新token，终端：my terminal
2024-12-19 08:42:09 - be.model.user - INFO - 用户登录成功：test_add_book_stock_level1_user_13d1aa1a-bda2-11ef-890a-02a6845b4b32
2024-12-19 08:42:09 - be.view.auth - INFO - 登录处理结果: 200
2024-12-19 08:42:09 - werkzeug - INFO - 127.0.0.1 - - [19/Dec/2024 08:42:09] "POST /auth/login HTTP/1.1" 200 -
2024-12-19 08:42:09 - werkzeug - INFO - 127.0.0.1 - - [19/Dec/2024 08:42:09] "POST /seller/create_store HTTP/1.1" 200 -
2024-12-19 08:42:10 - werkzeug - INFO - 127.0.0.1 - - [19/Dec/2024 08:42:10] "POST /seller/add_book HTTP/1.1" 200 -
2024-12-19 08:42:10 - werkzeug - INFO - 127.0.0.1 - - [19/Dec/2024 08:42:10] "POST /seller/add_book HTTP/1.1" 200 -
2024-12-19 08:42:10 - werkzeug - INFO - 127.0.0.1 - - [19/Dec/2024 08:42:10] "POST /seller/add_book HTTP/1.1" 200 -
2024-12-19 08:42:10 - werkzeug - INFO - 127.0.0.1 - - [19/Dec/2024 08:42:10] "POST /seller/add_book HTTP/1.1" 200 -
2024-12-19 08:42:10 - werkzeug - INFO - 127.0.0.1 - - [19/Dec/2024 08:42:10] "POST /seller/add_book HTTP/1.1" 200 -
2024-12-19 08:42:10 - werkzeug - INFO - 127.0.0.1 - - [19/Dec/2024 08:42:10] "POST /seller/add_stock_level HTTP/1.1" 200 -
2024-12-19 08:42:10 - werkzeug - INFO - 127.0.0.1 - - [19/Dec/2024 08:42:10] "POST /seller/add_stock_level HTTP/1.1" 200 -
2024-12-19 08:42:10 - werkzeug - INFO - 127.0.0.1 - - [19/Dec/2024 08:42:10] "POST /seller/add_stock_level HTTP/1.1" 200 -
2024-12-19 08:42:10 - werkzeug - INFO - 127.0.0.1 - - [19/Dec/2024 08:42:10] "POST /seller/add_stock_level HTTP/1.1" 200 -
2024-12-19 08:42:10 - werkzeug - INFO - 127.0.0.1 - - [19/Dec/2024 08:42:10] "POST /seller/add_stock_level HTTP/1.1" 200 -
2024-12-19 08:42:10 - be.view.auth - INFO - 收到注册请求: {'user_id': 'test_new_order_buyer_id_152d7ca4-bda2-11ef-890a-02a6845b4b32', 'password': 'test_new_order_seller_id_152d7ab0-bda2-11ef-890a-02a6845b4b32'}
2024-12-19 08:42:10 - be.model.user - INFO - 尝试注册新用户：test_new_order_buyer_id_152d7ca4-bda2-11ef-890a-02a6845b4b32
2024-12-19 08:42:11 - be.model.user - INFO - 加密密码...
2024-12-19 08:42:11 - be.model.user - INFO - 创建新用户...
2024-12-19 08:42:11 - be.model.user - INFO - 添加用户到数据库...
2024-12-19 08:42:11 - be.model.user - INFO - 用户注册成功：test_new_order_buyer_id_152d7ca4-bda2-11ef-890a-02a6845b4b32
2024-12-19 08:42:11 - be.view.auth - INFO - 注册处理结果: 200
2024-12-19 08:42:11 - werkzeug - INFO - 127.0.0.1 - - [19/Dec/2024 08:42:11] "POST /auth/register HTTP/1.1" 200 -
2024-12-19 08:42:11 - be.view.auth - INFO - 收到登录请求: {'user_id': 'test_new_order_buyer_id_152d7ca4-bda2-11ef-890a-02a6845b4b32', 'password': 'test_new_order_seller_id_152d7ab0-bda2-11ef-890a-02a6845b4b32', 'terminal': 'my terminal'}
2024-12-19 08:42:11 - be.model.user - INFO - 尝试登录用户：test_new_order_buyer_id_152d7ca4-bda2-11ef-890a-02a6845b4b32，终端：my terminal
2024-12-19 08:42:11 - be.model.user - INFO - 为用户 test_new_order_buyer_id_152d7ca4-bda2-11ef-890a-02a6845b4b32 生成新token，终端：my terminal
2024-12-19 08:42:11 - be.model.user - INFO - 用户登录成功：test_new_order_buyer_id_152d7ca4-bda2-11ef-890a-02a6845b4b32
2024-12-19 08:42:11 - be.view.auth - INFO - 登录处理结果: 200
2024-12-19 08:42:11 - werkzeug - INFO - 127.0.0.1 - - [19/Dec/2024 08:42:11] "POST /auth/login HTTP/1.1" 200 -
2024-12-19 08:42:11 - be.view.auth - INFO - 收到注册请求: {'user_id': 'test_new_order_seller_id_152d7ab0-bda2-11ef-890a-02a6845b4b32', 'password': 'test_new_order_seller_id_152d7ab0-bda2-11ef-890a-02a6845b4b32'}
2024-12-19 08:42:11 - be.model.user - INFO - 尝试注册新用户：test_new_order_seller_id_152d7ab0-bda2-11ef-890a-02a6845b4b32
2024-12-19 08:42:11 - be.model.user - INFO - 加密密码...
2024-12-19 08:42:11 - be.model.user - INFO - 创建新用户...
2024-12-19 08:42:11 - be.model.user - INFO - 添加用户到数据库...
2024-12-19 08:42:11 - be.model.user - INFO - 用户注册成功：test_new_order_seller_id_152d7ab0-bda2-11ef-890a-02a6845b4b32
2024-12-19 08:42:11 - be.view.auth - INFO - 注册处理结果: 200
2024-12-19 08:42:11 - werkzeug - INFO - 127.0.0.1 - - [19/Dec/2024 08:42:11] "POST /auth/register HTTP/1.1" 200 -
2024-12-19 08:42:11 - be.view.auth - INFO - 收到登录请求: {'user_id': 'test_new_order_seller_id_152d7ab0-bda2-11ef-890a-02a6845b4b32', 'password': 'test_new_order_seller_id_152d7ab0-bda2-11ef-890a-02a6845b4b32', 'terminal': 'my terminal'}
2024-12-19 08:42:11 - be.model.user - INFO - 尝试登录用户：test_new_order_seller_id_152d7ab0-bda2-11ef-890a-02a6845b4b32，终端：my terminal
2024-12-19 08:42:11 - be.model.user - INFO - 为用户 test_new_order_seller_id_152d7ab0-bda2-11ef-890a-02a6845b4b32 生成新token，终端：my terminal
2024-12-19 08:42:11 - be.model.user - INFO - 用户登录成功：test_new_order_seller_id_152d7ab0-bda2-11ef-890a-02a6845b4b32
2024-12-19 08:42:11 - be.view.auth - INFO - 登录处理结果: 200
2024-12-19 08:42:11 - werkzeug - INFO - 127.0.0.1 - - [19/Dec/2024 08:42:11] "POST /auth/login HTTP/1.1" 200 -
2024-12-19 08:42:12 - werkzeug - INFO - 127.0.0.1 - - [19/Dec/2024 08:42:12] "POST /seller/create_store HTTP/1.1" 200 -
2024-12-19 08:42:13 - werkzeug - INFO - 127.0.0.1 - - [19/Dec/2024 08:42:13] "POST /seller/add_book HTTP/1.1" 200 -
2024-12-19 08:42:13 - werkzeug - INFO - 127.0.0.1 - - [19/Dec/2024 08:42:13] "POST /seller/add_book HTTP/1.1" 200 -
2024-12-19 08:42:13 - werkzeug - INFO - 127.0.0.1 - - [19/Dec/2024 08:42:13] "POST /seller/add_book HTTP/1.1" 200 -
2024-12-19 08:42:13 - werkzeug - INFO - 127.0.0.1 - - [19/Dec/2024 08:42:13] "POST /seller/add_book HTTP/1.1" 200 -
2024-12-19 08:42:13 - werkzeug - INFO - 127.0.0.1 - - [19/Dec/2024 08:42:13] "POST /seller/add_book HTTP/1.1" 200 -
2024-12-19 08:42:13 - werkzeug - INFO - 127.0.0.1 - - [19/Dec/2024 08:42:13] "POST /seller/add_book HTTP/1.1" 200 -
2024-12-19 08:42:13 - werkzeug - INFO - 127.0.0.1 - - [19/Dec/2024 08:42:13] "POST /seller/add_book HTTP/1.1" 200 -
2024-12-19 08:42:13 - werkzeug - INFO - 127.0.0.1 - - [19/Dec/2024 08:42:13] "POST /seller/add_book HTTP/1.1" 200 -
2024-12-19 08:42:14 - werkzeug - INFO - 127.0.0.1 - - [19/Dec/2024 08:42:14] "POST /seller/add_book HTTP/1.1" 200 -
2024-12-19 08:42:14 - werkzeug - INFO - 127.0.0.1 - - [19/Dec/2024 08:42:14] "POST /seller/add_book HTTP/1.1" 200 -
2024-12-19 08:42:14 - werkzeug - INFO - 127.0.0.1 - - [19/Dec/2024 08:42:14] "POST /seller/add_book HTTP/1.1" 200 -
2024-12-19 08:42:14 - werkzeug - INFO - 127.0.0.1 - - [19/Dec/2024 08:42:14] "POST /seller/add_book HTTP/1.1" 200 -
2024-12-19 08:42:14 - werkzeug - INFO - 127.0.0.1 - - [19/Dec/2024 08:42:14] "POST /seller/add_book HTTP/1.1" 200 -
2024-12-19 08:42:14 - werkzeug - INFO - 127.0.0.1 - - [19/Dec/2024 08:42:14] "POST /seller/add_book HTTP/1.1" 200 -
2024-12-19 08:42:14 - werkzeug - INFO - 127.0.0.1 - - [19/Dec/2024 08:42:14] "POST /seller/add_book HTTP/1.1" 200 -
2024-12-19 08:42:14 - werkzeug - INFO - 127.0.0.1 - - [19/Dec/2024 08:42:14] "POST /seller/add_book HTTP/1.1" 200 -
2024-12-19 08:42:14 - werkzeug - INFO - 127.0.0.1 - - [19/Dec/2024 08:42:14] "POST /buyer/new_order HTTP/1.1" 200 -
2024-12-19 08:42:14 - be.view.auth - INFO - 收到注册请求: {'user_id': 'test_new_order_buyer_id_1752c50c-bda2-11ef-890a-02a6845b4b32', 'password': 'test_new_order_seller_id_1752c408-bda2-11ef-890a-02a6845b4b32'}
2024-12-19 08:42:14 - be.model.user - INFO - 尝试注册新用户：test_new_order_buyer_id_1752c50c-bda2-11ef-890a-02a6845b4b32
2024-12-19 08:42:14 - be.model.user - INFO - 加密密码...
2024-12-19 08:42:14 - be.model.user - INFO - 创建新用户...
2024-12-19 08:42:14 - be.model.user - INFO - 添加用户到数据库...
2024-12-19 08:42:14 - be.model.user - INFO - 用户注册成功：test_new_order_buyer_id_1752c50c-bda2-11ef-890a-02a6845b4b32
2024-12-19 08:42:14 - be.view.auth - INFO - 注册处理结果: 200
2024-12-19 08:42:14 - werkzeug - INFO - 127.0.0.1 - - [19/Dec/2024 08:42:14] "POST /auth/register HTTP/1.1" 200 -
2024-12-19 08:42:14 - be.view.auth - INFO - 收到登录请求: {'user_id': 'test_new_order_buyer_id_1752c50c-bda2-11ef-890a-02a6845b4b32', 'password': 'test_new_order_seller_id_1752c408-bda2-11ef-890a-02a6845b4b32', 'terminal': 'my terminal'}
2024-12-19 08:42:14 - be.model.user - INFO - 尝试登录用户：test_new_order_buyer_id_1752c50c-bda2-11ef-890a-02a6845b4b32，终端：my terminal
2024-12-19 08:42:14 - be.model.user - INFO - 为用户 test_new_order_buyer_id_1752c50c-bda2-11ef-890a-02a6845b4b32 生成新token，终端：my terminal
2024-12-19 08:42:14 - be.model.user - INFO - 用户登录成功：test_new_order_buyer_id_1752c50c-bda2-11ef-890a-02a6845b4b32
2024-12-19 08:42:15 - be.view.auth - INFO - 登录处理结果: 200
2024-12-19 08:42:15 - werkzeug - INFO - 127.0.0.1 - - [19/Dec/2024 08:42:15] "POST /auth/login HTTP/1.1" 200 -
2024-12-19 08:42:15 - be.view.auth - INFO - 收到注册请求: {'user_id': 'test_new_order_seller_id_1752c408-bda2-11ef-890a-02a6845b4b32', 'password': 'test_new_order_seller_id_1752c408-bda2-11ef-890a-02a6845b4b32'}
2024-12-19 08:42:15 - be.model.user - INFO - 尝试注册新用户：test_new_order_seller_id_1752c408-bda2-11ef-890a-02a6845b4b32
2024-12-19 08:42:15 - be.model.user - INFO - 加密密码...
2024-12-19 08:42:15 - be.model.user - INFO - 创建新用户...
2024-12-19 08:42:15 - be.model.user - INFO - 添加用户到数据库...
2024-12-19 08:42:15 - be.model.user - INFO - 用户注册成功：test_new_order_seller_id_1752c408-bda2-11ef-890a-02a6845b4b32
2024-12-19 08:42:15 - be.view.auth - INFO - 注册处理结果: 200
2024-12-19 08:42:15 - werkzeug - INFO - 127.0.0.1 - - [19/Dec/2024 08:42:15] "POST /auth/register HTTP/1.1" 200 -
2024-12-19 08:42:15 - be.view.auth - INFO - 收到登录请求: {'user_id': 'test_new_order_seller_id_1752c408-bda2-11ef-890a-02a6845b4b32', 'password': 'test_new_order_seller_id_1752c408-bda2-11ef-890a-02a6845b4b32', 'terminal': 'my terminal'}
2024-12-19 08:42:15 - be.model.user - INFO - 尝试登录用户：test_new_order_seller_id_1752c408-bda2-11ef-890a-02a6845b4b32，终端：my terminal
2024-12-19 08:42:15 - be.model.user - INFO - 为用户 test_new_order_seller_id_1752c408-bda2-11ef-890a-02a6845b4b32 生成新token，终端：my terminal
2024-12-19 08:42:15 - be.model.user - INFO - 用户登录成功：test_new_order_seller_id_1752c408-bda2-11ef-890a-02a6845b4b32
2024-12-19 08:42:15 - be.view.auth - INFO - 登录处理结果: 200
2024-12-19 08:42:15 - werkzeug - INFO - 127.0.0.1 - - [19/Dec/2024 08:42:15] "POST /auth/login HTTP/1.1" 200 -
2024-12-19 08:42:15 - werkzeug - INFO - 127.0.0.1 - - [19/Dec/2024 08:42:15] "POST /seller/create_store HTTP/1.1" 200 -
2024-12-19 08:42:17 - werkzeug - INFO - 127.0.0.1 - - [19/Dec/2024 08:42:17] "POST /seller/add_book HTTP/1.1" 200 -
2024-12-19 08:42:18 - werkzeug - INFO - 127.0.0.1 - - [19/Dec/2024 08:42:18] "POST /seller/add_book HTTP/1.1" 200 -
2024-12-19 08:42:18 - werkzeug - INFO - 127.0.0.1 - - [19/Dec/2024 08:42:18] "POST /seller/add_book HTTP/1.1" 200 -
2024-12-19 08:42:18 - werkzeug - INFO - 127.0.0.1 - - [19/Dec/2024 08:42:18] "POST /seller/add_book HTTP/1.1" 200 -
2024-12-19 08:42:18 - werkzeug - INFO - 127.0.0.1 - - [19/Dec/2024 08:42:18] "POST /seller/add_book HTTP/1.1" 200 -
2024-12-19 08:42:18 - werkzeug - INFO - 127.0.0.1 - - [19/Dec/2024 08:42:18] "POST /seller/add_book HTTP/1.1" 200 -
2024-12-19 08:42:18 - werkzeug - INFO - 127.0.0.1 - - [19/Dec/2024 08:42:18] "POST /seller/add_book HTTP/1.1" 200 -
2024-12-19 08:42:18 - werkzeug - INFO - 127.0.0.1 - - [19/Dec/2024 08:42:18] "POST /seller/add_book HTTP/1.1" 200 -
2024-12-19 08:42:18 - werkzeug - INFO - 127.0.0.1 - - [19/Dec/2024 08:42:18] "POST /seller/add_book HTTP/1.1" 200 -
2024-12-19 08:42:18 - werkzeug - INFO - 127.0.0.1 - - [19/Dec/2024 08:42:18] "POST /seller/add_book HTTP/1.1" 200 -
2024-12-19 08:42:18 - werkzeug - INFO - 127.0.0.1 - - [19/Dec/2024 08:42:18] "POST /seller/add_book HTTP/1.1" 200 -
2024-12-19 08:42:18 - werkzeug - INFO - 127.0.0.1 - - [19/Dec/2024 08:42:18] "POST /seller/add_book HTTP/1.1" 200 -
2024-12-19 08:42:18 - werkzeug - INFO - 127.0.0.1 - - [19/Dec/2024 08:42:18] "POST /seller/add_book HTTP/1.1" 200 -
2024-12-19 08:42:18 - werkzeug - INFO - 127.0.0.1 - - [19/Dec/2024 08:42:18] "POST /seller/add_book HTTP/1.1" 200 -
2024-12-19 08:42:18 - werkzeug - INFO - 127.0.0.1 - - [19/Dec/2024 08:42:18] "POST /seller/add_book HTTP/1.1" 200 -
2024-12-19 08:42:18 - werkzeug - INFO - 127.0.0.1 - - [19/Dec/2024 08:42:18] "POST /seller/add_book HTTP/1.1" 200 -
2024-12-19 08:42:18 - werkzeug - INFO - 127.0.0.1 - - [19/Dec/2024 08:42:18] "POST /seller/add_book HTTP/1.1" 200 -
2024-12-19 08:42:19 - werkzeug - INFO - 127.0.0.1 - - [19/Dec/2024 08:42:19] "POST /seller/add_book HTTP/1.1" 200 -
2024-12-19 08:42:19 - werkzeug - INFO - 127.0.0.1 - - [19/Dec/2024 08:42:19] "POST /seller/add_book HTTP/1.1" 200 -
2024-12-19 08:42:19 - werkzeug - INFO - 127.0.0.1 - - [19/Dec/2024 08:42:19] "POST /seller/add_book HTTP/1.1" 200 -
2024-12-19 08:42:19 - werkzeug - INFO - 127.0.0.1 - - [19/Dec/2024 08:42:19] "POST /seller/add_book HTTP/1.1" 200 -
2024-12-19 08:42:19 - werkzeug - INFO - 127.0.0.1 - - [19/Dec/2024 08:42:19] "POST /seller/add_book HTTP/1.1" 200 -
2024-12-19 08:42:19 - werkzeug - INFO - 127.0.0.1 - - [19/Dec/2024 08:42:19] "POST /seller/add_book HTTP/1.1" 200 -
2024-12-19 08:42:19 - werkzeug - INFO - 127.0.0.1 - - [19/Dec/2024 08:42:19] "POST /seller/add_book HTTP/1.1" 200 -
2024-12-19 08:42:19 - werkzeug - INFO - 127.0.0.1 - - [19/Dec/2024 08:42:19] "POST /seller/add_book HTTP/1.1" 200 -
2024-12-19 08:42:19 - werkzeug - INFO - 127.0.0.1 - - [19/Dec/2024 08:42:19] "POST /seller/add_book HTTP/1.1" 200 -
2024-12-19 08:42:19 - werkzeug - INFO - 127.0.0.1 - - [19/Dec/2024 08:42:19] "POST /seller/add_book HTTP/1.1" 200 -
2024-12-19 08:42:19 - werkzeug - INFO - 127.0.0.1 - - [19/Dec/2024 08:42:19] "POST /seller/add_book HTTP/1.1" 200 -
2024-12-19 08:42:19 - werkzeug - INFO - 127.0.0.1 - - [19/Dec/2024 08:42:19] "POST /seller/add_book HTTP/1.1" 200 -
2024-12-19 08:42:19 - werkzeug - INFO - 127.0.0.1 - - [19/Dec/2024 08:42:19] "POST /seller/add_book HTTP/1.1" 200 -
2024-12-19 08:42:19 - werkzeug - INFO - 127.0.0.1 - - [19/Dec/2024 08:42:19] "POST /seller/add_book HTTP/1.1" 200 -
2024-12-19 08:42:19 - werkzeug - INFO - 127.0.0.1 - - [19/Dec/2024 08:42:19] "POST /seller/add_book HTTP/1.1" 200 -
2024-12-19 08:42:20 - werkzeug - INFO - 127.0.0.1 - - [19/Dec/2024 08:42:20] "POST /seller/add_book HTTP/1.1" 200 -
2024-12-19 08:42:20 - werkzeug - INFO - 127.0.0.1 - - [19/Dec/2024 08:42:20] "POST /seller/add_book HTTP/1.1" 200 -
2024-12-19 08:42:20 - werkzeug - INFO - 127.0.0.1 - - [19/Dec/2024 08:42:20] "POST /seller/add_book HTTP/1.1" 200 -
2024-12-19 08:42:20 - werkzeug - INFO - 127.0.0.1 - - [19/Dec/2024 08:42:20] "POST /seller/add_book HTTP/1.1" 200 -
2024-12-19 08:42:20 - werkzeug - INFO - 127.0.0.1 - - [19/Dec/2024 08:42:20] "POST /seller/add_book HTTP/1.1" 200 -
2024-12-19 08:42:20 - werkzeug - INFO - 127.0.0.1 - - [19/Dec/2024 08:42:20] "POST /seller/add_book HTTP/1.1" 200 -
2024-12-19 08:42:20 - werkzeug - INFO - 127.0.0.1 - - [19/Dec/2024 08:42:20] "POST /seller/add_book HTTP/1.1" 200 -
2024-12-19 08:42:20 - werkzeug - INFO - 127.0.0.1 - - [19/Dec/2024 08:42:20] "POST /seller/add_book HTTP/1.1" 200 -
2024-12-19 08:42:20 - werkzeug - INFO - 127.0.0.1 - - [19/Dec/2024 08:42:20] "POST /buyer/new_order HTTP/1.1" 200 -
2024-12-19 08:42:20 - be.view.auth - INFO - 收到注册请求: {'user_id': 'test_new_order_buyer_id_1af1a6a6-bda2-11ef-890a-02a6845b4b32', 'password': 'test_new_order_seller_id_1af1a534-bda2-11ef-890a-02a6845b4b32'}
2024-12-19 08:42:20 - be.model.user - INFO - 尝试注册新用户：test_new_order_buyer_id_1af1a6a6-bda2-11ef-890a-02a6845b4b32
2024-12-19 08:42:20 - be.model.user - INFO - 加密密码...
2024-12-19 08:42:20 - be.model.user - INFO - 创建新用户...
2024-12-19 08:42:20 - be.model.user - INFO - 添加用户到数据库...
2024-12-19 08:42:20 - be.model.user - INFO - 用户注册成功：test_new_order_buyer_id_1af1a6a6-bda2-11ef-890a-02a6845b4b32
2024-12-19 08:42:20 - be.view.auth - INFO - 注册处理结果: 200
2024-12-19 08:42:20 - werkzeug - INFO - 127.0.0.1 - - [19/Dec/2024 08:42:20] "POST /auth/register HTTP/1.1" 200 -
2024-12-19 08:42:20 - be.view.auth - INFO - 收到登录请求: {'user_id': 'test_new_order_buyer_id_1af1a6a6-bda2-11ef-890a-02a6845b4b32', 'password': 'test_new_order_seller_id_1af1a534-bda2-11ef-890a-02a6845b4b32', 'terminal': 'my terminal'}
2024-12-19 08:42:20 - be.model.user - INFO - 尝试登录用户：test_new_order_buyer_id_1af1a6a6-bda2-11ef-890a-02a6845b4b32，终端：my terminal
2024-12-19 08:42:21 - be.model.user - INFO - 为用户 test_new_order_buyer_id_1af1a6a6-bda2-11ef-890a-02a6845b4b32 生成新token，终端：my terminal
2024-12-19 08:42:21 - be.model.user - INFO - 用户登录成功：test_new_order_buyer_id_1af1a6a6-bda2-11ef-890a-02a6845b4b32
2024-12-19 08:42:21 - be.view.auth - INFO - 登录处理结果: 200
2024-12-19 08:42:21 - werkzeug - INFO - 127.0.0.1 - - [19/Dec/2024 08:42:21] "POST /auth/login HTTP/1.1" 200 -
2024-12-19 08:42:21 - be.view.auth - INFO - 收到注册请求: {'user_id': 'test_new_order_seller_id_1af1a534-bda2-11ef-890a-02a6845b4b32', 'password': 'test_new_order_seller_id_1af1a534-bda2-11ef-890a-02a6845b4b32'}
2024-12-19 08:42:21 - be.model.user - INFO - 尝试注册新用户：test_new_order_seller_id_1af1a534-bda2-11ef-890a-02a6845b4b32
2024-12-19 08:42:21 - be.model.user - INFO - 加密密码...
2024-12-19 08:42:21 - be.model.user - INFO - 创建新用户...
2024-12-19 08:42:21 - be.model.user - INFO - 添加用户到数据库...
2024-12-19 08:42:21 - be.model.user - INFO - 用户注册成功：test_new_order_seller_id_1af1a534-bda2-11ef-890a-02a6845b4b32
2024-12-19 08:42:21 - be.view.auth - INFO - 注册处理结果: 200
2024-12-19 08:42:21 - werkzeug - INFO - 127.0.0.1 - - [19/Dec/2024 08:42:21] "POST /auth/register HTTP/1.1" 200 -
2024-12-19 08:42:21 - be.view.auth - INFO - 收到登录请求: {'user_id': 'test_new_order_seller_id_1af1a534-bda2-11ef-890a-02a6845b4b32', 'password': 'test_new_order_seller_id_1af1a534-bda2-11ef-890a-02a6845b4b32', 'terminal': 'my terminal'}
2024-12-19 08:42:21 - be.model.user - INFO - 尝试登录用户：test_new_order_seller_id_1af1a534-bda2-11ef-890a-02a6845b4b32，终端：my terminal
2024-12-19 08:42:21 - be.model.user - INFO - 为用户 test_new_order_seller_id_1af1a534-bda2-11ef-890a-02a6845b4b32 生成新token，终端：my terminal
2024-12-19 08:42:21 - be.model.user - INFO - 用户登录成功：test_new_order_seller_id_1af1a534-bda2-11ef-890a-02a6845b4b32
2024-12-19 08:42:21 - be.view.auth - INFO - 登录处理结果: 200
2024-12-19 08:42:21 - werkzeug - INFO - 127.0.0.1 - - [19/Dec/2024 08:42:21] "POST /auth/login HTTP/1.1" 200 -
2024-12-19 08:42:21 - werkzeug - INFO - 127.0.0.1 - - [19/Dec/2024 08:42:21] "POST /seller/create_store HTTP/1.1" 200 -
2024-12-19 08:42:24 - werkzeug - INFO - 127.0.0.1 - - [19/Dec/2024 08:42:24] "POST /seller/add_book HTTP/1.1" 200 -
2024-12-19 08:42:24 - werkzeug - INFO - 127.0.0.1 - - [19/Dec/2024 08:42:24] "POST /seller/add_book HTTP/1.1" 200 -
2024-12-19 08:42:24 - werkzeug - INFO - 127.0.0.1 - - [19/Dec/2024 08:42:24] "POST /seller/add_book HTTP/1.1" 200 -
2024-12-19 08:42:24 - werkzeug - INFO - 127.0.0.1 - - [19/Dec/2024 08:42:24] "POST /seller/add_book HTTP/1.1" 200 -
2024-12-19 08:42:24 - werkzeug - INFO - 127.0.0.1 - - [19/Dec/2024 08:42:24] "POST /seller/add_book HTTP/1.1" 200 -
2024-12-19 08:42:24 - werkzeug - INFO - 127.0.0.1 - - [19/Dec/2024 08:42:24] "POST /seller/add_book HTTP/1.1" 200 -
2024-12-19 08:42:24 - werkzeug - INFO - 127.0.0.1 - - [19/Dec/2024 08:42:24] "POST /seller/add_book HTTP/1.1" 200 -
2024-12-19 08:42:24 - werkzeug - INFO - 127.0.0.1 - - [19/Dec/2024 08:42:24] "POST /seller/add_book HTTP/1.1" 200 -
2024-12-19 08:42:24 - werkzeug - INFO - 127.0.0.1 - - [19/Dec/2024 08:42:24] "POST /seller/add_book HTTP/1.1" 200 -
2024-12-19 08:42:24 - werkzeug - INFO - 127.0.0.1 - - [19/Dec/2024 08:42:24] "POST /seller/add_book HTTP/1.1" 200 -
2024-12-19 08:42:24 - werkzeug - INFO - 127.0.0.1 - - [19/Dec/2024 08:42:24] "POST /seller/add_book HTTP/1.1" 200 -
2024-12-19 08:42:24 - werkzeug - INFO - 127.0.0.1 - - [19/Dec/2024 08:42:24] "POST /seller/add_book HTTP/1.1" 200 -
2024-12-19 08:42:24 - werkzeug - INFO - 127.0.0.1 - - [19/Dec/2024 08:42:24] "POST /seller/add_book HTTP/1.1" 200 -
2024-12-19 08:42:24 - werkzeug - INFO - 127.0.0.1 - - [19/Dec/2024 08:42:24] "POST /seller/add_book HTTP/1.1" 200 -
2024-12-19 08:42:25 - werkzeug - INFO - 127.0.0.1 - - [19/Dec/2024 08:42:25] "POST /seller/add_book HTTP/1.1" 200 -
2024-12-19 08:42:25 - werkzeug - INFO - 127.0.0.1 - - [19/Dec/2024 08:42:25] "POST /seller/add_book HTTP/1.1" 200 -
2024-12-19 08:42:25 - werkzeug - INFO - 127.0.0.1 - - [19/Dec/2024 08:42:25] "POST /seller/add_book HTTP/1.1" 200 -
2024-12-19 08:42:25 - werkzeug - INFO - 127.0.0.1 - - [19/Dec/2024 08:42:25] "POST /seller/add_book HTTP/1.1" 200 -
2024-12-19 08:42:25 - werkzeug - INFO - 127.0.0.1 - - [19/Dec/2024 08:42:25] "POST /seller/add_book HTTP/1.1" 200 -
2024-12-19 08:42:25 - werkzeug - INFO - 127.0.0.1 - - [19/Dec/2024 08:42:25] "POST /seller/add_book HTTP/1.1" 200 -
2024-12-19 08:42:25 - werkzeug - INFO - 127.0.0.1 - - [19/Dec/2024 08:42:25] "POST /seller/add_book HTTP/1.1" 200 -
2024-12-19 08:42:25 - werkzeug - INFO - 127.0.0.1 - - [19/Dec/2024 08:42:25] "POST /seller/add_book HTTP/1.1" 200 -
2024-12-19 08:42:25 - werkzeug - INFO - 127.0.0.1 - - [19/Dec/2024 08:42:25] "POST /seller/add_book HTTP/1.1" 200 -
2024-12-19 08:42:25 - werkzeug - INFO - 127.0.0.1 - - [19/Dec/2024 08:42:25] "POST /seller/add_book HTTP/1.1" 200 -
2024-12-19 08:42:25 - werkzeug - INFO - 127.0.0.1 - - [19/Dec/2024 08:42:25] "POST /seller/add_book HTTP/1.1" 200 -
2024-12-19 08:42:25 - werkzeug - INFO - 127.0.0.1 - - [19/Dec/2024 08:42:25] "POST /seller/add_book HTTP/1.1" 200 -
2024-12-19 08:42:25 - werkzeug - INFO - 127.0.0.1 - - [19/Dec/2024 08:42:25] "POST /seller/add_book HTTP/1.1" 200 -
2024-12-19 08:42:25 - werkzeug - INFO - 127.0.0.1 - - [19/Dec/2024 08:42:25] "POST /seller/add_book HTTP/1.1" 200 -
2024-12-19 08:42:25 - werkzeug - INFO - 127.0.0.1 - - [19/Dec/2024 08:42:25] "POST /seller/add_book HTTP/1.1" 200 -
2024-12-19 08:42:26 - werkzeug - INFO - 127.0.0.1 - - [19/Dec/2024 08:42:26] "POST /seller/add_book HTTP/1.1" 200 -
2024-12-19 08:42:26 - werkzeug - INFO - 127.0.0.1 - - [19/Dec/2024 08:42:26] "POST /seller/add_book HTTP/1.1" 200 -
2024-12-19 08:42:26 - werkzeug - INFO - 127.0.0.1 - - [19/Dec/2024 08:42:26] "POST /seller/add_book HTTP/1.1" 200 -
2024-12-19 08:42:26 - werkzeug - INFO - 127.0.0.1 - - [19/Dec/2024 08:42:26] "POST /seller/add_book HTTP/1.1" 200 -
2024-12-19 08:42:26 - werkzeug - INFO - 127.0.0.1 - - [19/Dec/2024 08:42:26] "POST /seller/add_book HTTP/1.1" 200 -
2024-12-19 08:42:26 - werkzeug - INFO - 127.0.0.1 - - [19/Dec/2024 08:42:26] "POST /seller/add_book HTTP/1.1" 200 -
2024-12-19 08:42:26 - werkzeug - INFO - 127.0.0.1 - - [19/Dec/2024 08:42:26] "POST /seller/add_book HTTP/1.1" 200 -
2024-12-19 08:42:26 - werkzeug - INFO - 127.0.0.1 - - [19/Dec/2024 08:42:26] "POST /seller/add_book HTTP/1.1" 200 -
2024-12-19 08:42:26 - werkzeug - INFO - 127.0.0.1 - - [19/Dec/2024 08:42:26] "POST /seller/add_book HTTP/1.1" 200 -
2024-12-19 08:42:26 - werkzeug - INFO - 127.0.0.1 - - [19/Dec/2024 08:42:26] "POST /seller/add_book HTTP/1.1" 200 -
2024-12-19 08:42:26 - werkzeug - INFO - 127.0.0.1 - - [19/Dec/2024 08:42:26] "POST /buyer/new_order HTTP/1.1" 200 -
2024-12-19 08:42:26 - be.view.auth - INFO - 收到注册请求: {'user_id': 'test_new_order_buyer_id_1e8e90da-bda2-11ef-890a-02a6845b4b32', 'password': 'test_new_order_seller_id_1e8e8f9a-bda2-11ef-890a-02a6845b4b32'}
2024-12-19 08:42:26 - be.model.user - INFO - 尝试注册新用户：test_new_order_buyer_id_1e8e90da-bda2-11ef-890a-02a6845b4b32
2024-12-19 08:42:26 - be.model.user - INFO - 加密密码...
2024-12-19 08:42:26 - be.model.user - INFO - 创建新用户...
2024-12-19 08:42:26 - be.model.user - INFO - 添加用户到数据库...
2024-12-19 08:42:26 - be.model.user - INFO - 用户注册成功：test_new_order_buyer_id_1e8e90da-bda2-11ef-890a-02a6845b4b32
2024-12-19 08:42:26 - be.view.auth - INFO - 注册处理结果: 200
2024-12-19 08:42:26 - werkzeug - INFO - 127.0.0.1 - - [19/Dec/2024 08:42:26] "POST /auth/register HTTP/1.1" 200 -
2024-12-19 08:42:26 - be.view.auth - INFO - 收到登录请求: {'user_id': 'test_new_order_buyer_id_1e8e90da-bda2-11ef-890a-02a6845b4b32', 'password': 'test_new_order_seller_id_1e8e8f9a-bda2-11ef-890a-02a6845b4b32', 'terminal': 'my terminal'}
2024-12-19 08:42:26 - be.model.user - INFO - 尝试登录用户：test_new_order_buyer_id_1e8e90da-bda2-11ef-890a-02a6845b4b32，终端：my terminal
2024-12-19 08:42:27 - be.model.user - INFO - 为用户 test_new_order_buyer_id_1e8e90da-bda2-11ef-890a-02a6845b4b32 生成新token，终端：my terminal
2024-12-19 08:42:27 - be.model.user - INFO - 用户登录成功：test_new_order_buyer_id_1e8e90da-bda2-11ef-890a-02a6845b4b32
2024-12-19 08:42:27 - be.view.auth - INFO - 登录处理结果: 200
2024-12-19 08:42:27 - werkzeug - INFO - 127.0.0.1 - - [19/Dec/2024 08:42:27] "POST /auth/login HTTP/1.1" 200 -
2024-12-19 08:42:27 - be.view.auth - INFO - 收到注册请求: {'user_id': 'test_new_order_seller_id_1e8e8f9a-bda2-11ef-890a-02a6845b4b32', 'password': 'test_new_order_seller_id_1e8e8f9a-bda2-11ef-890a-02a6845b4b32'}
2024-12-19 08:42:27 - be.model.user - INFO - 尝试注册新用户：test_new_order_seller_id_1e8e8f9a-bda2-11ef-890a-02a6845b4b32
2024-12-19 08:42:27 - be.model.user - INFO - 加密密码...
2024-12-19 08:42:27 - be.model.user - INFO - 创建新用户...
2024-12-19 08:42:27 - be.model.user - INFO - 添加用户到数据库...
2024-12-19 08:42:27 - be.model.user - INFO - 用户注册成功：test_new_order_seller_id_1e8e8f9a-bda2-11ef-890a-02a6845b4b32
2024-12-19 08:42:27 - be.view.auth - INFO - 注册处理结果: 200
2024-12-19 08:42:27 - werkzeug - INFO - 127.0.0.1 - - [19/Dec/2024 08:42:27] "POST /auth/register HTTP/1.1" 200 -
2024-12-19 08:42:27 - be.view.auth - INFO - 收到登录请求: {'user_id': 'test_new_order_seller_id_1e8e8f9a-bda2-11ef-890a-02a6845b4b32', 'password': 'test_new_order_seller_id_1e8e8f9a-bda2-11ef-890a-02a6845b4b32', 'terminal': 'my terminal'}
2024-12-19 08:42:27 - be.model.user - INFO - 尝试登录用户：test_new_order_seller_id_1e8e8f9a-bda2-11ef-890a-02a6845b4b32，终端：my terminal
2024-12-19 08:42:27 - be.model.user - INFO - 为用户 test_new_order_seller_id_1e8e8f9a-bda2-11ef-890a-02a6845b4b32 生成新token，终端：my terminal
2024-12-19 08:42:27 - be.model.user - INFO - 用户登录成功：test_new_order_seller_id_1e8e8f9a-bda2-11ef-890a-02a6845b4b32
2024-12-19 08:42:27 - be.view.auth - INFO - 登录处理结果: 200
2024-12-19 08:42:27 - werkzeug - INFO - 127.0.0.1 - - [19/Dec/2024 08:42:27] "POST /auth/login HTTP/1.1" 200 -
2024-12-19 08:42:27 - werkzeug - INFO - 127.0.0.1 - - [19/Dec/2024 08:42:27] "POST /seller/create_store HTTP/1.1" 200 -
2024-12-19 08:42:31 - werkzeug - INFO - 127.0.0.1 - - [19/Dec/2024 08:42:31] "POST /seller/add_book HTTP/1.1" 200 -
2024-12-19 08:42:31 - werkzeug - INFO - 127.0.0.1 - - [19/Dec/2024 08:42:31] "POST /seller/add_book HTTP/1.1" 200 -
2024-12-19 08:42:31 - werkzeug - INFO - 127.0.0.1 - - [19/Dec/2024 08:42:31] "POST /seller/add_book HTTP/1.1" 200 -
2024-12-19 08:42:31 - werkzeug - INFO - 127.0.0.1 - - [19/Dec/2024 08:42:31] "POST /seller/add_book HTTP/1.1" 200 -
2024-12-19 08:42:31 - werkzeug - INFO - 127.0.0.1 - - [19/Dec/2024 08:42:31] "POST /seller/add_book HTTP/1.1" 200 -
2024-12-19 08:42:31 - werkzeug - INFO - 127.0.0.1 - - [19/Dec/2024 08:42:31] "POST /seller/add_book HTTP/1.1" 200 -
2024-12-19 08:42:31 - werkzeug - INFO - 127.0.0.1 - - [19/Dec/2024 08:42:31] "POST /seller/add_book HTTP/1.1" 200 -
2024-12-19 08:42:31 - werkzeug - INFO - 127.0.0.1 - - [19/Dec/2024 08:42:31] "POST /seller/add_book HTTP/1.1" 200 -
2024-12-19 08:42:31 - werkzeug - INFO - 127.0.0.1 - - [19/Dec/2024 08:42:31] "POST /seller/add_book HTTP/1.1" 200 -
2024-12-19 08:42:31 - werkzeug - INFO - 127.0.0.1 - - [19/Dec/2024 08:42:31] "POST /seller/add_book HTTP/1.1" 200 -
2024-12-19 08:42:31 - werkzeug - INFO - 127.0.0.1 - - [19/Dec/2024 08:42:31] "POST /seller/add_book HTTP/1.1" 200 -
2024-12-19 08:42:31 - werkzeug - INFO - 127.0.0.1 - - [19/Dec/2024 08:42:31] "POST /seller/add_book HTTP/1.1" 200 -
2024-12-19 08:42:31 - werkzeug - INFO - 127.0.0.1 - - [19/Dec/2024 08:42:31] "POST /seller/add_book HTTP/1.1" 200 -
2024-12-19 08:42:31 - werkzeug - INFO - 127.0.0.1 - - [19/Dec/2024 08:42:31] "POST /seller/add_book HTTP/1.1" 200 -
2024-12-19 08:42:32 - werkzeug - INFO - 127.0.0.1 - - [19/Dec/2024 08:42:32] "POST /seller/add_book HTTP/1.1" 200 -
2024-12-19 08:42:32 - werkzeug - INFO - 127.0.0.1 - - [19/Dec/2024 08:42:32] "POST /seller/add_book HTTP/1.1" 200 -
2024-12-19 08:42:32 - werkzeug - INFO - 127.0.0.1 - - [19/Dec/2024 08:42:32] "POST /seller/add_book HTTP/1.1" 200 -
2024-12-19 08:42:32 - werkzeug - INFO - 127.0.0.1 - - [19/Dec/2024 08:42:32] "POST /seller/add_book HTTP/1.1" 200 -
2024-12-19 08:42:32 - werkzeug - INFO - 127.0.0.1 - - [19/Dec/2024 08:42:32] "POST /seller/add_book HTTP/1.1" 200 -
2024-12-19 08:42:32 - werkzeug - INFO - 127.0.0.1 - - [19/Dec/2024 08:42:32] "POST /seller/add_book HTTP/1.1" 200 -
2024-12-19 08:42:32 - werkzeug - INFO - 127.0.0.1 - - [19/Dec/2024 08:42:32] "POST /seller/add_book HTTP/1.1" 200 -
2024-12-19 08:42:32 - werkzeug - INFO - 127.0.0.1 - - [19/Dec/2024 08:42:32] "POST /seller/add_book HTTP/1.1" 200 -
2024-12-19 08:42:32 - werkzeug - INFO - 127.0.0.1 - - [19/Dec/2024 08:42:32] "POST /seller/add_book HTTP/1.1" 200 -
2024-12-19 08:42:32 - werkzeug - INFO - 127.0.0.1 - - [19/Dec/2024 08:42:32] "POST /seller/add_book HTTP/1.1" 200 -
2024-12-19 08:42:32 - werkzeug - INFO - 127.0.0.1 - - [19/Dec/2024 08:42:32] "POST /seller/add_book HTTP/1.1" 200 -
2024-12-19 08:42:32 - werkzeug - INFO - 127.0.0.1 - - [19/Dec/2024 08:42:32] "POST /seller/add_book HTTP/1.1" 200 -
2024-12-19 08:42:32 - werkzeug - INFO - 127.0.0.1 - - [19/Dec/2024 08:42:32] "POST /seller/add_book HTTP/1.1" 200 -
2024-12-19 08:42:33 - werkzeug - INFO - 127.0.0.1 - - [19/Dec/2024 08:42:33] "POST /seller/add_book HTTP/1.1" 200 -
2024-12-19 08:42:33 - werkzeug - INFO - 127.0.0.1 - - [19/Dec/2024 08:42:33] "POST /seller/add_book HTTP/1.1" 200 -
2024-12-19 08:42:33 - werkzeug - INFO - 127.0.0.1 - - [19/Dec/2024 08:42:33] "POST /seller/add_book HTTP/1.1" 200 -
2024-12-19 08:42:33 - werkzeug - INFO - 127.0.0.1 - - [19/Dec/2024 08:42:33] "POST /seller/add_book HTTP/1.1" 200 -
2024-12-19 08:42:33 - werkzeug - INFO - 127.0.0.1 - - [19/Dec/2024 08:42:33] "POST /seller/add_book HTTP/1.1" 200 -
2024-12-19 08:42:33 - werkzeug - INFO - 127.0.0.1 - - [19/Dec/2024 08:42:33] "POST /seller/add_book HTTP/1.1" 200 -
2024-12-19 08:42:33 - werkzeug - INFO - 127.0.0.1 - - [19/Dec/2024 08:42:33] "POST /seller/add_book HTTP/1.1" 200 -
2024-12-19 08:42:33 - werkzeug - INFO - 127.0.0.1 - - [19/Dec/2024 08:42:33] "POST /seller/add_book HTTP/1.1" 200 -
2024-12-19 08:42:33 - werkzeug - INFO - 127.0.0.1 - - [19/Dec/2024 08:42:33] "POST /seller/add_book HTTP/1.1" 200 -
2024-12-19 08:42:33 - werkzeug - INFO - 127.0.0.1 - - [19/Dec/2024 08:42:33] "POST /seller/add_book HTTP/1.1" 200 -
2024-12-19 08:42:33 - werkzeug - INFO - 127.0.0.1 - - [19/Dec/2024 08:42:33] "POST /seller/add_book HTTP/1.1" 200 -
2024-12-19 08:42:33 - werkzeug - INFO - 127.0.0.1 - - [19/Dec/2024 08:42:33] "POST /seller/add_book HTTP/1.1" 200 -
2024-12-19 08:42:33 - werkzeug - INFO - 127.0.0.1 - - [19/Dec/2024 08:42:33] "POST /seller/add_book HTTP/1.1" 200 -
2024-12-19 08:42:33 - werkzeug - INFO - 127.0.0.1 - - [19/Dec/2024 08:42:33] "POST /seller/add_book HTTP/1.1" 200 -
2024-12-19 08:42:33 - werkzeug - INFO - 127.0.0.1 - - [19/Dec/2024 08:42:33] "POST /seller/add_book HTTP/1.1" 200 -
2024-12-19 08:42:34 - werkzeug - INFO - 127.0.0.1 - - [19/Dec/2024 08:42:34] "POST /seller/add_book HTTP/1.1" 200 -
2024-12-19 08:42:34 - werkzeug - INFO - 127.0.0.1 - - [19/Dec/2024 08:42:34] "POST /seller/add_book HTTP/1.1" 200 -
2024-12-19 08:42:34 - werkzeug - INFO - 127.0.0.1 - - [19/Dec/2024 08:42:34] "POST /seller/add_book HTTP/1.1" 200 -
2024-12-19 08:42:34 - werkzeug - INFO - 127.0.0.1 - - [19/Dec/2024 08:42:34] "POST /seller/add_book HTTP/1.1" 200 -
2024-12-19 08:42:34 - werkzeug - INFO - 127.0.0.1 - - [19/Dec/2024 08:42:34] "POST /seller/add_book HTTP/1.1" 200 -
2024-12-19 08:42:34 - werkzeug - INFO - 127.0.0.1 - - [19/Dec/2024 08:42:34] "POST /seller/add_book HTTP/1.1" 200 -
2024-12-19 08:42:34 - werkzeug - INFO - 127.0.0.1 - - [19/Dec/2024 08:42:34] "POST /seller/add_book HTTP/1.1" 200 -
2024-12-19 08:42:34 - werkzeug - INFO - 127.0.0.1 - - [19/Dec/2024 08:42:34] "POST /seller/add_book HTTP/1.1" 200 -
2024-12-19 08:42:34 - werkzeug - INFO - 127.0.0.1 - - [19/Dec/2024 08:42:34] "POST /seller/add_book HTTP/1.1" 200 -
2024-12-19 08:42:34 - werkzeug - INFO - 127.0.0.1 - - [19/Dec/2024 08:42:34] "POST /seller/add_book HTTP/1.1" 200 -
2024-12-19 08:42:34 - werkzeug - INFO - 127.0.0.1 - - [19/Dec/2024 08:42:34] "POST /seller/add_book HTTP/1.1" 200 -
2024-12-19 08:42:34 - werkzeug - INFO - 127.0.0.1 - - [19/Dec/2024 08:42:34] "POST /seller/add_book HTTP/1.1" 200 -
2024-12-19 08:42:34 - werkzeug - INFO - 127.0.0.1 - - [19/Dec/2024 08:42:34] "POST /seller/add_book HTTP/1.1" 200 -
2024-12-19 08:42:34 - werkzeug - INFO - 127.0.0.1 - - [19/Dec/2024 08:42:34] "POST /seller/add_book HTTP/1.1" 200 -
2024-12-19 08:42:35 - werkzeug - INFO - 127.0.0.1 - - [19/Dec/2024 08:42:35] "POST /seller/add_book HTTP/1.1" 200 -
2024-12-19 08:42:35 - werkzeug - INFO - 127.0.0.1 - - [19/Dec/2024 08:42:35] "POST /seller/add_book HTTP/1.1" 200 -
2024-12-19 08:42:35 - werkzeug - INFO - 127.0.0.1 - - [19/Dec/2024 08:42:35] "POST /seller/add_book HTTP/1.1" 200 -
2024-12-19 08:42:35 - werkzeug - INFO - 127.0.0.1 - - [19/Dec/2024 08:42:35] "POST /seller/add_book HTTP/1.1" 200 -
2024-12-19 08:42:35 - werkzeug - INFO - 127.0.0.1 - - [19/Dec/2024 08:42:35] "POST /seller/add_book HTTP/1.1" 200 -
2024-12-19 08:42:35 - werkzeug - INFO - 127.0.0.1 - - [19/Dec/2024 08:42:35] "POST /seller/add_book HTTP/1.1" 200 -
2024-12-19 08:42:35 - werkzeug - INFO - 127.0.0.1 - - [19/Dec/2024 08:42:35] "POST /seller/add_book HTTP/1.1" 200 -
2024-12-19 08:42:35 - werkzeug - INFO - 127.0.0.1 - - [19/Dec/2024 08:42:35] "POST /seller/add_book HTTP/1.1" 200 -
2024-12-19 08:42:35 - werkzeug - INFO - 127.0.0.1 - - [19/Dec/2024 08:42:35] "POST /seller/add_book HTTP/1.1" 200 -
2024-12-19 08:42:35 - werkzeug - INFO - 127.0.0.1 - - [19/Dec/2024 08:42:35] "POST /seller/add_book HTTP/1.1" 200 -
2024-12-19 08:42:35 - werkzeug - INFO - 127.0.0.1 - - [19/Dec/2024 08:42:35] "POST /seller/add_book HTTP/1.1" 200 -
2024-12-19 08:42:35 - werkzeug - INFO - 127.0.0.1 - - [19/Dec/2024 08:42:35] "POST /seller/add_book HTTP/1.1" 200 -
2024-12-19 08:42:35 - werkzeug - INFO - 127.0.0.1 - - [19/Dec/2024 08:42:35] "POST /seller/add_book HTTP/1.1" 200 -
2024-12-19 08:42:35 - werkzeug - INFO - 127.0.0.1 - - [19/Dec/2024 08:42:35] "POST /buyer/new_order HTTP/1.1" 200 -
2024-12-19 08:42:35 - be.view.auth - INFO - 收到注册请求: {'user_id': 'test_new_order_buyer_id_240b5d90-bda2-11ef-890a-02a6845b4b32', 'password': 'test_new_order_seller_id_240b5c46-bda2-11ef-890a-02a6845b4b32'}
2024-12-19 08:42:35 - be.model.user - INFO - 尝试注册新用户：test_new_order_buyer_id_240b5d90-bda2-11ef-890a-02a6845b4b32
2024-12-19 08:42:36 - be.model.user - INFO - 加密密码...
2024-12-19 08:42:36 - be.model.user - INFO - 创建新用户...
2024-12-19 08:42:36 - be.model.user - INFO - 添加用户到数据库...
2024-12-19 08:42:36 - be.model.user - INFO - 用户注册成功：test_new_order_buyer_id_240b5d90-bda2-11ef-890a-02a6845b4b32
2024-12-19 08:42:36 - be.view.auth - INFO - 注册处理结果: 200
2024-12-19 08:42:36 - werkzeug - INFO - 127.0.0.1 - - [19/Dec/2024 08:42:36] "POST /auth/register HTTP/1.1" 200 -
2024-12-19 08:42:36 - be.view.auth - INFO - 收到登录请求: {'user_id': 'test_new_order_buyer_id_240b5d90-bda2-11ef-890a-02a6845b4b32', 'password': 'test_new_order_seller_id_240b5c46-bda2-11ef-890a-02a6845b4b32', 'terminal': 'my terminal'}
2024-12-19 08:42:36 - be.model.user - INFO - 尝试登录用户：test_new_order_buyer_id_240b5d90-bda2-11ef-890a-02a6845b4b32，终端：my terminal
2024-12-19 08:42:36 - be.model.user - INFO - 为用户 test_new_order_buyer_id_240b5d90-bda2-11ef-890a-02a6845b4b32 生成新token，终端：my terminal
2024-12-19 08:42:36 - be.model.user - INFO - 用户登录成功：test_new_order_buyer_id_240b5d90-bda2-11ef-890a-02a6845b4b32
2024-12-19 08:42:36 - be.view.auth - INFO - 登录处理结果: 200
2024-12-19 08:42:36 - werkzeug - INFO - 127.0.0.1 - - [19/Dec/2024 08:42:36] "POST /auth/login HTTP/1.1" 200 -
2024-12-19 08:42:36 - be.view.auth - INFO - 收到注册请求: {'user_id': 'test_new_order_seller_id_240b5c46-bda2-11ef-890a-02a6845b4b32', 'password': 'test_new_order_seller_id_240b5c46-bda2-11ef-890a-02a6845b4b32'}
2024-12-19 08:42:36 - be.model.user - INFO - 尝试注册新用户：test_new_order_seller_id_240b5c46-bda2-11ef-890a-02a6845b4b32
2024-12-19 08:42:36 - be.model.user - INFO - 加密密码...
2024-12-19 08:42:36 - be.model.user - INFO - 创建新用户...
2024-12-19 08:42:36 - be.model.user - INFO - 添加用户到数据库...
2024-12-19 08:42:36 - be.model.user - INFO - 用户注册成功：test_new_order_seller_id_240b5c46-bda2-11ef-890a-02a6845b4b32
2024-12-19 08:42:36 - be.view.auth - INFO - 注册处理结果: 200
2024-12-19 08:42:36 - werkzeug - INFO - 127.0.0.1 - - [19/Dec/2024 08:42:36] "POST /auth/register HTTP/1.1" 200 -
2024-12-19 08:42:36 - be.view.auth - INFO - 收到登录请求: {'user_id': 'test_new_order_seller_id_240b5c46-bda2-11ef-890a-02a6845b4b32', 'password': 'test_new_order_seller_id_240b5c46-bda2-11ef-890a-02a6845b4b32', 'terminal': 'my terminal'}
2024-12-19 08:42:36 - be.model.user - INFO - 尝试登录用户：test_new_order_seller_id_240b5c46-bda2-11ef-890a-02a6845b4b32，终端：my terminal
2024-12-19 08:42:36 - be.model.user - INFO - 为用户 test_new_order_seller_id_240b5c46-bda2-11ef-890a-02a6845b4b32 生成新token，终端：my terminal
2024-12-19 08:42:36 - be.model.user - INFO - 用户登录成功：test_new_order_seller_id_240b5c46-bda2-11ef-890a-02a6845b4b32
2024-12-19 08:42:36 - be.view.auth - INFO - 登录处理结果: 200
2024-12-19 08:42:36 - werkzeug - INFO - 127.0.0.1 - - [19/Dec/2024 08:42:36] "POST /auth/login HTTP/1.1" 200 -
2024-12-19 08:42:37 - werkzeug - INFO - 127.0.0.1 - - [19/Dec/2024 08:42:37] "POST /seller/create_store HTTP/1.1" 200 -
2024-12-19 08:42:40 - werkzeug - INFO - 127.0.0.1 - - [19/Dec/2024 08:42:40] "POST /seller/add_book HTTP/1.1" 200 -
2024-12-19 08:42:41 - werkzeug - INFO - 127.0.0.1 - - [19/Dec/2024 08:42:41] "POST /seller/add_book HTTP/1.1" 200 -
2024-12-19 08:42:41 - werkzeug - INFO - 127.0.0.1 - - [19/Dec/2024 08:42:41] "POST /seller/add_book HTTP/1.1" 200 -
2024-12-19 08:42:41 - werkzeug - INFO - 127.0.0.1 - - [19/Dec/2024 08:42:41] "POST /seller/add_book HTTP/1.1" 200 -
2024-12-19 08:42:41 - werkzeug - INFO - 127.0.0.1 - - [19/Dec/2024 08:42:41] "POST /seller/add_book HTTP/1.1" 200 -
2024-12-19 08:42:41 - werkzeug - INFO - 127.0.0.1 - - [19/Dec/2024 08:42:41] "POST /seller/add_book HTTP/1.1" 200 -
2024-12-19 08:42:41 - werkzeug - INFO - 127.0.0.1 - - [19/Dec/2024 08:42:41] "POST /seller/add_book HTTP/1.1" 200 -
2024-12-19 08:42:41 - werkzeug - INFO - 127.0.0.1 - - [19/Dec/2024 08:42:41] "POST /seller/add_book HTTP/1.1" 200 -
2024-12-19 08:42:41 - werkzeug - INFO - 127.0.0.1 - - [19/Dec/2024 08:42:41] "POST /seller/add_book HTTP/1.1" 200 -
2024-12-19 08:42:41 - werkzeug - INFO - 127.0.0.1 - - [19/Dec/2024 08:42:41] "POST /seller/add_book HTTP/1.1" 200 -
2024-12-19 08:42:41 - werkzeug - INFO - 127.0.0.1 - - [19/Dec/2024 08:42:41] "POST /seller/add_book HTTP/1.1" 200 -
2024-12-19 08:42:41 - werkzeug - INFO - 127.0.0.1 - - [19/Dec/2024 08:42:41] "POST /seller/add_book HTTP/1.1" 200 -
2024-12-19 08:42:41 - werkzeug - INFO - 127.0.0.1 - - [19/Dec/2024 08:42:41] "POST /seller/add_book HTTP/1.1" 200 -
2024-12-19 08:42:41 - werkzeug - INFO - 127.0.0.1 - - [19/Dec/2024 08:42:41] "POST /seller/add_book HTTP/1.1" 200 -
2024-12-19 08:42:41 - werkzeug - INFO - 127.0.0.1 - - [19/Dec/2024 08:42:41] "POST /seller/add_book HTTP/1.1" 200 -
2024-12-19 08:42:41 - werkzeug - INFO - 127.0.0.1 - - [19/Dec/2024 08:42:41] "POST /seller/add_book HTTP/1.1" 200 -
2024-12-19 08:42:42 - werkzeug - INFO - 127.0.0.1 - - [19/Dec/2024 08:42:42] "POST /seller/add_book HTTP/1.1" 200 -
2024-12-19 08:42:42 - werkzeug - INFO - 127.0.0.1 - - [19/Dec/2024 08:42:42] "POST /seller/add_book HTTP/1.1" 200 -
2024-12-19 08:42:42 - werkzeug - INFO - 127.0.0.1 - - [19/Dec/2024 08:42:42] "POST /seller/add_book HTTP/1.1" 200 -
2024-12-19 08:42:42 - werkzeug - INFO - 127.0.0.1 - - [19/Dec/2024 08:42:42] "POST /seller/add_book HTTP/1.1" 200 -
2024-12-19 08:42:42 - werkzeug - INFO - 127.0.0.1 - - [19/Dec/2024 08:42:42] "POST /seller/add_book HTTP/1.1" 200 -
2024-12-19 08:42:42 - werkzeug - INFO - 127.0.0.1 - - [19/Dec/2024 08:42:42] "POST /seller/add_book HTTP/1.1" 200 -
2024-12-19 08:42:42 - werkzeug - INFO - 127.0.0.1 - - [19/Dec/2024 08:42:42] "POST /seller/add_book HTTP/1.1" 200 -
2024-12-19 08:42:42 - werkzeug - INFO - 127.0.0.1 - - [19/Dec/2024 08:42:42] "POST /seller/add_book HTTP/1.1" 200 -
2024-12-19 08:42:42 - werkzeug - INFO - 127.0.0.1 - - [19/Dec/2024 08:42:42] "POST /seller/add_book HTTP/1.1" 200 -
2024-12-19 08:42:42 - werkzeug - INFO - 127.0.0.1 - - [19/Dec/2024 08:42:42] "POST /seller/add_book HTTP/1.1" 200 -
2024-12-19 08:42:42 - werkzeug - INFO - 127.0.0.1 - - [19/Dec/2024 08:42:42] "POST /seller/add_book HTTP/1.1" 200 -
2024-12-19 08:42:42 - werkzeug - INFO - 127.0.0.1 - - [19/Dec/2024 08:42:42] "POST /seller/add_book HTTP/1.1" 200 -
2024-12-19 08:42:42 - werkzeug - INFO - 127.0.0.1 - - [19/Dec/2024 08:42:42] "POST /seller/add_book HTTP/1.1" 200 -
2024-12-19 08:42:42 - werkzeug - INFO - 127.0.0.1 - - [19/Dec/2024 08:42:42] "POST /seller/add_book HTTP/1.1" 200 -
2024-12-19 08:42:42 - werkzeug - INFO - 127.0.0.1 - - [19/Dec/2024 08:42:42] "POST /seller/add_book HTTP/1.1" 200 -
2024-12-19 08:42:43 - werkzeug - INFO - 127.0.0.1 - - [19/Dec/2024 08:42:43] "POST /seller/add_book HTTP/1.1" 200 -
2024-12-19 08:42:43 - werkzeug - INFO - 127.0.0.1 - - [19/Dec/2024 08:42:43] "POST /seller/add_book HTTP/1.1" 200 -
2024-12-19 08:42:43 - werkzeug - INFO - 127.0.0.1 - - [19/Dec/2024 08:42:43] "POST /seller/add_book HTTP/1.1" 200 -
2024-12-19 08:42:43 - werkzeug - INFO - 127.0.0.1 - - [19/Dec/2024 08:42:43] "POST /seller/add_book HTTP/1.1" 200 -
2024-12-19 08:42:43 - werkzeug - INFO - 127.0.0.1 - - [19/Dec/2024 08:42:43] "POST /seller/add_book HTTP/1.1" 200 -
2024-12-19 08:42:43 - werkzeug - INFO - 127.0.0.1 - - [19/Dec/2024 08:42:43] "POST /seller/add_book HTTP/1.1" 200 -
2024-12-19 08:42:43 - werkzeug - INFO - 127.0.0.1 - - [19/Dec/2024 08:42:43] "POST /seller/add_book HTTP/1.1" 200 -
2024-12-19 08:42:43 - werkzeug - INFO - 127.0.0.1 - - [19/Dec/2024 08:42:43] "POST /seller/add_book HTTP/1.1" 200 -
2024-12-19 08:42:43 - werkzeug - INFO - 127.0.0.1 - - [19/Dec/2024 08:42:43] "POST /seller/add_book HTTP/1.1" 200 -
2024-12-19 08:42:43 - werkzeug - INFO - 127.0.0.1 - - [19/Dec/2024 08:42:43] "POST /seller/add_book HTTP/1.1" 200 -
2024-12-19 08:42:43 - werkzeug - INFO - 127.0.0.1 - - [19/Dec/2024 08:42:43] "POST /seller/add_book HTTP/1.1" 200 -
2024-12-19 08:42:43 - werkzeug - INFO - 127.0.0.1 - - [19/Dec/2024 08:42:43] "POST /seller/add_book HTTP/1.1" 200 -
2024-12-19 08:42:43 - werkzeug - INFO - 127.0.0.1 - - [19/Dec/2024 08:42:43] "POST /seller/add_book HTTP/1.1" 200 -
2024-12-19 08:42:43 - werkzeug - INFO - 127.0.0.1 - - [19/Dec/2024 08:42:43] "POST /seller/add_book HTTP/1.1" 200 -
2024-12-19 08:42:43 - werkzeug - INFO - 127.0.0.1 - - [19/Dec/2024 08:42:43] "POST /seller/add_book HTTP/1.1" 200 -
2024-12-19 08:42:43 - werkzeug - INFO - 127.0.0.1 - - [19/Dec/2024 08:42:43] "POST /seller/add_book HTTP/1.1" 200 -
2024-12-19 08:42:44 - werkzeug - INFO - 127.0.0.1 - - [19/Dec/2024 08:42:44] "POST /seller/add_book HTTP/1.1" 200 -
2024-12-19 08:42:44 - werkzeug - INFO - 127.0.0.1 - - [19/Dec/2024 08:42:44] "POST /seller/add_book HTTP/1.1" 200 -
2024-12-19 08:42:44 - werkzeug - INFO - 127.0.0.1 - - [19/Dec/2024 08:42:44] "POST /seller/add_book HTTP/1.1" 200 -
2024-12-19 08:42:44 - werkzeug - INFO - 127.0.0.1 - - [19/Dec/2024 08:42:44] "POST /seller/add_book HTTP/1.1" 200 -
2024-12-19 08:42:44 - werkzeug - INFO - 127.0.0.1 - - [19/Dec/2024 08:42:44] "POST /seller/add_book HTTP/1.1" 200 -
2024-12-19 08:42:44 - werkzeug - INFO - 127.0.0.1 - - [19/Dec/2024 08:42:44] "POST /seller/add_book HTTP/1.1" 200 -
2024-12-19 08:42:44 - werkzeug - INFO - 127.0.0.1 - - [19/Dec/2024 08:42:44] "POST /seller/add_book HTTP/1.1" 200 -
2024-12-19 08:42:44 - werkzeug - INFO - 127.0.0.1 - - [19/Dec/2024 08:42:44] "POST /seller/add_book HTTP/1.1" 200 -
2024-12-19 08:42:44 - werkzeug - INFO - 127.0.0.1 - - [19/Dec/2024 08:42:44] "POST /seller/add_book HTTP/1.1" 200 -
2024-12-19 08:42:44 - werkzeug - INFO - 127.0.0.1 - - [19/Dec/2024 08:42:44] "POST /seller/add_book HTTP/1.1" 200 -
2024-12-19 08:42:44 - werkzeug - INFO - 127.0.0.1 - - [19/Dec/2024 08:42:44] "POST /seller/add_book HTTP/1.1" 200 -
2024-12-19 08:42:44 - werkzeug - INFO - 127.0.0.1 - - [19/Dec/2024 08:42:44] "POST /seller/add_book HTTP/1.1" 200 -
2024-12-19 08:42:44 - werkzeug - INFO - 127.0.0.1 - - [19/Dec/2024 08:42:44] "POST /seller/add_book HTTP/1.1" 200 -
2024-12-19 08:42:44 - werkzeug - INFO - 127.0.0.1 - - [19/Dec/2024 08:42:44] "POST /seller/add_book HTTP/1.1" 200 -
2024-12-19 08:42:44 - werkzeug - INFO - 127.0.0.1 - - [19/Dec/2024 08:42:44] "POST /seller/add_book HTTP/1.1" 200 -
2024-12-19 08:42:45 - werkzeug - INFO - 127.0.0.1 - - [19/Dec/2024 08:42:45] "POST /seller/add_book HTTP/1.1" 200 -
2024-12-19 08:42:45 - werkzeug - INFO - 127.0.0.1 - - [19/Dec/2024 08:42:45] "POST /seller/add_book HTTP/1.1" 200 -
2024-12-19 08:42:45 - werkzeug - INFO - 127.0.0.1 - - [19/Dec/2024 08:42:45] "POST /seller/add_book HTTP/1.1" 200 -
2024-12-19 08:42:45 - werkzeug - INFO - 127.0.0.1 - - [19/Dec/2024 08:42:45] "POST /seller/add_book HTTP/1.1" 200 -
2024-12-19 08:42:45 - werkzeug - INFO - 127.0.0.1 - - [19/Dec/2024 08:42:45] "POST /seller/add_book HTTP/1.1" 200 -
2024-12-19 08:42:45 - werkzeug - INFO - 127.0.0.1 - - [19/Dec/2024 08:42:45] "POST /seller/add_book HTTP/1.1" 200 -
2024-12-19 08:42:45 - werkzeug - INFO - 127.0.0.1 - - [19/Dec/2024 08:42:45] "POST /seller/add_book HTTP/1.1" 200 -
2024-12-19 08:42:45 - werkzeug - INFO - 127.0.0.1 - - [19/Dec/2024 08:42:45] "POST /seller/add_book HTTP/1.1" 200 -
2024-12-19 08:42:45 - werkzeug - INFO - 127.0.0.1 - - [19/Dec/2024 08:42:45] "POST /seller/add_book HTTP/1.1" 200 -
2024-12-19 08:42:45 - werkzeug - INFO - 127.0.0.1 - - [19/Dec/2024 08:42:45] "POST /seller/add_book HTTP/1.1" 200 -
2024-12-19 08:42:45 - werkzeug - INFO - 127.0.0.1 - - [19/Dec/2024 08:42:45] "POST /seller/add_book HTTP/1.1" 200 -
2024-12-19 08:42:45 - werkzeug - INFO - 127.0.0.1 - - [19/Dec/2024 08:42:45] "POST /seller/add_book HTTP/1.1" 200 -
2024-12-19 08:42:45 - werkzeug - INFO - 127.0.0.1 - - [19/Dec/2024 08:42:45] "POST /seller/add_book HTTP/1.1" 200 -
2024-12-19 08:42:45 - werkzeug - INFO - 127.0.0.1 - - [19/Dec/2024 08:42:45] "POST /seller/add_book HTTP/1.1" 200 -
2024-12-19 08:42:45 - werkzeug - INFO - 127.0.0.1 - - [19/Dec/2024 08:42:45] "POST /seller/add_book HTTP/1.1" 200 -
2024-12-19 08:42:45 - werkzeug - INFO - 127.0.0.1 - - [19/Dec/2024 08:42:45] "POST /seller/add_book HTTP/1.1" 200 -
2024-12-19 08:42:46 - werkzeug - INFO - 127.0.0.1 - - [19/Dec/2024 08:42:46] "POST /seller/add_book HTTP/1.1" 200 -
2024-12-19 08:42:46 - werkzeug - INFO - 127.0.0.1 - - [19/Dec/2024 08:42:46] "POST /seller/add_book HTTP/1.1" 200 -
2024-12-19 08:42:46 - werkzeug - INFO - 127.0.0.1 - - [19/Dec/2024 08:42:46] "POST /seller/add_book HTTP/1.1" 200 -
2024-12-19 08:42:46 - werkzeug - INFO - 127.0.0.1 - - [19/Dec/2024 08:42:46] "POST /seller/add_book HTTP/1.1" 200 -
2024-12-19 08:42:46 - werkzeug - INFO - 127.0.0.1 - - [19/Dec/2024 08:42:46] "POST /seller/add_book HTTP/1.1" 200 -
2024-12-19 08:42:46 - werkzeug - INFO - 127.0.0.1 - - [19/Dec/2024 08:42:46] "POST /seller/add_book HTTP/1.1" 200 -
2024-12-19 08:42:46 - werkzeug - INFO - 127.0.0.1 - - [19/Dec/2024 08:42:46] "POST /seller/add_book HTTP/1.1" 200 -
2024-12-19 08:42:46 - werkzeug - INFO - 127.0.0.1 - - [19/Dec/2024 08:42:46] "POST /seller/add_book HTTP/1.1" 200 -
2024-12-19 08:42:46 - werkzeug - INFO - 127.0.0.1 - - [19/Dec/2024 08:42:46] "POST /seller/add_book HTTP/1.1" 200 -
2024-12-19 08:42:46 - werkzeug - INFO - 127.0.0.1 - - [19/Dec/2024 08:42:46] "POST /seller/add_book HTTP/1.1" 200 -
2024-12-19 08:42:46 - werkzeug - INFO - 127.0.0.1 - - [19/Dec/2024 08:42:46] "POST /seller/add_book HTTP/1.1" 200 -
2024-12-19 08:42:46 - werkzeug - INFO - 127.0.0.1 - - [19/Dec/2024 08:42:46] "POST /seller/add_book HTTP/1.1" 200 -
2024-12-19 08:42:46 - werkzeug - INFO - 127.0.0.1 - - [19/Dec/2024 08:42:46] "POST /seller/add_book HTTP/1.1" 200 -
2024-12-19 08:42:46 - werkzeug - INFO - 127.0.0.1 - - [19/Dec/2024 08:42:46] "POST /seller/add_book HTTP/1.1" 200 -
2024-12-19 08:42:46 - werkzeug - INFO - 127.0.0.1 - - [19/Dec/2024 08:42:46] "POST /seller/add_book HTTP/1.1" 200 -
2024-12-19 08:42:47 - werkzeug - INFO - 127.0.0.1 - - [19/Dec/2024 08:42:47] "POST /seller/add_book HTTP/1.1" 200 -
2024-12-19 08:42:47 - werkzeug - INFO - 127.0.0.1 - - [19/Dec/2024 08:42:47] "POST /seller/add_book HTTP/1.1" 200 -
2024-12-19 08:42:47 - werkzeug - INFO - 127.0.0.1 - - [19/Dec/2024 08:42:47] "POST /seller/add_book HTTP/1.1" 200 -
2024-12-19 08:42:47 - werkzeug - INFO - 127.0.0.1 - - [19/Dec/2024 08:42:47] "POST /seller/add_book HTTP/1.1" 200 -
2024-12-19 08:42:47 - werkzeug - INFO - 127.0.0.1 - - [19/Dec/2024 08:42:47] "POST /seller/add_book HTTP/1.1" 200 -
2024-12-19 08:42:47 - werkzeug - INFO - 127.0.0.1 - - [19/Dec/2024 08:42:47] "POST /seller/add_book HTTP/1.1" 200 -
2024-12-19 08:42:47 - werkzeug - INFO - 127.0.0.1 - - [19/Dec/2024 08:42:47] "POST /buyer/new_order HTTP/1.1" 200 -
2024-12-19 08:42:47 - be.view.auth - INFO - 收到注册请求: {'user_id': 'test_payment_seller_id_2aea71be-bda2-11ef-890a-02a6845b4b32', 'password': 'test_payment_seller_id_2aea71be-bda2-11ef-890a-02a6845b4b32'}
2024-12-19 08:42:47 - be.model.user - INFO - 尝试注册新用户：test_payment_seller_id_2aea71be-bda2-11ef-890a-02a6845b4b32
2024-12-19 08:42:47 - be.model.user - INFO - 加密密码...
2024-12-19 08:42:47 - be.model.user - INFO - 创建新用户...
2024-12-19 08:42:47 - be.model.user - INFO - 添加用户到数据库...
2024-12-19 08:42:47 - be.model.user - INFO - 用户注册成功：test_payment_seller_id_2aea71be-bda2-11ef-890a-02a6845b4b32
2024-12-19 08:42:47 - be.view.auth - INFO - 注册处理结果: 200
2024-12-19 08:42:47 - werkzeug - INFO - 127.0.0.1 - - [19/Dec/2024 08:42:47] "POST /auth/register HTTP/1.1" 200 -
2024-12-19 08:42:47 - be.view.auth - INFO - 收到登录请求: {'user_id': 'test_payment_seller_id_2aea71be-bda2-11ef-890a-02a6845b4b32', 'password': 'test_payment_seller_id_2aea71be-bda2-11ef-890a-02a6845b4b32', 'terminal': 'my terminal'}
2024-12-19 08:42:47 - be.model.user - INFO - 尝试登录用户：test_payment_seller_id_2aea71be-bda2-11ef-890a-02a6845b4b32，终端：my terminal
2024-12-19 08:42:47 - be.model.user - INFO - 为用户 test_payment_seller_id_2aea71be-bda2-11ef-890a-02a6845b4b32 生成新token，终端：my terminal
2024-12-19 08:42:47 - be.model.user - INFO - 用户登录成功：test_payment_seller_id_2aea71be-bda2-11ef-890a-02a6845b4b32
2024-12-19 08:42:47 - be.view.auth - INFO - 登录处理结果: 200
2024-12-19 08:42:47 - werkzeug - INFO - 127.0.0.1 - - [19/Dec/2024 08:42:47] "POST /auth/login HTTP/1.1" 200 -
2024-12-19 08:42:47 - werkzeug - INFO - 127.0.0.1 - - [19/Dec/2024 08:42:47] "POST /seller/create_store HTTP/1.1" 200 -
2024-12-19 08:42:49 - werkzeug - INFO - 127.0.0.1 - - [19/Dec/2024 08:42:49] "POST /seller/add_book HTTP/1.1" 200 -
2024-12-19 08:42:49 - werkzeug - INFO - 127.0.0.1 - - [19/Dec/2024 08:42:49] "POST /seller/add_book HTTP/1.1" 200 -
2024-12-19 08:42:49 - werkzeug - INFO - 127.0.0.1 - - [19/Dec/2024 08:42:49] "POST /seller/add_book HTTP/1.1" 200 -
2024-12-19 08:42:49 - be.view.auth - INFO - 收到注册请求: {'user_id': 'test_payment_buyer_id_2aea72ae-bda2-11ef-890a-02a6845b4b32', 'password': 'test_payment_seller_id_2aea71be-bda2-11ef-890a-02a6845b4b32'}
2024-12-19 08:42:49 - be.model.user - INFO - 尝试注册新用户：test_payment_buyer_id_2aea72ae-bda2-11ef-890a-02a6845b4b32
2024-12-19 08:42:49 - be.model.user - INFO - 加密密码...
2024-12-19 08:42:49 - be.model.user - INFO - 创建新用户...
2024-12-19 08:42:49 - be.model.user - INFO - 添加用户到数据库...
2024-12-19 08:42:49 - be.model.user - INFO - 用户注册成功：test_payment_buyer_id_2aea72ae-bda2-11ef-890a-02a6845b4b32
2024-12-19 08:42:49 - be.view.auth - INFO - 注册处理结果: 200
2024-12-19 08:42:49 - werkzeug - INFO - 127.0.0.1 - - [19/Dec/2024 08:42:49] "POST /auth/register HTTP/1.1" 200 -
2024-12-19 08:42:49 - be.view.auth - INFO - 收到登录请求: {'user_id': 'test_payment_buyer_id_2aea72ae-bda2-11ef-890a-02a6845b4b32', 'password': 'test_payment_seller_id_2aea71be-bda2-11ef-890a-02a6845b4b32', 'terminal': 'my terminal'}
2024-12-19 08:42:49 - be.model.user - INFO - 尝试登录用户：test_payment_buyer_id_2aea72ae-bda2-11ef-890a-02a6845b4b32，终端：my terminal
2024-12-19 08:42:49 - be.model.user - INFO - 为用户 test_payment_buyer_id_2aea72ae-bda2-11ef-890a-02a6845b4b32 生成新token，终端：my terminal
2024-12-19 08:42:49 - be.model.user - INFO - 用户登录成功：test_payment_buyer_id_2aea72ae-bda2-11ef-890a-02a6845b4b32
2024-12-19 08:42:49 - be.view.auth - INFO - 登录处理结果: 200
2024-12-19 08:42:49 - werkzeug - INFO - 127.0.0.1 - - [19/Dec/2024 08:42:49] "POST /auth/login HTTP/1.1" 200 -
2024-12-19 08:42:49 - werkzeug - INFO - 127.0.0.1 - - [19/Dec/2024 08:42:49] "POST /buyer/new_order HTTP/1.1" 200 -
2024-12-19 08:42:49 - werkzeug - INFO - 127.0.0.1 - - [19/Dec/2024 08:42:49] "[31m[1mPOST /buyer/add_funds HTTP/1.1[0m" 401 -
2024-12-19 08:42:49 - be.view.auth - INFO - 收到注册请求: {'user_id': 'test_payment_seller_id_2c5c5508-bda2-11ef-890a-02a6845b4b32', 'password': 'test_payment_seller_id_2c5c5508-bda2-11ef-890a-02a6845b4b32'}
2024-12-19 08:42:49 - be.model.user - INFO - 尝试注册新用户：test_payment_seller_id_2c5c5508-bda2-11ef-890a-02a6845b4b32
2024-12-19 08:42:49 - be.model.user - INFO - 加密密码...
2024-12-19 08:42:49 - be.model.user - INFO - 创建新用户...
2024-12-19 08:42:49 - be.model.user - INFO - 添加用户到数据库...
2024-12-19 08:42:50 - be.model.user - INFO - 用户注册成功：test_payment_seller_id_2c5c5508-bda2-11ef-890a-02a6845b4b32
2024-12-19 08:42:50 - be.view.auth - INFO - 注册处理结果: 200
2024-12-19 08:42:50 - werkzeug - INFO - 127.0.0.1 - - [19/Dec/2024 08:42:50] "POST /auth/register HTTP/1.1" 200 -
2024-12-19 08:42:50 - be.view.auth - INFO - 收到登录请求: {'user_id': 'test_payment_seller_id_2c5c5508-bda2-11ef-890a-02a6845b4b32', 'password': 'test_payment_seller_id_2c5c5508-bda2-11ef-890a-02a6845b4b32', 'terminal': 'my terminal'}
2024-12-19 08:42:50 - be.model.user - INFO - 尝试登录用户：test_payment_seller_id_2c5c5508-bda2-11ef-890a-02a6845b4b32，终端：my terminal
2024-12-19 08:42:50 - be.model.user - INFO - 为用户 test_payment_seller_id_2c5c5508-bda2-11ef-890a-02a6845b4b32 生成新token，终端：my terminal
2024-12-19 08:42:50 - be.model.user - INFO - 用户登录成功：test_payment_seller_id_2c5c5508-bda2-11ef-890a-02a6845b4b32
2024-12-19 08:42:50 - be.view.auth - INFO - 登录处理结果: 200
2024-12-19 08:42:50 - werkzeug - INFO - 127.0.0.1 - - [19/Dec/2024 08:42:50] "POST /auth/login HTTP/1.1" 200 -
2024-12-19 08:42:50 - werkzeug - INFO - 127.0.0.1 - - [19/Dec/2024 08:42:50] "POST /seller/create_store HTTP/1.1" 200 -
2024-12-19 08:42:51 - werkzeug - INFO - 127.0.0.1 - - [19/Dec/2024 08:42:51] "POST /seller/add_book HTTP/1.1" 200 -
2024-12-19 08:42:51 - werkzeug - INFO - 127.0.0.1 - - [19/Dec/2024 08:42:51] "POST /seller/add_book HTTP/1.1" 200 -
2024-12-19 08:42:51 - werkzeug - INFO - 127.0.0.1 - - [19/Dec/2024 08:42:51] "POST /seller/add_book HTTP/1.1" 200 -
2024-12-19 08:42:51 - werkzeug - INFO - 127.0.0.1 - - [19/Dec/2024 08:42:51] "POST /seller/add_book HTTP/1.1" 200 -
2024-12-19 08:42:51 - be.view.auth - INFO - 收到注册请求: {'user_id': 'test_payment_buyer_id_2c5c5652-bda2-11ef-890a-02a6845b4b32', 'password': 'test_payment_seller_id_2c5c5508-bda2-11ef-890a-02a6845b4b32'}
2024-12-19 08:42:51 - be.model.user - INFO - 尝试注册新用户：test_payment_buyer_id_2c5c5652-bda2-11ef-890a-02a6845b4b32
2024-12-19 08:42:51 - be.model.user - INFO - 加密密码...
2024-12-19 08:42:51 - be.model.user - INFO - 创建新用户...
2024-12-19 08:42:51 - be.model.user - INFO - 添加用户到数据库...
2024-12-19 08:42:52 - be.model.user - INFO - 用户注册成功：test_payment_buyer_id_2c5c5652-bda2-11ef-890a-02a6845b4b32
2024-12-19 08:42:52 - be.view.auth - INFO - 注册处理结果: 200
2024-12-19 08:42:52 - werkzeug - INFO - 127.0.0.1 - - [19/Dec/2024 08:42:52] "POST /auth/register HTTP/1.1" 200 -
2024-12-19 08:42:52 - be.view.auth - INFO - 收到登录请求: {'user_id': 'test_payment_buyer_id_2c5c5652-bda2-11ef-890a-02a6845b4b32', 'password': 'test_payment_seller_id_2c5c5508-bda2-11ef-890a-02a6845b4b32', 'terminal': 'my terminal'}
2024-12-19 08:42:52 - be.model.user - INFO - 尝试登录用户：test_payment_buyer_id_2c5c5652-bda2-11ef-890a-02a6845b4b32，终端：my terminal
2024-12-19 08:42:52 - be.model.user - INFO - 为用户 test_payment_buyer_id_2c5c5652-bda2-11ef-890a-02a6845b4b32 生成新token，终端：my terminal
2024-12-19 08:42:52 - be.model.user - INFO - 用户登录成功：test_payment_buyer_id_2c5c5652-bda2-11ef-890a-02a6845b4b32
2024-12-19 08:42:52 - be.view.auth - INFO - 登录处理结果: 200
2024-12-19 08:42:52 - werkzeug - INFO - 127.0.0.1 - - [19/Dec/2024 08:42:52] "POST /auth/login HTTP/1.1" 200 -
2024-12-19 08:42:52 - werkzeug - INFO - 127.0.0.1 - - [19/Dec/2024 08:42:52] "POST /buyer/new_order HTTP/1.1" 200 -
2024-12-19 08:42:52 - werkzeug - INFO - 127.0.0.1 - - [19/Dec/2024 08:42:52] "[31m[1mPOST /buyer/add_funds HTTP/1.1[0m" 401 -
2024-12-19 08:42:52 - be.view.auth - INFO - 收到注册请求: {'user_id': 'test_payment_seller_id_2de47f5e-bda2-11ef-890a-02a6845b4b32', 'password': 'test_payment_seller_id_2de47f5e-bda2-11ef-890a-02a6845b4b32'}
2024-12-19 08:42:52 - be.model.user - INFO - 尝试注册新用户：test_payment_seller_id_2de47f5e-bda2-11ef-890a-02a6845b4b32
2024-12-19 08:42:52 - be.model.user - INFO - 加密密码...
2024-12-19 08:42:52 - be.model.user - INFO - 创建新用户...
2024-12-19 08:42:52 - be.model.user - INFO - 添加用户到数据库...
2024-12-19 08:42:52 - be.model.user - INFO - 用户注册成功：test_payment_seller_id_2de47f5e-bda2-11ef-890a-02a6845b4b32
2024-12-19 08:42:52 - be.view.auth - INFO - 注册处理结果: 200
2024-12-19 08:42:52 - werkzeug - INFO - 127.0.0.1 - - [19/Dec/2024 08:42:52] "POST /auth/register HTTP/1.1" 200 -
2024-12-19 08:42:52 - be.view.auth - INFO - 收到登录请求: {'user_id': 'test_payment_seller_id_2de47f5e-bda2-11ef-890a-02a6845b4b32', 'password': 'test_payment_seller_id_2de47f5e-bda2-11ef-890a-02a6845b4b32', 'terminal': 'my terminal'}
2024-12-19 08:42:52 - be.model.user - INFO - 尝试登录用户：test_payment_seller_id_2de47f5e-bda2-11ef-890a-02a6845b4b32，终端：my terminal
2024-12-19 08:42:52 - be.model.user - INFO - 为用户 test_payment_seller_id_2de47f5e-bda2-11ef-890a-02a6845b4b32 生成新token，终端：my terminal
2024-12-19 08:42:52 - be.model.user - INFO - 用户登录成功：test_payment_seller_id_2de47f5e-bda2-11ef-890a-02a6845b4b32
2024-12-19 08:42:52 - be.view.auth - INFO - 登录处理结果: 200
2024-12-19 08:42:52 - werkzeug - INFO - 127.0.0.1 - - [19/Dec/2024 08:42:52] "POST /auth/login HTTP/1.1" 200 -
2024-12-19 08:42:52 - werkzeug - INFO - 127.0.0.1 - - [19/Dec/2024 08:42:52] "POST /seller/create_store HTTP/1.1" 200 -
2024-12-19 08:42:54 - werkzeug - INFO - 127.0.0.1 - - [19/Dec/2024 08:42:54] "POST /seller/add_book HTTP/1.1" 200 -
2024-12-19 08:42:54 - werkzeug - INFO - 127.0.0.1 - - [19/Dec/2024 08:42:54] "POST /seller/add_book HTTP/1.1" 200 -
2024-12-19 08:42:54 - werkzeug - INFO - 127.0.0.1 - - [19/Dec/2024 08:42:54] "POST /seller/add_book HTTP/1.1" 200 -
2024-12-19 08:42:54 - be.view.auth - INFO - 收到注册请求: {'user_id': 'test_payment_buyer_id_2de4809e-bda2-11ef-890a-02a6845b4b32', 'password': 'test_payment_seller_id_2de47f5e-bda2-11ef-890a-02a6845b4b32'}
2024-12-19 08:42:54 - be.model.user - INFO - 尝试注册新用户：test_payment_buyer_id_2de4809e-bda2-11ef-890a-02a6845b4b32
2024-12-19 08:42:54 - be.model.user - INFO - 加密密码...
2024-12-19 08:42:54 - be.model.user - INFO - 创建新用户...
2024-12-19 08:42:54 - be.model.user - INFO - 添加用户到数据库...
2024-12-19 08:42:54 - be.model.user - INFO - 用户注册成功：test_payment_buyer_id_2de4809e-bda2-11ef-890a-02a6845b4b32
2024-12-19 08:42:54 - be.view.auth - INFO - 注册处理结果: 200
2024-12-19 08:42:54 - werkzeug - INFO - 127.0.0.1 - - [19/Dec/2024 08:42:54] "POST /auth/register HTTP/1.1" 200 -
2024-12-19 08:42:54 - be.view.auth - INFO - 收到登录请求: {'user_id': 'test_payment_buyer_id_2de4809e-bda2-11ef-890a-02a6845b4b32', 'password': 'test_payment_seller_id_2de47f5e-bda2-11ef-890a-02a6845b4b32', 'terminal': 'my terminal'}
2024-12-19 08:42:54 - be.model.user - INFO - 尝试登录用户：test_payment_buyer_id_2de4809e-bda2-11ef-890a-02a6845b4b32，终端：my terminal
2024-12-19 08:42:54 - be.model.user - INFO - 为用户 test_payment_buyer_id_2de4809e-bda2-11ef-890a-02a6845b4b32 生成新token，终端：my terminal
2024-12-19 08:42:54 - be.model.user - INFO - 用户登录成功：test_payment_buyer_id_2de4809e-bda2-11ef-890a-02a6845b4b32
2024-12-19 08:42:54 - be.view.auth - INFO - 登录处理结果: 200
2024-12-19 08:42:54 - werkzeug - INFO - 127.0.0.1 - - [19/Dec/2024 08:42:54] "POST /auth/login HTTP/1.1" 200 -
2024-12-19 08:42:54 - werkzeug - INFO - 127.0.0.1 - - [19/Dec/2024 08:42:54] "POST /buyer/new_order HTTP/1.1" 200 -
2024-12-19 08:42:54 - werkzeug - INFO - 127.0.0.1 - - [19/Dec/2024 08:42:54] "[31m[1mPOST /buyer/add_funds HTTP/1.1[0m" 401 -
2024-12-19 08:42:55 - be.view.auth - INFO - 收到注册请求: {'user_id': 'test_payment_seller_id_2f6ffa24-bda2-11ef-890a-02a6845b4b32', 'password': 'test_payment_seller_id_2f6ffa24-bda2-11ef-890a-02a6845b4b32'}
2024-12-19 08:42:55 - be.model.user - INFO - 尝试注册新用户：test_payment_seller_id_2f6ffa24-bda2-11ef-890a-02a6845b4b32
2024-12-19 08:42:55 - be.model.user - INFO - 加密密码...
2024-12-19 08:42:55 - be.model.user - INFO - 创建新用户...
2024-12-19 08:42:55 - be.model.user - INFO - 添加用户到数据库...
2024-12-19 08:42:55 - be.model.user - INFO - 用户注册成功：test_payment_seller_id_2f6ffa24-bda2-11ef-890a-02a6845b4b32
2024-12-19 08:42:55 - be.view.auth - INFO - 注册处理结果: 200
2024-12-19 08:42:55 - werkzeug - INFO - 127.0.0.1 - - [19/Dec/2024 08:42:55] "POST /auth/register HTTP/1.1" 200 -
2024-12-19 08:42:55 - be.view.auth - INFO - 收到登录请求: {'user_id': 'test_payment_seller_id_2f6ffa24-bda2-11ef-890a-02a6845b4b32', 'password': 'test_payment_seller_id_2f6ffa24-bda2-11ef-890a-02a6845b4b32', 'terminal': 'my terminal'}
2024-12-19 08:42:55 - be.model.user - INFO - 尝试登录用户：test_payment_seller_id_2f6ffa24-bda2-11ef-890a-02a6845b4b32，终端：my terminal
2024-12-19 08:42:55 - be.model.user - INFO - 为用户 test_payment_seller_id_2f6ffa24-bda2-11ef-890a-02a6845b4b32 生成新token，终端：my terminal
2024-12-19 08:42:55 - be.model.user - INFO - 用户登录成功：test_payment_seller_id_2f6ffa24-bda2-11ef-890a-02a6845b4b32
2024-12-19 08:42:55 - be.view.auth - INFO - 登录处理结果: 200
2024-12-19 08:42:55 - werkzeug - INFO - 127.0.0.1 - - [19/Dec/2024 08:42:55] "POST /auth/login HTTP/1.1" 200 -
2024-12-19 08:42:55 - werkzeug - INFO - 127.0.0.1 - - [19/Dec/2024 08:42:55] "POST /seller/create_store HTTP/1.1" 200 -
2024-12-19 08:42:56 - werkzeug - INFO - 127.0.0.1 - - [19/Dec/2024 08:42:56] "POST /seller/add_book HTTP/1.1" 200 -
2024-12-19 08:42:56 - be.view.auth - INFO - 收到注册请求: {'user_id': 'test_payment_buyer_id_2f6ffb50-bda2-11ef-890a-02a6845b4b32', 'password': 'test_payment_seller_id_2f6ffa24-bda2-11ef-890a-02a6845b4b32'}
2024-12-19 08:42:56 - be.model.user - INFO - 尝试注册新用户：test_payment_buyer_id_2f6ffb50-bda2-11ef-890a-02a6845b4b32
2024-12-19 08:42:56 - be.model.user - INFO - 加密密码...
2024-12-19 08:42:56 - be.model.user - INFO - 创建新用户...
2024-12-19 08:42:56 - be.model.user - INFO - 添加用户到数据库...
2024-12-19 08:42:56 - be.model.user - INFO - 用户注册成功：test_payment_buyer_id_2f6ffb50-bda2-11ef-890a-02a6845b4b32
2024-12-19 08:42:56 - be.view.auth - INFO - 注册处理结果: 200
2024-12-19 08:42:56 - werkzeug - INFO - 127.0.0.1 - - [19/Dec/2024 08:42:56] "POST /auth/register HTTP/1.1" 200 -
2024-12-19 08:42:56 - be.view.auth - INFO - 收到登录请求: {'user_id': 'test_payment_buyer_id_2f6ffb50-bda2-11ef-890a-02a6845b4b32', 'password': 'test_payment_seller_id_2f6ffa24-bda2-11ef-890a-02a6845b4b32', 'terminal': 'my terminal'}
2024-12-19 08:42:56 - be.model.user - INFO - 尝试登录用户：test_payment_buyer_id_2f6ffb50-bda2-11ef-890a-02a6845b4b32，终端：my terminal
2024-12-19 08:42:56 - be.model.user - INFO - 为用户 test_payment_buyer_id_2f6ffb50-bda2-11ef-890a-02a6845b4b32 生成新token，终端：my terminal
2024-12-19 08:42:56 - be.model.user - INFO - 用户登录成功：test_payment_buyer_id_2f6ffb50-bda2-11ef-890a-02a6845b4b32
2024-12-19 08:42:57 - be.view.auth - INFO - 登录处理结果: 200
2024-12-19 08:42:57 - werkzeug - INFO - 127.0.0.1 - - [19/Dec/2024 08:42:57] "POST /auth/login HTTP/1.1" 200 -
2024-12-19 08:42:57 - werkzeug - INFO - 127.0.0.1 - - [19/Dec/2024 08:42:57] "POST /buyer/new_order HTTP/1.1" 200 -
2024-12-19 08:42:57 - werkzeug - INFO - 127.0.0.1 - - [19/Dec/2024 08:42:57] "[31m[1mPOST /buyer/add_funds HTTP/1.1[0m" 401 -
2024-12-19 08:42:58 - root - INFO - load data
2024-12-19 08:42:58 - be.view.auth - INFO - 收到注册请求: {'user_id': 'seller_1_30c52a34-bda2-11ef-890a-02a6845b4b32', 'password': 'password_seller_1_30c52a34-bda2-11ef-890a-02a6845b4b32'}
2024-12-19 08:42:58 - be.model.user - INFO - 尝试注册新用户：seller_1_30c52a34-bda2-11ef-890a-02a6845b4b32
2024-12-19 08:42:58 - be.model.user - INFO - 加密密码...
2024-12-19 08:42:58 - be.model.user - INFO - 创建新用户...
2024-12-19 08:42:58 - be.model.user - INFO - 添加用户到数据库...
2024-12-19 08:42:58 - be.model.user - INFO - 用户注册成功：seller_1_30c52a34-bda2-11ef-890a-02a6845b4b32
2024-12-19 08:42:58 - be.view.auth - INFO - 注册处理结果: 200
2024-12-19 08:42:58 - werkzeug - INFO - 127.0.0.1 - - [19/Dec/2024 08:42:58] "POST /auth/register HTTP/1.1" 200 -
2024-12-19 08:42:58 - be.view.auth - INFO - 收到登录请求: {'user_id': 'seller_1_30c52a34-bda2-11ef-890a-02a6845b4b32', 'password': 'password_seller_1_30c52a34-bda2-11ef-890a-02a6845b4b32', 'terminal': 'my terminal'}
2024-12-19 08:42:58 - be.model.user - INFO - 尝试登录用户：seller_1_30c52a34-bda2-11ef-890a-02a6845b4b32，终端：my terminal
2024-12-19 08:42:58 - be.model.user - INFO - 为用户 seller_1_30c52a34-bda2-11ef-890a-02a6845b4b32 生成新token，终端：my terminal
2024-12-19 08:42:58 - be.model.user - INFO - 用户登录成功：seller_1_30c52a34-bda2-11ef-890a-02a6845b4b32
2024-12-19 08:42:58 - be.view.auth - INFO - 登录处理结果: 200
2024-12-19 08:42:58 - werkzeug - INFO - 127.0.0.1 - - [19/Dec/2024 08:42:58] "POST /auth/login HTTP/1.1" 200 -
2024-12-19 08:42:58 - werkzeug - INFO - 127.0.0.1 - - [19/Dec/2024 08:42:58] "POST /seller/create_store HTTP/1.1" 200 -
2024-12-19 08:43:02 - werkzeug - INFO - 127.0.0.1 - - [19/Dec/2024 08:43:02] "POST /seller/add_book HTTP/1.1" 200 -
2024-12-19 08:43:02 - werkzeug - INFO - 127.0.0.1 - - [19/Dec/2024 08:43:02] "POST /seller/add_book HTTP/1.1" 200 -
2024-12-19 08:43:02 - werkzeug - INFO - 127.0.0.1 - - [19/Dec/2024 08:43:02] "POST /seller/add_book HTTP/1.1" 200 -
2024-12-19 08:43:02 - werkzeug - INFO - 127.0.0.1 - - [19/Dec/2024 08:43:02] "POST /seller/add_book HTTP/1.1" 200 -
2024-12-19 08:43:02 - werkzeug - INFO - 127.0.0.1 - - [19/Dec/2024 08:43:02] "POST /seller/add_book HTTP/1.1" 200 -
2024-12-19 08:43:02 - werkzeug - INFO - 127.0.0.1 - - [19/Dec/2024 08:43:02] "POST /seller/add_book HTTP/1.1" 200 -
2024-12-19 08:43:02 - werkzeug - INFO - 127.0.0.1 - - [19/Dec/2024 08:43:02] "POST /seller/add_book HTTP/1.1" 200 -
2024-12-19 08:43:02 - werkzeug - INFO - 127.0.0.1 - - [19/Dec/2024 08:43:02] "POST /seller/add_book HTTP/1.1" 200 -
2024-12-19 08:43:02 - werkzeug - INFO - 127.0.0.1 - - [19/Dec/2024 08:43:02] "POST /seller/add_book HTTP/1.1" 200 -
2024-12-19 08:43:02 - werkzeug - INFO - 127.0.0.1 - - [19/Dec/2024 08:43:02] "POST /seller/add_book HTTP/1.1" 200 -
2024-12-19 08:43:02 - werkzeug - INFO - 127.0.0.1 - - [19/Dec/2024 08:43:02] "POST /seller/add_book HTTP/1.1" 200 -
2024-12-19 08:43:02 - werkzeug - INFO - 127.0.0.1 - - [19/Dec/2024 08:43:02] "POST /seller/add_book HTTP/1.1" 200 -
2024-12-19 08:43:03 - werkzeug - INFO - 127.0.0.1 - - [19/Dec/2024 08:43:03] "POST /seller/add_book HTTP/1.1" 200 -
2024-12-19 08:43:03 - werkzeug - INFO - 127.0.0.1 - - [19/Dec/2024 08:43:03] "POST /seller/add_book HTTP/1.1" 200 -
2024-12-19 08:43:03 - werkzeug - INFO - 127.0.0.1 - - [19/Dec/2024 08:43:03] "POST /seller/add_book HTTP/1.1" 200 -
2024-12-19 08:43:03 - werkzeug - INFO - 127.0.0.1 - - [19/Dec/2024 08:43:03] "POST /seller/add_book HTTP/1.1" 200 -
2024-12-19 08:43:03 - werkzeug - INFO - 127.0.0.1 - - [19/Dec/2024 08:43:03] "POST /seller/add_book HTTP/1.1" 200 -
2024-12-19 08:43:03 - werkzeug - INFO - 127.0.0.1 - - [19/Dec/2024 08:43:03] "POST /seller/add_book HTTP/1.1" 200 -
2024-12-19 08:43:03 - werkzeug - INFO - 127.0.0.1 - - [19/Dec/2024 08:43:03] "POST /seller/add_book HTTP/1.1" 200 -
2024-12-19 08:43:03 - werkzeug - INFO - 127.0.0.1 - - [19/Dec/2024 08:43:03] "POST /seller/add_book HTTP/1.1" 200 -
2024-12-19 08:43:03 - werkzeug - INFO - 127.0.0.1 - - [19/Dec/2024 08:43:03] "POST /seller/add_book HTTP/1.1" 200 -
2024-12-19 08:43:03 - werkzeug - INFO - 127.0.0.1 - - [19/Dec/2024 08:43:03] "POST /seller/add_book HTTP/1.1" 200 -
2024-12-19 08:43:03 - werkzeug - INFO - 127.0.0.1 - - [19/Dec/2024 08:43:03] "POST /seller/add_book HTTP/1.1" 200 -
2024-12-19 08:43:03 - werkzeug - INFO - 127.0.0.1 - - [19/Dec/2024 08:43:03] "POST /seller/add_book HTTP/1.1" 200 -
2024-12-19 08:43:03 - werkzeug - INFO - 127.0.0.1 - - [19/Dec/2024 08:43:03] "POST /seller/add_book HTTP/1.1" 200 -
2024-12-19 08:43:03 - werkzeug - INFO - 127.0.0.1 - - [19/Dec/2024 08:43:03] "POST /seller/add_book HTTP/1.1" 200 -
2024-12-19 08:43:03 - werkzeug - INFO - 127.0.0.1 - - [19/Dec/2024 08:43:03] "POST /seller/add_book HTTP/1.1" 200 -
2024-12-19 08:43:03 - werkzeug - INFO - 127.0.0.1 - - [19/Dec/2024 08:43:03] "POST /seller/add_book HTTP/1.1" 200 -
2024-12-19 08:43:04 - werkzeug - INFO - 127.0.0.1 - - [19/Dec/2024 08:43:04] "POST /seller/add_book HTTP/1.1" 200 -
2024-12-19 08:43:04 - werkzeug - INFO - 127.0.0.1 - - [19/Dec/2024 08:43:04] "POST /seller/add_book HTTP/1.1" 200 -
2024-12-19 08:43:04 - werkzeug - INFO - 127.0.0.1 - - [19/Dec/2024 08:43:04] "POST /seller/add_book HTTP/1.1" 200 -
2024-12-19 08:43:04 - werkzeug - INFO - 127.0.0.1 - - [19/Dec/2024 08:43:04] "POST /seller/add_book HTTP/1.1" 200 -
2024-12-19 08:43:04 - werkzeug - INFO - 127.0.0.1 - - [19/Dec/2024 08:43:04] "POST /seller/add_book HTTP/1.1" 200 -
2024-12-19 08:43:04 - werkzeug - INFO - 127.0.0.1 - - [19/Dec/2024 08:43:04] "POST /seller/add_book HTTP/1.1" 200 -
2024-12-19 08:43:04 - werkzeug - INFO - 127.0.0.1 - - [19/Dec/2024 08:43:04] "POST /seller/add_book HTTP/1.1" 200 -
2024-12-19 08:43:04 - werkzeug - INFO - 127.0.0.1 - - [19/Dec/2024 08:43:04] "POST /seller/add_book HTTP/1.1" 200 -
2024-12-19 08:43:04 - werkzeug - INFO - 127.0.0.1 - - [19/Dec/2024 08:43:04] "POST /seller/add_book HTTP/1.1" 200 -
2024-12-19 08:43:04 - werkzeug - INFO - 127.0.0.1 - - [19/Dec/2024 08:43:04] "POST /seller/add_book HTTP/1.1" 200 -
2024-12-19 08:43:04 - werkzeug - INFO - 127.0.0.1 - - [19/Dec/2024 08:43:04] "POST /seller/add_book HTTP/1.1" 200 -
2024-12-19 08:43:04 - werkzeug - INFO - 127.0.0.1 - - [19/Dec/2024 08:43:04] "POST /seller/add_book HTTP/1.1" 200 -
2024-12-19 08:43:04 - werkzeug - INFO - 127.0.0.1 - - [19/Dec/2024 08:43:04] "POST /seller/add_book HTTP/1.1" 200 -
2024-12-19 08:43:04 - werkzeug - INFO - 127.0.0.1 - - [19/Dec/2024 08:43:04] "POST /seller/add_book HTTP/1.1" 200 -
2024-12-19 08:43:04 - werkzeug - INFO - 127.0.0.1 - - [19/Dec/2024 08:43:04] "POST /seller/add_book HTTP/1.1" 200 -
2024-12-19 08:43:04 - werkzeug - INFO - 127.0.0.1 - - [19/Dec/2024 08:43:04] "POST /seller/add_book HTTP/1.1" 200 -
2024-12-19 08:43:05 - werkzeug - INFO - 127.0.0.1 - - [19/Dec/2024 08:43:05] "POST /seller/add_book HTTP/1.1" 200 -
2024-12-19 08:43:05 - werkzeug - INFO - 127.0.0.1 - - [19/Dec/2024 08:43:05] "POST /seller/add_book HTTP/1.1" 200 -
2024-12-19 08:43:05 - werkzeug - INFO - 127.0.0.1 - - [19/Dec/2024 08:43:05] "POST /seller/add_book HTTP/1.1" 200 -
2024-12-19 08:43:05 - werkzeug - INFO - 127.0.0.1 - - [19/Dec/2024 08:43:05] "POST /seller/add_book HTTP/1.1" 200 -
2024-12-19 08:43:05 - werkzeug - INFO - 127.0.0.1 - - [19/Dec/2024 08:43:05] "POST /seller/add_book HTTP/1.1" 200 -
2024-12-19 08:43:05 - werkzeug - INFO - 127.0.0.1 - - [19/Dec/2024 08:43:05] "POST /seller/add_book HTTP/1.1" 200 -
2024-12-19 08:43:05 - werkzeug - INFO - 127.0.0.1 - - [19/Dec/2024 08:43:05] "POST /seller/add_book HTTP/1.1" 200 -
2024-12-19 08:43:05 - werkzeug - INFO - 127.0.0.1 - - [19/Dec/2024 08:43:05] "POST /seller/add_book HTTP/1.1" 200 -
2024-12-19 08:43:05 - werkzeug - INFO - 127.0.0.1 - - [19/Dec/2024 08:43:05] "POST /seller/add_book HTTP/1.1" 200 -
2024-12-19 08:43:05 - werkzeug - INFO - 127.0.0.1 - - [19/Dec/2024 08:43:05] "POST /seller/add_book HTTP/1.1" 200 -
2024-12-19 08:43:05 - werkzeug - INFO - 127.0.0.1 - - [19/Dec/2024 08:43:05] "POST /seller/add_book HTTP/1.1" 200 -
2024-12-19 08:43:05 - werkzeug - INFO - 127.0.0.1 - - [19/Dec/2024 08:43:05] "POST /seller/add_book HTTP/1.1" 200 -
2024-12-19 08:43:05 - werkzeug - INFO - 127.0.0.1 - - [19/Dec/2024 08:43:05] "POST /seller/add_book HTTP/1.1" 200 -
2024-12-19 08:43:05 - werkzeug - INFO - 127.0.0.1 - - [19/Dec/2024 08:43:05] "POST /seller/add_book HTTP/1.1" 200 -
2024-12-19 08:43:05 - werkzeug - INFO - 127.0.0.1 - - [19/Dec/2024 08:43:05] "POST /seller/add_book HTTP/1.1" 200 -
2024-12-19 08:43:06 - werkzeug - INFO - 127.0.0.1 - - [19/Dec/2024 08:43:06] "POST /seller/add_book HTTP/1.1" 200 -
2024-12-19 08:43:06 - werkzeug - INFO - 127.0.0.1 - - [19/Dec/2024 08:43:06] "POST /seller/add_book HTTP/1.1" 200 -
2024-12-19 08:43:06 - werkzeug - INFO - 127.0.0.1 - - [19/Dec/2024 08:43:06] "POST /seller/add_book HTTP/1.1" 200 -
2024-12-19 08:43:06 - werkzeug - INFO - 127.0.0.1 - - [19/Dec/2024 08:43:06] "POST /seller/add_book HTTP/1.1" 200 -
2024-12-19 08:43:06 - werkzeug - INFO - 127.0.0.1 - - [19/Dec/2024 08:43:06] "POST /seller/add_book HTTP/1.1" 200 -
2024-12-19 08:43:06 - werkzeug - INFO - 127.0.0.1 - - [19/Dec/2024 08:43:06] "POST /seller/add_book HTTP/1.1" 200 -
2024-12-19 08:43:06 - werkzeug - INFO - 127.0.0.1 - - [19/Dec/2024 08:43:06] "POST /seller/add_book HTTP/1.1" 200 -
2024-12-19 08:43:06 - werkzeug - INFO - 127.0.0.1 - - [19/Dec/2024 08:43:06] "POST /seller/add_book HTTP/1.1" 200 -
2024-12-19 08:43:06 - werkzeug - INFO - 127.0.0.1 - - [19/Dec/2024 08:43:06] "POST /seller/add_book HTTP/1.1" 200 -
2024-12-19 08:43:06 - werkzeug - INFO - 127.0.0.1 - - [19/Dec/2024 08:43:06] "POST /seller/add_book HTTP/1.1" 200 -
2024-12-19 08:43:06 - werkzeug - INFO - 127.0.0.1 - - [19/Dec/2024 08:43:06] "POST /seller/add_book HTTP/1.1" 200 -
2024-12-19 08:43:06 - werkzeug - INFO - 127.0.0.1 - - [19/Dec/2024 08:43:06] "POST /seller/add_book HTTP/1.1" 200 -
2024-12-19 08:43:06 - werkzeug - INFO - 127.0.0.1 - - [19/Dec/2024 08:43:06] "POST /seller/add_book HTTP/1.1" 200 -
2024-12-19 08:43:06 - werkzeug - INFO - 127.0.0.1 - - [19/Dec/2024 08:43:06] "POST /seller/add_book HTTP/1.1" 200 -
2024-12-19 08:43:06 - werkzeug - INFO - 127.0.0.1 - - [19/Dec/2024 08:43:06] "POST /seller/add_book HTTP/1.1" 200 -
2024-12-19 08:43:06 - werkzeug - INFO - 127.0.0.1 - - [19/Dec/2024 08:43:06] "POST /seller/add_book HTTP/1.1" 200 -
2024-12-19 08:43:07 - werkzeug - INFO - 127.0.0.1 - - [19/Dec/2024 08:43:07] "POST /seller/add_book HTTP/1.1" 200 -
2024-12-19 08:43:07 - werkzeug - INFO - 127.0.0.1 - - [19/Dec/2024 08:43:07] "POST /seller/add_book HTTP/1.1" 200 -
2024-12-19 08:43:07 - werkzeug - INFO - 127.0.0.1 - - [19/Dec/2024 08:43:07] "POST /seller/add_book HTTP/1.1" 200 -
2024-12-19 08:43:07 - werkzeug - INFO - 127.0.0.1 - - [19/Dec/2024 08:43:07] "POST /seller/add_book HTTP/1.1" 200 -
2024-12-19 08:43:07 - werkzeug - INFO - 127.0.0.1 - - [19/Dec/2024 08:43:07] "POST /seller/add_book HTTP/1.1" 200 -
2024-12-19 08:43:07 - werkzeug - INFO - 127.0.0.1 - - [19/Dec/2024 08:43:07] "POST /seller/add_book HTTP/1.1" 200 -
2024-12-19 08:43:07 - werkzeug - INFO - 127.0.0.1 - - [19/Dec/2024 08:43:07] "POST /seller/add_book HTTP/1.1" 200 -
2024-12-19 08:43:07 - werkzeug - INFO - 127.0.0.1 - - [19/Dec/2024 08:43:07] "POST /seller/add_book HTTP/1.1" 200 -
2024-12-19 08:43:07 - werkzeug - INFO - 127.0.0.1 - - [19/Dec/2024 08:43:07] "POST /seller/add_book HTTP/1.1" 200 -
2024-12-19 08:43:07 - werkzeug - INFO - 127.0.0.1 - - [19/Dec/2024 08:43:07] "POST /seller/add_book HTTP/1.1" 200 -
2024-12-19 08:43:07 - werkzeug - INFO - 127.0.0.1 - - [19/Dec/2024 08:43:07] "POST /seller/add_book HTTP/1.1" 200 -
2024-12-19 08:43:07 - werkzeug - INFO - 127.0.0.1 - - [19/Dec/2024 08:43:07] "POST /seller/add_book HTTP/1.1" 200 -
2024-12-19 08:43:07 - werkzeug - INFO - 127.0.0.1 - - [19/Dec/2024 08:43:07] "POST /seller/add_book HTTP/1.1" 200 -
2024-12-19 08:43:07 - werkzeug - INFO - 127.0.0.1 - - [19/Dec/2024 08:43:07] "POST /seller/add_book HTTP/1.1" 200 -
2024-12-19 08:43:07 - werkzeug - INFO - 127.0.0.1 - - [19/Dec/2024 08:43:07] "POST /seller/add_book HTTP/1.1" 200 -
2024-12-19 08:43:07 - werkzeug - INFO - 127.0.0.1 - - [19/Dec/2024 08:43:07] "POST /seller/add_book HTTP/1.1" 200 -
2024-12-19 08:43:08 - werkzeug - INFO - 127.0.0.1 - - [19/Dec/2024 08:43:08] "POST /seller/add_book HTTP/1.1" 200 -
2024-12-19 08:43:08 - werkzeug - INFO - 127.0.0.1 - - [19/Dec/2024 08:43:08] "POST /seller/add_book HTTP/1.1" 200 -
2024-12-19 08:43:08 - werkzeug - INFO - 127.0.0.1 - - [19/Dec/2024 08:43:08] "POST /seller/add_book HTTP/1.1" 200 -
2024-12-19 08:43:08 - werkzeug - INFO - 127.0.0.1 - - [19/Dec/2024 08:43:08] "POST /seller/add_book HTTP/1.1" 200 -
2024-12-19 08:43:08 - werkzeug - INFO - 127.0.0.1 - - [19/Dec/2024 08:43:08] "POST /seller/add_book HTTP/1.1" 200 -
2024-12-19 08:43:08 - werkzeug - INFO - 127.0.0.1 - - [19/Dec/2024 08:43:08] "POST /seller/add_book HTTP/1.1" 200 -
2024-12-19 08:43:08 - werkzeug - INFO - 127.0.0.1 - - [19/Dec/2024 08:43:08] "POST /seller/add_book HTTP/1.1" 200 -
2024-12-19 08:43:08 - werkzeug - INFO - 127.0.0.1 - - [19/Dec/2024 08:43:08] "POST /seller/add_book HTTP/1.1" 200 -
2024-12-19 08:43:08 - werkzeug - INFO - 127.0.0.1 - - [19/Dec/2024 08:43:08] "POST /seller/add_book HTTP/1.1" 200 -
2024-12-19 08:43:08 - werkzeug - INFO - 127.0.0.1 - - [19/Dec/2024 08:43:08] "POST /seller/create_store HTTP/1.1" 200 -
2024-12-19 08:43:12 - werkzeug - INFO - 127.0.0.1 - - [19/Dec/2024 08:43:12] "POST /seller/add_book HTTP/1.1" 200 -
2024-12-19 08:43:12 - werkzeug - INFO - 127.0.0.1 - - [19/Dec/2024 08:43:12] "POST /seller/add_book HTTP/1.1" 200 -
2024-12-19 08:43:12 - werkzeug - INFO - 127.0.0.1 - - [19/Dec/2024 08:43:12] "POST /seller/add_book HTTP/1.1" 200 -
2024-12-19 08:43:12 - werkzeug - INFO - 127.0.0.1 - - [19/Dec/2024 08:43:12] "POST /seller/add_book HTTP/1.1" 200 -
2024-12-19 08:43:12 - werkzeug - INFO - 127.0.0.1 - - [19/Dec/2024 08:43:12] "POST /seller/add_book HTTP/1.1" 200 -
2024-12-19 08:43:12 - werkzeug - INFO - 127.0.0.1 - - [19/Dec/2024 08:43:12] "POST /seller/add_book HTTP/1.1" 200 -
2024-12-19 08:43:12 - werkzeug - INFO - 127.0.0.1 - - [19/Dec/2024 08:43:12] "POST /seller/add_book HTTP/1.1" 200 -
2024-12-19 08:43:12 - werkzeug - INFO - 127.0.0.1 - - [19/Dec/2024 08:43:12] "POST /seller/add_book HTTP/1.1" 200 -
2024-12-19 08:43:12 - werkzeug - INFO - 127.0.0.1 - - [19/Dec/2024 08:43:12] "POST /seller/add_book HTTP/1.1" 200 -
2024-12-19 08:43:12 - werkzeug - INFO - 127.0.0.1 - - [19/Dec/2024 08:43:12] "POST /seller/add_book HTTP/1.1" 200 -
2024-12-19 08:43:12 - werkzeug - INFO - 127.0.0.1 - - [19/Dec/2024 08:43:12] "POST /seller/add_book HTTP/1.1" 200 -
2024-12-19 08:43:12 - werkzeug - INFO - 127.0.0.1 - - [19/Dec/2024 08:43:12] "POST /seller/add_book HTTP/1.1" 200 -
2024-12-19 08:43:12 - werkzeug - INFO - 127.0.0.1 - - [19/Dec/2024 08:43:12] "POST /seller/add_book HTTP/1.1" 200 -
2024-12-19 08:43:13 - werkzeug - INFO - 127.0.0.1 - - [19/Dec/2024 08:43:13] "POST /seller/add_book HTTP/1.1" 200 -
2024-12-19 08:43:13 - werkzeug - INFO - 127.0.0.1 - - [19/Dec/2024 08:43:13] "POST /seller/add_book HTTP/1.1" 200 -
2024-12-19 08:43:13 - werkzeug - INFO - 127.0.0.1 - - [19/Dec/2024 08:43:13] "POST /seller/add_book HTTP/1.1" 200 -
2024-12-19 08:43:13 - werkzeug - INFO - 127.0.0.1 - - [19/Dec/2024 08:43:13] "POST /seller/add_book HTTP/1.1" 200 -
2024-12-19 08:43:13 - werkzeug - INFO - 127.0.0.1 - - [19/Dec/2024 08:43:13] "POST /seller/add_book HTTP/1.1" 200 -
2024-12-19 08:43:13 - werkzeug - INFO - 127.0.0.1 - - [19/Dec/2024 08:43:13] "POST /seller/add_book HTTP/1.1" 200 -
2024-12-19 08:43:13 - werkzeug - INFO - 127.0.0.1 - - [19/Dec/2024 08:43:13] "POST /seller/add_book HTTP/1.1" 200 -
2024-12-19 08:43:13 - werkzeug - INFO - 127.0.0.1 - - [19/Dec/2024 08:43:13] "POST /seller/add_book HTTP/1.1" 200 -
2024-12-19 08:43:13 - werkzeug - INFO - 127.0.0.1 - - [19/Dec/2024 08:43:13] "POST /seller/add_book HTTP/1.1" 200 -
2024-12-19 08:43:13 - werkzeug - INFO - 127.0.0.1 - - [19/Dec/2024 08:43:13] "POST /seller/add_book HTTP/1.1" 200 -
2024-12-19 08:43:13 - werkzeug - INFO - 127.0.0.1 - - [19/Dec/2024 08:43:13] "POST /seller/add_book HTTP/1.1" 200 -
2024-12-19 08:43:13 - werkzeug - INFO - 127.0.0.1 - - [19/Dec/2024 08:43:13] "POST /seller/add_book HTTP/1.1" 200 -
2024-12-19 08:43:13 - werkzeug - INFO - 127.0.0.1 - - [19/Dec/2024 08:43:13] "POST /seller/add_book HTTP/1.1" 200 -
2024-12-19 08:43:13 - werkzeug - INFO - 127.0.0.1 - - [19/Dec/2024 08:43:13] "POST /seller/add_book HTTP/1.1" 200 -
2024-12-19 08:43:13 - werkzeug - INFO - 127.0.0.1 - - [19/Dec/2024 08:43:13] "POST /seller/add_book HTTP/1.1" 200 -
2024-12-19 08:43:14 - werkzeug - INFO - 127.0.0.1 - - [19/Dec/2024 08:43:14] "POST /seller/add_book HTTP/1.1" 200 -
2024-12-19 08:43:14 - werkzeug - INFO - 127.0.0.1 - - [19/Dec/2024 08:43:14] "POST /seller/add_book HTTP/1.1" 200 -
2024-12-19 08:43:14 - werkzeug - INFO - 127.0.0.1 - - [19/Dec/2024 08:43:14] "POST /seller/add_book HTTP/1.1" 200 -
2024-12-19 08:43:14 - werkzeug - INFO - 127.0.0.1 - - [19/Dec/2024 08:43:14] "POST /seller/add_book HTTP/1.1" 200 -
2024-12-19 08:43:14 - werkzeug - INFO - 127.0.0.1 - - [19/Dec/2024 08:43:14] "POST /seller/add_book HTTP/1.1" 200 -
2024-12-19 08:43:14 - werkzeug - INFO - 127.0.0.1 - - [19/Dec/2024 08:43:14] "POST /seller/add_book HTTP/1.1" 200 -
2024-12-19 08:43:14 - werkzeug - INFO - 127.0.0.1 - - [19/Dec/2024 08:43:14] "POST /seller/add_book HTTP/1.1" 200 -
2024-12-19 08:43:14 - werkzeug - INFO - 127.0.0.1 - - [19/Dec/2024 08:43:14] "POST /seller/add_book HTTP/1.1" 200 -
2024-12-19 08:43:14 - werkzeug - INFO - 127.0.0.1 - - [19/Dec/2024 08:43:14] "POST /seller/add_book HTTP/1.1" 200 -
2024-12-19 08:43:14 - werkzeug - INFO - 127.0.0.1 - - [19/Dec/2024 08:43:14] "POST /seller/add_book HTTP/1.1" 200 -
2024-12-19 08:43:14 - werkzeug - INFO - 127.0.0.1 - - [19/Dec/2024 08:43:14] "POST /seller/add_book HTTP/1.1" 200 -
2024-12-19 08:43:14 - werkzeug - INFO - 127.0.0.1 - - [19/Dec/2024 08:43:14] "POST /seller/add_book HTTP/1.1" 200 -
2024-12-19 08:43:14 - werkzeug - INFO - 127.0.0.1 - - [19/Dec/2024 08:43:14] "POST /seller/add_book HTTP/1.1" 200 -
2024-12-19 08:43:14 - werkzeug - INFO - 127.0.0.1 - - [19/Dec/2024 08:43:14] "POST /seller/add_book HTTP/1.1" 200 -
2024-12-19 08:43:14 - werkzeug - INFO - 127.0.0.1 - - [19/Dec/2024 08:43:14] "POST /seller/add_book HTTP/1.1" 200 -
2024-12-19 08:43:15 - werkzeug - INFO - 127.0.0.1 - - [19/Dec/2024 08:43:15] "POST /seller/add_book HTTP/1.1" 200 -
2024-12-19 08:43:15 - werkzeug - INFO - 127.0.0.1 - - [19/Dec/2024 08:43:15] "POST /seller/add_book HTTP/1.1" 200 -
2024-12-19 08:43:15 - werkzeug - INFO - 127.0.0.1 - - [19/Dec/2024 08:43:15] "POST /seller/add_book HTTP/1.1" 200 -
2024-12-19 08:43:15 - werkzeug - INFO - 127.0.0.1 - - [19/Dec/2024 08:43:15] "POST /seller/add_book HTTP/1.1" 200 -
2024-12-19 08:43:15 - werkzeug - INFO - 127.0.0.1 - - [19/Dec/2024 08:43:15] "POST /seller/add_book HTTP/1.1" 200 -
2024-12-19 08:43:15 - werkzeug - INFO - 127.0.0.1 - - [19/Dec/2024 08:43:15] "POST /seller/add_book HTTP/1.1" 200 -
2024-12-19 08:43:15 - werkzeug - INFO - 127.0.0.1 - - [19/Dec/2024 08:43:15] "POST /seller/add_book HTTP/1.1" 200 -
2024-12-19 08:43:15 - werkzeug - INFO - 127.0.0.1 - - [19/Dec/2024 08:43:15] "POST /seller/add_book HTTP/1.1" 200 -
2024-12-19 08:43:15 - werkzeug - INFO - 127.0.0.1 - - [19/Dec/2024 08:43:15] "POST /seller/add_book HTTP/1.1" 200 -
2024-12-19 08:43:15 - werkzeug - INFO - 127.0.0.1 - - [19/Dec/2024 08:43:15] "POST /seller/add_book HTTP/1.1" 200 -
2024-12-19 08:43:15 - werkzeug - INFO - 127.0.0.1 - - [19/Dec/2024 08:43:15] "POST /seller/add_book HTTP/1.1" 200 -
2024-12-19 08:43:15 - werkzeug - INFO - 127.0.0.1 - - [19/Dec/2024 08:43:15] "POST /seller/add_book HTTP/1.1" 200 -
2024-12-19 08:43:15 - werkzeug - INFO - 127.0.0.1 - - [19/Dec/2024 08:43:15] "POST /seller/add_book HTTP/1.1" 200 -
2024-12-19 08:43:15 - werkzeug - INFO - 127.0.0.1 - - [19/Dec/2024 08:43:15] "POST /seller/add_book HTTP/1.1" 200 -
2024-12-19 08:43:15 - werkzeug - INFO - 127.0.0.1 - - [19/Dec/2024 08:43:15] "POST /seller/add_book HTTP/1.1" 200 -
2024-12-19 08:43:15 - werkzeug - INFO - 127.0.0.1 - - [19/Dec/2024 08:43:15] "POST /seller/add_book HTTP/1.1" 200 -
2024-12-19 08:43:16 - werkzeug - INFO - 127.0.0.1 - - [19/Dec/2024 08:43:16] "POST /seller/add_book HTTP/1.1" 200 -
2024-12-19 08:43:16 - werkzeug - INFO - 127.0.0.1 - - [19/Dec/2024 08:43:16] "POST /seller/add_book HTTP/1.1" 200 -
2024-12-19 08:43:16 - werkzeug - INFO - 127.0.0.1 - - [19/Dec/2024 08:43:16] "POST /seller/add_book HTTP/1.1" 200 -
2024-12-19 08:43:16 - werkzeug - INFO - 127.0.0.1 - - [19/Dec/2024 08:43:16] "POST /seller/add_book HTTP/1.1" 200 -
2024-12-19 08:43:16 - werkzeug - INFO - 127.0.0.1 - - [19/Dec/2024 08:43:16] "POST /seller/add_book HTTP/1.1" 200 -
2024-12-19 08:43:16 - werkzeug - INFO - 127.0.0.1 - - [19/Dec/2024 08:43:16] "POST /seller/add_book HTTP/1.1" 200 -
2024-12-19 08:43:16 - werkzeug - INFO - 127.0.0.1 - - [19/Dec/2024 08:43:16] "POST /seller/add_book HTTP/1.1" 200 -
2024-12-19 08:43:16 - werkzeug - INFO - 127.0.0.1 - - [19/Dec/2024 08:43:16] "POST /seller/add_book HTTP/1.1" 200 -
2024-12-19 08:43:16 - werkzeug - INFO - 127.0.0.1 - - [19/Dec/2024 08:43:16] "POST /seller/add_book HTTP/1.1" 200 -
2024-12-19 08:43:16 - werkzeug - INFO - 127.0.0.1 - - [19/Dec/2024 08:43:16] "POST /seller/add_book HTTP/1.1" 200 -
2024-12-19 08:43:16 - werkzeug - INFO - 127.0.0.1 - - [19/Dec/2024 08:43:16] "POST /seller/add_book HTTP/1.1" 200 -
2024-12-19 08:43:16 - werkzeug - INFO - 127.0.0.1 - - [19/Dec/2024 08:43:16] "POST /seller/add_book HTTP/1.1" 200 -
2024-12-19 08:43:16 - werkzeug - INFO - 127.0.0.1 - - [19/Dec/2024 08:43:16] "POST /seller/add_book HTTP/1.1" 200 -
2024-12-19 08:43:16 - werkzeug - INFO - 127.0.0.1 - - [19/Dec/2024 08:43:16] "POST /seller/add_book HTTP/1.1" 200 -
2024-12-19 08:43:16 - werkzeug - INFO - 127.0.0.1 - - [19/Dec/2024 08:43:16] "POST /seller/add_book HTTP/1.1" 200 -
2024-12-19 08:43:16 - werkzeug - INFO - 127.0.0.1 - - [19/Dec/2024 08:43:16] "POST /seller/add_book HTTP/1.1" 200 -
2024-12-19 08:43:17 - werkzeug - INFO - 127.0.0.1 - - [19/Dec/2024 08:43:17] "POST /seller/add_book HTTP/1.1" 200 -
2024-12-19 08:43:17 - werkzeug - INFO - 127.0.0.1 - - [19/Dec/2024 08:43:17] "POST /seller/add_book HTTP/1.1" 200 -
2024-12-19 08:43:17 - werkzeug - INFO - 127.0.0.1 - - [19/Dec/2024 08:43:17] "POST /seller/add_book HTTP/1.1" 200 -
2024-12-19 08:43:17 - werkzeug - INFO - 127.0.0.1 - - [19/Dec/2024 08:43:17] "POST /seller/add_book HTTP/1.1" 200 -
2024-12-19 08:43:17 - werkzeug - INFO - 127.0.0.1 - - [19/Dec/2024 08:43:17] "POST /seller/add_book HTTP/1.1" 200 -
2024-12-19 08:43:17 - werkzeug - INFO - 127.0.0.1 - - [19/Dec/2024 08:43:17] "POST /seller/add_book HTTP/1.1" 200 -
2024-12-19 08:43:17 - werkzeug - INFO - 127.0.0.1 - - [19/Dec/2024 08:43:17] "POST /seller/add_book HTTP/1.1" 200 -
2024-12-19 08:43:17 - werkzeug - INFO - 127.0.0.1 - - [19/Dec/2024 08:43:17] "POST /seller/add_book HTTP/1.1" 200 -
2024-12-19 08:43:17 - werkzeug - INFO - 127.0.0.1 - - [19/Dec/2024 08:43:17] "POST /seller/add_book HTTP/1.1" 200 -
2024-12-19 08:43:17 - werkzeug - INFO - 127.0.0.1 - - [19/Dec/2024 08:43:17] "POST /seller/add_book HTTP/1.1" 200 -
2024-12-19 08:43:17 - werkzeug - INFO - 127.0.0.1 - - [19/Dec/2024 08:43:17] "POST /seller/add_book HTTP/1.1" 200 -
2024-12-19 08:43:17 - werkzeug - INFO - 127.0.0.1 - - [19/Dec/2024 08:43:17] "POST /seller/add_book HTTP/1.1" 200 -
2024-12-19 08:43:17 - werkzeug - INFO - 127.0.0.1 - - [19/Dec/2024 08:43:17] "POST /seller/add_book HTTP/1.1" 200 -
2024-12-19 08:43:17 - werkzeug - INFO - 127.0.0.1 - - [19/Dec/2024 08:43:17] "POST /seller/add_book HTTP/1.1" 200 -
2024-12-19 08:43:17 - werkzeug - INFO - 127.0.0.1 - - [19/Dec/2024 08:43:17] "POST /seller/add_book HTTP/1.1" 200 -
2024-12-19 08:43:17 - werkzeug - INFO - 127.0.0.1 - - [19/Dec/2024 08:43:17] "POST /seller/add_book HTTP/1.1" 200 -
2024-12-19 08:43:18 - werkzeug - INFO - 127.0.0.1 - - [19/Dec/2024 08:43:18] "POST /seller/add_book HTTP/1.1" 200 -
2024-12-19 08:43:18 - werkzeug - INFO - 127.0.0.1 - - [19/Dec/2024 08:43:18] "POST /seller/add_book HTTP/1.1" 200 -
2024-12-19 08:43:18 - werkzeug - INFO - 127.0.0.1 - - [19/Dec/2024 08:43:18] "POST /seller/add_book HTTP/1.1" 200 -
2024-12-19 08:43:18 - werkzeug - INFO - 127.0.0.1 - - [19/Dec/2024 08:43:18] "POST /seller/add_book HTTP/1.1" 200 -
2024-12-19 08:43:18 - werkzeug - INFO - 127.0.0.1 - - [19/Dec/2024 08:43:18] "POST /seller/add_book HTTP/1.1" 200 -
2024-12-19 08:43:18 - werkzeug - INFO - 127.0.0.1 - - [19/Dec/2024 08:43:18] "POST /seller/add_book HTTP/1.1" 200 -
2024-12-19 08:43:18 - werkzeug - INFO - 127.0.0.1 - - [19/Dec/2024 08:43:18] "POST /seller/add_book HTTP/1.1" 200 -
2024-12-19 08:43:18 - werkzeug - INFO - 127.0.0.1 - - [19/Dec/2024 08:43:18] "POST /seller/add_book HTTP/1.1" 200 -
2024-12-19 08:43:18 - werkzeug - INFO - 127.0.0.1 - - [19/Dec/2024 08:43:18] "POST /seller/add_book HTTP/1.1" 200 -
2024-12-19 08:43:18 - be.view.auth - INFO - 收到注册请求: {'user_id': 'seller_2_30c52a34-bda2-11ef-890a-02a6845b4b32', 'password': 'password_seller_2_30c52a34-bda2-11ef-890a-02a6845b4b32'}
2024-12-19 08:43:18 - be.model.user - INFO - 尝试注册新用户：seller_2_30c52a34-bda2-11ef-890a-02a6845b4b32
2024-12-19 08:43:18 - be.model.user - INFO - 加密密码...
2024-12-19 08:43:18 - be.model.user - INFO - 创建新用户...
2024-12-19 08:43:18 - be.model.user - INFO - 添加用户到数据库...
2024-12-19 08:43:18 - be.model.user - INFO - 用户注册成功：seller_2_30c52a34-bda2-11ef-890a-02a6845b4b32
2024-12-19 08:43:18 - be.view.auth - INFO - 注册处理结果: 200
2024-12-19 08:43:18 - werkzeug - INFO - 127.0.0.1 - - [19/Dec/2024 08:43:18] "POST /auth/register HTTP/1.1" 200 -
2024-12-19 08:43:18 - be.view.auth - INFO - 收到登录请求: {'user_id': 'seller_2_30c52a34-bda2-11ef-890a-02a6845b4b32', 'password': 'password_seller_2_30c52a34-bda2-11ef-890a-02a6845b4b32', 'terminal': 'my terminal'}
2024-12-19 08:43:18 - be.model.user - INFO - 尝试登录用户：seller_2_30c52a34-bda2-11ef-890a-02a6845b4b32，终端：my terminal
2024-12-19 08:43:18 - be.model.user - INFO - 为用户 seller_2_30c52a34-bda2-11ef-890a-02a6845b4b32 生成新token，终端：my terminal
2024-12-19 08:43:18 - be.model.user - INFO - 用户登录成功：seller_2_30c52a34-bda2-11ef-890a-02a6845b4b32
2024-12-19 08:43:19 - be.view.auth - INFO - 登录处理结果: 200
2024-12-19 08:43:19 - werkzeug - INFO - 127.0.0.1 - - [19/Dec/2024 08:43:19] "POST /auth/login HTTP/1.1" 200 -
2024-12-19 08:43:19 - werkzeug - INFO - 127.0.0.1 - - [19/Dec/2024 08:43:19] "POST /seller/create_store HTTP/1.1" 200 -
2024-12-19 08:43:22 - werkzeug - INFO - 127.0.0.1 - - [19/Dec/2024 08:43:22] "POST /seller/add_book HTTP/1.1" 200 -
2024-12-19 08:43:22 - werkzeug - INFO - 127.0.0.1 - - [19/Dec/2024 08:43:22] "POST /seller/add_book HTTP/1.1" 200 -
2024-12-19 08:43:22 - werkzeug - INFO - 127.0.0.1 - - [19/Dec/2024 08:43:22] "POST /seller/add_book HTTP/1.1" 200 -
2024-12-19 08:43:22 - werkzeug - INFO - 127.0.0.1 - - [19/Dec/2024 08:43:22] "POST /seller/add_book HTTP/1.1" 200 -
2024-12-19 08:43:22 - werkzeug - INFO - 127.0.0.1 - - [19/Dec/2024 08:43:22] "POST /seller/add_book HTTP/1.1" 200 -
2024-12-19 08:43:22 - werkzeug - INFO - 127.0.0.1 - - [19/Dec/2024 08:43:22] "POST /seller/add_book HTTP/1.1" 200 -
2024-12-19 08:43:23 - werkzeug - INFO - 127.0.0.1 - - [19/Dec/2024 08:43:23] "POST /seller/add_book HTTP/1.1" 200 -
2024-12-19 08:43:23 - werkzeug - INFO - 127.0.0.1 - - [19/Dec/2024 08:43:23] "POST /seller/add_book HTTP/1.1" 200 -
2024-12-19 08:43:23 - werkzeug - INFO - 127.0.0.1 - - [19/Dec/2024 08:43:23] "POST /seller/add_book HTTP/1.1" 200 -
2024-12-19 08:43:23 - werkzeug - INFO - 127.0.0.1 - - [19/Dec/2024 08:43:23] "POST /seller/add_book HTTP/1.1" 200 -
2024-12-19 08:43:23 - werkzeug - INFO - 127.0.0.1 - - [19/Dec/2024 08:43:23] "POST /seller/add_book HTTP/1.1" 200 -
2024-12-19 08:43:23 - werkzeug - INFO - 127.0.0.1 - - [19/Dec/2024 08:43:23] "POST /seller/add_book HTTP/1.1" 200 -
2024-12-19 08:43:23 - werkzeug - INFO - 127.0.0.1 - - [19/Dec/2024 08:43:23] "POST /seller/add_book HTTP/1.1" 200 -
2024-12-19 08:43:23 - werkzeug - INFO - 127.0.0.1 - - [19/Dec/2024 08:43:23] "POST /seller/add_book HTTP/1.1" 200 -
2024-12-19 08:43:23 - werkzeug - INFO - 127.0.0.1 - - [19/Dec/2024 08:43:23] "POST /seller/add_book HTTP/1.1" 200 -
2024-12-19 08:43:23 - werkzeug - INFO - 127.0.0.1 - - [19/Dec/2024 08:43:23] "POST /seller/add_book HTTP/1.1" 200 -
2024-12-19 08:43:23 - werkzeug - INFO - 127.0.0.1 - - [19/Dec/2024 08:43:23] "POST /seller/add_book HTTP/1.1" 200 -
2024-12-19 08:43:23 - werkzeug - INFO - 127.0.0.1 - - [19/Dec/2024 08:43:23] "POST /seller/add_book HTTP/1.1" 200 -
2024-12-19 08:43:23 - werkzeug - INFO - 127.0.0.1 - - [19/Dec/2024 08:43:23] "POST /seller/add_book HTTP/1.1" 200 -
2024-12-19 08:43:23 - werkzeug - INFO - 127.0.0.1 - - [19/Dec/2024 08:43:23] "POST /seller/add_book HTTP/1.1" 200 -
2024-12-19 08:43:23 - werkzeug - INFO - 127.0.0.1 - - [19/Dec/2024 08:43:23] "POST /seller/add_book HTTP/1.1" 200 -
2024-12-19 08:43:24 - werkzeug - INFO - 127.0.0.1 - - [19/Dec/2024 08:43:24] "POST /seller/add_book HTTP/1.1" 200 -
2024-12-19 08:43:24 - werkzeug - INFO - 127.0.0.1 - - [19/Dec/2024 08:43:24] "POST /seller/add_book HTTP/1.1" 200 -
2024-12-19 08:43:24 - werkzeug - INFO - 127.0.0.1 - - [19/Dec/2024 08:43:24] "POST /seller/add_book HTTP/1.1" 200 -
2024-12-19 08:43:24 - werkzeug - INFO - 127.0.0.1 - - [19/Dec/2024 08:43:24] "POST /seller/add_book HTTP/1.1" 200 -
2024-12-19 08:43:24 - werkzeug - INFO - 127.0.0.1 - - [19/Dec/2024 08:43:24] "POST /seller/add_book HTTP/1.1" 200 -
2024-12-19 08:43:24 - werkzeug - INFO - 127.0.0.1 - - [19/Dec/2024 08:43:24] "POST /seller/add_book HTTP/1.1" 200 -
2024-12-19 08:43:24 - werkzeug - INFO - 127.0.0.1 - - [19/Dec/2024 08:43:24] "POST /seller/add_book HTTP/1.1" 200 -
2024-12-19 08:43:24 - werkzeug - INFO - 127.0.0.1 - - [19/Dec/2024 08:43:24] "POST /seller/add_book HTTP/1.1" 200 -
2024-12-19 08:43:24 - werkzeug - INFO - 127.0.0.1 - - [19/Dec/2024 08:43:24] "POST /seller/add_book HTTP/1.1" 200 -
2024-12-19 08:43:24 - werkzeug - INFO - 127.0.0.1 - - [19/Dec/2024 08:43:24] "POST /seller/add_book HTTP/1.1" 200 -
2024-12-19 08:43:24 - werkzeug - INFO - 127.0.0.1 - - [19/Dec/2024 08:43:24] "POST /seller/add_book HTTP/1.1" 200 -
2024-12-19 08:43:24 - werkzeug - INFO - 127.0.0.1 - - [19/Dec/2024 08:43:24] "POST /seller/add_book HTTP/1.1" 200 -
2024-12-19 08:43:24 - werkzeug - INFO - 127.0.0.1 - - [19/Dec/2024 08:43:24] "POST /seller/add_book HTTP/1.1" 200 -
2024-12-19 08:43:24 - werkzeug - INFO - 127.0.0.1 - - [19/Dec/2024 08:43:24] "POST /seller/add_book HTTP/1.1" 200 -
2024-12-19 08:43:24 - werkzeug - INFO - 127.0.0.1 - - [19/Dec/2024 08:43:24] "POST /seller/add_book HTTP/1.1" 200 -
2024-12-19 08:43:24 - werkzeug - INFO - 127.0.0.1 - - [19/Dec/2024 08:43:24] "POST /seller/add_book HTTP/1.1" 200 -
2024-12-19 08:43:25 - werkzeug - INFO - 127.0.0.1 - - [19/Dec/2024 08:43:25] "POST /seller/add_book HTTP/1.1" 200 -
2024-12-19 08:43:25 - werkzeug - INFO - 127.0.0.1 - - [19/Dec/2024 08:43:25] "POST /seller/add_book HTTP/1.1" 200 -
2024-12-19 08:43:25 - werkzeug - INFO - 127.0.0.1 - - [19/Dec/2024 08:43:25] "POST /seller/add_book HTTP/1.1" 200 -
2024-12-19 08:43:25 - werkzeug - INFO - 127.0.0.1 - - [19/Dec/2024 08:43:25] "POST /seller/add_book HTTP/1.1" 200 -
2024-12-19 08:43:25 - werkzeug - INFO - 127.0.0.1 - - [19/Dec/2024 08:43:25] "POST /seller/add_book HTTP/1.1" 200 -
2024-12-19 08:43:25 - werkzeug - INFO - 127.0.0.1 - - [19/Dec/2024 08:43:25] "POST /seller/add_book HTTP/1.1" 200 -
2024-12-19 08:43:25 - werkzeug - INFO - 127.0.0.1 - - [19/Dec/2024 08:43:25] "POST /seller/add_book HTTP/1.1" 200 -
2024-12-19 08:43:25 - werkzeug - INFO - 127.0.0.1 - - [19/Dec/2024 08:43:25] "POST /seller/add_book HTTP/1.1" 200 -
2024-12-19 08:43:25 - werkzeug - INFO - 127.0.0.1 - - [19/Dec/2024 08:43:25] "POST /seller/add_book HTTP/1.1" 200 -
2024-12-19 08:43:25 - werkzeug - INFO - 127.0.0.1 - - [19/Dec/2024 08:43:25] "POST /seller/add_book HTTP/1.1" 200 -
2024-12-19 08:43:25 - werkzeug - INFO - 127.0.0.1 - - [19/Dec/2024 08:43:25] "POST /seller/add_book HTTP/1.1" 200 -
2024-12-19 08:43:25 - werkzeug - INFO - 127.0.0.1 - - [19/Dec/2024 08:43:25] "POST /seller/add_book HTTP/1.1" 200 -
2024-12-19 08:43:25 - werkzeug - INFO - 127.0.0.1 - - [19/Dec/2024 08:43:25] "POST /seller/add_book HTTP/1.1" 200 -
2024-12-19 08:43:25 - werkzeug - INFO - 127.0.0.1 - - [19/Dec/2024 08:43:25] "POST /seller/add_book HTTP/1.1" 200 -
2024-12-19 08:43:25 - werkzeug - INFO - 127.0.0.1 - - [19/Dec/2024 08:43:25] "POST /seller/add_book HTTP/1.1" 200 -
2024-12-19 08:43:26 - werkzeug - INFO - 127.0.0.1 - - [19/Dec/2024 08:43:26] "POST /seller/add_book HTTP/1.1" 200 -
2024-12-19 08:43:26 - werkzeug - INFO - 127.0.0.1 - - [19/Dec/2024 08:43:26] "POST /seller/add_book HTTP/1.1" 200 -
2024-12-19 08:43:26 - werkzeug - INFO - 127.0.0.1 - - [19/Dec/2024 08:43:26] "POST /seller/add_book HTTP/1.1" 200 -
2024-12-19 08:43:26 - werkzeug - INFO - 127.0.0.1 - - [19/Dec/2024 08:43:26] "POST /seller/add_book HTTP/1.1" 200 -
2024-12-19 08:43:26 - werkzeug - INFO - 127.0.0.1 - - [19/Dec/2024 08:43:26] "POST /seller/add_book HTTP/1.1" 200 -
2024-12-19 08:43:26 - werkzeug - INFO - 127.0.0.1 - - [19/Dec/2024 08:43:26] "POST /seller/add_book HTTP/1.1" 200 -
2024-12-19 08:43:26 - werkzeug - INFO - 127.0.0.1 - - [19/Dec/2024 08:43:26] "POST /seller/add_book HTTP/1.1" 200 -
2024-12-19 08:43:26 - werkzeug - INFO - 127.0.0.1 - - [19/Dec/2024 08:43:26] "POST /seller/add_book HTTP/1.1" 200 -
2024-12-19 08:43:26 - werkzeug - INFO - 127.0.0.1 - - [19/Dec/2024 08:43:26] "POST /seller/add_book HTTP/1.1" 200 -
2024-12-19 08:43:26 - werkzeug - INFO - 127.0.0.1 - - [19/Dec/2024 08:43:26] "POST /seller/add_book HTTP/1.1" 200 -
2024-12-19 08:43:26 - werkzeug - INFO - 127.0.0.1 - - [19/Dec/2024 08:43:26] "POST /seller/add_book HTTP/1.1" 200 -
2024-12-19 08:43:26 - werkzeug - INFO - 127.0.0.1 - - [19/Dec/2024 08:43:26] "POST /seller/add_book HTTP/1.1" 200 -
2024-12-19 08:43:26 - werkzeug - INFO - 127.0.0.1 - - [19/Dec/2024 08:43:26] "POST /seller/add_book HTTP/1.1" 200 -
2024-12-19 08:43:26 - werkzeug - INFO - 127.0.0.1 - - [19/Dec/2024 08:43:26] "POST /seller/add_book HTTP/1.1" 200 -
2024-12-19 08:43:26 - werkzeug - INFO - 127.0.0.1 - - [19/Dec/2024 08:43:26] "POST /seller/add_book HTTP/1.1" 200 -
2024-12-19 08:43:26 - werkzeug - INFO - 127.0.0.1 - - [19/Dec/2024 08:43:26] "POST /seller/add_book HTTP/1.1" 200 -
2024-12-19 08:43:27 - werkzeug - INFO - 127.0.0.1 - - [19/Dec/2024 08:43:27] "POST /seller/add_book HTTP/1.1" 200 -
2024-12-19 08:43:27 - werkzeug - INFO - 127.0.0.1 - - [19/Dec/2024 08:43:27] "POST /seller/add_book HTTP/1.1" 200 -
2024-12-19 08:43:27 - werkzeug - INFO - 127.0.0.1 - - [19/Dec/2024 08:43:27] "POST /seller/add_book HTTP/1.1" 200 -
2024-12-19 08:43:27 - werkzeug - INFO - 127.0.0.1 - - [19/Dec/2024 08:43:27] "POST /seller/add_book HTTP/1.1" 200 -
2024-12-19 08:43:27 - werkzeug - INFO - 127.0.0.1 - - [19/Dec/2024 08:43:27] "POST /seller/add_book HTTP/1.1" 200 -
2024-12-19 08:43:27 - werkzeug - INFO - 127.0.0.1 - - [19/Dec/2024 08:43:27] "POST /seller/add_book HTTP/1.1" 200 -
2024-12-19 08:43:27 - werkzeug - INFO - 127.0.0.1 - - [19/Dec/2024 08:43:27] "POST /seller/add_book HTTP/1.1" 200 -
2024-12-19 08:43:27 - werkzeug - INFO - 127.0.0.1 - - [19/Dec/2024 08:43:27] "POST /seller/add_book HTTP/1.1" 200 -
2024-12-19 08:43:27 - werkzeug - INFO - 127.0.0.1 - - [19/Dec/2024 08:43:27] "POST /seller/add_book HTTP/1.1" 200 -
2024-12-19 08:43:27 - werkzeug - INFO - 127.0.0.1 - - [19/Dec/2024 08:43:27] "POST /seller/add_book HTTP/1.1" 200 -
2024-12-19 08:43:27 - werkzeug - INFO - 127.0.0.1 - - [19/Dec/2024 08:43:27] "POST /seller/add_book HTTP/1.1" 200 -
2024-12-19 08:43:27 - werkzeug - INFO - 127.0.0.1 - - [19/Dec/2024 08:43:27] "POST /seller/add_book HTTP/1.1" 200 -
2024-12-19 08:43:27 - werkzeug - INFO - 127.0.0.1 - - [19/Dec/2024 08:43:27] "POST /seller/add_book HTTP/1.1" 200 -
2024-12-19 08:43:27 - werkzeug - INFO - 127.0.0.1 - - [19/Dec/2024 08:43:27] "POST /seller/add_book HTTP/1.1" 200 -
2024-12-19 08:43:27 - werkzeug - INFO - 127.0.0.1 - - [19/Dec/2024 08:43:27] "POST /seller/add_book HTTP/1.1" 200 -
2024-12-19 08:43:27 - werkzeug - INFO - 127.0.0.1 - - [19/Dec/2024 08:43:27] "POST /seller/add_book HTTP/1.1" 200 -
2024-12-19 08:43:28 - werkzeug - INFO - 127.0.0.1 - - [19/Dec/2024 08:43:28] "POST /seller/add_book HTTP/1.1" 200 -
2024-12-19 08:43:28 - werkzeug - INFO - 127.0.0.1 - - [19/Dec/2024 08:43:28] "POST /seller/add_book HTTP/1.1" 200 -
2024-12-19 08:43:28 - werkzeug - INFO - 127.0.0.1 - - [19/Dec/2024 08:43:28] "POST /seller/add_book HTTP/1.1" 200 -
2024-12-19 08:43:28 - werkzeug - INFO - 127.0.0.1 - - [19/Dec/2024 08:43:28] "POST /seller/add_book HTTP/1.1" 200 -
2024-12-19 08:43:28 - werkzeug - INFO - 127.0.0.1 - - [19/Dec/2024 08:43:28] "POST /seller/add_book HTTP/1.1" 200 -
2024-12-19 08:43:28 - werkzeug - INFO - 127.0.0.1 - - [19/Dec/2024 08:43:28] "POST /seller/add_book HTTP/1.1" 200 -
2024-12-19 08:43:28 - werkzeug - INFO - 127.0.0.1 - - [19/Dec/2024 08:43:28] "POST /seller/add_book HTTP/1.1" 200 -
2024-12-19 08:43:28 - werkzeug - INFO - 127.0.0.1 - - [19/Dec/2024 08:43:28] "POST /seller/add_book HTTP/1.1" 200 -
2024-12-19 08:43:28 - werkzeug - INFO - 127.0.0.1 - - [19/Dec/2024 08:43:28] "POST /seller/add_book HTTP/1.1" 200 -
2024-12-19 08:43:28 - werkzeug - INFO - 127.0.0.1 - - [19/Dec/2024 08:43:28] "POST /seller/add_book HTTP/1.1" 200 -
2024-12-19 08:43:28 - werkzeug - INFO - 127.0.0.1 - - [19/Dec/2024 08:43:28] "POST /seller/add_book HTTP/1.1" 200 -
2024-12-19 08:43:28 - werkzeug - INFO - 127.0.0.1 - - [19/Dec/2024 08:43:28] "POST /seller/add_book HTTP/1.1" 200 -
2024-12-19 08:43:28 - werkzeug - INFO - 127.0.0.1 - - [19/Dec/2024 08:43:28] "POST /seller/add_book HTTP/1.1" 200 -
2024-12-19 08:43:28 - werkzeug - INFO - 127.0.0.1 - - [19/Dec/2024 08:43:28] "POST /seller/add_book HTTP/1.1" 200 -
2024-12-19 08:43:28 - werkzeug - INFO - 127.0.0.1 - - [19/Dec/2024 08:43:28] "POST /seller/add_book HTTP/1.1" 200 -
2024-12-19 08:43:29 - werkzeug - INFO - 127.0.0.1 - - [19/Dec/2024 08:43:29] "POST /seller/add_book HTTP/1.1" 200 -
2024-12-19 08:43:29 - werkzeug - INFO - 127.0.0.1 - - [19/Dec/2024 08:43:29] "POST /seller/create_store HTTP/1.1" 200 -
2024-12-19 08:43:32 - werkzeug - INFO - 127.0.0.1 - - [19/Dec/2024 08:43:32] "POST /seller/add_book HTTP/1.1" 200 -
2024-12-19 08:43:32 - werkzeug - INFO - 127.0.0.1 - - [19/Dec/2024 08:43:32] "POST /seller/add_book HTTP/1.1" 200 -
2024-12-19 08:43:32 - werkzeug - INFO - 127.0.0.1 - - [19/Dec/2024 08:43:32] "POST /seller/add_book HTTP/1.1" 200 -
2024-12-19 08:43:32 - werkzeug - INFO - 127.0.0.1 - - [19/Dec/2024 08:43:32] "POST /seller/add_book HTTP/1.1" 200 -
2024-12-19 08:43:32 - werkzeug - INFO - 127.0.0.1 - - [19/Dec/2024 08:43:32] "POST /seller/add_book HTTP/1.1" 200 -
2024-12-19 08:43:32 - werkzeug - INFO - 127.0.0.1 - - [19/Dec/2024 08:43:32] "POST /seller/add_book HTTP/1.1" 200 -
2024-12-19 08:43:32 - werkzeug - INFO - 127.0.0.1 - - [19/Dec/2024 08:43:32] "POST /seller/add_book HTTP/1.1" 200 -
2024-12-19 08:43:32 - werkzeug - INFO - 127.0.0.1 - - [19/Dec/2024 08:43:32] "POST /seller/add_book HTTP/1.1" 200 -
2024-12-19 08:43:33 - werkzeug - INFO - 127.0.0.1 - - [19/Dec/2024 08:43:33] "POST /seller/add_book HTTP/1.1" 200 -
2024-12-19 08:43:33 - werkzeug - INFO - 127.0.0.1 - - [19/Dec/2024 08:43:33] "POST /seller/add_book HTTP/1.1" 200 -
2024-12-19 08:43:33 - werkzeug - INFO - 127.0.0.1 - - [19/Dec/2024 08:43:33] "POST /seller/add_book HTTP/1.1" 200 -
2024-12-19 08:43:33 - werkzeug - INFO - 127.0.0.1 - - [19/Dec/2024 08:43:33] "POST /seller/add_book HTTP/1.1" 200 -
2024-12-19 08:43:33 - werkzeug - INFO - 127.0.0.1 - - [19/Dec/2024 08:43:33] "POST /seller/add_book HTTP/1.1" 200 -
2024-12-19 08:43:33 - werkzeug - INFO - 127.0.0.1 - - [19/Dec/2024 08:43:33] "POST /seller/add_book HTTP/1.1" 200 -
2024-12-19 08:43:33 - werkzeug - INFO - 127.0.0.1 - - [19/Dec/2024 08:43:33] "POST /seller/add_book HTTP/1.1" 200 -
2024-12-19 08:43:33 - werkzeug - INFO - 127.0.0.1 - - [19/Dec/2024 08:43:33] "POST /seller/add_book HTTP/1.1" 200 -
2024-12-19 08:43:33 - werkzeug - INFO - 127.0.0.1 - - [19/Dec/2024 08:43:33] "POST /seller/add_book HTTP/1.1" 200 -
2024-12-19 08:43:33 - werkzeug - INFO - 127.0.0.1 - - [19/Dec/2024 08:43:33] "POST /seller/add_book HTTP/1.1" 200 -
2024-12-19 08:43:33 - werkzeug - INFO - 127.0.0.1 - - [19/Dec/2024 08:43:33] "POST /seller/add_book HTTP/1.1" 200 -
2024-12-19 08:43:33 - werkzeug - INFO - 127.0.0.1 - - [19/Dec/2024 08:43:33] "POST /seller/add_book HTTP/1.1" 200 -
2024-12-19 08:43:33 - werkzeug - INFO - 127.0.0.1 - - [19/Dec/2024 08:43:33] "POST /seller/add_book HTTP/1.1" 200 -
2024-12-19 08:43:33 - werkzeug - INFO - 127.0.0.1 - - [19/Dec/2024 08:43:33] "POST /seller/add_book HTTP/1.1" 200 -
2024-12-19 08:43:33 - werkzeug - INFO - 127.0.0.1 - - [19/Dec/2024 08:43:33] "POST /seller/add_book HTTP/1.1" 200 -
2024-12-19 08:43:33 - werkzeug - INFO - 127.0.0.1 - - [19/Dec/2024 08:43:33] "POST /seller/add_book HTTP/1.1" 200 -
2024-12-19 08:43:34 - werkzeug - INFO - 127.0.0.1 - - [19/Dec/2024 08:43:34] "POST /seller/add_book HTTP/1.1" 200 -
2024-12-19 08:43:34 - werkzeug - INFO - 127.0.0.1 - - [19/Dec/2024 08:43:34] "POST /seller/add_book HTTP/1.1" 200 -
2024-12-19 08:43:34 - werkzeug - INFO - 127.0.0.1 - - [19/Dec/2024 08:43:34] "POST /seller/add_book HTTP/1.1" 200 -
2024-12-19 08:43:34 - werkzeug - INFO - 127.0.0.1 - - [19/Dec/2024 08:43:34] "POST /seller/add_book HTTP/1.1" 200 -
2024-12-19 08:43:34 - werkzeug - INFO - 127.0.0.1 - - [19/Dec/2024 08:43:34] "POST /seller/add_book HTTP/1.1" 200 -
2024-12-19 08:43:34 - werkzeug - INFO - 127.0.0.1 - - [19/Dec/2024 08:43:34] "POST /seller/add_book HTTP/1.1" 200 -
2024-12-19 08:43:34 - werkzeug - INFO - 127.0.0.1 - - [19/Dec/2024 08:43:34] "POST /seller/add_book HTTP/1.1" 200 -
2024-12-19 08:43:34 - werkzeug - INFO - 127.0.0.1 - - [19/Dec/2024 08:43:34] "POST /seller/add_book HTTP/1.1" 200 -
2024-12-19 08:43:34 - werkzeug - INFO - 127.0.0.1 - - [19/Dec/2024 08:43:34] "POST /seller/add_book HTTP/1.1" 200 -
2024-12-19 08:43:34 - werkzeug - INFO - 127.0.0.1 - - [19/Dec/2024 08:43:34] "POST /seller/add_book HTTP/1.1" 200 -
2024-12-19 08:43:34 - werkzeug - INFO - 127.0.0.1 - - [19/Dec/2024 08:43:34] "POST /seller/add_book HTTP/1.1" 200 -
2024-12-19 08:43:34 - werkzeug - INFO - 127.0.0.1 - - [19/Dec/2024 08:43:34] "POST /seller/add_book HTTP/1.1" 200 -
2024-12-19 08:43:34 - werkzeug - INFO - 127.0.0.1 - - [19/Dec/2024 08:43:34] "POST /seller/add_book HTTP/1.1" 200 -
2024-12-19 08:43:34 - werkzeug - INFO - 127.0.0.1 - - [19/Dec/2024 08:43:34] "POST /seller/add_book HTTP/1.1" 200 -
2024-12-19 08:43:34 - werkzeug - INFO - 127.0.0.1 - - [19/Dec/2024 08:43:34] "POST /seller/add_book HTTP/1.1" 200 -
2024-12-19 08:43:34 - werkzeug - INFO - 127.0.0.1 - - [19/Dec/2024 08:43:34] "POST /seller/add_book HTTP/1.1" 200 -
2024-12-19 08:43:35 - werkzeug - INFO - 127.0.0.1 - - [19/Dec/2024 08:43:35] "POST /seller/add_book HTTP/1.1" 200 -
2024-12-19 08:43:35 - werkzeug - INFO - 127.0.0.1 - - [19/Dec/2024 08:43:35] "POST /seller/add_book HTTP/1.1" 200 -
2024-12-19 08:43:35 - werkzeug - INFO - 127.0.0.1 - - [19/Dec/2024 08:43:35] "POST /seller/add_book HTTP/1.1" 200 -
2024-12-19 08:43:35 - werkzeug - INFO - 127.0.0.1 - - [19/Dec/2024 08:43:35] "POST /seller/add_book HTTP/1.1" 200 -
2024-12-19 08:43:35 - werkzeug - INFO - 127.0.0.1 - - [19/Dec/2024 08:43:35] "POST /seller/add_book HTTP/1.1" 200 -
2024-12-19 08:43:35 - werkzeug - INFO - 127.0.0.1 - - [19/Dec/2024 08:43:35] "POST /seller/add_book HTTP/1.1" 200 -
2024-12-19 08:43:35 - werkzeug - INFO - 127.0.0.1 - - [19/Dec/2024 08:43:35] "POST /seller/add_book HTTP/1.1" 200 -
2024-12-19 08:43:35 - werkzeug - INFO - 127.0.0.1 - - [19/Dec/2024 08:43:35] "POST /seller/add_book HTTP/1.1" 200 -
2024-12-19 08:43:35 - werkzeug - INFO - 127.0.0.1 - - [19/Dec/2024 08:43:35] "POST /seller/add_book HTTP/1.1" 200 -
2024-12-19 08:43:35 - werkzeug - INFO - 127.0.0.1 - - [19/Dec/2024 08:43:35] "POST /seller/add_book HTTP/1.1" 200 -
2024-12-19 08:43:35 - werkzeug - INFO - 127.0.0.1 - - [19/Dec/2024 08:43:35] "POST /seller/add_book HTTP/1.1" 200 -
2024-12-19 08:43:35 - werkzeug - INFO - 127.0.0.1 - - [19/Dec/2024 08:43:35] "POST /seller/add_book HTTP/1.1" 200 -
2024-12-19 08:43:35 - werkzeug - INFO - 127.0.0.1 - - [19/Dec/2024 08:43:35] "POST /seller/add_book HTTP/1.1" 200 -
2024-12-19 08:43:35 - werkzeug - INFO - 127.0.0.1 - - [19/Dec/2024 08:43:35] "POST /seller/add_book HTTP/1.1" 200 -
2024-12-19 08:43:35 - werkzeug - INFO - 127.0.0.1 - - [19/Dec/2024 08:43:35] "POST /seller/add_book HTTP/1.1" 200 -
2024-12-19 08:43:36 - werkzeug - INFO - 127.0.0.1 - - [19/Dec/2024 08:43:36] "POST /seller/add_book HTTP/1.1" 200 -
2024-12-19 08:43:36 - werkzeug - INFO - 127.0.0.1 - - [19/Dec/2024 08:43:36] "POST /seller/add_book HTTP/1.1" 200 -
2024-12-19 08:43:36 - werkzeug - INFO - 127.0.0.1 - - [19/Dec/2024 08:43:36] "POST /seller/add_book HTTP/1.1" 200 -
2024-12-19 08:43:36 - werkzeug - INFO - 127.0.0.1 - - [19/Dec/2024 08:43:36] "POST /seller/add_book HTTP/1.1" 200 -
2024-12-19 08:43:36 - werkzeug - INFO - 127.0.0.1 - - [19/Dec/2024 08:43:36] "POST /seller/add_book HTTP/1.1" 200 -
2024-12-19 08:43:36 - werkzeug - INFO - 127.0.0.1 - - [19/Dec/2024 08:43:36] "POST /seller/add_book HTTP/1.1" 200 -
2024-12-19 08:43:36 - werkzeug - INFO - 127.0.0.1 - - [19/Dec/2024 08:43:36] "POST /seller/add_book HTTP/1.1" 200 -
2024-12-19 08:43:36 - werkzeug - INFO - 127.0.0.1 - - [19/Dec/2024 08:43:36] "POST /seller/add_book HTTP/1.1" 200 -
2024-12-19 08:43:36 - werkzeug - INFO - 127.0.0.1 - - [19/Dec/2024 08:43:36] "POST /seller/add_book HTTP/1.1" 200 -
2024-12-19 08:43:36 - werkzeug - INFO - 127.0.0.1 - - [19/Dec/2024 08:43:36] "POST /seller/add_book HTTP/1.1" 200 -
2024-12-19 08:43:36 - werkzeug - INFO - 127.0.0.1 - - [19/Dec/2024 08:43:36] "POST /seller/add_book HTTP/1.1" 200 -
2024-12-19 08:43:36 - werkzeug - INFO - 127.0.0.1 - - [19/Dec/2024 08:43:36] "POST /seller/add_book HTTP/1.1" 200 -
2024-12-19 08:43:36 - werkzeug - INFO - 127.0.0.1 - - [19/Dec/2024 08:43:36] "POST /seller/add_book HTTP/1.1" 200 -
2024-12-19 08:43:36 - werkzeug - INFO - 127.0.0.1 - - [19/Dec/2024 08:43:36] "POST /seller/add_book HTTP/1.1" 200 -
2024-12-19 08:43:36 - werkzeug - INFO - 127.0.0.1 - - [19/Dec/2024 08:43:36] "POST /seller/add_book HTTP/1.1" 200 -
2024-12-19 08:43:36 - werkzeug - INFO - 127.0.0.1 - - [19/Dec/2024 08:43:36] "POST /seller/add_book HTTP/1.1" 200 -
2024-12-19 08:43:37 - werkzeug - INFO - 127.0.0.1 - - [19/Dec/2024 08:43:37] "POST /seller/add_book HTTP/1.1" 200 -
2024-12-19 08:43:37 - werkzeug - INFO - 127.0.0.1 - - [19/Dec/2024 08:43:37] "POST /seller/add_book HTTP/1.1" 200 -
2024-12-19 08:43:37 - werkzeug - INFO - 127.0.0.1 - - [19/Dec/2024 08:43:37] "POST /seller/add_book HTTP/1.1" 200 -
2024-12-19 08:43:37 - werkzeug - INFO - 127.0.0.1 - - [19/Dec/2024 08:43:37] "POST /seller/add_book HTTP/1.1" 200 -
2024-12-19 08:43:37 - werkzeug - INFO - 127.0.0.1 - - [19/Dec/2024 08:43:37] "POST /seller/add_book HTTP/1.1" 200 -
2024-12-19 08:43:37 - werkzeug - INFO - 127.0.0.1 - - [19/Dec/2024 08:43:37] "POST /seller/add_book HTTP/1.1" 200 -
2024-12-19 08:43:37 - werkzeug - INFO - 127.0.0.1 - - [19/Dec/2024 08:43:37] "POST /seller/add_book HTTP/1.1" 200 -
2024-12-19 08:43:37 - werkzeug - INFO - 127.0.0.1 - - [19/Dec/2024 08:43:37] "POST /seller/add_book HTTP/1.1" 200 -
2024-12-19 08:43:37 - werkzeug - INFO - 127.0.0.1 - - [19/Dec/2024 08:43:37] "POST /seller/add_book HTTP/1.1" 200 -
2024-12-19 08:43:37 - werkzeug - INFO - 127.0.0.1 - - [19/Dec/2024 08:43:37] "POST /seller/add_book HTTP/1.1" 200 -
2024-12-19 08:43:37 - werkzeug - INFO - 127.0.0.1 - - [19/Dec/2024 08:43:37] "POST /seller/add_book HTTP/1.1" 200 -
2024-12-19 08:43:37 - werkzeug - INFO - 127.0.0.1 - - [19/Dec/2024 08:43:37] "POST /seller/add_book HTTP/1.1" 200 -
2024-12-19 08:43:37 - werkzeug - INFO - 127.0.0.1 - - [19/Dec/2024 08:43:37] "POST /seller/add_book HTTP/1.1" 200 -
2024-12-19 08:43:37 - werkzeug - INFO - 127.0.0.1 - - [19/Dec/2024 08:43:37] "POST /seller/add_book HTTP/1.1" 200 -
2024-12-19 08:43:37 - werkzeug - INFO - 127.0.0.1 - - [19/Dec/2024 08:43:37] "POST /seller/add_book HTTP/1.1" 200 -
2024-12-19 08:43:37 - werkzeug - INFO - 127.0.0.1 - - [19/Dec/2024 08:43:37] "POST /seller/add_book HTTP/1.1" 200 -
2024-12-19 08:43:38 - werkzeug - INFO - 127.0.0.1 - - [19/Dec/2024 08:43:38] "POST /seller/add_book HTTP/1.1" 200 -
2024-12-19 08:43:38 - werkzeug - INFO - 127.0.0.1 - - [19/Dec/2024 08:43:38] "POST /seller/add_book HTTP/1.1" 200 -
2024-12-19 08:43:38 - werkzeug - INFO - 127.0.0.1 - - [19/Dec/2024 08:43:38] "POST /seller/add_book HTTP/1.1" 200 -
2024-12-19 08:43:38 - werkzeug - INFO - 127.0.0.1 - - [19/Dec/2024 08:43:38] "POST /seller/add_book HTTP/1.1" 200 -
2024-12-19 08:43:38 - werkzeug - INFO - 127.0.0.1 - - [19/Dec/2024 08:43:38] "POST /seller/add_book HTTP/1.1" 200 -
2024-12-19 08:43:38 - werkzeug - INFO - 127.0.0.1 - - [19/Dec/2024 08:43:38] "POST /seller/add_book HTTP/1.1" 200 -
2024-12-19 08:43:38 - werkzeug - INFO - 127.0.0.1 - - [19/Dec/2024 08:43:38] "POST /seller/add_book HTTP/1.1" 200 -
2024-12-19 08:43:38 - werkzeug - INFO - 127.0.0.1 - - [19/Dec/2024 08:43:38] "POST /seller/add_book HTTP/1.1" 200 -
2024-12-19 08:43:38 - werkzeug - INFO - 127.0.0.1 - - [19/Dec/2024 08:43:38] "POST /seller/add_book HTTP/1.1" 200 -
2024-12-19 08:43:38 - werkzeug - INFO - 127.0.0.1 - - [19/Dec/2024 08:43:38] "POST /seller/add_book HTTP/1.1" 200 -
2024-12-19 08:43:38 - werkzeug - INFO - 127.0.0.1 - - [19/Dec/2024 08:43:38] "POST /seller/add_book HTTP/1.1" 200 -
2024-12-19 08:43:38 - werkzeug - INFO - 127.0.0.1 - - [19/Dec/2024 08:43:38] "POST /seller/add_book HTTP/1.1" 200 -
2024-12-19 08:43:38 - werkzeug - INFO - 127.0.0.1 - - [19/Dec/2024 08:43:38] "POST /seller/add_book HTTP/1.1" 200 -
2024-12-19 08:43:38 - root - INFO - seller data loaded.
2024-12-19 08:43:38 - be.view.auth - INFO - 收到注册请求: {'user_id': 'buyer_1_30c52a34-bda2-11ef-890a-02a6845b4b32', 'password': 'buyer_seller_1_30c52a34-bda2-11ef-890a-02a6845b4b32'}
2024-12-19 08:43:38 - be.model.user - INFO - 尝试注册新用户：buyer_1_30c52a34-bda2-11ef-890a-02a6845b4b32
2024-12-19 08:43:38 - be.model.user - INFO - 加密密码...
2024-12-19 08:43:38 - be.model.user - INFO - 创建新用户...
2024-12-19 08:43:38 - be.model.user - INFO - 添加用户到数据库...
2024-12-19 08:43:39 - be.model.user - INFO - 用户注册成功：buyer_1_30c52a34-bda2-11ef-890a-02a6845b4b32
2024-12-19 08:43:39 - be.view.auth - INFO - 注册处理结果: 200
2024-12-19 08:43:39 - werkzeug - INFO - 127.0.0.1 - - [19/Dec/2024 08:43:39] "POST /auth/register HTTP/1.1" 200 -
2024-12-19 08:43:39 - be.view.auth - INFO - 收到登录请求: {'user_id': 'buyer_1_30c52a34-bda2-11ef-890a-02a6845b4b32', 'password': 'buyer_seller_1_30c52a34-bda2-11ef-890a-02a6845b4b32', 'terminal': 'my terminal'}
2024-12-19 08:43:39 - be.model.user - INFO - 尝试登录用户：buyer_1_30c52a34-bda2-11ef-890a-02a6845b4b32，终端：my terminal
2024-12-19 08:43:39 - be.model.user - INFO - 为用户 buyer_1_30c52a34-bda2-11ef-890a-02a6845b4b32 生成新token，终端：my terminal
2024-12-19 08:43:39 - be.model.user - INFO - 用户登录成功：buyer_1_30c52a34-bda2-11ef-890a-02a6845b4b32
2024-12-19 08:43:39 - be.view.auth - INFO - 登录处理结果: 200
2024-12-19 08:43:39 - werkzeug - INFO - 127.0.0.1 - - [19/Dec/2024 08:43:39] "POST /auth/login HTTP/1.1" 200 -
2024-12-19 08:43:39 - werkzeug - INFO - 127.0.0.1 - - [19/Dec/2024 08:43:39] "[31m[1mPOST /buyer/add_funds HTTP/1.1[0m" 401 -
2024-12-19 08:43:39 - be.view.auth - INFO - 收到注册请求: {'user_id': 'buyer_2_30c52a34-bda2-11ef-890a-02a6845b4b32', 'password': 'buyer_seller_2_30c52a34-bda2-11ef-890a-02a6845b4b32'}
2024-12-19 08:43:39 - be.model.user - INFO - 尝试注册新用户：buyer_2_30c52a34-bda2-11ef-890a-02a6845b4b32
2024-12-19 08:43:39 - be.model.user - INFO - 加密密码...
2024-12-19 08:43:39 - be.model.user - INFO - 创建新用户...
2024-12-19 08:43:39 - be.model.user - INFO - 添加用户到数据库...
2024-12-19 08:43:39 - be.model.user - INFO - 用户注册成功：buyer_2_30c52a34-bda2-11ef-890a-02a6845b4b32
2024-12-19 08:43:39 - be.view.auth - INFO - 注册处理结果: 200
2024-12-19 08:43:39 - werkzeug - INFO - 127.0.0.1 - - [19/Dec/2024 08:43:39] "POST /auth/register HTTP/1.1" 200 -
2024-12-19 08:43:39 - be.view.auth - INFO - 收到登录请求: {'user_id': 'buyer_2_30c52a34-bda2-11ef-890a-02a6845b4b32', 'password': 'buyer_seller_2_30c52a34-bda2-11ef-890a-02a6845b4b32', 'terminal': 'my terminal'}
2024-12-19 08:43:39 - be.model.user - INFO - 尝试登录用户：buyer_2_30c52a34-bda2-11ef-890a-02a6845b4b32，终端：my terminal
2024-12-19 08:43:39 - be.model.user - INFO - 为用户 buyer_2_30c52a34-bda2-11ef-890a-02a6845b4b32 生成新token，终端：my terminal
2024-12-19 08:43:39 - be.model.user - INFO - 用户登录成功：buyer_2_30c52a34-bda2-11ef-890a-02a6845b4b32
2024-12-19 08:43:39 - be.view.auth - INFO - 登录处理结果: 200
2024-12-19 08:43:39 - werkzeug - INFO - 127.0.0.1 - - [19/Dec/2024 08:43:39] "POST /auth/login HTTP/1.1" 200 -
2024-12-19 08:43:40 - werkzeug - INFO - 127.0.0.1 - - [19/Dec/2024 08:43:40] "[31m[1mPOST /buyer/add_funds HTTP/1.1[0m" 401 -
2024-12-19 08:43:40 - be.view.auth - INFO - 收到注册请求: {'user_id': 'buyer_3_30c52a34-bda2-11ef-890a-02a6845b4b32', 'password': 'buyer_seller_3_30c52a34-bda2-11ef-890a-02a6845b4b32'}
2024-12-19 08:43:40 - be.model.user - INFO - 尝试注册新用户：buyer_3_30c52a34-bda2-11ef-890a-02a6845b4b32
2024-12-19 08:43:40 - be.model.user - INFO - 加密密码...
2024-12-19 08:43:40 - be.model.user - INFO - 创建新用户...
2024-12-19 08:43:40 - be.model.user - INFO - 添加用户到数据库...
2024-12-19 08:43:40 - be.model.user - INFO - 用户注册成功：buyer_3_30c52a34-bda2-11ef-890a-02a6845b4b32
2024-12-19 08:43:40 - be.view.auth - INFO - 注册处理结果: 200
2024-12-19 08:43:40 - werkzeug - INFO - 127.0.0.1 - - [19/Dec/2024 08:43:40] "POST /auth/register HTTP/1.1" 200 -
2024-12-19 08:43:40 - be.view.auth - INFO - 收到登录请求: {'user_id': 'buyer_3_30c52a34-bda2-11ef-890a-02a6845b4b32', 'password': 'buyer_seller_3_30c52a34-bda2-11ef-890a-02a6845b4b32', 'terminal': 'my terminal'}
2024-12-19 08:43:40 - be.model.user - INFO - 尝试登录用户：buyer_3_30c52a34-bda2-11ef-890a-02a6845b4b32，终端：my terminal
2024-12-19 08:43:40 - be.model.user - INFO - 为用户 buyer_3_30c52a34-bda2-11ef-890a-02a6845b4b32 生成新token，终端：my terminal
2024-12-19 08:43:40 - be.model.user - INFO - 用户登录成功：buyer_3_30c52a34-bda2-11ef-890a-02a6845b4b32
2024-12-19 08:43:40 - be.view.auth - INFO - 登录处理结果: 200
2024-12-19 08:43:40 - werkzeug - INFO - 127.0.0.1 - - [19/Dec/2024 08:43:40] "POST /auth/login HTTP/1.1" 200 -
2024-12-19 08:43:40 - werkzeug - INFO - 127.0.0.1 - - [19/Dec/2024 08:43:40] "[31m[1mPOST /buyer/add_funds HTTP/1.1[0m" 401 -
2024-12-19 08:43:40 - be.view.auth - INFO - 收到注册请求: {'user_id': 'buyer_4_30c52a34-bda2-11ef-890a-02a6845b4b32', 'password': 'buyer_seller_4_30c52a34-bda2-11ef-890a-02a6845b4b32'}
2024-12-19 08:43:40 - be.model.user - INFO - 尝试注册新用户：buyer_4_30c52a34-bda2-11ef-890a-02a6845b4b32
2024-12-19 08:43:40 - be.model.user - INFO - 加密密码...
2024-12-19 08:43:40 - be.model.user - INFO - 创建新用户...
2024-12-19 08:43:40 - be.model.user - INFO - 添加用户到数据库...
2024-12-19 08:43:40 - be.model.user - INFO - 用户注册成功：buyer_4_30c52a34-bda2-11ef-890a-02a6845b4b32
2024-12-19 08:43:40 - be.view.auth - INFO - 注册处理结果: 200
2024-12-19 08:43:40 - werkzeug - INFO - 127.0.0.1 - - [19/Dec/2024 08:43:40] "POST /auth/register HTTP/1.1" 200 -
2024-12-19 08:43:40 - be.view.auth - INFO - 收到登录请求: {'user_id': 'buyer_4_30c52a34-bda2-11ef-890a-02a6845b4b32', 'password': 'buyer_seller_4_30c52a34-bda2-11ef-890a-02a6845b4b32', 'terminal': 'my terminal'}
2024-12-19 08:43:40 - be.model.user - INFO - 尝试登录用户：buyer_4_30c52a34-bda2-11ef-890a-02a6845b4b32，终端：my terminal
2024-12-19 08:43:41 - be.model.user - INFO - 为用户 buyer_4_30c52a34-bda2-11ef-890a-02a6845b4b32 生成新token，终端：my terminal
2024-12-19 08:43:41 - be.model.user - INFO - 用户登录成功：buyer_4_30c52a34-bda2-11ef-890a-02a6845b4b32
2024-12-19 08:43:41 - be.view.auth - INFO - 登录处理结果: 200
2024-12-19 08:43:41 - werkzeug - INFO - 127.0.0.1 - - [19/Dec/2024 08:43:41] "POST /auth/login HTTP/1.1" 200 -
2024-12-19 08:43:41 - werkzeug - INFO - 127.0.0.1 - - [19/Dec/2024 08:43:41] "[31m[1mPOST /buyer/add_funds HTTP/1.1[0m" 401 -
2024-12-19 08:43:41 - be.view.auth - INFO - 收到注册请求: {'user_id': 'buyer_5_30c52a34-bda2-11ef-890a-02a6845b4b32', 'password': 'buyer_seller_5_30c52a34-bda2-11ef-890a-02a6845b4b32'}
2024-12-19 08:43:41 - be.model.user - INFO - 尝试注册新用户：buyer_5_30c52a34-bda2-11ef-890a-02a6845b4b32
2024-12-19 08:43:41 - be.model.user - INFO - 加密密码...
2024-12-19 08:43:41 - be.model.user - INFO - 创建新用户...
2024-12-19 08:43:41 - be.model.user - INFO - 添加用户到数据库...
2024-12-19 08:43:41 - be.model.user - INFO - 用户注册成功：buyer_5_30c52a34-bda2-11ef-890a-02a6845b4b32
2024-12-19 08:43:41 - be.view.auth - INFO - 注册处理结果: 200
2024-12-19 08:43:41 - werkzeug - INFO - 127.0.0.1 - - [19/Dec/2024 08:43:41] "POST /auth/register HTTP/1.1" 200 -
2024-12-19 08:43:41 - be.view.auth - INFO - 收到登录请求: {'user_id': 'buyer_5_30c52a34-bda2-11ef-890a-02a6845b4b32', 'password': 'buyer_seller_5_30c52a34-bda2-11ef-890a-02a6845b4b32', 'terminal': 'my terminal'}
2024-12-19 08:43:41 - be.model.user - INFO - 尝试登录用户：buyer_5_30c52a34-bda2-11ef-890a-02a6845b4b32，终端：my terminal
2024-12-19 08:43:41 - be.model.user - INFO - 为用户 buyer_5_30c52a34-bda2-11ef-890a-02a6845b4b32 生成新token，终端：my terminal
2024-12-19 08:43:41 - be.model.user - INFO - 用户登录成功：buyer_5_30c52a34-bda2-11ef-890a-02a6845b4b32
2024-12-19 08:43:41 - be.view.auth - INFO - 登录处理结果: 200
2024-12-19 08:43:41 - werkzeug - INFO - 127.0.0.1 - - [19/Dec/2024 08:43:41] "POST /auth/login HTTP/1.1" 200 -
2024-12-19 08:43:41 - werkzeug - INFO - 127.0.0.1 - - [19/Dec/2024 08:43:41] "[31m[1mPOST /buyer/add_funds HTTP/1.1[0m" 401 -
2024-12-19 08:43:41 - be.view.auth - INFO - 收到注册请求: {'user_id': 'buyer_6_30c52a34-bda2-11ef-890a-02a6845b4b32', 'password': 'buyer_seller_6_30c52a34-bda2-11ef-890a-02a6845b4b32'}
2024-12-19 08:43:41 - be.model.user - INFO - 尝试注册新用户：buyer_6_30c52a34-bda2-11ef-890a-02a6845b4b32
2024-12-19 08:43:41 - be.model.user - INFO - 加密密码...
2024-12-19 08:43:41 - be.model.user - INFO - 创建新用户...
2024-12-19 08:43:41 - be.model.user - INFO - 添加用户到数据库...
2024-12-19 08:43:42 - be.model.user - INFO - 用户注册成功：buyer_6_30c52a34-bda2-11ef-890a-02a6845b4b32
2024-12-19 08:43:42 - be.view.auth - INFO - 注册处理结果: 200
2024-12-19 08:43:42 - werkzeug - INFO - 127.0.0.1 - - [19/Dec/2024 08:43:42] "POST /auth/register HTTP/1.1" 200 -
2024-12-19 08:43:42 - be.view.auth - INFO - 收到登录请求: {'user_id': 'buyer_6_30c52a34-bda2-11ef-890a-02a6845b4b32', 'password': 'buyer_seller_6_30c52a34-bda2-11ef-890a-02a6845b4b32', 'terminal': 'my terminal'}
2024-12-19 08:43:42 - be.model.user - INFO - 尝试登录用户：buyer_6_30c52a34-bda2-11ef-890a-02a6845b4b32，终端：my terminal
2024-12-19 08:43:42 - be.model.user - INFO - 为用户 buyer_6_30c52a34-bda2-11ef-890a-02a6845b4b32 生成新token，终端：my terminal
2024-12-19 08:43:42 - be.model.user - INFO - 用户登录成功：buyer_6_30c52a34-bda2-11ef-890a-02a6845b4b32
2024-12-19 08:43:42 - be.view.auth - INFO - 登录处理结果: 200
2024-12-19 08:43:42 - werkzeug - INFO - 127.0.0.1 - - [19/Dec/2024 08:43:42] "POST /auth/login HTTP/1.1" 200 -
2024-12-19 08:43:42 - werkzeug - INFO - 127.0.0.1 - - [19/Dec/2024 08:43:42] "[31m[1mPOST /buyer/add_funds HTTP/1.1[0m" 401 -
2024-12-19 08:43:42 - be.view.auth - INFO - 收到注册请求: {'user_id': 'buyer_7_30c52a34-bda2-11ef-890a-02a6845b4b32', 'password': 'buyer_seller_7_30c52a34-bda2-11ef-890a-02a6845b4b32'}
2024-12-19 08:43:42 - be.model.user - INFO - 尝试注册新用户：buyer_7_30c52a34-bda2-11ef-890a-02a6845b4b32
2024-12-19 08:43:42 - be.model.user - INFO - 加密密码...
2024-12-19 08:43:42 - be.model.user - INFO - 创建新用户...
2024-12-19 08:43:42 - be.model.user - INFO - 添加用户到数据库...
2024-12-19 08:43:42 - be.model.user - INFO - 用户注册成功：buyer_7_30c52a34-bda2-11ef-890a-02a6845b4b32
2024-12-19 08:43:42 - be.view.auth - INFO - 注册处理结果: 200
2024-12-19 08:43:42 - werkzeug - INFO - 127.0.0.1 - - [19/Dec/2024 08:43:42] "POST /auth/register HTTP/1.1" 200 -
2024-12-19 08:43:42 - be.view.auth - INFO - 收到登录请求: {'user_id': 'buyer_7_30c52a34-bda2-11ef-890a-02a6845b4b32', 'password': 'buyer_seller_7_30c52a34-bda2-11ef-890a-02a6845b4b32', 'terminal': 'my terminal'}
2024-12-19 08:43:42 - be.model.user - INFO - 尝试登录用户：buyer_7_30c52a34-bda2-11ef-890a-02a6845b4b32，终端：my terminal
2024-12-19 08:43:42 - be.model.user - INFO - 为用户 buyer_7_30c52a34-bda2-11ef-890a-02a6845b4b32 生成新token，终端：my terminal
2024-12-19 08:43:42 - be.model.user - INFO - 用户登录成功：buyer_7_30c52a34-bda2-11ef-890a-02a6845b4b32
2024-12-19 08:43:42 - be.view.auth - INFO - 登录处理结果: 200
2024-12-19 08:43:42 - werkzeug - INFO - 127.0.0.1 - - [19/Dec/2024 08:43:42] "POST /auth/login HTTP/1.1" 200 -
2024-12-19 08:43:42 - werkzeug - INFO - 127.0.0.1 - - [19/Dec/2024 08:43:42] "[31m[1mPOST /buyer/add_funds HTTP/1.1[0m" 401 -
2024-12-19 08:43:42 - be.view.auth - INFO - 收到注册请求: {'user_id': 'buyer_8_30c52a34-bda2-11ef-890a-02a6845b4b32', 'password': 'buyer_seller_8_30c52a34-bda2-11ef-890a-02a6845b4b32'}
2024-12-19 08:43:42 - be.model.user - INFO - 尝试注册新用户：buyer_8_30c52a34-bda2-11ef-890a-02a6845b4b32
2024-12-19 08:43:43 - be.model.user - INFO - 加密密码...
2024-12-19 08:43:43 - be.model.user - INFO - 创建新用户...
2024-12-19 08:43:43 - be.model.user - INFO - 添加用户到数据库...
2024-12-19 08:43:43 - be.model.user - INFO - 用户注册成功：buyer_8_30c52a34-bda2-11ef-890a-02a6845b4b32
2024-12-19 08:43:43 - be.view.auth - INFO - 注册处理结果: 200
2024-12-19 08:43:43 - werkzeug - INFO - 127.0.0.1 - - [19/Dec/2024 08:43:43] "POST /auth/register HTTP/1.1" 200 -
2024-12-19 08:43:43 - be.view.auth - INFO - 收到登录请求: {'user_id': 'buyer_8_30c52a34-bda2-11ef-890a-02a6845b4b32', 'password': 'buyer_seller_8_30c52a34-bda2-11ef-890a-02a6845b4b32', 'terminal': 'my terminal'}
2024-12-19 08:43:43 - be.model.user - INFO - 尝试登录用户：buyer_8_30c52a34-bda2-11ef-890a-02a6845b4b32，终端：my terminal
2024-12-19 08:43:43 - be.model.user - INFO - 为用户 buyer_8_30c52a34-bda2-11ef-890a-02a6845b4b32 生成新token，终端：my terminal
2024-12-19 08:43:43 - be.model.user - INFO - 用户登录成功：buyer_8_30c52a34-bda2-11ef-890a-02a6845b4b32
2024-12-19 08:43:43 - be.view.auth - INFO - 登录处理结果: 200
2024-12-19 08:43:43 - werkzeug - INFO - 127.0.0.1 - - [19/Dec/2024 08:43:43] "POST /auth/login HTTP/1.1" 200 -
2024-12-19 08:43:43 - werkzeug - INFO - 127.0.0.1 - - [19/Dec/2024 08:43:43] "[31m[1mPOST /buyer/add_funds HTTP/1.1[0m" 401 -
2024-12-19 08:43:43 - be.view.auth - INFO - 收到注册请求: {'user_id': 'buyer_9_30c52a34-bda2-11ef-890a-02a6845b4b32', 'password': 'buyer_seller_9_30c52a34-bda2-11ef-890a-02a6845b4b32'}
2024-12-19 08:43:43 - be.model.user - INFO - 尝试注册新用户：buyer_9_30c52a34-bda2-11ef-890a-02a6845b4b32
2024-12-19 08:43:43 - be.model.user - INFO - 加密密码...
2024-12-19 08:43:43 - be.model.user - INFO - 创建新用户...
2024-12-19 08:43:43 - be.model.user - INFO - 添加用户到数据库...
2024-12-19 08:43:43 - be.model.user - INFO - 用户注册成功：buyer_9_30c52a34-bda2-11ef-890a-02a6845b4b32
2024-12-19 08:43:43 - be.view.auth - INFO - 注册处理结果: 200
2024-12-19 08:43:43 - werkzeug - INFO - 127.0.0.1 - - [19/Dec/2024 08:43:43] "POST /auth/register HTTP/1.1" 200 -
2024-12-19 08:43:43 - be.view.auth - INFO - 收到登录请求: {'user_id': 'buyer_9_30c52a34-bda2-11ef-890a-02a6845b4b32', 'password': 'buyer_seller_9_30c52a34-bda2-11ef-890a-02a6845b4b32', 'terminal': 'my terminal'}
2024-12-19 08:43:43 - be.model.user - INFO - 尝试登录用户：buyer_9_30c52a34-bda2-11ef-890a-02a6845b4b32，终端：my terminal
2024-12-19 08:43:43 - be.model.user - INFO - 为用户 buyer_9_30c52a34-bda2-11ef-890a-02a6845b4b32 生成新token，终端：my terminal
2024-12-19 08:43:43 - be.model.user - INFO - 用户登录成功：buyer_9_30c52a34-bda2-11ef-890a-02a6845b4b32
2024-12-19 08:43:44 - be.view.auth - INFO - 登录处理结果: 200
2024-12-19 08:43:44 - werkzeug - INFO - 127.0.0.1 - - [19/Dec/2024 08:43:44] "POST /auth/login HTTP/1.1" 200 -
2024-12-19 08:43:44 - werkzeug - INFO - 127.0.0.1 - - [19/Dec/2024 08:43:44] "[31m[1mPOST /buyer/add_funds HTTP/1.1[0m" 401 -
2024-12-19 08:43:44 - be.view.auth - INFO - 收到注册请求: {'user_id': 'buyer_10_30c52a34-bda2-11ef-890a-02a6845b4b32', 'password': 'buyer_seller_10_30c52a34-bda2-11ef-890a-02a6845b4b32'}
2024-12-19 08:43:44 - be.model.user - INFO - 尝试注册新用户：buyer_10_30c52a34-bda2-11ef-890a-02a6845b4b32
2024-12-19 08:43:44 - be.model.user - INFO - 加密密码...
2024-12-19 08:43:44 - be.model.user - INFO - 创建新用户...
2024-12-19 08:43:44 - be.model.user - INFO - 添加用户到数据库...
2024-12-19 08:43:44 - be.model.user - INFO - 用户注册成功：buyer_10_30c52a34-bda2-11ef-890a-02a6845b4b32
2024-12-19 08:43:44 - be.view.auth - INFO - 注册处理结果: 200
2024-12-19 08:43:44 - werkzeug - INFO - 127.0.0.1 - - [19/Dec/2024 08:43:44] "POST /auth/register HTTP/1.1" 200 -
2024-12-19 08:43:44 - be.view.auth - INFO - 收到登录请求: {'user_id': 'buyer_10_30c52a34-bda2-11ef-890a-02a6845b4b32', 'password': 'buyer_seller_10_30c52a34-bda2-11ef-890a-02a6845b4b32', 'terminal': 'my terminal'}
2024-12-19 08:43:44 - be.model.user - INFO - 尝试登录用户：buyer_10_30c52a34-bda2-11ef-890a-02a6845b4b32，终端：my terminal
2024-12-19 08:43:44 - be.model.user - INFO - 为用户 buyer_10_30c52a34-bda2-11ef-890a-02a6845b4b32 生成新token，终端：my terminal
2024-12-19 08:43:44 - be.model.user - INFO - 用户登录成功：buyer_10_30c52a34-bda2-11ef-890a-02a6845b4b32
2024-12-19 08:43:44 - be.view.auth - INFO - 登录处理结果: 200
2024-12-19 08:43:44 - werkzeug - INFO - 127.0.0.1 - - [19/Dec/2024 08:43:44] "POST /auth/login HTTP/1.1" 200 -
2024-12-19 08:43:44 - werkzeug - INFO - 127.0.0.1 - - [19/Dec/2024 08:43:44] "[31m[1mPOST /buyer/add_funds HTTP/1.1[0m" 401 -
2024-12-19 08:43:44 - root - INFO - buyer data loaded.
2024-12-19 08:43:44 - be.view.auth - INFO - 收到登录请求: {'user_id': 'buyer_3_30c52a34-bda2-11ef-890a-02a6845b4b32', 'password': 'buyer_seller_3_30c52a34-bda2-11ef-890a-02a6845b4b32', 'terminal': 'my terminal'}
2024-12-19 08:43:44 - be.model.user - INFO - 尝试登录用户：buyer_3_30c52a34-bda2-11ef-890a-02a6845b4b32，终端：my terminal
2024-12-19 08:43:44 - be.model.user - INFO - 为用户 buyer_3_30c52a34-bda2-11ef-890a-02a6845b4b32 生成新token，终端：my terminal
2024-12-19 08:43:44 - be.model.user - INFO - 用户登录成功：buyer_3_30c52a34-bda2-11ef-890a-02a6845b4b32
2024-12-19 08:43:44 - be.view.auth - INFO - 登录处理结果: 200
2024-12-19 08:43:44 - werkzeug - INFO - 127.0.0.1 - - [19/Dec/2024 08:43:44] "POST /auth/login HTTP/1.1" 200 -
2024-12-19 08:43:44 - be.view.auth - INFO - 收到登录请求: {'user_id': 'buyer_6_30c52a34-bda2-11ef-890a-02a6845b4b32', 'password': 'buyer_seller_6_30c52a34-bda2-11ef-890a-02a6845b4b32', 'terminal': 'my terminal'}
2024-12-19 08:43:44 - be.model.user - INFO - 尝试登录用户：buyer_6_30c52a34-bda2-11ef-890a-02a6845b4b32，终端：my terminal
2024-12-19 08:43:45 - be.model.user - INFO - 为用户 buyer_6_30c52a34-bda2-11ef-890a-02a6845b4b32 生成新token，终端：my terminal
2024-12-19 08:43:45 - be.model.user - INFO - 用户登录成功：buyer_6_30c52a34-bda2-11ef-890a-02a6845b4b32
2024-12-19 08:43:45 - be.view.auth - INFO - 登录处理结果: 200
2024-12-19 08:43:45 - werkzeug - INFO - 127.0.0.1 - - [19/Dec/2024 08:43:45] "POST /auth/login HTTP/1.1" 200 -
2024-12-19 08:43:45 - be.view.auth - INFO - 收到登录请求: {'user_id': 'buyer_3_30c52a34-bda2-11ef-890a-02a6845b4b32', 'password': 'buyer_seller_3_30c52a34-bda2-11ef-890a-02a6845b4b32', 'terminal': 'my terminal'}
2024-12-19 08:43:45 - be.model.user - INFO - 尝试登录用户：buyer_3_30c52a34-bda2-11ef-890a-02a6845b4b32，终端：my terminal
2024-12-19 08:43:45 - be.model.user - INFO - 为用户 buyer_3_30c52a34-bda2-11ef-890a-02a6845b4b32 生成新token，终端：my terminal
2024-12-19 08:43:45 - be.model.user - INFO - 用户登录成功：buyer_3_30c52a34-bda2-11ef-890a-02a6845b4b32
2024-12-19 08:43:45 - be.view.auth - INFO - 登录处理结果: 200
2024-12-19 08:43:45 - werkzeug - INFO - 127.0.0.1 - - [19/Dec/2024 08:43:45] "POST /auth/login HTTP/1.1" 200 -
2024-12-19 08:43:45 - be.view.auth - INFO - 收到登录请求: {'user_id': 'buyer_10_30c52a34-bda2-11ef-890a-02a6845b4b32', 'password': 'buyer_seller_10_30c52a34-bda2-11ef-890a-02a6845b4b32', 'terminal': 'my terminal'}
2024-12-19 08:43:45 - be.model.user - INFO - 尝试登录用户：buyer_10_30c52a34-bda2-11ef-890a-02a6845b4b32，终端：my terminal
2024-12-19 08:43:45 - be.model.user - INFO - 为用户 buyer_10_30c52a34-bda2-11ef-890a-02a6845b4b32 生成新token，终端：my terminal
2024-12-19 08:43:45 - be.model.user - INFO - 用户登录成功：buyer_10_30c52a34-bda2-11ef-890a-02a6845b4b32
2024-12-19 08:43:45 - be.view.auth - INFO - 登录处理结果: 200
2024-12-19 08:43:45 - werkzeug - INFO - 127.0.0.1 - - [19/Dec/2024 08:43:45] "POST /auth/login HTTP/1.1" 200 -
2024-12-19 08:43:45 - be.view.auth - INFO - 收到登录请求: {'user_id': 'buyer_6_30c52a34-bda2-11ef-890a-02a6845b4b32', 'password': 'buyer_seller_6_30c52a34-bda2-11ef-890a-02a6845b4b32', 'terminal': 'my terminal'}
2024-12-19 08:43:45 - be.model.user - INFO - 尝试登录用户：buyer_6_30c52a34-bda2-11ef-890a-02a6845b4b32，终端：my terminal
2024-12-19 08:43:45 - be.model.user - INFO - 为用户 buyer_6_30c52a34-bda2-11ef-890a-02a6845b4b32 生成新token，终端：my terminal
2024-12-19 08:43:45 - be.model.user - INFO - 用户登录成功：buyer_6_30c52a34-bda2-11ef-890a-02a6845b4b32
2024-12-19 08:43:45 - be.view.auth - INFO - 登录处理结果: 200
2024-12-19 08:43:45 - werkzeug - INFO - 127.0.0.1 - - [19/Dec/2024 08:43:45] "POST /auth/login HTTP/1.1" 200 -
2024-12-19 08:43:45 - be.view.auth - INFO - 收到登录请求: {'user_id': 'buyer_4_30c52a34-bda2-11ef-890a-02a6845b4b32', 'password': 'buyer_seller_4_30c52a34-bda2-11ef-890a-02a6845b4b32', 'terminal': 'my terminal'}
2024-12-19 08:43:45 - be.model.user - INFO - 尝试登录用户：buyer_4_30c52a34-bda2-11ef-890a-02a6845b4b32，终端：my terminal
2024-12-19 08:43:45 - be.model.user - INFO - 为用户 buyer_4_30c52a34-bda2-11ef-890a-02a6845b4b32 生成新token，终端：my terminal
2024-12-19 08:43:45 - be.model.user - INFO - 用户登录成功：buyer_4_30c52a34-bda2-11ef-890a-02a6845b4b32
2024-12-19 08:43:46 - be.view.auth - INFO - 登录处理结果: 200
2024-12-19 08:43:46 - werkzeug - INFO - 127.0.0.1 - - [19/Dec/2024 08:43:46] "POST /auth/login HTTP/1.1" 200 -
2024-12-19 08:43:46 - be.view.auth - INFO - 收到登录请求: {'user_id': 'buyer_5_30c52a34-bda2-11ef-890a-02a6845b4b32', 'password': 'buyer_seller_5_30c52a34-bda2-11ef-890a-02a6845b4b32', 'terminal': 'my terminal'}
2024-12-19 08:43:46 - be.model.user - INFO - 尝试登录用户：buyer_5_30c52a34-bda2-11ef-890a-02a6845b4b32，终端：my terminal
2024-12-19 08:43:46 - be.model.user - INFO - 为用户 buyer_5_30c52a34-bda2-11ef-890a-02a6845b4b32 生成新token，终端：my terminal
2024-12-19 08:43:46 - be.model.user - INFO - 用户登录成功：buyer_5_30c52a34-bda2-11ef-890a-02a6845b4b32
2024-12-19 08:43:46 - be.view.auth - INFO - 登录处理结果: 200
2024-12-19 08:43:46 - werkzeug - INFO - 127.0.0.1 - - [19/Dec/2024 08:43:46] "POST /auth/login HTTP/1.1" 200 -
2024-12-19 08:43:46 - be.view.auth - INFO - 收到登录请求: {'user_id': 'buyer_4_30c52a34-bda2-11ef-890a-02a6845b4b32', 'password': 'buyer_seller_4_30c52a34-bda2-11ef-890a-02a6845b4b32', 'terminal': 'my terminal'}
2024-12-19 08:43:46 - be.model.user - INFO - 尝试登录用户：buyer_4_30c52a34-bda2-11ef-890a-02a6845b4b32，终端：my terminal
2024-12-19 08:43:46 - be.model.user - INFO - 为用户 buyer_4_30c52a34-bda2-11ef-890a-02a6845b4b32 生成新token，终端：my terminal
2024-12-19 08:43:46 - be.model.user - INFO - 用户登录成功：buyer_4_30c52a34-bda2-11ef-890a-02a6845b4b32
2024-12-19 08:43:46 - be.view.auth - INFO - 登录处理结果: 200
2024-12-19 08:43:46 - werkzeug - INFO - 127.0.0.1 - - [19/Dec/2024 08:43:46] "POST /auth/login HTTP/1.1" 200 -
2024-12-19 08:43:46 - be.view.auth - INFO - 收到登录请求: {'user_id': 'buyer_1_30c52a34-bda2-11ef-890a-02a6845b4b32', 'password': 'buyer_seller_1_30c52a34-bda2-11ef-890a-02a6845b4b32', 'terminal': 'my terminal'}
2024-12-19 08:43:46 - be.model.user - INFO - 尝试登录用户：buyer_1_30c52a34-bda2-11ef-890a-02a6845b4b32，终端：my terminal
2024-12-19 08:43:46 - be.model.user - INFO - 为用户 buyer_1_30c52a34-bda2-11ef-890a-02a6845b4b32 生成新token，终端：my terminal
2024-12-19 08:43:46 - be.model.user - INFO - 用户登录成功：buyer_1_30c52a34-bda2-11ef-890a-02a6845b4b32
2024-12-19 08:43:46 - be.view.auth - INFO - 登录处理结果: 200
2024-12-19 08:43:46 - werkzeug - INFO - 127.0.0.1 - - [19/Dec/2024 08:43:46] "POST /auth/login HTTP/1.1" 200 -
2024-12-19 08:43:46 - be.view.auth - INFO - 收到登录请求: {'user_id': 'buyer_9_30c52a34-bda2-11ef-890a-02a6845b4b32', 'password': 'buyer_seller_9_30c52a34-bda2-11ef-890a-02a6845b4b32', 'terminal': 'my terminal'}
2024-12-19 08:43:46 - be.model.user - INFO - 尝试登录用户：buyer_9_30c52a34-bda2-11ef-890a-02a6845b4b32，终端：my terminal
2024-12-19 08:43:46 - be.model.user - INFO - 为用户 buyer_9_30c52a34-bda2-11ef-890a-02a6845b4b32 生成新token，终端：my terminal
2024-12-19 08:43:46 - be.model.user - INFO - 用户登录成功：buyer_9_30c52a34-bda2-11ef-890a-02a6845b4b32
2024-12-19 08:43:46 - be.view.auth - INFO - 登录处理结果: 200
2024-12-19 08:43:46 - werkzeug - INFO - 127.0.0.1 - - [19/Dec/2024 08:43:46] "POST /auth/login HTTP/1.1" 200 -
2024-12-19 08:43:46 - be.view.auth - INFO - 收到登录请求: {'user_id': 'buyer_5_30c52a34-bda2-11ef-890a-02a6845b4b32', 'password': 'buyer_seller_5_30c52a34-bda2-11ef-890a-02a6845b4b32', 'terminal': 'my terminal'}
2024-12-19 08:43:46 - be.model.user - INFO - 尝试登录用户：buyer_5_30c52a34-bda2-11ef-890a-02a6845b4b32，终端：my terminal
2024-12-19 08:43:47 - be.model.user - INFO - 为用户 buyer_5_30c52a34-bda2-11ef-890a-02a6845b4b32 生成新token，终端：my terminal
2024-12-19 08:43:47 - be.model.user - INFO - 用户登录成功：buyer_5_30c52a34-bda2-11ef-890a-02a6845b4b32
2024-12-19 08:43:47 - be.view.auth - INFO - 登录处理结果: 200
2024-12-19 08:43:47 - werkzeug - INFO - 127.0.0.1 - - [19/Dec/2024 08:43:47] "POST /auth/login HTTP/1.1" 200 -
2024-12-19 08:43:47 - be.view.auth - INFO - 收到登录请求: {'user_id': 'buyer_8_30c52a34-bda2-11ef-890a-02a6845b4b32', 'password': 'buyer_seller_8_30c52a34-bda2-11ef-890a-02a6845b4b32', 'terminal': 'my terminal'}
2024-12-19 08:43:47 - be.model.user - INFO - 尝试登录用户：buyer_8_30c52a34-bda2-11ef-890a-02a6845b4b32，终端：my terminal
2024-12-19 08:43:47 - be.model.user - INFO - 为用户 buyer_8_30c52a34-bda2-11ef-890a-02a6845b4b32 生成新token，终端：my terminal
2024-12-19 08:43:47 - be.model.user - INFO - 用户登录成功：buyer_8_30c52a34-bda2-11ef-890a-02a6845b4b32
2024-12-19 08:43:47 - be.view.auth - INFO - 登录处理结果: 200
2024-12-19 08:43:47 - werkzeug - INFO - 127.0.0.1 - - [19/Dec/2024 08:43:47] "POST /auth/login HTTP/1.1" 200 -
2024-12-19 08:43:47 - be.view.auth - INFO - 收到登录请求: {'user_id': 'buyer_1_30c52a34-bda2-11ef-890a-02a6845b4b32', 'password': 'buyer_seller_1_30c52a34-bda2-11ef-890a-02a6845b4b32', 'terminal': 'my terminal'}
2024-12-19 08:43:47 - be.model.user - INFO - 尝试登录用户：buyer_1_30c52a34-bda2-11ef-890a-02a6845b4b32，终端：my terminal
2024-12-19 08:43:47 - be.model.user - INFO - 为用户 buyer_1_30c52a34-bda2-11ef-890a-02a6845b4b32 生成新token，终端：my terminal
2024-12-19 08:43:47 - be.model.user - INFO - 用户登录成功：buyer_1_30c52a34-bda2-11ef-890a-02a6845b4b32
2024-12-19 08:43:47 - be.view.auth - INFO - 登录处理结果: 200
2024-12-19 08:43:47 - werkzeug - INFO - 127.0.0.1 - - [19/Dec/2024 08:43:47] "POST /auth/login HTTP/1.1" 200 -
2024-12-19 08:43:47 - be.view.auth - INFO - 收到登录请求: {'user_id': 'buyer_10_30c52a34-bda2-11ef-890a-02a6845b4b32', 'password': 'buyer_seller_10_30c52a34-bda2-11ef-890a-02a6845b4b32', 'terminal': 'my terminal'}
2024-12-19 08:43:47 - be.model.user - INFO - 尝试登录用户：buyer_10_30c52a34-bda2-11ef-890a-02a6845b4b32，终端：my terminal
2024-12-19 08:43:47 - be.model.user - INFO - 为用户 buyer_10_30c52a34-bda2-11ef-890a-02a6845b4b32 生成新token，终端：my terminal
2024-12-19 08:43:47 - be.model.user - INFO - 用户登录成功：buyer_10_30c52a34-bda2-11ef-890a-02a6845b4b32
2024-12-19 08:43:47 - be.view.auth - INFO - 登录处理结果: 200
2024-12-19 08:43:47 - werkzeug - INFO - 127.0.0.1 - - [19/Dec/2024 08:43:47] "POST /auth/login HTTP/1.1" 200 -
2024-12-19 08:43:47 - be.view.auth - INFO - 收到登录请求: {'user_id': 'buyer_1_30c52a34-bda2-11ef-890a-02a6845b4b32', 'password': 'buyer_seller_1_30c52a34-bda2-11ef-890a-02a6845b4b32', 'terminal': 'my terminal'}
2024-12-19 08:43:47 - be.model.user - INFO - 尝试登录用户：buyer_1_30c52a34-bda2-11ef-890a-02a6845b4b32，终端：my terminal
2024-12-19 08:43:47 - be.model.user - INFO - 为用户 buyer_1_30c52a34-bda2-11ef-890a-02a6845b4b32 生成新token，终端：my terminal
2024-12-19 08:43:47 - be.model.user - INFO - 用户登录成功：buyer_1_30c52a34-bda2-11ef-890a-02a6845b4b32
2024-12-19 08:43:48 - be.view.auth - INFO - 登录处理结果: 200
2024-12-19 08:43:48 - werkzeug - INFO - 127.0.0.1 - - [19/Dec/2024 08:43:48] "POST /auth/login HTTP/1.1" 200 -
2024-12-19 08:43:48 - be.view.auth - INFO - 收到登录请求: {'user_id': 'buyer_10_30c52a34-bda2-11ef-890a-02a6845b4b32', 'password': 'buyer_seller_10_30c52a34-bda2-11ef-890a-02a6845b4b32', 'terminal': 'my terminal'}
2024-12-19 08:43:48 - be.model.user - INFO - 尝试登录用户：buyer_10_30c52a34-bda2-11ef-890a-02a6845b4b32，终端：my terminal
2024-12-19 08:43:48 - be.model.user - INFO - 为用户 buyer_10_30c52a34-bda2-11ef-890a-02a6845b4b32 生成新token，终端：my terminal
2024-12-19 08:43:48 - be.model.user - INFO - 用户登录成功：buyer_10_30c52a34-bda2-11ef-890a-02a6845b4b32
2024-12-19 08:43:48 - be.view.auth - INFO - 登录处理结果: 200
2024-12-19 08:43:48 - werkzeug - INFO - 127.0.0.1 - - [19/Dec/2024 08:43:48] "POST /auth/login HTTP/1.1" 200 -
2024-12-19 08:43:48 - be.view.auth - INFO - 收到登录请求: {'user_id': 'buyer_7_30c52a34-bda2-11ef-890a-02a6845b4b32', 'password': 'buyer_seller_7_30c52a34-bda2-11ef-890a-02a6845b4b32', 'terminal': 'my terminal'}
2024-12-19 08:43:48 - be.model.user - INFO - 尝试登录用户：buyer_7_30c52a34-bda2-11ef-890a-02a6845b4b32，终端：my terminal
2024-12-19 08:43:48 - be.model.user - INFO - 为用户 buyer_7_30c52a34-bda2-11ef-890a-02a6845b4b32 生成新token，终端：my terminal
2024-12-19 08:43:48 - be.model.user - INFO - 用户登录成功：buyer_7_30c52a34-bda2-11ef-890a-02a6845b4b32
2024-12-19 08:43:48 - be.view.auth - INFO - 登录处理结果: 200
2024-12-19 08:43:48 - werkzeug - INFO - 127.0.0.1 - - [19/Dec/2024 08:43:48] "POST /auth/login HTTP/1.1" 200 -
2024-12-19 08:43:48 - be.view.auth - INFO - 收到登录请求: {'user_id': 'buyer_10_30c52a34-bda2-11ef-890a-02a6845b4b32', 'password': 'buyer_seller_10_30c52a34-bda2-11ef-890a-02a6845b4b32', 'terminal': 'my terminal'}
2024-12-19 08:43:48 - be.model.user - INFO - 尝试登录用户：buyer_10_30c52a34-bda2-11ef-890a-02a6845b4b32，终端：my terminal
2024-12-19 08:43:48 - be.model.user - INFO - 为用户 buyer_10_30c52a34-bda2-11ef-890a-02a6845b4b32 生成新token，终端：my terminal
2024-12-19 08:43:48 - be.model.user - INFO - 用户登录成功：buyer_10_30c52a34-bda2-11ef-890a-02a6845b4b32
2024-12-19 08:43:48 - be.view.auth - INFO - 登录处理结果: 200
2024-12-19 08:43:48 - werkzeug - INFO - 127.0.0.1 - - [19/Dec/2024 08:43:48] "POST /auth/login HTTP/1.1" 200 -
2024-12-19 08:43:48 - be.view.auth - INFO - 收到登录请求: {'user_id': 'buyer_5_30c52a34-bda2-11ef-890a-02a6845b4b32', 'password': 'buyer_seller_5_30c52a34-bda2-11ef-890a-02a6845b4b32', 'terminal': 'my terminal'}
2024-12-19 08:43:48 - be.model.user - INFO - 尝试登录用户：buyer_5_30c52a34-bda2-11ef-890a-02a6845b4b32，终端：my terminal
2024-12-19 08:43:48 - be.model.user - INFO - 为用户 buyer_5_30c52a34-bda2-11ef-890a-02a6845b4b32 生成新token，终端：my terminal
2024-12-19 08:43:48 - be.model.user - INFO - 用户登录成功：buyer_5_30c52a34-bda2-11ef-890a-02a6845b4b32
2024-12-19 08:43:49 - be.view.auth - INFO - 登录处理结果: 200
2024-12-19 08:43:49 - werkzeug - INFO - 127.0.0.1 - - [19/Dec/2024 08:43:49] "POST /auth/login HTTP/1.1" 200 -
2024-12-19 08:43:49 - be.view.auth - INFO - 收到登录请求: {'user_id': 'buyer_8_30c52a34-bda2-11ef-890a-02a6845b4b32', 'password': 'buyer_seller_8_30c52a34-bda2-11ef-890a-02a6845b4b32', 'terminal': 'my terminal'}
2024-12-19 08:43:49 - be.model.user - INFO - 尝试登录用户：buyer_8_30c52a34-bda2-11ef-890a-02a6845b4b32，终端：my terminal
2024-12-19 08:43:49 - be.model.user - INFO - 为用户 buyer_8_30c52a34-bda2-11ef-890a-02a6845b4b32 生成新token，终端：my terminal
2024-12-19 08:43:49 - be.model.user - INFO - 用户登录成功：buyer_8_30c52a34-bda2-11ef-890a-02a6845b4b32
2024-12-19 08:43:49 - be.view.auth - INFO - 登录处理结果: 200
2024-12-19 08:43:49 - werkzeug - INFO - 127.0.0.1 - - [19/Dec/2024 08:43:49] "POST /auth/login HTTP/1.1" 200 -
2024-12-19 08:43:49 - be.view.auth - INFO - 收到登录请求: {'user_id': 'buyer_6_30c52a34-bda2-11ef-890a-02a6845b4b32', 'password': 'buyer_seller_6_30c52a34-bda2-11ef-890a-02a6845b4b32', 'terminal': 'my terminal'}
2024-12-19 08:43:49 - be.model.user - INFO - 尝试登录用户：buyer_6_30c52a34-bda2-11ef-890a-02a6845b4b32，终端：my terminal
2024-12-19 08:43:49 - be.model.user - INFO - 为用户 buyer_6_30c52a34-bda2-11ef-890a-02a6845b4b32 生成新token，终端：my terminal
2024-12-19 08:43:49 - be.model.user - INFO - 用户登录成功：buyer_6_30c52a34-bda2-11ef-890a-02a6845b4b32
2024-12-19 08:43:49 - be.view.auth - INFO - 登录处理结果: 200
2024-12-19 08:43:49 - werkzeug - INFO - 127.0.0.1 - - [19/Dec/2024 08:43:49] "POST /auth/login HTTP/1.1" 200 -
2024-12-19 08:43:49 - be.view.auth - INFO - 收到登录请求: {'user_id': 'buyer_10_30c52a34-bda2-11ef-890a-02a6845b4b32', 'password': 'buyer_seller_10_30c52a34-bda2-11ef-890a-02a6845b4b32', 'terminal': 'my terminal'}
2024-12-19 08:43:49 - be.model.user - INFO - 尝试登录用户：buyer_10_30c52a34-bda2-11ef-890a-02a6845b4b32，终端：my terminal
2024-12-19 08:43:49 - be.model.user - INFO - 为用户 buyer_10_30c52a34-bda2-11ef-890a-02a6845b4b32 生成新token，终端：my terminal
2024-12-19 08:43:49 - be.model.user - INFO - 用户登录成功：buyer_10_30c52a34-bda2-11ef-890a-02a6845b4b32
2024-12-19 08:43:49 - be.view.auth - INFO - 登录处理结果: 200
2024-12-19 08:43:49 - werkzeug - INFO - 127.0.0.1 - - [19/Dec/2024 08:43:49] "POST /auth/login HTTP/1.1" 200 -
2024-12-19 08:43:49 - be.view.auth - INFO - 收到登录请求: {'user_id': 'buyer_2_30c52a34-bda2-11ef-890a-02a6845b4b32', 'password': 'buyer_seller_2_30c52a34-bda2-11ef-890a-02a6845b4b32', 'terminal': 'my terminal'}
2024-12-19 08:43:49 - be.model.user - INFO - 尝试登录用户：buyer_2_30c52a34-bda2-11ef-890a-02a6845b4b32，终端：my terminal
2024-12-19 08:43:49 - be.model.user - INFO - 为用户 buyer_2_30c52a34-bda2-11ef-890a-02a6845b4b32 生成新token，终端：my terminal
2024-12-19 08:43:49 - be.model.user - INFO - 用户登录成功：buyer_2_30c52a34-bda2-11ef-890a-02a6845b4b32
2024-12-19 08:43:49 - be.view.auth - INFO - 登录处理结果: 200
2024-12-19 08:43:49 - werkzeug - INFO - 127.0.0.1 - - [19/Dec/2024 08:43:49] "POST /auth/login HTTP/1.1" 200 -
2024-12-19 08:43:49 - be.view.auth - INFO - 收到登录请求: {'user_id': 'buyer_1_30c52a34-bda2-11ef-890a-02a6845b4b32', 'password': 'buyer_seller_1_30c52a34-bda2-11ef-890a-02a6845b4b32', 'terminal': 'my terminal'}
2024-12-19 08:43:49 - be.model.user - INFO - 尝试登录用户：buyer_1_30c52a34-bda2-11ef-890a-02a6845b4b32，终端：my terminal
2024-12-19 08:43:50 - be.model.user - INFO - 为用户 buyer_1_30c52a34-bda2-11ef-890a-02a6845b4b32 生成新token，终端：my terminal
2024-12-19 08:43:50 - be.model.user - INFO - 用户登录成功：buyer_1_30c52a34-bda2-11ef-890a-02a6845b4b32
2024-12-19 08:43:50 - be.view.auth - INFO - 登录处理结果: 200
2024-12-19 08:43:50 - werkzeug - INFO - 127.0.0.1 - - [19/Dec/2024 08:43:50] "POST /auth/login HTTP/1.1" 200 -
2024-12-19 08:43:50 - be.view.auth - INFO - 收到登录请求: {'user_id': 'buyer_2_30c52a34-bda2-11ef-890a-02a6845b4b32', 'password': 'buyer_seller_2_30c52a34-bda2-11ef-890a-02a6845b4b32', 'terminal': 'my terminal'}
2024-12-19 08:43:50 - be.model.user - INFO - 尝试登录用户：buyer_2_30c52a34-bda2-11ef-890a-02a6845b4b32，终端：my terminal
2024-12-19 08:43:50 - be.model.user - INFO - 为用户 buyer_2_30c52a34-bda2-11ef-890a-02a6845b4b32 生成新token，终端：my terminal
2024-12-19 08:43:50 - be.model.user - INFO - 用户登录成功：buyer_2_30c52a34-bda2-11ef-890a-02a6845b4b32
2024-12-19 08:43:50 - be.view.auth - INFO - 登录处理结果: 200
2024-12-19 08:43:50 - werkzeug - INFO - 127.0.0.1 - - [19/Dec/2024 08:43:50] "POST /auth/login HTTP/1.1" 200 -
2024-12-19 08:43:50 - be.view.auth - INFO - 收到登录请求: {'user_id': 'buyer_5_30c52a34-bda2-11ef-890a-02a6845b4b32', 'password': 'buyer_seller_5_30c52a34-bda2-11ef-890a-02a6845b4b32', 'terminal': 'my terminal'}
2024-12-19 08:43:50 - be.model.user - INFO - 尝试登录用户：buyer_5_30c52a34-bda2-11ef-890a-02a6845b4b32，终端：my terminal
2024-12-19 08:43:50 - be.model.user - INFO - 为用户 buyer_5_30c52a34-bda2-11ef-890a-02a6845b4b32 生成新token，终端：my terminal
2024-12-19 08:43:50 - be.model.user - INFO - 用户登录成功：buyer_5_30c52a34-bda2-11ef-890a-02a6845b4b32
2024-12-19 08:43:50 - be.view.auth - INFO - 登录处理结果: 200
2024-12-19 08:43:50 - werkzeug - INFO - 127.0.0.1 - - [19/Dec/2024 08:43:50] "POST /auth/login HTTP/1.1" 200 -
2024-12-19 08:43:50 - be.view.auth - INFO - 收到登录请求: {'user_id': 'buyer_3_30c52a34-bda2-11ef-890a-02a6845b4b32', 'password': 'buyer_seller_3_30c52a34-bda2-11ef-890a-02a6845b4b32', 'terminal': 'my terminal'}
2024-12-19 08:43:50 - be.model.user - INFO - 尝试登录用户：buyer_3_30c52a34-bda2-11ef-890a-02a6845b4b32，终端：my terminal
2024-12-19 08:43:50 - be.model.user - INFO - 为用户 buyer_3_30c52a34-bda2-11ef-890a-02a6845b4b32 生成新token，终端：my terminal
2024-12-19 08:43:50 - be.model.user - INFO - 用户登录成功：buyer_3_30c52a34-bda2-11ef-890a-02a6845b4b32
2024-12-19 08:43:50 - be.view.auth - INFO - 登录处理结果: 200
2024-12-19 08:43:50 - werkzeug - INFO - 127.0.0.1 - - [19/Dec/2024 08:43:50] "POST /auth/login HTTP/1.1" 200 -
2024-12-19 08:43:50 - be.view.auth - INFO - 收到登录请求: {'user_id': 'buyer_7_30c52a34-bda2-11ef-890a-02a6845b4b32', 'password': 'buyer_seller_7_30c52a34-bda2-11ef-890a-02a6845b4b32', 'terminal': 'my terminal'}
2024-12-19 08:43:50 - be.model.user - INFO - 尝试登录用户：buyer_7_30c52a34-bda2-11ef-890a-02a6845b4b32，终端：my terminal
2024-12-19 08:43:50 - be.model.user - INFO - 为用户 buyer_7_30c52a34-bda2-11ef-890a-02a6845b4b32 生成新token，终端：my terminal
2024-12-19 08:43:50 - be.model.user - INFO - 用户登录成功：buyer_7_30c52a34-bda2-11ef-890a-02a6845b4b32
2024-12-19 08:43:51 - be.view.auth - INFO - 登录处理结果: 200
2024-12-19 08:43:51 - werkzeug - INFO - 127.0.0.1 - - [19/Dec/2024 08:43:51] "POST /auth/login HTTP/1.1" 200 -
2024-12-19 08:43:51 - be.view.auth - INFO - 收到登录请求: {'user_id': 'buyer_10_30c52a34-bda2-11ef-890a-02a6845b4b32', 'password': 'buyer_seller_10_30c52a34-bda2-11ef-890a-02a6845b4b32', 'terminal': 'my terminal'}
2024-12-19 08:43:51 - be.model.user - INFO - 尝试登录用户：buyer_10_30c52a34-bda2-11ef-890a-02a6845b4b32，终端：my terminal
2024-12-19 08:43:51 - be.model.user - INFO - 为用户 buyer_10_30c52a34-bda2-11ef-890a-02a6845b4b32 生成新token，终端：my terminal
2024-12-19 08:43:51 - be.model.user - INFO - 用户登录成功：buyer_10_30c52a34-bda2-11ef-890a-02a6845b4b32
2024-12-19 08:43:51 - be.view.auth - INFO - 登录处理结果: 200
2024-12-19 08:43:51 - werkzeug - INFO - 127.0.0.1 - - [19/Dec/2024 08:43:51] "POST /auth/login HTTP/1.1" 200 -
2024-12-19 08:43:51 - be.view.auth - INFO - 收到登录请求: {'user_id': 'buyer_6_30c52a34-bda2-11ef-890a-02a6845b4b32', 'password': 'buyer_seller_6_30c52a34-bda2-11ef-890a-02a6845b4b32', 'terminal': 'my terminal'}
2024-12-19 08:43:51 - be.model.user - INFO - 尝试登录用户：buyer_6_30c52a34-bda2-11ef-890a-02a6845b4b32，终端：my terminal
2024-12-19 08:43:51 - be.model.user - INFO - 为用户 buyer_6_30c52a34-bda2-11ef-890a-02a6845b4b32 生成新token，终端：my terminal
2024-12-19 08:43:51 - be.model.user - INFO - 用户登录成功：buyer_6_30c52a34-bda2-11ef-890a-02a6845b4b32
2024-12-19 08:43:51 - be.view.auth - INFO - 登录处理结果: 200
2024-12-19 08:43:51 - werkzeug - INFO - 127.0.0.1 - - [19/Dec/2024 08:43:51] "POST /auth/login HTTP/1.1" 200 -
2024-12-19 08:43:51 - be.view.auth - INFO - 收到登录请求: {'user_id': 'buyer_4_30c52a34-bda2-11ef-890a-02a6845b4b32', 'password': 'buyer_seller_4_30c52a34-bda2-11ef-890a-02a6845b4b32', 'terminal': 'my terminal'}
2024-12-19 08:43:51 - be.model.user - INFO - 尝试登录用户：buyer_4_30c52a34-bda2-11ef-890a-02a6845b4b32，终端：my terminal
2024-12-19 08:43:51 - be.model.user - INFO - 为用户 buyer_4_30c52a34-bda2-11ef-890a-02a6845b4b32 生成新token，终端：my terminal
2024-12-19 08:43:51 - be.model.user - INFO - 用户登录成功：buyer_4_30c52a34-bda2-11ef-890a-02a6845b4b32
2024-12-19 08:43:51 - be.view.auth - INFO - 登录处理结果: 200
2024-12-19 08:43:51 - werkzeug - INFO - 127.0.0.1 - - [19/Dec/2024 08:43:51] "POST /auth/login HTTP/1.1" 200 -
2024-12-19 08:43:51 - be.view.auth - INFO - 收到登录请求: {'user_id': 'buyer_7_30c52a34-bda2-11ef-890a-02a6845b4b32', 'password': 'buyer_seller_7_30c52a34-bda2-11ef-890a-02a6845b4b32', 'terminal': 'my terminal'}
2024-12-19 08:43:51 - be.model.user - INFO - 尝试登录用户：buyer_7_30c52a34-bda2-11ef-890a-02a6845b4b32，终端：my terminal
2024-12-19 08:43:51 - be.model.user - INFO - 为用户 buyer_7_30c52a34-bda2-11ef-890a-02a6845b4b32 生成新token，终端：my terminal
2024-12-19 08:43:51 - be.model.user - INFO - 用户登录成功：buyer_7_30c52a34-bda2-11ef-890a-02a6845b4b32
2024-12-19 08:43:52 - be.view.auth - INFO - 登录处理结果: 200
2024-12-19 08:43:52 - werkzeug - INFO - 127.0.0.1 - - [19/Dec/2024 08:43:52] "POST /auth/login HTTP/1.1" 200 -
2024-12-19 08:43:52 - be.view.auth - INFO - 收到登录请求: {'user_id': 'buyer_2_30c52a34-bda2-11ef-890a-02a6845b4b32', 'password': 'buyer_seller_2_30c52a34-bda2-11ef-890a-02a6845b4b32', 'terminal': 'my terminal'}
2024-12-19 08:43:52 - be.model.user - INFO - 尝试登录用户：buyer_2_30c52a34-bda2-11ef-890a-02a6845b4b32，终端：my terminal
2024-12-19 08:43:52 - be.model.user - INFO - 为用户 buyer_2_30c52a34-bda2-11ef-890a-02a6845b4b32 生成新token，终端：my terminal
2024-12-19 08:43:52 - be.model.user - INFO - 用户登录成功：buyer_2_30c52a34-bda2-11ef-890a-02a6845b4b32
2024-12-19 08:43:52 - be.view.auth - INFO - 登录处理结果: 200
2024-12-19 08:43:52 - werkzeug - INFO - 127.0.0.1 - - [19/Dec/2024 08:43:52] "POST /auth/login HTTP/1.1" 200 -
2024-12-19 08:43:52 - be.view.auth - INFO - 收到登录请求: {'user_id': 'buyer_1_30c52a34-bda2-11ef-890a-02a6845b4b32', 'password': 'buyer_seller_1_30c52a34-bda2-11ef-890a-02a6845b4b32', 'terminal': 'my terminal'}
2024-12-19 08:43:52 - be.model.user - INFO - 尝试登录用户：buyer_1_30c52a34-bda2-11ef-890a-02a6845b4b32，终端：my terminal
2024-12-19 08:43:52 - be.model.user - INFO - 为用户 buyer_1_30c52a34-bda2-11ef-890a-02a6845b4b32 生成新token，终端：my terminal
2024-12-19 08:43:52 - be.model.user - INFO - 用户登录成功：buyer_1_30c52a34-bda2-11ef-890a-02a6845b4b32
2024-12-19 08:43:52 - be.view.auth - INFO - 登录处理结果: 200
2024-12-19 08:43:52 - werkzeug - INFO - 127.0.0.1 - - [19/Dec/2024 08:43:52] "POST /auth/login HTTP/1.1" 200 -
2024-12-19 08:43:52 - be.view.auth - INFO - 收到登录请求: {'user_id': 'buyer_1_30c52a34-bda2-11ef-890a-02a6845b4b32', 'password': 'buyer_seller_1_30c52a34-bda2-11ef-890a-02a6845b4b32', 'terminal': 'my terminal'}
2024-12-19 08:43:52 - be.model.user - INFO - 尝试登录用户：buyer_1_30c52a34-bda2-11ef-890a-02a6845b4b32，终端：my terminal
2024-12-19 08:43:52 - be.model.user - INFO - 为用户 buyer_1_30c52a34-bda2-11ef-890a-02a6845b4b32 生成新token，终端：my terminal
2024-12-19 08:43:52 - be.model.user - INFO - 用户登录成功：buyer_1_30c52a34-bda2-11ef-890a-02a6845b4b32
2024-12-19 08:43:52 - be.view.auth - INFO - 登录处理结果: 200
2024-12-19 08:43:52 - werkzeug - INFO - 127.0.0.1 - - [19/Dec/2024 08:43:52] "POST /auth/login HTTP/1.1" 200 -
2024-12-19 08:43:52 - be.view.auth - INFO - 收到登录请求: {'user_id': 'buyer_9_30c52a34-bda2-11ef-890a-02a6845b4b32', 'password': 'buyer_seller_9_30c52a34-bda2-11ef-890a-02a6845b4b32', 'terminal': 'my terminal'}
2024-12-19 08:43:52 - be.model.user - INFO - 尝试登录用户：buyer_9_30c52a34-bda2-11ef-890a-02a6845b4b32，终端：my terminal
2024-12-19 08:43:52 - be.model.user - INFO - 为用户 buyer_9_30c52a34-bda2-11ef-890a-02a6845b4b32 生成新token，终端：my terminal
2024-12-19 08:43:52 - be.model.user - INFO - 用户登录成功：buyer_9_30c52a34-bda2-11ef-890a-02a6845b4b32
2024-12-19 08:43:52 - be.view.auth - INFO - 登录处理结果: 200
2024-12-19 08:43:52 - werkzeug - INFO - 127.0.0.1 - - [19/Dec/2024 08:43:52] "POST /auth/login HTTP/1.1" 200 -
2024-12-19 08:43:52 - be.view.auth - INFO - 收到登录请求: {'user_id': 'buyer_8_30c52a34-bda2-11ef-890a-02a6845b4b32', 'password': 'buyer_seller_8_30c52a34-bda2-11ef-890a-02a6845b4b32', 'terminal': 'my terminal'}
2024-12-19 08:43:52 - be.model.user - INFO - 尝试登录用户：buyer_8_30c52a34-bda2-11ef-890a-02a6845b4b32，终端：my terminal
2024-12-19 08:43:53 - be.model.user - INFO - 为用户 buyer_8_30c52a34-bda2-11ef-890a-02a6845b4b32 生成新token，终端：my terminal
2024-12-19 08:43:53 - be.model.user - INFO - 用户登录成功：buyer_8_30c52a34-bda2-11ef-890a-02a6845b4b32
2024-12-19 08:43:53 - be.view.auth - INFO - 登录处理结果: 200
2024-12-19 08:43:53 - werkzeug - INFO - 127.0.0.1 - - [19/Dec/2024 08:43:53] "POST /auth/login HTTP/1.1" 200 -
2024-12-19 08:43:53 - be.view.auth - INFO - 收到登录请求: {'user_id': 'buyer_10_30c52a34-bda2-11ef-890a-02a6845b4b32', 'password': 'buyer_seller_10_30c52a34-bda2-11ef-890a-02a6845b4b32', 'terminal': 'my terminal'}
2024-12-19 08:43:53 - be.model.user - INFO - 尝试登录用户：buyer_10_30c52a34-bda2-11ef-890a-02a6845b4b32，终端：my terminal
2024-12-19 08:43:53 - be.model.user - INFO - 为用户 buyer_10_30c52a34-bda2-11ef-890a-02a6845b4b32 生成新token，终端：my terminal
2024-12-19 08:43:53 - be.model.user - INFO - 用户登录成功：buyer_10_30c52a34-bda2-11ef-890a-02a6845b4b32
2024-12-19 08:43:53 - be.view.auth - INFO - 登录处理结果: 200
2024-12-19 08:43:53 - werkzeug - INFO - 127.0.0.1 - - [19/Dec/2024 08:43:53] "POST /auth/login HTTP/1.1" 200 -
2024-12-19 08:43:53 - be.view.auth - INFO - 收到登录请求: {'user_id': 'buyer_4_30c52a34-bda2-11ef-890a-02a6845b4b32', 'password': 'buyer_seller_4_30c52a34-bda2-11ef-890a-02a6845b4b32', 'terminal': 'my terminal'}
2024-12-19 08:43:53 - be.model.user - INFO - 尝试登录用户：buyer_4_30c52a34-bda2-11ef-890a-02a6845b4b32，终端：my terminal
2024-12-19 08:43:53 - be.model.user - INFO - 为用户 buyer_4_30c52a34-bda2-11ef-890a-02a6845b4b32 生成新token，终端：my terminal
2024-12-19 08:43:53 - be.model.user - INFO - 用户登录成功：buyer_4_30c52a34-bda2-11ef-890a-02a6845b4b32
2024-12-19 08:43:53 - be.view.auth - INFO - 登录处理结果: 200
2024-12-19 08:43:53 - werkzeug - INFO - 127.0.0.1 - - [19/Dec/2024 08:43:53] "POST /auth/login HTTP/1.1" 200 -
2024-12-19 08:43:53 - be.view.auth - INFO - 收到登录请求: {'user_id': 'buyer_7_30c52a34-bda2-11ef-890a-02a6845b4b32', 'password': 'buyer_seller_7_30c52a34-bda2-11ef-890a-02a6845b4b32', 'terminal': 'my terminal'}
2024-12-19 08:43:53 - be.model.user - INFO - 尝试登录用户：buyer_7_30c52a34-bda2-11ef-890a-02a6845b4b32，终端：my terminal
2024-12-19 08:43:53 - be.model.user - INFO - 为用户 buyer_7_30c52a34-bda2-11ef-890a-02a6845b4b32 生成新token，终端：my terminal
2024-12-19 08:43:53 - be.model.user - INFO - 用户登录成功：buyer_7_30c52a34-bda2-11ef-890a-02a6845b4b32
2024-12-19 08:43:53 - be.view.auth - INFO - 登录处理结果: 200
2024-12-19 08:43:53 - werkzeug - INFO - 127.0.0.1 - - [19/Dec/2024 08:43:53] "POST /auth/login HTTP/1.1" 200 -
2024-12-19 08:43:53 - be.view.auth - INFO - 收到登录请求: {'user_id': 'buyer_3_30c52a34-bda2-11ef-890a-02a6845b4b32', 'password': 'buyer_seller_3_30c52a34-bda2-11ef-890a-02a6845b4b32', 'terminal': 'my terminal'}
2024-12-19 08:43:53 - be.model.user - INFO - 尝试登录用户：buyer_3_30c52a34-bda2-11ef-890a-02a6845b4b32，终端：my terminal
2024-12-19 08:43:54 - be.model.user - INFO - 为用户 buyer_3_30c52a34-bda2-11ef-890a-02a6845b4b32 生成新token，终端：my terminal
2024-12-19 08:43:54 - be.model.user - INFO - 用户登录成功：buyer_3_30c52a34-bda2-11ef-890a-02a6845b4b32
2024-12-19 08:43:54 - be.view.auth - INFO - 登录处理结果: 200
2024-12-19 08:43:54 - werkzeug - INFO - 127.0.0.1 - - [19/Dec/2024 08:43:54] "POST /auth/login HTTP/1.1" 200 -
2024-12-19 08:43:54 - be.view.auth - INFO - 收到登录请求: {'user_id': 'buyer_5_30c52a34-bda2-11ef-890a-02a6845b4b32', 'password': 'buyer_seller_5_30c52a34-bda2-11ef-890a-02a6845b4b32', 'terminal': 'my terminal'}
2024-12-19 08:43:54 - be.model.user - INFO - 尝试登录用户：buyer_5_30c52a34-bda2-11ef-890a-02a6845b4b32，终端：my terminal
2024-12-19 08:43:54 - be.model.user - INFO - 为用户 buyer_5_30c52a34-bda2-11ef-890a-02a6845b4b32 生成新token，终端：my terminal
2024-12-19 08:43:54 - be.model.user - INFO - 用户登录成功：buyer_5_30c52a34-bda2-11ef-890a-02a6845b4b32
2024-12-19 08:43:54 - be.view.auth - INFO - 登录处理结果: 200
2024-12-19 08:43:54 - werkzeug - INFO - 127.0.0.1 - - [19/Dec/2024 08:43:54] "POST /auth/login HTTP/1.1" 200 -
2024-12-19 08:43:54 - be.view.auth - INFO - 收到登录请求: {'user_id': 'buyer_1_30c52a34-bda2-11ef-890a-02a6845b4b32', 'password': 'buyer_seller_1_30c52a34-bda2-11ef-890a-02a6845b4b32', 'terminal': 'my terminal'}
2024-12-19 08:43:54 - be.model.user - INFO - 尝试登录用户：buyer_1_30c52a34-bda2-11ef-890a-02a6845b4b32，终端：my terminal
2024-12-19 08:43:54 - be.model.user - INFO - 为用户 buyer_1_30c52a34-bda2-11ef-890a-02a6845b4b32 生成新token，终端：my terminal
2024-12-19 08:43:54 - be.model.user - INFO - 用户登录成功：buyer_1_30c52a34-bda2-11ef-890a-02a6845b4b32
2024-12-19 08:43:54 - be.view.auth - INFO - 登录处理结果: 200
2024-12-19 08:43:54 - werkzeug - INFO - 127.0.0.1 - - [19/Dec/2024 08:43:54] "POST /auth/login HTTP/1.1" 200 -
2024-12-19 08:43:54 - be.view.auth - INFO - 收到登录请求: {'user_id': 'buyer_7_30c52a34-bda2-11ef-890a-02a6845b4b32', 'password': 'buyer_seller_7_30c52a34-bda2-11ef-890a-02a6845b4b32', 'terminal': 'my terminal'}
2024-12-19 08:43:54 - be.model.user - INFO - 尝试登录用户：buyer_7_30c52a34-bda2-11ef-890a-02a6845b4b32，终端：my terminal
2024-12-19 08:43:54 - be.model.user - INFO - 为用户 buyer_7_30c52a34-bda2-11ef-890a-02a6845b4b32 生成新token，终端：my terminal
2024-12-19 08:43:54 - be.model.user - INFO - 用户登录成功：buyer_7_30c52a34-bda2-11ef-890a-02a6845b4b32
2024-12-19 08:43:54 - be.view.auth - INFO - 登录处理结果: 200
2024-12-19 08:43:54 - werkzeug - INFO - 127.0.0.1 - - [19/Dec/2024 08:43:54] "POST /auth/login HTTP/1.1" 200 -
2024-12-19 08:43:54 - be.view.auth - INFO - 收到登录请求: {'user_id': 'buyer_6_30c52a34-bda2-11ef-890a-02a6845b4b32', 'password': 'buyer_seller_6_30c52a34-bda2-11ef-890a-02a6845b4b32', 'terminal': 'my terminal'}
2024-12-19 08:43:54 - be.model.user - INFO - 尝试登录用户：buyer_6_30c52a34-bda2-11ef-890a-02a6845b4b32，终端：my terminal
2024-12-19 08:43:54 - be.model.user - INFO - 为用户 buyer_6_30c52a34-bda2-11ef-890a-02a6845b4b32 生成新token，终端：my terminal
2024-12-19 08:43:54 - be.model.user - INFO - 用户登录成功：buyer_6_30c52a34-bda2-11ef-890a-02a6845b4b32
2024-12-19 08:43:55 - be.view.auth - INFO - 登录处理结果: 200
2024-12-19 08:43:55 - werkzeug - INFO - 127.0.0.1 - - [19/Dec/2024 08:43:55] "POST /auth/login HTTP/1.1" 200 -
2024-12-19 08:43:55 - be.view.auth - INFO - 收到登录请求: {'user_id': 'buyer_10_30c52a34-bda2-11ef-890a-02a6845b4b32', 'password': 'buyer_seller_10_30c52a34-bda2-11ef-890a-02a6845b4b32', 'terminal': 'my terminal'}
2024-12-19 08:43:55 - be.model.user - INFO - 尝试登录用户：buyer_10_30c52a34-bda2-11ef-890a-02a6845b4b32，终端：my terminal
2024-12-19 08:43:55 - be.model.user - INFO - 为用户 buyer_10_30c52a34-bda2-11ef-890a-02a6845b4b32 生成新token，终端：my terminal
2024-12-19 08:43:55 - be.model.user - INFO - 用户登录成功：buyer_10_30c52a34-bda2-11ef-890a-02a6845b4b32
2024-12-19 08:43:55 - be.view.auth - INFO - 登录处理结果: 200
2024-12-19 08:43:55 - werkzeug - INFO - 127.0.0.1 - - [19/Dec/2024 08:43:55] "POST /auth/login HTTP/1.1" 200 -
2024-12-19 08:43:55 - be.view.auth - INFO - 收到登录请求: {'user_id': 'buyer_8_30c52a34-bda2-11ef-890a-02a6845b4b32', 'password': 'buyer_seller_8_30c52a34-bda2-11ef-890a-02a6845b4b32', 'terminal': 'my terminal'}
2024-12-19 08:43:55 - be.model.user - INFO - 尝试登录用户：buyer_8_30c52a34-bda2-11ef-890a-02a6845b4b32，终端：my terminal
2024-12-19 08:43:55 - be.model.user - INFO - 为用户 buyer_8_30c52a34-bda2-11ef-890a-02a6845b4b32 生成新token，终端：my terminal
2024-12-19 08:43:55 - be.model.user - INFO - 用户登录成功：buyer_8_30c52a34-bda2-11ef-890a-02a6845b4b32
2024-12-19 08:43:55 - be.view.auth - INFO - 登录处理结果: 200
2024-12-19 08:43:55 - werkzeug - INFO - 127.0.0.1 - - [19/Dec/2024 08:43:55] "POST /auth/login HTTP/1.1" 200 -
2024-12-19 08:43:55 - be.view.auth - INFO - 收到登录请求: {'user_id': 'buyer_9_30c52a34-bda2-11ef-890a-02a6845b4b32', 'password': 'buyer_seller_9_30c52a34-bda2-11ef-890a-02a6845b4b32', 'terminal': 'my terminal'}
2024-12-19 08:43:55 - be.model.user - INFO - 尝试登录用户：buyer_9_30c52a34-bda2-11ef-890a-02a6845b4b32，终端：my terminal
2024-12-19 08:43:55 - be.model.user - INFO - 为用户 buyer_9_30c52a34-bda2-11ef-890a-02a6845b4b32 生成新token，终端：my terminal
2024-12-19 08:43:55 - be.model.user - INFO - 用户登录成功：buyer_9_30c52a34-bda2-11ef-890a-02a6845b4b32
2024-12-19 08:43:55 - be.view.auth - INFO - 登录处理结果: 200
2024-12-19 08:43:55 - werkzeug - INFO - 127.0.0.1 - - [19/Dec/2024 08:43:55] "POST /auth/login HTTP/1.1" 200 -
2024-12-19 08:43:55 - be.view.auth - INFO - 收到登录请求: {'user_id': 'buyer_8_30c52a34-bda2-11ef-890a-02a6845b4b32', 'password': 'buyer_seller_8_30c52a34-bda2-11ef-890a-02a6845b4b32', 'terminal': 'my terminal'}
2024-12-19 08:43:55 - be.model.user - INFO - 尝试登录用户：buyer_8_30c52a34-bda2-11ef-890a-02a6845b4b32，终端：my terminal
2024-12-19 08:43:55 - be.model.user - INFO - 为用户 buyer_8_30c52a34-bda2-11ef-890a-02a6845b4b32 生成新token，终端：my terminal
2024-12-19 08:43:55 - be.model.user - INFO - 用户登录成功：buyer_8_30c52a34-bda2-11ef-890a-02a6845b4b32
2024-12-19 08:43:55 - be.view.auth - INFO - 登录处理结果: 200
2024-12-19 08:43:55 - werkzeug - INFO - 127.0.0.1 - - [19/Dec/2024 08:43:55] "POST /auth/login HTTP/1.1" 200 -
2024-12-19 08:43:55 - be.view.auth - INFO - 收到登录请求: {'user_id': 'buyer_8_30c52a34-bda2-11ef-890a-02a6845b4b32', 'password': 'buyer_seller_8_30c52a34-bda2-11ef-890a-02a6845b4b32', 'terminal': 'my terminal'}
2024-12-19 08:43:55 - be.model.user - INFO - 尝试登录用户：buyer_8_30c52a34-bda2-11ef-890a-02a6845b4b32，终端：my terminal
2024-12-19 08:43:56 - be.model.user - INFO - 为用户 buyer_8_30c52a34-bda2-11ef-890a-02a6845b4b32 生成新token，终端：my terminal
2024-12-19 08:43:56 - be.model.user - INFO - 用户登录成功：buyer_8_30c52a34-bda2-11ef-890a-02a6845b4b32
2024-12-19 08:43:56 - be.view.auth - INFO - 登录处理结果: 200
2024-12-19 08:43:56 - werkzeug - INFO - 127.0.0.1 - - [19/Dec/2024 08:43:56] "POST /auth/login HTTP/1.1" 200 -
2024-12-19 08:43:56 - be.view.auth - INFO - 收到登录请求: {'user_id': 'buyer_2_30c52a34-bda2-11ef-890a-02a6845b4b32', 'password': 'buyer_seller_2_30c52a34-bda2-11ef-890a-02a6845b4b32', 'terminal': 'my terminal'}
2024-12-19 08:43:56 - be.model.user - INFO - 尝试登录用户：buyer_2_30c52a34-bda2-11ef-890a-02a6845b4b32，终端：my terminal
2024-12-19 08:43:56 - be.model.user - INFO - 为用户 buyer_2_30c52a34-bda2-11ef-890a-02a6845b4b32 生成新token，终端：my terminal
2024-12-19 08:43:56 - be.model.user - INFO - 用户登录成功：buyer_2_30c52a34-bda2-11ef-890a-02a6845b4b32
2024-12-19 08:43:56 - be.view.auth - INFO - 登录处理结果: 200
2024-12-19 08:43:56 - werkzeug - INFO - 127.0.0.1 - - [19/Dec/2024 08:43:56] "POST /auth/login HTTP/1.1" 200 -
2024-12-19 08:43:56 - be.view.auth - INFO - 收到登录请求: {'user_id': 'buyer_3_30c52a34-bda2-11ef-890a-02a6845b4b32', 'password': 'buyer_seller_3_30c52a34-bda2-11ef-890a-02a6845b4b32', 'terminal': 'my terminal'}
2024-12-19 08:43:56 - be.model.user - INFO - 尝试登录用户：buyer_3_30c52a34-bda2-11ef-890a-02a6845b4b32，终端：my terminal
2024-12-19 08:43:56 - be.model.user - INFO - 为用户 buyer_3_30c52a34-bda2-11ef-890a-02a6845b4b32 生成新token，终端：my terminal
2024-12-19 08:43:56 - be.model.user - INFO - 用户登录成功：buyer_3_30c52a34-bda2-11ef-890a-02a6845b4b32
2024-12-19 08:43:56 - be.view.auth - INFO - 登录处理结果: 200
2024-12-19 08:43:56 - werkzeug - INFO - 127.0.0.1 - - [19/Dec/2024 08:43:56] "POST /auth/login HTTP/1.1" 200 -
2024-12-19 08:43:56 - be.view.auth - INFO - 收到登录请求: {'user_id': 'buyer_1_30c52a34-bda2-11ef-890a-02a6845b4b32', 'password': 'buyer_seller_1_30c52a34-bda2-11ef-890a-02a6845b4b32', 'terminal': 'my terminal'}
2024-12-19 08:43:56 - be.model.user - INFO - 尝试登录用户：buyer_1_30c52a34-bda2-11ef-890a-02a6845b4b32，终端：my terminal
2024-12-19 08:43:56 - be.model.user - INFO - 为用户 buyer_1_30c52a34-bda2-11ef-890a-02a6845b4b32 生成新token，终端：my terminal
2024-12-19 08:43:56 - be.model.user - INFO - 用户登录成功：buyer_1_30c52a34-bda2-11ef-890a-02a6845b4b32
2024-12-19 08:43:56 - be.view.auth - INFO - 登录处理结果: 200
2024-12-19 08:43:56 - werkzeug - INFO - 127.0.0.1 - - [19/Dec/2024 08:43:56] "POST /auth/login HTTP/1.1" 200 -
2024-12-19 08:43:56 - be.view.auth - INFO - 收到登录请求: {'user_id': 'buyer_6_30c52a34-bda2-11ef-890a-02a6845b4b32', 'password': 'buyer_seller_6_30c52a34-bda2-11ef-890a-02a6845b4b32', 'terminal': 'my terminal'}
2024-12-19 08:43:56 - be.model.user - INFO - 尝试登录用户：buyer_6_30c52a34-bda2-11ef-890a-02a6845b4b32，终端：my terminal
2024-12-19 08:43:57 - be.model.user - INFO - 为用户 buyer_6_30c52a34-bda2-11ef-890a-02a6845b4b32 生成新token，终端：my terminal
2024-12-19 08:43:57 - be.model.user - INFO - 用户登录成功：buyer_6_30c52a34-bda2-11ef-890a-02a6845b4b32
2024-12-19 08:43:57 - be.view.auth - INFO - 登录处理结果: 200
2024-12-19 08:43:57 - werkzeug - INFO - 127.0.0.1 - - [19/Dec/2024 08:43:57] "POST /auth/login HTTP/1.1" 200 -
2024-12-19 08:43:57 - be.view.auth - INFO - 收到登录请求: {'user_id': 'buyer_7_30c52a34-bda2-11ef-890a-02a6845b4b32', 'password': 'buyer_seller_7_30c52a34-bda2-11ef-890a-02a6845b4b32', 'terminal': 'my terminal'}
2024-12-19 08:43:57 - be.model.user - INFO - 尝试登录用户：buyer_7_30c52a34-bda2-11ef-890a-02a6845b4b32，终端：my terminal
2024-12-19 08:43:57 - be.model.user - INFO - 为用户 buyer_7_30c52a34-bda2-11ef-890a-02a6845b4b32 生成新token，终端：my terminal
2024-12-19 08:43:57 - be.model.user - INFO - 用户登录成功：buyer_7_30c52a34-bda2-11ef-890a-02a6845b4b32
2024-12-19 08:43:57 - be.view.auth - INFO - 登录处理结果: 200
2024-12-19 08:43:57 - werkzeug - INFO - 127.0.0.1 - - [19/Dec/2024 08:43:57] "POST /auth/login HTTP/1.1" 200 -
2024-12-19 08:43:57 - be.view.auth - INFO - 收到登录请求: {'user_id': 'buyer_3_30c52a34-bda2-11ef-890a-02a6845b4b32', 'password': 'buyer_seller_3_30c52a34-bda2-11ef-890a-02a6845b4b32', 'terminal': 'my terminal'}
2024-12-19 08:43:57 - be.model.user - INFO - 尝试登录用户：buyer_3_30c52a34-bda2-11ef-890a-02a6845b4b32，终端：my terminal
2024-12-19 08:43:57 - be.model.user - INFO - 为用户 buyer_3_30c52a34-bda2-11ef-890a-02a6845b4b32 生成新token，终端：my terminal
2024-12-19 08:43:57 - be.model.user - INFO - 用户登录成功：buyer_3_30c52a34-bda2-11ef-890a-02a6845b4b32
2024-12-19 08:43:57 - be.view.auth - INFO - 登录处理结果: 200
2024-12-19 08:43:57 - werkzeug - INFO - 127.0.0.1 - - [19/Dec/2024 08:43:57] "POST /auth/login HTTP/1.1" 200 -
2024-12-19 08:43:57 - be.view.auth - INFO - 收到登录请求: {'user_id': 'buyer_4_30c52a34-bda2-11ef-890a-02a6845b4b32', 'password': 'buyer_seller_4_30c52a34-bda2-11ef-890a-02a6845b4b32', 'terminal': 'my terminal'}
2024-12-19 08:43:57 - be.model.user - INFO - 尝试登录用户：buyer_4_30c52a34-bda2-11ef-890a-02a6845b4b32，终端：my terminal
2024-12-19 08:43:57 - be.model.user - INFO - 为用户 buyer_4_30c52a34-bda2-11ef-890a-02a6845b4b32 生成新token，终端：my terminal
2024-12-19 08:43:57 - be.model.user - INFO - 用户登录成功：buyer_4_30c52a34-bda2-11ef-890a-02a6845b4b32
2024-12-19 08:43:57 - be.view.auth - INFO - 登录处理结果: 200
2024-12-19 08:43:57 - werkzeug - INFO - 127.0.0.1 - - [19/Dec/2024 08:43:57] "POST /auth/login HTTP/1.1" 200 -
2024-12-19 08:43:57 - be.view.auth - INFO - 收到登录请求: {'user_id': 'buyer_3_30c52a34-bda2-11ef-890a-02a6845b4b32', 'password': 'buyer_seller_3_30c52a34-bda2-11ef-890a-02a6845b4b32', 'terminal': 'my terminal'}
2024-12-19 08:43:57 - be.model.user - INFO - 尝试登录用户：buyer_3_30c52a34-bda2-11ef-890a-02a6845b4b32，终端：my terminal
2024-12-19 08:43:58 - be.model.user - INFO - 为用户 buyer_3_30c52a34-bda2-11ef-890a-02a6845b4b32 生成新token，终端：my terminal
2024-12-19 08:43:58 - be.model.user - INFO - 用户登录成功：buyer_3_30c52a34-bda2-11ef-890a-02a6845b4b32
2024-12-19 08:43:58 - be.view.auth - INFO - 登录处理结果: 200
2024-12-19 08:43:58 - werkzeug - INFO - 127.0.0.1 - - [19/Dec/2024 08:43:58] "POST /auth/login HTTP/1.1" 200 -
2024-12-19 08:43:58 - be.view.auth - INFO - 收到登录请求: {'user_id': 'buyer_10_30c52a34-bda2-11ef-890a-02a6845b4b32', 'password': 'buyer_seller_10_30c52a34-bda2-11ef-890a-02a6845b4b32', 'terminal': 'my terminal'}
2024-12-19 08:43:58 - be.model.user - INFO - 尝试登录用户：buyer_10_30c52a34-bda2-11ef-890a-02a6845b4b32，终端：my terminal
2024-12-19 08:43:58 - be.model.user - INFO - 为用户 buyer_10_30c52a34-bda2-11ef-890a-02a6845b4b32 生成新token，终端：my terminal
2024-12-19 08:43:58 - be.model.user - INFO - 用户登录成功：buyer_10_30c52a34-bda2-11ef-890a-02a6845b4b32
2024-12-19 08:43:58 - be.view.auth - INFO - 登录处理结果: 200
2024-12-19 08:43:58 - werkzeug - INFO - 127.0.0.1 - - [19/Dec/2024 08:43:58] "POST /auth/login HTTP/1.1" 200 -
2024-12-19 08:43:58 - be.view.auth - INFO - 收到登录请求: {'user_id': 'buyer_9_30c52a34-bda2-11ef-890a-02a6845b4b32', 'password': 'buyer_seller_9_30c52a34-bda2-11ef-890a-02a6845b4b32', 'terminal': 'my terminal'}
2024-12-19 08:43:58 - be.model.user - INFO - 尝试登录用户：buyer_9_30c52a34-bda2-11ef-890a-02a6845b4b32，终端：my terminal
2024-12-19 08:43:58 - be.model.user - INFO - 为用户 buyer_9_30c52a34-bda2-11ef-890a-02a6845b4b32 生成新token，终端：my terminal
2024-12-19 08:43:58 - be.model.user - INFO - 用户登录成功：buyer_9_30c52a34-bda2-11ef-890a-02a6845b4b32
2024-12-19 08:43:58 - be.view.auth - INFO - 登录处理结果: 200
2024-12-19 08:43:58 - werkzeug - INFO - 127.0.0.1 - - [19/Dec/2024 08:43:58] "POST /auth/login HTTP/1.1" 200 -
2024-12-19 08:43:58 - be.view.auth - INFO - 收到登录请求: {'user_id': 'buyer_8_30c52a34-bda2-11ef-890a-02a6845b4b32', 'password': 'buyer_seller_8_30c52a34-bda2-11ef-890a-02a6845b4b32', 'terminal': 'my terminal'}
2024-12-19 08:43:58 - be.model.user - INFO - 尝试登录用户：buyer_8_30c52a34-bda2-11ef-890a-02a6845b4b32，终端：my terminal
2024-12-19 08:43:58 - be.model.user - INFO - 为用户 buyer_8_30c52a34-bda2-11ef-890a-02a6845b4b32 生成新token，终端：my terminal
2024-12-19 08:43:58 - be.model.user - INFO - 用户登录成功：buyer_8_30c52a34-bda2-11ef-890a-02a6845b4b32
2024-12-19 08:43:58 - be.view.auth - INFO - 登录处理结果: 200
2024-12-19 08:43:58 - werkzeug - INFO - 127.0.0.1 - - [19/Dec/2024 08:43:58] "POST /auth/login HTTP/1.1" 200 -
2024-12-19 08:43:58 - be.view.auth - INFO - 收到登录请求: {'user_id': 'buyer_3_30c52a34-bda2-11ef-890a-02a6845b4b32', 'password': 'buyer_seller_3_30c52a34-bda2-11ef-890a-02a6845b4b32', 'terminal': 'my terminal'}
2024-12-19 08:43:58 - be.model.user - INFO - 尝试登录用户：buyer_3_30c52a34-bda2-11ef-890a-02a6845b4b32，终端：my terminal
2024-12-19 08:43:59 - be.model.user - INFO - 为用户 buyer_3_30c52a34-bda2-11ef-890a-02a6845b4b32 生成新token，终端：my terminal
2024-12-19 08:43:59 - be.model.user - INFO - 用户登录成功：buyer_3_30c52a34-bda2-11ef-890a-02a6845b4b32
2024-12-19 08:43:59 - be.view.auth - INFO - 登录处理结果: 200
2024-12-19 08:43:59 - werkzeug - INFO - 127.0.0.1 - - [19/Dec/2024 08:43:59] "POST /auth/login HTTP/1.1" 200 -
2024-12-19 08:43:59 - be.view.auth - INFO - 收到登录请求: {'user_id': 'buyer_9_30c52a34-bda2-11ef-890a-02a6845b4b32', 'password': 'buyer_seller_9_30c52a34-bda2-11ef-890a-02a6845b4b32', 'terminal': 'my terminal'}
2024-12-19 08:43:59 - be.model.user - INFO - 尝试登录用户：buyer_9_30c52a34-bda2-11ef-890a-02a6845b4b32，终端：my terminal
2024-12-19 08:43:59 - be.model.user - INFO - 为用户 buyer_9_30c52a34-bda2-11ef-890a-02a6845b4b32 生成新token，终端：my terminal
2024-12-19 08:43:59 - be.model.user - INFO - 用户登录成功：buyer_9_30c52a34-bda2-11ef-890a-02a6845b4b32
2024-12-19 08:43:59 - be.view.auth - INFO - 登录处理结果: 200
2024-12-19 08:43:59 - werkzeug - INFO - 127.0.0.1 - - [19/Dec/2024 08:43:59] "POST /auth/login HTTP/1.1" 200 -
2024-12-19 08:43:59 - be.view.auth - INFO - 收到登录请求: {'user_id': 'buyer_4_30c52a34-bda2-11ef-890a-02a6845b4b32', 'password': 'buyer_seller_4_30c52a34-bda2-11ef-890a-02a6845b4b32', 'terminal': 'my terminal'}
2024-12-19 08:43:59 - be.model.user - INFO - 尝试登录用户：buyer_4_30c52a34-bda2-11ef-890a-02a6845b4b32，终端：my terminal
2024-12-19 08:43:59 - be.model.user - INFO - 为用户 buyer_4_30c52a34-bda2-11ef-890a-02a6845b4b32 生成新token，终端：my terminal
2024-12-19 08:43:59 - be.model.user - INFO - 用户登录成功：buyer_4_30c52a34-bda2-11ef-890a-02a6845b4b32
2024-12-19 08:43:59 - be.view.auth - INFO - 登录处理结果: 200
2024-12-19 08:43:59 - werkzeug - INFO - 127.0.0.1 - - [19/Dec/2024 08:43:59] "POST /auth/login HTTP/1.1" 200 -
2024-12-19 08:43:59 - be.view.auth - INFO - 收到登录请求: {'user_id': 'buyer_2_30c52a34-bda2-11ef-890a-02a6845b4b32', 'password': 'buyer_seller_2_30c52a34-bda2-11ef-890a-02a6845b4b32', 'terminal': 'my terminal'}
2024-12-19 08:43:59 - be.model.user - INFO - 尝试登录用户：buyer_2_30c52a34-bda2-11ef-890a-02a6845b4b32，终端：my terminal
2024-12-19 08:43:59 - be.model.user - INFO - 为用户 buyer_2_30c52a34-bda2-11ef-890a-02a6845b4b32 生成新token，终端：my terminal
2024-12-19 08:43:59 - be.model.user - INFO - 用户登录成功：buyer_2_30c52a34-bda2-11ef-890a-02a6845b4b32
2024-12-19 08:43:59 - be.view.auth - INFO - 登录处理结果: 200
2024-12-19 08:43:59 - werkzeug - INFO - 127.0.0.1 - - [19/Dec/2024 08:43:59] "POST /auth/login HTTP/1.1" 200 -
2024-12-19 08:43:59 - be.view.auth - INFO - 收到登录请求: {'user_id': 'buyer_3_30c52a34-bda2-11ef-890a-02a6845b4b32', 'password': 'buyer_seller_3_30c52a34-bda2-11ef-890a-02a6845b4b32', 'terminal': 'my terminal'}
2024-12-19 08:43:59 - be.model.user - INFO - 尝试登录用户：buyer_3_30c52a34-bda2-11ef-890a-02a6845b4b32，终端：my terminal
2024-12-19 08:43:59 - be.model.user - INFO - 为用户 buyer_3_30c52a34-bda2-11ef-890a-02a6845b4b32 生成新token，终端：my terminal
2024-12-19 08:43:59 - be.model.user - INFO - 用户登录成功：buyer_3_30c52a34-bda2-11ef-890a-02a6845b4b32
2024-12-19 08:44:00 - be.view.auth - INFO - 登录处理结果: 200
2024-12-19 08:44:00 - werkzeug - INFO - 127.0.0.1 - - [19/Dec/2024 08:44:00] "POST /auth/login HTTP/1.1" 200 -
2024-12-19 08:44:00 - be.view.auth - INFO - 收到登录请求: {'user_id': 'buyer_10_30c52a34-bda2-11ef-890a-02a6845b4b32', 'password': 'buyer_seller_10_30c52a34-bda2-11ef-890a-02a6845b4b32', 'terminal': 'my terminal'}
2024-12-19 08:44:00 - be.model.user - INFO - 尝试登录用户：buyer_10_30c52a34-bda2-11ef-890a-02a6845b4b32，终端：my terminal
2024-12-19 08:44:00 - be.model.user - INFO - 为用户 buyer_10_30c52a34-bda2-11ef-890a-02a6845b4b32 生成新token，终端：my terminal
2024-12-19 08:44:00 - be.model.user - INFO - 用户登录成功：buyer_10_30c52a34-bda2-11ef-890a-02a6845b4b32
2024-12-19 08:44:00 - be.view.auth - INFO - 登录处理结果: 200
2024-12-19 08:44:00 - werkzeug - INFO - 127.0.0.1 - - [19/Dec/2024 08:44:00] "POST /auth/login HTTP/1.1" 200 -
2024-12-19 08:44:00 - be.view.auth - INFO - 收到登录请求: {'user_id': 'buyer_7_30c52a34-bda2-11ef-890a-02a6845b4b32', 'password': 'buyer_seller_7_30c52a34-bda2-11ef-890a-02a6845b4b32', 'terminal': 'my terminal'}
2024-12-19 08:44:00 - be.model.user - INFO - 尝试登录用户：buyer_7_30c52a34-bda2-11ef-890a-02a6845b4b32，终端：my terminal
2024-12-19 08:44:00 - be.model.user - INFO - 为用户 buyer_7_30c52a34-bda2-11ef-890a-02a6845b4b32 生成新token，终端：my terminal
2024-12-19 08:44:00 - be.model.user - INFO - 用户登录成功：buyer_7_30c52a34-bda2-11ef-890a-02a6845b4b32
2024-12-19 08:44:00 - be.view.auth - INFO - 登录处理结果: 200
2024-12-19 08:44:00 - werkzeug - INFO - 127.0.0.1 - - [19/Dec/2024 08:44:00] "POST /auth/login HTTP/1.1" 200 -
2024-12-19 08:44:00 - be.view.auth - INFO - 收到登录请求: {'user_id': 'buyer_7_30c52a34-bda2-11ef-890a-02a6845b4b32', 'password': 'buyer_seller_7_30c52a34-bda2-11ef-890a-02a6845b4b32', 'terminal': 'my terminal'}
2024-12-19 08:44:00 - be.model.user - INFO - 尝试登录用户：buyer_7_30c52a34-bda2-11ef-890a-02a6845b4b32，终端：my terminal
2024-12-19 08:44:00 - be.model.user - INFO - 为用户 buyer_7_30c52a34-bda2-11ef-890a-02a6845b4b32 生成新token，终端：my terminal
2024-12-19 08:44:00 - be.model.user - INFO - 用户登录成功：buyer_7_30c52a34-bda2-11ef-890a-02a6845b4b32
2024-12-19 08:44:00 - be.view.auth - INFO - 登录处理结果: 200
2024-12-19 08:44:00 - werkzeug - INFO - 127.0.0.1 - - [19/Dec/2024 08:44:00] "POST /auth/login HTTP/1.1" 200 -
2024-12-19 08:44:00 - be.view.auth - INFO - 收到登录请求: {'user_id': 'buyer_1_30c52a34-bda2-11ef-890a-02a6845b4b32', 'password': 'buyer_seller_1_30c52a34-bda2-11ef-890a-02a6845b4b32', 'terminal': 'my terminal'}
2024-12-19 08:44:00 - be.model.user - INFO - 尝试登录用户：buyer_1_30c52a34-bda2-11ef-890a-02a6845b4b32，终端：my terminal
2024-12-19 08:44:00 - be.model.user - INFO - 为用户 buyer_1_30c52a34-bda2-11ef-890a-02a6845b4b32 生成新token，终端：my terminal
2024-12-19 08:44:00 - be.model.user - INFO - 用户登录成功：buyer_1_30c52a34-bda2-11ef-890a-02a6845b4b32
2024-12-19 08:44:01 - be.view.auth - INFO - 登录处理结果: 200
2024-12-19 08:44:01 - werkzeug - INFO - 127.0.0.1 - - [19/Dec/2024 08:44:01] "POST /auth/login HTTP/1.1" 200 -
2024-12-19 08:44:01 - be.view.auth - INFO - 收到登录请求: {'user_id': 'buyer_7_30c52a34-bda2-11ef-890a-02a6845b4b32', 'password': 'buyer_seller_7_30c52a34-bda2-11ef-890a-02a6845b4b32', 'terminal': 'my terminal'}
2024-12-19 08:44:01 - be.model.user - INFO - 尝试登录用户：buyer_7_30c52a34-bda2-11ef-890a-02a6845b4b32，终端：my terminal
2024-12-19 08:44:01 - be.model.user - INFO - 为用户 buyer_7_30c52a34-bda2-11ef-890a-02a6845b4b32 生成新token，终端：my terminal
2024-12-19 08:44:01 - be.model.user - INFO - 用户登录成功：buyer_7_30c52a34-bda2-11ef-890a-02a6845b4b32
2024-12-19 08:44:01 - be.view.auth - INFO - 登录处理结果: 200
2024-12-19 08:44:01 - werkzeug - INFO - 127.0.0.1 - - [19/Dec/2024 08:44:01] "POST /auth/login HTTP/1.1" 200 -
2024-12-19 08:44:01 - be.view.auth - INFO - 收到登录请求: {'user_id': 'buyer_5_30c52a34-bda2-11ef-890a-02a6845b4b32', 'password': 'buyer_seller_5_30c52a34-bda2-11ef-890a-02a6845b4b32', 'terminal': 'my terminal'}
2024-12-19 08:44:01 - be.model.user - INFO - 尝试登录用户：buyer_5_30c52a34-bda2-11ef-890a-02a6845b4b32，终端：my terminal
2024-12-19 08:44:01 - be.model.user - INFO - 为用户 buyer_5_30c52a34-bda2-11ef-890a-02a6845b4b32 生成新token，终端：my terminal
2024-12-19 08:44:01 - be.model.user - INFO - 用户登录成功：buyer_5_30c52a34-bda2-11ef-890a-02a6845b4b32
2024-12-19 08:44:01 - be.view.auth - INFO - 登录处理结果: 200
2024-12-19 08:44:01 - werkzeug - INFO - 127.0.0.1 - - [19/Dec/2024 08:44:01] "POST /auth/login HTTP/1.1" 200 -
2024-12-19 08:44:01 - be.view.auth - INFO - 收到登录请求: {'user_id': 'buyer_7_30c52a34-bda2-11ef-890a-02a6845b4b32', 'password': 'buyer_seller_7_30c52a34-bda2-11ef-890a-02a6845b4b32', 'terminal': 'my terminal'}
2024-12-19 08:44:01 - be.model.user - INFO - 尝试登录用户：buyer_7_30c52a34-bda2-11ef-890a-02a6845b4b32，终端：my terminal
2024-12-19 08:44:01 - be.model.user - INFO - 为用户 buyer_7_30c52a34-bda2-11ef-890a-02a6845b4b32 生成新token，终端：my terminal
2024-12-19 08:44:01 - be.model.user - INFO - 用户登录成功：buyer_7_30c52a34-bda2-11ef-890a-02a6845b4b32
2024-12-19 08:44:01 - be.view.auth - INFO - 登录处理结果: 200
2024-12-19 08:44:01 - werkzeug - INFO - 127.0.0.1 - - [19/Dec/2024 08:44:01] "POST /auth/login HTTP/1.1" 200 -
2024-12-19 08:44:01 - be.view.auth - INFO - 收到登录请求: {'user_id': 'buyer_5_30c52a34-bda2-11ef-890a-02a6845b4b32', 'password': 'buyer_seller_5_30c52a34-bda2-11ef-890a-02a6845b4b32', 'terminal': 'my terminal'}
2024-12-19 08:44:01 - be.model.user - INFO - 尝试登录用户：buyer_5_30c52a34-bda2-11ef-890a-02a6845b4b32，终端：my terminal
2024-12-19 08:44:01 - be.model.user - INFO - 为用户 buyer_5_30c52a34-bda2-11ef-890a-02a6845b4b32 生成新token，终端：my terminal
2024-12-19 08:44:01 - be.model.user - INFO - 用户登录成功：buyer_5_30c52a34-bda2-11ef-890a-02a6845b4b32
2024-12-19 08:44:01 - be.view.auth - INFO - 登录处理结果: 200
2024-12-19 08:44:01 - werkzeug - INFO - 127.0.0.1 - - [19/Dec/2024 08:44:01] "POST /auth/login HTTP/1.1" 200 -
2024-12-19 08:44:01 - be.view.auth - INFO - 收到登录请求: {'user_id': 'buyer_9_30c52a34-bda2-11ef-890a-02a6845b4b32', 'password': 'buyer_seller_9_30c52a34-bda2-11ef-890a-02a6845b4b32', 'terminal': 'my terminal'}
2024-12-19 08:44:01 - be.model.user - INFO - 尝试登录用户：buyer_9_30c52a34-bda2-11ef-890a-02a6845b4b32，终端：my terminal
2024-12-19 08:44:02 - be.model.user - INFO - 为用户 buyer_9_30c52a34-bda2-11ef-890a-02a6845b4b32 生成新token，终端：my terminal
2024-12-19 08:44:02 - be.model.user - INFO - 用户登录成功：buyer_9_30c52a34-bda2-11ef-890a-02a6845b4b32
2024-12-19 08:44:02 - be.view.auth - INFO - 登录处理结果: 200
2024-12-19 08:44:02 - werkzeug - INFO - 127.0.0.1 - - [19/Dec/2024 08:44:02] "POST /auth/login HTTP/1.1" 200 -
2024-12-19 08:44:02 - be.view.auth - INFO - 收到登录请求: {'user_id': 'buyer_3_30c52a34-bda2-11ef-890a-02a6845b4b32', 'password': 'buyer_seller_3_30c52a34-bda2-11ef-890a-02a6845b4b32', 'terminal': 'my terminal'}
2024-12-19 08:44:02 - be.model.user - INFO - 尝试登录用户：buyer_3_30c52a34-bda2-11ef-890a-02a6845b4b32，终端：my terminal
2024-12-19 08:44:02 - be.model.user - INFO - 为用户 buyer_3_30c52a34-bda2-11ef-890a-02a6845b4b32 生成新token，终端：my terminal
2024-12-19 08:44:02 - be.model.user - INFO - 用户登录成功：buyer_3_30c52a34-bda2-11ef-890a-02a6845b4b32
2024-12-19 08:44:02 - be.view.auth - INFO - 登录处理结果: 200
2024-12-19 08:44:02 - werkzeug - INFO - 127.0.0.1 - - [19/Dec/2024 08:44:02] "POST /auth/login HTTP/1.1" 200 -
2024-12-19 08:44:02 - be.view.auth - INFO - 收到登录请求: {'user_id': 'buyer_3_30c52a34-bda2-11ef-890a-02a6845b4b32', 'password': 'buyer_seller_3_30c52a34-bda2-11ef-890a-02a6845b4b32', 'terminal': 'my terminal'}
2024-12-19 08:44:02 - be.model.user - INFO - 尝试登录用户：buyer_3_30c52a34-bda2-11ef-890a-02a6845b4b32，终端：my terminal
2024-12-19 08:44:02 - be.model.user - INFO - 为用户 buyer_3_30c52a34-bda2-11ef-890a-02a6845b4b32 生成新token，终端：my terminal
2024-12-19 08:44:02 - be.model.user - INFO - 用户登录成功：buyer_3_30c52a34-bda2-11ef-890a-02a6845b4b32
2024-12-19 08:44:02 - be.view.auth - INFO - 登录处理结果: 200
2024-12-19 08:44:02 - werkzeug - INFO - 127.0.0.1 - - [19/Dec/2024 08:44:02] "POST /auth/login HTTP/1.1" 200 -
2024-12-19 08:44:02 - be.view.auth - INFO - 收到登录请求: {'user_id': 'buyer_4_30c52a34-bda2-11ef-890a-02a6845b4b32', 'password': 'buyer_seller_4_30c52a34-bda2-11ef-890a-02a6845b4b32', 'terminal': 'my terminal'}
2024-12-19 08:44:02 - be.model.user - INFO - 尝试登录用户：buyer_4_30c52a34-bda2-11ef-890a-02a6845b4b32，终端：my terminal
2024-12-19 08:44:02 - be.model.user - INFO - 为用户 buyer_4_30c52a34-bda2-11ef-890a-02a6845b4b32 生成新token，终端：my terminal
2024-12-19 08:44:02 - be.model.user - INFO - 用户登录成功：buyer_4_30c52a34-bda2-11ef-890a-02a6845b4b32
2024-12-19 08:44:02 - be.view.auth - INFO - 登录处理结果: 200
2024-12-19 08:44:02 - werkzeug - INFO - 127.0.0.1 - - [19/Dec/2024 08:44:02] "POST /auth/login HTTP/1.1" 200 -
2024-12-19 08:44:02 - be.view.auth - INFO - 收到登录请求: {'user_id': 'buyer_9_30c52a34-bda2-11ef-890a-02a6845b4b32', 'password': 'buyer_seller_9_30c52a34-bda2-11ef-890a-02a6845b4b32', 'terminal': 'my terminal'}
2024-12-19 08:44:02 - be.model.user - INFO - 尝试登录用户：buyer_9_30c52a34-bda2-11ef-890a-02a6845b4b32，终端：my terminal
2024-12-19 08:44:03 - be.model.user - INFO - 为用户 buyer_9_30c52a34-bda2-11ef-890a-02a6845b4b32 生成新token，终端：my terminal
2024-12-19 08:44:03 - be.model.user - INFO - 用户登录成功：buyer_9_30c52a34-bda2-11ef-890a-02a6845b4b32
2024-12-19 08:44:03 - be.view.auth - INFO - 登录处理结果: 200
2024-12-19 08:44:03 - werkzeug - INFO - 127.0.0.1 - - [19/Dec/2024 08:44:03] "POST /auth/login HTTP/1.1" 200 -
2024-12-19 08:44:03 - be.view.auth - INFO - 收到登录请求: {'user_id': 'buyer_8_30c52a34-bda2-11ef-890a-02a6845b4b32', 'password': 'buyer_seller_8_30c52a34-bda2-11ef-890a-02a6845b4b32', 'terminal': 'my terminal'}
2024-12-19 08:44:03 - be.model.user - INFO - 尝试登录用户：buyer_8_30c52a34-bda2-11ef-890a-02a6845b4b32，终端：my terminal
2024-12-19 08:44:03 - be.model.user - INFO - 为用户 buyer_8_30c52a34-bda2-11ef-890a-02a6845b4b32 生成新token，终端：my terminal
2024-12-19 08:44:03 - be.model.user - INFO - 用户登录成功：buyer_8_30c52a34-bda2-11ef-890a-02a6845b4b32
2024-12-19 08:44:03 - be.view.auth - INFO - 登录处理结果: 200
2024-12-19 08:44:03 - werkzeug - INFO - 127.0.0.1 - - [19/Dec/2024 08:44:03] "POST /auth/login HTTP/1.1" 200 -
2024-12-19 08:44:03 - be.view.auth - INFO - 收到登录请求: {'user_id': 'buyer_6_30c52a34-bda2-11ef-890a-02a6845b4b32', 'password': 'buyer_seller_6_30c52a34-bda2-11ef-890a-02a6845b4b32', 'terminal': 'my terminal'}
2024-12-19 08:44:03 - be.model.user - INFO - 尝试登录用户：buyer_6_30c52a34-bda2-11ef-890a-02a6845b4b32，终端：my terminal
2024-12-19 08:44:03 - be.model.user - INFO - 为用户 buyer_6_30c52a34-bda2-11ef-890a-02a6845b4b32 生成新token，终端：my terminal
2024-12-19 08:44:03 - be.model.user - INFO - 用户登录成功：buyer_6_30c52a34-bda2-11ef-890a-02a6845b4b32
2024-12-19 08:44:03 - be.view.auth - INFO - 登录处理结果: 200
2024-12-19 08:44:03 - werkzeug - INFO - 127.0.0.1 - - [19/Dec/2024 08:44:03] "POST /auth/login HTTP/1.1" 200 -
2024-12-19 08:44:03 - be.view.auth - INFO - 收到登录请求: {'user_id': 'buyer_3_30c52a34-bda2-11ef-890a-02a6845b4b32', 'password': 'buyer_seller_3_30c52a34-bda2-11ef-890a-02a6845b4b32', 'terminal': 'my terminal'}
2024-12-19 08:44:03 - be.model.user - INFO - 尝试登录用户：buyer_3_30c52a34-bda2-11ef-890a-02a6845b4b32，终端：my terminal
2024-12-19 08:44:03 - be.model.user - INFO - 为用户 buyer_3_30c52a34-bda2-11ef-890a-02a6845b4b32 生成新token，终端：my terminal
2024-12-19 08:44:03 - be.model.user - INFO - 用户登录成功：buyer_3_30c52a34-bda2-11ef-890a-02a6845b4b32
2024-12-19 08:44:03 - be.view.auth - INFO - 登录处理结果: 200
2024-12-19 08:44:03 - werkzeug - INFO - 127.0.0.1 - - [19/Dec/2024 08:44:03] "POST /auth/login HTTP/1.1" 200 -
2024-12-19 08:44:03 - be.view.auth - INFO - 收到登录请求: {'user_id': 'buyer_7_30c52a34-bda2-11ef-890a-02a6845b4b32', 'password': 'buyer_seller_7_30c52a34-bda2-11ef-890a-02a6845b4b32', 'terminal': 'my terminal'}
2024-12-19 08:44:03 - be.model.user - INFO - 尝试登录用户：buyer_7_30c52a34-bda2-11ef-890a-02a6845b4b32，终端：my terminal
2024-12-19 08:44:03 - be.model.user - INFO - 为用户 buyer_7_30c52a34-bda2-11ef-890a-02a6845b4b32 生成新token，终端：my terminal
2024-12-19 08:44:03 - be.model.user - INFO - 用户登录成功：buyer_7_30c52a34-bda2-11ef-890a-02a6845b4b32
2024-12-19 08:44:04 - be.view.auth - INFO - 登录处理结果: 200
2024-12-19 08:44:04 - werkzeug - INFO - 127.0.0.1 - - [19/Dec/2024 08:44:04] "POST /auth/login HTTP/1.1" 200 -
2024-12-19 08:44:04 - be.view.auth - INFO - 收到登录请求: {'user_id': 'buyer_9_30c52a34-bda2-11ef-890a-02a6845b4b32', 'password': 'buyer_seller_9_30c52a34-bda2-11ef-890a-02a6845b4b32', 'terminal': 'my terminal'}
2024-12-19 08:44:04 - be.model.user - INFO - 尝试登录用户：buyer_9_30c52a34-bda2-11ef-890a-02a6845b4b32，终端：my terminal
2024-12-19 08:44:04 - be.model.user - INFO - 为用户 buyer_9_30c52a34-bda2-11ef-890a-02a6845b4b32 生成新token，终端：my terminal
2024-12-19 08:44:04 - be.model.user - INFO - 用户登录成功：buyer_9_30c52a34-bda2-11ef-890a-02a6845b4b32
2024-12-19 08:44:04 - be.view.auth - INFO - 登录处理结果: 200
2024-12-19 08:44:04 - werkzeug - INFO - 127.0.0.1 - - [19/Dec/2024 08:44:04] "POST /auth/login HTTP/1.1" 200 -
2024-12-19 08:44:04 - be.view.auth - INFO - 收到登录请求: {'user_id': 'buyer_3_30c52a34-bda2-11ef-890a-02a6845b4b32', 'password': 'buyer_seller_3_30c52a34-bda2-11ef-890a-02a6845b4b32', 'terminal': 'my terminal'}
2024-12-19 08:44:04 - be.model.user - INFO - 尝试登录用户：buyer_3_30c52a34-bda2-11ef-890a-02a6845b4b32，终端：my terminal
2024-12-19 08:44:04 - be.model.user - INFO - 为用户 buyer_3_30c52a34-bda2-11ef-890a-02a6845b4b32 生成新token，终端：my terminal
2024-12-19 08:44:04 - be.model.user - INFO - 用户登录成功：buyer_3_30c52a34-bda2-11ef-890a-02a6845b4b32
2024-12-19 08:44:04 - be.view.auth - INFO - 登录处理结果: 200
2024-12-19 08:44:04 - werkzeug - INFO - 127.0.0.1 - - [19/Dec/2024 08:44:04] "POST /auth/login HTTP/1.1" 200 -
2024-12-19 08:44:04 - be.view.auth - INFO - 收到登录请求: {'user_id': 'buyer_9_30c52a34-bda2-11ef-890a-02a6845b4b32', 'password': 'buyer_seller_9_30c52a34-bda2-11ef-890a-02a6845b4b32', 'terminal': 'my terminal'}
2024-12-19 08:44:04 - be.model.user - INFO - 尝试登录用户：buyer_9_30c52a34-bda2-11ef-890a-02a6845b4b32，终端：my terminal
2024-12-19 08:44:04 - be.model.user - INFO - 为用户 buyer_9_30c52a34-bda2-11ef-890a-02a6845b4b32 生成新token，终端：my terminal
2024-12-19 08:44:04 - be.model.user - INFO - 用户登录成功：buyer_9_30c52a34-bda2-11ef-890a-02a6845b4b32
2024-12-19 08:44:04 - be.view.auth - INFO - 登录处理结果: 200
2024-12-19 08:44:04 - werkzeug - INFO - 127.0.0.1 - - [19/Dec/2024 08:44:04] "POST /auth/login HTTP/1.1" 200 -
2024-12-19 08:44:04 - be.view.auth - INFO - 收到登录请求: {'user_id': 'buyer_8_30c52a34-bda2-11ef-890a-02a6845b4b32', 'password': 'buyer_seller_8_30c52a34-bda2-11ef-890a-02a6845b4b32', 'terminal': 'my terminal'}
2024-12-19 08:44:04 - be.model.user - INFO - 尝试登录用户：buyer_8_30c52a34-bda2-11ef-890a-02a6845b4b32，终端：my terminal
2024-12-19 08:44:04 - be.model.user - INFO - 为用户 buyer_8_30c52a34-bda2-11ef-890a-02a6845b4b32 生成新token，终端：my terminal
2024-12-19 08:44:04 - be.model.user - INFO - 用户登录成功：buyer_8_30c52a34-bda2-11ef-890a-02a6845b4b32
2024-12-19 08:44:04 - be.view.auth - INFO - 登录处理结果: 200
2024-12-19 08:44:04 - werkzeug - INFO - 127.0.0.1 - - [19/Dec/2024 08:44:04] "POST /auth/login HTTP/1.1" 200 -
2024-12-19 08:44:04 - be.view.auth - INFO - 收到登录请求: {'user_id': 'buyer_9_30c52a34-bda2-11ef-890a-02a6845b4b32', 'password': 'buyer_seller_9_30c52a34-bda2-11ef-890a-02a6845b4b32', 'terminal': 'my terminal'}
2024-12-19 08:44:04 - be.model.user - INFO - 尝试登录用户：buyer_9_30c52a34-bda2-11ef-890a-02a6845b4b32，终端：my terminal
2024-12-19 08:44:05 - be.model.user - INFO - 为用户 buyer_9_30c52a34-bda2-11ef-890a-02a6845b4b32 生成新token，终端：my terminal
2024-12-19 08:44:05 - be.model.user - INFO - 用户登录成功：buyer_9_30c52a34-bda2-11ef-890a-02a6845b4b32
2024-12-19 08:44:05 - be.view.auth - INFO - 登录处理结果: 200
2024-12-19 08:44:05 - werkzeug - INFO - 127.0.0.1 - - [19/Dec/2024 08:44:05] "POST /auth/login HTTP/1.1" 200 -
2024-12-19 08:44:05 - be.view.auth - INFO - 收到登录请求: {'user_id': 'buyer_1_30c52a34-bda2-11ef-890a-02a6845b4b32', 'password': 'buyer_seller_1_30c52a34-bda2-11ef-890a-02a6845b4b32', 'terminal': 'my terminal'}
2024-12-19 08:44:05 - be.model.user - INFO - 尝试登录用户：buyer_1_30c52a34-bda2-11ef-890a-02a6845b4b32，终端：my terminal
2024-12-19 08:44:05 - be.model.user - INFO - 为用户 buyer_1_30c52a34-bda2-11ef-890a-02a6845b4b32 生成新token，终端：my terminal
2024-12-19 08:44:05 - be.model.user - INFO - 用户登录成功：buyer_1_30c52a34-bda2-11ef-890a-02a6845b4b32
2024-12-19 08:44:05 - be.view.auth - INFO - 登录处理结果: 200
2024-12-19 08:44:05 - werkzeug - INFO - 127.0.0.1 - - [19/Dec/2024 08:44:05] "POST /auth/login HTTP/1.1" 200 -
2024-12-19 08:44:05 - be.view.auth - INFO - 收到登录请求: {'user_id': 'buyer_1_30c52a34-bda2-11ef-890a-02a6845b4b32', 'password': 'buyer_seller_1_30c52a34-bda2-11ef-890a-02a6845b4b32', 'terminal': 'my terminal'}
2024-12-19 08:44:05 - be.model.user - INFO - 尝试登录用户：buyer_1_30c52a34-bda2-11ef-890a-02a6845b4b32，终端：my terminal
2024-12-19 08:44:05 - be.model.user - INFO - 为用户 buyer_1_30c52a34-bda2-11ef-890a-02a6845b4b32 生成新token，终端：my terminal
2024-12-19 08:44:05 - be.model.user - INFO - 用户登录成功：buyer_1_30c52a34-bda2-11ef-890a-02a6845b4b32
2024-12-19 08:44:05 - be.view.auth - INFO - 登录处理结果: 200
2024-12-19 08:44:05 - werkzeug - INFO - 127.0.0.1 - - [19/Dec/2024 08:44:05] "POST /auth/login HTTP/1.1" 200 -
2024-12-19 08:44:05 - be.view.auth - INFO - 收到登录请求: {'user_id': 'buyer_6_30c52a34-bda2-11ef-890a-02a6845b4b32', 'password': 'buyer_seller_6_30c52a34-bda2-11ef-890a-02a6845b4b32', 'terminal': 'my terminal'}
2024-12-19 08:44:05 - be.model.user - INFO - 尝试登录用户：buyer_6_30c52a34-bda2-11ef-890a-02a6845b4b32，终端：my terminal
2024-12-19 08:44:05 - be.model.user - INFO - 为用户 buyer_6_30c52a34-bda2-11ef-890a-02a6845b4b32 生成新token，终端：my terminal
2024-12-19 08:44:05 - be.model.user - INFO - 用户登录成功：buyer_6_30c52a34-bda2-11ef-890a-02a6845b4b32
2024-12-19 08:44:05 - be.view.auth - INFO - 登录处理结果: 200
2024-12-19 08:44:05 - werkzeug - INFO - 127.0.0.1 - - [19/Dec/2024 08:44:05] "POST /auth/login HTTP/1.1" 200 -
2024-12-19 08:44:05 - be.view.auth - INFO - 收到登录请求: {'user_id': 'buyer_1_30c52a34-bda2-11ef-890a-02a6845b4b32', 'password': 'buyer_seller_1_30c52a34-bda2-11ef-890a-02a6845b4b32', 'terminal': 'my terminal'}
2024-12-19 08:44:05 - be.model.user - INFO - 尝试登录用户：buyer_1_30c52a34-bda2-11ef-890a-02a6845b4b32，终端：my terminal
2024-12-19 08:44:06 - be.model.user - INFO - 为用户 buyer_1_30c52a34-bda2-11ef-890a-02a6845b4b32 生成新token，终端：my terminal
2024-12-19 08:44:06 - be.model.user - INFO - 用户登录成功：buyer_1_30c52a34-bda2-11ef-890a-02a6845b4b32
2024-12-19 08:44:06 - be.view.auth - INFO - 登录处理结果: 200
2024-12-19 08:44:06 - werkzeug - INFO - 127.0.0.1 - - [19/Dec/2024 08:44:06] "POST /auth/login HTTP/1.1" 200 -
2024-12-19 08:44:06 - be.view.auth - INFO - 收到登录请求: {'user_id': 'buyer_2_30c52a34-bda2-11ef-890a-02a6845b4b32', 'password': 'buyer_seller_2_30c52a34-bda2-11ef-890a-02a6845b4b32', 'terminal': 'my terminal'}
2024-12-19 08:44:06 - be.model.user - INFO - 尝试登录用户：buyer_2_30c52a34-bda2-11ef-890a-02a6845b4b32，终端：my terminal
2024-12-19 08:44:06 - be.model.user - INFO - 为用户 buyer_2_30c52a34-bda2-11ef-890a-02a6845b4b32 生成新token，终端：my terminal
2024-12-19 08:44:06 - be.model.user - INFO - 用户登录成功：buyer_2_30c52a34-bda2-11ef-890a-02a6845b4b32
2024-12-19 08:44:06 - be.view.auth - INFO - 登录处理结果: 200
2024-12-19 08:44:06 - werkzeug - INFO - 127.0.0.1 - - [19/Dec/2024 08:44:06] "POST /auth/login HTTP/1.1" 200 -
2024-12-19 08:44:06 - be.view.auth - INFO - 收到登录请求: {'user_id': 'buyer_5_30c52a34-bda2-11ef-890a-02a6845b4b32', 'password': 'buyer_seller_5_30c52a34-bda2-11ef-890a-02a6845b4b32', 'terminal': 'my terminal'}
2024-12-19 08:44:06 - be.model.user - INFO - 尝试登录用户：buyer_5_30c52a34-bda2-11ef-890a-02a6845b4b32，终端：my terminal
2024-12-19 08:44:06 - be.model.user - INFO - 为用户 buyer_5_30c52a34-bda2-11ef-890a-02a6845b4b32 生成新token，终端：my terminal
2024-12-19 08:44:06 - be.model.user - INFO - 用户登录成功：buyer_5_30c52a34-bda2-11ef-890a-02a6845b4b32
2024-12-19 08:44:06 - be.view.auth - INFO - 登录处理结果: 200
2024-12-19 08:44:06 - werkzeug - INFO - 127.0.0.1 - - [19/Dec/2024 08:44:06] "POST /auth/login HTTP/1.1" 200 -
2024-12-19 08:44:06 - be.view.auth - INFO - 收到登录请求: {'user_id': 'buyer_10_30c52a34-bda2-11ef-890a-02a6845b4b32', 'password': 'buyer_seller_10_30c52a34-bda2-11ef-890a-02a6845b4b32', 'terminal': 'my terminal'}
2024-12-19 08:44:06 - be.model.user - INFO - 尝试登录用户：buyer_10_30c52a34-bda2-11ef-890a-02a6845b4b32，终端：my terminal
2024-12-19 08:44:06 - be.model.user - INFO - 为用户 buyer_10_30c52a34-bda2-11ef-890a-02a6845b4b32 生成新token，终端：my terminal
2024-12-19 08:44:06 - be.model.user - INFO - 用户登录成功：buyer_10_30c52a34-bda2-11ef-890a-02a6845b4b32
2024-12-19 08:44:06 - be.view.auth - INFO - 登录处理结果: 200
2024-12-19 08:44:06 - werkzeug - INFO - 127.0.0.1 - - [19/Dec/2024 08:44:06] "POST /auth/login HTTP/1.1" 200 -
2024-12-19 08:44:06 - be.view.auth - INFO - 收到登录请求: {'user_id': 'buyer_1_30c52a34-bda2-11ef-890a-02a6845b4b32', 'password': 'buyer_seller_1_30c52a34-bda2-11ef-890a-02a6845b4b32', 'terminal': 'my terminal'}
2024-12-19 08:44:06 - be.model.user - INFO - 尝试登录用户：buyer_1_30c52a34-bda2-11ef-890a-02a6845b4b32，终端：my terminal
2024-12-19 08:44:06 - be.model.user - INFO - 为用户 buyer_1_30c52a34-bda2-11ef-890a-02a6845b4b32 生成新token，终端：my terminal
2024-12-19 08:44:06 - be.model.user - INFO - 用户登录成功：buyer_1_30c52a34-bda2-11ef-890a-02a6845b4b32
2024-12-19 08:44:07 - be.view.auth - INFO - 登录处理结果: 200
2024-12-19 08:44:07 - werkzeug - INFO - 127.0.0.1 - - [19/Dec/2024 08:44:07] "POST /auth/login HTTP/1.1" 200 -
2024-12-19 08:44:07 - be.view.auth - INFO - 收到登录请求: {'user_id': 'buyer_10_30c52a34-bda2-11ef-890a-02a6845b4b32', 'password': 'buyer_seller_10_30c52a34-bda2-11ef-890a-02a6845b4b32', 'terminal': 'my terminal'}
2024-12-19 08:44:07 - be.model.user - INFO - 尝试登录用户：buyer_10_30c52a34-bda2-11ef-890a-02a6845b4b32，终端：my terminal
2024-12-19 08:44:07 - be.model.user - INFO - 为用户 buyer_10_30c52a34-bda2-11ef-890a-02a6845b4b32 生成新token，终端：my terminal
2024-12-19 08:44:07 - be.model.user - INFO - 用户登录成功：buyer_10_30c52a34-bda2-11ef-890a-02a6845b4b32
2024-12-19 08:44:07 - be.view.auth - INFO - 登录处理结果: 200
2024-12-19 08:44:07 - werkzeug - INFO - 127.0.0.1 - - [19/Dec/2024 08:44:07] "POST /auth/login HTTP/1.1" 200 -
2024-12-19 08:44:07 - be.view.auth - INFO - 收到登录请求: {'user_id': 'buyer_7_30c52a34-bda2-11ef-890a-02a6845b4b32', 'password': 'buyer_seller_7_30c52a34-bda2-11ef-890a-02a6845b4b32', 'terminal': 'my terminal'}
2024-12-19 08:44:07 - be.model.user - INFO - 尝试登录用户：buyer_7_30c52a34-bda2-11ef-890a-02a6845b4b32，终端：my terminal
2024-12-19 08:44:07 - be.model.user - INFO - 为用户 buyer_7_30c52a34-bda2-11ef-890a-02a6845b4b32 生成新token，终端：my terminal
2024-12-19 08:44:07 - be.model.user - INFO - 用户登录成功：buyer_7_30c52a34-bda2-11ef-890a-02a6845b4b32
2024-12-19 08:44:07 - be.view.auth - INFO - 登录处理结果: 200
2024-12-19 08:44:07 - werkzeug - INFO - 127.0.0.1 - - [19/Dec/2024 08:44:07] "POST /auth/login HTTP/1.1" 200 -
2024-12-19 08:44:07 - be.view.auth - INFO - 收到登录请求: {'user_id': 'buyer_8_30c52a34-bda2-11ef-890a-02a6845b4b32', 'password': 'buyer_seller_8_30c52a34-bda2-11ef-890a-02a6845b4b32', 'terminal': 'my terminal'}
2024-12-19 08:44:07 - be.model.user - INFO - 尝试登录用户：buyer_8_30c52a34-bda2-11ef-890a-02a6845b4b32，终端：my terminal
2024-12-19 08:44:07 - be.model.user - INFO - 为用户 buyer_8_30c52a34-bda2-11ef-890a-02a6845b4b32 生成新token，终端：my terminal
2024-12-19 08:44:07 - be.model.user - INFO - 用户登录成功：buyer_8_30c52a34-bda2-11ef-890a-02a6845b4b32
2024-12-19 08:44:07 - be.view.auth - INFO - 登录处理结果: 200
2024-12-19 08:44:07 - werkzeug - INFO - 127.0.0.1 - - [19/Dec/2024 08:44:07] "POST /auth/login HTTP/1.1" 200 -
2024-12-19 08:44:07 - be.view.auth - INFO - 收到登录请求: {'user_id': 'buyer_10_30c52a34-bda2-11ef-890a-02a6845b4b32', 'password': 'buyer_seller_10_30c52a34-bda2-11ef-890a-02a6845b4b32', 'terminal': 'my terminal'}
2024-12-19 08:44:07 - be.model.user - INFO - 尝试登录用户：buyer_10_30c52a34-bda2-11ef-890a-02a6845b4b32，终端：my terminal
2024-12-19 08:44:07 - be.model.user - INFO - 为用户 buyer_10_30c52a34-bda2-11ef-890a-02a6845b4b32 生成新token，终端：my terminal
2024-12-19 08:44:07 - be.model.user - INFO - 用户登录成功：buyer_10_30c52a34-bda2-11ef-890a-02a6845b4b32
2024-12-19 08:44:08 - be.view.auth - INFO - 登录处理结果: 200
2024-12-19 08:44:08 - werkzeug - INFO - 127.0.0.1 - - [19/Dec/2024 08:44:08] "POST /auth/login HTTP/1.1" 200 -
2024-12-19 08:44:08 - be.view.auth - INFO - 收到登录请求: {'user_id': 'buyer_9_30c52a34-bda2-11ef-890a-02a6845b4b32', 'password': 'buyer_seller_9_30c52a34-bda2-11ef-890a-02a6845b4b32', 'terminal': 'my terminal'}
2024-12-19 08:44:08 - be.model.user - INFO - 尝试登录用户：buyer_9_30c52a34-bda2-11ef-890a-02a6845b4b32，终端：my terminal
2024-12-19 08:44:08 - be.model.user - INFO - 为用户 buyer_9_30c52a34-bda2-11ef-890a-02a6845b4b32 生成新token，终端：my terminal
2024-12-19 08:44:08 - be.model.user - INFO - 用户登录成功：buyer_9_30c52a34-bda2-11ef-890a-02a6845b4b32
2024-12-19 08:44:08 - be.view.auth - INFO - 登录处理结果: 200
2024-12-19 08:44:08 - werkzeug - INFO - 127.0.0.1 - - [19/Dec/2024 08:44:08] "POST /auth/login HTTP/1.1" 200 -
2024-12-19 08:44:08 - be.view.auth - INFO - 收到登录请求: {'user_id': 'buyer_9_30c52a34-bda2-11ef-890a-02a6845b4b32', 'password': 'buyer_seller_9_30c52a34-bda2-11ef-890a-02a6845b4b32', 'terminal': 'my terminal'}
2024-12-19 08:44:08 - be.model.user - INFO - 尝试登录用户：buyer_9_30c52a34-bda2-11ef-890a-02a6845b4b32，终端：my terminal
2024-12-19 08:44:08 - be.model.user - INFO - 为用户 buyer_9_30c52a34-bda2-11ef-890a-02a6845b4b32 生成新token，终端：my terminal
2024-12-19 08:44:08 - be.model.user - INFO - 用户登录成功：buyer_9_30c52a34-bda2-11ef-890a-02a6845b4b32
2024-12-19 08:44:08 - be.view.auth - INFO - 登录处理结果: 200
2024-12-19 08:44:08 - werkzeug - INFO - 127.0.0.1 - - [19/Dec/2024 08:44:08] "POST /auth/login HTTP/1.1" 200 -
2024-12-19 08:44:08 - be.view.auth - INFO - 收到登录请求: {'user_id': 'buyer_9_30c52a34-bda2-11ef-890a-02a6845b4b32', 'password': 'buyer_seller_9_30c52a34-bda2-11ef-890a-02a6845b4b32', 'terminal': 'my terminal'}
2024-12-19 08:44:08 - be.model.user - INFO - 尝试登录用户：buyer_9_30c52a34-bda2-11ef-890a-02a6845b4b32，终端：my terminal
2024-12-19 08:44:08 - be.model.user - INFO - 为用户 buyer_9_30c52a34-bda2-11ef-890a-02a6845b4b32 生成新token，终端：my terminal
2024-12-19 08:44:08 - be.model.user - INFO - 用户登录成功：buyer_9_30c52a34-bda2-11ef-890a-02a6845b4b32
2024-12-19 08:44:08 - be.view.auth - INFO - 登录处理结果: 200
2024-12-19 08:44:08 - werkzeug - INFO - 127.0.0.1 - - [19/Dec/2024 08:44:08] "POST /auth/login HTTP/1.1" 200 -
2024-12-19 08:44:08 - be.view.auth - INFO - 收到登录请求: {'user_id': 'buyer_2_30c52a34-bda2-11ef-890a-02a6845b4b32', 'password': 'buyer_seller_2_30c52a34-bda2-11ef-890a-02a6845b4b32', 'terminal': 'my terminal'}
2024-12-19 08:44:08 - be.model.user - INFO - 尝试登录用户：buyer_2_30c52a34-bda2-11ef-890a-02a6845b4b32，终端：my terminal
2024-12-19 08:44:08 - be.model.user - INFO - 为用户 buyer_2_30c52a34-bda2-11ef-890a-02a6845b4b32 生成新token，终端：my terminal
2024-12-19 08:44:08 - be.model.user - INFO - 用户登录成功：buyer_2_30c52a34-bda2-11ef-890a-02a6845b4b32
2024-12-19 08:44:08 - be.view.auth - INFO - 登录处理结果: 200
2024-12-19 08:44:08 - werkzeug - INFO - 127.0.0.1 - - [19/Dec/2024 08:44:08] "POST /auth/login HTTP/1.1" 200 -
2024-12-19 08:44:08 - be.view.auth - INFO - 收到登录请求: {'user_id': 'buyer_6_30c52a34-bda2-11ef-890a-02a6845b4b32', 'password': 'buyer_seller_6_30c52a34-bda2-11ef-890a-02a6845b4b32', 'terminal': 'my terminal'}
2024-12-19 08:44:08 - be.model.user - INFO - 尝试登录用户：buyer_6_30c52a34-bda2-11ef-890a-02a6845b4b32，终端：my terminal
2024-12-19 08:44:09 - be.model.user - INFO - 为用户 buyer_6_30c52a34-bda2-11ef-890a-02a6845b4b32 生成新token，终端：my terminal
2024-12-19 08:44:09 - be.model.user - INFO - 用户登录成功：buyer_6_30c52a34-bda2-11ef-890a-02a6845b4b32
2024-12-19 08:44:09 - be.view.auth - INFO - 登录处理结果: 200
2024-12-19 08:44:09 - werkzeug - INFO - 127.0.0.1 - - [19/Dec/2024 08:44:09] "POST /auth/login HTTP/1.1" 200 -
2024-12-19 08:44:09 - be.view.auth - INFO - 收到登录请求: {'user_id': 'buyer_9_30c52a34-bda2-11ef-890a-02a6845b4b32', 'password': 'buyer_seller_9_30c52a34-bda2-11ef-890a-02a6845b4b32', 'terminal': 'my terminal'}
2024-12-19 08:44:09 - be.model.user - INFO - 尝试登录用户：buyer_9_30c52a34-bda2-11ef-890a-02a6845b4b32，终端：my terminal
2024-12-19 08:44:09 - be.model.user - INFO - 为用户 buyer_9_30c52a34-bda2-11ef-890a-02a6845b4b32 生成新token，终端：my terminal
2024-12-19 08:44:09 - be.model.user - INFO - 用户登录成功：buyer_9_30c52a34-bda2-11ef-890a-02a6845b4b32
2024-12-19 08:44:09 - be.view.auth - INFO - 登录处理结果: 200
2024-12-19 08:44:09 - werkzeug - INFO - 127.0.0.1 - - [19/Dec/2024 08:44:09] "POST /auth/login HTTP/1.1" 200 -
2024-12-19 08:44:09 - be.view.auth - INFO - 收到登录请求: {'user_id': 'buyer_3_30c52a34-bda2-11ef-890a-02a6845b4b32', 'password': 'buyer_seller_3_30c52a34-bda2-11ef-890a-02a6845b4b32', 'terminal': 'my terminal'}
2024-12-19 08:44:09 - be.model.user - INFO - 尝试登录用户：buyer_3_30c52a34-bda2-11ef-890a-02a6845b4b32，终端：my terminal
2024-12-19 08:44:09 - be.model.user - INFO - 为用户 buyer_3_30c52a34-bda2-11ef-890a-02a6845b4b32 生成新token，终端：my terminal
2024-12-19 08:44:09 - be.model.user - INFO - 用户登录成功：buyer_3_30c52a34-bda2-11ef-890a-02a6845b4b32
2024-12-19 08:44:09 - be.view.auth - INFO - 登录处理结果: 200
2024-12-19 08:44:09 - werkzeug - INFO - 127.0.0.1 - - [19/Dec/2024 08:44:09] "POST /auth/login HTTP/1.1" 200 -
2024-12-19 08:44:09 - be.view.auth - INFO - 收到登录请求: {'user_id': 'buyer_5_30c52a34-bda2-11ef-890a-02a6845b4b32', 'password': 'buyer_seller_5_30c52a34-bda2-11ef-890a-02a6845b4b32', 'terminal': 'my terminal'}
2024-12-19 08:44:09 - be.model.user - INFO - 尝试登录用户：buyer_5_30c52a34-bda2-11ef-890a-02a6845b4b32，终端：my terminal
2024-12-19 08:44:09 - be.model.user - INFO - 为用户 buyer_5_30c52a34-bda2-11ef-890a-02a6845b4b32 生成新token，终端：my terminal
2024-12-19 08:44:09 - be.model.user - INFO - 用户登录成功：buyer_5_30c52a34-bda2-11ef-890a-02a6845b4b32
2024-12-19 08:44:09 - be.view.auth - INFO - 登录处理结果: 200
2024-12-19 08:44:09 - werkzeug - INFO - 127.0.0.1 - - [19/Dec/2024 08:44:09] "POST /auth/login HTTP/1.1" 200 -
2024-12-19 08:44:09 - be.view.auth - INFO - 收到登录请求: {'user_id': 'buyer_8_30c52a34-bda2-11ef-890a-02a6845b4b32', 'password': 'buyer_seller_8_30c52a34-bda2-11ef-890a-02a6845b4b32', 'terminal': 'my terminal'}
2024-12-19 08:44:09 - be.model.user - INFO - 尝试登录用户：buyer_8_30c52a34-bda2-11ef-890a-02a6845b4b32，终端：my terminal
2024-12-19 08:44:09 - be.model.user - INFO - 为用户 buyer_8_30c52a34-bda2-11ef-890a-02a6845b4b32 生成新token，终端：my terminal
2024-12-19 08:44:09 - be.model.user - INFO - 用户登录成功：buyer_8_30c52a34-bda2-11ef-890a-02a6845b4b32
2024-12-19 08:44:10 - be.view.auth - INFO - 登录处理结果: 200
2024-12-19 08:44:10 - werkzeug - INFO - 127.0.0.1 - - [19/Dec/2024 08:44:10] "POST /auth/login HTTP/1.1" 200 -
2024-12-19 08:44:10 - be.view.auth - INFO - 收到登录请求: {'user_id': 'buyer_9_30c52a34-bda2-11ef-890a-02a6845b4b32', 'password': 'buyer_seller_9_30c52a34-bda2-11ef-890a-02a6845b4b32', 'terminal': 'my terminal'}
2024-12-19 08:44:10 - be.model.user - INFO - 尝试登录用户：buyer_9_30c52a34-bda2-11ef-890a-02a6845b4b32，终端：my terminal
2024-12-19 08:44:10 - be.model.user - INFO - 为用户 buyer_9_30c52a34-bda2-11ef-890a-02a6845b4b32 生成新token，终端：my terminal
2024-12-19 08:44:10 - be.model.user - INFO - 用户登录成功：buyer_9_30c52a34-bda2-11ef-890a-02a6845b4b32
2024-12-19 08:44:10 - be.view.auth - INFO - 登录处理结果: 200
2024-12-19 08:44:10 - werkzeug - INFO - 127.0.0.1 - - [19/Dec/2024 08:44:10] "POST /auth/login HTTP/1.1" 200 -
2024-12-19 08:44:10 - be.view.auth - INFO - 收到登录请求: {'user_id': 'buyer_9_30c52a34-bda2-11ef-890a-02a6845b4b32', 'password': 'buyer_seller_9_30c52a34-bda2-11ef-890a-02a6845b4b32', 'terminal': 'my terminal'}
2024-12-19 08:44:10 - be.model.user - INFO - 尝试登录用户：buyer_9_30c52a34-bda2-11ef-890a-02a6845b4b32，终端：my terminal
2024-12-19 08:44:10 - be.model.user - INFO - 为用户 buyer_9_30c52a34-bda2-11ef-890a-02a6845b4b32 生成新token，终端：my terminal
2024-12-19 08:44:10 - be.model.user - INFO - 用户登录成功：buyer_9_30c52a34-bda2-11ef-890a-02a6845b4b32
2024-12-19 08:44:10 - be.view.auth - INFO - 登录处理结果: 200
2024-12-19 08:44:10 - werkzeug - INFO - 127.0.0.1 - - [19/Dec/2024 08:44:10] "POST /auth/login HTTP/1.1" 200 -
2024-12-19 08:44:10 - be.view.auth - INFO - 收到登录请求: {'user_id': 'buyer_6_30c52a34-bda2-11ef-890a-02a6845b4b32', 'password': 'buyer_seller_6_30c52a34-bda2-11ef-890a-02a6845b4b32', 'terminal': 'my terminal'}
2024-12-19 08:44:10 - be.model.user - INFO - 尝试登录用户：buyer_6_30c52a34-bda2-11ef-890a-02a6845b4b32，终端：my terminal
2024-12-19 08:44:10 - be.model.user - INFO - 为用户 buyer_6_30c52a34-bda2-11ef-890a-02a6845b4b32 生成新token，终端：my terminal
2024-12-19 08:44:10 - be.model.user - INFO - 用户登录成功：buyer_6_30c52a34-bda2-11ef-890a-02a6845b4b32
2024-12-19 08:44:10 - be.view.auth - INFO - 登录处理结果: 200
2024-12-19 08:44:10 - werkzeug - INFO - 127.0.0.1 - - [19/Dec/2024 08:44:10] "POST /auth/login HTTP/1.1" 200 -
2024-12-19 08:44:10 - be.view.auth - INFO - 收到登录请求: {'user_id': 'buyer_9_30c52a34-bda2-11ef-890a-02a6845b4b32', 'password': 'buyer_seller_9_30c52a34-bda2-11ef-890a-02a6845b4b32', 'terminal': 'my terminal'}
2024-12-19 08:44:10 - be.model.user - INFO - 尝试登录用户：buyer_9_30c52a34-bda2-11ef-890a-02a6845b4b32，终端：my terminal
2024-12-19 08:44:10 - be.model.user - INFO - 为用户 buyer_9_30c52a34-bda2-11ef-890a-02a6845b4b32 生成新token，终端：my terminal
2024-12-19 08:44:10 - be.model.user - INFO - 用户登录成功：buyer_9_30c52a34-bda2-11ef-890a-02a6845b4b32
2024-12-19 08:44:11 - be.view.auth - INFO - 登录处理结果: 200
2024-12-19 08:44:11 - werkzeug - INFO - 127.0.0.1 - - [19/Dec/2024 08:44:11] "POST /auth/login HTTP/1.1" 200 -
2024-12-19 08:44:11 - be.view.auth - INFO - 收到登录请求: {'user_id': 'buyer_10_30c52a34-bda2-11ef-890a-02a6845b4b32', 'password': 'buyer_seller_10_30c52a34-bda2-11ef-890a-02a6845b4b32', 'terminal': 'my terminal'}
2024-12-19 08:44:11 - be.model.user - INFO - 尝试登录用户：buyer_10_30c52a34-bda2-11ef-890a-02a6845b4b32，终端：my terminal
2024-12-19 08:44:11 - be.model.user - INFO - 为用户 buyer_10_30c52a34-bda2-11ef-890a-02a6845b4b32 生成新token，终端：my terminal
2024-12-19 08:44:11 - be.model.user - INFO - 用户登录成功：buyer_10_30c52a34-bda2-11ef-890a-02a6845b4b32
2024-12-19 08:44:11 - be.view.auth - INFO - 登录处理结果: 200
2024-12-19 08:44:11 - werkzeug - INFO - 127.0.0.1 - - [19/Dec/2024 08:44:11] "POST /auth/login HTTP/1.1" 200 -
2024-12-19 08:44:11 - be.view.auth - INFO - 收到登录请求: {'user_id': 'buyer_1_30c52a34-bda2-11ef-890a-02a6845b4b32', 'password': 'buyer_seller_1_30c52a34-bda2-11ef-890a-02a6845b4b32', 'terminal': 'my terminal'}
2024-12-19 08:44:11 - be.model.user - INFO - 尝试登录用户：buyer_1_30c52a34-bda2-11ef-890a-02a6845b4b32，终端：my terminal
2024-12-19 08:44:11 - be.model.user - INFO - 为用户 buyer_1_30c52a34-bda2-11ef-890a-02a6845b4b32 生成新token，终端：my terminal
2024-12-19 08:44:11 - be.model.user - INFO - 用户登录成功：buyer_1_30c52a34-bda2-11ef-890a-02a6845b4b32
2024-12-19 08:44:11 - be.view.auth - INFO - 登录处理结果: 200
2024-12-19 08:44:11 - werkzeug - INFO - 127.0.0.1 - - [19/Dec/2024 08:44:11] "POST /auth/login HTTP/1.1" 200 -
2024-12-19 08:44:11 - be.view.auth - INFO - 收到登录请求: {'user_id': 'buyer_3_30c52a34-bda2-11ef-890a-02a6845b4b32', 'password': 'buyer_seller_3_30c52a34-bda2-11ef-890a-02a6845b4b32', 'terminal': 'my terminal'}
2024-12-19 08:44:11 - be.model.user - INFO - 尝试登录用户：buyer_3_30c52a34-bda2-11ef-890a-02a6845b4b32，终端：my terminal
2024-12-19 08:44:11 - be.model.user - INFO - 为用户 buyer_3_30c52a34-bda2-11ef-890a-02a6845b4b32 生成新token，终端：my terminal
2024-12-19 08:44:11 - be.model.user - INFO - 用户登录成功：buyer_3_30c52a34-bda2-11ef-890a-02a6845b4b32
2024-12-19 08:44:11 - be.view.auth - INFO - 登录处理结果: 200
2024-12-19 08:44:11 - werkzeug - INFO - 127.0.0.1 - - [19/Dec/2024 08:44:11] "POST /auth/login HTTP/1.1" 200 -
2024-12-19 08:44:11 - be.view.auth - INFO - 收到登录请求: {'user_id': 'buyer_8_30c52a34-bda2-11ef-890a-02a6845b4b32', 'password': 'buyer_seller_8_30c52a34-bda2-11ef-890a-02a6845b4b32', 'terminal': 'my terminal'}
2024-12-19 08:44:11 - be.model.user - INFO - 尝试登录用户：buyer_8_30c52a34-bda2-11ef-890a-02a6845b4b32，终端：my terminal
2024-12-19 08:44:12 - be.model.user - INFO - 为用户 buyer_8_30c52a34-bda2-11ef-890a-02a6845b4b32 生成新token，终端：my terminal
2024-12-19 08:44:12 - be.model.user - INFO - 用户登录成功：buyer_8_30c52a34-bda2-11ef-890a-02a6845b4b32
2024-12-19 08:44:12 - be.view.auth - INFO - 登录处理结果: 200
2024-12-19 08:44:12 - werkzeug - INFO - 127.0.0.1 - - [19/Dec/2024 08:44:12] "POST /auth/login HTTP/1.1" 200 -
2024-12-19 08:44:12 - be.view.auth - INFO - 收到登录请求: {'user_id': 'buyer_10_30c52a34-bda2-11ef-890a-02a6845b4b32', 'password': 'buyer_seller_10_30c52a34-bda2-11ef-890a-02a6845b4b32', 'terminal': 'my terminal'}
2024-12-19 08:44:12 - be.model.user - INFO - 尝试登录用户：buyer_10_30c52a34-bda2-11ef-890a-02a6845b4b32，终端：my terminal
2024-12-19 08:44:12 - be.model.user - INFO - 为用户 buyer_10_30c52a34-bda2-11ef-890a-02a6845b4b32 生成新token，终端：my terminal
2024-12-19 08:44:12 - be.model.user - INFO - 用户登录成功：buyer_10_30c52a34-bda2-11ef-890a-02a6845b4b32
2024-12-19 08:44:12 - be.view.auth - INFO - 登录处理结果: 200
2024-12-19 08:44:12 - werkzeug - INFO - 127.0.0.1 - - [19/Dec/2024 08:44:12] "POST /auth/login HTTP/1.1" 200 -
2024-12-19 08:44:12 - be.view.auth - INFO - 收到登录请求: {'user_id': 'buyer_8_30c52a34-bda2-11ef-890a-02a6845b4b32', 'password': 'buyer_seller_8_30c52a34-bda2-11ef-890a-02a6845b4b32', 'terminal': 'my terminal'}
2024-12-19 08:44:12 - be.model.user - INFO - 尝试登录用户：buyer_8_30c52a34-bda2-11ef-890a-02a6845b4b32，终端：my terminal
2024-12-19 08:44:12 - be.model.user - INFO - 为用户 buyer_8_30c52a34-bda2-11ef-890a-02a6845b4b32 生成新token，终端：my terminal
2024-12-19 08:44:12 - be.model.user - INFO - 用户登录成功：buyer_8_30c52a34-bda2-11ef-890a-02a6845b4b32
2024-12-19 08:44:12 - be.view.auth - INFO - 登录处理结果: 200
2024-12-19 08:44:12 - werkzeug - INFO - 127.0.0.1 - - [19/Dec/2024 08:44:12] "POST /auth/login HTTP/1.1" 200 -
2024-12-19 08:44:12 - be.view.auth - INFO - 收到登录请求: {'user_id': 'buyer_2_30c52a34-bda2-11ef-890a-02a6845b4b32', 'password': 'buyer_seller_2_30c52a34-bda2-11ef-890a-02a6845b4b32', 'terminal': 'my terminal'}
2024-12-19 08:44:12 - be.model.user - INFO - 尝试登录用户：buyer_2_30c52a34-bda2-11ef-890a-02a6845b4b32，终端：my terminal
2024-12-19 08:44:12 - be.model.user - INFO - 为用户 buyer_2_30c52a34-bda2-11ef-890a-02a6845b4b32 生成新token，终端：my terminal
2024-12-19 08:44:12 - be.model.user - INFO - 用户登录成功：buyer_2_30c52a34-bda2-11ef-890a-02a6845b4b32
2024-12-19 08:44:13 - be.view.auth - INFO - 登录处理结果: 200
2024-12-19 08:44:13 - werkzeug - INFO - 127.0.0.1 - - [19/Dec/2024 08:44:13] "POST /auth/login HTTP/1.1" 200 -
2024-12-19 08:44:13 - be.view.auth - INFO - 收到登录请求: {'user_id': 'buyer_1_30c52a34-bda2-11ef-890a-02a6845b4b32', 'password': 'buyer_seller_1_30c52a34-bda2-11ef-890a-02a6845b4b32', 'terminal': 'my terminal'}
2024-12-19 08:44:13 - be.model.user - INFO - 尝试登录用户：buyer_1_30c52a34-bda2-11ef-890a-02a6845b4b32，终端：my terminal
2024-12-19 08:44:13 - be.model.user - INFO - 为用户 buyer_1_30c52a34-bda2-11ef-890a-02a6845b4b32 生成新token，终端：my terminal
2024-12-19 08:44:13 - be.model.user - INFO - 用户登录成功：buyer_1_30c52a34-bda2-11ef-890a-02a6845b4b32
2024-12-19 08:44:13 - be.view.auth - INFO - 登录处理结果: 200
2024-12-19 08:44:13 - werkzeug - INFO - 127.0.0.1 - - [19/Dec/2024 08:44:13] "POST /auth/login HTTP/1.1" 200 -
2024-12-19 08:44:13 - be.view.auth - INFO - 收到登录请求: {'user_id': 'buyer_10_30c52a34-bda2-11ef-890a-02a6845b4b32', 'password': 'buyer_seller_10_30c52a34-bda2-11ef-890a-02a6845b4b32', 'terminal': 'my terminal'}
2024-12-19 08:44:13 - be.model.user - INFO - 尝试登录用户：buyer_10_30c52a34-bda2-11ef-890a-02a6845b4b32，终端：my terminal
2024-12-19 08:44:13 - be.model.user - INFO - 为用户 buyer_10_30c52a34-bda2-11ef-890a-02a6845b4b32 生成新token，终端：my terminal
2024-12-19 08:44:13 - be.model.user - INFO - 用户登录成功：buyer_10_30c52a34-bda2-11ef-890a-02a6845b4b32
2024-12-19 08:44:13 - be.view.auth - INFO - 登录处理结果: 200
2024-12-19 08:44:13 - werkzeug - INFO - 127.0.0.1 - - [19/Dec/2024 08:44:13] "POST /auth/login HTTP/1.1" 200 -
2024-12-19 08:44:13 - be.view.auth - INFO - 收到登录请求: {'user_id': 'buyer_4_30c52a34-bda2-11ef-890a-02a6845b4b32', 'password': 'buyer_seller_4_30c52a34-bda2-11ef-890a-02a6845b4b32', 'terminal': 'my terminal'}
2024-12-19 08:44:13 - be.model.user - INFO - 尝试登录用户：buyer_4_30c52a34-bda2-11ef-890a-02a6845b4b32，终端：my terminal
2024-12-19 08:44:13 - be.model.user - INFO - 为用户 buyer_4_30c52a34-bda2-11ef-890a-02a6845b4b32 生成新token，终端：my terminal
2024-12-19 08:44:13 - be.model.user - INFO - 用户登录成功：buyer_4_30c52a34-bda2-11ef-890a-02a6845b4b32
2024-12-19 08:44:13 - be.view.auth - INFO - 登录处理结果: 200
2024-12-19 08:44:13 - werkzeug - INFO - 127.0.0.1 - - [19/Dec/2024 08:44:13] "POST /auth/login HTTP/1.1" 200 -
2024-12-19 08:44:13 - be.view.auth - INFO - 收到登录请求: {'user_id': 'buyer_9_30c52a34-bda2-11ef-890a-02a6845b4b32', 'password': 'buyer_seller_9_30c52a34-bda2-11ef-890a-02a6845b4b32', 'terminal': 'my terminal'}
2024-12-19 08:44:13 - be.model.user - INFO - 尝试登录用户：buyer_9_30c52a34-bda2-11ef-890a-02a6845b4b32，终端：my terminal
2024-12-19 08:44:13 - be.model.user - INFO - 为用户 buyer_9_30c52a34-bda2-11ef-890a-02a6845b4b32 生成新token，终端：my terminal
2024-12-19 08:44:13 - be.model.user - INFO - 用户登录成功：buyer_9_30c52a34-bda2-11ef-890a-02a6845b4b32
2024-12-19 08:44:13 - be.view.auth - INFO - 登录处理结果: 200
2024-12-19 08:44:13 - werkzeug - INFO - 127.0.0.1 - - [19/Dec/2024 08:44:13] "POST /auth/login HTTP/1.1" 200 -
2024-12-19 08:44:13 - be.view.auth - INFO - 收到登录请求: {'user_id': 'buyer_6_30c52a34-bda2-11ef-890a-02a6845b4b32', 'password': 'buyer_seller_6_30c52a34-bda2-11ef-890a-02a6845b4b32', 'terminal': 'my terminal'}
2024-12-19 08:44:13 - be.model.user - INFO - 尝试登录用户：buyer_6_30c52a34-bda2-11ef-890a-02a6845b4b32，终端：my terminal
2024-12-19 08:44:14 - be.model.user - INFO - 为用户 buyer_6_30c52a34-bda2-11ef-890a-02a6845b4b32 生成新token，终端：my terminal
2024-12-19 08:44:14 - be.model.user - INFO - 用户登录成功：buyer_6_30c52a34-bda2-11ef-890a-02a6845b4b32
2024-12-19 08:44:14 - be.view.auth - INFO - 登录处理结果: 200
2024-12-19 08:44:14 - werkzeug - INFO - 127.0.0.1 - - [19/Dec/2024 08:44:14] "POST /auth/login HTTP/1.1" 200 -
2024-12-19 08:44:14 - be.view.auth - INFO - 收到登录请求: {'user_id': 'buyer_5_30c52a34-bda2-11ef-890a-02a6845b4b32', 'password': 'buyer_seller_5_30c52a34-bda2-11ef-890a-02a6845b4b32', 'terminal': 'my terminal'}
2024-12-19 08:44:14 - be.model.user - INFO - 尝试登录用户：buyer_5_30c52a34-bda2-11ef-890a-02a6845b4b32，终端：my terminal
2024-12-19 08:44:14 - be.model.user - INFO - 为用户 buyer_5_30c52a34-bda2-11ef-890a-02a6845b4b32 生成新token，终端：my terminal
2024-12-19 08:44:14 - be.model.user - INFO - 用户登录成功：buyer_5_30c52a34-bda2-11ef-890a-02a6845b4b32
2024-12-19 08:44:14 - be.view.auth - INFO - 登录处理结果: 200
2024-12-19 08:44:14 - werkzeug - INFO - 127.0.0.1 - - [19/Dec/2024 08:44:14] "POST /auth/login HTTP/1.1" 200 -
2024-12-19 08:44:14 - be.view.auth - INFO - 收到登录请求: {'user_id': 'buyer_9_30c52a34-bda2-11ef-890a-02a6845b4b32', 'password': 'buyer_seller_9_30c52a34-bda2-11ef-890a-02a6845b4b32', 'terminal': 'my terminal'}
2024-12-19 08:44:14 - be.model.user - INFO - 尝试登录用户：buyer_9_30c52a34-bda2-11ef-890a-02a6845b4b32，终端：my terminal
2024-12-19 08:44:14 - be.model.user - INFO - 为用户 buyer_9_30c52a34-bda2-11ef-890a-02a6845b4b32 生成新token，终端：my terminal
2024-12-19 08:44:14 - be.model.user - INFO - 用户登录成功：buyer_9_30c52a34-bda2-11ef-890a-02a6845b4b32
2024-12-19 08:44:14 - be.view.auth - INFO - 登录处理结果: 200
2024-12-19 08:44:14 - werkzeug - INFO - 127.0.0.1 - - [19/Dec/2024 08:44:14] "POST /auth/login HTTP/1.1" 200 -
2024-12-19 08:44:14 - be.view.auth - INFO - 收到登录请求: {'user_id': 'buyer_5_30c52a34-bda2-11ef-890a-02a6845b4b32', 'password': 'buyer_seller_5_30c52a34-bda2-11ef-890a-02a6845b4b32', 'terminal': 'my terminal'}
2024-12-19 08:44:14 - be.model.user - INFO - 尝试登录用户：buyer_5_30c52a34-bda2-11ef-890a-02a6845b4b32，终端：my terminal
2024-12-19 08:44:14 - be.model.user - INFO - 为用户 buyer_5_30c52a34-bda2-11ef-890a-02a6845b4b32 生成新token，终端：my terminal
2024-12-19 08:44:14 - be.model.user - INFO - 用户登录成功：buyer_5_30c52a34-bda2-11ef-890a-02a6845b4b32
2024-12-19 08:44:14 - be.view.auth - INFO - 登录处理结果: 200
2024-12-19 08:44:14 - werkzeug - INFO - 127.0.0.1 - - [19/Dec/2024 08:44:14] "POST /auth/login HTTP/1.1" 200 -
2024-12-19 08:44:14 - be.view.auth - INFO - 收到登录请求: {'user_id': 'buyer_6_30c52a34-bda2-11ef-890a-02a6845b4b32', 'password': 'buyer_seller_6_30c52a34-bda2-11ef-890a-02a6845b4b32', 'terminal': 'my terminal'}
2024-12-19 08:44:14 - be.model.user - INFO - 尝试登录用户：buyer_6_30c52a34-bda2-11ef-890a-02a6845b4b32，终端：my terminal
2024-12-19 08:44:14 - be.model.user - INFO - 为用户 buyer_6_30c52a34-bda2-11ef-890a-02a6845b4b32 生成新token，终端：my terminal
2024-12-19 08:44:14 - be.model.user - INFO - 用户登录成功：buyer_6_30c52a34-bda2-11ef-890a-02a6845b4b32
2024-12-19 08:44:15 - be.view.auth - INFO - 登录处理结果: 200
2024-12-19 08:44:15 - werkzeug - INFO - 127.0.0.1 - - [19/Dec/2024 08:44:15] "POST /auth/login HTTP/1.1" 200 -
2024-12-19 08:44:15 - be.view.auth - INFO - 收到登录请求: {'user_id': 'buyer_5_30c52a34-bda2-11ef-890a-02a6845b4b32', 'password': 'buyer_seller_5_30c52a34-bda2-11ef-890a-02a6845b4b32', 'terminal': 'my terminal'}
2024-12-19 08:44:15 - be.model.user - INFO - 尝试登录用户：buyer_5_30c52a34-bda2-11ef-890a-02a6845b4b32，终端：my terminal
2024-12-19 08:44:15 - be.model.user - INFO - 为用户 buyer_5_30c52a34-bda2-11ef-890a-02a6845b4b32 生成新token，终端：my terminal
2024-12-19 08:44:15 - be.model.user - INFO - 用户登录成功：buyer_5_30c52a34-bda2-11ef-890a-02a6845b4b32
2024-12-19 08:44:15 - be.view.auth - INFO - 登录处理结果: 200
2024-12-19 08:44:15 - werkzeug - INFO - 127.0.0.1 - - [19/Dec/2024 08:44:15] "POST /auth/login HTTP/1.1" 200 -
2024-12-19 08:44:15 - be.view.auth - INFO - 收到登录请求: {'user_id': 'buyer_9_30c52a34-bda2-11ef-890a-02a6845b4b32', 'password': 'buyer_seller_9_30c52a34-bda2-11ef-890a-02a6845b4b32', 'terminal': 'my terminal'}
2024-12-19 08:44:15 - be.model.user - INFO - 尝试登录用户：buyer_9_30c52a34-bda2-11ef-890a-02a6845b4b32，终端：my terminal
2024-12-19 08:44:15 - be.model.user - INFO - 为用户 buyer_9_30c52a34-bda2-11ef-890a-02a6845b4b32 生成新token，终端：my terminal
2024-12-19 08:44:15 - be.model.user - INFO - 用户登录成功：buyer_9_30c52a34-bda2-11ef-890a-02a6845b4b32
2024-12-19 08:44:15 - be.view.auth - INFO - 登录处理结果: 200
2024-12-19 08:44:15 - werkzeug - INFO - 127.0.0.1 - - [19/Dec/2024 08:44:15] "POST /auth/login HTTP/1.1" 200 -
2024-12-19 08:44:15 - be.view.auth - INFO - 收到登录请求: {'user_id': 'buyer_10_30c52a34-bda2-11ef-890a-02a6845b4b32', 'password': 'buyer_seller_10_30c52a34-bda2-11ef-890a-02a6845b4b32', 'terminal': 'my terminal'}
2024-12-19 08:44:15 - be.model.user - INFO - 尝试登录用户：buyer_10_30c52a34-bda2-11ef-890a-02a6845b4b32，终端：my terminal
2024-12-19 08:44:15 - be.model.user - INFO - 为用户 buyer_10_30c52a34-bda2-11ef-890a-02a6845b4b32 生成新token，终端：my terminal
2024-12-19 08:44:15 - be.model.user - INFO - 用户登录成功：buyer_10_30c52a34-bda2-11ef-890a-02a6845b4b32
2024-12-19 08:44:15 - be.view.auth - INFO - 登录处理结果: 200
2024-12-19 08:44:15 - werkzeug - INFO - 127.0.0.1 - - [19/Dec/2024 08:44:15] "POST /auth/login HTTP/1.1" 200 -
2024-12-19 08:44:15 - be.view.auth - INFO - 收到登录请求: {'user_id': 'buyer_8_30c52a34-bda2-11ef-890a-02a6845b4b32', 'password': 'buyer_seller_8_30c52a34-bda2-11ef-890a-02a6845b4b32', 'terminal': 'my terminal'}
2024-12-19 08:44:15 - be.model.user - INFO - 尝试登录用户：buyer_8_30c52a34-bda2-11ef-890a-02a6845b4b32，终端：my terminal
2024-12-19 08:44:15 - be.model.user - INFO - 为用户 buyer_8_30c52a34-bda2-11ef-890a-02a6845b4b32 生成新token，终端：my terminal
2024-12-19 08:44:15 - be.model.user - INFO - 用户登录成功：buyer_8_30c52a34-bda2-11ef-890a-02a6845b4b32
2024-12-19 08:44:16 - be.view.auth - INFO - 登录处理结果: 200
2024-12-19 08:44:16 - werkzeug - INFO - 127.0.0.1 - - [19/Dec/2024 08:44:16] "POST /auth/login HTTP/1.1" 200 -
2024-12-19 08:44:16 - be.view.auth - INFO - 收到登录请求: {'user_id': 'buyer_9_30c52a34-bda2-11ef-890a-02a6845b4b32', 'password': 'buyer_seller_9_30c52a34-bda2-11ef-890a-02a6845b4b32', 'terminal': 'my terminal'}
2024-12-19 08:44:16 - be.model.user - INFO - 尝试登录用户：buyer_9_30c52a34-bda2-11ef-890a-02a6845b4b32，终端：my terminal
2024-12-19 08:44:16 - be.model.user - INFO - 为用户 buyer_9_30c52a34-bda2-11ef-890a-02a6845b4b32 生成新token，终端：my terminal
2024-12-19 08:44:16 - be.model.user - INFO - 用户登录成功：buyer_9_30c52a34-bda2-11ef-890a-02a6845b4b32
2024-12-19 08:44:16 - be.view.auth - INFO - 登录处理结果: 200
2024-12-19 08:44:16 - werkzeug - INFO - 127.0.0.1 - - [19/Dec/2024 08:44:16] "POST /auth/login HTTP/1.1" 200 -
2024-12-19 08:44:16 - be.view.auth - INFO - 收到登录请求: {'user_id': 'buyer_8_30c52a34-bda2-11ef-890a-02a6845b4b32', 'password': 'buyer_seller_8_30c52a34-bda2-11ef-890a-02a6845b4b32', 'terminal': 'my terminal'}
2024-12-19 08:44:16 - be.model.user - INFO - 尝试登录用户：buyer_8_30c52a34-bda2-11ef-890a-02a6845b4b32，终端：my terminal
2024-12-19 08:44:16 - be.model.user - INFO - 为用户 buyer_8_30c52a34-bda2-11ef-890a-02a6845b4b32 生成新token，终端：my terminal
2024-12-19 08:44:16 - be.model.user - INFO - 用户登录成功：buyer_8_30c52a34-bda2-11ef-890a-02a6845b4b32
2024-12-19 08:44:16 - be.view.auth - INFO - 登录处理结果: 200
2024-12-19 08:44:16 - werkzeug - INFO - 127.0.0.1 - - [19/Dec/2024 08:44:16] "POST /auth/login HTTP/1.1" 200 -
2024-12-19 08:44:16 - be.view.auth - INFO - 收到登录请求: {'user_id': 'buyer_3_30c52a34-bda2-11ef-890a-02a6845b4b32', 'password': 'buyer_seller_3_30c52a34-bda2-11ef-890a-02a6845b4b32', 'terminal': 'my terminal'}
2024-12-19 08:44:16 - be.model.user - INFO - 尝试登录用户：buyer_3_30c52a34-bda2-11ef-890a-02a6845b4b32，终端：my terminal
2024-12-19 08:44:16 - be.model.user - INFO - 为用户 buyer_3_30c52a34-bda2-11ef-890a-02a6845b4b32 生成新token，终端：my terminal
2024-12-19 08:44:16 - be.model.user - INFO - 用户登录成功：buyer_3_30c52a34-bda2-11ef-890a-02a6845b4b32
2024-12-19 08:44:16 - be.view.auth - INFO - 登录处理结果: 200
2024-12-19 08:44:16 - werkzeug - INFO - 127.0.0.1 - - [19/Dec/2024 08:44:16] "POST /auth/login HTTP/1.1" 200 -
2024-12-19 08:44:16 - be.view.auth - INFO - 收到登录请求: {'user_id': 'buyer_8_30c52a34-bda2-11ef-890a-02a6845b4b32', 'password': 'buyer_seller_8_30c52a34-bda2-11ef-890a-02a6845b4b32', 'terminal': 'my terminal'}
2024-12-19 08:44:16 - be.model.user - INFO - 尝试登录用户：buyer_8_30c52a34-bda2-11ef-890a-02a6845b4b32，终端：my terminal
2024-12-19 08:44:16 - be.model.user - INFO - 为用户 buyer_8_30c52a34-bda2-11ef-890a-02a6845b4b32 生成新token，终端：my terminal
2024-12-19 08:44:16 - be.model.user - INFO - 用户登录成功：buyer_8_30c52a34-bda2-11ef-890a-02a6845b4b32
2024-12-19 08:44:16 - be.view.auth - INFO - 登录处理结果: 200
2024-12-19 08:44:16 - werkzeug - INFO - 127.0.0.1 - - [19/Dec/2024 08:44:16] "POST /auth/login HTTP/1.1" 200 -
2024-12-19 08:44:16 - be.view.auth - INFO - 收到登录请求: {'user_id': 'buyer_2_30c52a34-bda2-11ef-890a-02a6845b4b32', 'password': 'buyer_seller_2_30c52a34-bda2-11ef-890a-02a6845b4b32', 'terminal': 'my terminal'}
2024-12-19 08:44:16 - be.model.user - INFO - 尝试登录用户：buyer_2_30c52a34-bda2-11ef-890a-02a6845b4b32，终端：my terminal
2024-12-19 08:44:17 - be.model.user - INFO - 为用户 buyer_2_30c52a34-bda2-11ef-890a-02a6845b4b32 生成新token，终端：my terminal
2024-12-19 08:44:17 - be.model.user - INFO - 用户登录成功：buyer_2_30c52a34-bda2-11ef-890a-02a6845b4b32
2024-12-19 08:44:17 - be.view.auth - INFO - 登录处理结果: 200
2024-12-19 08:44:17 - werkzeug - INFO - 127.0.0.1 - - [19/Dec/2024 08:44:17] "POST /auth/login HTTP/1.1" 200 -
2024-12-19 08:44:17 - be.view.auth - INFO - 收到登录请求: {'user_id': 'buyer_9_30c52a34-bda2-11ef-890a-02a6845b4b32', 'password': 'buyer_seller_9_30c52a34-bda2-11ef-890a-02a6845b4b32', 'terminal': 'my terminal'}
2024-12-19 08:44:17 - be.model.user - INFO - 尝试登录用户：buyer_9_30c52a34-bda2-11ef-890a-02a6845b4b32，终端：my terminal
2024-12-19 08:44:17 - be.model.user - INFO - 为用户 buyer_9_30c52a34-bda2-11ef-890a-02a6845b4b32 生成新token，终端：my terminal
2024-12-19 08:44:17 - be.model.user - INFO - 用户登录成功：buyer_9_30c52a34-bda2-11ef-890a-02a6845b4b32
2024-12-19 08:44:17 - be.view.auth - INFO - 登录处理结果: 200
2024-12-19 08:44:17 - werkzeug - INFO - 127.0.0.1 - - [19/Dec/2024 08:44:17] "POST /auth/login HTTP/1.1" 200 -
2024-12-19 08:44:17 - be.view.auth - INFO - 收到登录请求: {'user_id': 'buyer_7_30c52a34-bda2-11ef-890a-02a6845b4b32', 'password': 'buyer_seller_7_30c52a34-bda2-11ef-890a-02a6845b4b32', 'terminal': 'my terminal'}
2024-12-19 08:44:17 - be.model.user - INFO - 尝试登录用户：buyer_7_30c52a34-bda2-11ef-890a-02a6845b4b32，终端：my terminal
2024-12-19 08:44:17 - be.model.user - INFO - 为用户 buyer_7_30c52a34-bda2-11ef-890a-02a6845b4b32 生成新token，终端：my terminal
2024-12-19 08:44:17 - be.model.user - INFO - 用户登录成功：buyer_7_30c52a34-bda2-11ef-890a-02a6845b4b32
2024-12-19 08:44:17 - be.view.auth - INFO - 登录处理结果: 200
2024-12-19 08:44:17 - werkzeug - INFO - 127.0.0.1 - - [19/Dec/2024 08:44:17] "POST /auth/login HTTP/1.1" 200 -
2024-12-19 08:44:17 - be.view.auth - INFO - 收到登录请求: {'user_id': 'buyer_5_30c52a34-bda2-11ef-890a-02a6845b4b32', 'password': 'buyer_seller_5_30c52a34-bda2-11ef-890a-02a6845b4b32', 'terminal': 'my terminal'}
2024-12-19 08:44:17 - be.model.user - INFO - 尝试登录用户：buyer_5_30c52a34-bda2-11ef-890a-02a6845b4b32，终端：my terminal
2024-12-19 08:44:17 - be.model.user - INFO - 为用户 buyer_5_30c52a34-bda2-11ef-890a-02a6845b4b32 生成新token，终端：my terminal
2024-12-19 08:44:17 - be.model.user - INFO - 用户登录成功：buyer_5_30c52a34-bda2-11ef-890a-02a6845b4b32
2024-12-19 08:44:17 - be.view.auth - INFO - 登录处理结果: 200
2024-12-19 08:44:17 - werkzeug - INFO - 127.0.0.1 - - [19/Dec/2024 08:44:17] "POST /auth/login HTTP/1.1" 200 -
2024-12-19 08:44:17 - be.view.auth - INFO - 收到登录请求: {'user_id': 'buyer_7_30c52a34-bda2-11ef-890a-02a6845b4b32', 'password': 'buyer_seller_7_30c52a34-bda2-11ef-890a-02a6845b4b32', 'terminal': 'my terminal'}
2024-12-19 08:44:17 - be.model.user - INFO - 尝试登录用户：buyer_7_30c52a34-bda2-11ef-890a-02a6845b4b32，终端：my terminal
2024-12-19 08:44:18 - be.model.user - INFO - 为用户 buyer_7_30c52a34-bda2-11ef-890a-02a6845b4b32 生成新token，终端：my terminal
2024-12-19 08:44:18 - be.model.user - INFO - 用户登录成功：buyer_7_30c52a34-bda2-11ef-890a-02a6845b4b32
2024-12-19 08:44:18 - be.view.auth - INFO - 登录处理结果: 200
2024-12-19 08:44:18 - werkzeug - INFO - 127.0.0.1 - - [19/Dec/2024 08:44:18] "POST /auth/login HTTP/1.1" 200 -
2024-12-19 08:44:18 - be.view.auth - INFO - 收到登录请求: {'user_id': 'buyer_10_30c52a34-bda2-11ef-890a-02a6845b4b32', 'password': 'buyer_seller_10_30c52a34-bda2-11ef-890a-02a6845b4b32', 'terminal': 'my terminal'}
2024-12-19 08:44:18 - be.model.user - INFO - 尝试登录用户：buyer_10_30c52a34-bda2-11ef-890a-02a6845b4b32，终端：my terminal
2024-12-19 08:44:18 - be.model.user - INFO - 为用户 buyer_10_30c52a34-bda2-11ef-890a-02a6845b4b32 生成新token，终端：my terminal
2024-12-19 08:44:18 - be.model.user - INFO - 用户登录成功：buyer_10_30c52a34-bda2-11ef-890a-02a6845b4b32
2024-12-19 08:44:18 - be.view.auth - INFO - 登录处理结果: 200
2024-12-19 08:44:18 - werkzeug - INFO - 127.0.0.1 - - [19/Dec/2024 08:44:18] "POST /auth/login HTTP/1.1" 200 -
2024-12-19 08:44:18 - be.view.auth - INFO - 收到登录请求: {'user_id': 'buyer_9_30c52a34-bda2-11ef-890a-02a6845b4b32', 'password': 'buyer_seller_9_30c52a34-bda2-11ef-890a-02a6845b4b32', 'terminal': 'my terminal'}
2024-12-19 08:44:18 - be.model.user - INFO - 尝试登录用户：buyer_9_30c52a34-bda2-11ef-890a-02a6845b4b32，终端：my terminal
2024-12-19 08:44:18 - be.model.user - INFO - 为用户 buyer_9_30c52a34-bda2-11ef-890a-02a6845b4b32 生成新token，终端：my terminal
2024-12-19 08:44:18 - be.model.user - INFO - 用户登录成功：buyer_9_30c52a34-bda2-11ef-890a-02a6845b4b32
2024-12-19 08:44:18 - be.view.auth - INFO - 登录处理结果: 200
2024-12-19 08:44:18 - werkzeug - INFO - 127.0.0.1 - - [19/Dec/2024 08:44:18] "POST /auth/login HTTP/1.1" 200 -
2024-12-19 08:44:18 - be.view.auth - INFO - 收到登录请求: {'user_id': 'buyer_1_30c52a34-bda2-11ef-890a-02a6845b4b32', 'password': 'buyer_seller_1_30c52a34-bda2-11ef-890a-02a6845b4b32', 'terminal': 'my terminal'}
2024-12-19 08:44:18 - be.model.user - INFO - 尝试登录用户：buyer_1_30c52a34-bda2-11ef-890a-02a6845b4b32，终端：my terminal
2024-12-19 08:44:18 - be.model.user - INFO - 为用户 buyer_1_30c52a34-bda2-11ef-890a-02a6845b4b32 生成新token，终端：my terminal
2024-12-19 08:44:18 - be.model.user - INFO - 用户登录成功：buyer_1_30c52a34-bda2-11ef-890a-02a6845b4b32
2024-12-19 08:44:18 - be.view.auth - INFO - 登录处理结果: 200
2024-12-19 08:44:18 - werkzeug - INFO - 127.0.0.1 - - [19/Dec/2024 08:44:18] "POST /auth/login HTTP/1.1" 200 -
2024-12-19 08:44:18 - be.view.auth - INFO - 收到登录请求: {'user_id': 'buyer_3_30c52a34-bda2-11ef-890a-02a6845b4b32', 'password': 'buyer_seller_3_30c52a34-bda2-11ef-890a-02a6845b4b32', 'terminal': 'my terminal'}
2024-12-19 08:44:18 - be.model.user - INFO - 尝试登录用户：buyer_3_30c52a34-bda2-11ef-890a-02a6845b4b32，终端：my terminal
2024-12-19 08:44:18 - be.model.user - INFO - 为用户 buyer_3_30c52a34-bda2-11ef-890a-02a6845b4b32 生成新token，终端：my terminal
2024-12-19 08:44:18 - be.model.user - INFO - 用户登录成功：buyer_3_30c52a34-bda2-11ef-890a-02a6845b4b32
2024-12-19 08:44:19 - be.view.auth - INFO - 登录处理结果: 200
2024-12-19 08:44:19 - werkzeug - INFO - 127.0.0.1 - - [19/Dec/2024 08:44:19] "POST /auth/login HTTP/1.1" 200 -
2024-12-19 08:44:19 - be.view.auth - INFO - 收到登录请求: {'user_id': 'buyer_4_30c52a34-bda2-11ef-890a-02a6845b4b32', 'password': 'buyer_seller_4_30c52a34-bda2-11ef-890a-02a6845b4b32', 'terminal': 'my terminal'}
2024-12-19 08:44:19 - be.model.user - INFO - 尝试登录用户：buyer_4_30c52a34-bda2-11ef-890a-02a6845b4b32，终端：my terminal
2024-12-19 08:44:19 - be.model.user - INFO - 为用户 buyer_4_30c52a34-bda2-11ef-890a-02a6845b4b32 生成新token，终端：my terminal
2024-12-19 08:44:19 - be.model.user - INFO - 用户登录成功：buyer_4_30c52a34-bda2-11ef-890a-02a6845b4b32
2024-12-19 08:44:19 - be.view.auth - INFO - 登录处理结果: 200
2024-12-19 08:44:19 - werkzeug - INFO - 127.0.0.1 - - [19/Dec/2024 08:44:19] "POST /auth/login HTTP/1.1" 200 -
2024-12-19 08:44:19 - be.view.auth - INFO - 收到登录请求: {'user_id': 'buyer_10_30c52a34-bda2-11ef-890a-02a6845b4b32', 'password': 'buyer_seller_10_30c52a34-bda2-11ef-890a-02a6845b4b32', 'terminal': 'my terminal'}
2024-12-19 08:44:19 - be.model.user - INFO - 尝试登录用户：buyer_10_30c52a34-bda2-11ef-890a-02a6845b4b32，终端：my terminal
2024-12-19 08:44:19 - be.model.user - INFO - 为用户 buyer_10_30c52a34-bda2-11ef-890a-02a6845b4b32 生成新token，终端：my terminal
2024-12-19 08:44:19 - be.model.user - INFO - 用户登录成功：buyer_10_30c52a34-bda2-11ef-890a-02a6845b4b32
2024-12-19 08:44:19 - be.view.auth - INFO - 登录处理结果: 200
2024-12-19 08:44:19 - werkzeug - INFO - 127.0.0.1 - - [19/Dec/2024 08:44:19] "POST /auth/login HTTP/1.1" 200 -
2024-12-19 08:44:19 - be.view.auth - INFO - 收到登录请求: {'user_id': 'buyer_9_30c52a34-bda2-11ef-890a-02a6845b4b32', 'password': 'buyer_seller_9_30c52a34-bda2-11ef-890a-02a6845b4b32', 'terminal': 'my terminal'}
2024-12-19 08:44:19 - be.model.user - INFO - 尝试登录用户：buyer_9_30c52a34-bda2-11ef-890a-02a6845b4b32，终端：my terminal
2024-12-19 08:44:19 - be.model.user - INFO - 为用户 buyer_9_30c52a34-bda2-11ef-890a-02a6845b4b32 生成新token，终端：my terminal
2024-12-19 08:44:19 - be.model.user - INFO - 用户登录成功：buyer_9_30c52a34-bda2-11ef-890a-02a6845b4b32
2024-12-19 08:44:19 - be.view.auth - INFO - 登录处理结果: 200
2024-12-19 08:44:19 - werkzeug - INFO - 127.0.0.1 - - [19/Dec/2024 08:44:19] "POST /auth/login HTTP/1.1" 200 -
2024-12-19 08:44:19 - be.view.auth - INFO - 收到登录请求: {'user_id': 'buyer_9_30c52a34-bda2-11ef-890a-02a6845b4b32', 'password': 'buyer_seller_9_30c52a34-bda2-11ef-890a-02a6845b4b32', 'terminal': 'my terminal'}
2024-12-19 08:44:19 - be.model.user - INFO - 尝试登录用户：buyer_9_30c52a34-bda2-11ef-890a-02a6845b4b32，终端：my terminal
2024-12-19 08:44:19 - be.model.user - INFO - 为用户 buyer_9_30c52a34-bda2-11ef-890a-02a6845b4b32 生成新token，终端：my terminal
2024-12-19 08:44:19 - be.model.user - INFO - 用户登录成功：buyer_9_30c52a34-bda2-11ef-890a-02a6845b4b32
2024-12-19 08:44:19 - be.view.auth - INFO - 登录处理结果: 200
2024-12-19 08:44:19 - werkzeug - INFO - 127.0.0.1 - - [19/Dec/2024 08:44:19] "POST /auth/login HTTP/1.1" 200 -
2024-12-19 08:44:19 - be.view.auth - INFO - 收到登录请求: {'user_id': 'buyer_2_30c52a34-bda2-11ef-890a-02a6845b4b32', 'password': 'buyer_seller_2_30c52a34-bda2-11ef-890a-02a6845b4b32', 'terminal': 'my terminal'}
2024-12-19 08:44:19 - be.model.user - INFO - 尝试登录用户：buyer_2_30c52a34-bda2-11ef-890a-02a6845b4b32，终端：my terminal
2024-12-19 08:44:20 - be.model.user - INFO - 为用户 buyer_2_30c52a34-bda2-11ef-890a-02a6845b4b32 生成新token，终端：my terminal
2024-12-19 08:44:20 - be.model.user - INFO - 用户登录成功：buyer_2_30c52a34-bda2-11ef-890a-02a6845b4b32
2024-12-19 08:44:20 - be.view.auth - INFO - 登录处理结果: 200
2024-12-19 08:44:20 - werkzeug - INFO - 127.0.0.1 - - [19/Dec/2024 08:44:20] "POST /auth/login HTTP/1.1" 200 -
2024-12-19 08:44:20 - be.view.auth - INFO - 收到登录请求: {'user_id': 'buyer_6_30c52a34-bda2-11ef-890a-02a6845b4b32', 'password': 'buyer_seller_6_30c52a34-bda2-11ef-890a-02a6845b4b32', 'terminal': 'my terminal'}
2024-12-19 08:44:20 - be.model.user - INFO - 尝试登录用户：buyer_6_30c52a34-bda2-11ef-890a-02a6845b4b32，终端：my terminal
2024-12-19 08:44:20 - be.model.user - INFO - 为用户 buyer_6_30c52a34-bda2-11ef-890a-02a6845b4b32 生成新token，终端：my terminal
2024-12-19 08:44:20 - be.model.user - INFO - 用户登录成功：buyer_6_30c52a34-bda2-11ef-890a-02a6845b4b32
2024-12-19 08:44:20 - be.view.auth - INFO - 登录处理结果: 200
2024-12-19 08:44:20 - werkzeug - INFO - 127.0.0.1 - - [19/Dec/2024 08:44:20] "POST /auth/login HTTP/1.1" 200 -
2024-12-19 08:44:20 - be.view.auth - INFO - 收到登录请求: {'user_id': 'buyer_5_30c52a34-bda2-11ef-890a-02a6845b4b32', 'password': 'buyer_seller_5_30c52a34-bda2-11ef-890a-02a6845b4b32', 'terminal': 'my terminal'}
2024-12-19 08:44:20 - be.model.user - INFO - 尝试登录用户：buyer_5_30c52a34-bda2-11ef-890a-02a6845b4b32，终端：my terminal
2024-12-19 08:44:20 - be.model.user - INFO - 为用户 buyer_5_30c52a34-bda2-11ef-890a-02a6845b4b32 生成新token，终端：my terminal
2024-12-19 08:44:20 - be.model.user - INFO - 用户登录成功：buyer_5_30c52a34-bda2-11ef-890a-02a6845b4b32
2024-12-19 08:44:20 - be.view.auth - INFO - 登录处理结果: 200
2024-12-19 08:44:20 - werkzeug - INFO - 127.0.0.1 - - [19/Dec/2024 08:44:20] "POST /auth/login HTTP/1.1" 200 -
2024-12-19 08:44:20 - be.view.auth - INFO - 收到登录请求: {'user_id': 'buyer_1_30c52a34-bda2-11ef-890a-02a6845b4b32', 'password': 'buyer_seller_1_30c52a34-bda2-11ef-890a-02a6845b4b32', 'terminal': 'my terminal'}
2024-12-19 08:44:20 - be.model.user - INFO - 尝试登录用户：buyer_1_30c52a34-bda2-11ef-890a-02a6845b4b32，终端：my terminal
2024-12-19 08:44:20 - be.model.user - INFO - 为用户 buyer_1_30c52a34-bda2-11ef-890a-02a6845b4b32 生成新token，终端：my terminal
2024-12-19 08:44:20 - be.model.user - INFO - 用户登录成功：buyer_1_30c52a34-bda2-11ef-890a-02a6845b4b32
2024-12-19 08:44:20 - be.view.auth - INFO - 登录处理结果: 200
2024-12-19 08:44:20 - werkzeug - INFO - 127.0.0.1 - - [19/Dec/2024 08:44:20] "POST /auth/login HTTP/1.1" 200 -
2024-12-19 08:44:20 - be.view.auth - INFO - 收到登录请求: {'user_id': 'buyer_1_30c52a34-bda2-11ef-890a-02a6845b4b32', 'password': 'buyer_seller_1_30c52a34-bda2-11ef-890a-02a6845b4b32', 'terminal': 'my terminal'}
2024-12-19 08:44:20 - be.model.user - INFO - 尝试登录用户：buyer_1_30c52a34-bda2-11ef-890a-02a6845b4b32，终端：my terminal
2024-12-19 08:44:20 - be.model.user - INFO - 为用户 buyer_1_30c52a34-bda2-11ef-890a-02a6845b4b32 生成新token，终端：my terminal
2024-12-19 08:44:20 - be.model.user - INFO - 用户登录成功：buyer_1_30c52a34-bda2-11ef-890a-02a6845b4b32
2024-12-19 08:44:21 - be.view.auth - INFO - 登录处理结果: 200
2024-12-19 08:44:21 - werkzeug - INFO - 127.0.0.1 - - [19/Dec/2024 08:44:21] "POST /auth/login HTTP/1.1" 200 -
2024-12-19 08:44:21 - be.view.auth - INFO - 收到登录请求: {'user_id': 'buyer_8_30c52a34-bda2-11ef-890a-02a6845b4b32', 'password': 'buyer_seller_8_30c52a34-bda2-11ef-890a-02a6845b4b32', 'terminal': 'my terminal'}
2024-12-19 08:44:21 - be.model.user - INFO - 尝试登录用户：buyer_8_30c52a34-bda2-11ef-890a-02a6845b4b32，终端：my terminal
2024-12-19 08:44:21 - be.model.user - INFO - 为用户 buyer_8_30c52a34-bda2-11ef-890a-02a6845b4b32 生成新token，终端：my terminal
2024-12-19 08:44:21 - be.model.user - INFO - 用户登录成功：buyer_8_30c52a34-bda2-11ef-890a-02a6845b4b32
2024-12-19 08:44:21 - be.view.auth - INFO - 登录处理结果: 200
2024-12-19 08:44:21 - werkzeug - INFO - 127.0.0.1 - - [19/Dec/2024 08:44:21] "POST /auth/login HTTP/1.1" 200 -
2024-12-19 08:44:21 - be.view.auth - INFO - 收到登录请求: {'user_id': 'buyer_10_30c52a34-bda2-11ef-890a-02a6845b4b32', 'password': 'buyer_seller_10_30c52a34-bda2-11ef-890a-02a6845b4b32', 'terminal': 'my terminal'}
2024-12-19 08:44:21 - be.model.user - INFO - 尝试登录用户：buyer_10_30c52a34-bda2-11ef-890a-02a6845b4b32，终端：my terminal
2024-12-19 08:44:21 - be.model.user - INFO - 为用户 buyer_10_30c52a34-bda2-11ef-890a-02a6845b4b32 生成新token，终端：my terminal
2024-12-19 08:44:21 - be.model.user - INFO - 用户登录成功：buyer_10_30c52a34-bda2-11ef-890a-02a6845b4b32
2024-12-19 08:44:21 - be.view.auth - INFO - 登录处理结果: 200
2024-12-19 08:44:21 - werkzeug - INFO - 127.0.0.1 - - [19/Dec/2024 08:44:21] "POST /auth/login HTTP/1.1" 200 -
2024-12-19 08:44:21 - be.view.auth - INFO - 收到登录请求: {'user_id': 'buyer_6_30c52a34-bda2-11ef-890a-02a6845b4b32', 'password': 'buyer_seller_6_30c52a34-bda2-11ef-890a-02a6845b4b32', 'terminal': 'my terminal'}
2024-12-19 08:44:21 - be.model.user - INFO - 尝试登录用户：buyer_6_30c52a34-bda2-11ef-890a-02a6845b4b32，终端：my terminal
2024-12-19 08:44:21 - be.model.user - INFO - 为用户 buyer_6_30c52a34-bda2-11ef-890a-02a6845b4b32 生成新token，终端：my terminal
2024-12-19 08:44:21 - be.model.user - INFO - 用户登录成功：buyer_6_30c52a34-bda2-11ef-890a-02a6845b4b32
2024-12-19 08:44:21 - be.view.auth - INFO - 登录处理结果: 200
2024-12-19 08:44:21 - werkzeug - INFO - 127.0.0.1 - - [19/Dec/2024 08:44:21] "POST /auth/login HTTP/1.1" 200 -
2024-12-19 08:44:21 - be.view.auth - INFO - 收到登录请求: {'user_id': 'buyer_2_30c52a34-bda2-11ef-890a-02a6845b4b32', 'password': 'buyer_seller_2_30c52a34-bda2-11ef-890a-02a6845b4b32', 'terminal': 'my terminal'}
2024-12-19 08:44:21 - be.model.user - INFO - 尝试登录用户：buyer_2_30c52a34-bda2-11ef-890a-02a6845b4b32，终端：my terminal
2024-12-19 08:44:21 - be.model.user - INFO - 为用户 buyer_2_30c52a34-bda2-11ef-890a-02a6845b4b32 生成新token，终端：my terminal
2024-12-19 08:44:21 - be.model.user - INFO - 用户登录成功：buyer_2_30c52a34-bda2-11ef-890a-02a6845b4b32
2024-12-19 08:44:22 - be.view.auth - INFO - 登录处理结果: 200
2024-12-19 08:44:22 - werkzeug - INFO - 127.0.0.1 - - [19/Dec/2024 08:44:22] "POST /auth/login HTTP/1.1" 200 -
2024-12-19 08:44:22 - be.view.auth - INFO - 收到登录请求: {'user_id': 'buyer_1_30c52a34-bda2-11ef-890a-02a6845b4b32', 'password': 'buyer_seller_1_30c52a34-bda2-11ef-890a-02a6845b4b32', 'terminal': 'my terminal'}
2024-12-19 08:44:22 - be.model.user - INFO - 尝试登录用户：buyer_1_30c52a34-bda2-11ef-890a-02a6845b4b32，终端：my terminal
2024-12-19 08:44:22 - be.model.user - INFO - 为用户 buyer_1_30c52a34-bda2-11ef-890a-02a6845b4b32 生成新token，终端：my terminal
2024-12-19 08:44:22 - be.model.user - INFO - 用户登录成功：buyer_1_30c52a34-bda2-11ef-890a-02a6845b4b32
2024-12-19 08:44:22 - be.view.auth - INFO - 登录处理结果: 200
2024-12-19 08:44:22 - werkzeug - INFO - 127.0.0.1 - - [19/Dec/2024 08:44:22] "POST /auth/login HTTP/1.1" 200 -
2024-12-19 08:44:22 - be.view.auth - INFO - 收到登录请求: {'user_id': 'buyer_3_30c52a34-bda2-11ef-890a-02a6845b4b32', 'password': 'buyer_seller_3_30c52a34-bda2-11ef-890a-02a6845b4b32', 'terminal': 'my terminal'}
2024-12-19 08:44:22 - be.model.user - INFO - 尝试登录用户：buyer_3_30c52a34-bda2-11ef-890a-02a6845b4b32，终端：my terminal
2024-12-19 08:44:22 - be.model.user - INFO - 为用户 buyer_3_30c52a34-bda2-11ef-890a-02a6845b4b32 生成新token，终端：my terminal
2024-12-19 08:44:22 - be.model.user - INFO - 用户登录成功：buyer_3_30c52a34-bda2-11ef-890a-02a6845b4b32
2024-12-19 08:44:22 - be.view.auth - INFO - 登录处理结果: 200
2024-12-19 08:44:22 - werkzeug - INFO - 127.0.0.1 - - [19/Dec/2024 08:44:22] "POST /auth/login HTTP/1.1" 200 -
2024-12-19 08:44:22 - be.view.auth - INFO - 收到登录请求: {'user_id': 'buyer_6_30c52a34-bda2-11ef-890a-02a6845b4b32', 'password': 'buyer_seller_6_30c52a34-bda2-11ef-890a-02a6845b4b32', 'terminal': 'my terminal'}
2024-12-19 08:44:22 - be.model.user - INFO - 尝试登录用户：buyer_6_30c52a34-bda2-11ef-890a-02a6845b4b32，终端：my terminal
2024-12-19 08:44:22 - be.model.user - INFO - 为用户 buyer_6_30c52a34-bda2-11ef-890a-02a6845b4b32 生成新token，终端：my terminal
2024-12-19 08:44:22 - be.model.user - INFO - 用户登录成功：buyer_6_30c52a34-bda2-11ef-890a-02a6845b4b32
2024-12-19 08:44:22 - be.view.auth - INFO - 登录处理结果: 200
2024-12-19 08:44:22 - werkzeug - INFO - 127.0.0.1 - - [19/Dec/2024 08:44:22] "POST /auth/login HTTP/1.1" 200 -
2024-12-19 08:44:22 - be.view.auth - INFO - 收到登录请求: {'user_id': 'buyer_8_30c52a34-bda2-11ef-890a-02a6845b4b32', 'password': 'buyer_seller_8_30c52a34-bda2-11ef-890a-02a6845b4b32', 'terminal': 'my terminal'}
2024-12-19 08:44:22 - be.model.user - INFO - 尝试登录用户：buyer_8_30c52a34-bda2-11ef-890a-02a6845b4b32，终端：my terminal
2024-12-19 08:44:22 - be.model.user - INFO - 为用户 buyer_8_30c52a34-bda2-11ef-890a-02a6845b4b32 生成新token，终端：my terminal
2024-12-19 08:44:22 - be.model.user - INFO - 用户登录成功：buyer_8_30c52a34-bda2-11ef-890a-02a6845b4b32
2024-12-19 08:44:22 - be.view.auth - INFO - 登录处理结果: 200
2024-12-19 08:44:22 - werkzeug - INFO - 127.0.0.1 - - [19/Dec/2024 08:44:22] "POST /auth/login HTTP/1.1" 200 -
2024-12-19 08:44:22 - be.view.auth - INFO - 收到登录请求: {'user_id': 'buyer_3_30c52a34-bda2-11ef-890a-02a6845b4b32', 'password': 'buyer_seller_3_30c52a34-bda2-11ef-890a-02a6845b4b32', 'terminal': 'my terminal'}
2024-12-19 08:44:22 - be.model.user - INFO - 尝试登录用户：buyer_3_30c52a34-bda2-11ef-890a-02a6845b4b32，终端：my terminal
2024-12-19 08:44:23 - be.model.user - INFO - 为用户 buyer_3_30c52a34-bda2-11ef-890a-02a6845b4b32 生成新token，终端：my terminal
2024-12-19 08:44:23 - be.model.user - INFO - 用户登录成功：buyer_3_30c52a34-bda2-11ef-890a-02a6845b4b32
2024-12-19 08:44:23 - be.view.auth - INFO - 登录处理结果: 200
2024-12-19 08:44:23 - werkzeug - INFO - 127.0.0.1 - - [19/Dec/2024 08:44:23] "POST /auth/login HTTP/1.1" 200 -
2024-12-19 08:44:23 - be.view.auth - INFO - 收到登录请求: {'user_id': 'buyer_1_30c52a34-bda2-11ef-890a-02a6845b4b32', 'password': 'buyer_seller_1_30c52a34-bda2-11ef-890a-02a6845b4b32', 'terminal': 'my terminal'}
2024-12-19 08:44:23 - be.model.user - INFO - 尝试登录用户：buyer_1_30c52a34-bda2-11ef-890a-02a6845b4b32，终端：my terminal
2024-12-19 08:44:23 - be.model.user - INFO - 为用户 buyer_1_30c52a34-bda2-11ef-890a-02a6845b4b32 生成新token，终端：my terminal
2024-12-19 08:44:23 - be.model.user - INFO - 用户登录成功：buyer_1_30c52a34-bda2-11ef-890a-02a6845b4b32
2024-12-19 08:44:23 - be.view.auth - INFO - 登录处理结果: 200
2024-12-19 08:44:23 - werkzeug - INFO - 127.0.0.1 - - [19/Dec/2024 08:44:23] "POST /auth/login HTTP/1.1" 200 -
2024-12-19 08:44:23 - be.view.auth - INFO - 收到登录请求: {'user_id': 'buyer_5_30c52a34-bda2-11ef-890a-02a6845b4b32', 'password': 'buyer_seller_5_30c52a34-bda2-11ef-890a-02a6845b4b32', 'terminal': 'my terminal'}
2024-12-19 08:44:23 - be.model.user - INFO - 尝试登录用户：buyer_5_30c52a34-bda2-11ef-890a-02a6845b4b32，终端：my terminal
2024-12-19 08:44:23 - be.model.user - INFO - 为用户 buyer_5_30c52a34-bda2-11ef-890a-02a6845b4b32 生成新token，终端：my terminal
2024-12-19 08:44:23 - be.model.user - INFO - 用户登录成功：buyer_5_30c52a34-bda2-11ef-890a-02a6845b4b32
2024-12-19 08:44:23 - be.view.auth - INFO - 登录处理结果: 200
2024-12-19 08:44:23 - werkzeug - INFO - 127.0.0.1 - - [19/Dec/2024 08:44:23] "POST /auth/login HTTP/1.1" 200 -
2024-12-19 08:44:23 - be.view.auth - INFO - 收到登录请求: {'user_id': 'buyer_6_30c52a34-bda2-11ef-890a-02a6845b4b32', 'password': 'buyer_seller_6_30c52a34-bda2-11ef-890a-02a6845b4b32', 'terminal': 'my terminal'}
2024-12-19 08:44:23 - be.model.user - INFO - 尝试登录用户：buyer_6_30c52a34-bda2-11ef-890a-02a6845b4b32，终端：my terminal
2024-12-19 08:44:23 - be.model.user - INFO - 为用户 buyer_6_30c52a34-bda2-11ef-890a-02a6845b4b32 生成新token，终端：my terminal
2024-12-19 08:44:23 - be.model.user - INFO - 用户登录成功：buyer_6_30c52a34-bda2-11ef-890a-02a6845b4b32
2024-12-19 08:44:23 - be.view.auth - INFO - 登录处理结果: 200
2024-12-19 08:44:23 - werkzeug - INFO - 127.0.0.1 - - [19/Dec/2024 08:44:23] "POST /auth/login HTTP/1.1" 200 -
2024-12-19 08:44:23 - be.view.auth - INFO - 收到登录请求: {'user_id': 'buyer_2_30c52a34-bda2-11ef-890a-02a6845b4b32', 'password': 'buyer_seller_2_30c52a34-bda2-11ef-890a-02a6845b4b32', 'terminal': 'my terminal'}
2024-12-19 08:44:23 - be.model.user - INFO - 尝试登录用户：buyer_2_30c52a34-bda2-11ef-890a-02a6845b4b32，终端：my terminal
2024-12-19 08:44:23 - be.model.user - INFO - 为用户 buyer_2_30c52a34-bda2-11ef-890a-02a6845b4b32 生成新token，终端：my terminal
2024-12-19 08:44:23 - be.model.user - INFO - 用户登录成功：buyer_2_30c52a34-bda2-11ef-890a-02a6845b4b32
2024-12-19 08:44:24 - be.view.auth - INFO - 登录处理结果: 200
2024-12-19 08:44:24 - werkzeug - INFO - 127.0.0.1 - - [19/Dec/2024 08:44:24] "POST /auth/login HTTP/1.1" 200 -
2024-12-19 08:44:24 - be.view.auth - INFO - 收到登录请求: {'user_id': 'buyer_7_30c52a34-bda2-11ef-890a-02a6845b4b32', 'password': 'buyer_seller_7_30c52a34-bda2-11ef-890a-02a6845b4b32', 'terminal': 'my terminal'}
2024-12-19 08:44:24 - be.model.user - INFO - 尝试登录用户：buyer_7_30c52a34-bda2-11ef-890a-02a6845b4b32，终端：my terminal
2024-12-19 08:44:24 - be.model.user - INFO - 为用户 buyer_7_30c52a34-bda2-11ef-890a-02a6845b4b32 生成新token，终端：my terminal
2024-12-19 08:44:24 - be.model.user - INFO - 用户登录成功：buyer_7_30c52a34-bda2-11ef-890a-02a6845b4b32
2024-12-19 08:44:24 - be.view.auth - INFO - 登录处理结果: 200
2024-12-19 08:44:24 - werkzeug - INFO - 127.0.0.1 - - [19/Dec/2024 08:44:24] "POST /auth/login HTTP/1.1" 200 -
2024-12-19 08:44:24 - be.view.auth - INFO - 收到登录请求: {'user_id': 'buyer_4_30c52a34-bda2-11ef-890a-02a6845b4b32', 'password': 'buyer_seller_4_30c52a34-bda2-11ef-890a-02a6845b4b32', 'terminal': 'my terminal'}
2024-12-19 08:44:24 - be.model.user - INFO - 尝试登录用户：buyer_4_30c52a34-bda2-11ef-890a-02a6845b4b32，终端：my terminal
2024-12-19 08:44:24 - be.model.user - INFO - 为用户 buyer_4_30c52a34-bda2-11ef-890a-02a6845b4b32 生成新token，终端：my terminal
2024-12-19 08:44:24 - be.model.user - INFO - 用户登录成功：buyer_4_30c52a34-bda2-11ef-890a-02a6845b4b32
2024-12-19 08:44:24 - be.view.auth - INFO - 登录处理结果: 200
2024-12-19 08:44:24 - werkzeug - INFO - 127.0.0.1 - - [19/Dec/2024 08:44:24] "POST /auth/login HTTP/1.1" 200 -
2024-12-19 08:44:24 - be.view.auth - INFO - 收到登录请求: {'user_id': 'buyer_4_30c52a34-bda2-11ef-890a-02a6845b4b32', 'password': 'buyer_seller_4_30c52a34-bda2-11ef-890a-02a6845b4b32', 'terminal': 'my terminal'}
2024-12-19 08:44:24 - be.model.user - INFO - 尝试登录用户：buyer_4_30c52a34-bda2-11ef-890a-02a6845b4b32，终端：my terminal
2024-12-19 08:44:24 - be.model.user - INFO - 为用户 buyer_4_30c52a34-bda2-11ef-890a-02a6845b4b32 生成新token，终端：my terminal
2024-12-19 08:44:24 - be.model.user - INFO - 用户登录成功：buyer_4_30c52a34-bda2-11ef-890a-02a6845b4b32
2024-12-19 08:44:24 - be.view.auth - INFO - 登录处理结果: 200
2024-12-19 08:44:24 - werkzeug - INFO - 127.0.0.1 - - [19/Dec/2024 08:44:24] "POST /auth/login HTTP/1.1" 200 -
2024-12-19 08:44:24 - be.view.auth - INFO - 收到登录请求: {'user_id': 'buyer_9_30c52a34-bda2-11ef-890a-02a6845b4b32', 'password': 'buyer_seller_9_30c52a34-bda2-11ef-890a-02a6845b4b32', 'terminal': 'my terminal'}
2024-12-19 08:44:24 - be.model.user - INFO - 尝试登录用户：buyer_9_30c52a34-bda2-11ef-890a-02a6845b4b32，终端：my terminal
2024-12-19 08:44:24 - be.model.user - INFO - 为用户 buyer_9_30c52a34-bda2-11ef-890a-02a6845b4b32 生成新token，终端：my terminal
2024-12-19 08:44:24 - be.model.user - INFO - 用户登录成功：buyer_9_30c52a34-bda2-11ef-890a-02a6845b4b32
2024-12-19 08:44:24 - be.view.auth - INFO - 登录处理结果: 200
2024-12-19 08:44:24 - werkzeug - INFO - 127.0.0.1 - - [19/Dec/2024 08:44:24] "POST /auth/login HTTP/1.1" 200 -
2024-12-19 08:44:24 - be.view.auth - INFO - 收到登录请求: {'user_id': 'buyer_1_30c52a34-bda2-11ef-890a-02a6845b4b32', 'password': 'buyer_seller_1_30c52a34-bda2-11ef-890a-02a6845b4b32', 'terminal': 'my terminal'}
2024-12-19 08:44:24 - be.model.user - INFO - 尝试登录用户：buyer_1_30c52a34-bda2-11ef-890a-02a6845b4b32，终端：my terminal
2024-12-19 08:44:25 - be.model.user - INFO - 为用户 buyer_1_30c52a34-bda2-11ef-890a-02a6845b4b32 生成新token，终端：my terminal
2024-12-19 08:44:25 - be.model.user - INFO - 用户登录成功：buyer_1_30c52a34-bda2-11ef-890a-02a6845b4b32
2024-12-19 08:44:25 - be.view.auth - INFO - 登录处理结果: 200
2024-12-19 08:44:25 - werkzeug - INFO - 127.0.0.1 - - [19/Dec/2024 08:44:25] "POST /auth/login HTTP/1.1" 200 -
2024-12-19 08:44:25 - be.view.auth - INFO - 收到登录请求: {'user_id': 'buyer_8_30c52a34-bda2-11ef-890a-02a6845b4b32', 'password': 'buyer_seller_8_30c52a34-bda2-11ef-890a-02a6845b4b32', 'terminal': 'my terminal'}
2024-12-19 08:44:25 - be.model.user - INFO - 尝试登录用户：buyer_8_30c52a34-bda2-11ef-890a-02a6845b4b32，终端：my terminal
2024-12-19 08:44:25 - be.model.user - INFO - 为用户 buyer_8_30c52a34-bda2-11ef-890a-02a6845b4b32 生成新token，终端：my terminal
2024-12-19 08:44:25 - be.model.user - INFO - 用户登录成功：buyer_8_30c52a34-bda2-11ef-890a-02a6845b4b32
2024-12-19 08:44:25 - be.view.auth - INFO - 登录处理结果: 200
2024-12-19 08:44:25 - werkzeug - INFO - 127.0.0.1 - - [19/Dec/2024 08:44:25] "POST /auth/login HTTP/1.1" 200 -
2024-12-19 08:44:25 - be.view.auth - INFO - 收到登录请求: {'user_id': 'buyer_9_30c52a34-bda2-11ef-890a-02a6845b4b32', 'password': 'buyer_seller_9_30c52a34-bda2-11ef-890a-02a6845b4b32', 'terminal': 'my terminal'}
2024-12-19 08:44:25 - be.model.user - INFO - 尝试登录用户：buyer_9_30c52a34-bda2-11ef-890a-02a6845b4b32，终端：my terminal
2024-12-19 08:44:25 - be.model.user - INFO - 为用户 buyer_9_30c52a34-bda2-11ef-890a-02a6845b4b32 生成新token，终端：my terminal
2024-12-19 08:44:25 - be.model.user - INFO - 用户登录成功：buyer_9_30c52a34-bda2-11ef-890a-02a6845b4b32
2024-12-19 08:44:25 - be.view.auth - INFO - 登录处理结果: 200
2024-12-19 08:44:25 - werkzeug - INFO - 127.0.0.1 - - [19/Dec/2024 08:44:25] "POST /auth/login HTTP/1.1" 200 -
2024-12-19 08:44:25 - be.view.auth - INFO - 收到登录请求: {'user_id': 'buyer_6_30c52a34-bda2-11ef-890a-02a6845b4b32', 'password': 'buyer_seller_6_30c52a34-bda2-11ef-890a-02a6845b4b32', 'terminal': 'my terminal'}
2024-12-19 08:44:25 - be.model.user - INFO - 尝试登录用户：buyer_6_30c52a34-bda2-11ef-890a-02a6845b4b32，终端：my terminal
2024-12-19 08:44:25 - be.model.user - INFO - 为用户 buyer_6_30c52a34-bda2-11ef-890a-02a6845b4b32 生成新token，终端：my terminal
2024-12-19 08:44:25 - be.model.user - INFO - 用户登录成功：buyer_6_30c52a34-bda2-11ef-890a-02a6845b4b32
2024-12-19 08:44:25 - be.view.auth - INFO - 登录处理结果: 200
2024-12-19 08:44:25 - werkzeug - INFO - 127.0.0.1 - - [19/Dec/2024 08:44:25] "POST /auth/login HTTP/1.1" 200 -
2024-12-19 08:44:25 - be.view.auth - INFO - 收到登录请求: {'user_id': 'buyer_7_30c52a34-bda2-11ef-890a-02a6845b4b32', 'password': 'buyer_seller_7_30c52a34-bda2-11ef-890a-02a6845b4b32', 'terminal': 'my terminal'}
2024-12-19 08:44:25 - be.model.user - INFO - 尝试登录用户：buyer_7_30c52a34-bda2-11ef-890a-02a6845b4b32，终端：my terminal
2024-12-19 08:44:25 - be.model.user - INFO - 为用户 buyer_7_30c52a34-bda2-11ef-890a-02a6845b4b32 生成新token，终端：my terminal
2024-12-19 08:44:25 - be.model.user - INFO - 用户登录成功：buyer_7_30c52a34-bda2-11ef-890a-02a6845b4b32
2024-12-19 08:44:26 - be.view.auth - INFO - 登录处理结果: 200
2024-12-19 08:44:26 - werkzeug - INFO - 127.0.0.1 - - [19/Dec/2024 08:44:26] "POST /auth/login HTTP/1.1" 200 -
2024-12-19 08:44:26 - be.view.auth - INFO - 收到登录请求: {'user_id': 'buyer_3_30c52a34-bda2-11ef-890a-02a6845b4b32', 'password': 'buyer_seller_3_30c52a34-bda2-11ef-890a-02a6845b4b32', 'terminal': 'my terminal'}
2024-12-19 08:44:26 - be.model.user - INFO - 尝试登录用户：buyer_3_30c52a34-bda2-11ef-890a-02a6845b4b32，终端：my terminal
2024-12-19 08:44:26 - be.model.user - INFO - 为用户 buyer_3_30c52a34-bda2-11ef-890a-02a6845b4b32 生成新token，终端：my terminal
2024-12-19 08:44:26 - be.model.user - INFO - 用户登录成功：buyer_3_30c52a34-bda2-11ef-890a-02a6845b4b32
2024-12-19 08:44:26 - be.view.auth - INFO - 登录处理结果: 200
2024-12-19 08:44:26 - werkzeug - INFO - 127.0.0.1 - - [19/Dec/2024 08:44:26] "POST /auth/login HTTP/1.1" 200 -
2024-12-19 08:44:26 - be.view.auth - INFO - 收到登录请求: {'user_id': 'buyer_2_30c52a34-bda2-11ef-890a-02a6845b4b32', 'password': 'buyer_seller_2_30c52a34-bda2-11ef-890a-02a6845b4b32', 'terminal': 'my terminal'}
2024-12-19 08:44:26 - be.model.user - INFO - 尝试登录用户：buyer_2_30c52a34-bda2-11ef-890a-02a6845b4b32，终端：my terminal
2024-12-19 08:44:26 - be.model.user - INFO - 为用户 buyer_2_30c52a34-bda2-11ef-890a-02a6845b4b32 生成新token，终端：my terminal
2024-12-19 08:44:26 - be.model.user - INFO - 用户登录成功：buyer_2_30c52a34-bda2-11ef-890a-02a6845b4b32
2024-12-19 08:44:26 - be.view.auth - INFO - 登录处理结果: 200
2024-12-19 08:44:26 - werkzeug - INFO - 127.0.0.1 - - [19/Dec/2024 08:44:26] "POST /auth/login HTTP/1.1" 200 -
2024-12-19 08:44:26 - be.view.auth - INFO - 收到登录请求: {'user_id': 'buyer_4_30c52a34-bda2-11ef-890a-02a6845b4b32', 'password': 'buyer_seller_4_30c52a34-bda2-11ef-890a-02a6845b4b32', 'terminal': 'my terminal'}
2024-12-19 08:44:26 - be.model.user - INFO - 尝试登录用户：buyer_4_30c52a34-bda2-11ef-890a-02a6845b4b32，终端：my terminal
2024-12-19 08:44:26 - be.model.user - INFO - 为用户 buyer_4_30c52a34-bda2-11ef-890a-02a6845b4b32 生成新token，终端：my terminal
2024-12-19 08:44:26 - be.model.user - INFO - 用户登录成功：buyer_4_30c52a34-bda2-11ef-890a-02a6845b4b32
2024-12-19 08:44:26 - be.view.auth - INFO - 登录处理结果: 200
2024-12-19 08:44:26 - werkzeug - INFO - 127.0.0.1 - - [19/Dec/2024 08:44:26] "POST /auth/login HTTP/1.1" 200 -
2024-12-19 08:44:26 - be.view.auth - INFO - 收到登录请求: {'user_id': 'buyer_5_30c52a34-bda2-11ef-890a-02a6845b4b32', 'password': 'buyer_seller_5_30c52a34-bda2-11ef-890a-02a6845b4b32', 'terminal': 'my terminal'}
2024-12-19 08:44:26 - be.model.user - INFO - 尝试登录用户：buyer_5_30c52a34-bda2-11ef-890a-02a6845b4b32，终端：my terminal
2024-12-19 08:44:26 - be.model.user - INFO - 为用户 buyer_5_30c52a34-bda2-11ef-890a-02a6845b4b32 生成新token，终端：my terminal
2024-12-19 08:44:26 - be.model.user - INFO - 用户登录成功：buyer_5_30c52a34-bda2-11ef-890a-02a6845b4b32
2024-12-19 08:44:27 - be.view.auth - INFO - 登录处理结果: 200
2024-12-19 08:44:27 - werkzeug - INFO - 127.0.0.1 - - [19/Dec/2024 08:44:27] "POST /auth/login HTTP/1.1" 200 -
2024-12-19 08:44:27 - be.view.auth - INFO - 收到登录请求: {'user_id': 'buyer_1_30c52a34-bda2-11ef-890a-02a6845b4b32', 'password': 'buyer_seller_1_30c52a34-bda2-11ef-890a-02a6845b4b32', 'terminal': 'my terminal'}
2024-12-19 08:44:27 - be.model.user - INFO - 尝试登录用户：buyer_1_30c52a34-bda2-11ef-890a-02a6845b4b32，终端：my terminal
2024-12-19 08:44:27 - be.model.user - INFO - 为用户 buyer_1_30c52a34-bda2-11ef-890a-02a6845b4b32 生成新token，终端：my terminal
2024-12-19 08:44:27 - be.model.user - INFO - 用户登录成功：buyer_1_30c52a34-bda2-11ef-890a-02a6845b4b32
2024-12-19 08:44:27 - be.view.auth - INFO - 登录处理结果: 200
2024-12-19 08:44:27 - werkzeug - INFO - 127.0.0.1 - - [19/Dec/2024 08:44:27] "POST /auth/login HTTP/1.1" 200 -
2024-12-19 08:44:27 - be.view.auth - INFO - 收到登录请求: {'user_id': 'buyer_3_30c52a34-bda2-11ef-890a-02a6845b4b32', 'password': 'buyer_seller_3_30c52a34-bda2-11ef-890a-02a6845b4b32', 'terminal': 'my terminal'}
2024-12-19 08:44:27 - be.model.user - INFO - 尝试登录用户：buyer_3_30c52a34-bda2-11ef-890a-02a6845b4b32，终端：my terminal
2024-12-19 08:44:27 - be.model.user - INFO - 为用户 buyer_3_30c52a34-bda2-11ef-890a-02a6845b4b32 生成新token，终端：my terminal
2024-12-19 08:44:27 - be.model.user - INFO - 用户登录成功：buyer_3_30c52a34-bda2-11ef-890a-02a6845b4b32
2024-12-19 08:44:27 - be.view.auth - INFO - 登录处理结果: 200
2024-12-19 08:44:27 - werkzeug - INFO - 127.0.0.1 - - [19/Dec/2024 08:44:27] "POST /auth/login HTTP/1.1" 200 -
2024-12-19 08:44:27 - be.view.auth - INFO - 收到登录请求: {'user_id': 'buyer_1_30c52a34-bda2-11ef-890a-02a6845b4b32', 'password': 'buyer_seller_1_30c52a34-bda2-11ef-890a-02a6845b4b32', 'terminal': 'my terminal'}
2024-12-19 08:44:27 - be.model.user - INFO - 尝试登录用户：buyer_1_30c52a34-bda2-11ef-890a-02a6845b4b32，终端：my terminal
2024-12-19 08:44:27 - be.model.user - INFO - 为用户 buyer_1_30c52a34-bda2-11ef-890a-02a6845b4b32 生成新token，终端：my terminal
2024-12-19 08:44:27 - be.model.user - INFO - 用户登录成功：buyer_1_30c52a34-bda2-11ef-890a-02a6845b4b32
2024-12-19 08:44:27 - be.view.auth - INFO - 登录处理结果: 200
2024-12-19 08:44:27 - werkzeug - INFO - 127.0.0.1 - - [19/Dec/2024 08:44:27] "POST /auth/login HTTP/1.1" 200 -
2024-12-19 08:44:27 - be.view.auth - INFO - 收到登录请求: {'user_id': 'buyer_2_30c52a34-bda2-11ef-890a-02a6845b4b32', 'password': 'buyer_seller_2_30c52a34-bda2-11ef-890a-02a6845b4b32', 'terminal': 'my terminal'}
2024-12-19 08:44:27 - be.model.user - INFO - 尝试登录用户：buyer_2_30c52a34-bda2-11ef-890a-02a6845b4b32，终端：my terminal
2024-12-19 08:44:27 - be.model.user - INFO - 为用户 buyer_2_30c52a34-bda2-11ef-890a-02a6845b4b32 生成新token，终端：my terminal
2024-12-19 08:44:27 - be.model.user - INFO - 用户登录成功：buyer_2_30c52a34-bda2-11ef-890a-02a6845b4b32
2024-12-19 08:44:27 - be.view.auth - INFO - 登录处理结果: 200
2024-12-19 08:44:27 - werkzeug - INFO - 127.0.0.1 - - [19/Dec/2024 08:44:27] "POST /auth/login HTTP/1.1" 200 -
2024-12-19 08:44:27 - be.view.auth - INFO - 收到登录请求: {'user_id': 'buyer_6_30c52a34-bda2-11ef-890a-02a6845b4b32', 'password': 'buyer_seller_6_30c52a34-bda2-11ef-890a-02a6845b4b32', 'terminal': 'my terminal'}
2024-12-19 08:44:27 - be.model.user - INFO - 尝试登录用户：buyer_6_30c52a34-bda2-11ef-890a-02a6845b4b32，终端：my terminal
2024-12-19 08:44:28 - be.model.user - INFO - 为用户 buyer_6_30c52a34-bda2-11ef-890a-02a6845b4b32 生成新token，终端：my terminal
2024-12-19 08:44:28 - be.model.user - INFO - 用户登录成功：buyer_6_30c52a34-bda2-11ef-890a-02a6845b4b32
2024-12-19 08:44:28 - be.view.auth - INFO - 登录处理结果: 200
2024-12-19 08:44:28 - werkzeug - INFO - 127.0.0.1 - - [19/Dec/2024 08:44:28] "POST /auth/login HTTP/1.1" 200 -
2024-12-19 08:44:28 - be.view.auth - INFO - 收到登录请求: {'user_id': 'buyer_5_30c52a34-bda2-11ef-890a-02a6845b4b32', 'password': 'buyer_seller_5_30c52a34-bda2-11ef-890a-02a6845b4b32', 'terminal': 'my terminal'}
2024-12-19 08:44:28 - be.model.user - INFO - 尝试登录用户：buyer_5_30c52a34-bda2-11ef-890a-02a6845b4b32，终端：my terminal
2024-12-19 08:44:28 - be.model.user - INFO - 为用户 buyer_5_30c52a34-bda2-11ef-890a-02a6845b4b32 生成新token，终端：my terminal
2024-12-19 08:44:28 - be.model.user - INFO - 用户登录成功：buyer_5_30c52a34-bda2-11ef-890a-02a6845b4b32
2024-12-19 08:44:28 - be.view.auth - INFO - 登录处理结果: 200
2024-12-19 08:44:28 - werkzeug - INFO - 127.0.0.1 - - [19/Dec/2024 08:44:28] "POST /auth/login HTTP/1.1" 200 -
2024-12-19 08:44:28 - be.view.auth - INFO - 收到登录请求: {'user_id': 'buyer_5_30c52a34-bda2-11ef-890a-02a6845b4b32', 'password': 'buyer_seller_5_30c52a34-bda2-11ef-890a-02a6845b4b32', 'terminal': 'my terminal'}
2024-12-19 08:44:28 - be.model.user - INFO - 尝试登录用户：buyer_5_30c52a34-bda2-11ef-890a-02a6845b4b32，终端：my terminal
2024-12-19 08:44:28 - be.model.user - INFO - 为用户 buyer_5_30c52a34-bda2-11ef-890a-02a6845b4b32 生成新token，终端：my terminal
2024-12-19 08:44:28 - be.model.user - INFO - 用户登录成功：buyer_5_30c52a34-bda2-11ef-890a-02a6845b4b32
2024-12-19 08:44:28 - be.view.auth - INFO - 登录处理结果: 200
2024-12-19 08:44:28 - werkzeug - INFO - 127.0.0.1 - - [19/Dec/2024 08:44:28] "POST /auth/login HTTP/1.1" 200 -
2024-12-19 08:44:28 - be.view.auth - INFO - 收到登录请求: {'user_id': 'buyer_10_30c52a34-bda2-11ef-890a-02a6845b4b32', 'password': 'buyer_seller_10_30c52a34-bda2-11ef-890a-02a6845b4b32', 'terminal': 'my terminal'}
2024-12-19 08:44:28 - be.model.user - INFO - 尝试登录用户：buyer_10_30c52a34-bda2-11ef-890a-02a6845b4b32，终端：my terminal
2024-12-19 08:44:28 - be.model.user - INFO - 为用户 buyer_10_30c52a34-bda2-11ef-890a-02a6845b4b32 生成新token，终端：my terminal
2024-12-19 08:44:28 - be.model.user - INFO - 用户登录成功：buyer_10_30c52a34-bda2-11ef-890a-02a6845b4b32
2024-12-19 08:44:28 - be.view.auth - INFO - 登录处理结果: 200
2024-12-19 08:44:28 - werkzeug - INFO - 127.0.0.1 - - [19/Dec/2024 08:44:28] "POST /auth/login HTTP/1.1" 200 -
2024-12-19 08:44:28 - be.view.auth - INFO - 收到登录请求: {'user_id': 'buyer_7_30c52a34-bda2-11ef-890a-02a6845b4b32', 'password': 'buyer_seller_7_30c52a34-bda2-11ef-890a-02a6845b4b32', 'terminal': 'my terminal'}
2024-12-19 08:44:28 - be.model.user - INFO - 尝试登录用户：buyer_7_30c52a34-bda2-11ef-890a-02a6845b4b32，终端：my terminal
2024-12-19 08:44:28 - be.model.user - INFO - 为用户 buyer_7_30c52a34-bda2-11ef-890a-02a6845b4b32 生成新token，终端：my terminal
2024-12-19 08:44:28 - be.model.user - INFO - 用户登录成功：buyer_7_30c52a34-bda2-11ef-890a-02a6845b4b32
2024-12-19 08:44:29 - be.view.auth - INFO - 登录处理结果: 200
2024-12-19 08:44:29 - werkzeug - INFO - 127.0.0.1 - - [19/Dec/2024 08:44:29] "POST /auth/login HTTP/1.1" 200 -
2024-12-19 08:44:29 - be.view.auth - INFO - 收到登录请求: {'user_id': 'buyer_5_30c52a34-bda2-11ef-890a-02a6845b4b32', 'password': 'buyer_seller_5_30c52a34-bda2-11ef-890a-02a6845b4b32', 'terminal': 'my terminal'}
2024-12-19 08:44:29 - be.model.user - INFO - 尝试登录用户：buyer_5_30c52a34-bda2-11ef-890a-02a6845b4b32，终端：my terminal
2024-12-19 08:44:29 - be.model.user - INFO - 为用户 buyer_5_30c52a34-bda2-11ef-890a-02a6845b4b32 生成新token，终端：my terminal
2024-12-19 08:44:29 - be.model.user - INFO - 用户登录成功：buyer_5_30c52a34-bda2-11ef-890a-02a6845b4b32
2024-12-19 08:44:29 - be.view.auth - INFO - 登录处理结果: 200
2024-12-19 08:44:29 - werkzeug - INFO - 127.0.0.1 - - [19/Dec/2024 08:44:29] "POST /auth/login HTTP/1.1" 200 -
2024-12-19 08:44:29 - be.view.auth - INFO - 收到登录请求: {'user_id': 'buyer_2_30c52a34-bda2-11ef-890a-02a6845b4b32', 'password': 'buyer_seller_2_30c52a34-bda2-11ef-890a-02a6845b4b32', 'terminal': 'my terminal'}
2024-12-19 08:44:29 - be.model.user - INFO - 尝试登录用户：buyer_2_30c52a34-bda2-11ef-890a-02a6845b4b32，终端：my terminal
2024-12-19 08:44:29 - be.model.user - INFO - 为用户 buyer_2_30c52a34-bda2-11ef-890a-02a6845b4b32 生成新token，终端：my terminal
2024-12-19 08:44:29 - be.model.user - INFO - 用户登录成功：buyer_2_30c52a34-bda2-11ef-890a-02a6845b4b32
2024-12-19 08:44:29 - be.view.auth - INFO - 登录处理结果: 200
2024-12-19 08:44:29 - werkzeug - INFO - 127.0.0.1 - - [19/Dec/2024 08:44:29] "POST /auth/login HTTP/1.1" 200 -
2024-12-19 08:44:29 - be.view.auth - INFO - 收到登录请求: {'user_id': 'buyer_5_30c52a34-bda2-11ef-890a-02a6845b4b32', 'password': 'buyer_seller_5_30c52a34-bda2-11ef-890a-02a6845b4b32', 'terminal': 'my terminal'}
2024-12-19 08:44:29 - be.model.user - INFO - 尝试登录用户：buyer_5_30c52a34-bda2-11ef-890a-02a6845b4b32，终端：my terminal
2024-12-19 08:44:29 - be.model.user - INFO - 为用户 buyer_5_30c52a34-bda2-11ef-890a-02a6845b4b32 生成新token，终端：my terminal
2024-12-19 08:44:29 - be.model.user - INFO - 用户登录成功：buyer_5_30c52a34-bda2-11ef-890a-02a6845b4b32
2024-12-19 08:44:29 - be.view.auth - INFO - 登录处理结果: 200
2024-12-19 08:44:29 - werkzeug - INFO - 127.0.0.1 - - [19/Dec/2024 08:44:29] "POST /auth/login HTTP/1.1" 200 -
2024-12-19 08:44:29 - be.view.auth - INFO - 收到登录请求: {'user_id': 'buyer_10_30c52a34-bda2-11ef-890a-02a6845b4b32', 'password': 'buyer_seller_10_30c52a34-bda2-11ef-890a-02a6845b4b32', 'terminal': 'my terminal'}
2024-12-19 08:44:29 - be.model.user - INFO - 尝试登录用户：buyer_10_30c52a34-bda2-11ef-890a-02a6845b4b32，终端：my terminal
2024-12-19 08:44:29 - be.model.user - INFO - 为用户 buyer_10_30c52a34-bda2-11ef-890a-02a6845b4b32 生成新token，终端：my terminal
2024-12-19 08:44:29 - be.model.user - INFO - 用户登录成功：buyer_10_30c52a34-bda2-11ef-890a-02a6845b4b32
2024-12-19 08:44:30 - be.view.auth - INFO - 登录处理结果: 200
2024-12-19 08:44:30 - werkzeug - INFO - 127.0.0.1 - - [19/Dec/2024 08:44:30] "POST /auth/login HTTP/1.1" 200 -
2024-12-19 08:44:30 - be.view.auth - INFO - 收到登录请求: {'user_id': 'buyer_4_30c52a34-bda2-11ef-890a-02a6845b4b32', 'password': 'buyer_seller_4_30c52a34-bda2-11ef-890a-02a6845b4b32', 'terminal': 'my terminal'}
2024-12-19 08:44:30 - be.model.user - INFO - 尝试登录用户：buyer_4_30c52a34-bda2-11ef-890a-02a6845b4b32，终端：my terminal
2024-12-19 08:44:30 - be.model.user - INFO - 为用户 buyer_4_30c52a34-bda2-11ef-890a-02a6845b4b32 生成新token，终端：my terminal
2024-12-19 08:44:30 - be.model.user - INFO - 用户登录成功：buyer_4_30c52a34-bda2-11ef-890a-02a6845b4b32
2024-12-19 08:44:30 - be.view.auth - INFO - 登录处理结果: 200
2024-12-19 08:44:30 - werkzeug - INFO - 127.0.0.1 - - [19/Dec/2024 08:44:30] "POST /auth/login HTTP/1.1" 200 -
2024-12-19 08:44:30 - be.view.auth - INFO - 收到登录请求: {'user_id': 'buyer_3_30c52a34-bda2-11ef-890a-02a6845b4b32', 'password': 'buyer_seller_3_30c52a34-bda2-11ef-890a-02a6845b4b32', 'terminal': 'my terminal'}
2024-12-19 08:44:30 - be.model.user - INFO - 尝试登录用户：buyer_3_30c52a34-bda2-11ef-890a-02a6845b4b32，终端：my terminal
2024-12-19 08:44:30 - be.model.user - INFO - 为用户 buyer_3_30c52a34-bda2-11ef-890a-02a6845b4b32 生成新token，终端：my terminal
2024-12-19 08:44:30 - be.model.user - INFO - 用户登录成功：buyer_3_30c52a34-bda2-11ef-890a-02a6845b4b32
2024-12-19 08:44:30 - be.view.auth - INFO - 登录处理结果: 200
2024-12-19 08:44:30 - werkzeug - INFO - 127.0.0.1 - - [19/Dec/2024 08:44:30] "POST /auth/login HTTP/1.1" 200 -
2024-12-19 08:44:30 - be.view.auth - INFO - 收到登录请求: {'user_id': 'buyer_9_30c52a34-bda2-11ef-890a-02a6845b4b32', 'password': 'buyer_seller_9_30c52a34-bda2-11ef-890a-02a6845b4b32', 'terminal': 'my terminal'}
2024-12-19 08:44:30 - be.model.user - INFO - 尝试登录用户：buyer_9_30c52a34-bda2-11ef-890a-02a6845b4b32，终端：my terminal
2024-12-19 08:44:30 - be.model.user - INFO - 为用户 buyer_9_30c52a34-bda2-11ef-890a-02a6845b4b32 生成新token，终端：my terminal
2024-12-19 08:44:30 - be.model.user - INFO - 用户登录成功：buyer_9_30c52a34-bda2-11ef-890a-02a6845b4b32
2024-12-19 08:44:30 - be.view.auth - INFO - 登录处理结果: 200
2024-12-19 08:44:30 - werkzeug - INFO - 127.0.0.1 - - [19/Dec/2024 08:44:30] "POST /auth/login HTTP/1.1" 200 -
2024-12-19 08:44:30 - be.view.auth - INFO - 收到登录请求: {'user_id': 'buyer_3_30c52a34-bda2-11ef-890a-02a6845b4b32', 'password': 'buyer_seller_3_30c52a34-bda2-11ef-890a-02a6845b4b32', 'terminal': 'my terminal'}
2024-12-19 08:44:30 - be.model.user - INFO - 尝试登录用户：buyer_3_30c52a34-bda2-11ef-890a-02a6845b4b32，终端：my terminal
2024-12-19 08:44:30 - be.model.user - INFO - 为用户 buyer_3_30c52a34-bda2-11ef-890a-02a6845b4b32 生成新token，终端：my terminal
2024-12-19 08:44:30 - be.model.user - INFO - 用户登录成功：buyer_3_30c52a34-bda2-11ef-890a-02a6845b4b32
2024-12-19 08:44:30 - be.view.auth - INFO - 登录处理结果: 200
2024-12-19 08:44:30 - werkzeug - INFO - 127.0.0.1 - - [19/Dec/2024 08:44:30] "POST /auth/login HTTP/1.1" 200 -
2024-12-19 08:44:30 - be.view.auth - INFO - 收到登录请求: {'user_id': 'buyer_8_30c52a34-bda2-11ef-890a-02a6845b4b32', 'password': 'buyer_seller_8_30c52a34-bda2-11ef-890a-02a6845b4b32', 'terminal': 'my terminal'}
2024-12-19 08:44:30 - be.model.user - INFO - 尝试登录用户：buyer_8_30c52a34-bda2-11ef-890a-02a6845b4b32，终端：my terminal
2024-12-19 08:44:31 - be.model.user - INFO - 为用户 buyer_8_30c52a34-bda2-11ef-890a-02a6845b4b32 生成新token，终端：my terminal
2024-12-19 08:44:31 - be.model.user - INFO - 用户登录成功：buyer_8_30c52a34-bda2-11ef-890a-02a6845b4b32
2024-12-19 08:44:31 - be.view.auth - INFO - 登录处理结果: 200
2024-12-19 08:44:31 - werkzeug - INFO - 127.0.0.1 - - [19/Dec/2024 08:44:31] "POST /auth/login HTTP/1.1" 200 -
2024-12-19 08:44:31 - be.view.auth - INFO - 收到登录请求: {'user_id': 'buyer_7_30c52a34-bda2-11ef-890a-02a6845b4b32', 'password': 'buyer_seller_7_30c52a34-bda2-11ef-890a-02a6845b4b32', 'terminal': 'my terminal'}
2024-12-19 08:44:31 - be.model.user - INFO - 尝试登录用户：buyer_7_30c52a34-bda2-11ef-890a-02a6845b4b32，终端：my terminal
2024-12-19 08:44:31 - be.model.user - INFO - 为用户 buyer_7_30c52a34-bda2-11ef-890a-02a6845b4b32 生成新token，终端：my terminal
2024-12-19 08:44:31 - be.model.user - INFO - 用户登录成功：buyer_7_30c52a34-bda2-11ef-890a-02a6845b4b32
2024-12-19 08:44:31 - be.view.auth - INFO - 登录处理结果: 200
2024-12-19 08:44:31 - werkzeug - INFO - 127.0.0.1 - - [19/Dec/2024 08:44:31] "POST /auth/login HTTP/1.1" 200 -
2024-12-19 08:44:31 - be.view.auth - INFO - 收到登录请求: {'user_id': 'buyer_5_30c52a34-bda2-11ef-890a-02a6845b4b32', 'password': 'buyer_seller_5_30c52a34-bda2-11ef-890a-02a6845b4b32', 'terminal': 'my terminal'}
2024-12-19 08:44:31 - be.model.user - INFO - 尝试登录用户：buyer_5_30c52a34-bda2-11ef-890a-02a6845b4b32，终端：my terminal
2024-12-19 08:44:31 - be.model.user - INFO - 为用户 buyer_5_30c52a34-bda2-11ef-890a-02a6845b4b32 生成新token，终端：my terminal
2024-12-19 08:44:31 - be.model.user - INFO - 用户登录成功：buyer_5_30c52a34-bda2-11ef-890a-02a6845b4b32
2024-12-19 08:44:31 - be.view.auth - INFO - 登录处理结果: 200
2024-12-19 08:44:31 - werkzeug - INFO - 127.0.0.1 - - [19/Dec/2024 08:44:31] "POST /auth/login HTTP/1.1" 200 -
2024-12-19 08:44:31 - be.view.auth - INFO - 收到登录请求: {'user_id': 'buyer_2_30c52a34-bda2-11ef-890a-02a6845b4b32', 'password': 'buyer_seller_2_30c52a34-bda2-11ef-890a-02a6845b4b32', 'terminal': 'my terminal'}
2024-12-19 08:44:31 - be.model.user - INFO - 尝试登录用户：buyer_2_30c52a34-bda2-11ef-890a-02a6845b4b32，终端：my terminal
2024-12-19 08:44:31 - be.model.user - INFO - 为用户 buyer_2_30c52a34-bda2-11ef-890a-02a6845b4b32 生成新token，终端：my terminal
2024-12-19 08:44:31 - be.model.user - INFO - 用户登录成功：buyer_2_30c52a34-bda2-11ef-890a-02a6845b4b32
2024-12-19 08:44:31 - be.view.auth - INFO - 登录处理结果: 200
2024-12-19 08:44:31 - werkzeug - INFO - 127.0.0.1 - - [19/Dec/2024 08:44:31] "POST /auth/login HTTP/1.1" 200 -
2024-12-19 08:44:31 - be.view.auth - INFO - 收到登录请求: {'user_id': 'buyer_9_30c52a34-bda2-11ef-890a-02a6845b4b32', 'password': 'buyer_seller_9_30c52a34-bda2-11ef-890a-02a6845b4b32', 'terminal': 'my terminal'}
2024-12-19 08:44:31 - be.model.user - INFO - 尝试登录用户：buyer_9_30c52a34-bda2-11ef-890a-02a6845b4b32，终端：my terminal
2024-12-19 08:44:31 - be.model.user - INFO - 为用户 buyer_9_30c52a34-bda2-11ef-890a-02a6845b4b32 生成新token，终端：my terminal
2024-12-19 08:44:31 - be.model.user - INFO - 用户登录成功：buyer_9_30c52a34-bda2-11ef-890a-02a6845b4b32
2024-12-19 08:44:32 - be.view.auth - INFO - 登录处理结果: 200
2024-12-19 08:44:32 - werkzeug - INFO - 127.0.0.1 - - [19/Dec/2024 08:44:32] "POST /auth/login HTTP/1.1" 200 -
2024-12-19 08:44:32 - be.view.auth - INFO - 收到登录请求: {'user_id': 'buyer_4_30c52a34-bda2-11ef-890a-02a6845b4b32', 'password': 'buyer_seller_4_30c52a34-bda2-11ef-890a-02a6845b4b32', 'terminal': 'my terminal'}
2024-12-19 08:44:32 - be.model.user - INFO - 尝试登录用户：buyer_4_30c52a34-bda2-11ef-890a-02a6845b4b32，终端：my terminal
2024-12-19 08:44:32 - be.model.user - INFO - 为用户 buyer_4_30c52a34-bda2-11ef-890a-02a6845b4b32 生成新token，终端：my terminal
2024-12-19 08:44:32 - be.model.user - INFO - 用户登录成功：buyer_4_30c52a34-bda2-11ef-890a-02a6845b4b32
2024-12-19 08:44:32 - be.view.auth - INFO - 登录处理结果: 200
2024-12-19 08:44:32 - werkzeug - INFO - 127.0.0.1 - - [19/Dec/2024 08:44:32] "POST /auth/login HTTP/1.1" 200 -
2024-12-19 08:44:32 - be.view.auth - INFO - 收到登录请求: {'user_id': 'buyer_7_30c52a34-bda2-11ef-890a-02a6845b4b32', 'password': 'buyer_seller_7_30c52a34-bda2-11ef-890a-02a6845b4b32', 'terminal': 'my terminal'}
2024-12-19 08:44:32 - be.model.user - INFO - 尝试登录用户：buyer_7_30c52a34-bda2-11ef-890a-02a6845b4b32，终端：my terminal
2024-12-19 08:44:32 - be.model.user - INFO - 为用户 buyer_7_30c52a34-bda2-11ef-890a-02a6845b4b32 生成新token，终端：my terminal
2024-12-19 08:44:32 - be.model.user - INFO - 用户登录成功：buyer_7_30c52a34-bda2-11ef-890a-02a6845b4b32
2024-12-19 08:44:32 - be.view.auth - INFO - 登录处理结果: 200
2024-12-19 08:44:32 - werkzeug - INFO - 127.0.0.1 - - [19/Dec/2024 08:44:32] "POST /auth/login HTTP/1.1" 200 -
2024-12-19 08:44:32 - be.view.auth - INFO - 收到登录请求: {'user_id': 'buyer_6_30c52a34-bda2-11ef-890a-02a6845b4b32', 'password': 'buyer_seller_6_30c52a34-bda2-11ef-890a-02a6845b4b32', 'terminal': 'my terminal'}
2024-12-19 08:44:32 - be.model.user - INFO - 尝试登录用户：buyer_6_30c52a34-bda2-11ef-890a-02a6845b4b32，终端：my terminal
2024-12-19 08:44:32 - be.model.user - INFO - 为用户 buyer_6_30c52a34-bda2-11ef-890a-02a6845b4b32 生成新token，终端：my terminal
2024-12-19 08:44:32 - be.model.user - INFO - 用户登录成功：buyer_6_30c52a34-bda2-11ef-890a-02a6845b4b32
2024-12-19 08:44:32 - be.view.auth - INFO - 登录处理结果: 200
2024-12-19 08:44:32 - werkzeug - INFO - 127.0.0.1 - - [19/Dec/2024 08:44:32] "POST /auth/login HTTP/1.1" 200 -
2024-12-19 08:44:32 - be.view.auth - INFO - 收到登录请求: {'user_id': 'buyer_2_30c52a34-bda2-11ef-890a-02a6845b4b32', 'password': 'buyer_seller_2_30c52a34-bda2-11ef-890a-02a6845b4b32', 'terminal': 'my terminal'}
2024-12-19 08:44:32 - be.model.user - INFO - 尝试登录用户：buyer_2_30c52a34-bda2-11ef-890a-02a6845b4b32，终端：my terminal
2024-12-19 08:44:32 - be.model.user - INFO - 为用户 buyer_2_30c52a34-bda2-11ef-890a-02a6845b4b32 生成新token，终端：my terminal
2024-12-19 08:44:32 - be.model.user - INFO - 用户登录成功：buyer_2_30c52a34-bda2-11ef-890a-02a6845b4b32
2024-12-19 08:44:32 - be.view.auth - INFO - 登录处理结果: 200
2024-12-19 08:44:32 - werkzeug - INFO - 127.0.0.1 - - [19/Dec/2024 08:44:32] "POST /auth/login HTTP/1.1" 200 -
2024-12-19 08:44:32 - be.view.auth - INFO - 收到登录请求: {'user_id': 'buyer_6_30c52a34-bda2-11ef-890a-02a6845b4b32', 'password': 'buyer_seller_6_30c52a34-bda2-11ef-890a-02a6845b4b32', 'terminal': 'my terminal'}
2024-12-19 08:44:32 - be.model.user - INFO - 尝试登录用户：buyer_6_30c52a34-bda2-11ef-890a-02a6845b4b32，终端：my terminal
2024-12-19 08:44:33 - be.model.user - INFO - 为用户 buyer_6_30c52a34-bda2-11ef-890a-02a6845b4b32 生成新token，终端：my terminal
2024-12-19 08:44:33 - be.model.user - INFO - 用户登录成功：buyer_6_30c52a34-bda2-11ef-890a-02a6845b4b32
2024-12-19 08:44:33 - be.view.auth - INFO - 登录处理结果: 200
2024-12-19 08:44:33 - werkzeug - INFO - 127.0.0.1 - - [19/Dec/2024 08:44:33] "POST /auth/login HTTP/1.1" 200 -
2024-12-19 08:44:33 - be.view.auth - INFO - 收到登录请求: {'user_id': 'buyer_8_30c52a34-bda2-11ef-890a-02a6845b4b32', 'password': 'buyer_seller_8_30c52a34-bda2-11ef-890a-02a6845b4b32', 'terminal': 'my terminal'}
2024-12-19 08:44:33 - be.model.user - INFO - 尝试登录用户：buyer_8_30c52a34-bda2-11ef-890a-02a6845b4b32，终端：my terminal
2024-12-19 08:44:33 - be.model.user - INFO - 为用户 buyer_8_30c52a34-bda2-11ef-890a-02a6845b4b32 生成新token，终端：my terminal
2024-12-19 08:44:33 - be.model.user - INFO - 用户登录成功：buyer_8_30c52a34-bda2-11ef-890a-02a6845b4b32
2024-12-19 08:44:33 - be.view.auth - INFO - 登录处理结果: 200
2024-12-19 08:44:33 - werkzeug - INFO - 127.0.0.1 - - [19/Dec/2024 08:44:33] "POST /auth/login HTTP/1.1" 200 -
2024-12-19 08:44:33 - be.view.auth - INFO - 收到登录请求: {'user_id': 'buyer_9_30c52a34-bda2-11ef-890a-02a6845b4b32', 'password': 'buyer_seller_9_30c52a34-bda2-11ef-890a-02a6845b4b32', 'terminal': 'my terminal'}
2024-12-19 08:44:33 - be.model.user - INFO - 尝试登录用户：buyer_9_30c52a34-bda2-11ef-890a-02a6845b4b32，终端：my terminal
2024-12-19 08:44:33 - be.model.user - INFO - 为用户 buyer_9_30c52a34-bda2-11ef-890a-02a6845b4b32 生成新token，终端：my terminal
2024-12-19 08:44:33 - be.model.user - INFO - 用户登录成功：buyer_9_30c52a34-bda2-11ef-890a-02a6845b4b32
2024-12-19 08:44:33 - be.view.auth - INFO - 登录处理结果: 200
2024-12-19 08:44:33 - werkzeug - INFO - 127.0.0.1 - - [19/Dec/2024 08:44:33] "POST /auth/login HTTP/1.1" 200 -
2024-12-19 08:44:33 - be.view.auth - INFO - 收到登录请求: {'user_id': 'buyer_9_30c52a34-bda2-11ef-890a-02a6845b4b32', 'password': 'buyer_seller_9_30c52a34-bda2-11ef-890a-02a6845b4b32', 'terminal': 'my terminal'}
2024-12-19 08:44:33 - be.model.user - INFO - 尝试登录用户：buyer_9_30c52a34-bda2-11ef-890a-02a6845b4b32，终端：my terminal
2024-12-19 08:44:33 - be.model.user - INFO - 为用户 buyer_9_30c52a34-bda2-11ef-890a-02a6845b4b32 生成新token，终端：my terminal
2024-12-19 08:44:33 - be.model.user - INFO - 用户登录成功：buyer_9_30c52a34-bda2-11ef-890a-02a6845b4b32
2024-12-19 08:44:33 - be.view.auth - INFO - 登录处理结果: 200
2024-12-19 08:44:33 - werkzeug - INFO - 127.0.0.1 - - [19/Dec/2024 08:44:33] "POST /auth/login HTTP/1.1" 200 -
2024-12-19 08:44:33 - be.view.auth - INFO - 收到登录请求: {'user_id': 'buyer_6_30c52a34-bda2-11ef-890a-02a6845b4b32', 'password': 'buyer_seller_6_30c52a34-bda2-11ef-890a-02a6845b4b32', 'terminal': 'my terminal'}
2024-12-19 08:44:33 - be.model.user - INFO - 尝试登录用户：buyer_6_30c52a34-bda2-11ef-890a-02a6845b4b32，终端：my terminal
2024-12-19 08:44:33 - be.model.user - INFO - 为用户 buyer_6_30c52a34-bda2-11ef-890a-02a6845b4b32 生成新token，终端：my terminal
2024-12-19 08:44:33 - be.model.user - INFO - 用户登录成功：buyer_6_30c52a34-bda2-11ef-890a-02a6845b4b32
2024-12-19 08:44:34 - be.view.auth - INFO - 登录处理结果: 200
2024-12-19 08:44:34 - werkzeug - INFO - 127.0.0.1 - - [19/Dec/2024 08:44:34] "POST /auth/login HTTP/1.1" 200 -
2024-12-19 08:44:34 - be.view.auth - INFO - 收到登录请求: {'user_id': 'buyer_4_30c52a34-bda2-11ef-890a-02a6845b4b32', 'password': 'buyer_seller_4_30c52a34-bda2-11ef-890a-02a6845b4b32', 'terminal': 'my terminal'}
2024-12-19 08:44:34 - be.model.user - INFO - 尝试登录用户：buyer_4_30c52a34-bda2-11ef-890a-02a6845b4b32，终端：my terminal
2024-12-19 08:44:34 - be.model.user - INFO - 为用户 buyer_4_30c52a34-bda2-11ef-890a-02a6845b4b32 生成新token，终端：my terminal
2024-12-19 08:44:34 - be.model.user - INFO - 用户登录成功：buyer_4_30c52a34-bda2-11ef-890a-02a6845b4b32
2024-12-19 08:44:34 - be.view.auth - INFO - 登录处理结果: 200
2024-12-19 08:44:34 - werkzeug - INFO - 127.0.0.1 - - [19/Dec/2024 08:44:34] "POST /auth/login HTTP/1.1" 200 -
2024-12-19 08:44:34 - be.view.auth - INFO - 收到登录请求: {'user_id': 'buyer_3_30c52a34-bda2-11ef-890a-02a6845b4b32', 'password': 'buyer_seller_3_30c52a34-bda2-11ef-890a-02a6845b4b32', 'terminal': 'my terminal'}
2024-12-19 08:44:34 - be.model.user - INFO - 尝试登录用户：buyer_3_30c52a34-bda2-11ef-890a-02a6845b4b32，终端：my terminal
2024-12-19 08:44:34 - be.model.user - INFO - 为用户 buyer_3_30c52a34-bda2-11ef-890a-02a6845b4b32 生成新token，终端：my terminal
2024-12-19 08:44:34 - be.model.user - INFO - 用户登录成功：buyer_3_30c52a34-bda2-11ef-890a-02a6845b4b32
2024-12-19 08:44:34 - be.view.auth - INFO - 登录处理结果: 200
2024-12-19 08:44:34 - werkzeug - INFO - 127.0.0.1 - - [19/Dec/2024 08:44:34] "POST /auth/login HTTP/1.1" 200 -
2024-12-19 08:44:34 - be.view.auth - INFO - 收到登录请求: {'user_id': 'buyer_3_30c52a34-bda2-11ef-890a-02a6845b4b32', 'password': 'buyer_seller_3_30c52a34-bda2-11ef-890a-02a6845b4b32', 'terminal': 'my terminal'}
2024-12-19 08:44:34 - be.model.user - INFO - 尝试登录用户：buyer_3_30c52a34-bda2-11ef-890a-02a6845b4b32，终端：my terminal
2024-12-19 08:44:34 - be.model.user - INFO - 为用户 buyer_3_30c52a34-bda2-11ef-890a-02a6845b4b32 生成新token，终端：my terminal
2024-12-19 08:44:34 - be.model.user - INFO - 用户登录成功：buyer_3_30c52a34-bda2-11ef-890a-02a6845b4b32
2024-12-19 08:44:34 - be.view.auth - INFO - 登录处理结果: 200
2024-12-19 08:44:34 - werkzeug - INFO - 127.0.0.1 - - [19/Dec/2024 08:44:34] "POST /auth/login HTTP/1.1" 200 -
2024-12-19 08:44:34 - be.view.auth - INFO - 收到登录请求: {'user_id': 'buyer_1_30c52a34-bda2-11ef-890a-02a6845b4b32', 'password': 'buyer_seller_1_30c52a34-bda2-11ef-890a-02a6845b4b32', 'terminal': 'my terminal'}
2024-12-19 08:44:34 - be.model.user - INFO - 尝试登录用户：buyer_1_30c52a34-bda2-11ef-890a-02a6845b4b32，终端：my terminal
2024-12-19 08:44:34 - be.model.user - INFO - 为用户 buyer_1_30c52a34-bda2-11ef-890a-02a6845b4b32 生成新token，终端：my terminal
2024-12-19 08:44:34 - be.model.user - INFO - 用户登录成功：buyer_1_30c52a34-bda2-11ef-890a-02a6845b4b32
2024-12-19 08:44:34 - be.view.auth - INFO - 登录处理结果: 200
2024-12-19 08:44:34 - werkzeug - INFO - 127.0.0.1 - - [19/Dec/2024 08:44:34] "POST /auth/login HTTP/1.1" 200 -
2024-12-19 08:44:35 - be.view.auth - INFO - 收到登录请求: {'user_id': 'buyer_6_30c52a34-bda2-11ef-890a-02a6845b4b32', 'password': 'buyer_seller_6_30c52a34-bda2-11ef-890a-02a6845b4b32', 'terminal': 'my terminal'}
2024-12-19 08:44:35 - be.model.user - INFO - 尝试登录用户：buyer_6_30c52a34-bda2-11ef-890a-02a6845b4b32，终端：my terminal
2024-12-19 08:44:35 - be.model.user - INFO - 为用户 buyer_6_30c52a34-bda2-11ef-890a-02a6845b4b32 生成新token，终端：my terminal
2024-12-19 08:44:35 - be.model.user - INFO - 用户登录成功：buyer_6_30c52a34-bda2-11ef-890a-02a6845b4b32
2024-12-19 08:44:35 - be.view.auth - INFO - 登录处理结果: 200
2024-12-19 08:44:35 - werkzeug - INFO - 127.0.0.1 - - [19/Dec/2024 08:44:35] "POST /auth/login HTTP/1.1" 200 -
2024-12-19 08:44:35 - be.view.auth - INFO - 收到登录请求: {'user_id': 'buyer_9_30c52a34-bda2-11ef-890a-02a6845b4b32', 'password': 'buyer_seller_9_30c52a34-bda2-11ef-890a-02a6845b4b32', 'terminal': 'my terminal'}
2024-12-19 08:44:35 - be.model.user - INFO - 尝试登录用户：buyer_9_30c52a34-bda2-11ef-890a-02a6845b4b32，终端：my terminal
2024-12-19 08:44:35 - be.model.user - INFO - 为用户 buyer_9_30c52a34-bda2-11ef-890a-02a6845b4b32 生成新token，终端：my terminal
2024-12-19 08:44:35 - be.model.user - INFO - 用户登录成功：buyer_9_30c52a34-bda2-11ef-890a-02a6845b4b32
2024-12-19 08:44:35 - be.view.auth - INFO - 登录处理结果: 200
2024-12-19 08:44:35 - werkzeug - INFO - 127.0.0.1 - - [19/Dec/2024 08:44:35] "POST /auth/login HTTP/1.1" 200 -
2024-12-19 08:44:35 - be.view.auth - INFO - 收到登录请求: {'user_id': 'buyer_9_30c52a34-bda2-11ef-890a-02a6845b4b32', 'password': 'buyer_seller_9_30c52a34-bda2-11ef-890a-02a6845b4b32', 'terminal': 'my terminal'}
2024-12-19 08:44:35 - be.model.user - INFO - 尝试登录用户：buyer_9_30c52a34-bda2-11ef-890a-02a6845b4b32，终端：my terminal
2024-12-19 08:44:35 - be.model.user - INFO - 为用户 buyer_9_30c52a34-bda2-11ef-890a-02a6845b4b32 生成新token，终端：my terminal
2024-12-19 08:44:35 - be.model.user - INFO - 用户登录成功：buyer_9_30c52a34-bda2-11ef-890a-02a6845b4b32
2024-12-19 08:44:35 - be.view.auth - INFO - 登录处理结果: 200
2024-12-19 08:44:35 - werkzeug - INFO - 127.0.0.1 - - [19/Dec/2024 08:44:35] "POST /auth/login HTTP/1.1" 200 -
2024-12-19 08:44:35 - be.view.auth - INFO - 收到登录请求: {'user_id': 'buyer_2_30c52a34-bda2-11ef-890a-02a6845b4b32', 'password': 'buyer_seller_2_30c52a34-bda2-11ef-890a-02a6845b4b32', 'terminal': 'my terminal'}
2024-12-19 08:44:35 - be.model.user - INFO - 尝试登录用户：buyer_2_30c52a34-bda2-11ef-890a-02a6845b4b32，终端：my terminal
2024-12-19 08:44:35 - be.model.user - INFO - 为用户 buyer_2_30c52a34-bda2-11ef-890a-02a6845b4b32 生成新token，终端：my terminal
2024-12-19 08:44:35 - be.model.user - INFO - 用户登录成功：buyer_2_30c52a34-bda2-11ef-890a-02a6845b4b32
2024-12-19 08:44:35 - be.view.auth - INFO - 登录处理结果: 200
2024-12-19 08:44:35 - werkzeug - INFO - 127.0.0.1 - - [19/Dec/2024 08:44:35] "POST /auth/login HTTP/1.1" 200 -
2024-12-19 08:44:35 - be.view.auth - INFO - 收到登录请求: {'user_id': 'buyer_3_30c52a34-bda2-11ef-890a-02a6845b4b32', 'password': 'buyer_seller_3_30c52a34-bda2-11ef-890a-02a6845b4b32', 'terminal': 'my terminal'}
2024-12-19 08:44:35 - be.model.user - INFO - 尝试登录用户：buyer_3_30c52a34-bda2-11ef-890a-02a6845b4b32，终端：my terminal
2024-12-19 08:44:36 - be.model.user - INFO - 为用户 buyer_3_30c52a34-bda2-11ef-890a-02a6845b4b32 生成新token，终端：my terminal
2024-12-19 08:44:36 - be.model.user - INFO - 用户登录成功：buyer_3_30c52a34-bda2-11ef-890a-02a6845b4b32
2024-12-19 08:44:36 - be.view.auth - INFO - 登录处理结果: 200
2024-12-19 08:44:36 - werkzeug - INFO - 127.0.0.1 - - [19/Dec/2024 08:44:36] "POST /auth/login HTTP/1.1" 200 -
2024-12-19 08:44:36 - be.view.auth - INFO - 收到登录请求: {'user_id': 'buyer_7_30c52a34-bda2-11ef-890a-02a6845b4b32', 'password': 'buyer_seller_7_30c52a34-bda2-11ef-890a-02a6845b4b32', 'terminal': 'my terminal'}
2024-12-19 08:44:36 - be.model.user - INFO - 尝试登录用户：buyer_7_30c52a34-bda2-11ef-890a-02a6845b4b32，终端：my terminal
2024-12-19 08:44:36 - be.model.user - INFO - 为用户 buyer_7_30c52a34-bda2-11ef-890a-02a6845b4b32 生成新token，终端：my terminal
2024-12-19 08:44:36 - be.model.user - INFO - 用户登录成功：buyer_7_30c52a34-bda2-11ef-890a-02a6845b4b32
2024-12-19 08:44:36 - be.view.auth - INFO - 登录处理结果: 200
2024-12-19 08:44:36 - werkzeug - INFO - 127.0.0.1 - - [19/Dec/2024 08:44:36] "POST /auth/login HTTP/1.1" 200 -
2024-12-19 08:44:36 - be.view.auth - INFO - 收到登录请求: {'user_id': 'buyer_9_30c52a34-bda2-11ef-890a-02a6845b4b32', 'password': 'buyer_seller_9_30c52a34-bda2-11ef-890a-02a6845b4b32', 'terminal': 'my terminal'}
2024-12-19 08:44:36 - be.model.user - INFO - 尝试登录用户：buyer_9_30c52a34-bda2-11ef-890a-02a6845b4b32，终端：my terminal
2024-12-19 08:44:36 - be.model.user - INFO - 为用户 buyer_9_30c52a34-bda2-11ef-890a-02a6845b4b32 生成新token，终端：my terminal
2024-12-19 08:44:36 - be.model.user - INFO - 用户登录成功：buyer_9_30c52a34-bda2-11ef-890a-02a6845b4b32
2024-12-19 08:44:36 - be.view.auth - INFO - 登录处理结果: 200
2024-12-19 08:44:36 - werkzeug - INFO - 127.0.0.1 - - [19/Dec/2024 08:44:36] "POST /auth/login HTTP/1.1" 200 -
2024-12-19 08:44:36 - be.view.auth - INFO - 收到登录请求: {'user_id': 'buyer_8_30c52a34-bda2-11ef-890a-02a6845b4b32', 'password': 'buyer_seller_8_30c52a34-bda2-11ef-890a-02a6845b4b32', 'terminal': 'my terminal'}
2024-12-19 08:44:36 - be.model.user - INFO - 尝试登录用户：buyer_8_30c52a34-bda2-11ef-890a-02a6845b4b32，终端：my terminal
2024-12-19 08:44:36 - be.model.user - INFO - 为用户 buyer_8_30c52a34-bda2-11ef-890a-02a6845b4b32 生成新token，终端：my terminal
2024-12-19 08:44:36 - be.model.user - INFO - 用户登录成功：buyer_8_30c52a34-bda2-11ef-890a-02a6845b4b32
2024-12-19 08:44:36 - be.view.auth - INFO - 登录处理结果: 200
2024-12-19 08:44:36 - werkzeug - INFO - 127.0.0.1 - - [19/Dec/2024 08:44:36] "POST /auth/login HTTP/1.1" 200 -
2024-12-19 08:44:36 - be.view.auth - INFO - 收到登录请求: {'user_id': 'buyer_6_30c52a34-bda2-11ef-890a-02a6845b4b32', 'password': 'buyer_seller_6_30c52a34-bda2-11ef-890a-02a6845b4b32', 'terminal': 'my terminal'}
2024-12-19 08:44:36 - be.model.user - INFO - 尝试登录用户：buyer_6_30c52a34-bda2-11ef-890a-02a6845b4b32，终端：my terminal
2024-12-19 08:44:36 - be.model.user - INFO - 为用户 buyer_6_30c52a34-bda2-11ef-890a-02a6845b4b32 生成新token，终端：my terminal
2024-12-19 08:44:36 - be.model.user - INFO - 用户登录成功：buyer_6_30c52a34-bda2-11ef-890a-02a6845b4b32
2024-12-19 08:44:37 - be.view.auth - INFO - 登录处理结果: 200
2024-12-19 08:44:37 - werkzeug - INFO - 127.0.0.1 - - [19/Dec/2024 08:44:37] "POST /auth/login HTTP/1.1" 200 -
2024-12-19 08:44:37 - be.view.auth - INFO - 收到登录请求: {'user_id': 'buyer_8_30c52a34-bda2-11ef-890a-02a6845b4b32', 'password': 'buyer_seller_8_30c52a34-bda2-11ef-890a-02a6845b4b32', 'terminal': 'my terminal'}
2024-12-19 08:44:37 - be.model.user - INFO - 尝试登录用户：buyer_8_30c52a34-bda2-11ef-890a-02a6845b4b32，终端：my terminal
2024-12-19 08:44:37 - be.model.user - INFO - 为用户 buyer_8_30c52a34-bda2-11ef-890a-02a6845b4b32 生成新token，终端：my terminal
2024-12-19 08:44:37 - be.model.user - INFO - 用户登录成功：buyer_8_30c52a34-bda2-11ef-890a-02a6845b4b32
2024-12-19 08:44:37 - be.view.auth - INFO - 登录处理结果: 200
2024-12-19 08:44:37 - werkzeug - INFO - 127.0.0.1 - - [19/Dec/2024 08:44:37] "POST /auth/login HTTP/1.1" 200 -
2024-12-19 08:44:37 - be.view.auth - INFO - 收到登录请求: {'user_id': 'buyer_8_30c52a34-bda2-11ef-890a-02a6845b4b32', 'password': 'buyer_seller_8_30c52a34-bda2-11ef-890a-02a6845b4b32', 'terminal': 'my terminal'}
2024-12-19 08:44:37 - be.model.user - INFO - 尝试登录用户：buyer_8_30c52a34-bda2-11ef-890a-02a6845b4b32，终端：my terminal
2024-12-19 08:44:37 - be.model.user - INFO - 为用户 buyer_8_30c52a34-bda2-11ef-890a-02a6845b4b32 生成新token，终端：my terminal
2024-12-19 08:44:37 - be.model.user - INFO - 用户登录成功：buyer_8_30c52a34-bda2-11ef-890a-02a6845b4b32
2024-12-19 08:44:37 - be.view.auth - INFO - 登录处理结果: 200
2024-12-19 08:44:37 - werkzeug - INFO - 127.0.0.1 - - [19/Dec/2024 08:44:37] "POST /auth/login HTTP/1.1" 200 -
2024-12-19 08:44:37 - be.view.auth - INFO - 收到登录请求: {'user_id': 'buyer_7_30c52a34-bda2-11ef-890a-02a6845b4b32', 'password': 'buyer_seller_7_30c52a34-bda2-11ef-890a-02a6845b4b32', 'terminal': 'my terminal'}
2024-12-19 08:44:37 - be.model.user - INFO - 尝试登录用户：buyer_7_30c52a34-bda2-11ef-890a-02a6845b4b32，终端：my terminal
2024-12-19 08:44:37 - be.model.user - INFO - 为用户 buyer_7_30c52a34-bda2-11ef-890a-02a6845b4b32 生成新token，终端：my terminal
2024-12-19 08:44:37 - be.model.user - INFO - 用户登录成功：buyer_7_30c52a34-bda2-11ef-890a-02a6845b4b32
2024-12-19 08:44:37 - be.view.auth - INFO - 登录处理结果: 200
2024-12-19 08:44:37 - werkzeug - INFO - 127.0.0.1 - - [19/Dec/2024 08:44:37] "POST /auth/login HTTP/1.1" 200 -
2024-12-19 08:44:37 - be.view.auth - INFO - 收到登录请求: {'user_id': 'buyer_2_30c52a34-bda2-11ef-890a-02a6845b4b32', 'password': 'buyer_seller_2_30c52a34-bda2-11ef-890a-02a6845b4b32', 'terminal': 'my terminal'}
2024-12-19 08:44:37 - be.model.user - INFO - 尝试登录用户：buyer_2_30c52a34-bda2-11ef-890a-02a6845b4b32，终端：my terminal
2024-12-19 08:44:37 - be.model.user - INFO - 为用户 buyer_2_30c52a34-bda2-11ef-890a-02a6845b4b32 生成新token，终端：my terminal
2024-12-19 08:44:37 - be.model.user - INFO - 用户登录成功：buyer_2_30c52a34-bda2-11ef-890a-02a6845b4b32
2024-12-19 08:44:37 - be.view.auth - INFO - 登录处理结果: 200
2024-12-19 08:44:37 - werkzeug - INFO - 127.0.0.1 - - [19/Dec/2024 08:44:37] "POST /auth/login HTTP/1.1" 200 -
2024-12-19 08:44:37 - be.view.auth - INFO - 收到登录请求: {'user_id': 'buyer_5_30c52a34-bda2-11ef-890a-02a6845b4b32', 'password': 'buyer_seller_5_30c52a34-bda2-11ef-890a-02a6845b4b32', 'terminal': 'my terminal'}
2024-12-19 08:44:37 - be.model.user - INFO - 尝试登录用户：buyer_5_30c52a34-bda2-11ef-890a-02a6845b4b32，终端：my terminal
2024-12-19 08:44:38 - be.model.user - INFO - 为用户 buyer_5_30c52a34-bda2-11ef-890a-02a6845b4b32 生成新token，终端：my terminal
2024-12-19 08:44:38 - be.model.user - INFO - 用户登录成功：buyer_5_30c52a34-bda2-11ef-890a-02a6845b4b32
2024-12-19 08:44:38 - be.view.auth - INFO - 登录处理结果: 200
2024-12-19 08:44:38 - werkzeug - INFO - 127.0.0.1 - - [19/Dec/2024 08:44:38] "POST /auth/login HTTP/1.1" 200 -
2024-12-19 08:44:38 - be.view.auth - INFO - 收到登录请求: {'user_id': 'buyer_3_30c52a34-bda2-11ef-890a-02a6845b4b32', 'password': 'buyer_seller_3_30c52a34-bda2-11ef-890a-02a6845b4b32', 'terminal': 'my terminal'}
2024-12-19 08:44:38 - be.model.user - INFO - 尝试登录用户：buyer_3_30c52a34-bda2-11ef-890a-02a6845b4b32，终端：my terminal
2024-12-19 08:44:38 - be.model.user - INFO - 为用户 buyer_3_30c52a34-bda2-11ef-890a-02a6845b4b32 生成新token，终端：my terminal
2024-12-19 08:44:38 - be.model.user - INFO - 用户登录成功：buyer_3_30c52a34-bda2-11ef-890a-02a6845b4b32
2024-12-19 08:44:38 - be.view.auth - INFO - 登录处理结果: 200
2024-12-19 08:44:38 - werkzeug - INFO - 127.0.0.1 - - [19/Dec/2024 08:44:38] "POST /auth/login HTTP/1.1" 200 -
2024-12-19 08:44:38 - be.view.auth - INFO - 收到登录请求: {'user_id': 'buyer_4_30c52a34-bda2-11ef-890a-02a6845b4b32', 'password': 'buyer_seller_4_30c52a34-bda2-11ef-890a-02a6845b4b32', 'terminal': 'my terminal'}
2024-12-19 08:44:38 - be.model.user - INFO - 尝试登录用户：buyer_4_30c52a34-bda2-11ef-890a-02a6845b4b32，终端：my terminal
2024-12-19 08:44:38 - be.model.user - INFO - 为用户 buyer_4_30c52a34-bda2-11ef-890a-02a6845b4b32 生成新token，终端：my terminal
2024-12-19 08:44:38 - be.model.user - INFO - 用户登录成功：buyer_4_30c52a34-bda2-11ef-890a-02a6845b4b32
2024-12-19 08:44:38 - be.view.auth - INFO - 登录处理结果: 200
2024-12-19 08:44:38 - werkzeug - INFO - 127.0.0.1 - - [19/Dec/2024 08:44:38] "POST /auth/login HTTP/1.1" 200 -
2024-12-19 08:44:38 - be.view.auth - INFO - 收到登录请求: {'user_id': 'buyer_2_30c52a34-bda2-11ef-890a-02a6845b4b32', 'password': 'buyer_seller_2_30c52a34-bda2-11ef-890a-02a6845b4b32', 'terminal': 'my terminal'}
2024-12-19 08:44:38 - be.model.user - INFO - 尝试登录用户：buyer_2_30c52a34-bda2-11ef-890a-02a6845b4b32，终端：my terminal
2024-12-19 08:44:38 - be.model.user - INFO - 为用户 buyer_2_30c52a34-bda2-11ef-890a-02a6845b4b32 生成新token，终端：my terminal
2024-12-19 08:44:38 - be.model.user - INFO - 用户登录成功：buyer_2_30c52a34-bda2-11ef-890a-02a6845b4b32
2024-12-19 08:44:38 - be.view.auth - INFO - 登录处理结果: 200
2024-12-19 08:44:38 - werkzeug - INFO - 127.0.0.1 - - [19/Dec/2024 08:44:38] "POST /auth/login HTTP/1.1" 200 -
2024-12-19 08:44:38 - be.view.auth - INFO - 收到登录请求: {'user_id': 'buyer_4_30c52a34-bda2-11ef-890a-02a6845b4b32', 'password': 'buyer_seller_4_30c52a34-bda2-11ef-890a-02a6845b4b32', 'terminal': 'my terminal'}
2024-12-19 08:44:38 - be.model.user - INFO - 尝试登录用户：buyer_4_30c52a34-bda2-11ef-890a-02a6845b4b32，终端：my terminal
2024-12-19 08:44:38 - be.model.user - INFO - 为用户 buyer_4_30c52a34-bda2-11ef-890a-02a6845b4b32 生成新token，终端：my terminal
2024-12-19 08:44:38 - be.model.user - INFO - 用户登录成功：buyer_4_30c52a34-bda2-11ef-890a-02a6845b4b32
2024-12-19 08:44:39 - be.view.auth - INFO - 登录处理结果: 200
2024-12-19 08:44:39 - werkzeug - INFO - 127.0.0.1 - - [19/Dec/2024 08:44:39] "POST /auth/login HTTP/1.1" 200 -
2024-12-19 08:44:39 - be.view.auth - INFO - 收到登录请求: {'user_id': 'buyer_6_30c52a34-bda2-11ef-890a-02a6845b4b32', 'password': 'buyer_seller_6_30c52a34-bda2-11ef-890a-02a6845b4b32', 'terminal': 'my terminal'}
2024-12-19 08:44:39 - be.model.user - INFO - 尝试登录用户：buyer_6_30c52a34-bda2-11ef-890a-02a6845b4b32，终端：my terminal
2024-12-19 08:44:39 - be.model.user - INFO - 为用户 buyer_6_30c52a34-bda2-11ef-890a-02a6845b4b32 生成新token，终端：my terminal
2024-12-19 08:44:39 - be.model.user - INFO - 用户登录成功：buyer_6_30c52a34-bda2-11ef-890a-02a6845b4b32
2024-12-19 08:44:39 - be.view.auth - INFO - 登录处理结果: 200
2024-12-19 08:44:39 - werkzeug - INFO - 127.0.0.1 - - [19/Dec/2024 08:44:39] "POST /auth/login HTTP/1.1" 200 -
2024-12-19 08:44:39 - be.view.auth - INFO - 收到登录请求: {'user_id': 'buyer_1_30c52a34-bda2-11ef-890a-02a6845b4b32', 'password': 'buyer_seller_1_30c52a34-bda2-11ef-890a-02a6845b4b32', 'terminal': 'my terminal'}
2024-12-19 08:44:39 - be.model.user - INFO - 尝试登录用户：buyer_1_30c52a34-bda2-11ef-890a-02a6845b4b32，终端：my terminal
2024-12-19 08:44:39 - be.model.user - INFO - 为用户 buyer_1_30c52a34-bda2-11ef-890a-02a6845b4b32 生成新token，终端：my terminal
2024-12-19 08:44:39 - be.model.user - INFO - 用户登录成功：buyer_1_30c52a34-bda2-11ef-890a-02a6845b4b32
2024-12-19 08:44:39 - be.view.auth - INFO - 登录处理结果: 200
2024-12-19 08:44:39 - werkzeug - INFO - 127.0.0.1 - - [19/Dec/2024 08:44:39] "POST /auth/login HTTP/1.1" 200 -
2024-12-19 08:44:39 - be.view.auth - INFO - 收到登录请求: {'user_id': 'buyer_6_30c52a34-bda2-11ef-890a-02a6845b4b32', 'password': 'buyer_seller_6_30c52a34-bda2-11ef-890a-02a6845b4b32', 'terminal': 'my terminal'}
2024-12-19 08:44:39 - be.model.user - INFO - 尝试登录用户：buyer_6_30c52a34-bda2-11ef-890a-02a6845b4b32，终端：my terminal
2024-12-19 08:44:39 - be.model.user - INFO - 为用户 buyer_6_30c52a34-bda2-11ef-890a-02a6845b4b32 生成新token，终端：my terminal
2024-12-19 08:44:39 - be.model.user - INFO - 用户登录成功：buyer_6_30c52a34-bda2-11ef-890a-02a6845b4b32
2024-12-19 08:44:39 - be.view.auth - INFO - 登录处理结果: 200
2024-12-19 08:44:39 - werkzeug - INFO - 127.0.0.1 - - [19/Dec/2024 08:44:39] "POST /auth/login HTTP/1.1" 200 -
2024-12-19 08:44:39 - be.view.auth - INFO - 收到登录请求: {'user_id': 'buyer_5_30c52a34-bda2-11ef-890a-02a6845b4b32', 'password': 'buyer_seller_5_30c52a34-bda2-11ef-890a-02a6845b4b32', 'terminal': 'my terminal'}
2024-12-19 08:44:39 - be.model.user - INFO - 尝试登录用户：buyer_5_30c52a34-bda2-11ef-890a-02a6845b4b32，终端：my terminal
2024-12-19 08:44:39 - be.model.user - INFO - 为用户 buyer_5_30c52a34-bda2-11ef-890a-02a6845b4b32 生成新token，终端：my terminal
2024-12-19 08:44:39 - be.model.user - INFO - 用户登录成功：buyer_5_30c52a34-bda2-11ef-890a-02a6845b4b32
2024-12-19 08:44:40 - be.view.auth - INFO - 登录处理结果: 200
2024-12-19 08:44:40 - werkzeug - INFO - 127.0.0.1 - - [19/Dec/2024 08:44:40] "POST /auth/login HTTP/1.1" 200 -
2024-12-19 08:44:40 - be.view.auth - INFO - 收到登录请求: {'user_id': 'buyer_10_30c52a34-bda2-11ef-890a-02a6845b4b32', 'password': 'buyer_seller_10_30c52a34-bda2-11ef-890a-02a6845b4b32', 'terminal': 'my terminal'}
2024-12-19 08:44:40 - be.model.user - INFO - 尝试登录用户：buyer_10_30c52a34-bda2-11ef-890a-02a6845b4b32，终端：my terminal
2024-12-19 08:44:40 - be.model.user - INFO - 为用户 buyer_10_30c52a34-bda2-11ef-890a-02a6845b4b32 生成新token，终端：my terminal
2024-12-19 08:44:40 - be.model.user - INFO - 用户登录成功：buyer_10_30c52a34-bda2-11ef-890a-02a6845b4b32
2024-12-19 08:44:40 - be.view.auth - INFO - 登录处理结果: 200
2024-12-19 08:44:40 - werkzeug - INFO - 127.0.0.1 - - [19/Dec/2024 08:44:40] "POST /auth/login HTTP/1.1" 200 -
2024-12-19 08:44:40 - be.view.auth - INFO - 收到登录请求: {'user_id': 'buyer_6_30c52a34-bda2-11ef-890a-02a6845b4b32', 'password': 'buyer_seller_6_30c52a34-bda2-11ef-890a-02a6845b4b32', 'terminal': 'my terminal'}
2024-12-19 08:44:40 - be.model.user - INFO - 尝试登录用户：buyer_6_30c52a34-bda2-11ef-890a-02a6845b4b32，终端：my terminal
2024-12-19 08:44:40 - be.model.user - INFO - 为用户 buyer_6_30c52a34-bda2-11ef-890a-02a6845b4b32 生成新token，终端：my terminal
2024-12-19 08:44:40 - be.model.user - INFO - 用户登录成功：buyer_6_30c52a34-bda2-11ef-890a-02a6845b4b32
2024-12-19 08:44:40 - be.view.auth - INFO - 登录处理结果: 200
2024-12-19 08:44:40 - werkzeug - INFO - 127.0.0.1 - - [19/Dec/2024 08:44:40] "POST /auth/login HTTP/1.1" 200 -
2024-12-19 08:44:40 - be.view.auth - INFO - 收到登录请求: {'user_id': 'buyer_10_30c52a34-bda2-11ef-890a-02a6845b4b32', 'password': 'buyer_seller_10_30c52a34-bda2-11ef-890a-02a6845b4b32', 'terminal': 'my terminal'}
2024-12-19 08:44:40 - be.model.user - INFO - 尝试登录用户：buyer_10_30c52a34-bda2-11ef-890a-02a6845b4b32，终端：my terminal
2024-12-19 08:44:40 - be.model.user - INFO - 为用户 buyer_10_30c52a34-bda2-11ef-890a-02a6845b4b32 生成新token，终端：my terminal
2024-12-19 08:44:40 - be.model.user - INFO - 用户登录成功：buyer_10_30c52a34-bda2-11ef-890a-02a6845b4b32
2024-12-19 08:44:40 - be.view.auth - INFO - 登录处理结果: 200
2024-12-19 08:44:40 - werkzeug - INFO - 127.0.0.1 - - [19/Dec/2024 08:44:40] "POST /auth/login HTTP/1.1" 200 -
2024-12-19 08:44:40 - be.view.auth - INFO - 收到登录请求: {'user_id': 'buyer_9_30c52a34-bda2-11ef-890a-02a6845b4b32', 'password': 'buyer_seller_9_30c52a34-bda2-11ef-890a-02a6845b4b32', 'terminal': 'my terminal'}
2024-12-19 08:44:40 - be.model.user - INFO - 尝试登录用户：buyer_9_30c52a34-bda2-11ef-890a-02a6845b4b32，终端：my terminal
2024-12-19 08:44:40 - be.model.user - INFO - 为用户 buyer_9_30c52a34-bda2-11ef-890a-02a6845b4b32 生成新token，终端：my terminal
2024-12-19 08:44:40 - be.model.user - INFO - 用户登录成功：buyer_9_30c52a34-bda2-11ef-890a-02a6845b4b32
2024-12-19 08:44:40 - be.view.auth - INFO - 登录处理结果: 200
2024-12-19 08:44:40 - werkzeug - INFO - 127.0.0.1 - - [19/Dec/2024 08:44:40] "POST /auth/login HTTP/1.1" 200 -
2024-12-19 08:44:40 - be.view.auth - INFO - 收到登录请求: {'user_id': 'buyer_6_30c52a34-bda2-11ef-890a-02a6845b4b32', 'password': 'buyer_seller_6_30c52a34-bda2-11ef-890a-02a6845b4b32', 'terminal': 'my terminal'}
2024-12-19 08:44:40 - be.model.user - INFO - 尝试登录用户：buyer_6_30c52a34-bda2-11ef-890a-02a6845b4b32，终端：my terminal
2024-12-19 08:44:41 - be.model.user - INFO - 为用户 buyer_6_30c52a34-bda2-11ef-890a-02a6845b4b32 生成新token，终端：my terminal
2024-12-19 08:44:41 - be.model.user - INFO - 用户登录成功：buyer_6_30c52a34-bda2-11ef-890a-02a6845b4b32
2024-12-19 08:44:41 - be.view.auth - INFO - 登录处理结果: 200
2024-12-19 08:44:41 - werkzeug - INFO - 127.0.0.1 - - [19/Dec/2024 08:44:41] "POST /auth/login HTTP/1.1" 200 -
2024-12-19 08:44:41 - be.view.auth - INFO - 收到登录请求: {'user_id': 'buyer_9_30c52a34-bda2-11ef-890a-02a6845b4b32', 'password': 'buyer_seller_9_30c52a34-bda2-11ef-890a-02a6845b4b32', 'terminal': 'my terminal'}
2024-12-19 08:44:41 - be.model.user - INFO - 尝试登录用户：buyer_9_30c52a34-bda2-11ef-890a-02a6845b4b32，终端：my terminal
2024-12-19 08:44:41 - be.model.user - INFO - 为用户 buyer_9_30c52a34-bda2-11ef-890a-02a6845b4b32 生成新token，终端：my terminal
2024-12-19 08:44:41 - be.model.user - INFO - 用户登录成功：buyer_9_30c52a34-bda2-11ef-890a-02a6845b4b32
2024-12-19 08:44:41 - be.view.auth - INFO - 登录处理结果: 200
2024-12-19 08:44:41 - werkzeug - INFO - 127.0.0.1 - - [19/Dec/2024 08:44:41] "POST /auth/login HTTP/1.1" 200 -
2024-12-19 08:44:41 - be.view.auth - INFO - 收到登录请求: {'user_id': 'buyer_6_30c52a34-bda2-11ef-890a-02a6845b4b32', 'password': 'buyer_seller_6_30c52a34-bda2-11ef-890a-02a6845b4b32', 'terminal': 'my terminal'}
2024-12-19 08:44:41 - be.model.user - INFO - 尝试登录用户：buyer_6_30c52a34-bda2-11ef-890a-02a6845b4b32，终端：my terminal
2024-12-19 08:44:41 - be.model.user - INFO - 为用户 buyer_6_30c52a34-bda2-11ef-890a-02a6845b4b32 生成新token，终端：my terminal
2024-12-19 08:44:41 - be.model.user - INFO - 用户登录成功：buyer_6_30c52a34-bda2-11ef-890a-02a6845b4b32
2024-12-19 08:44:41 - be.view.auth - INFO - 登录处理结果: 200
2024-12-19 08:44:41 - werkzeug - INFO - 127.0.0.1 - - [19/Dec/2024 08:44:41] "POST /auth/login HTTP/1.1" 200 -
2024-12-19 08:44:41 - be.view.auth - INFO - 收到登录请求: {'user_id': 'buyer_10_30c52a34-bda2-11ef-890a-02a6845b4b32', 'password': 'buyer_seller_10_30c52a34-bda2-11ef-890a-02a6845b4b32', 'terminal': 'my terminal'}
2024-12-19 08:44:41 - be.model.user - INFO - 尝试登录用户：buyer_10_30c52a34-bda2-11ef-890a-02a6845b4b32，终端：my terminal
2024-12-19 08:44:41 - be.model.user - INFO - 为用户 buyer_10_30c52a34-bda2-11ef-890a-02a6845b4b32 生成新token，终端：my terminal
2024-12-19 08:44:41 - be.model.user - INFO - 用户登录成功：buyer_10_30c52a34-bda2-11ef-890a-02a6845b4b32
2024-12-19 08:44:41 - be.view.auth - INFO - 登录处理结果: 200
2024-12-19 08:44:41 - werkzeug - INFO - 127.0.0.1 - - [19/Dec/2024 08:44:41] "POST /auth/login HTTP/1.1" 200 -
2024-12-19 08:44:41 - be.view.auth - INFO - 收到登录请求: {'user_id': 'buyer_9_30c52a34-bda2-11ef-890a-02a6845b4b32', 'password': 'buyer_seller_9_30c52a34-bda2-11ef-890a-02a6845b4b32', 'terminal': 'my terminal'}
2024-12-19 08:44:41 - be.model.user - INFO - 尝试登录用户：buyer_9_30c52a34-bda2-11ef-890a-02a6845b4b32，终端：my terminal
2024-12-19 08:44:42 - be.model.user - INFO - 为用户 buyer_9_30c52a34-bda2-11ef-890a-02a6845b4b32 生成新token，终端：my terminal
2024-12-19 08:44:42 - be.model.user - INFO - 用户登录成功：buyer_9_30c52a34-bda2-11ef-890a-02a6845b4b32
2024-12-19 08:44:42 - be.view.auth - INFO - 登录处理结果: 200
2024-12-19 08:44:42 - werkzeug - INFO - 127.0.0.1 - - [19/Dec/2024 08:44:42] "POST /auth/login HTTP/1.1" 200 -
2024-12-19 08:44:42 - be.view.auth - INFO - 收到登录请求: {'user_id': 'buyer_4_30c52a34-bda2-11ef-890a-02a6845b4b32', 'password': 'buyer_seller_4_30c52a34-bda2-11ef-890a-02a6845b4b32', 'terminal': 'my terminal'}
2024-12-19 08:44:42 - be.model.user - INFO - 尝试登录用户：buyer_4_30c52a34-bda2-11ef-890a-02a6845b4b32，终端：my terminal
2024-12-19 08:44:42 - be.model.user - INFO - 为用户 buyer_4_30c52a34-bda2-11ef-890a-02a6845b4b32 生成新token，终端：my terminal
2024-12-19 08:44:42 - be.model.user - INFO - 用户登录成功：buyer_4_30c52a34-bda2-11ef-890a-02a6845b4b32
2024-12-19 08:44:42 - be.view.auth - INFO - 登录处理结果: 200
2024-12-19 08:44:42 - werkzeug - INFO - 127.0.0.1 - - [19/Dec/2024 08:44:42] "POST /auth/login HTTP/1.1" 200 -
2024-12-19 08:44:42 - be.view.auth - INFO - 收到登录请求: {'user_id': 'buyer_5_30c52a34-bda2-11ef-890a-02a6845b4b32', 'password': 'buyer_seller_5_30c52a34-bda2-11ef-890a-02a6845b4b32', 'terminal': 'my terminal'}
2024-12-19 08:44:42 - be.model.user - INFO - 尝试登录用户：buyer_5_30c52a34-bda2-11ef-890a-02a6845b4b32，终端：my terminal
2024-12-19 08:44:42 - be.model.user - INFO - 为用户 buyer_5_30c52a34-bda2-11ef-890a-02a6845b4b32 生成新token，终端：my terminal
2024-12-19 08:44:42 - be.model.user - INFO - 用户登录成功：buyer_5_30c52a34-bda2-11ef-890a-02a6845b4b32
2024-12-19 08:44:42 - be.view.auth - INFO - 登录处理结果: 200
2024-12-19 08:44:42 - werkzeug - INFO - 127.0.0.1 - - [19/Dec/2024 08:44:42] "POST /auth/login HTTP/1.1" 200 -
2024-12-19 08:44:42 - be.view.auth - INFO - 收到登录请求: {'user_id': 'buyer_10_30c52a34-bda2-11ef-890a-02a6845b4b32', 'password': 'buyer_seller_10_30c52a34-bda2-11ef-890a-02a6845b4b32', 'terminal': 'my terminal'}
2024-12-19 08:44:42 - be.model.user - INFO - 尝试登录用户：buyer_10_30c52a34-bda2-11ef-890a-02a6845b4b32，终端：my terminal
2024-12-19 08:44:42 - be.model.user - INFO - 为用户 buyer_10_30c52a34-bda2-11ef-890a-02a6845b4b32 生成新token，终端：my terminal
2024-12-19 08:44:42 - be.model.user - INFO - 用户登录成功：buyer_10_30c52a34-bda2-11ef-890a-02a6845b4b32
2024-12-19 08:44:42 - be.view.auth - INFO - 登录处理结果: 200
2024-12-19 08:44:42 - werkzeug - INFO - 127.0.0.1 - - [19/Dec/2024 08:44:42] "POST /auth/login HTTP/1.1" 200 -
2024-12-19 08:44:42 - be.view.auth - INFO - 收到登录请求: {'user_id': 'buyer_1_30c52a34-bda2-11ef-890a-02a6845b4b32', 'password': 'buyer_seller_1_30c52a34-bda2-11ef-890a-02a6845b4b32', 'terminal': 'my terminal'}
2024-12-19 08:44:42 - be.model.user - INFO - 尝试登录用户：buyer_1_30c52a34-bda2-11ef-890a-02a6845b4b32，终端：my terminal
2024-12-19 08:44:42 - be.model.user - INFO - 为用户 buyer_1_30c52a34-bda2-11ef-890a-02a6845b4b32 生成新token，终端：my terminal
2024-12-19 08:44:42 - be.model.user - INFO - 用户登录成功：buyer_1_30c52a34-bda2-11ef-890a-02a6845b4b32
2024-12-19 08:44:43 - be.view.auth - INFO - 登录处理结果: 200
2024-12-19 08:44:43 - werkzeug - INFO - 127.0.0.1 - - [19/Dec/2024 08:44:43] "POST /auth/login HTTP/1.1" 200 -
2024-12-19 08:44:43 - be.view.auth - INFO - 收到登录请求: {'user_id': 'buyer_4_30c52a34-bda2-11ef-890a-02a6845b4b32', 'password': 'buyer_seller_4_30c52a34-bda2-11ef-890a-02a6845b4b32', 'terminal': 'my terminal'}
2024-12-19 08:44:43 - be.model.user - INFO - 尝试登录用户：buyer_4_30c52a34-bda2-11ef-890a-02a6845b4b32，终端：my terminal
2024-12-19 08:44:43 - be.model.user - INFO - 为用户 buyer_4_30c52a34-bda2-11ef-890a-02a6845b4b32 生成新token，终端：my terminal
2024-12-19 08:44:43 - be.model.user - INFO - 用户登录成功：buyer_4_30c52a34-bda2-11ef-890a-02a6845b4b32
2024-12-19 08:44:43 - be.view.auth - INFO - 登录处理结果: 200
2024-12-19 08:44:43 - werkzeug - INFO - 127.0.0.1 - - [19/Dec/2024 08:44:43] "POST /auth/login HTTP/1.1" 200 -
2024-12-19 08:44:43 - be.view.auth - INFO - 收到登录请求: {'user_id': 'buyer_1_30c52a34-bda2-11ef-890a-02a6845b4b32', 'password': 'buyer_seller_1_30c52a34-bda2-11ef-890a-02a6845b4b32', 'terminal': 'my terminal'}
2024-12-19 08:44:43 - be.model.user - INFO - 尝试登录用户：buyer_1_30c52a34-bda2-11ef-890a-02a6845b4b32，终端：my terminal
2024-12-19 08:44:43 - be.model.user - INFO - 为用户 buyer_1_30c52a34-bda2-11ef-890a-02a6845b4b32 生成新token，终端：my terminal
2024-12-19 08:44:43 - be.model.user - INFO - 用户登录成功：buyer_1_30c52a34-bda2-11ef-890a-02a6845b4b32
2024-12-19 08:44:43 - be.view.auth - INFO - 登录处理结果: 200
2024-12-19 08:44:43 - werkzeug - INFO - 127.0.0.1 - - [19/Dec/2024 08:44:43] "POST /auth/login HTTP/1.1" 200 -
2024-12-19 08:44:43 - be.view.auth - INFO - 收到登录请求: {'user_id': 'buyer_5_30c52a34-bda2-11ef-890a-02a6845b4b32', 'password': 'buyer_seller_5_30c52a34-bda2-11ef-890a-02a6845b4b32', 'terminal': 'my terminal'}
2024-12-19 08:44:43 - be.model.user - INFO - 尝试登录用户：buyer_5_30c52a34-bda2-11ef-890a-02a6845b4b32，终端：my terminal
2024-12-19 08:44:43 - be.model.user - INFO - 为用户 buyer_5_30c52a34-bda2-11ef-890a-02a6845b4b32 生成新token，终端：my terminal
2024-12-19 08:44:43 - be.model.user - INFO - 用户登录成功：buyer_5_30c52a34-bda2-11ef-890a-02a6845b4b32
2024-12-19 08:44:43 - be.view.auth - INFO - 登录处理结果: 200
2024-12-19 08:44:43 - werkzeug - INFO - 127.0.0.1 - - [19/Dec/2024 08:44:43] "POST /auth/login HTTP/1.1" 200 -
2024-12-19 08:44:43 - be.view.auth - INFO - 收到登录请求: {'user_id': 'buyer_8_30c52a34-bda2-11ef-890a-02a6845b4b32', 'password': 'buyer_seller_8_30c52a34-bda2-11ef-890a-02a6845b4b32', 'terminal': 'my terminal'}
2024-12-19 08:44:43 - be.model.user - INFO - 尝试登录用户：buyer_8_30c52a34-bda2-11ef-890a-02a6845b4b32，终端：my terminal
2024-12-19 08:44:43 - be.model.user - INFO - 为用户 buyer_8_30c52a34-bda2-11ef-890a-02a6845b4b32 生成新token，终端：my terminal
2024-12-19 08:44:43 - be.model.user - INFO - 用户登录成功：buyer_8_30c52a34-bda2-11ef-890a-02a6845b4b32
2024-12-19 08:44:43 - be.view.auth - INFO - 登录处理结果: 200
2024-12-19 08:44:43 - werkzeug - INFO - 127.0.0.1 - - [19/Dec/2024 08:44:43] "POST /auth/login HTTP/1.1" 200 -
2024-12-19 08:44:43 - be.view.auth - INFO - 收到登录请求: {'user_id': 'buyer_6_30c52a34-bda2-11ef-890a-02a6845b4b32', 'password': 'buyer_seller_6_30c52a34-bda2-11ef-890a-02a6845b4b32', 'terminal': 'my terminal'}
2024-12-19 08:44:43 - be.model.user - INFO - 尝试登录用户：buyer_6_30c52a34-bda2-11ef-890a-02a6845b4b32，终端：my terminal
2024-12-19 08:44:44 - be.model.user - INFO - 为用户 buyer_6_30c52a34-bda2-11ef-890a-02a6845b4b32 生成新token，终端：my terminal
2024-12-19 08:44:44 - be.model.user - INFO - 用户登录成功：buyer_6_30c52a34-bda2-11ef-890a-02a6845b4b32
2024-12-19 08:44:44 - be.view.auth - INFO - 登录处理结果: 200
2024-12-19 08:44:44 - werkzeug - INFO - 127.0.0.1 - - [19/Dec/2024 08:44:44] "POST /auth/login HTTP/1.1" 200 -
2024-12-19 08:44:44 - be.view.auth - INFO - 收到登录请求: {'user_id': 'buyer_3_30c52a34-bda2-11ef-890a-02a6845b4b32', 'password': 'buyer_seller_3_30c52a34-bda2-11ef-890a-02a6845b4b32', 'terminal': 'my terminal'}
2024-12-19 08:44:44 - be.model.user - INFO - 尝试登录用户：buyer_3_30c52a34-bda2-11ef-890a-02a6845b4b32，终端：my terminal
2024-12-19 08:44:44 - be.model.user - INFO - 为用户 buyer_3_30c52a34-bda2-11ef-890a-02a6845b4b32 生成新token，终端：my terminal
2024-12-19 08:44:44 - be.model.user - INFO - 用户登录成功：buyer_3_30c52a34-bda2-11ef-890a-02a6845b4b32
2024-12-19 08:44:44 - be.view.auth - INFO - 登录处理结果: 200
2024-12-19 08:44:44 - werkzeug - INFO - 127.0.0.1 - - [19/Dec/2024 08:44:44] "POST /auth/login HTTP/1.1" 200 -
2024-12-19 08:44:44 - be.view.auth - INFO - 收到登录请求: {'user_id': 'buyer_2_30c52a34-bda2-11ef-890a-02a6845b4b32', 'password': 'buyer_seller_2_30c52a34-bda2-11ef-890a-02a6845b4b32', 'terminal': 'my terminal'}
2024-12-19 08:44:44 - be.model.user - INFO - 尝试登录用户：buyer_2_30c52a34-bda2-11ef-890a-02a6845b4b32，终端：my terminal
2024-12-19 08:44:44 - be.model.user - INFO - 为用户 buyer_2_30c52a34-bda2-11ef-890a-02a6845b4b32 生成新token，终端：my terminal
2024-12-19 08:44:44 - be.model.user - INFO - 用户登录成功：buyer_2_30c52a34-bda2-11ef-890a-02a6845b4b32
2024-12-19 08:44:44 - be.view.auth - INFO - 登录处理结果: 200
2024-12-19 08:44:44 - werkzeug - INFO - 127.0.0.1 - - [19/Dec/2024 08:44:44] "POST /auth/login HTTP/1.1" 200 -
2024-12-19 08:44:44 - be.view.auth - INFO - 收到登录请求: {'user_id': 'buyer_10_30c52a34-bda2-11ef-890a-02a6845b4b32', 'password': 'buyer_seller_10_30c52a34-bda2-11ef-890a-02a6845b4b32', 'terminal': 'my terminal'}
2024-12-19 08:44:44 - be.model.user - INFO - 尝试登录用户：buyer_10_30c52a34-bda2-11ef-890a-02a6845b4b32，终端：my terminal
2024-12-19 08:44:44 - be.model.user - INFO - 为用户 buyer_10_30c52a34-bda2-11ef-890a-02a6845b4b32 生成新token，终端：my terminal
2024-12-19 08:44:44 - be.model.user - INFO - 用户登录成功：buyer_10_30c52a34-bda2-11ef-890a-02a6845b4b32
2024-12-19 08:44:44 - be.view.auth - INFO - 登录处理结果: 200
2024-12-19 08:44:44 - werkzeug - INFO - 127.0.0.1 - - [19/Dec/2024 08:44:44] "POST /auth/login HTTP/1.1" 200 -
2024-12-19 08:44:44 - be.view.auth - INFO - 收到登录请求: {'user_id': 'buyer_9_30c52a34-bda2-11ef-890a-02a6845b4b32', 'password': 'buyer_seller_9_30c52a34-bda2-11ef-890a-02a6845b4b32', 'terminal': 'my terminal'}
2024-12-19 08:44:44 - be.model.user - INFO - 尝试登录用户：buyer_9_30c52a34-bda2-11ef-890a-02a6845b4b32，终端：my terminal
2024-12-19 08:44:44 - be.model.user - INFO - 为用户 buyer_9_30c52a34-bda2-11ef-890a-02a6845b4b32 生成新token，终端：my terminal
2024-12-19 08:44:44 - be.model.user - INFO - 用户登录成功：buyer_9_30c52a34-bda2-11ef-890a-02a6845b4b32
2024-12-19 08:44:45 - be.view.auth - INFO - 登录处理结果: 200
2024-12-19 08:44:45 - werkzeug - INFO - 127.0.0.1 - - [19/Dec/2024 08:44:45] "POST /auth/login HTTP/1.1" 200 -
2024-12-19 08:44:45 - be.view.auth - INFO - 收到登录请求: {'user_id': 'buyer_8_30c52a34-bda2-11ef-890a-02a6845b4b32', 'password': 'buyer_seller_8_30c52a34-bda2-11ef-890a-02a6845b4b32', 'terminal': 'my terminal'}
2024-12-19 08:44:45 - be.model.user - INFO - 尝试登录用户：buyer_8_30c52a34-bda2-11ef-890a-02a6845b4b32，终端：my terminal
2024-12-19 08:44:45 - be.model.user - INFO - 为用户 buyer_8_30c52a34-bda2-11ef-890a-02a6845b4b32 生成新token，终端：my terminal
2024-12-19 08:44:45 - be.model.user - INFO - 用户登录成功：buyer_8_30c52a34-bda2-11ef-890a-02a6845b4b32
2024-12-19 08:44:45 - be.view.auth - INFO - 登录处理结果: 200
2024-12-19 08:44:45 - werkzeug - INFO - 127.0.0.1 - - [19/Dec/2024 08:44:45] "POST /auth/login HTTP/1.1" 200 -
2024-12-19 08:44:45 - be.view.auth - INFO - 收到登录请求: {'user_id': 'buyer_4_30c52a34-bda2-11ef-890a-02a6845b4b32', 'password': 'buyer_seller_4_30c52a34-bda2-11ef-890a-02a6845b4b32', 'terminal': 'my terminal'}
2024-12-19 08:44:45 - be.model.user - INFO - 尝试登录用户：buyer_4_30c52a34-bda2-11ef-890a-02a6845b4b32，终端：my terminal
2024-12-19 08:44:45 - be.model.user - INFO - 为用户 buyer_4_30c52a34-bda2-11ef-890a-02a6845b4b32 生成新token，终端：my terminal
2024-12-19 08:44:45 - be.model.user - INFO - 用户登录成功：buyer_4_30c52a34-bda2-11ef-890a-02a6845b4b32
2024-12-19 08:44:45 - be.view.auth - INFO - 登录处理结果: 200
2024-12-19 08:44:45 - werkzeug - INFO - 127.0.0.1 - - [19/Dec/2024 08:44:45] "POST /auth/login HTTP/1.1" 200 -
2024-12-19 08:44:45 - be.view.auth - INFO - 收到登录请求: {'user_id': 'buyer_4_30c52a34-bda2-11ef-890a-02a6845b4b32', 'password': 'buyer_seller_4_30c52a34-bda2-11ef-890a-02a6845b4b32', 'terminal': 'my terminal'}
2024-12-19 08:44:45 - be.model.user - INFO - 尝试登录用户：buyer_4_30c52a34-bda2-11ef-890a-02a6845b4b32，终端：my terminal
2024-12-19 08:44:45 - be.model.user - INFO - 为用户 buyer_4_30c52a34-bda2-11ef-890a-02a6845b4b32 生成新token，终端：my terminal
2024-12-19 08:44:45 - be.model.user - INFO - 用户登录成功：buyer_4_30c52a34-bda2-11ef-890a-02a6845b4b32
2024-12-19 08:44:45 - be.view.auth - INFO - 登录处理结果: 200
2024-12-19 08:44:45 - werkzeug - INFO - 127.0.0.1 - - [19/Dec/2024 08:44:45] "POST /auth/login HTTP/1.1" 200 -
2024-12-19 08:44:45 - be.view.auth - INFO - 收到登录请求: {'user_id': 'buyer_5_30c52a34-bda2-11ef-890a-02a6845b4b32', 'password': 'buyer_seller_5_30c52a34-bda2-11ef-890a-02a6845b4b32', 'terminal': 'my terminal'}
2024-12-19 08:44:45 - be.model.user - INFO - 尝试登录用户：buyer_5_30c52a34-bda2-11ef-890a-02a6845b4b32，终端：my terminal
2024-12-19 08:44:45 - be.model.user - INFO - 为用户 buyer_5_30c52a34-bda2-11ef-890a-02a6845b4b32 生成新token，终端：my terminal
2024-12-19 08:44:45 - be.model.user - INFO - 用户登录成功：buyer_5_30c52a34-bda2-11ef-890a-02a6845b4b32
2024-12-19 08:44:46 - be.view.auth - INFO - 登录处理结果: 200
2024-12-19 08:44:46 - werkzeug - INFO - 127.0.0.1 - - [19/Dec/2024 08:44:46] "POST /auth/login HTTP/1.1" 200 -
2024-12-19 08:44:46 - be.view.auth - INFO - 收到登录请求: {'user_id': 'buyer_10_30c52a34-bda2-11ef-890a-02a6845b4b32', 'password': 'buyer_seller_10_30c52a34-bda2-11ef-890a-02a6845b4b32', 'terminal': 'my terminal'}
2024-12-19 08:44:46 - be.model.user - INFO - 尝试登录用户：buyer_10_30c52a34-bda2-11ef-890a-02a6845b4b32，终端：my terminal
2024-12-19 08:44:46 - be.model.user - INFO - 为用户 buyer_10_30c52a34-bda2-11ef-890a-02a6845b4b32 生成新token，终端：my terminal
2024-12-19 08:44:46 - be.model.user - INFO - 用户登录成功：buyer_10_30c52a34-bda2-11ef-890a-02a6845b4b32
2024-12-19 08:44:46 - be.view.auth - INFO - 登录处理结果: 200
2024-12-19 08:44:46 - werkzeug - INFO - 127.0.0.1 - - [19/Dec/2024 08:44:46] "POST /auth/login HTTP/1.1" 200 -
2024-12-19 08:44:46 - be.view.auth - INFO - 收到登录请求: {'user_id': 'buyer_10_30c52a34-bda2-11ef-890a-02a6845b4b32', 'password': 'buyer_seller_10_30c52a34-bda2-11ef-890a-02a6845b4b32', 'terminal': 'my terminal'}
2024-12-19 08:44:46 - be.model.user - INFO - 尝试登录用户：buyer_10_30c52a34-bda2-11ef-890a-02a6845b4b32，终端：my terminal
2024-12-19 08:44:46 - be.model.user - INFO - 为用户 buyer_10_30c52a34-bda2-11ef-890a-02a6845b4b32 生成新token，终端：my terminal
2024-12-19 08:44:46 - be.model.user - INFO - 用户登录成功：buyer_10_30c52a34-bda2-11ef-890a-02a6845b4b32
2024-12-19 08:44:46 - be.view.auth - INFO - 登录处理结果: 200
2024-12-19 08:44:46 - werkzeug - INFO - 127.0.0.1 - - [19/Dec/2024 08:44:46] "POST /auth/login HTTP/1.1" 200 -
2024-12-19 08:44:46 - be.view.auth - INFO - 收到登录请求: {'user_id': 'buyer_8_30c52a34-bda2-11ef-890a-02a6845b4b32', 'password': 'buyer_seller_8_30c52a34-bda2-11ef-890a-02a6845b4b32', 'terminal': 'my terminal'}
2024-12-19 08:44:46 - be.model.user - INFO - 尝试登录用户：buyer_8_30c52a34-bda2-11ef-890a-02a6845b4b32，终端：my terminal
2024-12-19 08:44:46 - be.model.user - INFO - 为用户 buyer_8_30c52a34-bda2-11ef-890a-02a6845b4b32 生成新token，终端：my terminal
2024-12-19 08:44:46 - be.model.user - INFO - 用户登录成功：buyer_8_30c52a34-bda2-11ef-890a-02a6845b4b32
2024-12-19 08:44:46 - be.view.auth - INFO - 登录处理结果: 200
2024-12-19 08:44:46 - werkzeug - INFO - 127.0.0.1 - - [19/Dec/2024 08:44:46] "POST /auth/login HTTP/1.1" 200 -
2024-12-19 08:44:46 - be.view.auth - INFO - 收到登录请求: {'user_id': 'buyer_2_30c52a34-bda2-11ef-890a-02a6845b4b32', 'password': 'buyer_seller_2_30c52a34-bda2-11ef-890a-02a6845b4b32', 'terminal': 'my terminal'}
2024-12-19 08:44:46 - be.model.user - INFO - 尝试登录用户：buyer_2_30c52a34-bda2-11ef-890a-02a6845b4b32，终端：my terminal
2024-12-19 08:44:46 - be.model.user - INFO - 为用户 buyer_2_30c52a34-bda2-11ef-890a-02a6845b4b32 生成新token，终端：my terminal
2024-12-19 08:44:46 - be.model.user - INFO - 用户登录成功：buyer_2_30c52a34-bda2-11ef-890a-02a6845b4b32
2024-12-19 08:44:47 - be.view.auth - INFO - 登录处理结果: 200
2024-12-19 08:44:47 - werkzeug - INFO - 127.0.0.1 - - [19/Dec/2024 08:44:47] "POST /auth/login HTTP/1.1" 200 -
2024-12-19 08:44:47 - be.view.auth - INFO - 收到登录请求: {'user_id': 'buyer_10_30c52a34-bda2-11ef-890a-02a6845b4b32', 'password': 'buyer_seller_10_30c52a34-bda2-11ef-890a-02a6845b4b32', 'terminal': 'my terminal'}
2024-12-19 08:44:47 - be.model.user - INFO - 尝试登录用户：buyer_10_30c52a34-bda2-11ef-890a-02a6845b4b32，终端：my terminal
2024-12-19 08:44:47 - be.model.user - INFO - 为用户 buyer_10_30c52a34-bda2-11ef-890a-02a6845b4b32 生成新token，终端：my terminal
2024-12-19 08:44:47 - be.model.user - INFO - 用户登录成功：buyer_10_30c52a34-bda2-11ef-890a-02a6845b4b32
2024-12-19 08:44:47 - be.view.auth - INFO - 登录处理结果: 200
2024-12-19 08:44:47 - werkzeug - INFO - 127.0.0.1 - - [19/Dec/2024 08:44:47] "POST /auth/login HTTP/1.1" 200 -
2024-12-19 08:44:47 - be.view.auth - INFO - 收到登录请求: {'user_id': 'buyer_10_30c52a34-bda2-11ef-890a-02a6845b4b32', 'password': 'buyer_seller_10_30c52a34-bda2-11ef-890a-02a6845b4b32', 'terminal': 'my terminal'}
2024-12-19 08:44:47 - be.model.user - INFO - 尝试登录用户：buyer_10_30c52a34-bda2-11ef-890a-02a6845b4b32，终端：my terminal
2024-12-19 08:44:47 - be.model.user - INFO - 为用户 buyer_10_30c52a34-bda2-11ef-890a-02a6845b4b32 生成新token，终端：my terminal
2024-12-19 08:44:47 - be.model.user - INFO - 用户登录成功：buyer_10_30c52a34-bda2-11ef-890a-02a6845b4b32
2024-12-19 08:44:47 - be.view.auth - INFO - 登录处理结果: 200
2024-12-19 08:44:47 - werkzeug - INFO - 127.0.0.1 - - [19/Dec/2024 08:44:47] "POST /auth/login HTTP/1.1" 200 -
2024-12-19 08:44:47 - be.view.auth - INFO - 收到登录请求: {'user_id': 'buyer_9_30c52a34-bda2-11ef-890a-02a6845b4b32', 'password': 'buyer_seller_9_30c52a34-bda2-11ef-890a-02a6845b4b32', 'terminal': 'my terminal'}
2024-12-19 08:44:47 - be.model.user - INFO - 尝试登录用户：buyer_9_30c52a34-bda2-11ef-890a-02a6845b4b32，终端：my terminal
2024-12-19 08:44:47 - be.model.user - INFO - 为用户 buyer_9_30c52a34-bda2-11ef-890a-02a6845b4b32 生成新token，终端：my terminal
2024-12-19 08:44:47 - be.model.user - INFO - 用户登录成功：buyer_9_30c52a34-bda2-11ef-890a-02a6845b4b32
2024-12-19 08:44:47 - be.view.auth - INFO - 登录处理结果: 200
2024-12-19 08:44:47 - werkzeug - INFO - 127.0.0.1 - - [19/Dec/2024 08:44:47] "POST /auth/login HTTP/1.1" 200 -
2024-12-19 08:44:47 - be.view.auth - INFO - 收到登录请求: {'user_id': 'buyer_10_30c52a34-bda2-11ef-890a-02a6845b4b32', 'password': 'buyer_seller_10_30c52a34-bda2-11ef-890a-02a6845b4b32', 'terminal': 'my terminal'}
2024-12-19 08:44:47 - be.model.user - INFO - 尝试登录用户：buyer_10_30c52a34-bda2-11ef-890a-02a6845b4b32，终端：my terminal
2024-12-19 08:44:47 - be.model.user - INFO - 为用户 buyer_10_30c52a34-bda2-11ef-890a-02a6845b4b32 生成新token，终端：my terminal
2024-12-19 08:44:47 - be.model.user - INFO - 用户登录成功：buyer_10_30c52a34-bda2-11ef-890a-02a6845b4b32
2024-12-19 08:44:47 - be.view.auth - INFO - 登录处理结果: 200
2024-12-19 08:44:47 - werkzeug - INFO - 127.0.0.1 - - [19/Dec/2024 08:44:47] "POST /auth/login HTTP/1.1" 200 -
2024-12-19 08:44:47 - be.view.auth - INFO - 收到登录请求: {'user_id': 'buyer_4_30c52a34-bda2-11ef-890a-02a6845b4b32', 'password': 'buyer_seller_4_30c52a34-bda2-11ef-890a-02a6845b4b32', 'terminal': 'my terminal'}
2024-12-19 08:44:47 - be.model.user - INFO - 尝试登录用户：buyer_4_30c52a34-bda2-11ef-890a-02a6845b4b32，终端：my terminal
2024-12-19 08:44:48 - be.model.user - INFO - 为用户 buyer_4_30c52a34-bda2-11ef-890a-02a6845b4b32 生成新token，终端：my terminal
2024-12-19 08:44:48 - be.model.user - INFO - 用户登录成功：buyer_4_30c52a34-bda2-11ef-890a-02a6845b4b32
2024-12-19 08:44:48 - be.view.auth - INFO - 登录处理结果: 200
2024-12-19 08:44:48 - werkzeug - INFO - 127.0.0.1 - - [19/Dec/2024 08:44:48] "POST /auth/login HTTP/1.1" 200 -
2024-12-19 08:44:48 - be.view.auth - INFO - 收到登录请求: {'user_id': 'buyer_7_30c52a34-bda2-11ef-890a-02a6845b4b32', 'password': 'buyer_seller_7_30c52a34-bda2-11ef-890a-02a6845b4b32', 'terminal': 'my terminal'}
2024-12-19 08:44:48 - be.model.user - INFO - 尝试登录用户：buyer_7_30c52a34-bda2-11ef-890a-02a6845b4b32，终端：my terminal
2024-12-19 08:44:48 - be.model.user - INFO - 为用户 buyer_7_30c52a34-bda2-11ef-890a-02a6845b4b32 生成新token，终端：my terminal
2024-12-19 08:44:48 - be.model.user - INFO - 用户登录成功：buyer_7_30c52a34-bda2-11ef-890a-02a6845b4b32
2024-12-19 08:44:48 - be.view.auth - INFO - 登录处理结果: 200
2024-12-19 08:44:48 - werkzeug - INFO - 127.0.0.1 - - [19/Dec/2024 08:44:48] "POST /auth/login HTTP/1.1" 200 -
2024-12-19 08:44:48 - be.view.auth - INFO - 收到登录请求: {'user_id': 'buyer_3_30c52a34-bda2-11ef-890a-02a6845b4b32', 'password': 'buyer_seller_3_30c52a34-bda2-11ef-890a-02a6845b4b32', 'terminal': 'my terminal'}
2024-12-19 08:44:48 - be.model.user - INFO - 尝试登录用户：buyer_3_30c52a34-bda2-11ef-890a-02a6845b4b32，终端：my terminal
2024-12-19 08:44:48 - be.model.user - INFO - 为用户 buyer_3_30c52a34-bda2-11ef-890a-02a6845b4b32 生成新token，终端：my terminal
2024-12-19 08:44:48 - be.model.user - INFO - 用户登录成功：buyer_3_30c52a34-bda2-11ef-890a-02a6845b4b32
2024-12-19 08:44:48 - be.view.auth - INFO - 登录处理结果: 200
2024-12-19 08:44:48 - werkzeug - INFO - 127.0.0.1 - - [19/Dec/2024 08:44:48] "POST /auth/login HTTP/1.1" 200 -
2024-12-19 08:44:48 - be.view.auth - INFO - 收到登录请求: {'user_id': 'buyer_9_30c52a34-bda2-11ef-890a-02a6845b4b32', 'password': 'buyer_seller_9_30c52a34-bda2-11ef-890a-02a6845b4b32', 'terminal': 'my terminal'}
2024-12-19 08:44:48 - be.model.user - INFO - 尝试登录用户：buyer_9_30c52a34-bda2-11ef-890a-02a6845b4b32，终端：my terminal
2024-12-19 08:44:48 - be.model.user - INFO - 为用户 buyer_9_30c52a34-bda2-11ef-890a-02a6845b4b32 生成新token，终端：my terminal
2024-12-19 08:44:48 - be.model.user - INFO - 用户登录成功：buyer_9_30c52a34-bda2-11ef-890a-02a6845b4b32
2024-12-19 08:44:48 - be.view.auth - INFO - 登录处理结果: 200
2024-12-19 08:44:48 - werkzeug - INFO - 127.0.0.1 - - [19/Dec/2024 08:44:48] "POST /auth/login HTTP/1.1" 200 -
2024-12-19 08:44:48 - be.view.auth - INFO - 收到登录请求: {'user_id': 'buyer_4_30c52a34-bda2-11ef-890a-02a6845b4b32', 'password': 'buyer_seller_4_30c52a34-bda2-11ef-890a-02a6845b4b32', 'terminal': 'my terminal'}
2024-12-19 08:44:48 - be.model.user - INFO - 尝试登录用户：buyer_4_30c52a34-bda2-11ef-890a-02a6845b4b32，终端：my terminal
2024-12-19 08:44:48 - be.model.user - INFO - 为用户 buyer_4_30c52a34-bda2-11ef-890a-02a6845b4b32 生成新token，终端：my terminal
2024-12-19 08:44:48 - be.model.user - INFO - 用户登录成功：buyer_4_30c52a34-bda2-11ef-890a-02a6845b4b32
2024-12-19 08:44:49 - be.view.auth - INFO - 登录处理结果: 200
2024-12-19 08:44:49 - werkzeug - INFO - 127.0.0.1 - - [19/Dec/2024 08:44:49] "POST /auth/login HTTP/1.1" 200 -
2024-12-19 08:44:49 - be.view.auth - INFO - 收到登录请求: {'user_id': 'buyer_6_30c52a34-bda2-11ef-890a-02a6845b4b32', 'password': 'buyer_seller_6_30c52a34-bda2-11ef-890a-02a6845b4b32', 'terminal': 'my terminal'}
2024-12-19 08:44:49 - be.model.user - INFO - 尝试登录用户：buyer_6_30c52a34-bda2-11ef-890a-02a6845b4b32，终端：my terminal
2024-12-19 08:44:49 - be.model.user - INFO - 为用户 buyer_6_30c52a34-bda2-11ef-890a-02a6845b4b32 生成新token，终端：my terminal
2024-12-19 08:44:49 - be.model.user - INFO - 用户登录成功：buyer_6_30c52a34-bda2-11ef-890a-02a6845b4b32
2024-12-19 08:44:49 - be.view.auth - INFO - 登录处理结果: 200
2024-12-19 08:44:49 - werkzeug - INFO - 127.0.0.1 - - [19/Dec/2024 08:44:49] "POST /auth/login HTTP/1.1" 200 -
2024-12-19 08:44:49 - be.view.auth - INFO - 收到登录请求: {'user_id': 'buyer_10_30c52a34-bda2-11ef-890a-02a6845b4b32', 'password': 'buyer_seller_10_30c52a34-bda2-11ef-890a-02a6845b4b32', 'terminal': 'my terminal'}
2024-12-19 08:44:49 - be.model.user - INFO - 尝试登录用户：buyer_10_30c52a34-bda2-11ef-890a-02a6845b4b32，终端：my terminal
2024-12-19 08:44:49 - be.model.user - INFO - 为用户 buyer_10_30c52a34-bda2-11ef-890a-02a6845b4b32 生成新token，终端：my terminal
2024-12-19 08:44:49 - be.model.user - INFO - 用户登录成功：buyer_10_30c52a34-bda2-11ef-890a-02a6845b4b32
2024-12-19 08:44:49 - be.view.auth - INFO - 登录处理结果: 200
2024-12-19 08:44:49 - werkzeug - INFO - 127.0.0.1 - - [19/Dec/2024 08:44:49] "POST /auth/login HTTP/1.1" 200 -
2024-12-19 08:44:49 - be.view.auth - INFO - 收到登录请求: {'user_id': 'buyer_3_30c52a34-bda2-11ef-890a-02a6845b4b32', 'password': 'buyer_seller_3_30c52a34-bda2-11ef-890a-02a6845b4b32', 'terminal': 'my terminal'}
2024-12-19 08:44:49 - be.model.user - INFO - 尝试登录用户：buyer_3_30c52a34-bda2-11ef-890a-02a6845b4b32，终端：my terminal
2024-12-19 08:44:49 - be.model.user - INFO - 为用户 buyer_3_30c52a34-bda2-11ef-890a-02a6845b4b32 生成新token，终端：my terminal
2024-12-19 08:44:49 - be.model.user - INFO - 用户登录成功：buyer_3_30c52a34-bda2-11ef-890a-02a6845b4b32
2024-12-19 08:44:49 - be.view.auth - INFO - 登录处理结果: 200
2024-12-19 08:44:49 - werkzeug - INFO - 127.0.0.1 - - [19/Dec/2024 08:44:49] "POST /auth/login HTTP/1.1" 200 -
2024-12-19 08:44:49 - be.view.auth - INFO - 收到登录请求: {'user_id': 'buyer_4_30c52a34-bda2-11ef-890a-02a6845b4b32', 'password': 'buyer_seller_4_30c52a34-bda2-11ef-890a-02a6845b4b32', 'terminal': 'my terminal'}
2024-12-19 08:44:49 - be.model.user - INFO - 尝试登录用户：buyer_4_30c52a34-bda2-11ef-890a-02a6845b4b32，终端：my terminal
2024-12-19 08:44:49 - be.model.user - INFO - 为用户 buyer_4_30c52a34-bda2-11ef-890a-02a6845b4b32 生成新token，终端：my terminal
2024-12-19 08:44:49 - be.model.user - INFO - 用户登录成功：buyer_4_30c52a34-bda2-11ef-890a-02a6845b4b32
2024-12-19 08:44:49 - be.view.auth - INFO - 登录处理结果: 200
2024-12-19 08:44:49 - werkzeug - INFO - 127.0.0.1 - - [19/Dec/2024 08:44:49] "POST /auth/login HTTP/1.1" 200 -
2024-12-19 08:44:49 - be.view.auth - INFO - 收到登录请求: {'user_id': 'buyer_3_30c52a34-bda2-11ef-890a-02a6845b4b32', 'password': 'buyer_seller_3_30c52a34-bda2-11ef-890a-02a6845b4b32', 'terminal': 'my terminal'}
2024-12-19 08:44:49 - be.model.user - INFO - 尝试登录用户：buyer_3_30c52a34-bda2-11ef-890a-02a6845b4b32，终端：my terminal
2024-12-19 08:44:50 - be.model.user - INFO - 为用户 buyer_3_30c52a34-bda2-11ef-890a-02a6845b4b32 生成新token，终端：my terminal
2024-12-19 08:44:50 - be.model.user - INFO - 用户登录成功：buyer_3_30c52a34-bda2-11ef-890a-02a6845b4b32
2024-12-19 08:44:50 - be.view.auth - INFO - 登录处理结果: 200
2024-12-19 08:44:50 - werkzeug - INFO - 127.0.0.1 - - [19/Dec/2024 08:44:50] "POST /auth/login HTTP/1.1" 200 -
2024-12-19 08:44:50 - be.view.auth - INFO - 收到登录请求: {'user_id': 'buyer_7_30c52a34-bda2-11ef-890a-02a6845b4b32', 'password': 'buyer_seller_7_30c52a34-bda2-11ef-890a-02a6845b4b32', 'terminal': 'my terminal'}
2024-12-19 08:44:50 - be.model.user - INFO - 尝试登录用户：buyer_7_30c52a34-bda2-11ef-890a-02a6845b4b32，终端：my terminal
2024-12-19 08:44:50 - be.model.user - INFO - 为用户 buyer_7_30c52a34-bda2-11ef-890a-02a6845b4b32 生成新token，终端：my terminal
2024-12-19 08:44:50 - be.model.user - INFO - 用户登录成功：buyer_7_30c52a34-bda2-11ef-890a-02a6845b4b32
2024-12-19 08:44:50 - be.view.auth - INFO - 登录处理结果: 200
2024-12-19 08:44:50 - werkzeug - INFO - 127.0.0.1 - - [19/Dec/2024 08:44:50] "POST /auth/login HTTP/1.1" 200 -
2024-12-19 08:44:50 - be.view.auth - INFO - 收到登录请求: {'user_id': 'buyer_8_30c52a34-bda2-11ef-890a-02a6845b4b32', 'password': 'buyer_seller_8_30c52a34-bda2-11ef-890a-02a6845b4b32', 'terminal': 'my terminal'}
2024-12-19 08:44:50 - be.model.user - INFO - 尝试登录用户：buyer_8_30c52a34-bda2-11ef-890a-02a6845b4b32，终端：my terminal
2024-12-19 08:44:50 - be.model.user - INFO - 为用户 buyer_8_30c52a34-bda2-11ef-890a-02a6845b4b32 生成新token，终端：my terminal
2024-12-19 08:44:50 - be.model.user - INFO - 用户登录成功：buyer_8_30c52a34-bda2-11ef-890a-02a6845b4b32
2024-12-19 08:44:50 - be.view.auth - INFO - 登录处理结果: 200
2024-12-19 08:44:50 - werkzeug - INFO - 127.0.0.1 - - [19/Dec/2024 08:44:50] "POST /auth/login HTTP/1.1" 200 -
2024-12-19 08:44:50 - be.view.auth - INFO - 收到登录请求: {'user_id': 'buyer_10_30c52a34-bda2-11ef-890a-02a6845b4b32', 'password': 'buyer_seller_10_30c52a34-bda2-11ef-890a-02a6845b4b32', 'terminal': 'my terminal'}
2024-12-19 08:44:50 - be.model.user - INFO - 尝试登录用户：buyer_10_30c52a34-bda2-11ef-890a-02a6845b4b32，终端：my terminal
2024-12-19 08:44:50 - be.model.user - INFO - 为用户 buyer_10_30c52a34-bda2-11ef-890a-02a6845b4b32 生成新token，终端：my terminal
2024-12-19 08:44:50 - be.model.user - INFO - 用户登录成功：buyer_10_30c52a34-bda2-11ef-890a-02a6845b4b32
2024-12-19 08:44:50 - be.view.auth - INFO - 登录处理结果: 200
2024-12-19 08:44:50 - werkzeug - INFO - 127.0.0.1 - - [19/Dec/2024 08:44:50] "POST /auth/login HTTP/1.1" 200 -
2024-12-19 08:44:50 - be.view.auth - INFO - 收到登录请求: {'user_id': 'buyer_3_30c52a34-bda2-11ef-890a-02a6845b4b32', 'password': 'buyer_seller_3_30c52a34-bda2-11ef-890a-02a6845b4b32', 'terminal': 'my terminal'}
2024-12-19 08:44:50 - be.model.user - INFO - 尝试登录用户：buyer_3_30c52a34-bda2-11ef-890a-02a6845b4b32，终端：my terminal
2024-12-19 08:44:51 - be.model.user - INFO - 为用户 buyer_3_30c52a34-bda2-11ef-890a-02a6845b4b32 生成新token，终端：my terminal
2024-12-19 08:44:51 - be.model.user - INFO - 用户登录成功：buyer_3_30c52a34-bda2-11ef-890a-02a6845b4b32
2024-12-19 08:44:51 - be.view.auth - INFO - 登录处理结果: 200
2024-12-19 08:44:51 - werkzeug - INFO - 127.0.0.1 - - [19/Dec/2024 08:44:51] "POST /auth/login HTTP/1.1" 200 -
2024-12-19 08:44:51 - be.view.auth - INFO - 收到登录请求: {'user_id': 'buyer_2_30c52a34-bda2-11ef-890a-02a6845b4b32', 'password': 'buyer_seller_2_30c52a34-bda2-11ef-890a-02a6845b4b32', 'terminal': 'my terminal'}
2024-12-19 08:44:51 - be.model.user - INFO - 尝试登录用户：buyer_2_30c52a34-bda2-11ef-890a-02a6845b4b32，终端：my terminal
2024-12-19 08:44:51 - be.model.user - INFO - 为用户 buyer_2_30c52a34-bda2-11ef-890a-02a6845b4b32 生成新token，终端：my terminal
2024-12-19 08:44:51 - be.model.user - INFO - 用户登录成功：buyer_2_30c52a34-bda2-11ef-890a-02a6845b4b32
2024-12-19 08:44:51 - be.view.auth - INFO - 登录处理结果: 200
2024-12-19 08:44:51 - werkzeug - INFO - 127.0.0.1 - - [19/Dec/2024 08:44:51] "POST /auth/login HTTP/1.1" 200 -
2024-12-19 08:44:51 - be.view.auth - INFO - 收到登录请求: {'user_id': 'buyer_4_30c52a34-bda2-11ef-890a-02a6845b4b32', 'password': 'buyer_seller_4_30c52a34-bda2-11ef-890a-02a6845b4b32', 'terminal': 'my terminal'}
2024-12-19 08:44:51 - be.model.user - INFO - 尝试登录用户：buyer_4_30c52a34-bda2-11ef-890a-02a6845b4b32，终端：my terminal
2024-12-19 08:44:51 - be.model.user - INFO - 为用户 buyer_4_30c52a34-bda2-11ef-890a-02a6845b4b32 生成新token，终端：my terminal
2024-12-19 08:44:51 - be.model.user - INFO - 用户登录成功：buyer_4_30c52a34-bda2-11ef-890a-02a6845b4b32
2024-12-19 08:44:51 - be.view.auth - INFO - 登录处理结果: 200
2024-12-19 08:44:51 - werkzeug - INFO - 127.0.0.1 - - [19/Dec/2024 08:44:51] "POST /auth/login HTTP/1.1" 200 -
2024-12-19 08:44:51 - be.view.auth - INFO - 收到登录请求: {'user_id': 'buyer_10_30c52a34-bda2-11ef-890a-02a6845b4b32', 'password': 'buyer_seller_10_30c52a34-bda2-11ef-890a-02a6845b4b32', 'terminal': 'my terminal'}
2024-12-19 08:44:51 - be.model.user - INFO - 尝试登录用户：buyer_10_30c52a34-bda2-11ef-890a-02a6845b4b32，终端：my terminal
2024-12-19 08:44:51 - be.model.user - INFO - 为用户 buyer_10_30c52a34-bda2-11ef-890a-02a6845b4b32 生成新token，终端：my terminal
2024-12-19 08:44:51 - be.model.user - INFO - 用户登录成功：buyer_10_30c52a34-bda2-11ef-890a-02a6845b4b32
2024-12-19 08:44:51 - be.view.auth - INFO - 登录处理结果: 200
2024-12-19 08:44:51 - werkzeug - INFO - 127.0.0.1 - - [19/Dec/2024 08:44:51] "POST /auth/login HTTP/1.1" 200 -
2024-12-19 08:44:51 - be.view.auth - INFO - 收到登录请求: {'user_id': 'buyer_10_30c52a34-bda2-11ef-890a-02a6845b4b32', 'password': 'buyer_seller_10_30c52a34-bda2-11ef-890a-02a6845b4b32', 'terminal': 'my terminal'}
2024-12-19 08:44:51 - be.model.user - INFO - 尝试登录用户：buyer_10_30c52a34-bda2-11ef-890a-02a6845b4b32，终端：my terminal
2024-12-19 08:44:51 - be.model.user - INFO - 为用户 buyer_10_30c52a34-bda2-11ef-890a-02a6845b4b32 生成新token，终端：my terminal
2024-12-19 08:44:51 - be.model.user - INFO - 用户登录成功：buyer_10_30c52a34-bda2-11ef-890a-02a6845b4b32
2024-12-19 08:44:52 - be.view.auth - INFO - 登录处理结果: 200
2024-12-19 08:44:52 - werkzeug - INFO - 127.0.0.1 - - [19/Dec/2024 08:44:52] "POST /auth/login HTTP/1.1" 200 -
2024-12-19 08:44:52 - be.view.auth - INFO - 收到登录请求: {'user_id': 'buyer_8_30c52a34-bda2-11ef-890a-02a6845b4b32', 'password': 'buyer_seller_8_30c52a34-bda2-11ef-890a-02a6845b4b32', 'terminal': 'my terminal'}
2024-12-19 08:44:52 - be.model.user - INFO - 尝试登录用户：buyer_8_30c52a34-bda2-11ef-890a-02a6845b4b32，终端：my terminal
2024-12-19 08:44:52 - be.model.user - INFO - 为用户 buyer_8_30c52a34-bda2-11ef-890a-02a6845b4b32 生成新token，终端：my terminal
2024-12-19 08:44:52 - be.model.user - INFO - 用户登录成功：buyer_8_30c52a34-bda2-11ef-890a-02a6845b4b32
2024-12-19 08:44:52 - be.view.auth - INFO - 登录处理结果: 200
2024-12-19 08:44:52 - werkzeug - INFO - 127.0.0.1 - - [19/Dec/2024 08:44:52] "POST /auth/login HTTP/1.1" 200 -
2024-12-19 08:44:52 - be.view.auth - INFO - 收到登录请求: {'user_id': 'buyer_9_30c52a34-bda2-11ef-890a-02a6845b4b32', 'password': 'buyer_seller_9_30c52a34-bda2-11ef-890a-02a6845b4b32', 'terminal': 'my terminal'}
2024-12-19 08:44:52 - be.model.user - INFO - 尝试登录用户：buyer_9_30c52a34-bda2-11ef-890a-02a6845b4b32，终端：my terminal
2024-12-19 08:44:52 - be.model.user - INFO - 为用户 buyer_9_30c52a34-bda2-11ef-890a-02a6845b4b32 生成新token，终端：my terminal
2024-12-19 08:44:52 - be.model.user - INFO - 用户登录成功：buyer_9_30c52a34-bda2-11ef-890a-02a6845b4b32
2024-12-19 08:44:52 - be.view.auth - INFO - 登录处理结果: 200
2024-12-19 08:44:52 - werkzeug - INFO - 127.0.0.1 - - [19/Dec/2024 08:44:52] "POST /auth/login HTTP/1.1" 200 -
2024-12-19 08:44:52 - be.view.auth - INFO - 收到登录请求: {'user_id': 'buyer_5_30c52a34-bda2-11ef-890a-02a6845b4b32', 'password': 'buyer_seller_5_30c52a34-bda2-11ef-890a-02a6845b4b32', 'terminal': 'my terminal'}
2024-12-19 08:44:52 - be.model.user - INFO - 尝试登录用户：buyer_5_30c52a34-bda2-11ef-890a-02a6845b4b32，终端：my terminal
2024-12-19 08:44:52 - be.model.user - INFO - 为用户 buyer_5_30c52a34-bda2-11ef-890a-02a6845b4b32 生成新token，终端：my terminal
2024-12-19 08:44:52 - be.model.user - INFO - 用户登录成功：buyer_5_30c52a34-bda2-11ef-890a-02a6845b4b32
2024-12-19 08:44:52 - be.view.auth - INFO - 登录处理结果: 200
2024-12-19 08:44:52 - werkzeug - INFO - 127.0.0.1 - - [19/Dec/2024 08:44:52] "POST /auth/login HTTP/1.1" 200 -
2024-12-19 08:44:52 - be.view.auth - INFO - 收到登录请求: {'user_id': 'buyer_10_30c52a34-bda2-11ef-890a-02a6845b4b32', 'password': 'buyer_seller_10_30c52a34-bda2-11ef-890a-02a6845b4b32', 'terminal': 'my terminal'}
2024-12-19 08:44:52 - be.model.user - INFO - 尝试登录用户：buyer_10_30c52a34-bda2-11ef-890a-02a6845b4b32，终端：my terminal
2024-12-19 08:44:52 - be.model.user - INFO - 为用户 buyer_10_30c52a34-bda2-11ef-890a-02a6845b4b32 生成新token，终端：my terminal
2024-12-19 08:44:52 - be.model.user - INFO - 用户登录成功：buyer_10_30c52a34-bda2-11ef-890a-02a6845b4b32
2024-12-19 08:44:53 - be.view.auth - INFO - 登录处理结果: 200
2024-12-19 08:44:53 - werkzeug - INFO - 127.0.0.1 - - [19/Dec/2024 08:44:53] "POST /auth/login HTTP/1.1" 200 -
2024-12-19 08:44:53 - be.view.auth - INFO - 收到登录请求: {'user_id': 'buyer_9_30c52a34-bda2-11ef-890a-02a6845b4b32', 'password': 'buyer_seller_9_30c52a34-bda2-11ef-890a-02a6845b4b32', 'terminal': 'my terminal'}
2024-12-19 08:44:53 - be.model.user - INFO - 尝试登录用户：buyer_9_30c52a34-bda2-11ef-890a-02a6845b4b32，终端：my terminal
2024-12-19 08:44:53 - be.model.user - INFO - 为用户 buyer_9_30c52a34-bda2-11ef-890a-02a6845b4b32 生成新token，终端：my terminal
2024-12-19 08:44:53 - be.model.user - INFO - 用户登录成功：buyer_9_30c52a34-bda2-11ef-890a-02a6845b4b32
2024-12-19 08:44:53 - be.view.auth - INFO - 登录处理结果: 200
2024-12-19 08:44:53 - werkzeug - INFO - 127.0.0.1 - - [19/Dec/2024 08:44:53] "POST /auth/login HTTP/1.1" 200 -
2024-12-19 08:44:53 - be.view.auth - INFO - 收到登录请求: {'user_id': 'buyer_8_30c52a34-bda2-11ef-890a-02a6845b4b32', 'password': 'buyer_seller_8_30c52a34-bda2-11ef-890a-02a6845b4b32', 'terminal': 'my terminal'}
2024-12-19 08:44:53 - be.model.user - INFO - 尝试登录用户：buyer_8_30c52a34-bda2-11ef-890a-02a6845b4b32，终端：my terminal
2024-12-19 08:44:53 - be.model.user - INFO - 为用户 buyer_8_30c52a34-bda2-11ef-890a-02a6845b4b32 生成新token，终端：my terminal
2024-12-19 08:44:53 - be.model.user - INFO - 用户登录成功：buyer_8_30c52a34-bda2-11ef-890a-02a6845b4b32
2024-12-19 08:44:53 - be.view.auth - INFO - 登录处理结果: 200
2024-12-19 08:44:53 - werkzeug - INFO - 127.0.0.1 - - [19/Dec/2024 08:44:53] "POST /auth/login HTTP/1.1" 200 -
2024-12-19 08:44:53 - be.view.auth - INFO - 收到登录请求: {'user_id': 'buyer_6_30c52a34-bda2-11ef-890a-02a6845b4b32', 'password': 'buyer_seller_6_30c52a34-bda2-11ef-890a-02a6845b4b32', 'terminal': 'my terminal'}
2024-12-19 08:44:53 - be.model.user - INFO - 尝试登录用户：buyer_6_30c52a34-bda2-11ef-890a-02a6845b4b32，终端：my terminal
2024-12-19 08:44:53 - be.model.user - INFO - 为用户 buyer_6_30c52a34-bda2-11ef-890a-02a6845b4b32 生成新token，终端：my terminal
2024-12-19 08:44:53 - be.model.user - INFO - 用户登录成功：buyer_6_30c52a34-bda2-11ef-890a-02a6845b4b32
2024-12-19 08:44:53 - be.view.auth - INFO - 登录处理结果: 200
2024-12-19 08:44:53 - werkzeug - INFO - 127.0.0.1 - - [19/Dec/2024 08:44:53] "POST /auth/login HTTP/1.1" 200 -
2024-12-19 08:44:53 - be.view.auth - INFO - 收到登录请求: {'user_id': 'buyer_7_30c52a34-bda2-11ef-890a-02a6845b4b32', 'password': 'buyer_seller_7_30c52a34-bda2-11ef-890a-02a6845b4b32', 'terminal': 'my terminal'}
2024-12-19 08:44:53 - be.model.user - INFO - 尝试登录用户：buyer_7_30c52a34-bda2-11ef-890a-02a6845b4b32，终端：my terminal
2024-12-19 08:44:53 - be.model.user - INFO - 为用户 buyer_7_30c52a34-bda2-11ef-890a-02a6845b4b32 生成新token，终端：my terminal
2024-12-19 08:44:53 - be.model.user - INFO - 用户登录成功：buyer_7_30c52a34-bda2-11ef-890a-02a6845b4b32
2024-12-19 08:44:53 - be.view.auth - INFO - 登录处理结果: 200
2024-12-19 08:44:53 - werkzeug - INFO - 127.0.0.1 - - [19/Dec/2024 08:44:53] "POST /auth/login HTTP/1.1" 200 -
2024-12-19 08:44:53 - be.view.auth - INFO - 收到登录请求: {'user_id': 'buyer_9_30c52a34-bda2-11ef-890a-02a6845b4b32', 'password': 'buyer_seller_9_30c52a34-bda2-11ef-890a-02a6845b4b32', 'terminal': 'my terminal'}
2024-12-19 08:44:53 - be.model.user - INFO - 尝试登录用户：buyer_9_30c52a34-bda2-11ef-890a-02a6845b4b32，终端：my terminal
2024-12-19 08:44:54 - be.model.user - INFO - 为用户 buyer_9_30c52a34-bda2-11ef-890a-02a6845b4b32 生成新token，终端：my terminal
2024-12-19 08:44:54 - be.model.user - INFO - 用户登录成功：buyer_9_30c52a34-bda2-11ef-890a-02a6845b4b32
2024-12-19 08:44:54 - be.view.auth - INFO - 登录处理结果: 200
2024-12-19 08:44:54 - werkzeug - INFO - 127.0.0.1 - - [19/Dec/2024 08:44:54] "POST /auth/login HTTP/1.1" 200 -
2024-12-19 08:44:54 - be.view.auth - INFO - 收到登录请求: {'user_id': 'buyer_7_30c52a34-bda2-11ef-890a-02a6845b4b32', 'password': 'buyer_seller_7_30c52a34-bda2-11ef-890a-02a6845b4b32', 'terminal': 'my terminal'}
2024-12-19 08:44:54 - be.model.user - INFO - 尝试登录用户：buyer_7_30c52a34-bda2-11ef-890a-02a6845b4b32，终端：my terminal
2024-12-19 08:44:54 - be.model.user - INFO - 为用户 buyer_7_30c52a34-bda2-11ef-890a-02a6845b4b32 生成新token，终端：my terminal
2024-12-19 08:44:54 - be.model.user - INFO - 用户登录成功：buyer_7_30c52a34-bda2-11ef-890a-02a6845b4b32
2024-12-19 08:44:54 - be.view.auth - INFO - 登录处理结果: 200
2024-12-19 08:44:54 - werkzeug - INFO - 127.0.0.1 - - [19/Dec/2024 08:44:54] "POST /auth/login HTTP/1.1" 200 -
2024-12-19 08:44:54 - be.view.auth - INFO - 收到登录请求: {'user_id': 'buyer_10_30c52a34-bda2-11ef-890a-02a6845b4b32', 'password': 'buyer_seller_10_30c52a34-bda2-11ef-890a-02a6845b4b32', 'terminal': 'my terminal'}
2024-12-19 08:44:54 - be.model.user - INFO - 尝试登录用户：buyer_10_30c52a34-bda2-11ef-890a-02a6845b4b32，终端：my terminal
2024-12-19 08:44:54 - be.model.user - INFO - 为用户 buyer_10_30c52a34-bda2-11ef-890a-02a6845b4b32 生成新token，终端：my terminal
2024-12-19 08:44:54 - be.model.user - INFO - 用户登录成功：buyer_10_30c52a34-bda2-11ef-890a-02a6845b4b32
2024-12-19 08:44:54 - be.view.auth - INFO - 登录处理结果: 200
2024-12-19 08:44:54 - werkzeug - INFO - 127.0.0.1 - - [19/Dec/2024 08:44:54] "POST /auth/login HTTP/1.1" 200 -
2024-12-19 08:44:54 - be.view.auth - INFO - 收到登录请求: {'user_id': 'buyer_10_30c52a34-bda2-11ef-890a-02a6845b4b32', 'password': 'buyer_seller_10_30c52a34-bda2-11ef-890a-02a6845b4b32', 'terminal': 'my terminal'}
2024-12-19 08:44:54 - be.model.user - INFO - 尝试登录用户：buyer_10_30c52a34-bda2-11ef-890a-02a6845b4b32，终端：my terminal
2024-12-19 08:44:54 - be.model.user - INFO - 为用户 buyer_10_30c52a34-bda2-11ef-890a-02a6845b4b32 生成新token，终端：my terminal
2024-12-19 08:44:54 - be.model.user - INFO - 用户登录成功：buyer_10_30c52a34-bda2-11ef-890a-02a6845b4b32
2024-12-19 08:44:54 - be.view.auth - INFO - 登录处理结果: 200
2024-12-19 08:44:54 - werkzeug - INFO - 127.0.0.1 - - [19/Dec/2024 08:44:54] "POST /auth/login HTTP/1.1" 200 -
2024-12-19 08:44:54 - be.view.auth - INFO - 收到登录请求: {'user_id': 'buyer_6_30c52a34-bda2-11ef-890a-02a6845b4b32', 'password': 'buyer_seller_6_30c52a34-bda2-11ef-890a-02a6845b4b32', 'terminal': 'my terminal'}
2024-12-19 08:44:54 - be.model.user - INFO - 尝试登录用户：buyer_6_30c52a34-bda2-11ef-890a-02a6845b4b32，终端：my terminal
2024-12-19 08:44:54 - be.model.user - INFO - 为用户 buyer_6_30c52a34-bda2-11ef-890a-02a6845b4b32 生成新token，终端：my terminal
2024-12-19 08:44:54 - be.model.user - INFO - 用户登录成功：buyer_6_30c52a34-bda2-11ef-890a-02a6845b4b32
2024-12-19 08:44:55 - be.view.auth - INFO - 登录处理结果: 200
2024-12-19 08:44:55 - werkzeug - INFO - 127.0.0.1 - - [19/Dec/2024 08:44:55] "POST /auth/login HTTP/1.1" 200 -
2024-12-19 08:44:55 - be.view.auth - INFO - 收到登录请求: {'user_id': 'buyer_9_30c52a34-bda2-11ef-890a-02a6845b4b32', 'password': 'buyer_seller_9_30c52a34-bda2-11ef-890a-02a6845b4b32', 'terminal': 'my terminal'}
2024-12-19 08:44:55 - be.model.user - INFO - 尝试登录用户：buyer_9_30c52a34-bda2-11ef-890a-02a6845b4b32，终端：my terminal
2024-12-19 08:44:55 - be.model.user - INFO - 为用户 buyer_9_30c52a34-bda2-11ef-890a-02a6845b4b32 生成新token，终端：my terminal
2024-12-19 08:44:55 - be.model.user - INFO - 用户登录成功：buyer_9_30c52a34-bda2-11ef-890a-02a6845b4b32
2024-12-19 08:44:55 - be.view.auth - INFO - 登录处理结果: 200
2024-12-19 08:44:55 - werkzeug - INFO - 127.0.0.1 - - [19/Dec/2024 08:44:55] "POST /auth/login HTTP/1.1" 200 -
2024-12-19 08:44:55 - be.view.auth - INFO - 收到登录请求: {'user_id': 'buyer_4_30c52a34-bda2-11ef-890a-02a6845b4b32', 'password': 'buyer_seller_4_30c52a34-bda2-11ef-890a-02a6845b4b32', 'terminal': 'my terminal'}
2024-12-19 08:44:55 - be.model.user - INFO - 尝试登录用户：buyer_4_30c52a34-bda2-11ef-890a-02a6845b4b32，终端：my terminal
2024-12-19 08:44:55 - be.model.user - INFO - 为用户 buyer_4_30c52a34-bda2-11ef-890a-02a6845b4b32 生成新token，终端：my terminal
2024-12-19 08:44:55 - be.model.user - INFO - 用户登录成功：buyer_4_30c52a34-bda2-11ef-890a-02a6845b4b32
2024-12-19 08:44:55 - be.view.auth - INFO - 登录处理结果: 200
2024-12-19 08:44:55 - werkzeug - INFO - 127.0.0.1 - - [19/Dec/2024 08:44:55] "POST /auth/login HTTP/1.1" 200 -
2024-12-19 08:44:55 - be.view.auth - INFO - 收到登录请求: {'user_id': 'buyer_4_30c52a34-bda2-11ef-890a-02a6845b4b32', 'password': 'buyer_seller_4_30c52a34-bda2-11ef-890a-02a6845b4b32', 'terminal': 'my terminal'}
2024-12-19 08:44:55 - be.model.user - INFO - 尝试登录用户：buyer_4_30c52a34-bda2-11ef-890a-02a6845b4b32，终端：my terminal
2024-12-19 08:44:55 - be.model.user - INFO - 为用户 buyer_4_30c52a34-bda2-11ef-890a-02a6845b4b32 生成新token，终端：my terminal
2024-12-19 08:44:55 - be.model.user - INFO - 用户登录成功：buyer_4_30c52a34-bda2-11ef-890a-02a6845b4b32
2024-12-19 08:44:55 - be.view.auth - INFO - 登录处理结果: 200
2024-12-19 08:44:55 - werkzeug - INFO - 127.0.0.1 - - [19/Dec/2024 08:44:55] "POST /auth/login HTTP/1.1" 200 -
2024-12-19 08:44:55 - be.view.auth - INFO - 收到登录请求: {'user_id': 'buyer_1_30c52a34-bda2-11ef-890a-02a6845b4b32', 'password': 'buyer_seller_1_30c52a34-bda2-11ef-890a-02a6845b4b32', 'terminal': 'my terminal'}
2024-12-19 08:44:55 - be.model.user - INFO - 尝试登录用户：buyer_1_30c52a34-bda2-11ef-890a-02a6845b4b32，终端：my terminal
2024-12-19 08:44:55 - be.model.user - INFO - 为用户 buyer_1_30c52a34-bda2-11ef-890a-02a6845b4b32 生成新token，终端：my terminal
2024-12-19 08:44:55 - be.model.user - INFO - 用户登录成功：buyer_1_30c52a34-bda2-11ef-890a-02a6845b4b32
2024-12-19 08:44:55 - be.view.auth - INFO - 登录处理结果: 200
2024-12-19 08:44:55 - werkzeug - INFO - 127.0.0.1 - - [19/Dec/2024 08:44:55] "POST /auth/login HTTP/1.1" 200 -
2024-12-19 08:44:55 - be.view.auth - INFO - 收到登录请求: {'user_id': 'buyer_5_30c52a34-bda2-11ef-890a-02a6845b4b32', 'password': 'buyer_seller_5_30c52a34-bda2-11ef-890a-02a6845b4b32', 'terminal': 'my terminal'}
2024-12-19 08:44:55 - be.model.user - INFO - 尝试登录用户：buyer_5_30c52a34-bda2-11ef-890a-02a6845b4b32，终端：my terminal
2024-12-19 08:44:56 - be.model.user - INFO - 为用户 buyer_5_30c52a34-bda2-11ef-890a-02a6845b4b32 生成新token，终端：my terminal
2024-12-19 08:44:56 - be.model.user - INFO - 用户登录成功：buyer_5_30c52a34-bda2-11ef-890a-02a6845b4b32
2024-12-19 08:44:56 - be.view.auth - INFO - 登录处理结果: 200
2024-12-19 08:44:56 - werkzeug - INFO - 127.0.0.1 - - [19/Dec/2024 08:44:56] "POST /auth/login HTTP/1.1" 200 -
2024-12-19 08:44:56 - be.view.auth - INFO - 收到登录请求: {'user_id': 'buyer_10_30c52a34-bda2-11ef-890a-02a6845b4b32', 'password': 'buyer_seller_10_30c52a34-bda2-11ef-890a-02a6845b4b32', 'terminal': 'my terminal'}
2024-12-19 08:44:56 - be.model.user - INFO - 尝试登录用户：buyer_10_30c52a34-bda2-11ef-890a-02a6845b4b32，终端：my terminal
2024-12-19 08:44:56 - be.model.user - INFO - 为用户 buyer_10_30c52a34-bda2-11ef-890a-02a6845b4b32 生成新token，终端：my terminal
2024-12-19 08:44:56 - be.model.user - INFO - 用户登录成功：buyer_10_30c52a34-bda2-11ef-890a-02a6845b4b32
2024-12-19 08:44:56 - be.view.auth - INFO - 登录处理结果: 200
2024-12-19 08:44:56 - werkzeug - INFO - 127.0.0.1 - - [19/Dec/2024 08:44:56] "POST /auth/login HTTP/1.1" 200 -
2024-12-19 08:44:56 - be.view.auth - INFO - 收到登录请求: {'user_id': 'buyer_10_30c52a34-bda2-11ef-890a-02a6845b4b32', 'password': 'buyer_seller_10_30c52a34-bda2-11ef-890a-02a6845b4b32', 'terminal': 'my terminal'}
2024-12-19 08:44:56 - be.model.user - INFO - 尝试登录用户：buyer_10_30c52a34-bda2-11ef-890a-02a6845b4b32，终端：my terminal
2024-12-19 08:44:56 - be.model.user - INFO - 为用户 buyer_10_30c52a34-bda2-11ef-890a-02a6845b4b32 生成新token，终端：my terminal
2024-12-19 08:44:56 - be.model.user - INFO - 用户登录成功：buyer_10_30c52a34-bda2-11ef-890a-02a6845b4b32
2024-12-19 08:44:56 - be.view.auth - INFO - 登录处理结果: 200
2024-12-19 08:44:56 - werkzeug - INFO - 127.0.0.1 - - [19/Dec/2024 08:44:56] "POST /auth/login HTTP/1.1" 200 -
2024-12-19 08:44:56 - be.view.auth - INFO - 收到登录请求: {'user_id': 'buyer_3_30c52a34-bda2-11ef-890a-02a6845b4b32', 'password': 'buyer_seller_3_30c52a34-bda2-11ef-890a-02a6845b4b32', 'terminal': 'my terminal'}
2024-12-19 08:44:56 - be.model.user - INFO - 尝试登录用户：buyer_3_30c52a34-bda2-11ef-890a-02a6845b4b32，终端：my terminal
2024-12-19 08:44:56 - be.model.user - INFO - 为用户 buyer_3_30c52a34-bda2-11ef-890a-02a6845b4b32 生成新token，终端：my terminal
2024-12-19 08:44:56 - be.model.user - INFO - 用户登录成功：buyer_3_30c52a34-bda2-11ef-890a-02a6845b4b32
2024-12-19 08:44:56 - be.view.auth - INFO - 登录处理结果: 200
2024-12-19 08:44:56 - werkzeug - INFO - 127.0.0.1 - - [19/Dec/2024 08:44:56] "POST /auth/login HTTP/1.1" 200 -
2024-12-19 08:44:56 - be.view.auth - INFO - 收到登录请求: {'user_id': 'buyer_8_30c52a34-bda2-11ef-890a-02a6845b4b32', 'password': 'buyer_seller_8_30c52a34-bda2-11ef-890a-02a6845b4b32', 'terminal': 'my terminal'}
2024-12-19 08:44:56 - be.model.user - INFO - 尝试登录用户：buyer_8_30c52a34-bda2-11ef-890a-02a6845b4b32，终端：my terminal
2024-12-19 08:44:57 - be.model.user - INFO - 为用户 buyer_8_30c52a34-bda2-11ef-890a-02a6845b4b32 生成新token，终端：my terminal
2024-12-19 08:44:57 - be.model.user - INFO - 用户登录成功：buyer_8_30c52a34-bda2-11ef-890a-02a6845b4b32
2024-12-19 08:44:57 - be.view.auth - INFO - 登录处理结果: 200
2024-12-19 08:44:57 - werkzeug - INFO - 127.0.0.1 - - [19/Dec/2024 08:44:57] "POST /auth/login HTTP/1.1" 200 -
2024-12-19 08:44:57 - be.view.auth - INFO - 收到登录请求: {'user_id': 'buyer_5_30c52a34-bda2-11ef-890a-02a6845b4b32', 'password': 'buyer_seller_5_30c52a34-bda2-11ef-890a-02a6845b4b32', 'terminal': 'my terminal'}
2024-12-19 08:44:57 - be.model.user - INFO - 尝试登录用户：buyer_5_30c52a34-bda2-11ef-890a-02a6845b4b32，终端：my terminal
2024-12-19 08:44:57 - be.model.user - INFO - 为用户 buyer_5_30c52a34-bda2-11ef-890a-02a6845b4b32 生成新token，终端：my terminal
2024-12-19 08:44:57 - be.model.user - INFO - 用户登录成功：buyer_5_30c52a34-bda2-11ef-890a-02a6845b4b32
2024-12-19 08:44:57 - be.view.auth - INFO - 登录处理结果: 200
2024-12-19 08:44:57 - werkzeug - INFO - 127.0.0.1 - - [19/Dec/2024 08:44:57] "POST /auth/login HTTP/1.1" 200 -
2024-12-19 08:44:57 - be.view.auth - INFO - 收到登录请求: {'user_id': 'buyer_4_30c52a34-bda2-11ef-890a-02a6845b4b32', 'password': 'buyer_seller_4_30c52a34-bda2-11ef-890a-02a6845b4b32', 'terminal': 'my terminal'}
2024-12-19 08:44:57 - be.model.user - INFO - 尝试登录用户：buyer_4_30c52a34-bda2-11ef-890a-02a6845b4b32，终端：my terminal
2024-12-19 08:44:57 - be.model.user - INFO - 为用户 buyer_4_30c52a34-bda2-11ef-890a-02a6845b4b32 生成新token，终端：my terminal
2024-12-19 08:44:57 - be.model.user - INFO - 用户登录成功：buyer_4_30c52a34-bda2-11ef-890a-02a6845b4b32
2024-12-19 08:44:57 - be.view.auth - INFO - 登录处理结果: 200
2024-12-19 08:44:57 - werkzeug - INFO - 127.0.0.1 - - [19/Dec/2024 08:44:57] "POST /auth/login HTTP/1.1" 200 -
2024-12-19 08:44:57 - be.view.auth - INFO - 收到登录请求: {'user_id': 'buyer_9_30c52a34-bda2-11ef-890a-02a6845b4b32', 'password': 'buyer_seller_9_30c52a34-bda2-11ef-890a-02a6845b4b32', 'terminal': 'my terminal'}
2024-12-19 08:44:57 - be.model.user - INFO - 尝试登录用户：buyer_9_30c52a34-bda2-11ef-890a-02a6845b4b32，终端：my terminal
2024-12-19 08:44:57 - be.model.user - INFO - 为用户 buyer_9_30c52a34-bda2-11ef-890a-02a6845b4b32 生成新token，终端：my terminal
2024-12-19 08:44:57 - be.model.user - INFO - 用户登录成功：buyer_9_30c52a34-bda2-11ef-890a-02a6845b4b32
2024-12-19 08:44:57 - be.view.auth - INFO - 登录处理结果: 200
2024-12-19 08:44:57 - werkzeug - INFO - 127.0.0.1 - - [19/Dec/2024 08:44:57] "POST /auth/login HTTP/1.1" 200 -
2024-12-19 08:44:57 - be.view.auth - INFO - 收到登录请求: {'user_id': 'buyer_8_30c52a34-bda2-11ef-890a-02a6845b4b32', 'password': 'buyer_seller_8_30c52a34-bda2-11ef-890a-02a6845b4b32', 'terminal': 'my terminal'}
2024-12-19 08:44:57 - be.model.user - INFO - 尝试登录用户：buyer_8_30c52a34-bda2-11ef-890a-02a6845b4b32，终端：my terminal
2024-12-19 08:44:57 - be.model.user - INFO - 为用户 buyer_8_30c52a34-bda2-11ef-890a-02a6845b4b32 生成新token，终端：my terminal
2024-12-19 08:44:57 - be.model.user - INFO - 用户登录成功：buyer_8_30c52a34-bda2-11ef-890a-02a6845b4b32
2024-12-19 08:44:58 - be.view.auth - INFO - 登录处理结果: 200
2024-12-19 08:44:58 - werkzeug - INFO - 127.0.0.1 - - [19/Dec/2024 08:44:58] "POST /auth/login HTTP/1.1" 200 -
2024-12-19 08:44:58 - be.view.auth - INFO - 收到登录请求: {'user_id': 'buyer_3_30c52a34-bda2-11ef-890a-02a6845b4b32', 'password': 'buyer_seller_3_30c52a34-bda2-11ef-890a-02a6845b4b32', 'terminal': 'my terminal'}
2024-12-19 08:44:58 - be.model.user - INFO - 尝试登录用户：buyer_3_30c52a34-bda2-11ef-890a-02a6845b4b32，终端：my terminal
2024-12-19 08:44:58 - be.model.user - INFO - 为用户 buyer_3_30c52a34-bda2-11ef-890a-02a6845b4b32 生成新token，终端：my terminal
2024-12-19 08:44:58 - be.model.user - INFO - 用户登录成功：buyer_3_30c52a34-bda2-11ef-890a-02a6845b4b32
2024-12-19 08:44:58 - be.view.auth - INFO - 登录处理结果: 200
2024-12-19 08:44:58 - werkzeug - INFO - 127.0.0.1 - - [19/Dec/2024 08:44:58] "POST /auth/login HTTP/1.1" 200 -
2024-12-19 08:44:58 - be.view.auth - INFO - 收到登录请求: {'user_id': 'buyer_6_30c52a34-bda2-11ef-890a-02a6845b4b32', 'password': 'buyer_seller_6_30c52a34-bda2-11ef-890a-02a6845b4b32', 'terminal': 'my terminal'}
2024-12-19 08:44:58 - be.model.user - INFO - 尝试登录用户：buyer_6_30c52a34-bda2-11ef-890a-02a6845b4b32，终端：my terminal
2024-12-19 08:44:58 - be.model.user - INFO - 为用户 buyer_6_30c52a34-bda2-11ef-890a-02a6845b4b32 生成新token，终端：my terminal
2024-12-19 08:44:58 - be.model.user - INFO - 用户登录成功：buyer_6_30c52a34-bda2-11ef-890a-02a6845b4b32
2024-12-19 08:44:58 - be.view.auth - INFO - 登录处理结果: 200
2024-12-19 08:44:58 - werkzeug - INFO - 127.0.0.1 - - [19/Dec/2024 08:44:58] "POST /auth/login HTTP/1.1" 200 -
2024-12-19 08:44:58 - be.view.auth - INFO - 收到登录请求: {'user_id': 'buyer_9_30c52a34-bda2-11ef-890a-02a6845b4b32', 'password': 'buyer_seller_9_30c52a34-bda2-11ef-890a-02a6845b4b32', 'terminal': 'my terminal'}
2024-12-19 08:44:58 - be.model.user - INFO - 尝试登录用户：buyer_9_30c52a34-bda2-11ef-890a-02a6845b4b32，终端：my terminal
2024-12-19 08:44:58 - be.model.user - INFO - 为用户 buyer_9_30c52a34-bda2-11ef-890a-02a6845b4b32 生成新token，终端：my terminal
2024-12-19 08:44:58 - be.model.user - INFO - 用户登录成功：buyer_9_30c52a34-bda2-11ef-890a-02a6845b4b32
2024-12-19 08:44:58 - be.view.auth - INFO - 登录处理结果: 200
2024-12-19 08:44:58 - werkzeug - INFO - 127.0.0.1 - - [19/Dec/2024 08:44:58] "POST /auth/login HTTP/1.1" 200 -
2024-12-19 08:44:58 - be.view.auth - INFO - 收到登录请求: {'user_id': 'buyer_2_30c52a34-bda2-11ef-890a-02a6845b4b32', 'password': 'buyer_seller_2_30c52a34-bda2-11ef-890a-02a6845b4b32', 'terminal': 'my terminal'}
2024-12-19 08:44:58 - be.model.user - INFO - 尝试登录用户：buyer_2_30c52a34-bda2-11ef-890a-02a6845b4b32，终端：my terminal
2024-12-19 08:44:59 - be.model.user - INFO - 为用户 buyer_2_30c52a34-bda2-11ef-890a-02a6845b4b32 生成新token，终端：my terminal
2024-12-19 08:44:59 - be.model.user - INFO - 用户登录成功：buyer_2_30c52a34-bda2-11ef-890a-02a6845b4b32
2024-12-19 08:44:59 - be.view.auth - INFO - 登录处理结果: 200
2024-12-19 08:44:59 - werkzeug - INFO - 127.0.0.1 - - [19/Dec/2024 08:44:59] "POST /auth/login HTTP/1.1" 200 -
2024-12-19 08:44:59 - be.view.auth - INFO - 收到登录请求: {'user_id': 'buyer_1_30c52a34-bda2-11ef-890a-02a6845b4b32', 'password': 'buyer_seller_1_30c52a34-bda2-11ef-890a-02a6845b4b32', 'terminal': 'my terminal'}
2024-12-19 08:44:59 - be.model.user - INFO - 尝试登录用户：buyer_1_30c52a34-bda2-11ef-890a-02a6845b4b32，终端：my terminal
2024-12-19 08:44:59 - be.model.user - INFO - 为用户 buyer_1_30c52a34-bda2-11ef-890a-02a6845b4b32 生成新token，终端：my terminal
2024-12-19 08:44:59 - be.model.user - INFO - 用户登录成功：buyer_1_30c52a34-bda2-11ef-890a-02a6845b4b32
2024-12-19 08:44:59 - be.view.auth - INFO - 登录处理结果: 200
2024-12-19 08:44:59 - werkzeug - INFO - 127.0.0.1 - - [19/Dec/2024 08:44:59] "POST /auth/login HTTP/1.1" 200 -
2024-12-19 08:44:59 - be.view.auth - INFO - 收到登录请求: {'user_id': 'buyer_8_30c52a34-bda2-11ef-890a-02a6845b4b32', 'password': 'buyer_seller_8_30c52a34-bda2-11ef-890a-02a6845b4b32', 'terminal': 'my terminal'}
2024-12-19 08:44:59 - be.model.user - INFO - 尝试登录用户：buyer_8_30c52a34-bda2-11ef-890a-02a6845b4b32，终端：my terminal
2024-12-19 08:44:59 - be.model.user - INFO - 为用户 buyer_8_30c52a34-bda2-11ef-890a-02a6845b4b32 生成新token，终端：my terminal
2024-12-19 08:44:59 - be.model.user - INFO - 用户登录成功：buyer_8_30c52a34-bda2-11ef-890a-02a6845b4b32
2024-12-19 08:44:59 - be.view.auth - INFO - 登录处理结果: 200
2024-12-19 08:44:59 - werkzeug - INFO - 127.0.0.1 - - [19/Dec/2024 08:44:59] "POST /auth/login HTTP/1.1" 200 -
2024-12-19 08:44:59 - be.view.auth - INFO - 收到登录请求: {'user_id': 'buyer_4_30c52a34-bda2-11ef-890a-02a6845b4b32', 'password': 'buyer_seller_4_30c52a34-bda2-11ef-890a-02a6845b4b32', 'terminal': 'my terminal'}
2024-12-19 08:44:59 - be.model.user - INFO - 尝试登录用户：buyer_4_30c52a34-bda2-11ef-890a-02a6845b4b32，终端：my terminal
2024-12-19 08:44:59 - be.model.user - INFO - 为用户 buyer_4_30c52a34-bda2-11ef-890a-02a6845b4b32 生成新token，终端：my terminal
2024-12-19 08:44:59 - be.model.user - INFO - 用户登录成功：buyer_4_30c52a34-bda2-11ef-890a-02a6845b4b32
2024-12-19 08:44:59 - be.view.auth - INFO - 登录处理结果: 200
2024-12-19 08:44:59 - werkzeug - INFO - 127.0.0.1 - - [19/Dec/2024 08:44:59] "POST /auth/login HTTP/1.1" 200 -
2024-12-19 08:44:59 - be.view.auth - INFO - 收到登录请求: {'user_id': 'buyer_2_30c52a34-bda2-11ef-890a-02a6845b4b32', 'password': 'buyer_seller_2_30c52a34-bda2-11ef-890a-02a6845b4b32', 'terminal': 'my terminal'}
2024-12-19 08:44:59 - be.model.user - INFO - 尝试登录用户：buyer_2_30c52a34-bda2-11ef-890a-02a6845b4b32，终端：my terminal
2024-12-19 08:44:59 - be.model.user - INFO - 为用户 buyer_2_30c52a34-bda2-11ef-890a-02a6845b4b32 生成新token，终端：my terminal
2024-12-19 08:44:59 - be.model.user - INFO - 用户登录成功：buyer_2_30c52a34-bda2-11ef-890a-02a6845b4b32
2024-12-19 08:45:00 - be.view.auth - INFO - 登录处理结果: 200
2024-12-19 08:45:00 - werkzeug - INFO - 127.0.0.1 - - [19/Dec/2024 08:45:00] "POST /auth/login HTTP/1.1" 200 -
2024-12-19 08:45:00 - be.view.auth - INFO - 收到登录请求: {'user_id': 'buyer_2_30c52a34-bda2-11ef-890a-02a6845b4b32', 'password': 'buyer_seller_2_30c52a34-bda2-11ef-890a-02a6845b4b32', 'terminal': 'my terminal'}
2024-12-19 08:45:00 - be.model.user - INFO - 尝试登录用户：buyer_2_30c52a34-bda2-11ef-890a-02a6845b4b32，终端：my terminal
2024-12-19 08:45:00 - be.model.user - INFO - 为用户 buyer_2_30c52a34-bda2-11ef-890a-02a6845b4b32 生成新token，终端：my terminal
2024-12-19 08:45:00 - be.model.user - INFO - 用户登录成功：buyer_2_30c52a34-bda2-11ef-890a-02a6845b4b32
2024-12-19 08:45:00 - be.view.auth - INFO - 登录处理结果: 200
2024-12-19 08:45:00 - werkzeug - INFO - 127.0.0.1 - - [19/Dec/2024 08:45:00] "POST /auth/login HTTP/1.1" 200 -
2024-12-19 08:45:00 - be.view.auth - INFO - 收到登录请求: {'user_id': 'buyer_6_30c52a34-bda2-11ef-890a-02a6845b4b32', 'password': 'buyer_seller_6_30c52a34-bda2-11ef-890a-02a6845b4b32', 'terminal': 'my terminal'}
2024-12-19 08:45:00 - be.model.user - INFO - 尝试登录用户：buyer_6_30c52a34-bda2-11ef-890a-02a6845b4b32，终端：my terminal
2024-12-19 08:45:00 - be.model.user - INFO - 为用户 buyer_6_30c52a34-bda2-11ef-890a-02a6845b4b32 生成新token，终端：my terminal
2024-12-19 08:45:00 - be.model.user - INFO - 用户登录成功：buyer_6_30c52a34-bda2-11ef-890a-02a6845b4b32
2024-12-19 08:45:00 - be.view.auth - INFO - 登录处理结果: 200
2024-12-19 08:45:00 - werkzeug - INFO - 127.0.0.1 - - [19/Dec/2024 08:45:00] "POST /auth/login HTTP/1.1" 200 -
2024-12-19 08:45:00 - be.view.auth - INFO - 收到登录请求: {'user_id': 'buyer_1_30c52a34-bda2-11ef-890a-02a6845b4b32', 'password': 'buyer_seller_1_30c52a34-bda2-11ef-890a-02a6845b4b32', 'terminal': 'my terminal'}
2024-12-19 08:45:00 - be.model.user - INFO - 尝试登录用户：buyer_1_30c52a34-bda2-11ef-890a-02a6845b4b32，终端：my terminal
2024-12-19 08:45:00 - be.model.user - INFO - 为用户 buyer_1_30c52a34-bda2-11ef-890a-02a6845b4b32 生成新token，终端：my terminal
2024-12-19 08:45:00 - be.model.user - INFO - 用户登录成功：buyer_1_30c52a34-bda2-11ef-890a-02a6845b4b32
2024-12-19 08:45:00 - be.view.auth - INFO - 登录处理结果: 200
2024-12-19 08:45:00 - werkzeug - INFO - 127.0.0.1 - - [19/Dec/2024 08:45:00] "POST /auth/login HTTP/1.1" 200 -
2024-12-19 08:45:00 - be.view.auth - INFO - 收到登录请求: {'user_id': 'buyer_8_30c52a34-bda2-11ef-890a-02a6845b4b32', 'password': 'buyer_seller_8_30c52a34-bda2-11ef-890a-02a6845b4b32', 'terminal': 'my terminal'}
2024-12-19 08:45:00 - be.model.user - INFO - 尝试登录用户：buyer_8_30c52a34-bda2-11ef-890a-02a6845b4b32，终端：my terminal
2024-12-19 08:45:00 - be.model.user - INFO - 为用户 buyer_8_30c52a34-bda2-11ef-890a-02a6845b4b32 生成新token，终端：my terminal
2024-12-19 08:45:00 - be.model.user - INFO - 用户登录成功：buyer_8_30c52a34-bda2-11ef-890a-02a6845b4b32
2024-12-19 08:45:01 - be.view.auth - INFO - 登录处理结果: 200
2024-12-19 08:45:01 - werkzeug - INFO - 127.0.0.1 - - [19/Dec/2024 08:45:01] "POST /auth/login HTTP/1.1" 200 -
2024-12-19 08:45:01 - be.view.auth - INFO - 收到登录请求: {'user_id': 'buyer_1_30c52a34-bda2-11ef-890a-02a6845b4b32', 'password': 'buyer_seller_1_30c52a34-bda2-11ef-890a-02a6845b4b32', 'terminal': 'my terminal'}
2024-12-19 08:45:01 - be.model.user - INFO - 尝试登录用户：buyer_1_30c52a34-bda2-11ef-890a-02a6845b4b32，终端：my terminal
2024-12-19 08:45:01 - be.model.user - INFO - 为用户 buyer_1_30c52a34-bda2-11ef-890a-02a6845b4b32 生成新token，终端：my terminal
2024-12-19 08:45:01 - be.model.user - INFO - 用户登录成功：buyer_1_30c52a34-bda2-11ef-890a-02a6845b4b32
2024-12-19 08:45:01 - be.view.auth - INFO - 登录处理结果: 200
2024-12-19 08:45:01 - werkzeug - INFO - 127.0.0.1 - - [19/Dec/2024 08:45:01] "POST /auth/login HTTP/1.1" 200 -
2024-12-19 08:45:01 - be.view.auth - INFO - 收到登录请求: {'user_id': 'buyer_5_30c52a34-bda2-11ef-890a-02a6845b4b32', 'password': 'buyer_seller_5_30c52a34-bda2-11ef-890a-02a6845b4b32', 'terminal': 'my terminal'}
2024-12-19 08:45:01 - be.model.user - INFO - 尝试登录用户：buyer_5_30c52a34-bda2-11ef-890a-02a6845b4b32，终端：my terminal
2024-12-19 08:45:01 - be.model.user - INFO - 为用户 buyer_5_30c52a34-bda2-11ef-890a-02a6845b4b32 生成新token，终端：my terminal
2024-12-19 08:45:01 - be.model.user - INFO - 用户登录成功：buyer_5_30c52a34-bda2-11ef-890a-02a6845b4b32
2024-12-19 08:45:01 - be.view.auth - INFO - 登录处理结果: 200
2024-12-19 08:45:01 - werkzeug - INFO - 127.0.0.1 - - [19/Dec/2024 08:45:01] "POST /auth/login HTTP/1.1" 200 -
2024-12-19 08:45:01 - be.view.auth - INFO - 收到登录请求: {'user_id': 'buyer_4_30c52a34-bda2-11ef-890a-02a6845b4b32', 'password': 'buyer_seller_4_30c52a34-bda2-11ef-890a-02a6845b4b32', 'terminal': 'my terminal'}
2024-12-19 08:45:01 - be.model.user - INFO - 尝试登录用户：buyer_4_30c52a34-bda2-11ef-890a-02a6845b4b32，终端：my terminal
2024-12-19 08:45:01 - be.model.user - INFO - 为用户 buyer_4_30c52a34-bda2-11ef-890a-02a6845b4b32 生成新token，终端：my terminal
2024-12-19 08:45:01 - be.model.user - INFO - 用户登录成功：buyer_4_30c52a34-bda2-11ef-890a-02a6845b4b32
2024-12-19 08:45:01 - be.view.auth - INFO - 登录处理结果: 200
2024-12-19 08:45:01 - werkzeug - INFO - 127.0.0.1 - - [19/Dec/2024 08:45:01] "POST /auth/login HTTP/1.1" 200 -
2024-12-19 08:45:01 - be.view.auth - INFO - 收到登录请求: {'user_id': 'buyer_8_30c52a34-bda2-11ef-890a-02a6845b4b32', 'password': 'buyer_seller_8_30c52a34-bda2-11ef-890a-02a6845b4b32', 'terminal': 'my terminal'}
2024-12-19 08:45:01 - be.model.user - INFO - 尝试登录用户：buyer_8_30c52a34-bda2-11ef-890a-02a6845b4b32，终端：my terminal
2024-12-19 08:45:01 - be.model.user - INFO - 为用户 buyer_8_30c52a34-bda2-11ef-890a-02a6845b4b32 生成新token，终端：my terminal
2024-12-19 08:45:01 - be.model.user - INFO - 用户登录成功：buyer_8_30c52a34-bda2-11ef-890a-02a6845b4b32
2024-12-19 08:45:01 - be.view.auth - INFO - 登录处理结果: 200
2024-12-19 08:45:01 - werkzeug - INFO - 127.0.0.1 - - [19/Dec/2024 08:45:01] "POST /auth/login HTTP/1.1" 200 -
2024-12-19 08:45:01 - be.view.auth - INFO - 收到登录请求: {'user_id': 'buyer_1_30c52a34-bda2-11ef-890a-02a6845b4b32', 'password': 'buyer_seller_1_30c52a34-bda2-11ef-890a-02a6845b4b32', 'terminal': 'my terminal'}
2024-12-19 08:45:01 - be.model.user - INFO - 尝试登录用户：buyer_1_30c52a34-bda2-11ef-890a-02a6845b4b32，终端：my terminal
2024-12-19 08:45:02 - be.model.user - INFO - 为用户 buyer_1_30c52a34-bda2-11ef-890a-02a6845b4b32 生成新token，终端：my terminal
2024-12-19 08:45:02 - be.model.user - INFO - 用户登录成功：buyer_1_30c52a34-bda2-11ef-890a-02a6845b4b32
2024-12-19 08:45:02 - be.view.auth - INFO - 登录处理结果: 200
2024-12-19 08:45:02 - werkzeug - INFO - 127.0.0.1 - - [19/Dec/2024 08:45:02] "POST /auth/login HTTP/1.1" 200 -
2024-12-19 08:45:02 - be.view.auth - INFO - 收到登录请求: {'user_id': 'buyer_5_30c52a34-bda2-11ef-890a-02a6845b4b32', 'password': 'buyer_seller_5_30c52a34-bda2-11ef-890a-02a6845b4b32', 'terminal': 'my terminal'}
2024-12-19 08:45:02 - be.model.user - INFO - 尝试登录用户：buyer_5_30c52a34-bda2-11ef-890a-02a6845b4b32，终端：my terminal
2024-12-19 08:45:02 - be.model.user - INFO - 为用户 buyer_5_30c52a34-bda2-11ef-890a-02a6845b4b32 生成新token，终端：my terminal
2024-12-19 08:45:02 - be.model.user - INFO - 用户登录成功：buyer_5_30c52a34-bda2-11ef-890a-02a6845b4b32
2024-12-19 08:45:02 - be.view.auth - INFO - 登录处理结果: 200
2024-12-19 08:45:02 - werkzeug - INFO - 127.0.0.1 - - [19/Dec/2024 08:45:02] "POST /auth/login HTTP/1.1" 200 -
2024-12-19 08:45:02 - be.view.auth - INFO - 收到登录请求: {'user_id': 'buyer_1_30c52a34-bda2-11ef-890a-02a6845b4b32', 'password': 'buyer_seller_1_30c52a34-bda2-11ef-890a-02a6845b4b32', 'terminal': 'my terminal'}
2024-12-19 08:45:02 - be.model.user - INFO - 尝试登录用户：buyer_1_30c52a34-bda2-11ef-890a-02a6845b4b32，终端：my terminal
2024-12-19 08:45:02 - be.model.user - INFO - 为用户 buyer_1_30c52a34-bda2-11ef-890a-02a6845b4b32 生成新token，终端：my terminal
2024-12-19 08:45:02 - be.model.user - INFO - 用户登录成功：buyer_1_30c52a34-bda2-11ef-890a-02a6845b4b32
2024-12-19 08:45:02 - be.view.auth - INFO - 登录处理结果: 200
2024-12-19 08:45:02 - werkzeug - INFO - 127.0.0.1 - - [19/Dec/2024 08:45:02] "POST /auth/login HTTP/1.1" 200 -
2024-12-19 08:45:02 - be.view.auth - INFO - 收到登录请求: {'user_id': 'buyer_10_30c52a34-bda2-11ef-890a-02a6845b4b32', 'password': 'buyer_seller_10_30c52a34-bda2-11ef-890a-02a6845b4b32', 'terminal': 'my terminal'}
2024-12-19 08:45:02 - be.model.user - INFO - 尝试登录用户：buyer_10_30c52a34-bda2-11ef-890a-02a6845b4b32，终端：my terminal
2024-12-19 08:45:02 - be.model.user - INFO - 为用户 buyer_10_30c52a34-bda2-11ef-890a-02a6845b4b32 生成新token，终端：my terminal
2024-12-19 08:45:02 - be.model.user - INFO - 用户登录成功：buyer_10_30c52a34-bda2-11ef-890a-02a6845b4b32
2024-12-19 08:45:02 - be.view.auth - INFO - 登录处理结果: 200
2024-12-19 08:45:02 - werkzeug - INFO - 127.0.0.1 - - [19/Dec/2024 08:45:02] "POST /auth/login HTTP/1.1" 200 -
2024-12-19 08:45:02 - be.view.auth - INFO - 收到登录请求: {'user_id': 'buyer_3_30c52a34-bda2-11ef-890a-02a6845b4b32', 'password': 'buyer_seller_3_30c52a34-bda2-11ef-890a-02a6845b4b32', 'terminal': 'my terminal'}
2024-12-19 08:45:02 - be.model.user - INFO - 尝试登录用户：buyer_3_30c52a34-bda2-11ef-890a-02a6845b4b32，终端：my terminal
2024-12-19 08:45:03 - be.model.user - INFO - 为用户 buyer_3_30c52a34-bda2-11ef-890a-02a6845b4b32 生成新token，终端：my terminal
2024-12-19 08:45:03 - be.model.user - INFO - 用户登录成功：buyer_3_30c52a34-bda2-11ef-890a-02a6845b4b32
2024-12-19 08:45:03 - be.view.auth - INFO - 登录处理结果: 200
2024-12-19 08:45:03 - werkzeug - INFO - 127.0.0.1 - - [19/Dec/2024 08:45:03] "POST /auth/login HTTP/1.1" 200 -
2024-12-19 08:45:03 - be.view.auth - INFO - 收到登录请求: {'user_id': 'buyer_5_30c52a34-bda2-11ef-890a-02a6845b4b32', 'password': 'buyer_seller_5_30c52a34-bda2-11ef-890a-02a6845b4b32', 'terminal': 'my terminal'}
2024-12-19 08:45:03 - be.model.user - INFO - 尝试登录用户：buyer_5_30c52a34-bda2-11ef-890a-02a6845b4b32，终端：my terminal
2024-12-19 08:45:03 - be.model.user - INFO - 为用户 buyer_5_30c52a34-bda2-11ef-890a-02a6845b4b32 生成新token，终端：my terminal
2024-12-19 08:45:03 - be.model.user - INFO - 用户登录成功：buyer_5_30c52a34-bda2-11ef-890a-02a6845b4b32
2024-12-19 08:45:03 - be.view.auth - INFO - 登录处理结果: 200
2024-12-19 08:45:03 - werkzeug - INFO - 127.0.0.1 - - [19/Dec/2024 08:45:03] "POST /auth/login HTTP/1.1" 200 -
2024-12-19 08:45:03 - be.view.auth - INFO - 收到登录请求: {'user_id': 'buyer_10_30c52a34-bda2-11ef-890a-02a6845b4b32', 'password': 'buyer_seller_10_30c52a34-bda2-11ef-890a-02a6845b4b32', 'terminal': 'my terminal'}
2024-12-19 08:45:03 - be.model.user - INFO - 尝试登录用户：buyer_10_30c52a34-bda2-11ef-890a-02a6845b4b32，终端：my terminal
2024-12-19 08:45:03 - be.model.user - INFO - 为用户 buyer_10_30c52a34-bda2-11ef-890a-02a6845b4b32 生成新token，终端：my terminal
2024-12-19 08:45:03 - be.model.user - INFO - 用户登录成功：buyer_10_30c52a34-bda2-11ef-890a-02a6845b4b32
2024-12-19 08:45:03 - be.view.auth - INFO - 登录处理结果: 200
2024-12-19 08:45:03 - werkzeug - INFO - 127.0.0.1 - - [19/Dec/2024 08:45:03] "POST /auth/login HTTP/1.1" 200 -
2024-12-19 08:45:03 - be.view.auth - INFO - 收到登录请求: {'user_id': 'buyer_10_30c52a34-bda2-11ef-890a-02a6845b4b32', 'password': 'buyer_seller_10_30c52a34-bda2-11ef-890a-02a6845b4b32', 'terminal': 'my terminal'}
2024-12-19 08:45:03 - be.model.user - INFO - 尝试登录用户：buyer_10_30c52a34-bda2-11ef-890a-02a6845b4b32，终端：my terminal
2024-12-19 08:45:03 - be.model.user - INFO - 为用户 buyer_10_30c52a34-bda2-11ef-890a-02a6845b4b32 生成新token，终端：my terminal
2024-12-19 08:45:03 - be.model.user - INFO - 用户登录成功：buyer_10_30c52a34-bda2-11ef-890a-02a6845b4b32
2024-12-19 08:45:03 - be.view.auth - INFO - 登录处理结果: 200
2024-12-19 08:45:03 - werkzeug - INFO - 127.0.0.1 - - [19/Dec/2024 08:45:03] "POST /auth/login HTTP/1.1" 200 -
2024-12-19 08:45:03 - be.view.auth - INFO - 收到登录请求: {'user_id': 'buyer_4_30c52a34-bda2-11ef-890a-02a6845b4b32', 'password': 'buyer_seller_4_30c52a34-bda2-11ef-890a-02a6845b4b32', 'terminal': 'my terminal'}
2024-12-19 08:45:03 - be.model.user - INFO - 尝试登录用户：buyer_4_30c52a34-bda2-11ef-890a-02a6845b4b32，终端：my terminal
2024-12-19 08:45:03 - be.model.user - INFO - 为用户 buyer_4_30c52a34-bda2-11ef-890a-02a6845b4b32 生成新token，终端：my terminal
2024-12-19 08:45:03 - be.model.user - INFO - 用户登录成功：buyer_4_30c52a34-bda2-11ef-890a-02a6845b4b32
2024-12-19 08:45:04 - be.view.auth - INFO - 登录处理结果: 200
2024-12-19 08:45:04 - werkzeug - INFO - 127.0.0.1 - - [19/Dec/2024 08:45:04] "POST /auth/login HTTP/1.1" 200 -
2024-12-19 08:45:04 - be.view.auth - INFO - 收到登录请求: {'user_id': 'buyer_9_30c52a34-bda2-11ef-890a-02a6845b4b32', 'password': 'buyer_seller_9_30c52a34-bda2-11ef-890a-02a6845b4b32', 'terminal': 'my terminal'}
2024-12-19 08:45:04 - be.model.user - INFO - 尝试登录用户：buyer_9_30c52a34-bda2-11ef-890a-02a6845b4b32，终端：my terminal
2024-12-19 08:45:04 - be.model.user - INFO - 为用户 buyer_9_30c52a34-bda2-11ef-890a-02a6845b4b32 生成新token，终端：my terminal
2024-12-19 08:45:04 - be.model.user - INFO - 用户登录成功：buyer_9_30c52a34-bda2-11ef-890a-02a6845b4b32
2024-12-19 08:45:04 - be.view.auth - INFO - 登录处理结果: 200
2024-12-19 08:45:04 - werkzeug - INFO - 127.0.0.1 - - [19/Dec/2024 08:45:04] "POST /auth/login HTTP/1.1" 200 -
2024-12-19 08:45:04 - be.view.auth - INFO - 收到登录请求: {'user_id': 'buyer_3_30c52a34-bda2-11ef-890a-02a6845b4b32', 'password': 'buyer_seller_3_30c52a34-bda2-11ef-890a-02a6845b4b32', 'terminal': 'my terminal'}
2024-12-19 08:45:04 - be.model.user - INFO - 尝试登录用户：buyer_3_30c52a34-bda2-11ef-890a-02a6845b4b32，终端：my terminal
2024-12-19 08:45:04 - be.model.user - INFO - 为用户 buyer_3_30c52a34-bda2-11ef-890a-02a6845b4b32 生成新token，终端：my terminal
2024-12-19 08:45:04 - be.model.user - INFO - 用户登录成功：buyer_3_30c52a34-bda2-11ef-890a-02a6845b4b32
2024-12-19 08:45:04 - be.view.auth - INFO - 登录处理结果: 200
2024-12-19 08:45:04 - werkzeug - INFO - 127.0.0.1 - - [19/Dec/2024 08:45:04] "POST /auth/login HTTP/1.1" 200 -
2024-12-19 08:45:04 - be.view.auth - INFO - 收到登录请求: {'user_id': 'buyer_6_30c52a34-bda2-11ef-890a-02a6845b4b32', 'password': 'buyer_seller_6_30c52a34-bda2-11ef-890a-02a6845b4b32', 'terminal': 'my terminal'}
2024-12-19 08:45:04 - be.model.user - INFO - 尝试登录用户：buyer_6_30c52a34-bda2-11ef-890a-02a6845b4b32，终端：my terminal
2024-12-19 08:45:04 - be.model.user - INFO - 为用户 buyer_6_30c52a34-bda2-11ef-890a-02a6845b4b32 生成新token，终端：my terminal
2024-12-19 08:45:04 - be.model.user - INFO - 用户登录成功：buyer_6_30c52a34-bda2-11ef-890a-02a6845b4b32
2024-12-19 08:45:04 - be.view.auth - INFO - 登录处理结果: 200
2024-12-19 08:45:04 - werkzeug - INFO - 127.0.0.1 - - [19/Dec/2024 08:45:04] "POST /auth/login HTTP/1.1" 200 -
2024-12-19 08:45:04 - be.view.auth - INFO - 收到登录请求: {'user_id': 'buyer_6_30c52a34-bda2-11ef-890a-02a6845b4b32', 'password': 'buyer_seller_6_30c52a34-bda2-11ef-890a-02a6845b4b32', 'terminal': 'my terminal'}
2024-12-19 08:45:04 - be.model.user - INFO - 尝试登录用户：buyer_6_30c52a34-bda2-11ef-890a-02a6845b4b32，终端：my terminal
2024-12-19 08:45:04 - be.model.user - INFO - 为用户 buyer_6_30c52a34-bda2-11ef-890a-02a6845b4b32 生成新token，终端：my terminal
2024-12-19 08:45:04 - be.model.user - INFO - 用户登录成功：buyer_6_30c52a34-bda2-11ef-890a-02a6845b4b32
2024-12-19 08:45:04 - be.view.auth - INFO - 登录处理结果: 200
2024-12-19 08:45:04 - werkzeug - INFO - 127.0.0.1 - - [19/Dec/2024 08:45:04] "POST /auth/login HTTP/1.1" 200 -
2024-12-19 08:45:05 - be.view.auth - INFO - 收到登录请求: {'user_id': 'buyer_8_30c52a34-bda2-11ef-890a-02a6845b4b32', 'password': 'buyer_seller_8_30c52a34-bda2-11ef-890a-02a6845b4b32', 'terminal': 'my terminal'}
2024-12-19 08:45:05 - be.model.user - INFO - 尝试登录用户：buyer_8_30c52a34-bda2-11ef-890a-02a6845b4b32，终端：my terminal
2024-12-19 08:45:05 - be.model.user - INFO - 为用户 buyer_8_30c52a34-bda2-11ef-890a-02a6845b4b32 生成新token，终端：my terminal
2024-12-19 08:45:05 - be.model.user - INFO - 用户登录成功：buyer_8_30c52a34-bda2-11ef-890a-02a6845b4b32
2024-12-19 08:45:05 - be.view.auth - INFO - 登录处理结果: 200
2024-12-19 08:45:05 - werkzeug - INFO - 127.0.0.1 - - [19/Dec/2024 08:45:05] "POST /auth/login HTTP/1.1" 200 -
2024-12-19 08:45:05 - be.view.auth - INFO - 收到登录请求: {'user_id': 'buyer_3_30c52a34-bda2-11ef-890a-02a6845b4b32', 'password': 'buyer_seller_3_30c52a34-bda2-11ef-890a-02a6845b4b32', 'terminal': 'my terminal'}
2024-12-19 08:45:05 - be.model.user - INFO - 尝试登录用户：buyer_3_30c52a34-bda2-11ef-890a-02a6845b4b32，终端：my terminal
2024-12-19 08:45:05 - be.model.user - INFO - 为用户 buyer_3_30c52a34-bda2-11ef-890a-02a6845b4b32 生成新token，终端：my terminal
2024-12-19 08:45:05 - be.model.user - INFO - 用户登录成功：buyer_3_30c52a34-bda2-11ef-890a-02a6845b4b32
2024-12-19 08:45:05 - be.view.auth - INFO - 登录处理结果: 200
2024-12-19 08:45:05 - werkzeug - INFO - 127.0.0.1 - - [19/Dec/2024 08:45:05] "POST /auth/login HTTP/1.1" 200 -
2024-12-19 08:45:05 - be.view.auth - INFO - 收到登录请求: {'user_id': 'buyer_5_30c52a34-bda2-11ef-890a-02a6845b4b32', 'password': 'buyer_seller_5_30c52a34-bda2-11ef-890a-02a6845b4b32', 'terminal': 'my terminal'}
2024-12-19 08:45:05 - be.model.user - INFO - 尝试登录用户：buyer_5_30c52a34-bda2-11ef-890a-02a6845b4b32，终端：my terminal
2024-12-19 08:45:05 - be.model.user - INFO - 为用户 buyer_5_30c52a34-bda2-11ef-890a-02a6845b4b32 生成新token，终端：my terminal
2024-12-19 08:45:05 - be.model.user - INFO - 用户登录成功：buyer_5_30c52a34-bda2-11ef-890a-02a6845b4b32
2024-12-19 08:45:05 - be.view.auth - INFO - 登录处理结果: 200
2024-12-19 08:45:05 - werkzeug - INFO - 127.0.0.1 - - [19/Dec/2024 08:45:05] "POST /auth/login HTTP/1.1" 200 -
2024-12-19 08:45:05 - be.view.auth - INFO - 收到登录请求: {'user_id': 'buyer_6_30c52a34-bda2-11ef-890a-02a6845b4b32', 'password': 'buyer_seller_6_30c52a34-bda2-11ef-890a-02a6845b4b32', 'terminal': 'my terminal'}
2024-12-19 08:45:05 - be.model.user - INFO - 尝试登录用户：buyer_6_30c52a34-bda2-11ef-890a-02a6845b4b32，终端：my terminal
2024-12-19 08:45:05 - be.model.user - INFO - 为用户 buyer_6_30c52a34-bda2-11ef-890a-02a6845b4b32 生成新token，终端：my terminal
2024-12-19 08:45:05 - be.model.user - INFO - 用户登录成功：buyer_6_30c52a34-bda2-11ef-890a-02a6845b4b32
2024-12-19 08:45:05 - be.view.auth - INFO - 登录处理结果: 200
2024-12-19 08:45:05 - werkzeug - INFO - 127.0.0.1 - - [19/Dec/2024 08:45:05] "POST /auth/login HTTP/1.1" 200 -
2024-12-19 08:45:05 - be.view.auth - INFO - 收到登录请求: {'user_id': 'buyer_7_30c52a34-bda2-11ef-890a-02a6845b4b32', 'password': 'buyer_seller_7_30c52a34-bda2-11ef-890a-02a6845b4b32', 'terminal': 'my terminal'}
2024-12-19 08:45:05 - be.model.user - INFO - 尝试登录用户：buyer_7_30c52a34-bda2-11ef-890a-02a6845b4b32，终端：my terminal
2024-12-19 08:45:06 - be.model.user - INFO - 为用户 buyer_7_30c52a34-bda2-11ef-890a-02a6845b4b32 生成新token，终端：my terminal
2024-12-19 08:45:06 - be.model.user - INFO - 用户登录成功：buyer_7_30c52a34-bda2-11ef-890a-02a6845b4b32
2024-12-19 08:45:06 - be.view.auth - INFO - 登录处理结果: 200
2024-12-19 08:45:06 - werkzeug - INFO - 127.0.0.1 - - [19/Dec/2024 08:45:06] "POST /auth/login HTTP/1.1" 200 -
2024-12-19 08:45:06 - be.view.auth - INFO - 收到登录请求: {'user_id': 'buyer_6_30c52a34-bda2-11ef-890a-02a6845b4b32', 'password': 'buyer_seller_6_30c52a34-bda2-11ef-890a-02a6845b4b32', 'terminal': 'my terminal'}
2024-12-19 08:45:06 - be.model.user - INFO - 尝试登录用户：buyer_6_30c52a34-bda2-11ef-890a-02a6845b4b32，终端：my terminal
2024-12-19 08:45:06 - be.model.user - INFO - 为用户 buyer_6_30c52a34-bda2-11ef-890a-02a6845b4b32 生成新token，终端：my terminal
2024-12-19 08:45:06 - be.model.user - INFO - 用户登录成功：buyer_6_30c52a34-bda2-11ef-890a-02a6845b4b32
2024-12-19 08:45:06 - be.view.auth - INFO - 登录处理结果: 200
2024-12-19 08:45:06 - werkzeug - INFO - 127.0.0.1 - - [19/Dec/2024 08:45:06] "POST /auth/login HTTP/1.1" 200 -
2024-12-19 08:45:06 - be.view.auth - INFO - 收到登录请求: {'user_id': 'buyer_8_30c52a34-bda2-11ef-890a-02a6845b4b32', 'password': 'buyer_seller_8_30c52a34-bda2-11ef-890a-02a6845b4b32', 'terminal': 'my terminal'}
2024-12-19 08:45:06 - be.model.user - INFO - 尝试登录用户：buyer_8_30c52a34-bda2-11ef-890a-02a6845b4b32，终端：my terminal
2024-12-19 08:45:06 - be.model.user - INFO - 为用户 buyer_8_30c52a34-bda2-11ef-890a-02a6845b4b32 生成新token，终端：my terminal
2024-12-19 08:45:06 - be.model.user - INFO - 用户登录成功：buyer_8_30c52a34-bda2-11ef-890a-02a6845b4b32
2024-12-19 08:45:06 - be.view.auth - INFO - 登录处理结果: 200
2024-12-19 08:45:06 - werkzeug - INFO - 127.0.0.1 - - [19/Dec/2024 08:45:06] "POST /auth/login HTTP/1.1" 200 -
2024-12-19 08:45:06 - be.view.auth - INFO - 收到登录请求: {'user_id': 'buyer_9_30c52a34-bda2-11ef-890a-02a6845b4b32', 'password': 'buyer_seller_9_30c52a34-bda2-11ef-890a-02a6845b4b32', 'terminal': 'my terminal'}
2024-12-19 08:45:06 - be.model.user - INFO - 尝试登录用户：buyer_9_30c52a34-bda2-11ef-890a-02a6845b4b32，终端：my terminal
2024-12-19 08:45:06 - be.model.user - INFO - 为用户 buyer_9_30c52a34-bda2-11ef-890a-02a6845b4b32 生成新token，终端：my terminal
2024-12-19 08:45:06 - be.model.user - INFO - 用户登录成功：buyer_9_30c52a34-bda2-11ef-890a-02a6845b4b32
2024-12-19 08:45:06 - be.view.auth - INFO - 登录处理结果: 200
2024-12-19 08:45:06 - werkzeug - INFO - 127.0.0.1 - - [19/Dec/2024 08:45:06] "POST /auth/login HTTP/1.1" 200 -
2024-12-19 08:45:06 - be.view.auth - INFO - 收到登录请求: {'user_id': 'buyer_10_30c52a34-bda2-11ef-890a-02a6845b4b32', 'password': 'buyer_seller_10_30c52a34-bda2-11ef-890a-02a6845b4b32', 'terminal': 'my terminal'}
2024-12-19 08:45:06 - be.model.user - INFO - 尝试登录用户：buyer_10_30c52a34-bda2-11ef-890a-02a6845b4b32，终端：my terminal
2024-12-19 08:45:06 - be.model.user - INFO - 为用户 buyer_10_30c52a34-bda2-11ef-890a-02a6845b4b32 生成新token，终端：my terminal
2024-12-19 08:45:06 - be.model.user - INFO - 用户登录成功：buyer_10_30c52a34-bda2-11ef-890a-02a6845b4b32
2024-12-19 08:45:07 - be.view.auth - INFO - 登录处理结果: 200
2024-12-19 08:45:07 - werkzeug - INFO - 127.0.0.1 - - [19/Dec/2024 08:45:07] "POST /auth/login HTTP/1.1" 200 -
2024-12-19 08:45:07 - be.view.auth - INFO - 收到登录请求: {'user_id': 'buyer_6_30c52a34-bda2-11ef-890a-02a6845b4b32', 'password': 'buyer_seller_6_30c52a34-bda2-11ef-890a-02a6845b4b32', 'terminal': 'my terminal'}
2024-12-19 08:45:07 - be.model.user - INFO - 尝试登录用户：buyer_6_30c52a34-bda2-11ef-890a-02a6845b4b32，终端：my terminal
2024-12-19 08:45:07 - be.model.user - INFO - 为用户 buyer_6_30c52a34-bda2-11ef-890a-02a6845b4b32 生成新token，终端：my terminal
2024-12-19 08:45:07 - be.model.user - INFO - 用户登录成功：buyer_6_30c52a34-bda2-11ef-890a-02a6845b4b32
2024-12-19 08:45:07 - be.view.auth - INFO - 登录处理结果: 200
2024-12-19 08:45:07 - werkzeug - INFO - 127.0.0.1 - - [19/Dec/2024 08:45:07] "POST /auth/login HTTP/1.1" 200 -
2024-12-19 08:45:07 - be.view.auth - INFO - 收到登录请求: {'user_id': 'buyer_9_30c52a34-bda2-11ef-890a-02a6845b4b32', 'password': 'buyer_seller_9_30c52a34-bda2-11ef-890a-02a6845b4b32', 'terminal': 'my terminal'}
2024-12-19 08:45:07 - be.model.user - INFO - 尝试登录用户：buyer_9_30c52a34-bda2-11ef-890a-02a6845b4b32，终端：my terminal
2024-12-19 08:45:07 - be.model.user - INFO - 为用户 buyer_9_30c52a34-bda2-11ef-890a-02a6845b4b32 生成新token，终端：my terminal
2024-12-19 08:45:07 - be.model.user - INFO - 用户登录成功：buyer_9_30c52a34-bda2-11ef-890a-02a6845b4b32
2024-12-19 08:45:07 - be.view.auth - INFO - 登录处理结果: 200
2024-12-19 08:45:07 - werkzeug - INFO - 127.0.0.1 - - [19/Dec/2024 08:45:07] "POST /auth/login HTTP/1.1" 200 -
2024-12-19 08:45:07 - be.view.auth - INFO - 收到登录请求: {'user_id': 'buyer_9_30c52a34-bda2-11ef-890a-02a6845b4b32', 'password': 'buyer_seller_9_30c52a34-bda2-11ef-890a-02a6845b4b32', 'terminal': 'my terminal'}
2024-12-19 08:45:07 - be.model.user - INFO - 尝试登录用户：buyer_9_30c52a34-bda2-11ef-890a-02a6845b4b32，终端：my terminal
2024-12-19 08:45:07 - be.model.user - INFO - 为用户 buyer_9_30c52a34-bda2-11ef-890a-02a6845b4b32 生成新token，终端：my terminal
2024-12-19 08:45:07 - be.model.user - INFO - 用户登录成功：buyer_9_30c52a34-bda2-11ef-890a-02a6845b4b32
2024-12-19 08:45:07 - be.view.auth - INFO - 登录处理结果: 200
2024-12-19 08:45:07 - werkzeug - INFO - 127.0.0.1 - - [19/Dec/2024 08:45:07] "POST /auth/login HTTP/1.1" 200 -
2024-12-19 08:45:07 - be.view.auth - INFO - 收到登录请求: {'user_id': 'buyer_6_30c52a34-bda2-11ef-890a-02a6845b4b32', 'password': 'buyer_seller_6_30c52a34-bda2-11ef-890a-02a6845b4b32', 'terminal': 'my terminal'}
2024-12-19 08:45:07 - be.model.user - INFO - 尝试登录用户：buyer_6_30c52a34-bda2-11ef-890a-02a6845b4b32，终端：my terminal
2024-12-19 08:45:07 - be.model.user - INFO - 为用户 buyer_6_30c52a34-bda2-11ef-890a-02a6845b4b32 生成新token，终端：my terminal
2024-12-19 08:45:07 - be.model.user - INFO - 用户登录成功：buyer_6_30c52a34-bda2-11ef-890a-02a6845b4b32
2024-12-19 08:45:07 - be.view.auth - INFO - 登录处理结果: 200
2024-12-19 08:45:07 - werkzeug - INFO - 127.0.0.1 - - [19/Dec/2024 08:45:07] "POST /auth/login HTTP/1.1" 200 -
2024-12-19 08:45:07 - be.view.auth - INFO - 收到登录请求: {'user_id': 'buyer_4_30c52a34-bda2-11ef-890a-02a6845b4b32', 'password': 'buyer_seller_4_30c52a34-bda2-11ef-890a-02a6845b4b32', 'terminal': 'my terminal'}
2024-12-19 08:45:07 - be.model.user - INFO - 尝试登录用户：buyer_4_30c52a34-bda2-11ef-890a-02a6845b4b32，终端：my terminal
2024-12-19 08:45:08 - be.model.user - INFO - 为用户 buyer_4_30c52a34-bda2-11ef-890a-02a6845b4b32 生成新token，终端：my terminal
2024-12-19 08:45:08 - be.model.user - INFO - 用户登录成功：buyer_4_30c52a34-bda2-11ef-890a-02a6845b4b32
2024-12-19 08:45:08 - be.view.auth - INFO - 登录处理结果: 200
2024-12-19 08:45:08 - werkzeug - INFO - 127.0.0.1 - - [19/Dec/2024 08:45:08] "POST /auth/login HTTP/1.1" 200 -
2024-12-19 08:45:08 - be.view.auth - INFO - 收到登录请求: {'user_id': 'buyer_2_30c52a34-bda2-11ef-890a-02a6845b4b32', 'password': 'buyer_seller_2_30c52a34-bda2-11ef-890a-02a6845b4b32', 'terminal': 'my terminal'}
2024-12-19 08:45:08 - be.model.user - INFO - 尝试登录用户：buyer_2_30c52a34-bda2-11ef-890a-02a6845b4b32，终端：my terminal
2024-12-19 08:45:08 - be.model.user - INFO - 为用户 buyer_2_30c52a34-bda2-11ef-890a-02a6845b4b32 生成新token，终端：my terminal
2024-12-19 08:45:08 - be.model.user - INFO - 用户登录成功：buyer_2_30c52a34-bda2-11ef-890a-02a6845b4b32
2024-12-19 08:45:08 - be.view.auth - INFO - 登录处理结果: 200
2024-12-19 08:45:08 - werkzeug - INFO - 127.0.0.1 - - [19/Dec/2024 08:45:08] "POST /auth/login HTTP/1.1" 200 -
2024-12-19 08:45:08 - be.view.auth - INFO - 收到登录请求: {'user_id': 'buyer_4_30c52a34-bda2-11ef-890a-02a6845b4b32', 'password': 'buyer_seller_4_30c52a34-bda2-11ef-890a-02a6845b4b32', 'terminal': 'my terminal'}
2024-12-19 08:45:08 - be.model.user - INFO - 尝试登录用户：buyer_4_30c52a34-bda2-11ef-890a-02a6845b4b32，终端：my terminal
2024-12-19 08:45:08 - be.model.user - INFO - 为用户 buyer_4_30c52a34-bda2-11ef-890a-02a6845b4b32 生成新token，终端：my terminal
2024-12-19 08:45:08 - be.model.user - INFO - 用户登录成功：buyer_4_30c52a34-bda2-11ef-890a-02a6845b4b32
2024-12-19 08:45:08 - be.view.auth - INFO - 登录处理结果: 200
2024-12-19 08:45:08 - werkzeug - INFO - 127.0.0.1 - - [19/Dec/2024 08:45:08] "POST /auth/login HTTP/1.1" 200 -
2024-12-19 08:45:08 - be.view.auth - INFO - 收到登录请求: {'user_id': 'buyer_10_30c52a34-bda2-11ef-890a-02a6845b4b32', 'password': 'buyer_seller_10_30c52a34-bda2-11ef-890a-02a6845b4b32', 'terminal': 'my terminal'}
2024-12-19 08:45:08 - be.model.user - INFO - 尝试登录用户：buyer_10_30c52a34-bda2-11ef-890a-02a6845b4b32，终端：my terminal
2024-12-19 08:45:08 - be.model.user - INFO - 为用户 buyer_10_30c52a34-bda2-11ef-890a-02a6845b4b32 生成新token，终端：my terminal
2024-12-19 08:45:08 - be.model.user - INFO - 用户登录成功：buyer_10_30c52a34-bda2-11ef-890a-02a6845b4b32
2024-12-19 08:45:08 - be.view.auth - INFO - 登录处理结果: 200
2024-12-19 08:45:08 - werkzeug - INFO - 127.0.0.1 - - [19/Dec/2024 08:45:08] "POST /auth/login HTTP/1.1" 200 -
2024-12-19 08:45:08 - be.view.auth - INFO - 收到登录请求: {'user_id': 'buyer_3_30c52a34-bda2-11ef-890a-02a6845b4b32', 'password': 'buyer_seller_3_30c52a34-bda2-11ef-890a-02a6845b4b32', 'terminal': 'my terminal'}
2024-12-19 08:45:08 - be.model.user - INFO - 尝试登录用户：buyer_3_30c52a34-bda2-11ef-890a-02a6845b4b32，终端：my terminal
2024-12-19 08:45:09 - be.model.user - INFO - 为用户 buyer_3_30c52a34-bda2-11ef-890a-02a6845b4b32 生成新token，终端：my terminal
2024-12-19 08:45:09 - be.model.user - INFO - 用户登录成功：buyer_3_30c52a34-bda2-11ef-890a-02a6845b4b32
2024-12-19 08:45:09 - be.view.auth - INFO - 登录处理结果: 200
2024-12-19 08:45:09 - werkzeug - INFO - 127.0.0.1 - - [19/Dec/2024 08:45:09] "POST /auth/login HTTP/1.1" 200 -
2024-12-19 08:45:09 - be.view.auth - INFO - 收到登录请求: {'user_id': 'buyer_10_30c52a34-bda2-11ef-890a-02a6845b4b32', 'password': 'buyer_seller_10_30c52a34-bda2-11ef-890a-02a6845b4b32', 'terminal': 'my terminal'}
2024-12-19 08:45:09 - be.model.user - INFO - 尝试登录用户：buyer_10_30c52a34-bda2-11ef-890a-02a6845b4b32，终端：my terminal
2024-12-19 08:45:09 - be.model.user - INFO - 为用户 buyer_10_30c52a34-bda2-11ef-890a-02a6845b4b32 生成新token，终端：my terminal
2024-12-19 08:45:09 - be.model.user - INFO - 用户登录成功：buyer_10_30c52a34-bda2-11ef-890a-02a6845b4b32
2024-12-19 08:45:09 - be.view.auth - INFO - 登录处理结果: 200
2024-12-19 08:45:09 - werkzeug - INFO - 127.0.0.1 - - [19/Dec/2024 08:45:09] "POST /auth/login HTTP/1.1" 200 -
2024-12-19 08:45:09 - be.view.auth - INFO - 收到登录请求: {'user_id': 'buyer_2_30c52a34-bda2-11ef-890a-02a6845b4b32', 'password': 'buyer_seller_2_30c52a34-bda2-11ef-890a-02a6845b4b32', 'terminal': 'my terminal'}
2024-12-19 08:45:09 - be.model.user - INFO - 尝试登录用户：buyer_2_30c52a34-bda2-11ef-890a-02a6845b4b32，终端：my terminal
2024-12-19 08:45:09 - be.model.user - INFO - 为用户 buyer_2_30c52a34-bda2-11ef-890a-02a6845b4b32 生成新token，终端：my terminal
2024-12-19 08:45:09 - be.model.user - INFO - 用户登录成功：buyer_2_30c52a34-bda2-11ef-890a-02a6845b4b32
2024-12-19 08:45:09 - be.view.auth - INFO - 登录处理结果: 200
2024-12-19 08:45:09 - werkzeug - INFO - 127.0.0.1 - - [19/Dec/2024 08:45:09] "POST /auth/login HTTP/1.1" 200 -
2024-12-19 08:45:09 - be.view.auth - INFO - 收到登录请求: {'user_id': 'buyer_2_30c52a34-bda2-11ef-890a-02a6845b4b32', 'password': 'buyer_seller_2_30c52a34-bda2-11ef-890a-02a6845b4b32', 'terminal': 'my terminal'}
2024-12-19 08:45:09 - be.model.user - INFO - 尝试登录用户：buyer_2_30c52a34-bda2-11ef-890a-02a6845b4b32，终端：my terminal
2024-12-19 08:45:09 - be.model.user - INFO - 为用户 buyer_2_30c52a34-bda2-11ef-890a-02a6845b4b32 生成新token，终端：my terminal
2024-12-19 08:45:09 - be.model.user - INFO - 用户登录成功：buyer_2_30c52a34-bda2-11ef-890a-02a6845b4b32
2024-12-19 08:45:09 - be.view.auth - INFO - 登录处理结果: 200
2024-12-19 08:45:09 - werkzeug - INFO - 127.0.0.1 - - [19/Dec/2024 08:45:09] "POST /auth/login HTTP/1.1" 200 -
2024-12-19 08:45:09 - be.view.auth - INFO - 收到登录请求: {'user_id': 'buyer_2_30c52a34-bda2-11ef-890a-02a6845b4b32', 'password': 'buyer_seller_2_30c52a34-bda2-11ef-890a-02a6845b4b32', 'terminal': 'my terminal'}
2024-12-19 08:45:09 - be.model.user - INFO - 尝试登录用户：buyer_2_30c52a34-bda2-11ef-890a-02a6845b4b32，终端：my terminal
2024-12-19 08:45:09 - be.model.user - INFO - 为用户 buyer_2_30c52a34-bda2-11ef-890a-02a6845b4b32 生成新token，终端：my terminal
2024-12-19 08:45:09 - be.model.user - INFO - 用户登录成功：buyer_2_30c52a34-bda2-11ef-890a-02a6845b4b32
2024-12-19 08:45:10 - be.view.auth - INFO - 登录处理结果: 200
2024-12-19 08:45:10 - werkzeug - INFO - 127.0.0.1 - - [19/Dec/2024 08:45:10] "POST /auth/login HTTP/1.1" 200 -
2024-12-19 08:45:10 - be.view.auth - INFO - 收到登录请求: {'user_id': 'buyer_5_30c52a34-bda2-11ef-890a-02a6845b4b32', 'password': 'buyer_seller_5_30c52a34-bda2-11ef-890a-02a6845b4b32', 'terminal': 'my terminal'}
2024-12-19 08:45:10 - be.model.user - INFO - 尝试登录用户：buyer_5_30c52a34-bda2-11ef-890a-02a6845b4b32，终端：my terminal
2024-12-19 08:45:10 - be.model.user - INFO - 为用户 buyer_5_30c52a34-bda2-11ef-890a-02a6845b4b32 生成新token，终端：my terminal
2024-12-19 08:45:10 - be.model.user - INFO - 用户登录成功：buyer_5_30c52a34-bda2-11ef-890a-02a6845b4b32
2024-12-19 08:45:10 - be.view.auth - INFO - 登录处理结果: 200
2024-12-19 08:45:10 - werkzeug - INFO - 127.0.0.1 - - [19/Dec/2024 08:45:10] "POST /auth/login HTTP/1.1" 200 -
2024-12-19 08:45:10 - be.view.auth - INFO - 收到登录请求: {'user_id': 'buyer_5_30c52a34-bda2-11ef-890a-02a6845b4b32', 'password': 'buyer_seller_5_30c52a34-bda2-11ef-890a-02a6845b4b32', 'terminal': 'my terminal'}
2024-12-19 08:45:10 - be.model.user - INFO - 尝试登录用户：buyer_5_30c52a34-bda2-11ef-890a-02a6845b4b32，终端：my terminal
2024-12-19 08:45:10 - be.model.user - INFO - 为用户 buyer_5_30c52a34-bda2-11ef-890a-02a6845b4b32 生成新token，终端：my terminal
2024-12-19 08:45:10 - be.model.user - INFO - 用户登录成功：buyer_5_30c52a34-bda2-11ef-890a-02a6845b4b32
2024-12-19 08:45:10 - be.view.auth - INFO - 登录处理结果: 200
2024-12-19 08:45:10 - werkzeug - INFO - 127.0.0.1 - - [19/Dec/2024 08:45:10] "POST /auth/login HTTP/1.1" 200 -
2024-12-19 08:45:10 - be.view.auth - INFO - 收到登录请求: {'user_id': 'buyer_3_30c52a34-bda2-11ef-890a-02a6845b4b32', 'password': 'buyer_seller_3_30c52a34-bda2-11ef-890a-02a6845b4b32', 'terminal': 'my terminal'}
2024-12-19 08:45:10 - be.model.user - INFO - 尝试登录用户：buyer_3_30c52a34-bda2-11ef-890a-02a6845b4b32，终端：my terminal
2024-12-19 08:45:10 - be.model.user - INFO - 为用户 buyer_3_30c52a34-bda2-11ef-890a-02a6845b4b32 生成新token，终端：my terminal
2024-12-19 08:45:10 - be.model.user - INFO - 用户登录成功：buyer_3_30c52a34-bda2-11ef-890a-02a6845b4b32
2024-12-19 08:45:10 - be.view.auth - INFO - 登录处理结果: 200
2024-12-19 08:45:10 - werkzeug - INFO - 127.0.0.1 - - [19/Dec/2024 08:45:10] "POST /auth/login HTTP/1.1" 200 -
2024-12-19 08:45:10 - be.view.auth - INFO - 收到登录请求: {'user_id': 'buyer_5_30c52a34-bda2-11ef-890a-02a6845b4b32', 'password': 'buyer_seller_5_30c52a34-bda2-11ef-890a-02a6845b4b32', 'terminal': 'my terminal'}
2024-12-19 08:45:10 - be.model.user - INFO - 尝试登录用户：buyer_5_30c52a34-bda2-11ef-890a-02a6845b4b32，终端：my terminal
2024-12-19 08:45:10 - be.model.user - INFO - 为用户 buyer_5_30c52a34-bda2-11ef-890a-02a6845b4b32 生成新token，终端：my terminal
2024-12-19 08:45:10 - be.model.user - INFO - 用户登录成功：buyer_5_30c52a34-bda2-11ef-890a-02a6845b4b32
2024-12-19 08:45:10 - be.view.auth - INFO - 登录处理结果: 200
2024-12-19 08:45:10 - werkzeug - INFO - 127.0.0.1 - - [19/Dec/2024 08:45:10] "POST /auth/login HTTP/1.1" 200 -
2024-12-19 08:45:10 - be.view.auth - INFO - 收到登录请求: {'user_id': 'buyer_3_30c52a34-bda2-11ef-890a-02a6845b4b32', 'password': 'buyer_seller_3_30c52a34-bda2-11ef-890a-02a6845b4b32', 'terminal': 'my terminal'}
2024-12-19 08:45:10 - be.model.user - INFO - 尝试登录用户：buyer_3_30c52a34-bda2-11ef-890a-02a6845b4b32，终端：my terminal
2024-12-19 08:45:11 - be.model.user - INFO - 为用户 buyer_3_30c52a34-bda2-11ef-890a-02a6845b4b32 生成新token，终端：my terminal
2024-12-19 08:45:11 - be.model.user - INFO - 用户登录成功：buyer_3_30c52a34-bda2-11ef-890a-02a6845b4b32
2024-12-19 08:45:11 - be.view.auth - INFO - 登录处理结果: 200
2024-12-19 08:45:11 - werkzeug - INFO - 127.0.0.1 - - [19/Dec/2024 08:45:11] "POST /auth/login HTTP/1.1" 200 -
2024-12-19 08:45:11 - be.view.auth - INFO - 收到登录请求: {'user_id': 'buyer_10_30c52a34-bda2-11ef-890a-02a6845b4b32', 'password': 'buyer_seller_10_30c52a34-bda2-11ef-890a-02a6845b4b32', 'terminal': 'my terminal'}
2024-12-19 08:45:11 - be.model.user - INFO - 尝试登录用户：buyer_10_30c52a34-bda2-11ef-890a-02a6845b4b32，终端：my terminal
2024-12-19 08:45:11 - be.model.user - INFO - 为用户 buyer_10_30c52a34-bda2-11ef-890a-02a6845b4b32 生成新token，终端：my terminal
2024-12-19 08:45:11 - be.model.user - INFO - 用户登录成功：buyer_10_30c52a34-bda2-11ef-890a-02a6845b4b32
2024-12-19 08:45:11 - be.view.auth - INFO - 登录处理结果: 200
2024-12-19 08:45:11 - werkzeug - INFO - 127.0.0.1 - - [19/Dec/2024 08:45:11] "POST /auth/login HTTP/1.1" 200 -
2024-12-19 08:45:11 - be.view.auth - INFO - 收到登录请求: {'user_id': 'buyer_9_30c52a34-bda2-11ef-890a-02a6845b4b32', 'password': 'buyer_seller_9_30c52a34-bda2-11ef-890a-02a6845b4b32', 'terminal': 'my terminal'}
2024-12-19 08:45:11 - be.model.user - INFO - 尝试登录用户：buyer_9_30c52a34-bda2-11ef-890a-02a6845b4b32，终端：my terminal
2024-12-19 08:45:11 - be.model.user - INFO - 为用户 buyer_9_30c52a34-bda2-11ef-890a-02a6845b4b32 生成新token，终端：my terminal
2024-12-19 08:45:11 - be.model.user - INFO - 用户登录成功：buyer_9_30c52a34-bda2-11ef-890a-02a6845b4b32
2024-12-19 08:45:11 - be.view.auth - INFO - 登录处理结果: 200
2024-12-19 08:45:11 - werkzeug - INFO - 127.0.0.1 - - [19/Dec/2024 08:45:11] "POST /auth/login HTTP/1.1" 200 -
2024-12-19 08:45:11 - be.view.auth - INFO - 收到登录请求: {'user_id': 'buyer_10_30c52a34-bda2-11ef-890a-02a6845b4b32', 'password': 'buyer_seller_10_30c52a34-bda2-11ef-890a-02a6845b4b32', 'terminal': 'my terminal'}
2024-12-19 08:45:11 - be.model.user - INFO - 尝试登录用户：buyer_10_30c52a34-bda2-11ef-890a-02a6845b4b32，终端：my terminal
2024-12-19 08:45:11 - be.model.user - INFO - 为用户 buyer_10_30c52a34-bda2-11ef-890a-02a6845b4b32 生成新token，终端：my terminal
2024-12-19 08:45:11 - be.model.user - INFO - 用户登录成功：buyer_10_30c52a34-bda2-11ef-890a-02a6845b4b32
2024-12-19 08:45:11 - be.view.auth - INFO - 登录处理结果: 200
2024-12-19 08:45:11 - werkzeug - INFO - 127.0.0.1 - - [19/Dec/2024 08:45:11] "POST /auth/login HTTP/1.1" 200 -
2024-12-19 08:45:11 - be.view.auth - INFO - 收到登录请求: {'user_id': 'buyer_8_30c52a34-bda2-11ef-890a-02a6845b4b32', 'password': 'buyer_seller_8_30c52a34-bda2-11ef-890a-02a6845b4b32', 'terminal': 'my terminal'}
2024-12-19 08:45:11 - be.model.user - INFO - 尝试登录用户：buyer_8_30c52a34-bda2-11ef-890a-02a6845b4b32，终端：my terminal
2024-12-19 08:45:11 - be.model.user - INFO - 为用户 buyer_8_30c52a34-bda2-11ef-890a-02a6845b4b32 生成新token，终端：my terminal
2024-12-19 08:45:11 - be.model.user - INFO - 用户登录成功：buyer_8_30c52a34-bda2-11ef-890a-02a6845b4b32
2024-12-19 08:45:12 - be.view.auth - INFO - 登录处理结果: 200
2024-12-19 08:45:12 - werkzeug - INFO - 127.0.0.1 - - [19/Dec/2024 08:45:12] "POST /auth/login HTTP/1.1" 200 -
2024-12-19 08:45:12 - be.view.auth - INFO - 收到登录请求: {'user_id': 'buyer_3_30c52a34-bda2-11ef-890a-02a6845b4b32', 'password': 'buyer_seller_3_30c52a34-bda2-11ef-890a-02a6845b4b32', 'terminal': 'my terminal'}
2024-12-19 08:45:12 - be.model.user - INFO - 尝试登录用户：buyer_3_30c52a34-bda2-11ef-890a-02a6845b4b32，终端：my terminal
2024-12-19 08:45:12 - be.model.user - INFO - 为用户 buyer_3_30c52a34-bda2-11ef-890a-02a6845b4b32 生成新token，终端：my terminal
2024-12-19 08:45:12 - be.model.user - INFO - 用户登录成功：buyer_3_30c52a34-bda2-11ef-890a-02a6845b4b32
2024-12-19 08:45:12 - be.view.auth - INFO - 登录处理结果: 200
2024-12-19 08:45:12 - werkzeug - INFO - 127.0.0.1 - - [19/Dec/2024 08:45:12] "POST /auth/login HTTP/1.1" 200 -
2024-12-19 08:45:12 - be.view.auth - INFO - 收到登录请求: {'user_id': 'buyer_4_30c52a34-bda2-11ef-890a-02a6845b4b32', 'password': 'buyer_seller_4_30c52a34-bda2-11ef-890a-02a6845b4b32', 'terminal': 'my terminal'}
2024-12-19 08:45:12 - be.model.user - INFO - 尝试登录用户：buyer_4_30c52a34-bda2-11ef-890a-02a6845b4b32，终端：my terminal
2024-12-19 08:45:12 - be.model.user - INFO - 为用户 buyer_4_30c52a34-bda2-11ef-890a-02a6845b4b32 生成新token，终端：my terminal
2024-12-19 08:45:12 - be.model.user - INFO - 用户登录成功：buyer_4_30c52a34-bda2-11ef-890a-02a6845b4b32
2024-12-19 08:45:12 - be.view.auth - INFO - 登录处理结果: 200
2024-12-19 08:45:12 - werkzeug - INFO - 127.0.0.1 - - [19/Dec/2024 08:45:12] "POST /auth/login HTTP/1.1" 200 -
2024-12-19 08:45:12 - be.view.auth - INFO - 收到登录请求: {'user_id': 'buyer_8_30c52a34-bda2-11ef-890a-02a6845b4b32', 'password': 'buyer_seller_8_30c52a34-bda2-11ef-890a-02a6845b4b32', 'terminal': 'my terminal'}
2024-12-19 08:45:12 - be.model.user - INFO - 尝试登录用户：buyer_8_30c52a34-bda2-11ef-890a-02a6845b4b32，终端：my terminal
2024-12-19 08:45:12 - be.model.user - INFO - 为用户 buyer_8_30c52a34-bda2-11ef-890a-02a6845b4b32 生成新token，终端：my terminal
2024-12-19 08:45:12 - be.model.user - INFO - 用户登录成功：buyer_8_30c52a34-bda2-11ef-890a-02a6845b4b32
2024-12-19 08:45:12 - be.view.auth - INFO - 登录处理结果: 200
2024-12-19 08:45:12 - werkzeug - INFO - 127.0.0.1 - - [19/Dec/2024 08:45:12] "POST /auth/login HTTP/1.1" 200 -
2024-12-19 08:45:12 - be.view.auth - INFO - 收到登录请求: {'user_id': 'buyer_10_30c52a34-bda2-11ef-890a-02a6845b4b32', 'password': 'buyer_seller_10_30c52a34-bda2-11ef-890a-02a6845b4b32', 'terminal': 'my terminal'}
2024-12-19 08:45:12 - be.model.user - INFO - 尝试登录用户：buyer_10_30c52a34-bda2-11ef-890a-02a6845b4b32，终端：my terminal
2024-12-19 08:45:12 - be.model.user - INFO - 为用户 buyer_10_30c52a34-bda2-11ef-890a-02a6845b4b32 生成新token，终端：my terminal
2024-12-19 08:45:12 - be.model.user - INFO - 用户登录成功：buyer_10_30c52a34-bda2-11ef-890a-02a6845b4b32
2024-12-19 08:45:12 - be.view.auth - INFO - 登录处理结果: 200
2024-12-19 08:45:12 - werkzeug - INFO - 127.0.0.1 - - [19/Dec/2024 08:45:12] "POST /auth/login HTTP/1.1" 200 -
2024-12-19 08:45:12 - be.view.auth - INFO - 收到登录请求: {'user_id': 'buyer_3_30c52a34-bda2-11ef-890a-02a6845b4b32', 'password': 'buyer_seller_3_30c52a34-bda2-11ef-890a-02a6845b4b32', 'terminal': 'my terminal'}
2024-12-19 08:45:12 - be.model.user - INFO - 尝试登录用户：buyer_3_30c52a34-bda2-11ef-890a-02a6845b4b32，终端：my terminal
2024-12-19 08:45:13 - be.model.user - INFO - 为用户 buyer_3_30c52a34-bda2-11ef-890a-02a6845b4b32 生成新token，终端：my terminal
2024-12-19 08:45:13 - be.model.user - INFO - 用户登录成功：buyer_3_30c52a34-bda2-11ef-890a-02a6845b4b32
2024-12-19 08:45:13 - be.view.auth - INFO - 登录处理结果: 200
2024-12-19 08:45:13 - werkzeug - INFO - 127.0.0.1 - - [19/Dec/2024 08:45:13] "POST /auth/login HTTP/1.1" 200 -
2024-12-19 08:45:13 - be.view.auth - INFO - 收到登录请求: {'user_id': 'buyer_6_30c52a34-bda2-11ef-890a-02a6845b4b32', 'password': 'buyer_seller_6_30c52a34-bda2-11ef-890a-02a6845b4b32', 'terminal': 'my terminal'}
2024-12-19 08:45:13 - be.model.user - INFO - 尝试登录用户：buyer_6_30c52a34-bda2-11ef-890a-02a6845b4b32，终端：my terminal
2024-12-19 08:45:13 - be.model.user - INFO - 为用户 buyer_6_30c52a34-bda2-11ef-890a-02a6845b4b32 生成新token，终端：my terminal
2024-12-19 08:45:13 - be.model.user - INFO - 用户登录成功：buyer_6_30c52a34-bda2-11ef-890a-02a6845b4b32
2024-12-19 08:45:13 - be.view.auth - INFO - 登录处理结果: 200
2024-12-19 08:45:13 - werkzeug - INFO - 127.0.0.1 - - [19/Dec/2024 08:45:13] "POST /auth/login HTTP/1.1" 200 -
2024-12-19 08:45:13 - be.view.auth - INFO - 收到登录请求: {'user_id': 'buyer_8_30c52a34-bda2-11ef-890a-02a6845b4b32', 'password': 'buyer_seller_8_30c52a34-bda2-11ef-890a-02a6845b4b32', 'terminal': 'my terminal'}
2024-12-19 08:45:13 - be.model.user - INFO - 尝试登录用户：buyer_8_30c52a34-bda2-11ef-890a-02a6845b4b32，终端：my terminal
2024-12-19 08:45:13 - be.model.user - INFO - 为用户 buyer_8_30c52a34-bda2-11ef-890a-02a6845b4b32 生成新token，终端：my terminal
2024-12-19 08:45:13 - be.model.user - INFO - 用户登录成功：buyer_8_30c52a34-bda2-11ef-890a-02a6845b4b32
2024-12-19 08:45:13 - be.view.auth - INFO - 登录处理结果: 200
2024-12-19 08:45:13 - werkzeug - INFO - 127.0.0.1 - - [19/Dec/2024 08:45:13] "POST /auth/login HTTP/1.1" 200 -
2024-12-19 08:45:13 - be.view.auth - INFO - 收到登录请求: {'user_id': 'buyer_4_30c52a34-bda2-11ef-890a-02a6845b4b32', 'password': 'buyer_seller_4_30c52a34-bda2-11ef-890a-02a6845b4b32', 'terminal': 'my terminal'}
2024-12-19 08:45:13 - be.model.user - INFO - 尝试登录用户：buyer_4_30c52a34-bda2-11ef-890a-02a6845b4b32，终端：my terminal
2024-12-19 08:45:13 - be.model.user - INFO - 为用户 buyer_4_30c52a34-bda2-11ef-890a-02a6845b4b32 生成新token，终端：my terminal
2024-12-19 08:45:13 - be.model.user - INFO - 用户登录成功：buyer_4_30c52a34-bda2-11ef-890a-02a6845b4b32
2024-12-19 08:45:13 - be.view.auth - INFO - 登录处理结果: 200
2024-12-19 08:45:13 - werkzeug - INFO - 127.0.0.1 - - [19/Dec/2024 08:45:13] "POST /auth/login HTTP/1.1" 200 -
2024-12-19 08:45:13 - be.view.auth - INFO - 收到登录请求: {'user_id': 'buyer_7_30c52a34-bda2-11ef-890a-02a6845b4b32', 'password': 'buyer_seller_7_30c52a34-bda2-11ef-890a-02a6845b4b32', 'terminal': 'my terminal'}
2024-12-19 08:45:13 - be.model.user - INFO - 尝试登录用户：buyer_7_30c52a34-bda2-11ef-890a-02a6845b4b32，终端：my terminal
2024-12-19 08:45:14 - be.model.user - INFO - 为用户 buyer_7_30c52a34-bda2-11ef-890a-02a6845b4b32 生成新token，终端：my terminal
2024-12-19 08:45:14 - be.model.user - INFO - 用户登录成功：buyer_7_30c52a34-bda2-11ef-890a-02a6845b4b32
2024-12-19 08:45:14 - be.view.auth - INFO - 登录处理结果: 200
2024-12-19 08:45:14 - werkzeug - INFO - 127.0.0.1 - - [19/Dec/2024 08:45:14] "POST /auth/login HTTP/1.1" 200 -
2024-12-19 08:45:14 - be.view.auth - INFO - 收到登录请求: {'user_id': 'buyer_2_30c52a34-bda2-11ef-890a-02a6845b4b32', 'password': 'buyer_seller_2_30c52a34-bda2-11ef-890a-02a6845b4b32', 'terminal': 'my terminal'}
2024-12-19 08:45:14 - be.model.user - INFO - 尝试登录用户：buyer_2_30c52a34-bda2-11ef-890a-02a6845b4b32，终端：my terminal
2024-12-19 08:45:14 - be.model.user - INFO - 为用户 buyer_2_30c52a34-bda2-11ef-890a-02a6845b4b32 生成新token，终端：my terminal
2024-12-19 08:45:14 - be.model.user - INFO - 用户登录成功：buyer_2_30c52a34-bda2-11ef-890a-02a6845b4b32
2024-12-19 08:45:14 - be.view.auth - INFO - 登录处理结果: 200
2024-12-19 08:45:14 - werkzeug - INFO - 127.0.0.1 - - [19/Dec/2024 08:45:14] "POST /auth/login HTTP/1.1" 200 -
2024-12-19 08:45:14 - be.view.auth - INFO - 收到登录请求: {'user_id': 'buyer_1_30c52a34-bda2-11ef-890a-02a6845b4b32', 'password': 'buyer_seller_1_30c52a34-bda2-11ef-890a-02a6845b4b32', 'terminal': 'my terminal'}
2024-12-19 08:45:14 - be.model.user - INFO - 尝试登录用户：buyer_1_30c52a34-bda2-11ef-890a-02a6845b4b32，终端：my terminal
2024-12-19 08:45:14 - be.model.user - INFO - 为用户 buyer_1_30c52a34-bda2-11ef-890a-02a6845b4b32 生成新token，终端：my terminal
2024-12-19 08:45:14 - be.model.user - INFO - 用户登录成功：buyer_1_30c52a34-bda2-11ef-890a-02a6845b4b32
2024-12-19 08:45:14 - be.view.auth - INFO - 登录处理结果: 200
2024-12-19 08:45:14 - werkzeug - INFO - 127.0.0.1 - - [19/Dec/2024 08:45:14] "POST /auth/login HTTP/1.1" 200 -
2024-12-19 08:45:14 - be.view.auth - INFO - 收到登录请求: {'user_id': 'buyer_4_30c52a34-bda2-11ef-890a-02a6845b4b32', 'password': 'buyer_seller_4_30c52a34-bda2-11ef-890a-02a6845b4b32', 'terminal': 'my terminal'}
2024-12-19 08:45:14 - be.model.user - INFO - 尝试登录用户：buyer_4_30c52a34-bda2-11ef-890a-02a6845b4b32，终端：my terminal
2024-12-19 08:45:14 - be.model.user - INFO - 为用户 buyer_4_30c52a34-bda2-11ef-890a-02a6845b4b32 生成新token，终端：my terminal
2024-12-19 08:45:14 - be.model.user - INFO - 用户登录成功：buyer_4_30c52a34-bda2-11ef-890a-02a6845b4b32
2024-12-19 08:45:14 - be.view.auth - INFO - 登录处理结果: 200
2024-12-19 08:45:14 - werkzeug - INFO - 127.0.0.1 - - [19/Dec/2024 08:45:14] "POST /auth/login HTTP/1.1" 200 -
2024-12-19 08:45:14 - be.view.auth - INFO - 收到登录请求: {'user_id': 'buyer_2_30c52a34-bda2-11ef-890a-02a6845b4b32', 'password': 'buyer_seller_2_30c52a34-bda2-11ef-890a-02a6845b4b32', 'terminal': 'my terminal'}
2024-12-19 08:45:14 - be.model.user - INFO - 尝试登录用户：buyer_2_30c52a34-bda2-11ef-890a-02a6845b4b32，终端：my terminal
2024-12-19 08:45:14 - be.model.user - INFO - 为用户 buyer_2_30c52a34-bda2-11ef-890a-02a6845b4b32 生成新token，终端：my terminal
2024-12-19 08:45:14 - be.model.user - INFO - 用户登录成功：buyer_2_30c52a34-bda2-11ef-890a-02a6845b4b32
2024-12-19 08:45:15 - be.view.auth - INFO - 登录处理结果: 200
2024-12-19 08:45:15 - werkzeug - INFO - 127.0.0.1 - - [19/Dec/2024 08:45:15] "POST /auth/login HTTP/1.1" 200 -
2024-12-19 08:45:15 - be.view.auth - INFO - 收到登录请求: {'user_id': 'buyer_5_30c52a34-bda2-11ef-890a-02a6845b4b32', 'password': 'buyer_seller_5_30c52a34-bda2-11ef-890a-02a6845b4b32', 'terminal': 'my terminal'}
2024-12-19 08:45:15 - be.model.user - INFO - 尝试登录用户：buyer_5_30c52a34-bda2-11ef-890a-02a6845b4b32，终端：my terminal
2024-12-19 08:45:15 - be.model.user - INFO - 为用户 buyer_5_30c52a34-bda2-11ef-890a-02a6845b4b32 生成新token，终端：my terminal
2024-12-19 08:45:15 - be.model.user - INFO - 用户登录成功：buyer_5_30c52a34-bda2-11ef-890a-02a6845b4b32
2024-12-19 08:45:15 - be.view.auth - INFO - 登录处理结果: 200
2024-12-19 08:45:15 - werkzeug - INFO - 127.0.0.1 - - [19/Dec/2024 08:45:15] "POST /auth/login HTTP/1.1" 200 -
2024-12-19 08:45:15 - be.view.auth - INFO - 收到登录请求: {'user_id': 'buyer_1_30c52a34-bda2-11ef-890a-02a6845b4b32', 'password': 'buyer_seller_1_30c52a34-bda2-11ef-890a-02a6845b4b32', 'terminal': 'my terminal'}
2024-12-19 08:45:15 - be.model.user - INFO - 尝试登录用户：buyer_1_30c52a34-bda2-11ef-890a-02a6845b4b32，终端：my terminal
2024-12-19 08:45:15 - be.model.user - INFO - 为用户 buyer_1_30c52a34-bda2-11ef-890a-02a6845b4b32 生成新token，终端：my terminal
2024-12-19 08:45:15 - be.model.user - INFO - 用户登录成功：buyer_1_30c52a34-bda2-11ef-890a-02a6845b4b32
2024-12-19 08:45:15 - be.view.auth - INFO - 登录处理结果: 200
2024-12-19 08:45:15 - werkzeug - INFO - 127.0.0.1 - - [19/Dec/2024 08:45:15] "POST /auth/login HTTP/1.1" 200 -
2024-12-19 08:45:15 - be.view.auth - INFO - 收到登录请求: {'user_id': 'buyer_8_30c52a34-bda2-11ef-890a-02a6845b4b32', 'password': 'buyer_seller_8_30c52a34-bda2-11ef-890a-02a6845b4b32', 'terminal': 'my terminal'}
2024-12-19 08:45:15 - be.model.user - INFO - 尝试登录用户：buyer_8_30c52a34-bda2-11ef-890a-02a6845b4b32，终端：my terminal
2024-12-19 08:45:15 - be.model.user - INFO - 为用户 buyer_8_30c52a34-bda2-11ef-890a-02a6845b4b32 生成新token，终端：my terminal
2024-12-19 08:45:15 - be.model.user - INFO - 用户登录成功：buyer_8_30c52a34-bda2-11ef-890a-02a6845b4b32
2024-12-19 08:45:15 - be.view.auth - INFO - 登录处理结果: 200
2024-12-19 08:45:15 - werkzeug - INFO - 127.0.0.1 - - [19/Dec/2024 08:45:15] "POST /auth/login HTTP/1.1" 200 -
2024-12-19 08:45:15 - be.view.auth - INFO - 收到登录请求: {'user_id': 'buyer_3_30c52a34-bda2-11ef-890a-02a6845b4b32', 'password': 'buyer_seller_3_30c52a34-bda2-11ef-890a-02a6845b4b32', 'terminal': 'my terminal'}
2024-12-19 08:45:15 - be.model.user - INFO - 尝试登录用户：buyer_3_30c52a34-bda2-11ef-890a-02a6845b4b32，终端：my terminal
2024-12-19 08:45:15 - be.model.user - INFO - 为用户 buyer_3_30c52a34-bda2-11ef-890a-02a6845b4b32 生成新token，终端：my terminal
2024-12-19 08:45:15 - be.model.user - INFO - 用户登录成功：buyer_3_30c52a34-bda2-11ef-890a-02a6845b4b32
2024-12-19 08:45:15 - be.view.auth - INFO - 登录处理结果: 200
2024-12-19 08:45:15 - werkzeug - INFO - 127.0.0.1 - - [19/Dec/2024 08:45:15] "POST /auth/login HTTP/1.1" 200 -
2024-12-19 08:45:15 - be.view.auth - INFO - 收到登录请求: {'user_id': 'buyer_9_30c52a34-bda2-11ef-890a-02a6845b4b32', 'password': 'buyer_seller_9_30c52a34-bda2-11ef-890a-02a6845b4b32', 'terminal': 'my terminal'}
2024-12-19 08:45:15 - be.model.user - INFO - 尝试登录用户：buyer_9_30c52a34-bda2-11ef-890a-02a6845b4b32，终端：my terminal
2024-12-19 08:45:16 - be.model.user - INFO - 为用户 buyer_9_30c52a34-bda2-11ef-890a-02a6845b4b32 生成新token，终端：my terminal
2024-12-19 08:45:16 - be.model.user - INFO - 用户登录成功：buyer_9_30c52a34-bda2-11ef-890a-02a6845b4b32
2024-12-19 08:45:16 - be.view.auth - INFO - 登录处理结果: 200
2024-12-19 08:45:16 - werkzeug - INFO - 127.0.0.1 - - [19/Dec/2024 08:45:16] "POST /auth/login HTTP/1.1" 200 -
2024-12-19 08:45:16 - be.view.auth - INFO - 收到登录请求: {'user_id': 'buyer_10_30c52a34-bda2-11ef-890a-02a6845b4b32', 'password': 'buyer_seller_10_30c52a34-bda2-11ef-890a-02a6845b4b32', 'terminal': 'my terminal'}
2024-12-19 08:45:16 - be.model.user - INFO - 尝试登录用户：buyer_10_30c52a34-bda2-11ef-890a-02a6845b4b32，终端：my terminal
2024-12-19 08:45:16 - be.model.user - INFO - 为用户 buyer_10_30c52a34-bda2-11ef-890a-02a6845b4b32 生成新token，终端：my terminal
2024-12-19 08:45:16 - be.model.user - INFO - 用户登录成功：buyer_10_30c52a34-bda2-11ef-890a-02a6845b4b32
2024-12-19 08:45:16 - be.view.auth - INFO - 登录处理结果: 200
2024-12-19 08:45:16 - werkzeug - INFO - 127.0.0.1 - - [19/Dec/2024 08:45:16] "POST /auth/login HTTP/1.1" 200 -
2024-12-19 08:45:16 - be.view.auth - INFO - 收到登录请求: {'user_id': 'buyer_4_30c52a34-bda2-11ef-890a-02a6845b4b32', 'password': 'buyer_seller_4_30c52a34-bda2-11ef-890a-02a6845b4b32', 'terminal': 'my terminal'}
2024-12-19 08:45:16 - be.model.user - INFO - 尝试登录用户：buyer_4_30c52a34-bda2-11ef-890a-02a6845b4b32，终端：my terminal
2024-12-19 08:45:16 - be.model.user - INFO - 为用户 buyer_4_30c52a34-bda2-11ef-890a-02a6845b4b32 生成新token，终端：my terminal
2024-12-19 08:45:16 - be.model.user - INFO - 用户登录成功：buyer_4_30c52a34-bda2-11ef-890a-02a6845b4b32
2024-12-19 08:45:16 - be.view.auth - INFO - 登录处理结果: 200
2024-12-19 08:45:16 - werkzeug - INFO - 127.0.0.1 - - [19/Dec/2024 08:45:16] "POST /auth/login HTTP/1.1" 200 -
2024-12-19 08:45:16 - be.view.auth - INFO - 收到登录请求: {'user_id': 'buyer_4_30c52a34-bda2-11ef-890a-02a6845b4b32', 'password': 'buyer_seller_4_30c52a34-bda2-11ef-890a-02a6845b4b32', 'terminal': 'my terminal'}
2024-12-19 08:45:16 - be.model.user - INFO - 尝试登录用户：buyer_4_30c52a34-bda2-11ef-890a-02a6845b4b32，终端：my terminal
2024-12-19 08:45:16 - be.model.user - INFO - 为用户 buyer_4_30c52a34-bda2-11ef-890a-02a6845b4b32 生成新token，终端：my terminal
2024-12-19 08:45:16 - be.model.user - INFO - 用户登录成功：buyer_4_30c52a34-bda2-11ef-890a-02a6845b4b32
2024-12-19 08:45:16 - be.view.auth - INFO - 登录处理结果: 200
2024-12-19 08:45:16 - werkzeug - INFO - 127.0.0.1 - - [19/Dec/2024 08:45:16] "POST /auth/login HTTP/1.1" 200 -
2024-12-19 08:45:16 - be.view.auth - INFO - 收到登录请求: {'user_id': 'buyer_2_30c52a34-bda2-11ef-890a-02a6845b4b32', 'password': 'buyer_seller_2_30c52a34-bda2-11ef-890a-02a6845b4b32', 'terminal': 'my terminal'}
2024-12-19 08:45:16 - be.model.user - INFO - 尝试登录用户：buyer_2_30c52a34-bda2-11ef-890a-02a6845b4b32，终端：my terminal
2024-12-19 08:45:16 - be.model.user - INFO - 为用户 buyer_2_30c52a34-bda2-11ef-890a-02a6845b4b32 生成新token，终端：my terminal
2024-12-19 08:45:16 - be.model.user - INFO - 用户登录成功：buyer_2_30c52a34-bda2-11ef-890a-02a6845b4b32
2024-12-19 08:45:17 - be.view.auth - INFO - 登录处理结果: 200
2024-12-19 08:45:17 - werkzeug - INFO - 127.0.0.1 - - [19/Dec/2024 08:45:17] "POST /auth/login HTTP/1.1" 200 -
2024-12-19 08:45:17 - be.view.auth - INFO - 收到登录请求: {'user_id': 'buyer_10_30c52a34-bda2-11ef-890a-02a6845b4b32', 'password': 'buyer_seller_10_30c52a34-bda2-11ef-890a-02a6845b4b32', 'terminal': 'my terminal'}
2024-12-19 08:45:17 - be.model.user - INFO - 尝试登录用户：buyer_10_30c52a34-bda2-11ef-890a-02a6845b4b32，终端：my terminal
2024-12-19 08:45:17 - be.model.user - INFO - 为用户 buyer_10_30c52a34-bda2-11ef-890a-02a6845b4b32 生成新token，终端：my terminal
2024-12-19 08:45:17 - be.model.user - INFO - 用户登录成功：buyer_10_30c52a34-bda2-11ef-890a-02a6845b4b32
2024-12-19 08:45:17 - be.view.auth - INFO - 登录处理结果: 200
2024-12-19 08:45:17 - werkzeug - INFO - 127.0.0.1 - - [19/Dec/2024 08:45:17] "POST /auth/login HTTP/1.1" 200 -
2024-12-19 08:45:17 - be.view.auth - INFO - 收到登录请求: {'user_id': 'buyer_3_30c52a34-bda2-11ef-890a-02a6845b4b32', 'password': 'buyer_seller_3_30c52a34-bda2-11ef-890a-02a6845b4b32', 'terminal': 'my terminal'}
2024-12-19 08:45:17 - be.model.user - INFO - 尝试登录用户：buyer_3_30c52a34-bda2-11ef-890a-02a6845b4b32，终端：my terminal
2024-12-19 08:45:17 - be.model.user - INFO - 为用户 buyer_3_30c52a34-bda2-11ef-890a-02a6845b4b32 生成新token，终端：my terminal
2024-12-19 08:45:17 - be.model.user - INFO - 用户登录成功：buyer_3_30c52a34-bda2-11ef-890a-02a6845b4b32
2024-12-19 08:45:17 - be.view.auth - INFO - 登录处理结果: 200
2024-12-19 08:45:17 - werkzeug - INFO - 127.0.0.1 - - [19/Dec/2024 08:45:17] "POST /auth/login HTTP/1.1" 200 -
2024-12-19 08:45:17 - be.view.auth - INFO - 收到登录请求: {'user_id': 'buyer_5_30c52a34-bda2-11ef-890a-02a6845b4b32', 'password': 'buyer_seller_5_30c52a34-bda2-11ef-890a-02a6845b4b32', 'terminal': 'my terminal'}
2024-12-19 08:45:17 - be.model.user - INFO - 尝试登录用户：buyer_5_30c52a34-bda2-11ef-890a-02a6845b4b32，终端：my terminal
2024-12-19 08:45:17 - be.model.user - INFO - 为用户 buyer_5_30c52a34-bda2-11ef-890a-02a6845b4b32 生成新token，终端：my terminal
2024-12-19 08:45:17 - be.model.user - INFO - 用户登录成功：buyer_5_30c52a34-bda2-11ef-890a-02a6845b4b32
2024-12-19 08:45:17 - be.view.auth - INFO - 登录处理结果: 200
2024-12-19 08:45:17 - werkzeug - INFO - 127.0.0.1 - - [19/Dec/2024 08:45:17] "POST /auth/login HTTP/1.1" 200 -
2024-12-19 08:45:17 - be.view.auth - INFO - 收到登录请求: {'user_id': 'buyer_6_30c52a34-bda2-11ef-890a-02a6845b4b32', 'password': 'buyer_seller_6_30c52a34-bda2-11ef-890a-02a6845b4b32', 'terminal': 'my terminal'}
2024-12-19 08:45:17 - be.model.user - INFO - 尝试登录用户：buyer_6_30c52a34-bda2-11ef-890a-02a6845b4b32，终端：my terminal
2024-12-19 08:45:17 - be.model.user - INFO - 为用户 buyer_6_30c52a34-bda2-11ef-890a-02a6845b4b32 生成新token，终端：my terminal
2024-12-19 08:45:17 - be.model.user - INFO - 用户登录成功：buyer_6_30c52a34-bda2-11ef-890a-02a6845b4b32
2024-12-19 08:45:17 - be.view.auth - INFO - 登录处理结果: 200
2024-12-19 08:45:17 - werkzeug - INFO - 127.0.0.1 - - [19/Dec/2024 08:45:17] "POST /auth/login HTTP/1.1" 200 -
2024-12-19 08:45:17 - be.view.auth - INFO - 收到登录请求: {'user_id': 'buyer_8_30c52a34-bda2-11ef-890a-02a6845b4b32', 'password': 'buyer_seller_8_30c52a34-bda2-11ef-890a-02a6845b4b32', 'terminal': 'my terminal'}
2024-12-19 08:45:17 - be.model.user - INFO - 尝试登录用户：buyer_8_30c52a34-bda2-11ef-890a-02a6845b4b32，终端：my terminal
2024-12-19 08:45:18 - be.model.user - INFO - 为用户 buyer_8_30c52a34-bda2-11ef-890a-02a6845b4b32 生成新token，终端：my terminal
2024-12-19 08:45:18 - be.model.user - INFO - 用户登录成功：buyer_8_30c52a34-bda2-11ef-890a-02a6845b4b32
2024-12-19 08:45:18 - be.view.auth - INFO - 登录处理结果: 200
2024-12-19 08:45:18 - werkzeug - INFO - 127.0.0.1 - - [19/Dec/2024 08:45:18] "POST /auth/login HTTP/1.1" 200 -
2024-12-19 08:45:18 - be.view.auth - INFO - 收到登录请求: {'user_id': 'buyer_2_30c52a34-bda2-11ef-890a-02a6845b4b32', 'password': 'buyer_seller_2_30c52a34-bda2-11ef-890a-02a6845b4b32', 'terminal': 'my terminal'}
2024-12-19 08:45:18 - be.model.user - INFO - 尝试登录用户：buyer_2_30c52a34-bda2-11ef-890a-02a6845b4b32，终端：my terminal
2024-12-19 08:45:18 - be.model.user - INFO - 为用户 buyer_2_30c52a34-bda2-11ef-890a-02a6845b4b32 生成新token，终端：my terminal
2024-12-19 08:45:18 - be.model.user - INFO - 用户登录成功：buyer_2_30c52a34-bda2-11ef-890a-02a6845b4b32
2024-12-19 08:45:18 - be.view.auth - INFO - 登录处理结果: 200
2024-12-19 08:45:18 - werkzeug - INFO - 127.0.0.1 - - [19/Dec/2024 08:45:18] "POST /auth/login HTTP/1.1" 200 -
2024-12-19 08:45:18 - be.view.auth - INFO - 收到登录请求: {'user_id': 'buyer_8_30c52a34-bda2-11ef-890a-02a6845b4b32', 'password': 'buyer_seller_8_30c52a34-bda2-11ef-890a-02a6845b4b32', 'terminal': 'my terminal'}
2024-12-19 08:45:18 - be.model.user - INFO - 尝试登录用户：buyer_8_30c52a34-bda2-11ef-890a-02a6845b4b32，终端：my terminal
2024-12-19 08:45:18 - be.model.user - INFO - 为用户 buyer_8_30c52a34-bda2-11ef-890a-02a6845b4b32 生成新token，终端：my terminal
2024-12-19 08:45:18 - be.model.user - INFO - 用户登录成功：buyer_8_30c52a34-bda2-11ef-890a-02a6845b4b32
2024-12-19 08:45:18 - be.view.auth - INFO - 登录处理结果: 200
2024-12-19 08:45:18 - werkzeug - INFO - 127.0.0.1 - - [19/Dec/2024 08:45:18] "POST /auth/login HTTP/1.1" 200 -
2024-12-19 08:45:18 - be.view.auth - INFO - 收到登录请求: {'user_id': 'buyer_1_30c52a34-bda2-11ef-890a-02a6845b4b32', 'password': 'buyer_seller_1_30c52a34-bda2-11ef-890a-02a6845b4b32', 'terminal': 'my terminal'}
2024-12-19 08:45:18 - be.model.user - INFO - 尝试登录用户：buyer_1_30c52a34-bda2-11ef-890a-02a6845b4b32，终端：my terminal
2024-12-19 08:45:18 - be.model.user - INFO - 为用户 buyer_1_30c52a34-bda2-11ef-890a-02a6845b4b32 生成新token，终端：my terminal
2024-12-19 08:45:18 - be.model.user - INFO - 用户登录成功：buyer_1_30c52a34-bda2-11ef-890a-02a6845b4b32
2024-12-19 08:45:18 - be.view.auth - INFO - 登录处理结果: 200
2024-12-19 08:45:18 - werkzeug - INFO - 127.0.0.1 - - [19/Dec/2024 08:45:18] "POST /auth/login HTTP/1.1" 200 -
2024-12-19 08:45:18 - be.view.auth - INFO - 收到登录请求: {'user_id': 'buyer_3_30c52a34-bda2-11ef-890a-02a6845b4b32', 'password': 'buyer_seller_3_30c52a34-bda2-11ef-890a-02a6845b4b32', 'terminal': 'my terminal'}
2024-12-19 08:45:18 - be.model.user - INFO - 尝试登录用户：buyer_3_30c52a34-bda2-11ef-890a-02a6845b4b32，终端：my terminal
2024-12-19 08:45:19 - be.model.user - INFO - 为用户 buyer_3_30c52a34-bda2-11ef-890a-02a6845b4b32 生成新token，终端：my terminal
2024-12-19 08:45:19 - be.model.user - INFO - 用户登录成功：buyer_3_30c52a34-bda2-11ef-890a-02a6845b4b32
2024-12-19 08:45:19 - be.view.auth - INFO - 登录处理结果: 200
2024-12-19 08:45:19 - werkzeug - INFO - 127.0.0.1 - - [19/Dec/2024 08:45:19] "POST /auth/login HTTP/1.1" 200 -
2024-12-19 08:45:19 - be.view.auth - INFO - 收到登录请求: {'user_id': 'buyer_4_30c52a34-bda2-11ef-890a-02a6845b4b32', 'password': 'buyer_seller_4_30c52a34-bda2-11ef-890a-02a6845b4b32', 'terminal': 'my terminal'}
2024-12-19 08:45:19 - be.model.user - INFO - 尝试登录用户：buyer_4_30c52a34-bda2-11ef-890a-02a6845b4b32，终端：my terminal
2024-12-19 08:45:19 - be.model.user - INFO - 为用户 buyer_4_30c52a34-bda2-11ef-890a-02a6845b4b32 生成新token，终端：my terminal
2024-12-19 08:45:19 - be.model.user - INFO - 用户登录成功：buyer_4_30c52a34-bda2-11ef-890a-02a6845b4b32
2024-12-19 08:45:19 - be.view.auth - INFO - 登录处理结果: 200
2024-12-19 08:45:19 - werkzeug - INFO - 127.0.0.1 - - [19/Dec/2024 08:45:19] "POST /auth/login HTTP/1.1" 200 -
2024-12-19 08:45:19 - be.view.auth - INFO - 收到登录请求: {'user_id': 'buyer_8_30c52a34-bda2-11ef-890a-02a6845b4b32', 'password': 'buyer_seller_8_30c52a34-bda2-11ef-890a-02a6845b4b32', 'terminal': 'my terminal'}
2024-12-19 08:45:19 - be.model.user - INFO - 尝试登录用户：buyer_8_30c52a34-bda2-11ef-890a-02a6845b4b32，终端：my terminal
2024-12-19 08:45:19 - be.model.user - INFO - 为用户 buyer_8_30c52a34-bda2-11ef-890a-02a6845b4b32 生成新token，终端：my terminal
2024-12-19 08:45:19 - be.model.user - INFO - 用户登录成功：buyer_8_30c52a34-bda2-11ef-890a-02a6845b4b32
2024-12-19 08:45:19 - be.view.auth - INFO - 登录处理结果: 200
2024-12-19 08:45:19 - werkzeug - INFO - 127.0.0.1 - - [19/Dec/2024 08:45:19] "POST /auth/login HTTP/1.1" 200 -
2024-12-19 08:45:19 - be.view.auth - INFO - 收到登录请求: {'user_id': 'buyer_10_30c52a34-bda2-11ef-890a-02a6845b4b32', 'password': 'buyer_seller_10_30c52a34-bda2-11ef-890a-02a6845b4b32', 'terminal': 'my terminal'}
2024-12-19 08:45:19 - be.model.user - INFO - 尝试登录用户：buyer_10_30c52a34-bda2-11ef-890a-02a6845b4b32，终端：my terminal
2024-12-19 08:45:19 - be.model.user - INFO - 为用户 buyer_10_30c52a34-bda2-11ef-890a-02a6845b4b32 生成新token，终端：my terminal
2024-12-19 08:45:19 - be.model.user - INFO - 用户登录成功：buyer_10_30c52a34-bda2-11ef-890a-02a6845b4b32
2024-12-19 08:45:19 - be.view.auth - INFO - 登录处理结果: 200
2024-12-19 08:45:19 - werkzeug - INFO - 127.0.0.1 - - [19/Dec/2024 08:45:19] "POST /auth/login HTTP/1.1" 200 -
2024-12-19 08:45:19 - be.view.auth - INFO - 收到登录请求: {'user_id': 'buyer_6_30c52a34-bda2-11ef-890a-02a6845b4b32', 'password': 'buyer_seller_6_30c52a34-bda2-11ef-890a-02a6845b4b32', 'terminal': 'my terminal'}
2024-12-19 08:45:19 - be.model.user - INFO - 尝试登录用户：buyer_6_30c52a34-bda2-11ef-890a-02a6845b4b32，终端：my terminal
2024-12-19 08:45:19 - be.model.user - INFO - 为用户 buyer_6_30c52a34-bda2-11ef-890a-02a6845b4b32 生成新token，终端：my terminal
2024-12-19 08:45:19 - be.model.user - INFO - 用户登录成功：buyer_6_30c52a34-bda2-11ef-890a-02a6845b4b32
2024-12-19 08:45:20 - be.view.auth - INFO - 登录处理结果: 200
2024-12-19 08:45:20 - werkzeug - INFO - 127.0.0.1 - - [19/Dec/2024 08:45:20] "POST /auth/login HTTP/1.1" 200 -
2024-12-19 08:45:20 - be.view.auth - INFO - 收到登录请求: {'user_id': 'buyer_2_30c52a34-bda2-11ef-890a-02a6845b4b32', 'password': 'buyer_seller_2_30c52a34-bda2-11ef-890a-02a6845b4b32', 'terminal': 'my terminal'}
2024-12-19 08:45:20 - be.model.user - INFO - 尝试登录用户：buyer_2_30c52a34-bda2-11ef-890a-02a6845b4b32，终端：my terminal
2024-12-19 08:45:20 - be.model.user - INFO - 为用户 buyer_2_30c52a34-bda2-11ef-890a-02a6845b4b32 生成新token，终端：my terminal
2024-12-19 08:45:20 - be.model.user - INFO - 用户登录成功：buyer_2_30c52a34-bda2-11ef-890a-02a6845b4b32
2024-12-19 08:45:20 - be.view.auth - INFO - 登录处理结果: 200
2024-12-19 08:45:20 - werkzeug - INFO - 127.0.0.1 - - [19/Dec/2024 08:45:20] "POST /auth/login HTTP/1.1" 200 -
2024-12-19 08:45:20 - be.view.auth - INFO - 收到登录请求: {'user_id': 'buyer_2_30c52a34-bda2-11ef-890a-02a6845b4b32', 'password': 'buyer_seller_2_30c52a34-bda2-11ef-890a-02a6845b4b32', 'terminal': 'my terminal'}
2024-12-19 08:45:20 - be.model.user - INFO - 尝试登录用户：buyer_2_30c52a34-bda2-11ef-890a-02a6845b4b32，终端：my terminal
2024-12-19 08:45:20 - be.model.user - INFO - 为用户 buyer_2_30c52a34-bda2-11ef-890a-02a6845b4b32 生成新token，终端：my terminal
2024-12-19 08:45:20 - be.model.user - INFO - 用户登录成功：buyer_2_30c52a34-bda2-11ef-890a-02a6845b4b32
2024-12-19 08:45:20 - be.view.auth - INFO - 登录处理结果: 200
2024-12-19 08:45:20 - werkzeug - INFO - 127.0.0.1 - - [19/Dec/2024 08:45:20] "POST /auth/login HTTP/1.1" 200 -
2024-12-19 08:45:20 - be.view.auth - INFO - 收到登录请求: {'user_id': 'buyer_8_30c52a34-bda2-11ef-890a-02a6845b4b32', 'password': 'buyer_seller_8_30c52a34-bda2-11ef-890a-02a6845b4b32', 'terminal': 'my terminal'}
2024-12-19 08:45:20 - be.model.user - INFO - 尝试登录用户：buyer_8_30c52a34-bda2-11ef-890a-02a6845b4b32，终端：my terminal
2024-12-19 08:45:20 - be.model.user - INFO - 为用户 buyer_8_30c52a34-bda2-11ef-890a-02a6845b4b32 生成新token，终端：my terminal
2024-12-19 08:45:20 - be.model.user - INFO - 用户登录成功：buyer_8_30c52a34-bda2-11ef-890a-02a6845b4b32
2024-12-19 08:45:20 - be.view.auth - INFO - 登录处理结果: 200
2024-12-19 08:45:20 - werkzeug - INFO - 127.0.0.1 - - [19/Dec/2024 08:45:20] "POST /auth/login HTTP/1.1" 200 -
2024-12-19 08:45:20 - be.view.auth - INFO - 收到登录请求: {'user_id': 'buyer_4_30c52a34-bda2-11ef-890a-02a6845b4b32', 'password': 'buyer_seller_4_30c52a34-bda2-11ef-890a-02a6845b4b32', 'terminal': 'my terminal'}
2024-12-19 08:45:20 - be.model.user - INFO - 尝试登录用户：buyer_4_30c52a34-bda2-11ef-890a-02a6845b4b32，终端：my terminal
2024-12-19 08:45:20 - be.model.user - INFO - 为用户 buyer_4_30c52a34-bda2-11ef-890a-02a6845b4b32 生成新token，终端：my terminal
2024-12-19 08:45:20 - be.model.user - INFO - 用户登录成功：buyer_4_30c52a34-bda2-11ef-890a-02a6845b4b32
2024-12-19 08:45:20 - be.view.auth - INFO - 登录处理结果: 200
2024-12-19 08:45:20 - werkzeug - INFO - 127.0.0.1 - - [19/Dec/2024 08:45:20] "POST /auth/login HTTP/1.1" 200 -
2024-12-19 08:45:20 - be.view.auth - INFO - 收到登录请求: {'user_id': 'buyer_10_30c52a34-bda2-11ef-890a-02a6845b4b32', 'password': 'buyer_seller_10_30c52a34-bda2-11ef-890a-02a6845b4b32', 'terminal': 'my terminal'}
2024-12-19 08:45:21 - be.model.user - INFO - 尝试登录用户：buyer_10_30c52a34-bda2-11ef-890a-02a6845b4b32，终端：my terminal
2024-12-19 08:45:21 - be.model.user - INFO - 为用户 buyer_10_30c52a34-bda2-11ef-890a-02a6845b4b32 生成新token，终端：my terminal
2024-12-19 08:45:21 - be.model.user - INFO - 用户登录成功：buyer_10_30c52a34-bda2-11ef-890a-02a6845b4b32
2024-12-19 08:45:21 - be.view.auth - INFO - 登录处理结果: 200
2024-12-19 08:45:21 - werkzeug - INFO - 127.0.0.1 - - [19/Dec/2024 08:45:21] "POST /auth/login HTTP/1.1" 200 -
2024-12-19 08:45:21 - be.view.auth - INFO - 收到登录请求: {'user_id': 'buyer_4_30c52a34-bda2-11ef-890a-02a6845b4b32', 'password': 'buyer_seller_4_30c52a34-bda2-11ef-890a-02a6845b4b32', 'terminal': 'my terminal'}
2024-12-19 08:45:21 - be.model.user - INFO - 尝试登录用户：buyer_4_30c52a34-bda2-11ef-890a-02a6845b4b32，终端：my terminal
2024-12-19 08:45:21 - be.model.user - INFO - 为用户 buyer_4_30c52a34-bda2-11ef-890a-02a6845b4b32 生成新token，终端：my terminal
2024-12-19 08:45:21 - be.model.user - INFO - 用户登录成功：buyer_4_30c52a34-bda2-11ef-890a-02a6845b4b32
2024-12-19 08:45:21 - be.view.auth - INFO - 登录处理结果: 200
2024-12-19 08:45:21 - werkzeug - INFO - 127.0.0.1 - - [19/Dec/2024 08:45:21] "POST /auth/login HTTP/1.1" 200 -
2024-12-19 08:45:21 - be.view.auth - INFO - 收到登录请求: {'user_id': 'buyer_8_30c52a34-bda2-11ef-890a-02a6845b4b32', 'password': 'buyer_seller_8_30c52a34-bda2-11ef-890a-02a6845b4b32', 'terminal': 'my terminal'}
2024-12-19 08:45:21 - be.model.user - INFO - 尝试登录用户：buyer_8_30c52a34-bda2-11ef-890a-02a6845b4b32，终端：my terminal
2024-12-19 08:45:21 - be.model.user - INFO - 为用户 buyer_8_30c52a34-bda2-11ef-890a-02a6845b4b32 生成新token，终端：my terminal
2024-12-19 08:45:21 - be.model.user - INFO - 用户登录成功：buyer_8_30c52a34-bda2-11ef-890a-02a6845b4b32
2024-12-19 08:45:21 - be.view.auth - INFO - 登录处理结果: 200
2024-12-19 08:45:21 - werkzeug - INFO - 127.0.0.1 - - [19/Dec/2024 08:45:21] "POST /auth/login HTTP/1.1" 200 -
2024-12-19 08:45:21 - be.view.auth - INFO - 收到登录请求: {'user_id': 'buyer_6_30c52a34-bda2-11ef-890a-02a6845b4b32', 'password': 'buyer_seller_6_30c52a34-bda2-11ef-890a-02a6845b4b32', 'terminal': 'my terminal'}
2024-12-19 08:45:21 - be.model.user - INFO - 尝试登录用户：buyer_6_30c52a34-bda2-11ef-890a-02a6845b4b32，终端：my terminal
2024-12-19 08:45:21 - be.model.user - INFO - 为用户 buyer_6_30c52a34-bda2-11ef-890a-02a6845b4b32 生成新token，终端：my terminal
2024-12-19 08:45:21 - be.model.user - INFO - 用户登录成功：buyer_6_30c52a34-bda2-11ef-890a-02a6845b4b32
2024-12-19 08:45:22 - be.view.auth - INFO - 登录处理结果: 200
2024-12-19 08:45:22 - werkzeug - INFO - 127.0.0.1 - - [19/Dec/2024 08:45:22] "POST /auth/login HTTP/1.1" 200 -
2024-12-19 08:45:22 - be.view.auth - INFO - 收到登录请求: {'user_id': 'buyer_5_30c52a34-bda2-11ef-890a-02a6845b4b32', 'password': 'buyer_seller_5_30c52a34-bda2-11ef-890a-02a6845b4b32', 'terminal': 'my terminal'}
2024-12-19 08:45:22 - be.model.user - INFO - 尝试登录用户：buyer_5_30c52a34-bda2-11ef-890a-02a6845b4b32，终端：my terminal
2024-12-19 08:45:22 - be.model.user - INFO - 为用户 buyer_5_30c52a34-bda2-11ef-890a-02a6845b4b32 生成新token，终端：my terminal
2024-12-19 08:45:22 - be.model.user - INFO - 用户登录成功：buyer_5_30c52a34-bda2-11ef-890a-02a6845b4b32
2024-12-19 08:45:22 - be.view.auth - INFO - 登录处理结果: 200
2024-12-19 08:45:22 - werkzeug - INFO - 127.0.0.1 - - [19/Dec/2024 08:45:22] "POST /auth/login HTTP/1.1" 200 -
2024-12-19 08:45:22 - be.view.auth - INFO - 收到登录请求: {'user_id': 'buyer_10_30c52a34-bda2-11ef-890a-02a6845b4b32', 'password': 'buyer_seller_10_30c52a34-bda2-11ef-890a-02a6845b4b32', 'terminal': 'my terminal'}
2024-12-19 08:45:22 - be.model.user - INFO - 尝试登录用户：buyer_10_30c52a34-bda2-11ef-890a-02a6845b4b32，终端：my terminal
2024-12-19 08:45:22 - be.model.user - INFO - 为用户 buyer_10_30c52a34-bda2-11ef-890a-02a6845b4b32 生成新token，终端：my terminal
2024-12-19 08:45:22 - be.model.user - INFO - 用户登录成功：buyer_10_30c52a34-bda2-11ef-890a-02a6845b4b32
2024-12-19 08:45:22 - be.view.auth - INFO - 登录处理结果: 200
2024-12-19 08:45:22 - werkzeug - INFO - 127.0.0.1 - - [19/Dec/2024 08:45:22] "POST /auth/login HTTP/1.1" 200 -
2024-12-19 08:45:22 - be.view.auth - INFO - 收到登录请求: {'user_id': 'buyer_4_30c52a34-bda2-11ef-890a-02a6845b4b32', 'password': 'buyer_seller_4_30c52a34-bda2-11ef-890a-02a6845b4b32', 'terminal': 'my terminal'}
2024-12-19 08:45:22 - be.model.user - INFO - 尝试登录用户：buyer_4_30c52a34-bda2-11ef-890a-02a6845b4b32，终端：my terminal
2024-12-19 08:45:22 - be.model.user - INFO - 为用户 buyer_4_30c52a34-bda2-11ef-890a-02a6845b4b32 生成新token，终端：my terminal
2024-12-19 08:45:22 - be.model.user - INFO - 用户登录成功：buyer_4_30c52a34-bda2-11ef-890a-02a6845b4b32
2024-12-19 08:45:22 - be.view.auth - INFO - 登录处理结果: 200
2024-12-19 08:45:22 - werkzeug - INFO - 127.0.0.1 - - [19/Dec/2024 08:45:22] "POST /auth/login HTTP/1.1" 200 -
2024-12-19 08:45:22 - be.view.auth - INFO - 收到登录请求: {'user_id': 'buyer_6_30c52a34-bda2-11ef-890a-02a6845b4b32', 'password': 'buyer_seller_6_30c52a34-bda2-11ef-890a-02a6845b4b32', 'terminal': 'my terminal'}
2024-12-19 08:45:22 - be.model.user - INFO - 尝试登录用户：buyer_6_30c52a34-bda2-11ef-890a-02a6845b4b32，终端：my terminal
2024-12-19 08:45:22 - be.model.user - INFO - 为用户 buyer_6_30c52a34-bda2-11ef-890a-02a6845b4b32 生成新token，终端：my terminal
2024-12-19 08:45:22 - be.model.user - INFO - 用户登录成功：buyer_6_30c52a34-bda2-11ef-890a-02a6845b4b32
2024-12-19 08:45:22 - be.view.auth - INFO - 登录处理结果: 200
2024-12-19 08:45:22 - werkzeug - INFO - 127.0.0.1 - - [19/Dec/2024 08:45:22] "POST /auth/login HTTP/1.1" 200 -
2024-12-19 08:45:22 - be.view.auth - INFO - 收到登录请求: {'user_id': 'buyer_9_30c52a34-bda2-11ef-890a-02a6845b4b32', 'password': 'buyer_seller_9_30c52a34-bda2-11ef-890a-02a6845b4b32', 'terminal': 'my terminal'}
2024-12-19 08:45:22 - be.model.user - INFO - 尝试登录用户：buyer_9_30c52a34-bda2-11ef-890a-02a6845b4b32，终端：my terminal
2024-12-19 08:45:23 - be.model.user - INFO - 为用户 buyer_9_30c52a34-bda2-11ef-890a-02a6845b4b32 生成新token，终端：my terminal
2024-12-19 08:45:23 - be.model.user - INFO - 用户登录成功：buyer_9_30c52a34-bda2-11ef-890a-02a6845b4b32
2024-12-19 08:45:23 - be.view.auth - INFO - 登录处理结果: 200
2024-12-19 08:45:23 - werkzeug - INFO - 127.0.0.1 - - [19/Dec/2024 08:45:23] "POST /auth/login HTTP/1.1" 200 -
2024-12-19 08:45:23 - be.view.auth - INFO - 收到登录请求: {'user_id': 'buyer_10_30c52a34-bda2-11ef-890a-02a6845b4b32', 'password': 'buyer_seller_10_30c52a34-bda2-11ef-890a-02a6845b4b32', 'terminal': 'my terminal'}
2024-12-19 08:45:23 - be.model.user - INFO - 尝试登录用户：buyer_10_30c52a34-bda2-11ef-890a-02a6845b4b32，终端：my terminal
2024-12-19 08:45:23 - be.model.user - INFO - 为用户 buyer_10_30c52a34-bda2-11ef-890a-02a6845b4b32 生成新token，终端：my terminal
2024-12-19 08:45:23 - be.model.user - INFO - 用户登录成功：buyer_10_30c52a34-bda2-11ef-890a-02a6845b4b32
2024-12-19 08:45:23 - be.view.auth - INFO - 登录处理结果: 200
2024-12-19 08:45:23 - werkzeug - INFO - 127.0.0.1 - - [19/Dec/2024 08:45:23] "POST /auth/login HTTP/1.1" 200 -
2024-12-19 08:45:23 - be.view.auth - INFO - 收到登录请求: {'user_id': 'buyer_1_30c52a34-bda2-11ef-890a-02a6845b4b32', 'password': 'buyer_seller_1_30c52a34-bda2-11ef-890a-02a6845b4b32', 'terminal': 'my terminal'}
2024-12-19 08:45:23 - be.model.user - INFO - 尝试登录用户：buyer_1_30c52a34-bda2-11ef-890a-02a6845b4b32，终端：my terminal
2024-12-19 08:45:23 - be.model.user - INFO - 为用户 buyer_1_30c52a34-bda2-11ef-890a-02a6845b4b32 生成新token，终端：my terminal
2024-12-19 08:45:23 - be.model.user - INFO - 用户登录成功：buyer_1_30c52a34-bda2-11ef-890a-02a6845b4b32
2024-12-19 08:45:23 - be.view.auth - INFO - 登录处理结果: 200
2024-12-19 08:45:23 - werkzeug - INFO - 127.0.0.1 - - [19/Dec/2024 08:45:23] "POST /auth/login HTTP/1.1" 200 -
2024-12-19 08:45:23 - be.view.auth - INFO - 收到登录请求: {'user_id': 'buyer_4_30c52a34-bda2-11ef-890a-02a6845b4b32', 'password': 'buyer_seller_4_30c52a34-bda2-11ef-890a-02a6845b4b32', 'terminal': 'my terminal'}
2024-12-19 08:45:23 - be.model.user - INFO - 尝试登录用户：buyer_4_30c52a34-bda2-11ef-890a-02a6845b4b32，终端：my terminal
2024-12-19 08:45:23 - be.model.user - INFO - 为用户 buyer_4_30c52a34-bda2-11ef-890a-02a6845b4b32 生成新token，终端：my terminal
2024-12-19 08:45:23 - be.model.user - INFO - 用户登录成功：buyer_4_30c52a34-bda2-11ef-890a-02a6845b4b32
2024-12-19 08:45:23 - be.view.auth - INFO - 登录处理结果: 200
2024-12-19 08:45:23 - werkzeug - INFO - 127.0.0.1 - - [19/Dec/2024 08:45:23] "POST /auth/login HTTP/1.1" 200 -
2024-12-19 08:45:23 - be.view.auth - INFO - 收到登录请求: {'user_id': 'buyer_2_30c52a34-bda2-11ef-890a-02a6845b4b32', 'password': 'buyer_seller_2_30c52a34-bda2-11ef-890a-02a6845b4b32', 'terminal': 'my terminal'}
2024-12-19 08:45:23 - be.model.user - INFO - 尝试登录用户：buyer_2_30c52a34-bda2-11ef-890a-02a6845b4b32，终端：my terminal
2024-12-19 08:45:23 - be.model.user - INFO - 为用户 buyer_2_30c52a34-bda2-11ef-890a-02a6845b4b32 生成新token，终端：my terminal
2024-12-19 08:45:23 - be.model.user - INFO - 用户登录成功：buyer_2_30c52a34-bda2-11ef-890a-02a6845b4b32
2024-12-19 08:45:24 - be.view.auth - INFO - 登录处理结果: 200
2024-12-19 08:45:24 - werkzeug - INFO - 127.0.0.1 - - [19/Dec/2024 08:45:24] "POST /auth/login HTTP/1.1" 200 -
2024-12-19 08:45:24 - be.view.auth - INFO - 收到登录请求: {'user_id': 'buyer_2_30c52a34-bda2-11ef-890a-02a6845b4b32', 'password': 'buyer_seller_2_30c52a34-bda2-11ef-890a-02a6845b4b32', 'terminal': 'my terminal'}
2024-12-19 08:45:24 - be.model.user - INFO - 尝试登录用户：buyer_2_30c52a34-bda2-11ef-890a-02a6845b4b32，终端：my terminal
2024-12-19 08:45:24 - be.model.user - INFO - 为用户 buyer_2_30c52a34-bda2-11ef-890a-02a6845b4b32 生成新token，终端：my terminal
2024-12-19 08:45:24 - be.model.user - INFO - 用户登录成功：buyer_2_30c52a34-bda2-11ef-890a-02a6845b4b32
2024-12-19 08:45:24 - be.view.auth - INFO - 登录处理结果: 200
2024-12-19 08:45:24 - werkzeug - INFO - 127.0.0.1 - - [19/Dec/2024 08:45:24] "POST /auth/login HTTP/1.1" 200 -
2024-12-19 08:45:24 - be.view.auth - INFO - 收到登录请求: {'user_id': 'buyer_6_30c52a34-bda2-11ef-890a-02a6845b4b32', 'password': 'buyer_seller_6_30c52a34-bda2-11ef-890a-02a6845b4b32', 'terminal': 'my terminal'}
2024-12-19 08:45:24 - be.model.user - INFO - 尝试登录用户：buyer_6_30c52a34-bda2-11ef-890a-02a6845b4b32，终端：my terminal
2024-12-19 08:45:24 - be.model.user - INFO - 为用户 buyer_6_30c52a34-bda2-11ef-890a-02a6845b4b32 生成新token，终端：my terminal
2024-12-19 08:45:24 - be.model.user - INFO - 用户登录成功：buyer_6_30c52a34-bda2-11ef-890a-02a6845b4b32
2024-12-19 08:45:24 - be.view.auth - INFO - 登录处理结果: 200
2024-12-19 08:45:24 - werkzeug - INFO - 127.0.0.1 - - [19/Dec/2024 08:45:24] "POST /auth/login HTTP/1.1" 200 -
2024-12-19 08:45:24 - be.view.auth - INFO - 收到登录请求: {'user_id': 'buyer_1_30c52a34-bda2-11ef-890a-02a6845b4b32', 'password': 'buyer_seller_1_30c52a34-bda2-11ef-890a-02a6845b4b32', 'terminal': 'my terminal'}
2024-12-19 08:45:24 - be.model.user - INFO - 尝试登录用户：buyer_1_30c52a34-bda2-11ef-890a-02a6845b4b32，终端：my terminal
2024-12-19 08:45:24 - be.model.user - INFO - 为用户 buyer_1_30c52a34-bda2-11ef-890a-02a6845b4b32 生成新token，终端：my terminal
2024-12-19 08:45:24 - be.model.user - INFO - 用户登录成功：buyer_1_30c52a34-bda2-11ef-890a-02a6845b4b32
2024-12-19 08:45:24 - be.view.auth - INFO - 登录处理结果: 200
2024-12-19 08:45:24 - werkzeug - INFO - 127.0.0.1 - - [19/Dec/2024 08:45:24] "POST /auth/login HTTP/1.1" 200 -
2024-12-19 08:45:24 - be.view.auth - INFO - 收到登录请求: {'user_id': 'buyer_9_30c52a34-bda2-11ef-890a-02a6845b4b32', 'password': 'buyer_seller_9_30c52a34-bda2-11ef-890a-02a6845b4b32', 'terminal': 'my terminal'}
2024-12-19 08:45:24 - be.model.user - INFO - 尝试登录用户：buyer_9_30c52a34-bda2-11ef-890a-02a6845b4b32，终端：my terminal
2024-12-19 08:45:24 - be.model.user - INFO - 为用户 buyer_9_30c52a34-bda2-11ef-890a-02a6845b4b32 生成新token，终端：my terminal
2024-12-19 08:45:24 - be.model.user - INFO - 用户登录成功：buyer_9_30c52a34-bda2-11ef-890a-02a6845b4b32
2024-12-19 08:45:25 - be.view.auth - INFO - 登录处理结果: 200
2024-12-19 08:45:25 - werkzeug - INFO - 127.0.0.1 - - [19/Dec/2024 08:45:25] "POST /auth/login HTTP/1.1" 200 -
2024-12-19 08:45:25 - be.view.auth - INFO - 收到登录请求: {'user_id': 'buyer_7_30c52a34-bda2-11ef-890a-02a6845b4b32', 'password': 'buyer_seller_7_30c52a34-bda2-11ef-890a-02a6845b4b32', 'terminal': 'my terminal'}
2024-12-19 08:45:25 - be.model.user - INFO - 尝试登录用户：buyer_7_30c52a34-bda2-11ef-890a-02a6845b4b32，终端：my terminal
2024-12-19 08:45:25 - be.model.user - INFO - 为用户 buyer_7_30c52a34-bda2-11ef-890a-02a6845b4b32 生成新token，终端：my terminal
2024-12-19 08:45:25 - be.model.user - INFO - 用户登录成功：buyer_7_30c52a34-bda2-11ef-890a-02a6845b4b32
2024-12-19 08:45:25 - be.view.auth - INFO - 登录处理结果: 200
2024-12-19 08:45:25 - werkzeug - INFO - 127.0.0.1 - - [19/Dec/2024 08:45:25] "POST /auth/login HTTP/1.1" 200 -
2024-12-19 08:45:25 - be.view.auth - INFO - 收到登录请求: {'user_id': 'buyer_6_30c52a34-bda2-11ef-890a-02a6845b4b32', 'password': 'buyer_seller_6_30c52a34-bda2-11ef-890a-02a6845b4b32', 'terminal': 'my terminal'}
2024-12-19 08:45:25 - be.model.user - INFO - 尝试登录用户：buyer_6_30c52a34-bda2-11ef-890a-02a6845b4b32，终端：my terminal
2024-12-19 08:45:25 - be.model.user - INFO - 为用户 buyer_6_30c52a34-bda2-11ef-890a-02a6845b4b32 生成新token，终端：my terminal
2024-12-19 08:45:25 - be.model.user - INFO - 用户登录成功：buyer_6_30c52a34-bda2-11ef-890a-02a6845b4b32
2024-12-19 08:45:25 - be.view.auth - INFO - 登录处理结果: 200
2024-12-19 08:45:25 - werkzeug - INFO - 127.0.0.1 - - [19/Dec/2024 08:45:25] "POST /auth/login HTTP/1.1" 200 -
2024-12-19 08:45:25 - be.view.auth - INFO - 收到登录请求: {'user_id': 'buyer_1_30c52a34-bda2-11ef-890a-02a6845b4b32', 'password': 'buyer_seller_1_30c52a34-bda2-11ef-890a-02a6845b4b32', 'terminal': 'my terminal'}
2024-12-19 08:45:25 - be.model.user - INFO - 尝试登录用户：buyer_1_30c52a34-bda2-11ef-890a-02a6845b4b32，终端：my terminal
2024-12-19 08:45:25 - be.model.user - INFO - 为用户 buyer_1_30c52a34-bda2-11ef-890a-02a6845b4b32 生成新token，终端：my terminal
2024-12-19 08:45:25 - be.model.user - INFO - 用户登录成功：buyer_1_30c52a34-bda2-11ef-890a-02a6845b4b32
2024-12-19 08:45:25 - be.view.auth - INFO - 登录处理结果: 200
2024-12-19 08:45:25 - werkzeug - INFO - 127.0.0.1 - - [19/Dec/2024 08:45:25] "POST /auth/login HTTP/1.1" 200 -
2024-12-19 08:45:25 - be.view.auth - INFO - 收到登录请求: {'user_id': 'buyer_2_30c52a34-bda2-11ef-890a-02a6845b4b32', 'password': 'buyer_seller_2_30c52a34-bda2-11ef-890a-02a6845b4b32', 'terminal': 'my terminal'}
2024-12-19 08:45:25 - be.model.user - INFO - 尝试登录用户：buyer_2_30c52a34-bda2-11ef-890a-02a6845b4b32，终端：my terminal
2024-12-19 08:45:25 - be.model.user - INFO - 为用户 buyer_2_30c52a34-bda2-11ef-890a-02a6845b4b32 生成新token，终端：my terminal
2024-12-19 08:45:25 - be.model.user - INFO - 用户登录成功：buyer_2_30c52a34-bda2-11ef-890a-02a6845b4b32
2024-12-19 08:45:26 - be.view.auth - INFO - 登录处理结果: 200
2024-12-19 08:45:26 - werkzeug - INFO - 127.0.0.1 - - [19/Dec/2024 08:45:26] "POST /auth/login HTTP/1.1" 200 -
2024-12-19 08:45:26 - be.view.auth - INFO - 收到登录请求: {'user_id': 'buyer_5_30c52a34-bda2-11ef-890a-02a6845b4b32', 'password': 'buyer_seller_5_30c52a34-bda2-11ef-890a-02a6845b4b32', 'terminal': 'my terminal'}
2024-12-19 08:45:26 - be.model.user - INFO - 尝试登录用户：buyer_5_30c52a34-bda2-11ef-890a-02a6845b4b32，终端：my terminal
2024-12-19 08:45:26 - be.model.user - INFO - 为用户 buyer_5_30c52a34-bda2-11ef-890a-02a6845b4b32 生成新token，终端：my terminal
2024-12-19 08:45:26 - be.model.user - INFO - 用户登录成功：buyer_5_30c52a34-bda2-11ef-890a-02a6845b4b32
2024-12-19 08:45:26 - be.view.auth - INFO - 登录处理结果: 200
2024-12-19 08:45:26 - werkzeug - INFO - 127.0.0.1 - - [19/Dec/2024 08:45:26] "POST /auth/login HTTP/1.1" 200 -
2024-12-19 08:45:26 - be.view.auth - INFO - 收到登录请求: {'user_id': 'buyer_8_30c52a34-bda2-11ef-890a-02a6845b4b32', 'password': 'buyer_seller_8_30c52a34-bda2-11ef-890a-02a6845b4b32', 'terminal': 'my terminal'}
2024-12-19 08:45:26 - be.model.user - INFO - 尝试登录用户：buyer_8_30c52a34-bda2-11ef-890a-02a6845b4b32，终端：my terminal
2024-12-19 08:45:26 - be.model.user - INFO - 为用户 buyer_8_30c52a34-bda2-11ef-890a-02a6845b4b32 生成新token，终端：my terminal
2024-12-19 08:45:26 - be.model.user - INFO - 用户登录成功：buyer_8_30c52a34-bda2-11ef-890a-02a6845b4b32
2024-12-19 08:45:26 - be.view.auth - INFO - 登录处理结果: 200
2024-12-19 08:45:26 - werkzeug - INFO - 127.0.0.1 - - [19/Dec/2024 08:45:26] "POST /auth/login HTTP/1.1" 200 -
2024-12-19 08:45:26 - be.view.auth - INFO - 收到登录请求: {'user_id': 'buyer_5_30c52a34-bda2-11ef-890a-02a6845b4b32', 'password': 'buyer_seller_5_30c52a34-bda2-11ef-890a-02a6845b4b32', 'terminal': 'my terminal'}
2024-12-19 08:45:26 - be.model.user - INFO - 尝试登录用户：buyer_5_30c52a34-bda2-11ef-890a-02a6845b4b32，终端：my terminal
2024-12-19 08:45:26 - be.model.user - INFO - 为用户 buyer_5_30c52a34-bda2-11ef-890a-02a6845b4b32 生成新token，终端：my terminal
2024-12-19 08:45:26 - be.model.user - INFO - 用户登录成功：buyer_5_30c52a34-bda2-11ef-890a-02a6845b4b32
2024-12-19 08:45:26 - be.view.auth - INFO - 登录处理结果: 200
2024-12-19 08:45:26 - werkzeug - INFO - 127.0.0.1 - - [19/Dec/2024 08:45:26] "POST /auth/login HTTP/1.1" 200 -
2024-12-19 08:45:26 - be.view.auth - INFO - 收到登录请求: {'user_id': 'buyer_10_30c52a34-bda2-11ef-890a-02a6845b4b32', 'password': 'buyer_seller_10_30c52a34-bda2-11ef-890a-02a6845b4b32', 'terminal': 'my terminal'}
2024-12-19 08:45:26 - be.model.user - INFO - 尝试登录用户：buyer_10_30c52a34-bda2-11ef-890a-02a6845b4b32，终端：my terminal
2024-12-19 08:45:26 - be.model.user - INFO - 为用户 buyer_10_30c52a34-bda2-11ef-890a-02a6845b4b32 生成新token，终端：my terminal
2024-12-19 08:45:26 - be.model.user - INFO - 用户登录成功：buyer_10_30c52a34-bda2-11ef-890a-02a6845b4b32
2024-12-19 08:45:26 - be.view.auth - INFO - 登录处理结果: 200
2024-12-19 08:45:26 - werkzeug - INFO - 127.0.0.1 - - [19/Dec/2024 08:45:26] "POST /auth/login HTTP/1.1" 200 -
2024-12-19 08:45:26 - be.view.auth - INFO - 收到登录请求: {'user_id': 'buyer_8_30c52a34-bda2-11ef-890a-02a6845b4b32', 'password': 'buyer_seller_8_30c52a34-bda2-11ef-890a-02a6845b4b32', 'terminal': 'my terminal'}
2024-12-19 08:45:26 - be.model.user - INFO - 尝试登录用户：buyer_8_30c52a34-bda2-11ef-890a-02a6845b4b32，终端：my terminal
2024-12-19 08:45:27 - be.model.user - INFO - 为用户 buyer_8_30c52a34-bda2-11ef-890a-02a6845b4b32 生成新token，终端：my terminal
2024-12-19 08:45:27 - be.model.user - INFO - 用户登录成功：buyer_8_30c52a34-bda2-11ef-890a-02a6845b4b32
2024-12-19 08:45:27 - be.view.auth - INFO - 登录处理结果: 200
2024-12-19 08:45:27 - werkzeug - INFO - 127.0.0.1 - - [19/Dec/2024 08:45:27] "POST /auth/login HTTP/1.1" 200 -
2024-12-19 08:45:27 - be.view.auth - INFO - 收到登录请求: {'user_id': 'buyer_10_30c52a34-bda2-11ef-890a-02a6845b4b32', 'password': 'buyer_seller_10_30c52a34-bda2-11ef-890a-02a6845b4b32', 'terminal': 'my terminal'}
2024-12-19 08:45:27 - be.model.user - INFO - 尝试登录用户：buyer_10_30c52a34-bda2-11ef-890a-02a6845b4b32，终端：my terminal
2024-12-19 08:45:27 - be.model.user - INFO - 为用户 buyer_10_30c52a34-bda2-11ef-890a-02a6845b4b32 生成新token，终端：my terminal
2024-12-19 08:45:27 - be.model.user - INFO - 用户登录成功：buyer_10_30c52a34-bda2-11ef-890a-02a6845b4b32
2024-12-19 08:45:27 - be.view.auth - INFO - 登录处理结果: 200
2024-12-19 08:45:27 - werkzeug - INFO - 127.0.0.1 - - [19/Dec/2024 08:45:27] "POST /auth/login HTTP/1.1" 200 -
2024-12-19 08:45:27 - be.view.auth - INFO - 收到登录请求: {'user_id': 'buyer_9_30c52a34-bda2-11ef-890a-02a6845b4b32', 'password': 'buyer_seller_9_30c52a34-bda2-11ef-890a-02a6845b4b32', 'terminal': 'my terminal'}
2024-12-19 08:45:27 - be.model.user - INFO - 尝试登录用户：buyer_9_30c52a34-bda2-11ef-890a-02a6845b4b32，终端：my terminal
2024-12-19 08:45:27 - be.model.user - INFO - 为用户 buyer_9_30c52a34-bda2-11ef-890a-02a6845b4b32 生成新token，终端：my terminal
2024-12-19 08:45:27 - be.model.user - INFO - 用户登录成功：buyer_9_30c52a34-bda2-11ef-890a-02a6845b4b32
2024-12-19 08:45:27 - be.view.auth - INFO - 登录处理结果: 200
2024-12-19 08:45:27 - werkzeug - INFO - 127.0.0.1 - - [19/Dec/2024 08:45:27] "POST /auth/login HTTP/1.1" 200 -
2024-12-19 08:45:27 - be.view.auth - INFO - 收到登录请求: {'user_id': 'buyer_2_30c52a34-bda2-11ef-890a-02a6845b4b32', 'password': 'buyer_seller_2_30c52a34-bda2-11ef-890a-02a6845b4b32', 'terminal': 'my terminal'}
2024-12-19 08:45:27 - be.model.user - INFO - 尝试登录用户：buyer_2_30c52a34-bda2-11ef-890a-02a6845b4b32，终端：my terminal
2024-12-19 08:45:27 - be.model.user - INFO - 为用户 buyer_2_30c52a34-bda2-11ef-890a-02a6845b4b32 生成新token，终端：my terminal
2024-12-19 08:45:27 - be.model.user - INFO - 用户登录成功：buyer_2_30c52a34-bda2-11ef-890a-02a6845b4b32
2024-12-19 08:45:27 - be.view.auth - INFO - 登录处理结果: 200
2024-12-19 08:45:27 - werkzeug - INFO - 127.0.0.1 - - [19/Dec/2024 08:45:27] "POST /auth/login HTTP/1.1" 200 -
2024-12-19 08:45:27 - be.view.auth - INFO - 收到登录请求: {'user_id': 'buyer_1_30c52a34-bda2-11ef-890a-02a6845b4b32', 'password': 'buyer_seller_1_30c52a34-bda2-11ef-890a-02a6845b4b32', 'terminal': 'my terminal'}
2024-12-19 08:45:27 - be.model.user - INFO - 尝试登录用户：buyer_1_30c52a34-bda2-11ef-890a-02a6845b4b32，终端：my terminal
2024-12-19 08:45:28 - be.model.user - INFO - 为用户 buyer_1_30c52a34-bda2-11ef-890a-02a6845b4b32 生成新token，终端：my terminal
2024-12-19 08:45:28 - be.model.user - INFO - 用户登录成功：buyer_1_30c52a34-bda2-11ef-890a-02a6845b4b32
2024-12-19 08:45:28 - be.view.auth - INFO - 登录处理结果: 200
2024-12-19 08:45:28 - werkzeug - INFO - 127.0.0.1 - - [19/Dec/2024 08:45:28] "POST /auth/login HTTP/1.1" 200 -
2024-12-19 08:45:28 - be.view.auth - INFO - 收到登录请求: {'user_id': 'buyer_8_30c52a34-bda2-11ef-890a-02a6845b4b32', 'password': 'buyer_seller_8_30c52a34-bda2-11ef-890a-02a6845b4b32', 'terminal': 'my terminal'}
2024-12-19 08:45:28 - be.model.user - INFO - 尝试登录用户：buyer_8_30c52a34-bda2-11ef-890a-02a6845b4b32，终端：my terminal
2024-12-19 08:45:28 - be.model.user - INFO - 为用户 buyer_8_30c52a34-bda2-11ef-890a-02a6845b4b32 生成新token，终端：my terminal
2024-12-19 08:45:28 - be.model.user - INFO - 用户登录成功：buyer_8_30c52a34-bda2-11ef-890a-02a6845b4b32
2024-12-19 08:45:28 - be.view.auth - INFO - 登录处理结果: 200
2024-12-19 08:45:28 - werkzeug - INFO - 127.0.0.1 - - [19/Dec/2024 08:45:28] "POST /auth/login HTTP/1.1" 200 -
2024-12-19 08:45:28 - be.view.auth - INFO - 收到登录请求: {'user_id': 'buyer_3_30c52a34-bda2-11ef-890a-02a6845b4b32', 'password': 'buyer_seller_3_30c52a34-bda2-11ef-890a-02a6845b4b32', 'terminal': 'my terminal'}
2024-12-19 08:45:28 - be.model.user - INFO - 尝试登录用户：buyer_3_30c52a34-bda2-11ef-890a-02a6845b4b32，终端：my terminal
2024-12-19 08:45:28 - be.model.user - INFO - 为用户 buyer_3_30c52a34-bda2-11ef-890a-02a6845b4b32 生成新token，终端：my terminal
2024-12-19 08:45:28 - be.model.user - INFO - 用户登录成功：buyer_3_30c52a34-bda2-11ef-890a-02a6845b4b32
2024-12-19 08:45:28 - be.view.auth - INFO - 登录处理结果: 200
2024-12-19 08:45:28 - werkzeug - INFO - 127.0.0.1 - - [19/Dec/2024 08:45:28] "POST /auth/login HTTP/1.1" 200 -
2024-12-19 08:45:28 - be.view.auth - INFO - 收到登录请求: {'user_id': 'buyer_7_30c52a34-bda2-11ef-890a-02a6845b4b32', 'password': 'buyer_seller_7_30c52a34-bda2-11ef-890a-02a6845b4b32', 'terminal': 'my terminal'}
2024-12-19 08:45:28 - be.model.user - INFO - 尝试登录用户：buyer_7_30c52a34-bda2-11ef-890a-02a6845b4b32，终端：my terminal
2024-12-19 08:45:28 - be.model.user - INFO - 为用户 buyer_7_30c52a34-bda2-11ef-890a-02a6845b4b32 生成新token，终端：my terminal
2024-12-19 08:45:28 - be.model.user - INFO - 用户登录成功：buyer_7_30c52a34-bda2-11ef-890a-02a6845b4b32
2024-12-19 08:45:28 - be.view.auth - INFO - 登录处理结果: 200
2024-12-19 08:45:28 - werkzeug - INFO - 127.0.0.1 - - [19/Dec/2024 08:45:28] "POST /auth/login HTTP/1.1" 200 -
2024-12-19 08:45:28 - be.view.auth - INFO - 收到登录请求: {'user_id': 'buyer_2_30c52a34-bda2-11ef-890a-02a6845b4b32', 'password': 'buyer_seller_2_30c52a34-bda2-11ef-890a-02a6845b4b32', 'terminal': 'my terminal'}
2024-12-19 08:45:28 - be.model.user - INFO - 尝试登录用户：buyer_2_30c52a34-bda2-11ef-890a-02a6845b4b32，终端：my terminal
2024-12-19 08:45:28 - be.model.user - INFO - 为用户 buyer_2_30c52a34-bda2-11ef-890a-02a6845b4b32 生成新token，终端：my terminal
2024-12-19 08:45:28 - be.model.user - INFO - 用户登录成功：buyer_2_30c52a34-bda2-11ef-890a-02a6845b4b32
2024-12-19 08:45:29 - be.view.auth - INFO - 登录处理结果: 200
2024-12-19 08:45:29 - werkzeug - INFO - 127.0.0.1 - - [19/Dec/2024 08:45:29] "POST /auth/login HTTP/1.1" 200 -
2024-12-19 08:45:29 - be.view.auth - INFO - 收到登录请求: {'user_id': 'buyer_1_30c52a34-bda2-11ef-890a-02a6845b4b32', 'password': 'buyer_seller_1_30c52a34-bda2-11ef-890a-02a6845b4b32', 'terminal': 'my terminal'}
2024-12-19 08:45:29 - be.model.user - INFO - 尝试登录用户：buyer_1_30c52a34-bda2-11ef-890a-02a6845b4b32，终端：my terminal
2024-12-19 08:45:29 - be.model.user - INFO - 为用户 buyer_1_30c52a34-bda2-11ef-890a-02a6845b4b32 生成新token，终端：my terminal
2024-12-19 08:45:29 - be.model.user - INFO - 用户登录成功：buyer_1_30c52a34-bda2-11ef-890a-02a6845b4b32
2024-12-19 08:45:29 - be.view.auth - INFO - 登录处理结果: 200
2024-12-19 08:45:29 - werkzeug - INFO - 127.0.0.1 - - [19/Dec/2024 08:45:29] "POST /auth/login HTTP/1.1" 200 -
2024-12-19 08:45:29 - be.view.auth - INFO - 收到登录请求: {'user_id': 'buyer_4_30c52a34-bda2-11ef-890a-02a6845b4b32', 'password': 'buyer_seller_4_30c52a34-bda2-11ef-890a-02a6845b4b32', 'terminal': 'my terminal'}
2024-12-19 08:45:29 - be.model.user - INFO - 尝试登录用户：buyer_4_30c52a34-bda2-11ef-890a-02a6845b4b32，终端：my terminal
2024-12-19 08:45:29 - be.model.user - INFO - 为用户 buyer_4_30c52a34-bda2-11ef-890a-02a6845b4b32 生成新token，终端：my terminal
2024-12-19 08:45:29 - be.model.user - INFO - 用户登录成功：buyer_4_30c52a34-bda2-11ef-890a-02a6845b4b32
2024-12-19 08:45:29 - be.view.auth - INFO - 登录处理结果: 200
2024-12-19 08:45:29 - werkzeug - INFO - 127.0.0.1 - - [19/Dec/2024 08:45:29] "POST /auth/login HTTP/1.1" 200 -
2024-12-19 08:45:29 - be.view.auth - INFO - 收到登录请求: {'user_id': 'buyer_4_30c52a34-bda2-11ef-890a-02a6845b4b32', 'password': 'buyer_seller_4_30c52a34-bda2-11ef-890a-02a6845b4b32', 'terminal': 'my terminal'}
2024-12-19 08:45:29 - be.model.user - INFO - 尝试登录用户：buyer_4_30c52a34-bda2-11ef-890a-02a6845b4b32，终端：my terminal
2024-12-19 08:45:29 - be.model.user - INFO - 为用户 buyer_4_30c52a34-bda2-11ef-890a-02a6845b4b32 生成新token，终端：my terminal
2024-12-19 08:45:29 - be.model.user - INFO - 用户登录成功：buyer_4_30c52a34-bda2-11ef-890a-02a6845b4b32
2024-12-19 08:45:29 - be.view.auth - INFO - 登录处理结果: 200
2024-12-19 08:45:29 - werkzeug - INFO - 127.0.0.1 - - [19/Dec/2024 08:45:29] "POST /auth/login HTTP/1.1" 200 -
2024-12-19 08:45:29 - be.view.auth - INFO - 收到登录请求: {'user_id': 'buyer_10_30c52a34-bda2-11ef-890a-02a6845b4b32', 'password': 'buyer_seller_10_30c52a34-bda2-11ef-890a-02a6845b4b32', 'terminal': 'my terminal'}
2024-12-19 08:45:29 - be.model.user - INFO - 尝试登录用户：buyer_10_30c52a34-bda2-11ef-890a-02a6845b4b32，终端：my terminal
2024-12-19 08:45:29 - be.model.user - INFO - 为用户 buyer_10_30c52a34-bda2-11ef-890a-02a6845b4b32 生成新token，终端：my terminal
2024-12-19 08:45:29 - be.model.user - INFO - 用户登录成功：buyer_10_30c52a34-bda2-11ef-890a-02a6845b4b32
2024-12-19 08:45:29 - be.view.auth - INFO - 登录处理结果: 200
2024-12-19 08:45:29 - werkzeug - INFO - 127.0.0.1 - - [19/Dec/2024 08:45:29] "POST /auth/login HTTP/1.1" 200 -
2024-12-19 08:45:29 - be.view.auth - INFO - 收到登录请求: {'user_id': 'buyer_6_30c52a34-bda2-11ef-890a-02a6845b4b32', 'password': 'buyer_seller_6_30c52a34-bda2-11ef-890a-02a6845b4b32', 'terminal': 'my terminal'}
2024-12-19 08:45:29 - be.model.user - INFO - 尝试登录用户：buyer_6_30c52a34-bda2-11ef-890a-02a6845b4b32，终端：my terminal
2024-12-19 08:45:30 - be.model.user - INFO - 为用户 buyer_6_30c52a34-bda2-11ef-890a-02a6845b4b32 生成新token，终端：my terminal
2024-12-19 08:45:30 - be.model.user - INFO - 用户登录成功：buyer_6_30c52a34-bda2-11ef-890a-02a6845b4b32
2024-12-19 08:45:30 - be.view.auth - INFO - 登录处理结果: 200
2024-12-19 08:45:30 - werkzeug - INFO - 127.0.0.1 - - [19/Dec/2024 08:45:30] "POST /auth/login HTTP/1.1" 200 -
2024-12-19 08:45:30 - be.view.auth - INFO - 收到登录请求: {'user_id': 'buyer_4_30c52a34-bda2-11ef-890a-02a6845b4b32', 'password': 'buyer_seller_4_30c52a34-bda2-11ef-890a-02a6845b4b32', 'terminal': 'my terminal'}
2024-12-19 08:45:30 - be.model.user - INFO - 尝试登录用户：buyer_4_30c52a34-bda2-11ef-890a-02a6845b4b32，终端：my terminal
2024-12-19 08:45:30 - be.model.user - INFO - 为用户 buyer_4_30c52a34-bda2-11ef-890a-02a6845b4b32 生成新token，终端：my terminal
2024-12-19 08:45:30 - be.model.user - INFO - 用户登录成功：buyer_4_30c52a34-bda2-11ef-890a-02a6845b4b32
2024-12-19 08:45:30 - be.view.auth - INFO - 登录处理结果: 200
2024-12-19 08:45:30 - werkzeug - INFO - 127.0.0.1 - - [19/Dec/2024 08:45:30] "POST /auth/login HTTP/1.1" 200 -
2024-12-19 08:45:30 - be.view.auth - INFO - 收到登录请求: {'user_id': 'buyer_2_30c52a34-bda2-11ef-890a-02a6845b4b32', 'password': 'buyer_seller_2_30c52a34-bda2-11ef-890a-02a6845b4b32', 'terminal': 'my terminal'}
2024-12-19 08:45:30 - be.model.user - INFO - 尝试登录用户：buyer_2_30c52a34-bda2-11ef-890a-02a6845b4b32，终端：my terminal
2024-12-19 08:45:30 - be.model.user - INFO - 为用户 buyer_2_30c52a34-bda2-11ef-890a-02a6845b4b32 生成新token，终端：my terminal
2024-12-19 08:45:30 - be.model.user - INFO - 用户登录成功：buyer_2_30c52a34-bda2-11ef-890a-02a6845b4b32
2024-12-19 08:45:30 - be.view.auth - INFO - 登录处理结果: 200
2024-12-19 08:45:30 - werkzeug - INFO - 127.0.0.1 - - [19/Dec/2024 08:45:30] "POST /auth/login HTTP/1.1" 200 -
2024-12-19 08:45:30 - be.view.auth - INFO - 收到登录请求: {'user_id': 'buyer_3_30c52a34-bda2-11ef-890a-02a6845b4b32', 'password': 'buyer_seller_3_30c52a34-bda2-11ef-890a-02a6845b4b32', 'terminal': 'my terminal'}
2024-12-19 08:45:30 - be.model.user - INFO - 尝试登录用户：buyer_3_30c52a34-bda2-11ef-890a-02a6845b4b32，终端：my terminal
2024-12-19 08:45:30 - be.model.user - INFO - 为用户 buyer_3_30c52a34-bda2-11ef-890a-02a6845b4b32 生成新token，终端：my terminal
2024-12-19 08:45:30 - be.model.user - INFO - 用户登录成功：buyer_3_30c52a34-bda2-11ef-890a-02a6845b4b32
2024-12-19 08:45:30 - be.view.auth - INFO - 登录处理结果: 200
2024-12-19 08:45:30 - werkzeug - INFO - 127.0.0.1 - - [19/Dec/2024 08:45:30] "POST /auth/login HTTP/1.1" 200 -
2024-12-19 08:45:30 - be.view.auth - INFO - 收到登录请求: {'user_id': 'buyer_6_30c52a34-bda2-11ef-890a-02a6845b4b32', 'password': 'buyer_seller_6_30c52a34-bda2-11ef-890a-02a6845b4b32', 'terminal': 'my terminal'}
2024-12-19 08:45:30 - be.model.user - INFO - 尝试登录用户：buyer_6_30c52a34-bda2-11ef-890a-02a6845b4b32，终端：my terminal
2024-12-19 08:45:31 - be.model.user - INFO - 为用户 buyer_6_30c52a34-bda2-11ef-890a-02a6845b4b32 生成新token，终端：my terminal
2024-12-19 08:45:31 - be.model.user - INFO - 用户登录成功：buyer_6_30c52a34-bda2-11ef-890a-02a6845b4b32
2024-12-19 08:45:31 - be.view.auth - INFO - 登录处理结果: 200
2024-12-19 08:45:31 - werkzeug - INFO - 127.0.0.1 - - [19/Dec/2024 08:45:31] "POST /auth/login HTTP/1.1" 200 -
2024-12-19 08:45:31 - be.view.auth - INFO - 收到登录请求: {'user_id': 'buyer_8_30c52a34-bda2-11ef-890a-02a6845b4b32', 'password': 'buyer_seller_8_30c52a34-bda2-11ef-890a-02a6845b4b32', 'terminal': 'my terminal'}
2024-12-19 08:45:31 - be.model.user - INFO - 尝试登录用户：buyer_8_30c52a34-bda2-11ef-890a-02a6845b4b32，终端：my terminal
2024-12-19 08:45:31 - be.model.user - INFO - 为用户 buyer_8_30c52a34-bda2-11ef-890a-02a6845b4b32 生成新token，终端：my terminal
2024-12-19 08:45:31 - be.model.user - INFO - 用户登录成功：buyer_8_30c52a34-bda2-11ef-890a-02a6845b4b32
2024-12-19 08:45:31 - be.view.auth - INFO - 登录处理结果: 200
2024-12-19 08:45:31 - werkzeug - INFO - 127.0.0.1 - - [19/Dec/2024 08:45:31] "POST /auth/login HTTP/1.1" 200 -
2024-12-19 08:45:31 - be.view.auth - INFO - 收到登录请求: {'user_id': 'buyer_9_30c52a34-bda2-11ef-890a-02a6845b4b32', 'password': 'buyer_seller_9_30c52a34-bda2-11ef-890a-02a6845b4b32', 'terminal': 'my terminal'}
2024-12-19 08:45:31 - be.model.user - INFO - 尝试登录用户：buyer_9_30c52a34-bda2-11ef-890a-02a6845b4b32，终端：my terminal
2024-12-19 08:45:31 - be.model.user - INFO - 为用户 buyer_9_30c52a34-bda2-11ef-890a-02a6845b4b32 生成新token，终端：my terminal
2024-12-19 08:45:31 - be.model.user - INFO - 用户登录成功：buyer_9_30c52a34-bda2-11ef-890a-02a6845b4b32
2024-12-19 08:45:31 - be.view.auth - INFO - 登录处理结果: 200
2024-12-19 08:45:31 - werkzeug - INFO - 127.0.0.1 - - [19/Dec/2024 08:45:31] "POST /auth/login HTTP/1.1" 200 -
2024-12-19 08:45:31 - be.view.auth - INFO - 收到登录请求: {'user_id': 'buyer_2_30c52a34-bda2-11ef-890a-02a6845b4b32', 'password': 'buyer_seller_2_30c52a34-bda2-11ef-890a-02a6845b4b32', 'terminal': 'my terminal'}
2024-12-19 08:45:31 - be.model.user - INFO - 尝试登录用户：buyer_2_30c52a34-bda2-11ef-890a-02a6845b4b32，终端：my terminal
2024-12-19 08:45:31 - be.model.user - INFO - 为用户 buyer_2_30c52a34-bda2-11ef-890a-02a6845b4b32 生成新token，终端：my terminal
2024-12-19 08:45:31 - be.model.user - INFO - 用户登录成功：buyer_2_30c52a34-bda2-11ef-890a-02a6845b4b32
2024-12-19 08:45:31 - be.view.auth - INFO - 登录处理结果: 200
2024-12-19 08:45:31 - werkzeug - INFO - 127.0.0.1 - - [19/Dec/2024 08:45:31] "POST /auth/login HTTP/1.1" 200 -
2024-12-19 08:45:31 - be.view.auth - INFO - 收到登录请求: {'user_id': 'buyer_3_30c52a34-bda2-11ef-890a-02a6845b4b32', 'password': 'buyer_seller_3_30c52a34-bda2-11ef-890a-02a6845b4b32', 'terminal': 'my terminal'}
2024-12-19 08:45:31 - be.model.user - INFO - 尝试登录用户：buyer_3_30c52a34-bda2-11ef-890a-02a6845b4b32，终端：my terminal
2024-12-19 08:45:31 - be.model.user - INFO - 为用户 buyer_3_30c52a34-bda2-11ef-890a-02a6845b4b32 生成新token，终端：my terminal
2024-12-19 08:45:31 - be.model.user - INFO - 用户登录成功：buyer_3_30c52a34-bda2-11ef-890a-02a6845b4b32
2024-12-19 08:45:32 - be.view.auth - INFO - 登录处理结果: 200
2024-12-19 08:45:32 - werkzeug - INFO - 127.0.0.1 - - [19/Dec/2024 08:45:32] "POST /auth/login HTTP/1.1" 200 -
2024-12-19 08:45:32 - be.view.auth - INFO - 收到登录请求: {'user_id': 'buyer_8_30c52a34-bda2-11ef-890a-02a6845b4b32', 'password': 'buyer_seller_8_30c52a34-bda2-11ef-890a-02a6845b4b32', 'terminal': 'my terminal'}
2024-12-19 08:45:32 - be.model.user - INFO - 尝试登录用户：buyer_8_30c52a34-bda2-11ef-890a-02a6845b4b32，终端：my terminal
2024-12-19 08:45:32 - be.model.user - INFO - 为用户 buyer_8_30c52a34-bda2-11ef-890a-02a6845b4b32 生成新token，终端：my terminal
2024-12-19 08:45:32 - be.model.user - INFO - 用户登录成功：buyer_8_30c52a34-bda2-11ef-890a-02a6845b4b32
2024-12-19 08:45:32 - be.view.auth - INFO - 登录处理结果: 200
2024-12-19 08:45:32 - werkzeug - INFO - 127.0.0.1 - - [19/Dec/2024 08:45:32] "POST /auth/login HTTP/1.1" 200 -
2024-12-19 08:45:32 - be.view.auth - INFO - 收到登录请求: {'user_id': 'buyer_8_30c52a34-bda2-11ef-890a-02a6845b4b32', 'password': 'buyer_seller_8_30c52a34-bda2-11ef-890a-02a6845b4b32', 'terminal': 'my terminal'}
2024-12-19 08:45:32 - be.model.user - INFO - 尝试登录用户：buyer_8_30c52a34-bda2-11ef-890a-02a6845b4b32，终端：my terminal
2024-12-19 08:45:32 - be.model.user - INFO - 为用户 buyer_8_30c52a34-bda2-11ef-890a-02a6845b4b32 生成新token，终端：my terminal
2024-12-19 08:45:32 - be.model.user - INFO - 用户登录成功：buyer_8_30c52a34-bda2-11ef-890a-02a6845b4b32
2024-12-19 08:45:32 - be.view.auth - INFO - 登录处理结果: 200
2024-12-19 08:45:32 - werkzeug - INFO - 127.0.0.1 - - [19/Dec/2024 08:45:32] "POST /auth/login HTTP/1.1" 200 -
2024-12-19 08:45:32 - be.view.auth - INFO - 收到登录请求: {'user_id': 'buyer_4_30c52a34-bda2-11ef-890a-02a6845b4b32', 'password': 'buyer_seller_4_30c52a34-bda2-11ef-890a-02a6845b4b32', 'terminal': 'my terminal'}
2024-12-19 08:45:32 - be.model.user - INFO - 尝试登录用户：buyer_4_30c52a34-bda2-11ef-890a-02a6845b4b32，终端：my terminal
2024-12-19 08:45:32 - be.model.user - INFO - 为用户 buyer_4_30c52a34-bda2-11ef-890a-02a6845b4b32 生成新token，终端：my terminal
2024-12-19 08:45:32 - be.model.user - INFO - 用户登录成功：buyer_4_30c52a34-bda2-11ef-890a-02a6845b4b32
2024-12-19 08:45:32 - be.view.auth - INFO - 登录处理结果: 200
2024-12-19 08:45:32 - werkzeug - INFO - 127.0.0.1 - - [19/Dec/2024 08:45:32] "POST /auth/login HTTP/1.1" 200 -
2024-12-19 08:45:32 - be.view.auth - INFO - 收到登录请求: {'user_id': 'buyer_3_30c52a34-bda2-11ef-890a-02a6845b4b32', 'password': 'buyer_seller_3_30c52a34-bda2-11ef-890a-02a6845b4b32', 'terminal': 'my terminal'}
2024-12-19 08:45:32 - be.model.user - INFO - 尝试登录用户：buyer_3_30c52a34-bda2-11ef-890a-02a6845b4b32，终端：my terminal
2024-12-19 08:45:32 - be.model.user - INFO - 为用户 buyer_3_30c52a34-bda2-11ef-890a-02a6845b4b32 生成新token，终端：my terminal
2024-12-19 08:45:32 - be.model.user - INFO - 用户登录成功：buyer_3_30c52a34-bda2-11ef-890a-02a6845b4b32
2024-12-19 08:45:32 - be.view.auth - INFO - 登录处理结果: 200
2024-12-19 08:45:32 - werkzeug - INFO - 127.0.0.1 - - [19/Dec/2024 08:45:32] "POST /auth/login HTTP/1.1" 200 -
2024-12-19 08:45:32 - be.view.auth - INFO - 收到登录请求: {'user_id': 'buyer_7_30c52a34-bda2-11ef-890a-02a6845b4b32', 'password': 'buyer_seller_7_30c52a34-bda2-11ef-890a-02a6845b4b32', 'terminal': 'my terminal'}
2024-12-19 08:45:32 - be.model.user - INFO - 尝试登录用户：buyer_7_30c52a34-bda2-11ef-890a-02a6845b4b32，终端：my terminal
2024-12-19 08:45:33 - be.model.user - INFO - 为用户 buyer_7_30c52a34-bda2-11ef-890a-02a6845b4b32 生成新token，终端：my terminal
2024-12-19 08:45:33 - be.model.user - INFO - 用户登录成功：buyer_7_30c52a34-bda2-11ef-890a-02a6845b4b32
2024-12-19 08:45:33 - be.view.auth - INFO - 登录处理结果: 200
2024-12-19 08:45:33 - werkzeug - INFO - 127.0.0.1 - - [19/Dec/2024 08:45:33] "POST /auth/login HTTP/1.1" 200 -
2024-12-19 08:45:33 - be.view.auth - INFO - 收到登录请求: {'user_id': 'buyer_4_30c52a34-bda2-11ef-890a-02a6845b4b32', 'password': 'buyer_seller_4_30c52a34-bda2-11ef-890a-02a6845b4b32', 'terminal': 'my terminal'}
2024-12-19 08:45:33 - be.model.user - INFO - 尝试登录用户：buyer_4_30c52a34-bda2-11ef-890a-02a6845b4b32，终端：my terminal
2024-12-19 08:45:33 - be.model.user - INFO - 为用户 buyer_4_30c52a34-bda2-11ef-890a-02a6845b4b32 生成新token，终端：my terminal
2024-12-19 08:45:33 - be.model.user - INFO - 用户登录成功：buyer_4_30c52a34-bda2-11ef-890a-02a6845b4b32
2024-12-19 08:45:33 - be.view.auth - INFO - 登录处理结果: 200
2024-12-19 08:45:33 - werkzeug - INFO - 127.0.0.1 - - [19/Dec/2024 08:45:33] "POST /auth/login HTTP/1.1" 200 -
2024-12-19 08:45:33 - be.view.auth - INFO - 收到登录请求: {'user_id': 'buyer_1_30c52a34-bda2-11ef-890a-02a6845b4b32', 'password': 'buyer_seller_1_30c52a34-bda2-11ef-890a-02a6845b4b32', 'terminal': 'my terminal'}
2024-12-19 08:45:33 - be.model.user - INFO - 尝试登录用户：buyer_1_30c52a34-bda2-11ef-890a-02a6845b4b32，终端：my terminal
2024-12-19 08:45:33 - be.model.user - INFO - 为用户 buyer_1_30c52a34-bda2-11ef-890a-02a6845b4b32 生成新token，终端：my terminal
2024-12-19 08:45:33 - be.model.user - INFO - 用户登录成功：buyer_1_30c52a34-bda2-11ef-890a-02a6845b4b32
2024-12-19 08:45:33 - be.view.auth - INFO - 登录处理结果: 200
2024-12-19 08:45:33 - werkzeug - INFO - 127.0.0.1 - - [19/Dec/2024 08:45:33] "POST /auth/login HTTP/1.1" 200 -
2024-12-19 08:45:33 - be.view.auth - INFO - 收到登录请求: {'user_id': 'buyer_8_30c52a34-bda2-11ef-890a-02a6845b4b32', 'password': 'buyer_seller_8_30c52a34-bda2-11ef-890a-02a6845b4b32', 'terminal': 'my terminal'}
2024-12-19 08:45:33 - be.model.user - INFO - 尝试登录用户：buyer_8_30c52a34-bda2-11ef-890a-02a6845b4b32，终端：my terminal
2024-12-19 08:45:33 - be.model.user - INFO - 为用户 buyer_8_30c52a34-bda2-11ef-890a-02a6845b4b32 生成新token，终端：my terminal
2024-12-19 08:45:33 - be.model.user - INFO - 用户登录成功：buyer_8_30c52a34-bda2-11ef-890a-02a6845b4b32
2024-12-19 08:45:33 - be.view.auth - INFO - 登录处理结果: 200
2024-12-19 08:45:33 - werkzeug - INFO - 127.0.0.1 - - [19/Dec/2024 08:45:33] "POST /auth/login HTTP/1.1" 200 -
2024-12-19 08:45:33 - be.view.auth - INFO - 收到登录请求: {'user_id': 'buyer_4_30c52a34-bda2-11ef-890a-02a6845b4b32', 'password': 'buyer_seller_4_30c52a34-bda2-11ef-890a-02a6845b4b32', 'terminal': 'my terminal'}
2024-12-19 08:45:33 - be.model.user - INFO - 尝试登录用户：buyer_4_30c52a34-bda2-11ef-890a-02a6845b4b32，终端：my terminal
2024-12-19 08:45:34 - be.model.user - INFO - 为用户 buyer_4_30c52a34-bda2-11ef-890a-02a6845b4b32 生成新token，终端：my terminal
2024-12-19 08:45:34 - be.model.user - INFO - 用户登录成功：buyer_4_30c52a34-bda2-11ef-890a-02a6845b4b32
2024-12-19 08:45:34 - be.view.auth - INFO - 登录处理结果: 200
2024-12-19 08:45:34 - werkzeug - INFO - 127.0.0.1 - - [19/Dec/2024 08:45:34] "POST /auth/login HTTP/1.1" 200 -
2024-12-19 08:45:34 - be.view.auth - INFO - 收到登录请求: {'user_id': 'buyer_9_30c52a34-bda2-11ef-890a-02a6845b4b32', 'password': 'buyer_seller_9_30c52a34-bda2-11ef-890a-02a6845b4b32', 'terminal': 'my terminal'}
2024-12-19 08:45:34 - be.model.user - INFO - 尝试登录用户：buyer_9_30c52a34-bda2-11ef-890a-02a6845b4b32，终端：my terminal
2024-12-19 08:45:34 - be.model.user - INFO - 为用户 buyer_9_30c52a34-bda2-11ef-890a-02a6845b4b32 生成新token，终端：my terminal
2024-12-19 08:45:34 - be.model.user - INFO - 用户登录成功：buyer_9_30c52a34-bda2-11ef-890a-02a6845b4b32
2024-12-19 08:45:34 - be.view.auth - INFO - 登录处理结果: 200
2024-12-19 08:45:34 - werkzeug - INFO - 127.0.0.1 - - [19/Dec/2024 08:45:34] "POST /auth/login HTTP/1.1" 200 -
2024-12-19 08:45:34 - be.view.auth - INFO - 收到登录请求: {'user_id': 'buyer_7_30c52a34-bda2-11ef-890a-02a6845b4b32', 'password': 'buyer_seller_7_30c52a34-bda2-11ef-890a-02a6845b4b32', 'terminal': 'my terminal'}
2024-12-19 08:45:34 - be.model.user - INFO - 尝试登录用户：buyer_7_30c52a34-bda2-11ef-890a-02a6845b4b32，终端：my terminal
2024-12-19 08:45:34 - be.model.user - INFO - 为用户 buyer_7_30c52a34-bda2-11ef-890a-02a6845b4b32 生成新token，终端：my terminal
2024-12-19 08:45:34 - be.model.user - INFO - 用户登录成功：buyer_7_30c52a34-bda2-11ef-890a-02a6845b4b32
2024-12-19 08:45:34 - be.view.auth - INFO - 登录处理结果: 200
2024-12-19 08:45:34 - werkzeug - INFO - 127.0.0.1 - - [19/Dec/2024 08:45:34] "POST /auth/login HTTP/1.1" 200 -
2024-12-19 08:45:34 - be.view.auth - INFO - 收到登录请求: {'user_id': 'buyer_10_30c52a34-bda2-11ef-890a-02a6845b4b32', 'password': 'buyer_seller_10_30c52a34-bda2-11ef-890a-02a6845b4b32', 'terminal': 'my terminal'}
2024-12-19 08:45:34 - be.model.user - INFO - 尝试登录用户：buyer_10_30c52a34-bda2-11ef-890a-02a6845b4b32，终端：my terminal
2024-12-19 08:45:34 - be.model.user - INFO - 为用户 buyer_10_30c52a34-bda2-11ef-890a-02a6845b4b32 生成新token，终端：my terminal
2024-12-19 08:45:34 - be.model.user - INFO - 用户登录成功：buyer_10_30c52a34-bda2-11ef-890a-02a6845b4b32
2024-12-19 08:45:34 - be.view.auth - INFO - 登录处理结果: 200
2024-12-19 08:45:34 - werkzeug - INFO - 127.0.0.1 - - [19/Dec/2024 08:45:34] "POST /auth/login HTTP/1.1" 200 -
2024-12-19 08:45:34 - be.view.auth - INFO - 收到登录请求: {'user_id': 'buyer_3_30c52a34-bda2-11ef-890a-02a6845b4b32', 'password': 'buyer_seller_3_30c52a34-bda2-11ef-890a-02a6845b4b32', 'terminal': 'my terminal'}
2024-12-19 08:45:34 - be.model.user - INFO - 尝试登录用户：buyer_3_30c52a34-bda2-11ef-890a-02a6845b4b32，终端：my terminal
2024-12-19 08:45:34 - be.model.user - INFO - 为用户 buyer_3_30c52a34-bda2-11ef-890a-02a6845b4b32 生成新token，终端：my terminal
2024-12-19 08:45:34 - be.model.user - INFO - 用户登录成功：buyer_3_30c52a34-bda2-11ef-890a-02a6845b4b32
2024-12-19 08:45:35 - be.view.auth - INFO - 登录处理结果: 200
2024-12-19 08:45:35 - werkzeug - INFO - 127.0.0.1 - - [19/Dec/2024 08:45:35] "POST /auth/login HTTP/1.1" 200 -
2024-12-19 08:45:35 - be.view.auth - INFO - 收到登录请求: {'user_id': 'buyer_8_30c52a34-bda2-11ef-890a-02a6845b4b32', 'password': 'buyer_seller_8_30c52a34-bda2-11ef-890a-02a6845b4b32', 'terminal': 'my terminal'}
2024-12-19 08:45:35 - be.model.user - INFO - 尝试登录用户：buyer_8_30c52a34-bda2-11ef-890a-02a6845b4b32，终端：my terminal
2024-12-19 08:45:35 - be.model.user - INFO - 为用户 buyer_8_30c52a34-bda2-11ef-890a-02a6845b4b32 生成新token，终端：my terminal
2024-12-19 08:45:35 - be.model.user - INFO - 用户登录成功：buyer_8_30c52a34-bda2-11ef-890a-02a6845b4b32
2024-12-19 08:45:35 - be.view.auth - INFO - 登录处理结果: 200
2024-12-19 08:45:35 - werkzeug - INFO - 127.0.0.1 - - [19/Dec/2024 08:45:35] "POST /auth/login HTTP/1.1" 200 -
2024-12-19 08:45:35 - be.view.auth - INFO - 收到登录请求: {'user_id': 'buyer_2_30c52a34-bda2-11ef-890a-02a6845b4b32', 'password': 'buyer_seller_2_30c52a34-bda2-11ef-890a-02a6845b4b32', 'terminal': 'my terminal'}
2024-12-19 08:45:35 - be.model.user - INFO - 尝试登录用户：buyer_2_30c52a34-bda2-11ef-890a-02a6845b4b32，终端：my terminal
2024-12-19 08:45:35 - be.model.user - INFO - 为用户 buyer_2_30c52a34-bda2-11ef-890a-02a6845b4b32 生成新token，终端：my terminal
2024-12-19 08:45:35 - be.model.user - INFO - 用户登录成功：buyer_2_30c52a34-bda2-11ef-890a-02a6845b4b32
2024-12-19 08:45:35 - be.view.auth - INFO - 登录处理结果: 200
2024-12-19 08:45:35 - werkzeug - INFO - 127.0.0.1 - - [19/Dec/2024 08:45:35] "POST /auth/login HTTP/1.1" 200 -
2024-12-19 08:45:35 - be.view.auth - INFO - 收到登录请求: {'user_id': 'buyer_4_30c52a34-bda2-11ef-890a-02a6845b4b32', 'password': 'buyer_seller_4_30c52a34-bda2-11ef-890a-02a6845b4b32', 'terminal': 'my terminal'}
2024-12-19 08:45:35 - be.model.user - INFO - 尝试登录用户：buyer_4_30c52a34-bda2-11ef-890a-02a6845b4b32，终端：my terminal
2024-12-19 08:45:35 - be.model.user - INFO - 为用户 buyer_4_30c52a34-bda2-11ef-890a-02a6845b4b32 生成新token，终端：my terminal
2024-12-19 08:45:35 - be.model.user - INFO - 用户登录成功：buyer_4_30c52a34-bda2-11ef-890a-02a6845b4b32
2024-12-19 08:45:35 - be.view.auth - INFO - 登录处理结果: 200
2024-12-19 08:45:35 - werkzeug - INFO - 127.0.0.1 - - [19/Dec/2024 08:45:35] "POST /auth/login HTTP/1.1" 200 -
2024-12-19 08:45:35 - be.view.auth - INFO - 收到登录请求: {'user_id': 'buyer_6_30c52a34-bda2-11ef-890a-02a6845b4b32', 'password': 'buyer_seller_6_30c52a34-bda2-11ef-890a-02a6845b4b32', 'terminal': 'my terminal'}
2024-12-19 08:45:35 - be.model.user - INFO - 尝试登录用户：buyer_6_30c52a34-bda2-11ef-890a-02a6845b4b32，终端：my terminal
2024-12-19 08:45:35 - be.model.user - INFO - 为用户 buyer_6_30c52a34-bda2-11ef-890a-02a6845b4b32 生成新token，终端：my terminal
2024-12-19 08:45:35 - be.model.user - INFO - 用户登录成功：buyer_6_30c52a34-bda2-11ef-890a-02a6845b4b32
2024-12-19 08:45:36 - be.view.auth - INFO - 登录处理结果: 200
2024-12-19 08:45:36 - werkzeug - INFO - 127.0.0.1 - - [19/Dec/2024 08:45:36] "POST /auth/login HTTP/1.1" 200 -
2024-12-19 08:45:36 - be.view.auth - INFO - 收到登录请求: {'user_id': 'buyer_4_30c52a34-bda2-11ef-890a-02a6845b4b32', 'password': 'buyer_seller_4_30c52a34-bda2-11ef-890a-02a6845b4b32', 'terminal': 'my terminal'}
2024-12-19 08:45:36 - be.model.user - INFO - 尝试登录用户：buyer_4_30c52a34-bda2-11ef-890a-02a6845b4b32，终端：my terminal
2024-12-19 08:45:36 - be.model.user - INFO - 为用户 buyer_4_30c52a34-bda2-11ef-890a-02a6845b4b32 生成新token，终端：my terminal
2024-12-19 08:45:36 - be.model.user - INFO - 用户登录成功：buyer_4_30c52a34-bda2-11ef-890a-02a6845b4b32
2024-12-19 08:45:36 - be.view.auth - INFO - 登录处理结果: 200
2024-12-19 08:45:36 - werkzeug - INFO - 127.0.0.1 - - [19/Dec/2024 08:45:36] "POST /auth/login HTTP/1.1" 200 -
2024-12-19 08:45:36 - be.view.auth - INFO - 收到登录请求: {'user_id': 'buyer_4_30c52a34-bda2-11ef-890a-02a6845b4b32', 'password': 'buyer_seller_4_30c52a34-bda2-11ef-890a-02a6845b4b32', 'terminal': 'my terminal'}
2024-12-19 08:45:36 - be.model.user - INFO - 尝试登录用户：buyer_4_30c52a34-bda2-11ef-890a-02a6845b4b32，终端：my terminal
2024-12-19 08:45:36 - be.model.user - INFO - 为用户 buyer_4_30c52a34-bda2-11ef-890a-02a6845b4b32 生成新token，终端：my terminal
2024-12-19 08:45:36 - be.model.user - INFO - 用户登录成功：buyer_4_30c52a34-bda2-11ef-890a-02a6845b4b32
2024-12-19 08:45:36 - be.view.auth - INFO - 登录处理结果: 200
2024-12-19 08:45:36 - werkzeug - INFO - 127.0.0.1 - - [19/Dec/2024 08:45:36] "POST /auth/login HTTP/1.1" 200 -
2024-12-19 08:45:36 - be.view.auth - INFO - 收到登录请求: {'user_id': 'buyer_8_30c52a34-bda2-11ef-890a-02a6845b4b32', 'password': 'buyer_seller_8_30c52a34-bda2-11ef-890a-02a6845b4b32', 'terminal': 'my terminal'}
2024-12-19 08:45:36 - be.model.user - INFO - 尝试登录用户：buyer_8_30c52a34-bda2-11ef-890a-02a6845b4b32，终端：my terminal
2024-12-19 08:45:36 - be.model.user - INFO - 为用户 buyer_8_30c52a34-bda2-11ef-890a-02a6845b4b32 生成新token，终端：my terminal
2024-12-19 08:45:36 - be.model.user - INFO - 用户登录成功：buyer_8_30c52a34-bda2-11ef-890a-02a6845b4b32
2024-12-19 08:45:36 - be.view.auth - INFO - 登录处理结果: 200
2024-12-19 08:45:36 - werkzeug - INFO - 127.0.0.1 - - [19/Dec/2024 08:45:36] "POST /auth/login HTTP/1.1" 200 -
2024-12-19 08:45:36 - be.view.auth - INFO - 收到登录请求: {'user_id': 'buyer_4_30c52a34-bda2-11ef-890a-02a6845b4b32', 'password': 'buyer_seller_4_30c52a34-bda2-11ef-890a-02a6845b4b32', 'terminal': 'my terminal'}
2024-12-19 08:45:36 - be.model.user - INFO - 尝试登录用户：buyer_4_30c52a34-bda2-11ef-890a-02a6845b4b32，终端：my terminal
2024-12-19 08:45:36 - be.model.user - INFO - 为用户 buyer_4_30c52a34-bda2-11ef-890a-02a6845b4b32 生成新token，终端：my terminal
2024-12-19 08:45:36 - be.model.user - INFO - 用户登录成功：buyer_4_30c52a34-bda2-11ef-890a-02a6845b4b32
2024-12-19 08:45:36 - be.view.auth - INFO - 登录处理结果: 200
2024-12-19 08:45:36 - werkzeug - INFO - 127.0.0.1 - - [19/Dec/2024 08:45:36] "POST /auth/login HTTP/1.1" 200 -
2024-12-19 08:45:36 - be.view.auth - INFO - 收到登录请求: {'user_id': 'buyer_6_30c52a34-bda2-11ef-890a-02a6845b4b32', 'password': 'buyer_seller_6_30c52a34-bda2-11ef-890a-02a6845b4b32', 'terminal': 'my terminal'}
2024-12-19 08:45:36 - be.model.user - INFO - 尝试登录用户：buyer_6_30c52a34-bda2-11ef-890a-02a6845b4b32，终端：my terminal
2024-12-19 08:45:37 - be.model.user - INFO - 为用户 buyer_6_30c52a34-bda2-11ef-890a-02a6845b4b32 生成新token，终端：my terminal
2024-12-19 08:45:37 - be.model.user - INFO - 用户登录成功：buyer_6_30c52a34-bda2-11ef-890a-02a6845b4b32
2024-12-19 08:45:37 - be.view.auth - INFO - 登录处理结果: 200
2024-12-19 08:45:37 - werkzeug - INFO - 127.0.0.1 - - [19/Dec/2024 08:45:37] "POST /auth/login HTTP/1.1" 200 -
2024-12-19 08:45:37 - be.view.auth - INFO - 收到登录请求: {'user_id': 'buyer_2_30c52a34-bda2-11ef-890a-02a6845b4b32', 'password': 'buyer_seller_2_30c52a34-bda2-11ef-890a-02a6845b4b32', 'terminal': 'my terminal'}
2024-12-19 08:45:37 - be.model.user - INFO - 尝试登录用户：buyer_2_30c52a34-bda2-11ef-890a-02a6845b4b32，终端：my terminal
2024-12-19 08:45:37 - be.model.user - INFO - 为用户 buyer_2_30c52a34-bda2-11ef-890a-02a6845b4b32 生成新token，终端：my terminal
2024-12-19 08:45:37 - be.model.user - INFO - 用户登录成功：buyer_2_30c52a34-bda2-11ef-890a-02a6845b4b32
2024-12-19 08:45:37 - be.view.auth - INFO - 登录处理结果: 200
2024-12-19 08:45:37 - werkzeug - INFO - 127.0.0.1 - - [19/Dec/2024 08:45:37] "POST /auth/login HTTP/1.1" 200 -
2024-12-19 08:45:37 - be.view.auth - INFO - 收到登录请求: {'user_id': 'buyer_9_30c52a34-bda2-11ef-890a-02a6845b4b32', 'password': 'buyer_seller_9_30c52a34-bda2-11ef-890a-02a6845b4b32', 'terminal': 'my terminal'}
2024-12-19 08:45:37 - be.model.user - INFO - 尝试登录用户：buyer_9_30c52a34-bda2-11ef-890a-02a6845b4b32，终端：my terminal
2024-12-19 08:45:37 - be.model.user - INFO - 为用户 buyer_9_30c52a34-bda2-11ef-890a-02a6845b4b32 生成新token，终端：my terminal
2024-12-19 08:45:37 - be.model.user - INFO - 用户登录成功：buyer_9_30c52a34-bda2-11ef-890a-02a6845b4b32
2024-12-19 08:45:37 - be.view.auth - INFO - 登录处理结果: 200
2024-12-19 08:45:37 - werkzeug - INFO - 127.0.0.1 - - [19/Dec/2024 08:45:37] "POST /auth/login HTTP/1.1" 200 -
2024-12-19 08:45:37 - be.view.auth - INFO - 收到登录请求: {'user_id': 'buyer_10_30c52a34-bda2-11ef-890a-02a6845b4b32', 'password': 'buyer_seller_10_30c52a34-bda2-11ef-890a-02a6845b4b32', 'terminal': 'my terminal'}
2024-12-19 08:45:37 - be.model.user - INFO - 尝试登录用户：buyer_10_30c52a34-bda2-11ef-890a-02a6845b4b32，终端：my terminal
2024-12-19 08:45:37 - be.model.user - INFO - 为用户 buyer_10_30c52a34-bda2-11ef-890a-02a6845b4b32 生成新token，终端：my terminal
2024-12-19 08:45:37 - be.model.user - INFO - 用户登录成功：buyer_10_30c52a34-bda2-11ef-890a-02a6845b4b32
2024-12-19 08:45:37 - be.view.auth - INFO - 登录处理结果: 200
2024-12-19 08:45:37 - werkzeug - INFO - 127.0.0.1 - - [19/Dec/2024 08:45:37] "POST /auth/login HTTP/1.1" 200 -
2024-12-19 08:45:37 - be.view.auth - INFO - 收到登录请求: {'user_id': 'buyer_5_30c52a34-bda2-11ef-890a-02a6845b4b32', 'password': 'buyer_seller_5_30c52a34-bda2-11ef-890a-02a6845b4b32', 'terminal': 'my terminal'}
2024-12-19 08:45:37 - be.model.user - INFO - 尝试登录用户：buyer_5_30c52a34-bda2-11ef-890a-02a6845b4b32，终端：my terminal
2024-12-19 08:45:37 - be.model.user - INFO - 为用户 buyer_5_30c52a34-bda2-11ef-890a-02a6845b4b32 生成新token，终端：my terminal
2024-12-19 08:45:37 - be.model.user - INFO - 用户登录成功：buyer_5_30c52a34-bda2-11ef-890a-02a6845b4b32
2024-12-19 08:45:38 - be.view.auth - INFO - 登录处理结果: 200
2024-12-19 08:45:38 - werkzeug - INFO - 127.0.0.1 - - [19/Dec/2024 08:45:38] "POST /auth/login HTTP/1.1" 200 -
2024-12-19 08:45:38 - be.view.auth - INFO - 收到登录请求: {'user_id': 'buyer_7_30c52a34-bda2-11ef-890a-02a6845b4b32', 'password': 'buyer_seller_7_30c52a34-bda2-11ef-890a-02a6845b4b32', 'terminal': 'my terminal'}
2024-12-19 08:45:38 - be.model.user - INFO - 尝试登录用户：buyer_7_30c52a34-bda2-11ef-890a-02a6845b4b32，终端：my terminal
2024-12-19 08:45:38 - be.model.user - INFO - 为用户 buyer_7_30c52a34-bda2-11ef-890a-02a6845b4b32 生成新token，终端：my terminal
2024-12-19 08:45:38 - be.model.user - INFO - 用户登录成功：buyer_7_30c52a34-bda2-11ef-890a-02a6845b4b32
2024-12-19 08:45:38 - be.view.auth - INFO - 登录处理结果: 200
2024-12-19 08:45:38 - werkzeug - INFO - 127.0.0.1 - - [19/Dec/2024 08:45:38] "POST /auth/login HTTP/1.1" 200 -
2024-12-19 08:45:38 - be.view.auth - INFO - 收到登录请求: {'user_id': 'buyer_6_30c52a34-bda2-11ef-890a-02a6845b4b32', 'password': 'buyer_seller_6_30c52a34-bda2-11ef-890a-02a6845b4b32', 'terminal': 'my terminal'}
2024-12-19 08:45:38 - be.model.user - INFO - 尝试登录用户：buyer_6_30c52a34-bda2-11ef-890a-02a6845b4b32，终端：my terminal
2024-12-19 08:45:38 - be.model.user - INFO - 为用户 buyer_6_30c52a34-bda2-11ef-890a-02a6845b4b32 生成新token，终端：my terminal
2024-12-19 08:45:38 - be.model.user - INFO - 用户登录成功：buyer_6_30c52a34-bda2-11ef-890a-02a6845b4b32
2024-12-19 08:45:38 - be.view.auth - INFO - 登录处理结果: 200
2024-12-19 08:45:38 - werkzeug - INFO - 127.0.0.1 - - [19/Dec/2024 08:45:38] "POST /auth/login HTTP/1.1" 200 -
2024-12-19 08:45:38 - be.view.auth - INFO - 收到登录请求: {'user_id': 'buyer_4_30c52a34-bda2-11ef-890a-02a6845b4b32', 'password': 'buyer_seller_4_30c52a34-bda2-11ef-890a-02a6845b4b32', 'terminal': 'my terminal'}
2024-12-19 08:45:38 - be.model.user - INFO - 尝试登录用户：buyer_4_30c52a34-bda2-11ef-890a-02a6845b4b32，终端：my terminal
2024-12-19 08:45:38 - be.model.user - INFO - 为用户 buyer_4_30c52a34-bda2-11ef-890a-02a6845b4b32 生成新token，终端：my terminal
2024-12-19 08:45:38 - be.model.user - INFO - 用户登录成功：buyer_4_30c52a34-bda2-11ef-890a-02a6845b4b32
2024-12-19 08:45:38 - be.view.auth - INFO - 登录处理结果: 200
2024-12-19 08:45:38 - werkzeug - INFO - 127.0.0.1 - - [19/Dec/2024 08:45:38] "POST /auth/login HTTP/1.1" 200 -
2024-12-19 08:45:38 - be.view.auth - INFO - 收到登录请求: {'user_id': 'buyer_10_30c52a34-bda2-11ef-890a-02a6845b4b32', 'password': 'buyer_seller_10_30c52a34-bda2-11ef-890a-02a6845b4b32', 'terminal': 'my terminal'}
2024-12-19 08:45:38 - be.model.user - INFO - 尝试登录用户：buyer_10_30c52a34-bda2-11ef-890a-02a6845b4b32，终端：my terminal
2024-12-19 08:45:39 - be.model.user - INFO - 为用户 buyer_10_30c52a34-bda2-11ef-890a-02a6845b4b32 生成新token，终端：my terminal
2024-12-19 08:45:39 - be.model.user - INFO - 用户登录成功：buyer_10_30c52a34-bda2-11ef-890a-02a6845b4b32
2024-12-19 08:45:39 - be.view.auth - INFO - 登录处理结果: 200
2024-12-19 08:45:39 - werkzeug - INFO - 127.0.0.1 - - [19/Dec/2024 08:45:39] "POST /auth/login HTTP/1.1" 200 -
2024-12-19 08:45:39 - be.view.auth - INFO - 收到登录请求: {'user_id': 'buyer_1_30c52a34-bda2-11ef-890a-02a6845b4b32', 'password': 'buyer_seller_1_30c52a34-bda2-11ef-890a-02a6845b4b32', 'terminal': 'my terminal'}
2024-12-19 08:45:39 - be.model.user - INFO - 尝试登录用户：buyer_1_30c52a34-bda2-11ef-890a-02a6845b4b32，终端：my terminal
2024-12-19 08:45:39 - be.model.user - INFO - 为用户 buyer_1_30c52a34-bda2-11ef-890a-02a6845b4b32 生成新token，终端：my terminal
2024-12-19 08:45:39 - be.model.user - INFO - 用户登录成功：buyer_1_30c52a34-bda2-11ef-890a-02a6845b4b32
2024-12-19 08:45:39 - be.view.auth - INFO - 登录处理结果: 200
2024-12-19 08:45:39 - werkzeug - INFO - 127.0.0.1 - - [19/Dec/2024 08:45:39] "POST /auth/login HTTP/1.1" 200 -
2024-12-19 08:45:39 - be.view.auth - INFO - 收到登录请求: {'user_id': 'buyer_3_30c52a34-bda2-11ef-890a-02a6845b4b32', 'password': 'buyer_seller_3_30c52a34-bda2-11ef-890a-02a6845b4b32', 'terminal': 'my terminal'}
2024-12-19 08:45:39 - be.model.user - INFO - 尝试登录用户：buyer_3_30c52a34-bda2-11ef-890a-02a6845b4b32，终端：my terminal
2024-12-19 08:45:39 - be.model.user - INFO - 为用户 buyer_3_30c52a34-bda2-11ef-890a-02a6845b4b32 生成新token，终端：my terminal
2024-12-19 08:45:39 - be.model.user - INFO - 用户登录成功：buyer_3_30c52a34-bda2-11ef-890a-02a6845b4b32
2024-12-19 08:45:39 - be.view.auth - INFO - 登录处理结果: 200
2024-12-19 08:45:39 - werkzeug - INFO - 127.0.0.1 - - [19/Dec/2024 08:45:39] "POST /auth/login HTTP/1.1" 200 -
2024-12-19 08:45:39 - be.view.auth - INFO - 收到登录请求: {'user_id': 'buyer_8_30c52a34-bda2-11ef-890a-02a6845b4b32', 'password': 'buyer_seller_8_30c52a34-bda2-11ef-890a-02a6845b4b32', 'terminal': 'my terminal'}
2024-12-19 08:45:39 - be.model.user - INFO - 尝试登录用户：buyer_8_30c52a34-bda2-11ef-890a-02a6845b4b32，终端：my terminal
2024-12-19 08:45:39 - be.model.user - INFO - 为用户 buyer_8_30c52a34-bda2-11ef-890a-02a6845b4b32 生成新token，终端：my terminal
2024-12-19 08:45:39 - be.model.user - INFO - 用户登录成功：buyer_8_30c52a34-bda2-11ef-890a-02a6845b4b32
2024-12-19 08:45:39 - be.view.auth - INFO - 登录处理结果: 200
2024-12-19 08:45:39 - werkzeug - INFO - 127.0.0.1 - - [19/Dec/2024 08:45:39] "POST /auth/login HTTP/1.1" 200 -
2024-12-19 08:45:39 - be.view.auth - INFO - 收到登录请求: {'user_id': 'buyer_9_30c52a34-bda2-11ef-890a-02a6845b4b32', 'password': 'buyer_seller_9_30c52a34-bda2-11ef-890a-02a6845b4b32', 'terminal': 'my terminal'}
2024-12-19 08:45:39 - be.model.user - INFO - 尝试登录用户：buyer_9_30c52a34-bda2-11ef-890a-02a6845b4b32，终端：my terminal
2024-12-19 08:45:39 - be.model.user - INFO - 为用户 buyer_9_30c52a34-bda2-11ef-890a-02a6845b4b32 生成新token，终端：my terminal
2024-12-19 08:45:39 - be.model.user - INFO - 用户登录成功：buyer_9_30c52a34-bda2-11ef-890a-02a6845b4b32
2024-12-19 08:45:40 - be.view.auth - INFO - 登录处理结果: 200
2024-12-19 08:45:40 - werkzeug - INFO - 127.0.0.1 - - [19/Dec/2024 08:45:40] "POST /auth/login HTTP/1.1" 200 -
2024-12-19 08:45:40 - be.view.auth - INFO - 收到登录请求: {'user_id': 'buyer_2_30c52a34-bda2-11ef-890a-02a6845b4b32', 'password': 'buyer_seller_2_30c52a34-bda2-11ef-890a-02a6845b4b32', 'terminal': 'my terminal'}
2024-12-19 08:45:40 - be.model.user - INFO - 尝试登录用户：buyer_2_30c52a34-bda2-11ef-890a-02a6845b4b32，终端：my terminal
2024-12-19 08:45:40 - be.model.user - INFO - 为用户 buyer_2_30c52a34-bda2-11ef-890a-02a6845b4b32 生成新token，终端：my terminal
2024-12-19 08:45:40 - be.model.user - INFO - 用户登录成功：buyer_2_30c52a34-bda2-11ef-890a-02a6845b4b32
2024-12-19 08:45:40 - be.view.auth - INFO - 登录处理结果: 200
2024-12-19 08:45:40 - werkzeug - INFO - 127.0.0.1 - - [19/Dec/2024 08:45:40] "POST /auth/login HTTP/1.1" 200 -
2024-12-19 08:45:40 - be.view.auth - INFO - 收到登录请求: {'user_id': 'buyer_3_30c52a34-bda2-11ef-890a-02a6845b4b32', 'password': 'buyer_seller_3_30c52a34-bda2-11ef-890a-02a6845b4b32', 'terminal': 'my terminal'}
2024-12-19 08:45:40 - be.model.user - INFO - 尝试登录用户：buyer_3_30c52a34-bda2-11ef-890a-02a6845b4b32，终端：my terminal
2024-12-19 08:45:40 - be.model.user - INFO - 为用户 buyer_3_30c52a34-bda2-11ef-890a-02a6845b4b32 生成新token，终端：my terminal
2024-12-19 08:45:40 - be.model.user - INFO - 用户登录成功：buyer_3_30c52a34-bda2-11ef-890a-02a6845b4b32
2024-12-19 08:45:40 - be.view.auth - INFO - 登录处理结果: 200
2024-12-19 08:45:40 - werkzeug - INFO - 127.0.0.1 - - [19/Dec/2024 08:45:40] "POST /auth/login HTTP/1.1" 200 -
2024-12-19 08:45:40 - be.view.auth - INFO - 收到登录请求: {'user_id': 'buyer_5_30c52a34-bda2-11ef-890a-02a6845b4b32', 'password': 'buyer_seller_5_30c52a34-bda2-11ef-890a-02a6845b4b32', 'terminal': 'my terminal'}
2024-12-19 08:45:40 - be.model.user - INFO - 尝试登录用户：buyer_5_30c52a34-bda2-11ef-890a-02a6845b4b32，终端：my terminal
2024-12-19 08:45:40 - be.model.user - INFO - 为用户 buyer_5_30c52a34-bda2-11ef-890a-02a6845b4b32 生成新token，终端：my terminal
2024-12-19 08:45:40 - be.model.user - INFO - 用户登录成功：buyer_5_30c52a34-bda2-11ef-890a-02a6845b4b32
2024-12-19 08:45:40 - be.view.auth - INFO - 登录处理结果: 200
2024-12-19 08:45:40 - werkzeug - INFO - 127.0.0.1 - - [19/Dec/2024 08:45:40] "POST /auth/login HTTP/1.1" 200 -
2024-12-19 08:45:40 - be.view.auth - INFO - 收到登录请求: {'user_id': 'buyer_1_30c52a34-bda2-11ef-890a-02a6845b4b32', 'password': 'buyer_seller_1_30c52a34-bda2-11ef-890a-02a6845b4b32', 'terminal': 'my terminal'}
2024-12-19 08:45:40 - be.model.user - INFO - 尝试登录用户：buyer_1_30c52a34-bda2-11ef-890a-02a6845b4b32，终端：my terminal
2024-12-19 08:45:40 - be.model.user - INFO - 为用户 buyer_1_30c52a34-bda2-11ef-890a-02a6845b4b32 生成新token，终端：my terminal
2024-12-19 08:45:40 - be.model.user - INFO - 用户登录成功：buyer_1_30c52a34-bda2-11ef-890a-02a6845b4b32
2024-12-19 08:45:41 - be.view.auth - INFO - 登录处理结果: 200
2024-12-19 08:45:41 - werkzeug - INFO - 127.0.0.1 - - [19/Dec/2024 08:45:41] "POST /auth/login HTTP/1.1" 200 -
2024-12-19 08:45:41 - be.view.auth - INFO - 收到登录请求: {'user_id': 'buyer_9_30c52a34-bda2-11ef-890a-02a6845b4b32', 'password': 'buyer_seller_9_30c52a34-bda2-11ef-890a-02a6845b4b32', 'terminal': 'my terminal'}
2024-12-19 08:45:41 - be.model.user - INFO - 尝试登录用户：buyer_9_30c52a34-bda2-11ef-890a-02a6845b4b32，终端：my terminal
2024-12-19 08:45:41 - be.model.user - INFO - 为用户 buyer_9_30c52a34-bda2-11ef-890a-02a6845b4b32 生成新token，终端：my terminal
2024-12-19 08:45:41 - be.model.user - INFO - 用户登录成功：buyer_9_30c52a34-bda2-11ef-890a-02a6845b4b32
2024-12-19 08:45:41 - be.view.auth - INFO - 登录处理结果: 200
2024-12-19 08:45:41 - werkzeug - INFO - 127.0.0.1 - - [19/Dec/2024 08:45:41] "POST /auth/login HTTP/1.1" 200 -
2024-12-19 08:45:41 - be.view.auth - INFO - 收到登录请求: {'user_id': 'buyer_5_30c52a34-bda2-11ef-890a-02a6845b4b32', 'password': 'buyer_seller_5_30c52a34-bda2-11ef-890a-02a6845b4b32', 'terminal': 'my terminal'}
2024-12-19 08:45:41 - be.model.user - INFO - 尝试登录用户：buyer_5_30c52a34-bda2-11ef-890a-02a6845b4b32，终端：my terminal
2024-12-19 08:45:41 - be.model.user - INFO - 为用户 buyer_5_30c52a34-bda2-11ef-890a-02a6845b4b32 生成新token，终端：my terminal
2024-12-19 08:45:41 - be.model.user - INFO - 用户登录成功：buyer_5_30c52a34-bda2-11ef-890a-02a6845b4b32
2024-12-19 08:45:41 - be.view.auth - INFO - 登录处理结果: 200
2024-12-19 08:45:41 - werkzeug - INFO - 127.0.0.1 - - [19/Dec/2024 08:45:41] "POST /auth/login HTTP/1.1" 200 -
2024-12-19 08:45:41 - be.view.auth - INFO - 收到登录请求: {'user_id': 'buyer_3_30c52a34-bda2-11ef-890a-02a6845b4b32', 'password': 'buyer_seller_3_30c52a34-bda2-11ef-890a-02a6845b4b32', 'terminal': 'my terminal'}
2024-12-19 08:45:41 - be.model.user - INFO - 尝试登录用户：buyer_3_30c52a34-bda2-11ef-890a-02a6845b4b32，终端：my terminal
2024-12-19 08:45:41 - be.model.user - INFO - 为用户 buyer_3_30c52a34-bda2-11ef-890a-02a6845b4b32 生成新token，终端：my terminal
2024-12-19 08:45:41 - be.model.user - INFO - 用户登录成功：buyer_3_30c52a34-bda2-11ef-890a-02a6845b4b32
2024-12-19 08:45:41 - be.view.auth - INFO - 登录处理结果: 200
2024-12-19 08:45:41 - werkzeug - INFO - 127.0.0.1 - - [19/Dec/2024 08:45:41] "POST /auth/login HTTP/1.1" 200 -
2024-12-19 08:45:41 - be.view.auth - INFO - 收到登录请求: {'user_id': 'buyer_3_30c52a34-bda2-11ef-890a-02a6845b4b32', 'password': 'buyer_seller_3_30c52a34-bda2-11ef-890a-02a6845b4b32', 'terminal': 'my terminal'}
2024-12-19 08:45:41 - be.model.user - INFO - 尝试登录用户：buyer_3_30c52a34-bda2-11ef-890a-02a6845b4b32，终端：my terminal
2024-12-19 08:45:41 - be.model.user - INFO - 为用户 buyer_3_30c52a34-bda2-11ef-890a-02a6845b4b32 生成新token，终端：my terminal
2024-12-19 08:45:41 - be.model.user - INFO - 用户登录成功：buyer_3_30c52a34-bda2-11ef-890a-02a6845b4b32
2024-12-19 08:45:41 - be.view.auth - INFO - 登录处理结果: 200
2024-12-19 08:45:41 - werkzeug - INFO - 127.0.0.1 - - [19/Dec/2024 08:45:41] "POST /auth/login HTTP/1.1" 200 -
2024-12-19 08:45:41 - be.view.auth - INFO - 收到登录请求: {'user_id': 'buyer_7_30c52a34-bda2-11ef-890a-02a6845b4b32', 'password': 'buyer_seller_7_30c52a34-bda2-11ef-890a-02a6845b4b32', 'terminal': 'my terminal'}
2024-12-19 08:45:41 - be.model.user - INFO - 尝试登录用户：buyer_7_30c52a34-bda2-11ef-890a-02a6845b4b32，终端：my terminal
2024-12-19 08:45:42 - be.model.user - INFO - 为用户 buyer_7_30c52a34-bda2-11ef-890a-02a6845b4b32 生成新token，终端：my terminal
2024-12-19 08:45:42 - be.model.user - INFO - 用户登录成功：buyer_7_30c52a34-bda2-11ef-890a-02a6845b4b32
2024-12-19 08:45:42 - be.view.auth - INFO - 登录处理结果: 200
2024-12-19 08:45:42 - werkzeug - INFO - 127.0.0.1 - - [19/Dec/2024 08:45:42] "POST /auth/login HTTP/1.1" 200 -
2024-12-19 08:45:42 - be.view.auth - INFO - 收到登录请求: {'user_id': 'buyer_9_30c52a34-bda2-11ef-890a-02a6845b4b32', 'password': 'buyer_seller_9_30c52a34-bda2-11ef-890a-02a6845b4b32', 'terminal': 'my terminal'}
2024-12-19 08:45:42 - be.model.user - INFO - 尝试登录用户：buyer_9_30c52a34-bda2-11ef-890a-02a6845b4b32，终端：my terminal
2024-12-19 08:45:42 - be.model.user - INFO - 为用户 buyer_9_30c52a34-bda2-11ef-890a-02a6845b4b32 生成新token，终端：my terminal
2024-12-19 08:45:42 - be.model.user - INFO - 用户登录成功：buyer_9_30c52a34-bda2-11ef-890a-02a6845b4b32
2024-12-19 08:45:42 - be.view.auth - INFO - 登录处理结果: 200
2024-12-19 08:45:42 - werkzeug - INFO - 127.0.0.1 - - [19/Dec/2024 08:45:42] "POST /auth/login HTTP/1.1" 200 -
2024-12-19 08:45:42 - be.view.auth - INFO - 收到登录请求: {'user_id': 'buyer_1_30c52a34-bda2-11ef-890a-02a6845b4b32', 'password': 'buyer_seller_1_30c52a34-bda2-11ef-890a-02a6845b4b32', 'terminal': 'my terminal'}
2024-12-19 08:45:42 - be.model.user - INFO - 尝试登录用户：buyer_1_30c52a34-bda2-11ef-890a-02a6845b4b32，终端：my terminal
2024-12-19 08:45:42 - be.model.user - INFO - 为用户 buyer_1_30c52a34-bda2-11ef-890a-02a6845b4b32 生成新token，终端：my terminal
2024-12-19 08:45:42 - be.model.user - INFO - 用户登录成功：buyer_1_30c52a34-bda2-11ef-890a-02a6845b4b32
2024-12-19 08:45:42 - be.view.auth - INFO - 登录处理结果: 200
2024-12-19 08:45:42 - werkzeug - INFO - 127.0.0.1 - - [19/Dec/2024 08:45:42] "POST /auth/login HTTP/1.1" 200 -
2024-12-19 08:45:42 - be.view.auth - INFO - 收到登录请求: {'user_id': 'buyer_2_30c52a34-bda2-11ef-890a-02a6845b4b32', 'password': 'buyer_seller_2_30c52a34-bda2-11ef-890a-02a6845b4b32', 'terminal': 'my terminal'}
2024-12-19 08:45:42 - be.model.user - INFO - 尝试登录用户：buyer_2_30c52a34-bda2-11ef-890a-02a6845b4b32，终端：my terminal
2024-12-19 08:45:42 - be.model.user - INFO - 为用户 buyer_2_30c52a34-bda2-11ef-890a-02a6845b4b32 生成新token，终端：my terminal
2024-12-19 08:45:42 - be.model.user - INFO - 用户登录成功：buyer_2_30c52a34-bda2-11ef-890a-02a6845b4b32
2024-12-19 08:45:42 - be.view.auth - INFO - 登录处理结果: 200
2024-12-19 08:45:42 - werkzeug - INFO - 127.0.0.1 - - [19/Dec/2024 08:45:42] "POST /auth/login HTTP/1.1" 200 -
2024-12-19 08:45:42 - be.view.auth - INFO - 收到登录请求: {'user_id': 'buyer_4_30c52a34-bda2-11ef-890a-02a6845b4b32', 'password': 'buyer_seller_4_30c52a34-bda2-11ef-890a-02a6845b4b32', 'terminal': 'my terminal'}
2024-12-19 08:45:42 - be.model.user - INFO - 尝试登录用户：buyer_4_30c52a34-bda2-11ef-890a-02a6845b4b32，终端：my terminal
2024-12-19 08:45:43 - be.model.user - INFO - 为用户 buyer_4_30c52a34-bda2-11ef-890a-02a6845b4b32 生成新token，终端：my terminal
2024-12-19 08:45:43 - be.model.user - INFO - 用户登录成功：buyer_4_30c52a34-bda2-11ef-890a-02a6845b4b32
2024-12-19 08:45:43 - be.view.auth - INFO - 登录处理结果: 200
2024-12-19 08:45:43 - werkzeug - INFO - 127.0.0.1 - - [19/Dec/2024 08:45:43] "POST /auth/login HTTP/1.1" 200 -
2024-12-19 08:45:43 - be.view.auth - INFO - 收到登录请求: {'user_id': 'buyer_5_30c52a34-bda2-11ef-890a-02a6845b4b32', 'password': 'buyer_seller_5_30c52a34-bda2-11ef-890a-02a6845b4b32', 'terminal': 'my terminal'}
2024-12-19 08:45:43 - be.model.user - INFO - 尝试登录用户：buyer_5_30c52a34-bda2-11ef-890a-02a6845b4b32，终端：my terminal
2024-12-19 08:45:43 - be.model.user - INFO - 为用户 buyer_5_30c52a34-bda2-11ef-890a-02a6845b4b32 生成新token，终端：my terminal
2024-12-19 08:45:43 - be.model.user - INFO - 用户登录成功：buyer_5_30c52a34-bda2-11ef-890a-02a6845b4b32
2024-12-19 08:45:43 - be.view.auth - INFO - 登录处理结果: 200
2024-12-19 08:45:43 - werkzeug - INFO - 127.0.0.1 - - [19/Dec/2024 08:45:43] "POST /auth/login HTTP/1.1" 200 -
2024-12-19 08:45:43 - be.view.auth - INFO - 收到登录请求: {'user_id': 'buyer_2_30c52a34-bda2-11ef-890a-02a6845b4b32', 'password': 'buyer_seller_2_30c52a34-bda2-11ef-890a-02a6845b4b32', 'terminal': 'my terminal'}
2024-12-19 08:45:43 - be.model.user - INFO - 尝试登录用户：buyer_2_30c52a34-bda2-11ef-890a-02a6845b4b32，终端：my terminal
2024-12-19 08:45:43 - be.model.user - INFO - 为用户 buyer_2_30c52a34-bda2-11ef-890a-02a6845b4b32 生成新token，终端：my terminal
2024-12-19 08:45:43 - be.model.user - INFO - 用户登录成功：buyer_2_30c52a34-bda2-11ef-890a-02a6845b4b32
2024-12-19 08:45:43 - be.view.auth - INFO - 登录处理结果: 200
2024-12-19 08:45:43 - werkzeug - INFO - 127.0.0.1 - - [19/Dec/2024 08:45:43] "POST /auth/login HTTP/1.1" 200 -
2024-12-19 08:45:43 - be.view.auth - INFO - 收到登录请求: {'user_id': 'buyer_1_30c52a34-bda2-11ef-890a-02a6845b4b32', 'password': 'buyer_seller_1_30c52a34-bda2-11ef-890a-02a6845b4b32', 'terminal': 'my terminal'}
2024-12-19 08:45:43 - be.model.user - INFO - 尝试登录用户：buyer_1_30c52a34-bda2-11ef-890a-02a6845b4b32，终端：my terminal
2024-12-19 08:45:43 - be.model.user - INFO - 为用户 buyer_1_30c52a34-bda2-11ef-890a-02a6845b4b32 生成新token，终端：my terminal
2024-12-19 08:45:43 - be.model.user - INFO - 用户登录成功：buyer_1_30c52a34-bda2-11ef-890a-02a6845b4b32
2024-12-19 08:45:43 - be.view.auth - INFO - 登录处理结果: 200
2024-12-19 08:45:43 - werkzeug - INFO - 127.0.0.1 - - [19/Dec/2024 08:45:43] "POST /auth/login HTTP/1.1" 200 -
2024-12-19 08:45:43 - be.view.auth - INFO - 收到登录请求: {'user_id': 'buyer_3_30c52a34-bda2-11ef-890a-02a6845b4b32', 'password': 'buyer_seller_3_30c52a34-bda2-11ef-890a-02a6845b4b32', 'terminal': 'my terminal'}
2024-12-19 08:45:43 - be.model.user - INFO - 尝试登录用户：buyer_3_30c52a34-bda2-11ef-890a-02a6845b4b32，终端：my terminal
2024-12-19 08:45:43 - be.model.user - INFO - 为用户 buyer_3_30c52a34-bda2-11ef-890a-02a6845b4b32 生成新token，终端：my terminal
2024-12-19 08:45:43 - be.model.user - INFO - 用户登录成功：buyer_3_30c52a34-bda2-11ef-890a-02a6845b4b32
2024-12-19 08:45:44 - be.view.auth - INFO - 登录处理结果: 200
2024-12-19 08:45:44 - werkzeug - INFO - 127.0.0.1 - - [19/Dec/2024 08:45:44] "POST /auth/login HTTP/1.1" 200 -
2024-12-19 08:45:44 - be.view.auth - INFO - 收到登录请求: {'user_id': 'buyer_1_30c52a34-bda2-11ef-890a-02a6845b4b32', 'password': 'buyer_seller_1_30c52a34-bda2-11ef-890a-02a6845b4b32', 'terminal': 'my terminal'}
2024-12-19 08:45:44 - be.model.user - INFO - 尝试登录用户：buyer_1_30c52a34-bda2-11ef-890a-02a6845b4b32，终端：my terminal
2024-12-19 08:45:44 - be.model.user - INFO - 为用户 buyer_1_30c52a34-bda2-11ef-890a-02a6845b4b32 生成新token，终端：my terminal
2024-12-19 08:45:44 - be.model.user - INFO - 用户登录成功：buyer_1_30c52a34-bda2-11ef-890a-02a6845b4b32
2024-12-19 08:45:44 - be.view.auth - INFO - 登录处理结果: 200
2024-12-19 08:45:44 - werkzeug - INFO - 127.0.0.1 - - [19/Dec/2024 08:45:44] "POST /auth/login HTTP/1.1" 200 -
2024-12-19 08:45:44 - be.view.auth - INFO - 收到登录请求: {'user_id': 'buyer_1_30c52a34-bda2-11ef-890a-02a6845b4b32', 'password': 'buyer_seller_1_30c52a34-bda2-11ef-890a-02a6845b4b32', 'terminal': 'my terminal'}
2024-12-19 08:45:44 - be.model.user - INFO - 尝试登录用户：buyer_1_30c52a34-bda2-11ef-890a-02a6845b4b32，终端：my terminal
2024-12-19 08:45:44 - be.model.user - INFO - 为用户 buyer_1_30c52a34-bda2-11ef-890a-02a6845b4b32 生成新token，终端：my terminal
2024-12-19 08:45:44 - be.model.user - INFO - 用户登录成功：buyer_1_30c52a34-bda2-11ef-890a-02a6845b4b32
2024-12-19 08:45:44 - be.view.auth - INFO - 登录处理结果: 200
2024-12-19 08:45:44 - werkzeug - INFO - 127.0.0.1 - - [19/Dec/2024 08:45:44] "POST /auth/login HTTP/1.1" 200 -
2024-12-19 08:45:44 - be.view.auth - INFO - 收到登录请求: {'user_id': 'buyer_3_30c52a34-bda2-11ef-890a-02a6845b4b32', 'password': 'buyer_seller_3_30c52a34-bda2-11ef-890a-02a6845b4b32', 'terminal': 'my terminal'}
2024-12-19 08:45:44 - be.model.user - INFO - 尝试登录用户：buyer_3_30c52a34-bda2-11ef-890a-02a6845b4b32，终端：my terminal
2024-12-19 08:45:44 - be.model.user - INFO - 为用户 buyer_3_30c52a34-bda2-11ef-890a-02a6845b4b32 生成新token，终端：my terminal
2024-12-19 08:45:44 - be.model.user - INFO - 用户登录成功：buyer_3_30c52a34-bda2-11ef-890a-02a6845b4b32
2024-12-19 08:45:44 - be.view.auth - INFO - 登录处理结果: 200
2024-12-19 08:45:44 - werkzeug - INFO - 127.0.0.1 - - [19/Dec/2024 08:45:44] "POST /auth/login HTTP/1.1" 200 -
2024-12-19 08:45:44 - be.view.auth - INFO - 收到登录请求: {'user_id': 'buyer_8_30c52a34-bda2-11ef-890a-02a6845b4b32', 'password': 'buyer_seller_8_30c52a34-bda2-11ef-890a-02a6845b4b32', 'terminal': 'my terminal'}
2024-12-19 08:45:44 - be.model.user - INFO - 尝试登录用户：buyer_8_30c52a34-bda2-11ef-890a-02a6845b4b32，终端：my terminal
2024-12-19 08:45:44 - be.model.user - INFO - 为用户 buyer_8_30c52a34-bda2-11ef-890a-02a6845b4b32 生成新token，终端：my terminal
2024-12-19 08:45:44 - be.model.user - INFO - 用户登录成功：buyer_8_30c52a34-bda2-11ef-890a-02a6845b4b32
2024-12-19 08:45:45 - be.view.auth - INFO - 登录处理结果: 200
2024-12-19 08:45:45 - werkzeug - INFO - 127.0.0.1 - - [19/Dec/2024 08:45:45] "POST /auth/login HTTP/1.1" 200 -
2024-12-19 08:45:45 - be.view.auth - INFO - 收到登录请求: {'user_id': 'buyer_6_30c52a34-bda2-11ef-890a-02a6845b4b32', 'password': 'buyer_seller_6_30c52a34-bda2-11ef-890a-02a6845b4b32', 'terminal': 'my terminal'}
2024-12-19 08:45:45 - be.model.user - INFO - 尝试登录用户：buyer_6_30c52a34-bda2-11ef-890a-02a6845b4b32，终端：my terminal
2024-12-19 08:45:45 - be.model.user - INFO - 为用户 buyer_6_30c52a34-bda2-11ef-890a-02a6845b4b32 生成新token，终端：my terminal
2024-12-19 08:45:45 - be.model.user - INFO - 用户登录成功：buyer_6_30c52a34-bda2-11ef-890a-02a6845b4b32
2024-12-19 08:45:45 - be.view.auth - INFO - 登录处理结果: 200
2024-12-19 08:45:45 - werkzeug - INFO - 127.0.0.1 - - [19/Dec/2024 08:45:45] "POST /auth/login HTTP/1.1" 200 -
2024-12-19 08:45:45 - be.view.auth - INFO - 收到登录请求: {'user_id': 'buyer_10_30c52a34-bda2-11ef-890a-02a6845b4b32', 'password': 'buyer_seller_10_30c52a34-bda2-11ef-890a-02a6845b4b32', 'terminal': 'my terminal'}
2024-12-19 08:45:45 - be.model.user - INFO - 尝试登录用户：buyer_10_30c52a34-bda2-11ef-890a-02a6845b4b32，终端：my terminal
2024-12-19 08:45:45 - be.model.user - INFO - 为用户 buyer_10_30c52a34-bda2-11ef-890a-02a6845b4b32 生成新token，终端：my terminal
2024-12-19 08:45:45 - be.model.user - INFO - 用户登录成功：buyer_10_30c52a34-bda2-11ef-890a-02a6845b4b32
2024-12-19 08:45:45 - be.view.auth - INFO - 登录处理结果: 200
2024-12-19 08:45:45 - werkzeug - INFO - 127.0.0.1 - - [19/Dec/2024 08:45:45] "POST /auth/login HTTP/1.1" 200 -
2024-12-19 08:45:45 - be.view.auth - INFO - 收到登录请求: {'user_id': 'buyer_2_30c52a34-bda2-11ef-890a-02a6845b4b32', 'password': 'buyer_seller_2_30c52a34-bda2-11ef-890a-02a6845b4b32', 'terminal': 'my terminal'}
2024-12-19 08:45:45 - be.model.user - INFO - 尝试登录用户：buyer_2_30c52a34-bda2-11ef-890a-02a6845b4b32，终端：my terminal
2024-12-19 08:45:45 - be.model.user - INFO - 为用户 buyer_2_30c52a34-bda2-11ef-890a-02a6845b4b32 生成新token，终端：my terminal
2024-12-19 08:45:45 - be.model.user - INFO - 用户登录成功：buyer_2_30c52a34-bda2-11ef-890a-02a6845b4b32
2024-12-19 08:45:45 - be.view.auth - INFO - 登录处理结果: 200
2024-12-19 08:45:45 - werkzeug - INFO - 127.0.0.1 - - [19/Dec/2024 08:45:45] "POST /auth/login HTTP/1.1" 200 -
2024-12-19 08:45:45 - be.view.auth - INFO - 收到登录请求: {'user_id': 'buyer_2_30c52a34-bda2-11ef-890a-02a6845b4b32', 'password': 'buyer_seller_2_30c52a34-bda2-11ef-890a-02a6845b4b32', 'terminal': 'my terminal'}
2024-12-19 08:45:45 - be.model.user - INFO - 尝试登录用户：buyer_2_30c52a34-bda2-11ef-890a-02a6845b4b32，终端：my terminal
2024-12-19 08:45:45 - be.model.user - INFO - 为用户 buyer_2_30c52a34-bda2-11ef-890a-02a6845b4b32 生成新token，终端：my terminal
2024-12-19 08:45:45 - be.model.user - INFO - 用户登录成功：buyer_2_30c52a34-bda2-11ef-890a-02a6845b4b32
2024-12-19 08:45:45 - be.view.auth - INFO - 登录处理结果: 200
2024-12-19 08:45:45 - werkzeug - INFO - 127.0.0.1 - - [19/Dec/2024 08:45:45] "POST /auth/login HTTP/1.1" 200 -
2024-12-19 08:45:45 - be.view.auth - INFO - 收到登录请求: {'user_id': 'buyer_2_30c52a34-bda2-11ef-890a-02a6845b4b32', 'password': 'buyer_seller_2_30c52a34-bda2-11ef-890a-02a6845b4b32', 'terminal': 'my terminal'}
2024-12-19 08:45:45 - be.model.user - INFO - 尝试登录用户：buyer_2_30c52a34-bda2-11ef-890a-02a6845b4b32，终端：my terminal
2024-12-19 08:45:46 - be.model.user - INFO - 为用户 buyer_2_30c52a34-bda2-11ef-890a-02a6845b4b32 生成新token，终端：my terminal
2024-12-19 08:45:46 - be.model.user - INFO - 用户登录成功：buyer_2_30c52a34-bda2-11ef-890a-02a6845b4b32
2024-12-19 08:45:46 - be.view.auth - INFO - 登录处理结果: 200
2024-12-19 08:45:46 - werkzeug - INFO - 127.0.0.1 - - [19/Dec/2024 08:45:46] "POST /auth/login HTTP/1.1" 200 -
2024-12-19 08:45:46 - be.view.auth - INFO - 收到登录请求: {'user_id': 'buyer_1_30c52a34-bda2-11ef-890a-02a6845b4b32', 'password': 'buyer_seller_1_30c52a34-bda2-11ef-890a-02a6845b4b32', 'terminal': 'my terminal'}
2024-12-19 08:45:46 - be.model.user - INFO - 尝试登录用户：buyer_1_30c52a34-bda2-11ef-890a-02a6845b4b32，终端：my terminal
2024-12-19 08:45:46 - be.model.user - INFO - 为用户 buyer_1_30c52a34-bda2-11ef-890a-02a6845b4b32 生成新token，终端：my terminal
2024-12-19 08:45:46 - be.model.user - INFO - 用户登录成功：buyer_1_30c52a34-bda2-11ef-890a-02a6845b4b32
2024-12-19 08:45:46 - be.view.auth - INFO - 登录处理结果: 200
2024-12-19 08:45:46 - werkzeug - INFO - 127.0.0.1 - - [19/Dec/2024 08:45:46] "POST /auth/login HTTP/1.1" 200 -
2024-12-19 08:45:46 - be.view.auth - INFO - 收到登录请求: {'user_id': 'buyer_3_30c52a34-bda2-11ef-890a-02a6845b4b32', 'password': 'buyer_seller_3_30c52a34-bda2-11ef-890a-02a6845b4b32', 'terminal': 'my terminal'}
2024-12-19 08:45:46 - be.model.user - INFO - 尝试登录用户：buyer_3_30c52a34-bda2-11ef-890a-02a6845b4b32，终端：my terminal
2024-12-19 08:45:46 - be.model.user - INFO - 为用户 buyer_3_30c52a34-bda2-11ef-890a-02a6845b4b32 生成新token，终端：my terminal
2024-12-19 08:45:46 - be.model.user - INFO - 用户登录成功：buyer_3_30c52a34-bda2-11ef-890a-02a6845b4b32
2024-12-19 08:45:46 - be.view.auth - INFO - 登录处理结果: 200
2024-12-19 08:45:46 - werkzeug - INFO - 127.0.0.1 - - [19/Dec/2024 08:45:46] "POST /auth/login HTTP/1.1" 200 -
2024-12-19 08:45:46 - be.view.auth - INFO - 收到登录请求: {'user_id': 'buyer_10_30c52a34-bda2-11ef-890a-02a6845b4b32', 'password': 'buyer_seller_10_30c52a34-bda2-11ef-890a-02a6845b4b32', 'terminal': 'my terminal'}
2024-12-19 08:45:46 - be.model.user - INFO - 尝试登录用户：buyer_10_30c52a34-bda2-11ef-890a-02a6845b4b32，终端：my terminal
2024-12-19 08:45:46 - be.model.user - INFO - 为用户 buyer_10_30c52a34-bda2-11ef-890a-02a6845b4b32 生成新token，终端：my terminal
2024-12-19 08:45:46 - be.model.user - INFO - 用户登录成功：buyer_10_30c52a34-bda2-11ef-890a-02a6845b4b32
2024-12-19 08:45:46 - be.view.auth - INFO - 登录处理结果: 200
2024-12-19 08:45:46 - werkzeug - INFO - 127.0.0.1 - - [19/Dec/2024 08:45:46] "POST /auth/login HTTP/1.1" 200 -
2024-12-19 08:45:46 - be.view.auth - INFO - 收到登录请求: {'user_id': 'buyer_5_30c52a34-bda2-11ef-890a-02a6845b4b32', 'password': 'buyer_seller_5_30c52a34-bda2-11ef-890a-02a6845b4b32', 'terminal': 'my terminal'}
2024-12-19 08:45:46 - be.model.user - INFO - 尝试登录用户：buyer_5_30c52a34-bda2-11ef-890a-02a6845b4b32，终端：my terminal
2024-12-19 08:45:47 - be.model.user - INFO - 为用户 buyer_5_30c52a34-bda2-11ef-890a-02a6845b4b32 生成新token，终端：my terminal
2024-12-19 08:45:47 - be.model.user - INFO - 用户登录成功：buyer_5_30c52a34-bda2-11ef-890a-02a6845b4b32
2024-12-19 08:45:47 - be.view.auth - INFO - 登录处理结果: 200
2024-12-19 08:45:47 - werkzeug - INFO - 127.0.0.1 - - [19/Dec/2024 08:45:47] "POST /auth/login HTTP/1.1" 200 -
2024-12-19 08:45:47 - be.view.auth - INFO - 收到登录请求: {'user_id': 'buyer_7_30c52a34-bda2-11ef-890a-02a6845b4b32', 'password': 'buyer_seller_7_30c52a34-bda2-11ef-890a-02a6845b4b32', 'terminal': 'my terminal'}
2024-12-19 08:45:47 - be.model.user - INFO - 尝试登录用户：buyer_7_30c52a34-bda2-11ef-890a-02a6845b4b32，终端：my terminal
2024-12-19 08:45:47 - be.model.user - INFO - 为用户 buyer_7_30c52a34-bda2-11ef-890a-02a6845b4b32 生成新token，终端：my terminal
2024-12-19 08:45:47 - be.model.user - INFO - 用户登录成功：buyer_7_30c52a34-bda2-11ef-890a-02a6845b4b32
2024-12-19 08:45:47 - be.view.auth - INFO - 登录处理结果: 200
2024-12-19 08:45:47 - werkzeug - INFO - 127.0.0.1 - - [19/Dec/2024 08:45:47] "POST /auth/login HTTP/1.1" 200 -
2024-12-19 08:45:47 - be.view.auth - INFO - 收到登录请求: {'user_id': 'buyer_8_30c52a34-bda2-11ef-890a-02a6845b4b32', 'password': 'buyer_seller_8_30c52a34-bda2-11ef-890a-02a6845b4b32', 'terminal': 'my terminal'}
2024-12-19 08:45:47 - be.model.user - INFO - 尝试登录用户：buyer_8_30c52a34-bda2-11ef-890a-02a6845b4b32，终端：my terminal
2024-12-19 08:45:47 - be.model.user - INFO - 为用户 buyer_8_30c52a34-bda2-11ef-890a-02a6845b4b32 生成新token，终端：my terminal
2024-12-19 08:45:47 - be.model.user - INFO - 用户登录成功：buyer_8_30c52a34-bda2-11ef-890a-02a6845b4b32
2024-12-19 08:45:47 - be.view.auth - INFO - 登录处理结果: 200
2024-12-19 08:45:47 - werkzeug - INFO - 127.0.0.1 - - [19/Dec/2024 08:45:47] "POST /auth/login HTTP/1.1" 200 -
2024-12-19 08:45:47 - be.view.auth - INFO - 收到登录请求: {'user_id': 'buyer_4_30c52a34-bda2-11ef-890a-02a6845b4b32', 'password': 'buyer_seller_4_30c52a34-bda2-11ef-890a-02a6845b4b32', 'terminal': 'my terminal'}
2024-12-19 08:45:47 - be.model.user - INFO - 尝试登录用户：buyer_4_30c52a34-bda2-11ef-890a-02a6845b4b32，终端：my terminal
2024-12-19 08:45:47 - be.model.user - INFO - 为用户 buyer_4_30c52a34-bda2-11ef-890a-02a6845b4b32 生成新token，终端：my terminal
2024-12-19 08:45:47 - be.model.user - INFO - 用户登录成功：buyer_4_30c52a34-bda2-11ef-890a-02a6845b4b32
2024-12-19 08:45:47 - be.view.auth - INFO - 登录处理结果: 200
2024-12-19 08:45:47 - werkzeug - INFO - 127.0.0.1 - - [19/Dec/2024 08:45:47] "POST /auth/login HTTP/1.1" 200 -
2024-12-19 08:45:47 - be.view.auth - INFO - 收到登录请求: {'user_id': 'buyer_1_30c52a34-bda2-11ef-890a-02a6845b4b32', 'password': 'buyer_seller_1_30c52a34-bda2-11ef-890a-02a6845b4b32', 'terminal': 'my terminal'}
2024-12-19 08:45:47 - be.model.user - INFO - 尝试登录用户：buyer_1_30c52a34-bda2-11ef-890a-02a6845b4b32，终端：my terminal
2024-12-19 08:45:47 - be.model.user - INFO - 为用户 buyer_1_30c52a34-bda2-11ef-890a-02a6845b4b32 生成新token，终端：my terminal
2024-12-19 08:45:47 - be.model.user - INFO - 用户登录成功：buyer_1_30c52a34-bda2-11ef-890a-02a6845b4b32
2024-12-19 08:45:48 - be.view.auth - INFO - 登录处理结果: 200
2024-12-19 08:45:48 - werkzeug - INFO - 127.0.0.1 - - [19/Dec/2024 08:45:48] "POST /auth/login HTTP/1.1" 200 -
2024-12-19 08:45:48 - be.view.auth - INFO - 收到登录请求: {'user_id': 'buyer_3_30c52a34-bda2-11ef-890a-02a6845b4b32', 'password': 'buyer_seller_3_30c52a34-bda2-11ef-890a-02a6845b4b32', 'terminal': 'my terminal'}
2024-12-19 08:45:48 - be.model.user - INFO - 尝试登录用户：buyer_3_30c52a34-bda2-11ef-890a-02a6845b4b32，终端：my terminal
2024-12-19 08:45:48 - be.model.user - INFO - 为用户 buyer_3_30c52a34-bda2-11ef-890a-02a6845b4b32 生成新token，终端：my terminal
2024-12-19 08:45:48 - be.model.user - INFO - 用户登录成功：buyer_3_30c52a34-bda2-11ef-890a-02a6845b4b32
2024-12-19 08:45:48 - be.view.auth - INFO - 登录处理结果: 200
2024-12-19 08:45:48 - werkzeug - INFO - 127.0.0.1 - - [19/Dec/2024 08:45:48] "POST /auth/login HTTP/1.1" 200 -
2024-12-19 08:45:48 - be.view.auth - INFO - 收到登录请求: {'user_id': 'buyer_8_30c52a34-bda2-11ef-890a-02a6845b4b32', 'password': 'buyer_seller_8_30c52a34-bda2-11ef-890a-02a6845b4b32', 'terminal': 'my terminal'}
2024-12-19 08:45:48 - be.model.user - INFO - 尝试登录用户：buyer_8_30c52a34-bda2-11ef-890a-02a6845b4b32，终端：my terminal
2024-12-19 08:45:48 - be.model.user - INFO - 为用户 buyer_8_30c52a34-bda2-11ef-890a-02a6845b4b32 生成新token，终端：my terminal
2024-12-19 08:45:48 - be.model.user - INFO - 用户登录成功：buyer_8_30c52a34-bda2-11ef-890a-02a6845b4b32
2024-12-19 08:45:48 - be.view.auth - INFO - 登录处理结果: 200
2024-12-19 08:45:48 - werkzeug - INFO - 127.0.0.1 - - [19/Dec/2024 08:45:48] "POST /auth/login HTTP/1.1" 200 -
2024-12-19 08:45:48 - be.view.auth - INFO - 收到登录请求: {'user_id': 'buyer_2_30c52a34-bda2-11ef-890a-02a6845b4b32', 'password': 'buyer_seller_2_30c52a34-bda2-11ef-890a-02a6845b4b32', 'terminal': 'my terminal'}
2024-12-19 08:45:48 - be.model.user - INFO - 尝试登录用户：buyer_2_30c52a34-bda2-11ef-890a-02a6845b4b32，终端：my terminal
2024-12-19 08:45:48 - be.model.user - INFO - 为用户 buyer_2_30c52a34-bda2-11ef-890a-02a6845b4b32 生成新token，终端：my terminal
2024-12-19 08:45:48 - be.model.user - INFO - 用户登录成功：buyer_2_30c52a34-bda2-11ef-890a-02a6845b4b32
2024-12-19 08:45:48 - be.view.auth - INFO - 登录处理结果: 200
2024-12-19 08:45:48 - werkzeug - INFO - 127.0.0.1 - - [19/Dec/2024 08:45:48] "POST /auth/login HTTP/1.1" 200 -
2024-12-19 08:45:48 - be.view.auth - INFO - 收到登录请求: {'user_id': 'buyer_10_30c52a34-bda2-11ef-890a-02a6845b4b32', 'password': 'buyer_seller_10_30c52a34-bda2-11ef-890a-02a6845b4b32', 'terminal': 'my terminal'}
2024-12-19 08:45:48 - be.model.user - INFO - 尝试登录用户：buyer_10_30c52a34-bda2-11ef-890a-02a6845b4b32，终端：my terminal
2024-12-19 08:45:49 - be.model.user - INFO - 为用户 buyer_10_30c52a34-bda2-11ef-890a-02a6845b4b32 生成新token，终端：my terminal
2024-12-19 08:45:49 - be.model.user - INFO - 用户登录成功：buyer_10_30c52a34-bda2-11ef-890a-02a6845b4b32
2024-12-19 08:45:49 - be.view.auth - INFO - 登录处理结果: 200
2024-12-19 08:45:49 - werkzeug - INFO - 127.0.0.1 - - [19/Dec/2024 08:45:49] "POST /auth/login HTTP/1.1" 200 -
2024-12-19 08:45:49 - be.view.auth - INFO - 收到登录请求: {'user_id': 'buyer_7_30c52a34-bda2-11ef-890a-02a6845b4b32', 'password': 'buyer_seller_7_30c52a34-bda2-11ef-890a-02a6845b4b32', 'terminal': 'my terminal'}
2024-12-19 08:45:49 - be.model.user - INFO - 尝试登录用户：buyer_7_30c52a34-bda2-11ef-890a-02a6845b4b32，终端：my terminal
2024-12-19 08:45:49 - be.model.user - INFO - 为用户 buyer_7_30c52a34-bda2-11ef-890a-02a6845b4b32 生成新token，终端：my terminal
2024-12-19 08:45:49 - be.model.user - INFO - 用户登录成功：buyer_7_30c52a34-bda2-11ef-890a-02a6845b4b32
2024-12-19 08:45:49 - be.view.auth - INFO - 登录处理结果: 200
2024-12-19 08:45:49 - werkzeug - INFO - 127.0.0.1 - - [19/Dec/2024 08:45:49] "POST /auth/login HTTP/1.1" 200 -
2024-12-19 08:45:49 - be.view.auth - INFO - 收到登录请求: {'user_id': 'buyer_2_30c52a34-bda2-11ef-890a-02a6845b4b32', 'password': 'buyer_seller_2_30c52a34-bda2-11ef-890a-02a6845b4b32', 'terminal': 'my terminal'}
2024-12-19 08:45:49 - be.model.user - INFO - 尝试登录用户：buyer_2_30c52a34-bda2-11ef-890a-02a6845b4b32，终端：my terminal
2024-12-19 08:45:49 - be.model.user - INFO - 为用户 buyer_2_30c52a34-bda2-11ef-890a-02a6845b4b32 生成新token，终端：my terminal
2024-12-19 08:45:49 - be.model.user - INFO - 用户登录成功：buyer_2_30c52a34-bda2-11ef-890a-02a6845b4b32
2024-12-19 08:45:49 - be.view.auth - INFO - 登录处理结果: 200
2024-12-19 08:45:49 - werkzeug - INFO - 127.0.0.1 - - [19/Dec/2024 08:45:49] "POST /auth/login HTTP/1.1" 200 -
2024-12-19 08:45:49 - be.view.auth - INFO - 收到登录请求: {'user_id': 'buyer_9_30c52a34-bda2-11ef-890a-02a6845b4b32', 'password': 'buyer_seller_9_30c52a34-bda2-11ef-890a-02a6845b4b32', 'terminal': 'my terminal'}
2024-12-19 08:45:49 - be.model.user - INFO - 尝试登录用户：buyer_9_30c52a34-bda2-11ef-890a-02a6845b4b32，终端：my terminal
2024-12-19 08:45:49 - be.model.user - INFO - 为用户 buyer_9_30c52a34-bda2-11ef-890a-02a6845b4b32 生成新token，终端：my terminal
2024-12-19 08:45:49 - be.model.user - INFO - 用户登录成功：buyer_9_30c52a34-bda2-11ef-890a-02a6845b4b32
2024-12-19 08:45:49 - be.view.auth - INFO - 登录处理结果: 200
2024-12-19 08:45:49 - werkzeug - INFO - 127.0.0.1 - - [19/Dec/2024 08:45:49] "POST /auth/login HTTP/1.1" 200 -
2024-12-19 08:45:49 - be.view.auth - INFO - 收到登录请求: {'user_id': 'buyer_8_30c52a34-bda2-11ef-890a-02a6845b4b32', 'password': 'buyer_seller_8_30c52a34-bda2-11ef-890a-02a6845b4b32', 'terminal': 'my terminal'}
2024-12-19 08:45:49 - be.model.user - INFO - 尝试登录用户：buyer_8_30c52a34-bda2-11ef-890a-02a6845b4b32，终端：my terminal
2024-12-19 08:45:50 - be.model.user - INFO - 为用户 buyer_8_30c52a34-bda2-11ef-890a-02a6845b4b32 生成新token，终端：my terminal
2024-12-19 08:45:50 - be.model.user - INFO - 用户登录成功：buyer_8_30c52a34-bda2-11ef-890a-02a6845b4b32
2024-12-19 08:45:50 - be.view.auth - INFO - 登录处理结果: 200
2024-12-19 08:45:50 - werkzeug - INFO - 127.0.0.1 - - [19/Dec/2024 08:45:50] "POST /auth/login HTTP/1.1" 200 -
2024-12-19 08:45:50 - be.view.auth - INFO - 收到登录请求: {'user_id': 'buyer_5_30c52a34-bda2-11ef-890a-02a6845b4b32', 'password': 'buyer_seller_5_30c52a34-bda2-11ef-890a-02a6845b4b32', 'terminal': 'my terminal'}
2024-12-19 08:45:50 - be.model.user - INFO - 尝试登录用户：buyer_5_30c52a34-bda2-11ef-890a-02a6845b4b32，终端：my terminal
2024-12-19 08:45:50 - be.model.user - INFO - 为用户 buyer_5_30c52a34-bda2-11ef-890a-02a6845b4b32 生成新token，终端：my terminal
2024-12-19 08:45:50 - be.model.user - INFO - 用户登录成功：buyer_5_30c52a34-bda2-11ef-890a-02a6845b4b32
2024-12-19 08:45:50 - be.view.auth - INFO - 登录处理结果: 200
2024-12-19 08:45:50 - werkzeug - INFO - 127.0.0.1 - - [19/Dec/2024 08:45:50] "POST /auth/login HTTP/1.1" 200 -
2024-12-19 08:45:50 - be.view.auth - INFO - 收到登录请求: {'user_id': 'buyer_7_30c52a34-bda2-11ef-890a-02a6845b4b32', 'password': 'buyer_seller_7_30c52a34-bda2-11ef-890a-02a6845b4b32', 'terminal': 'my terminal'}
2024-12-19 08:45:50 - be.model.user - INFO - 尝试登录用户：buyer_7_30c52a34-bda2-11ef-890a-02a6845b4b32，终端：my terminal
2024-12-19 08:45:50 - be.model.user - INFO - 为用户 buyer_7_30c52a34-bda2-11ef-890a-02a6845b4b32 生成新token，终端：my terminal
2024-12-19 08:45:50 - be.model.user - INFO - 用户登录成功：buyer_7_30c52a34-bda2-11ef-890a-02a6845b4b32
2024-12-19 08:45:50 - be.view.auth - INFO - 登录处理结果: 200
2024-12-19 08:45:50 - werkzeug - INFO - 127.0.0.1 - - [19/Dec/2024 08:45:50] "POST /auth/login HTTP/1.1" 200 -
2024-12-19 08:45:50 - be.view.auth - INFO - 收到登录请求: {'user_id': 'buyer_6_30c52a34-bda2-11ef-890a-02a6845b4b32', 'password': 'buyer_seller_6_30c52a34-bda2-11ef-890a-02a6845b4b32', 'terminal': 'my terminal'}
2024-12-19 08:45:50 - be.model.user - INFO - 尝试登录用户：buyer_6_30c52a34-bda2-11ef-890a-02a6845b4b32，终端：my terminal
2024-12-19 08:45:50 - be.model.user - INFO - 为用户 buyer_6_30c52a34-bda2-11ef-890a-02a6845b4b32 生成新token，终端：my terminal
2024-12-19 08:45:50 - be.model.user - INFO - 用户登录成功：buyer_6_30c52a34-bda2-11ef-890a-02a6845b4b32
2024-12-19 08:45:50 - be.view.auth - INFO - 登录处理结果: 200
2024-12-19 08:45:50 - werkzeug - INFO - 127.0.0.1 - - [19/Dec/2024 08:45:50] "POST /auth/login HTTP/1.1" 200 -
2024-12-19 08:45:50 - be.view.auth - INFO - 收到登录请求: {'user_id': 'buyer_6_30c52a34-bda2-11ef-890a-02a6845b4b32', 'password': 'buyer_seller_6_30c52a34-bda2-11ef-890a-02a6845b4b32', 'terminal': 'my terminal'}
2024-12-19 08:45:50 - be.model.user - INFO - 尝试登录用户：buyer_6_30c52a34-bda2-11ef-890a-02a6845b4b32，终端：my terminal
2024-12-19 08:45:51 - be.model.user - INFO - 为用户 buyer_6_30c52a34-bda2-11ef-890a-02a6845b4b32 生成新token，终端：my terminal
2024-12-19 08:45:51 - be.model.user - INFO - 用户登录成功：buyer_6_30c52a34-bda2-11ef-890a-02a6845b4b32
2024-12-19 08:45:51 - be.view.auth - INFO - 登录处理结果: 200
2024-12-19 08:45:51 - werkzeug - INFO - 127.0.0.1 - - [19/Dec/2024 08:45:51] "POST /auth/login HTTP/1.1" 200 -
2024-12-19 08:45:51 - be.view.auth - INFO - 收到登录请求: {'user_id': 'buyer_3_30c52a34-bda2-11ef-890a-02a6845b4b32', 'password': 'buyer_seller_3_30c52a34-bda2-11ef-890a-02a6845b4b32', 'terminal': 'my terminal'}
2024-12-19 08:45:51 - be.model.user - INFO - 尝试登录用户：buyer_3_30c52a34-bda2-11ef-890a-02a6845b4b32，终端：my terminal
2024-12-19 08:45:51 - be.model.user - INFO - 为用户 buyer_3_30c52a34-bda2-11ef-890a-02a6845b4b32 生成新token，终端：my terminal
2024-12-19 08:45:51 - be.model.user - INFO - 用户登录成功：buyer_3_30c52a34-bda2-11ef-890a-02a6845b4b32
2024-12-19 08:45:51 - be.view.auth - INFO - 登录处理结果: 200
2024-12-19 08:45:51 - werkzeug - INFO - 127.0.0.1 - - [19/Dec/2024 08:45:51] "POST /auth/login HTTP/1.1" 200 -
2024-12-19 08:45:51 - be.view.auth - INFO - 收到登录请求: {'user_id': 'buyer_10_30c52a34-bda2-11ef-890a-02a6845b4b32', 'password': 'buyer_seller_10_30c52a34-bda2-11ef-890a-02a6845b4b32', 'terminal': 'my terminal'}
2024-12-19 08:45:51 - be.model.user - INFO - 尝试登录用户：buyer_10_30c52a34-bda2-11ef-890a-02a6845b4b32，终端：my terminal
2024-12-19 08:45:51 - be.model.user - INFO - 为用户 buyer_10_30c52a34-bda2-11ef-890a-02a6845b4b32 生成新token，终端：my terminal
2024-12-19 08:45:51 - be.model.user - INFO - 用户登录成功：buyer_10_30c52a34-bda2-11ef-890a-02a6845b4b32
2024-12-19 08:45:51 - be.view.auth - INFO - 登录处理结果: 200
2024-12-19 08:45:51 - werkzeug - INFO - 127.0.0.1 - - [19/Dec/2024 08:45:51] "POST /auth/login HTTP/1.1" 200 -
2024-12-19 08:45:51 - be.view.auth - INFO - 收到登录请求: {'user_id': 'buyer_8_30c52a34-bda2-11ef-890a-02a6845b4b32', 'password': 'buyer_seller_8_30c52a34-bda2-11ef-890a-02a6845b4b32', 'terminal': 'my terminal'}
2024-12-19 08:45:51 - be.model.user - INFO - 尝试登录用户：buyer_8_30c52a34-bda2-11ef-890a-02a6845b4b32，终端：my terminal
2024-12-19 08:45:51 - be.model.user - INFO - 为用户 buyer_8_30c52a34-bda2-11ef-890a-02a6845b4b32 生成新token，终端：my terminal
2024-12-19 08:45:51 - be.model.user - INFO - 用户登录成功：buyer_8_30c52a34-bda2-11ef-890a-02a6845b4b32
2024-12-19 08:45:51 - be.view.auth - INFO - 登录处理结果: 200
2024-12-19 08:45:51 - werkzeug - INFO - 127.0.0.1 - - [19/Dec/2024 08:45:51] "POST /auth/login HTTP/1.1" 200 -
2024-12-19 08:45:51 - be.view.auth - INFO - 收到登录请求: {'user_id': 'buyer_1_30c52a34-bda2-11ef-890a-02a6845b4b32', 'password': 'buyer_seller_1_30c52a34-bda2-11ef-890a-02a6845b4b32', 'terminal': 'my terminal'}
2024-12-19 08:45:51 - be.model.user - INFO - 尝试登录用户：buyer_1_30c52a34-bda2-11ef-890a-02a6845b4b32，终端：my terminal
2024-12-19 08:45:52 - be.model.user - INFO - 为用户 buyer_1_30c52a34-bda2-11ef-890a-02a6845b4b32 生成新token，终端：my terminal
2024-12-19 08:45:52 - be.model.user - INFO - 用户登录成功：buyer_1_30c52a34-bda2-11ef-890a-02a6845b4b32
2024-12-19 08:45:52 - be.view.auth - INFO - 登录处理结果: 200
2024-12-19 08:45:52 - werkzeug - INFO - 127.0.0.1 - - [19/Dec/2024 08:45:52] "POST /auth/login HTTP/1.1" 200 -
2024-12-19 08:45:52 - be.view.auth - INFO - 收到登录请求: {'user_id': 'buyer_7_30c52a34-bda2-11ef-890a-02a6845b4b32', 'password': 'buyer_seller_7_30c52a34-bda2-11ef-890a-02a6845b4b32', 'terminal': 'my terminal'}
2024-12-19 08:45:52 - be.model.user - INFO - 尝试登录用户：buyer_7_30c52a34-bda2-11ef-890a-02a6845b4b32，终端：my terminal
2024-12-19 08:45:52 - be.model.user - INFO - 为用户 buyer_7_30c52a34-bda2-11ef-890a-02a6845b4b32 生成新token，终端：my terminal
2024-12-19 08:45:52 - be.model.user - INFO - 用户登录成功：buyer_7_30c52a34-bda2-11ef-890a-02a6845b4b32
2024-12-19 08:45:52 - be.view.auth - INFO - 登录处理结果: 200
2024-12-19 08:45:52 - werkzeug - INFO - 127.0.0.1 - - [19/Dec/2024 08:45:52] "POST /auth/login HTTP/1.1" 200 -
2024-12-19 08:45:52 - be.view.auth - INFO - 收到登录请求: {'user_id': 'buyer_2_30c52a34-bda2-11ef-890a-02a6845b4b32', 'password': 'buyer_seller_2_30c52a34-bda2-11ef-890a-02a6845b4b32', 'terminal': 'my terminal'}
2024-12-19 08:45:52 - be.model.user - INFO - 尝试登录用户：buyer_2_30c52a34-bda2-11ef-890a-02a6845b4b32，终端：my terminal
2024-12-19 08:45:52 - be.model.user - INFO - 为用户 buyer_2_30c52a34-bda2-11ef-890a-02a6845b4b32 生成新token，终端：my terminal
2024-12-19 08:45:52 - be.model.user - INFO - 用户登录成功：buyer_2_30c52a34-bda2-11ef-890a-02a6845b4b32
2024-12-19 08:45:52 - be.view.auth - INFO - 登录处理结果: 200
2024-12-19 08:45:52 - werkzeug - INFO - 127.0.0.1 - - [19/Dec/2024 08:45:52] "POST /auth/login HTTP/1.1" 200 -
2024-12-19 08:45:52 - be.view.auth - INFO - 收到登录请求: {'user_id': 'buyer_5_30c52a34-bda2-11ef-890a-02a6845b4b32', 'password': 'buyer_seller_5_30c52a34-bda2-11ef-890a-02a6845b4b32', 'terminal': 'my terminal'}
2024-12-19 08:45:52 - be.model.user - INFO - 尝试登录用户：buyer_5_30c52a34-bda2-11ef-890a-02a6845b4b32，终端：my terminal
2024-12-19 08:45:52 - be.model.user - INFO - 为用户 buyer_5_30c52a34-bda2-11ef-890a-02a6845b4b32 生成新token，终端：my terminal
2024-12-19 08:45:52 - be.model.user - INFO - 用户登录成功：buyer_5_30c52a34-bda2-11ef-890a-02a6845b4b32
2024-12-19 08:45:52 - be.view.auth - INFO - 登录处理结果: 200
2024-12-19 08:45:52 - werkzeug - INFO - 127.0.0.1 - - [19/Dec/2024 08:45:52] "POST /auth/login HTTP/1.1" 200 -
2024-12-19 08:45:52 - be.view.auth - INFO - 收到登录请求: {'user_id': 'buyer_1_30c52a34-bda2-11ef-890a-02a6845b4b32', 'password': 'buyer_seller_1_30c52a34-bda2-11ef-890a-02a6845b4b32', 'terminal': 'my terminal'}
2024-12-19 08:45:52 - be.model.user - INFO - 尝试登录用户：buyer_1_30c52a34-bda2-11ef-890a-02a6845b4b32，终端：my terminal
2024-12-19 08:45:52 - be.model.user - INFO - 为用户 buyer_1_30c52a34-bda2-11ef-890a-02a6845b4b32 生成新token，终端：my terminal
2024-12-19 08:45:52 - be.model.user - INFO - 用户登录成功：buyer_1_30c52a34-bda2-11ef-890a-02a6845b4b32
2024-12-19 08:45:53 - be.view.auth - INFO - 登录处理结果: 200
2024-12-19 08:45:53 - werkzeug - INFO - 127.0.0.1 - - [19/Dec/2024 08:45:53] "POST /auth/login HTTP/1.1" 200 -
2024-12-19 08:45:53 - be.view.auth - INFO - 收到登录请求: {'user_id': 'buyer_4_30c52a34-bda2-11ef-890a-02a6845b4b32', 'password': 'buyer_seller_4_30c52a34-bda2-11ef-890a-02a6845b4b32', 'terminal': 'my terminal'}
2024-12-19 08:45:53 - be.model.user - INFO - 尝试登录用户：buyer_4_30c52a34-bda2-11ef-890a-02a6845b4b32，终端：my terminal
2024-12-19 08:45:53 - be.model.user - INFO - 为用户 buyer_4_30c52a34-bda2-11ef-890a-02a6845b4b32 生成新token，终端：my terminal
2024-12-19 08:45:53 - be.model.user - INFO - 用户登录成功：buyer_4_30c52a34-bda2-11ef-890a-02a6845b4b32
2024-12-19 08:45:53 - be.view.auth - INFO - 登录处理结果: 200
2024-12-19 08:45:53 - werkzeug - INFO - 127.0.0.1 - - [19/Dec/2024 08:45:53] "POST /auth/login HTTP/1.1" 200 -
2024-12-19 08:45:53 - be.view.auth - INFO - 收到登录请求: {'user_id': 'buyer_4_30c52a34-bda2-11ef-890a-02a6845b4b32', 'password': 'buyer_seller_4_30c52a34-bda2-11ef-890a-02a6845b4b32', 'terminal': 'my terminal'}
2024-12-19 08:45:53 - be.model.user - INFO - 尝试登录用户：buyer_4_30c52a34-bda2-11ef-890a-02a6845b4b32，终端：my terminal
2024-12-19 08:45:53 - be.model.user - INFO - 为用户 buyer_4_30c52a34-bda2-11ef-890a-02a6845b4b32 生成新token，终端：my terminal
2024-12-19 08:45:53 - be.model.user - INFO - 用户登录成功：buyer_4_30c52a34-bda2-11ef-890a-02a6845b4b32
2024-12-19 08:45:53 - be.view.auth - INFO - 登录处理结果: 200
2024-12-19 08:45:53 - werkzeug - INFO - 127.0.0.1 - - [19/Dec/2024 08:45:53] "POST /auth/login HTTP/1.1" 200 -
2024-12-19 08:45:53 - be.view.auth - INFO - 收到登录请求: {'user_id': 'buyer_8_30c52a34-bda2-11ef-890a-02a6845b4b32', 'password': 'buyer_seller_8_30c52a34-bda2-11ef-890a-02a6845b4b32', 'terminal': 'my terminal'}
2024-12-19 08:45:53 - be.model.user - INFO - 尝试登录用户：buyer_8_30c52a34-bda2-11ef-890a-02a6845b4b32，终端：my terminal
2024-12-19 08:45:53 - be.model.user - INFO - 为用户 buyer_8_30c52a34-bda2-11ef-890a-02a6845b4b32 生成新token，终端：my terminal
2024-12-19 08:45:53 - be.model.user - INFO - 用户登录成功：buyer_8_30c52a34-bda2-11ef-890a-02a6845b4b32
2024-12-19 08:45:53 - be.view.auth - INFO - 登录处理结果: 200
2024-12-19 08:45:53 - werkzeug - INFO - 127.0.0.1 - - [19/Dec/2024 08:45:53] "POST /auth/login HTTP/1.1" 200 -
2024-12-19 08:45:53 - be.view.auth - INFO - 收到登录请求: {'user_id': 'buyer_1_30c52a34-bda2-11ef-890a-02a6845b4b32', 'password': 'buyer_seller_1_30c52a34-bda2-11ef-890a-02a6845b4b32', 'terminal': 'my terminal'}
2024-12-19 08:45:53 - be.model.user - INFO - 尝试登录用户：buyer_1_30c52a34-bda2-11ef-890a-02a6845b4b32，终端：my terminal
2024-12-19 08:45:54 - be.model.user - INFO - 为用户 buyer_1_30c52a34-bda2-11ef-890a-02a6845b4b32 生成新token，终端：my terminal
2024-12-19 08:45:54 - be.model.user - INFO - 用户登录成功：buyer_1_30c52a34-bda2-11ef-890a-02a6845b4b32
2024-12-19 08:45:54 - be.view.auth - INFO - 登录处理结果: 200
2024-12-19 08:45:54 - werkzeug - INFO - 127.0.0.1 - - [19/Dec/2024 08:45:54] "POST /auth/login HTTP/1.1" 200 -
2024-12-19 08:45:54 - be.view.auth - INFO - 收到登录请求: {'user_id': 'buyer_2_30c52a34-bda2-11ef-890a-02a6845b4b32', 'password': 'buyer_seller_2_30c52a34-bda2-11ef-890a-02a6845b4b32', 'terminal': 'my terminal'}
2024-12-19 08:45:54 - be.model.user - INFO - 尝试登录用户：buyer_2_30c52a34-bda2-11ef-890a-02a6845b4b32，终端：my terminal
2024-12-19 08:45:54 - be.model.user - INFO - 为用户 buyer_2_30c52a34-bda2-11ef-890a-02a6845b4b32 生成新token，终端：my terminal
2024-12-19 08:45:54 - be.model.user - INFO - 用户登录成功：buyer_2_30c52a34-bda2-11ef-890a-02a6845b4b32
2024-12-19 08:45:54 - be.view.auth - INFO - 登录处理结果: 200
2024-12-19 08:45:54 - werkzeug - INFO - 127.0.0.1 - - [19/Dec/2024 08:45:54] "POST /auth/login HTTP/1.1" 200 -
2024-12-19 08:45:54 - be.view.auth - INFO - 收到登录请求: {'user_id': 'buyer_4_30c52a34-bda2-11ef-890a-02a6845b4b32', 'password': 'buyer_seller_4_30c52a34-bda2-11ef-890a-02a6845b4b32', 'terminal': 'my terminal'}
2024-12-19 08:45:54 - be.model.user - INFO - 尝试登录用户：buyer_4_30c52a34-bda2-11ef-890a-02a6845b4b32，终端：my terminal
2024-12-19 08:45:54 - be.model.user - INFO - 为用户 buyer_4_30c52a34-bda2-11ef-890a-02a6845b4b32 生成新token，终端：my terminal
2024-12-19 08:45:54 - be.model.user - INFO - 用户登录成功：buyer_4_30c52a34-bda2-11ef-890a-02a6845b4b32
2024-12-19 08:45:54 - be.view.auth - INFO - 登录处理结果: 200
2024-12-19 08:45:54 - werkzeug - INFO - 127.0.0.1 - - [19/Dec/2024 08:45:54] "POST /auth/login HTTP/1.1" 200 -
2024-12-19 08:45:54 - be.view.auth - INFO - 收到登录请求: {'user_id': 'buyer_1_30c52a34-bda2-11ef-890a-02a6845b4b32', 'password': 'buyer_seller_1_30c52a34-bda2-11ef-890a-02a6845b4b32', 'terminal': 'my terminal'}
2024-12-19 08:45:54 - be.model.user - INFO - 尝试登录用户：buyer_1_30c52a34-bda2-11ef-890a-02a6845b4b32，终端：my terminal
2024-12-19 08:45:54 - be.model.user - INFO - 为用户 buyer_1_30c52a34-bda2-11ef-890a-02a6845b4b32 生成新token，终端：my terminal
2024-12-19 08:45:54 - be.model.user - INFO - 用户登录成功：buyer_1_30c52a34-bda2-11ef-890a-02a6845b4b32
2024-12-19 08:45:54 - be.view.auth - INFO - 登录处理结果: 200
2024-12-19 08:45:54 - werkzeug - INFO - 127.0.0.1 - - [19/Dec/2024 08:45:54] "POST /auth/login HTTP/1.1" 200 -
2024-12-19 08:45:54 - be.view.auth - INFO - 收到登录请求: {'user_id': 'buyer_4_30c52a34-bda2-11ef-890a-02a6845b4b32', 'password': 'buyer_seller_4_30c52a34-bda2-11ef-890a-02a6845b4b32', 'terminal': 'my terminal'}
2024-12-19 08:45:54 - be.model.user - INFO - 尝试登录用户：buyer_4_30c52a34-bda2-11ef-890a-02a6845b4b32，终端：my terminal
2024-12-19 08:45:55 - be.model.user - INFO - 为用户 buyer_4_30c52a34-bda2-11ef-890a-02a6845b4b32 生成新token，终端：my terminal
2024-12-19 08:45:55 - be.model.user - INFO - 用户登录成功：buyer_4_30c52a34-bda2-11ef-890a-02a6845b4b32
2024-12-19 08:45:55 - be.view.auth - INFO - 登录处理结果: 200
2024-12-19 08:45:55 - werkzeug - INFO - 127.0.0.1 - - [19/Dec/2024 08:45:55] "POST /auth/login HTTP/1.1" 200 -
2024-12-19 08:45:55 - be.view.auth - INFO - 收到登录请求: {'user_id': 'buyer_4_30c52a34-bda2-11ef-890a-02a6845b4b32', 'password': 'buyer_seller_4_30c52a34-bda2-11ef-890a-02a6845b4b32', 'terminal': 'my terminal'}
2024-12-19 08:45:55 - be.model.user - INFO - 尝试登录用户：buyer_4_30c52a34-bda2-11ef-890a-02a6845b4b32，终端：my terminal
2024-12-19 08:45:55 - be.model.user - INFO - 为用户 buyer_4_30c52a34-bda2-11ef-890a-02a6845b4b32 生成新token，终端：my terminal
2024-12-19 08:45:55 - be.model.user - INFO - 用户登录成功：buyer_4_30c52a34-bda2-11ef-890a-02a6845b4b32
2024-12-19 08:45:55 - be.view.auth - INFO - 登录处理结果: 200
2024-12-19 08:45:55 - werkzeug - INFO - 127.0.0.1 - - [19/Dec/2024 08:45:55] "POST /auth/login HTTP/1.1" 200 -
2024-12-19 08:45:55 - be.view.auth - INFO - 收到登录请求: {'user_id': 'buyer_5_30c52a34-bda2-11ef-890a-02a6845b4b32', 'password': 'buyer_seller_5_30c52a34-bda2-11ef-890a-02a6845b4b32', 'terminal': 'my terminal'}
2024-12-19 08:45:55 - be.model.user - INFO - 尝试登录用户：buyer_5_30c52a34-bda2-11ef-890a-02a6845b4b32，终端：my terminal
2024-12-19 08:45:55 - be.model.user - INFO - 为用户 buyer_5_30c52a34-bda2-11ef-890a-02a6845b4b32 生成新token，终端：my terminal
2024-12-19 08:45:55 - be.model.user - INFO - 用户登录成功：buyer_5_30c52a34-bda2-11ef-890a-02a6845b4b32
2024-12-19 08:45:55 - be.view.auth - INFO - 登录处理结果: 200
2024-12-19 08:45:55 - werkzeug - INFO - 127.0.0.1 - - [19/Dec/2024 08:45:55] "POST /auth/login HTTP/1.1" 200 -
2024-12-19 08:45:55 - be.view.auth - INFO - 收到登录请求: {'user_id': 'buyer_2_30c52a34-bda2-11ef-890a-02a6845b4b32', 'password': 'buyer_seller_2_30c52a34-bda2-11ef-890a-02a6845b4b32', 'terminal': 'my terminal'}
2024-12-19 08:45:55 - be.model.user - INFO - 尝试登录用户：buyer_2_30c52a34-bda2-11ef-890a-02a6845b4b32，终端：my terminal
2024-12-19 08:45:55 - be.model.user - INFO - 为用户 buyer_2_30c52a34-bda2-11ef-890a-02a6845b4b32 生成新token，终端：my terminal
2024-12-19 08:45:55 - be.model.user - INFO - 用户登录成功：buyer_2_30c52a34-bda2-11ef-890a-02a6845b4b32
2024-12-19 08:45:55 - be.view.auth - INFO - 登录处理结果: 200
2024-12-19 08:45:55 - werkzeug - INFO - 127.0.0.1 - - [19/Dec/2024 08:45:55] "POST /auth/login HTTP/1.1" 200 -
2024-12-19 08:45:55 - be.view.auth - INFO - 收到登录请求: {'user_id': 'buyer_4_30c52a34-bda2-11ef-890a-02a6845b4b32', 'password': 'buyer_seller_4_30c52a34-bda2-11ef-890a-02a6845b4b32', 'terminal': 'my terminal'}
2024-12-19 08:45:55 - be.model.user - INFO - 尝试登录用户：buyer_4_30c52a34-bda2-11ef-890a-02a6845b4b32，终端：my terminal
2024-12-19 08:45:55 - be.model.user - INFO - 为用户 buyer_4_30c52a34-bda2-11ef-890a-02a6845b4b32 生成新token，终端：my terminal
2024-12-19 08:45:55 - be.model.user - INFO - 用户登录成功：buyer_4_30c52a34-bda2-11ef-890a-02a6845b4b32
2024-12-19 08:45:56 - be.view.auth - INFO - 登录处理结果: 200
2024-12-19 08:45:56 - werkzeug - INFO - 127.0.0.1 - - [19/Dec/2024 08:45:56] "POST /auth/login HTTP/1.1" 200 -
2024-12-19 08:45:56 - be.view.auth - INFO - 收到登录请求: {'user_id': 'buyer_8_30c52a34-bda2-11ef-890a-02a6845b4b32', 'password': 'buyer_seller_8_30c52a34-bda2-11ef-890a-02a6845b4b32', 'terminal': 'my terminal'}
2024-12-19 08:45:56 - be.model.user - INFO - 尝试登录用户：buyer_8_30c52a34-bda2-11ef-890a-02a6845b4b32，终端：my terminal
2024-12-19 08:45:56 - be.model.user - INFO - 为用户 buyer_8_30c52a34-bda2-11ef-890a-02a6845b4b32 生成新token，终端：my terminal
2024-12-19 08:45:56 - be.model.user - INFO - 用户登录成功：buyer_8_30c52a34-bda2-11ef-890a-02a6845b4b32
2024-12-19 08:45:56 - be.view.auth - INFO - 登录处理结果: 200
2024-12-19 08:45:56 - werkzeug - INFO - 127.0.0.1 - - [19/Dec/2024 08:45:56] "POST /auth/login HTTP/1.1" 200 -
2024-12-19 08:45:56 - be.view.auth - INFO - 收到登录请求: {'user_id': 'buyer_3_30c52a34-bda2-11ef-890a-02a6845b4b32', 'password': 'buyer_seller_3_30c52a34-bda2-11ef-890a-02a6845b4b32', 'terminal': 'my terminal'}
2024-12-19 08:45:56 - be.model.user - INFO - 尝试登录用户：buyer_3_30c52a34-bda2-11ef-890a-02a6845b4b32，终端：my terminal
2024-12-19 08:45:56 - be.model.user - INFO - 为用户 buyer_3_30c52a34-bda2-11ef-890a-02a6845b4b32 生成新token，终端：my terminal
2024-12-19 08:45:56 - be.model.user - INFO - 用户登录成功：buyer_3_30c52a34-bda2-11ef-890a-02a6845b4b32
2024-12-19 08:45:56 - be.view.auth - INFO - 登录处理结果: 200
2024-12-19 08:45:56 - werkzeug - INFO - 127.0.0.1 - - [19/Dec/2024 08:45:56] "POST /auth/login HTTP/1.1" 200 -
2024-12-19 08:45:56 - be.view.auth - INFO - 收到登录请求: {'user_id': 'buyer_7_30c52a34-bda2-11ef-890a-02a6845b4b32', 'password': 'buyer_seller_7_30c52a34-bda2-11ef-890a-02a6845b4b32', 'terminal': 'my terminal'}
2024-12-19 08:45:56 - be.model.user - INFO - 尝试登录用户：buyer_7_30c52a34-bda2-11ef-890a-02a6845b4b32，终端：my terminal
2024-12-19 08:45:56 - be.model.user - INFO - 为用户 buyer_7_30c52a34-bda2-11ef-890a-02a6845b4b32 生成新token，终端：my terminal
2024-12-19 08:45:56 - be.model.user - INFO - 用户登录成功：buyer_7_30c52a34-bda2-11ef-890a-02a6845b4b32
2024-12-19 08:45:56 - be.view.auth - INFO - 登录处理结果: 200
2024-12-19 08:45:56 - werkzeug - INFO - 127.0.0.1 - - [19/Dec/2024 08:45:56] "POST /auth/login HTTP/1.1" 200 -
2024-12-19 08:45:56 - be.view.auth - INFO - 收到登录请求: {'user_id': 'buyer_9_30c52a34-bda2-11ef-890a-02a6845b4b32', 'password': 'buyer_seller_9_30c52a34-bda2-11ef-890a-02a6845b4b32', 'terminal': 'my terminal'}
2024-12-19 08:45:56 - be.model.user - INFO - 尝试登录用户：buyer_9_30c52a34-bda2-11ef-890a-02a6845b4b32，终端：my terminal
2024-12-19 08:45:56 - be.model.user - INFO - 为用户 buyer_9_30c52a34-bda2-11ef-890a-02a6845b4b32 生成新token，终端：my terminal
2024-12-19 08:45:56 - be.model.user - INFO - 用户登录成功：buyer_9_30c52a34-bda2-11ef-890a-02a6845b4b32
2024-12-19 08:45:56 - be.view.auth - INFO - 登录处理结果: 200
2024-12-19 08:45:56 - werkzeug - INFO - 127.0.0.1 - - [19/Dec/2024 08:45:56] "POST /auth/login HTTP/1.1" 200 -
2024-12-19 08:45:56 - be.view.auth - INFO - 收到登录请求: {'user_id': 'buyer_2_30c52a34-bda2-11ef-890a-02a6845b4b32', 'password': 'buyer_seller_2_30c52a34-bda2-11ef-890a-02a6845b4b32', 'terminal': 'my terminal'}
2024-12-19 08:45:56 - be.model.user - INFO - 尝试登录用户：buyer_2_30c52a34-bda2-11ef-890a-02a6845b4b32，终端：my terminal
2024-12-19 08:45:57 - be.model.user - INFO - 为用户 buyer_2_30c52a34-bda2-11ef-890a-02a6845b4b32 生成新token，终端：my terminal
2024-12-19 08:45:57 - be.model.user - INFO - 用户登录成功：buyer_2_30c52a34-bda2-11ef-890a-02a6845b4b32
2024-12-19 08:45:57 - be.view.auth - INFO - 登录处理结果: 200
2024-12-19 08:45:57 - werkzeug - INFO - 127.0.0.1 - - [19/Dec/2024 08:45:57] "POST /auth/login HTTP/1.1" 200 -
2024-12-19 08:45:57 - be.view.auth - INFO - 收到登录请求: {'user_id': 'buyer_6_30c52a34-bda2-11ef-890a-02a6845b4b32', 'password': 'buyer_seller_6_30c52a34-bda2-11ef-890a-02a6845b4b32', 'terminal': 'my terminal'}
2024-12-19 08:45:57 - be.model.user - INFO - 尝试登录用户：buyer_6_30c52a34-bda2-11ef-890a-02a6845b4b32，终端：my terminal
2024-12-19 08:45:57 - be.model.user - INFO - 为用户 buyer_6_30c52a34-bda2-11ef-890a-02a6845b4b32 生成新token，终端：my terminal
2024-12-19 08:45:57 - be.model.user - INFO - 用户登录成功：buyer_6_30c52a34-bda2-11ef-890a-02a6845b4b32
2024-12-19 08:45:57 - be.view.auth - INFO - 登录处理结果: 200
2024-12-19 08:45:57 - werkzeug - INFO - 127.0.0.1 - - [19/Dec/2024 08:45:57] "POST /auth/login HTTP/1.1" 200 -
2024-12-19 08:45:57 - be.view.auth - INFO - 收到登录请求: {'user_id': 'buyer_6_30c52a34-bda2-11ef-890a-02a6845b4b32', 'password': 'buyer_seller_6_30c52a34-bda2-11ef-890a-02a6845b4b32', 'terminal': 'my terminal'}
2024-12-19 08:45:57 - be.model.user - INFO - 尝试登录用户：buyer_6_30c52a34-bda2-11ef-890a-02a6845b4b32，终端：my terminal
2024-12-19 08:45:57 - be.model.user - INFO - 为用户 buyer_6_30c52a34-bda2-11ef-890a-02a6845b4b32 生成新token，终端：my terminal
2024-12-19 08:45:57 - be.model.user - INFO - 用户登录成功：buyer_6_30c52a34-bda2-11ef-890a-02a6845b4b32
2024-12-19 08:45:57 - be.view.auth - INFO - 登录处理结果: 200
2024-12-19 08:45:57 - werkzeug - INFO - 127.0.0.1 - - [19/Dec/2024 08:45:57] "POST /auth/login HTTP/1.1" 200 -
2024-12-19 08:45:57 - be.view.auth - INFO - 收到登录请求: {'user_id': 'buyer_3_30c52a34-bda2-11ef-890a-02a6845b4b32', 'password': 'buyer_seller_3_30c52a34-bda2-11ef-890a-02a6845b4b32', 'terminal': 'my terminal'}
2024-12-19 08:45:57 - be.model.user - INFO - 尝试登录用户：buyer_3_30c52a34-bda2-11ef-890a-02a6845b4b32，终端：my terminal
2024-12-19 08:45:58 - be.model.user - INFO - 为用户 buyer_3_30c52a34-bda2-11ef-890a-02a6845b4b32 生成新token，终端：my terminal
2024-12-19 08:45:58 - be.model.user - INFO - 用户登录成功：buyer_3_30c52a34-bda2-11ef-890a-02a6845b4b32
2024-12-19 08:45:58 - be.view.auth - INFO - 登录处理结果: 200
2024-12-19 08:45:58 - werkzeug - INFO - 127.0.0.1 - - [19/Dec/2024 08:45:58] "POST /auth/login HTTP/1.1" 200 -
2024-12-19 08:45:58 - be.view.auth - INFO - 收到登录请求: {'user_id': 'buyer_10_30c52a34-bda2-11ef-890a-02a6845b4b32', 'password': 'buyer_seller_10_30c52a34-bda2-11ef-890a-02a6845b4b32', 'terminal': 'my terminal'}
2024-12-19 08:45:58 - be.model.user - INFO - 尝试登录用户：buyer_10_30c52a34-bda2-11ef-890a-02a6845b4b32，终端：my terminal
2024-12-19 08:45:58 - be.model.user - INFO - 为用户 buyer_10_30c52a34-bda2-11ef-890a-02a6845b4b32 生成新token，终端：my terminal
2024-12-19 08:45:58 - be.model.user - INFO - 用户登录成功：buyer_10_30c52a34-bda2-11ef-890a-02a6845b4b32
2024-12-19 08:45:58 - be.view.auth - INFO - 登录处理结果: 200
2024-12-19 08:45:58 - werkzeug - INFO - 127.0.0.1 - - [19/Dec/2024 08:45:58] "POST /auth/login HTTP/1.1" 200 -
2024-12-19 08:45:58 - be.view.auth - INFO - 收到登录请求: {'user_id': 'buyer_3_30c52a34-bda2-11ef-890a-02a6845b4b32', 'password': 'buyer_seller_3_30c52a34-bda2-11ef-890a-02a6845b4b32', 'terminal': 'my terminal'}
2024-12-19 08:45:58 - be.model.user - INFO - 尝试登录用户：buyer_3_30c52a34-bda2-11ef-890a-02a6845b4b32，终端：my terminal
2024-12-19 08:45:58 - be.model.user - INFO - 为用户 buyer_3_30c52a34-bda2-11ef-890a-02a6845b4b32 生成新token，终端：my terminal
2024-12-19 08:45:58 - be.model.user - INFO - 用户登录成功：buyer_3_30c52a34-bda2-11ef-890a-02a6845b4b32
2024-12-19 08:45:58 - be.view.auth - INFO - 登录处理结果: 200
2024-12-19 08:45:58 - werkzeug - INFO - 127.0.0.1 - - [19/Dec/2024 08:45:58] "POST /auth/login HTTP/1.1" 200 -
2024-12-19 08:45:58 - be.view.auth - INFO - 收到登录请求: {'user_id': 'buyer_1_30c52a34-bda2-11ef-890a-02a6845b4b32', 'password': 'buyer_seller_1_30c52a34-bda2-11ef-890a-02a6845b4b32', 'terminal': 'my terminal'}
2024-12-19 08:45:58 - be.model.user - INFO - 尝试登录用户：buyer_1_30c52a34-bda2-11ef-890a-02a6845b4b32，终端：my terminal
2024-12-19 08:45:58 - be.model.user - INFO - 为用户 buyer_1_30c52a34-bda2-11ef-890a-02a6845b4b32 生成新token，终端：my terminal
2024-12-19 08:45:58 - be.model.user - INFO - 用户登录成功：buyer_1_30c52a34-bda2-11ef-890a-02a6845b4b32
2024-12-19 08:45:59 - be.view.auth - INFO - 登录处理结果: 200
2024-12-19 08:45:59 - werkzeug - INFO - 127.0.0.1 - - [19/Dec/2024 08:45:59] "POST /auth/login HTTP/1.1" 200 -
2024-12-19 08:45:59 - be.view.auth - INFO - 收到登录请求: {'user_id': 'buyer_4_30c52a34-bda2-11ef-890a-02a6845b4b32', 'password': 'buyer_seller_4_30c52a34-bda2-11ef-890a-02a6845b4b32', 'terminal': 'my terminal'}
2024-12-19 08:45:59 - be.model.user - INFO - 尝试登录用户：buyer_4_30c52a34-bda2-11ef-890a-02a6845b4b32，终端：my terminal
2024-12-19 08:45:59 - be.model.user - INFO - 为用户 buyer_4_30c52a34-bda2-11ef-890a-02a6845b4b32 生成新token，终端：my terminal
2024-12-19 08:45:59 - be.model.user - INFO - 用户登录成功：buyer_4_30c52a34-bda2-11ef-890a-02a6845b4b32
2024-12-19 08:45:59 - be.view.auth - INFO - 登录处理结果: 200
2024-12-19 08:45:59 - werkzeug - INFO - 127.0.0.1 - - [19/Dec/2024 08:45:59] "POST /auth/login HTTP/1.1" 200 -
2024-12-19 08:45:59 - be.view.auth - INFO - 收到登录请求: {'user_id': 'buyer_6_30c52a34-bda2-11ef-890a-02a6845b4b32', 'password': 'buyer_seller_6_30c52a34-bda2-11ef-890a-02a6845b4b32', 'terminal': 'my terminal'}
2024-12-19 08:45:59 - be.model.user - INFO - 尝试登录用户：buyer_6_30c52a34-bda2-11ef-890a-02a6845b4b32，终端：my terminal
2024-12-19 08:45:59 - be.model.user - INFO - 为用户 buyer_6_30c52a34-bda2-11ef-890a-02a6845b4b32 生成新token，终端：my terminal
2024-12-19 08:45:59 - be.model.user - INFO - 用户登录成功：buyer_6_30c52a34-bda2-11ef-890a-02a6845b4b32
2024-12-19 08:45:59 - be.view.auth - INFO - 登录处理结果: 200
2024-12-19 08:45:59 - werkzeug - INFO - 127.0.0.1 - - [19/Dec/2024 08:45:59] "POST /auth/login HTTP/1.1" 200 -
2024-12-19 08:45:59 - be.view.auth - INFO - 收到登录请求: {'user_id': 'buyer_10_30c52a34-bda2-11ef-890a-02a6845b4b32', 'password': 'buyer_seller_10_30c52a34-bda2-11ef-890a-02a6845b4b32', 'terminal': 'my terminal'}
2024-12-19 08:45:59 - be.model.user - INFO - 尝试登录用户：buyer_10_30c52a34-bda2-11ef-890a-02a6845b4b32，终端：my terminal
2024-12-19 08:45:59 - be.model.user - INFO - 为用户 buyer_10_30c52a34-bda2-11ef-890a-02a6845b4b32 生成新token，终端：my terminal
2024-12-19 08:45:59 - be.model.user - INFO - 用户登录成功：buyer_10_30c52a34-bda2-11ef-890a-02a6845b4b32
2024-12-19 08:46:00 - be.view.auth - INFO - 登录处理结果: 200
2024-12-19 08:46:00 - werkzeug - INFO - 127.0.0.1 - - [19/Dec/2024 08:46:00] "POST /auth/login HTTP/1.1" 200 -
2024-12-19 08:46:00 - be.view.auth - INFO - 收到登录请求: {'user_id': 'buyer_2_30c52a34-bda2-11ef-890a-02a6845b4b32', 'password': 'buyer_seller_2_30c52a34-bda2-11ef-890a-02a6845b4b32', 'terminal': 'my terminal'}
2024-12-19 08:46:00 - be.model.user - INFO - 尝试登录用户：buyer_2_30c52a34-bda2-11ef-890a-02a6845b4b32，终端：my terminal
2024-12-19 08:46:00 - be.model.user - INFO - 为用户 buyer_2_30c52a34-bda2-11ef-890a-02a6845b4b32 生成新token，终端：my terminal
2024-12-19 08:46:00 - be.model.user - INFO - 用户登录成功：buyer_2_30c52a34-bda2-11ef-890a-02a6845b4b32
2024-12-19 08:46:00 - be.view.auth - INFO - 登录处理结果: 200
2024-12-19 08:46:00 - werkzeug - INFO - 127.0.0.1 - - [19/Dec/2024 08:46:00] "POST /auth/login HTTP/1.1" 200 -
2024-12-19 08:46:00 - be.view.auth - INFO - 收到登录请求: {'user_id': 'buyer_10_30c52a34-bda2-11ef-890a-02a6845b4b32', 'password': 'buyer_seller_10_30c52a34-bda2-11ef-890a-02a6845b4b32', 'terminal': 'my terminal'}
2024-12-19 08:46:00 - be.model.user - INFO - 尝试登录用户：buyer_10_30c52a34-bda2-11ef-890a-02a6845b4b32，终端：my terminal
2024-12-19 08:46:00 - be.model.user - INFO - 为用户 buyer_10_30c52a34-bda2-11ef-890a-02a6845b4b32 生成新token，终端：my terminal
2024-12-19 08:46:00 - be.model.user - INFO - 用户登录成功：buyer_10_30c52a34-bda2-11ef-890a-02a6845b4b32
2024-12-19 08:46:00 - be.view.auth - INFO - 登录处理结果: 200
2024-12-19 08:46:00 - werkzeug - INFO - 127.0.0.1 - - [19/Dec/2024 08:46:00] "POST /auth/login HTTP/1.1" 200 -
2024-12-19 08:46:00 - be.view.auth - INFO - 收到登录请求: {'user_id': 'buyer_6_30c52a34-bda2-11ef-890a-02a6845b4b32', 'password': 'buyer_seller_6_30c52a34-bda2-11ef-890a-02a6845b4b32', 'terminal': 'my terminal'}
2024-12-19 08:46:00 - be.model.user - INFO - 尝试登录用户：buyer_6_30c52a34-bda2-11ef-890a-02a6845b4b32，终端：my terminal
2024-12-19 08:46:01 - be.model.user - INFO - 为用户 buyer_6_30c52a34-bda2-11ef-890a-02a6845b4b32 生成新token，终端：my terminal
2024-12-19 08:46:01 - be.model.user - INFO - 用户登录成功：buyer_6_30c52a34-bda2-11ef-890a-02a6845b4b32
2024-12-19 08:46:01 - be.view.auth - INFO - 登录处理结果: 200
2024-12-19 08:46:01 - werkzeug - INFO - 127.0.0.1 - - [19/Dec/2024 08:46:01] "POST /auth/login HTTP/1.1" 200 -
2024-12-19 08:46:01 - be.view.auth - INFO - 收到登录请求: {'user_id': 'buyer_2_30c52a34-bda2-11ef-890a-02a6845b4b32', 'password': 'buyer_seller_2_30c52a34-bda2-11ef-890a-02a6845b4b32', 'terminal': 'my terminal'}
2024-12-19 08:46:01 - be.model.user - INFO - 尝试登录用户：buyer_2_30c52a34-bda2-11ef-890a-02a6845b4b32，终端：my terminal
2024-12-19 08:46:01 - be.model.user - INFO - 为用户 buyer_2_30c52a34-bda2-11ef-890a-02a6845b4b32 生成新token，终端：my terminal
2024-12-19 08:46:01 - be.model.user - INFO - 用户登录成功：buyer_2_30c52a34-bda2-11ef-890a-02a6845b4b32
2024-12-19 08:46:01 - be.view.auth - INFO - 登录处理结果: 200
2024-12-19 08:46:01 - werkzeug - INFO - 127.0.0.1 - - [19/Dec/2024 08:46:01] "POST /auth/login HTTP/1.1" 200 -
2024-12-19 08:46:01 - be.view.auth - INFO - 收到登录请求: {'user_id': 'buyer_9_30c52a34-bda2-11ef-890a-02a6845b4b32', 'password': 'buyer_seller_9_30c52a34-bda2-11ef-890a-02a6845b4b32', 'terminal': 'my terminal'}
2024-12-19 08:46:01 - be.model.user - INFO - 尝试登录用户：buyer_9_30c52a34-bda2-11ef-890a-02a6845b4b32，终端：my terminal
2024-12-19 08:46:01 - be.model.user - INFO - 为用户 buyer_9_30c52a34-bda2-11ef-890a-02a6845b4b32 生成新token，终端：my terminal
2024-12-19 08:46:01 - be.model.user - INFO - 用户登录成功：buyer_9_30c52a34-bda2-11ef-890a-02a6845b4b32
2024-12-19 08:46:02 - be.view.auth - INFO - 登录处理结果: 200
2024-12-19 08:46:02 - werkzeug - INFO - 127.0.0.1 - - [19/Dec/2024 08:46:02] "POST /auth/login HTTP/1.1" 200 -
2024-12-19 08:46:02 - be.view.auth - INFO - 收到登录请求: {'user_id': 'buyer_6_30c52a34-bda2-11ef-890a-02a6845b4b32', 'password': 'buyer_seller_6_30c52a34-bda2-11ef-890a-02a6845b4b32', 'terminal': 'my terminal'}
2024-12-19 08:46:02 - be.model.user - INFO - 尝试登录用户：buyer_6_30c52a34-bda2-11ef-890a-02a6845b4b32，终端：my terminal
2024-12-19 08:46:02 - be.model.user - INFO - 为用户 buyer_6_30c52a34-bda2-11ef-890a-02a6845b4b32 生成新token，终端：my terminal
2024-12-19 08:46:02 - be.model.user - INFO - 用户登录成功：buyer_6_30c52a34-bda2-11ef-890a-02a6845b4b32
2024-12-19 08:46:02 - be.view.auth - INFO - 登录处理结果: 200
2024-12-19 08:46:02 - werkzeug - INFO - 127.0.0.1 - - [19/Dec/2024 08:46:02] "POST /auth/login HTTP/1.1" 200 -
2024-12-19 08:46:02 - be.view.auth - INFO - 收到登录请求: {'user_id': 'buyer_3_30c52a34-bda2-11ef-890a-02a6845b4b32', 'password': 'buyer_seller_3_30c52a34-bda2-11ef-890a-02a6845b4b32', 'terminal': 'my terminal'}
2024-12-19 08:46:02 - be.model.user - INFO - 尝试登录用户：buyer_3_30c52a34-bda2-11ef-890a-02a6845b4b32，终端：my terminal
2024-12-19 08:46:02 - be.model.user - INFO - 为用户 buyer_3_30c52a34-bda2-11ef-890a-02a6845b4b32 生成新token，终端：my terminal
2024-12-19 08:46:02 - be.model.user - INFO - 用户登录成功：buyer_3_30c52a34-bda2-11ef-890a-02a6845b4b32
2024-12-19 08:46:02 - be.view.auth - INFO - 登录处理结果: 200
2024-12-19 08:46:02 - werkzeug - INFO - 127.0.0.1 - - [19/Dec/2024 08:46:02] "POST /auth/login HTTP/1.1" 200 -
2024-12-19 08:46:02 - be.view.auth - INFO - 收到登录请求: {'user_id': 'buyer_9_30c52a34-bda2-11ef-890a-02a6845b4b32', 'password': 'buyer_seller_9_30c52a34-bda2-11ef-890a-02a6845b4b32', 'terminal': 'my terminal'}
2024-12-19 08:46:02 - be.model.user - INFO - 尝试登录用户：buyer_9_30c52a34-bda2-11ef-890a-02a6845b4b32，终端：my terminal
2024-12-19 08:46:02 - be.model.user - INFO - 为用户 buyer_9_30c52a34-bda2-11ef-890a-02a6845b4b32 生成新token，终端：my terminal
2024-12-19 08:46:02 - be.model.user - INFO - 用户登录成功：buyer_9_30c52a34-bda2-11ef-890a-02a6845b4b32
2024-12-19 08:46:03 - be.view.auth - INFO - 登录处理结果: 200
2024-12-19 08:46:03 - werkzeug - INFO - 127.0.0.1 - - [19/Dec/2024 08:46:03] "POST /auth/login HTTP/1.1" 200 -
2024-12-19 08:46:03 - be.view.auth - INFO - 收到登录请求: {'user_id': 'buyer_10_30c52a34-bda2-11ef-890a-02a6845b4b32', 'password': 'buyer_seller_10_30c52a34-bda2-11ef-890a-02a6845b4b32', 'terminal': 'my terminal'}
2024-12-19 08:46:03 - be.model.user - INFO - 尝试登录用户：buyer_10_30c52a34-bda2-11ef-890a-02a6845b4b32，终端：my terminal
2024-12-19 08:46:03 - be.model.user - INFO - 为用户 buyer_10_30c52a34-bda2-11ef-890a-02a6845b4b32 生成新token，终端：my terminal
2024-12-19 08:46:03 - be.model.user - INFO - 用户登录成功：buyer_10_30c52a34-bda2-11ef-890a-02a6845b4b32
2024-12-19 08:46:04 - be.view.auth - INFO - 登录处理结果: 200
2024-12-19 08:46:04 - werkzeug - INFO - 127.0.0.1 - - [19/Dec/2024 08:46:04] "POST /auth/login HTTP/1.1" 200 -
2024-12-19 08:46:04 - be.view.auth - INFO - 收到登录请求: {'user_id': 'buyer_5_30c52a34-bda2-11ef-890a-02a6845b4b32', 'password': 'buyer_seller_5_30c52a34-bda2-11ef-890a-02a6845b4b32', 'terminal': 'my terminal'}
2024-12-19 08:46:04 - be.model.user - INFO - 尝试登录用户：buyer_5_30c52a34-bda2-11ef-890a-02a6845b4b32，终端：my terminal
2024-12-19 08:46:04 - be.model.user - INFO - 为用户 buyer_5_30c52a34-bda2-11ef-890a-02a6845b4b32 生成新token，终端：my terminal
2024-12-19 08:46:04 - be.model.user - INFO - 用户登录成功：buyer_5_30c52a34-bda2-11ef-890a-02a6845b4b32
2024-12-19 08:46:04 - be.view.auth - INFO - 登录处理结果: 200
2024-12-19 08:46:04 - werkzeug - INFO - 127.0.0.1 - - [19/Dec/2024 08:46:04] "POST /auth/login HTTP/1.1" 200 -
2024-12-19 08:46:04 - be.view.auth - INFO - 收到登录请求: {'user_id': 'buyer_8_30c52a34-bda2-11ef-890a-02a6845b4b32', 'password': 'buyer_seller_8_30c52a34-bda2-11ef-890a-02a6845b4b32', 'terminal': 'my terminal'}
2024-12-19 08:46:04 - be.model.user - INFO - 尝试登录用户：buyer_8_30c52a34-bda2-11ef-890a-02a6845b4b32，终端：my terminal
2024-12-19 08:46:05 - be.model.user - INFO - 为用户 buyer_8_30c52a34-bda2-11ef-890a-02a6845b4b32 生成新token，终端：my terminal
2024-12-19 08:46:05 - be.model.user - INFO - 用户登录成功：buyer_8_30c52a34-bda2-11ef-890a-02a6845b4b32
2024-12-19 08:46:05 - be.view.auth - INFO - 登录处理结果: 200
2024-12-19 08:46:05 - werkzeug - INFO - 127.0.0.1 - - [19/Dec/2024 08:46:05] "POST /auth/login HTTP/1.1" 200 -
2024-12-19 08:46:05 - be.view.auth - INFO - 收到登录请求: {'user_id': 'buyer_10_30c52a34-bda2-11ef-890a-02a6845b4b32', 'password': 'buyer_seller_10_30c52a34-bda2-11ef-890a-02a6845b4b32', 'terminal': 'my terminal'}
2024-12-19 08:46:05 - be.model.user - INFO - 尝试登录用户：buyer_10_30c52a34-bda2-11ef-890a-02a6845b4b32，终端：my terminal
2024-12-19 08:46:05 - be.model.user - INFO - 为用户 buyer_10_30c52a34-bda2-11ef-890a-02a6845b4b32 生成新token，终端：my terminal
2024-12-19 08:46:05 - be.model.user - INFO - 用户登录成功：buyer_10_30c52a34-bda2-11ef-890a-02a6845b4b32
2024-12-19 08:46:05 - be.view.auth - INFO - 登录处理结果: 200
2024-12-19 08:46:05 - werkzeug - INFO - 127.0.0.1 - - [19/Dec/2024 08:46:05] "POST /auth/login HTTP/1.1" 200 -
2024-12-19 08:46:05 - be.view.auth - INFO - 收到登录请求: {'user_id': 'buyer_5_30c52a34-bda2-11ef-890a-02a6845b4b32', 'password': 'buyer_seller_5_30c52a34-bda2-11ef-890a-02a6845b4b32', 'terminal': 'my terminal'}
2024-12-19 08:46:05 - be.model.user - INFO - 尝试登录用户：buyer_5_30c52a34-bda2-11ef-890a-02a6845b4b32，终端：my terminal
2024-12-19 08:46:05 - be.model.user - INFO - 为用户 buyer_5_30c52a34-bda2-11ef-890a-02a6845b4b32 生成新token，终端：my terminal
2024-12-19 08:46:05 - be.model.user - INFO - 用户登录成功：buyer_5_30c52a34-bda2-11ef-890a-02a6845b4b32
2024-12-19 08:46:05 - be.view.auth - INFO - 登录处理结果: 200
2024-12-19 08:46:05 - werkzeug - INFO - 127.0.0.1 - - [19/Dec/2024 08:46:05] "POST /auth/login HTTP/1.1" 200 -
2024-12-19 08:46:05 - be.view.auth - INFO - 收到登录请求: {'user_id': 'buyer_2_30c52a34-bda2-11ef-890a-02a6845b4b32', 'password': 'buyer_seller_2_30c52a34-bda2-11ef-890a-02a6845b4b32', 'terminal': 'my terminal'}
2024-12-19 08:46:05 - be.model.user - INFO - 尝试登录用户：buyer_2_30c52a34-bda2-11ef-890a-02a6845b4b32，终端：my terminal
2024-12-19 08:46:06 - be.model.user - INFO - 为用户 buyer_2_30c52a34-bda2-11ef-890a-02a6845b4b32 生成新token，终端：my terminal
2024-12-19 08:46:06 - be.model.user - INFO - 用户登录成功：buyer_2_30c52a34-bda2-11ef-890a-02a6845b4b32
2024-12-19 08:46:06 - be.view.auth - INFO - 登录处理结果: 200
2024-12-19 08:46:06 - werkzeug - INFO - 127.0.0.1 - - [19/Dec/2024 08:46:06] "POST /auth/login HTTP/1.1" 200 -
2024-12-19 08:46:06 - be.view.auth - INFO - 收到登录请求: {'user_id': 'buyer_5_30c52a34-bda2-11ef-890a-02a6845b4b32', 'password': 'buyer_seller_5_30c52a34-bda2-11ef-890a-02a6845b4b32', 'terminal': 'my terminal'}
2024-12-19 08:46:06 - be.model.user - INFO - 尝试登录用户：buyer_5_30c52a34-bda2-11ef-890a-02a6845b4b32，终端：my terminal
2024-12-19 08:46:06 - be.model.user - INFO - 为用户 buyer_5_30c52a34-bda2-11ef-890a-02a6845b4b32 生成新token，终端：my terminal
2024-12-19 08:46:06 - be.model.user - INFO - 用户登录成功：buyer_5_30c52a34-bda2-11ef-890a-02a6845b4b32
2024-12-19 08:46:06 - be.view.auth - INFO - 登录处理结果: 200
2024-12-19 08:46:06 - werkzeug - INFO - 127.0.0.1 - - [19/Dec/2024 08:46:06] "POST /auth/login HTTP/1.1" 200 -
2024-12-19 08:46:06 - be.view.auth - INFO - 收到登录请求: {'user_id': 'buyer_5_30c52a34-bda2-11ef-890a-02a6845b4b32', 'password': 'buyer_seller_5_30c52a34-bda2-11ef-890a-02a6845b4b32', 'terminal': 'my terminal'}
2024-12-19 08:46:06 - be.model.user - INFO - 尝试登录用户：buyer_5_30c52a34-bda2-11ef-890a-02a6845b4b32，终端：my terminal
2024-12-19 08:46:06 - be.model.user - INFO - 为用户 buyer_5_30c52a34-bda2-11ef-890a-02a6845b4b32 生成新token，终端：my terminal
2024-12-19 08:46:06 - be.model.user - INFO - 用户登录成功：buyer_5_30c52a34-bda2-11ef-890a-02a6845b4b32
2024-12-19 08:46:07 - be.view.auth - INFO - 登录处理结果: 200
2024-12-19 08:46:07 - werkzeug - INFO - 127.0.0.1 - - [19/Dec/2024 08:46:07] "POST /auth/login HTTP/1.1" 200 -
2024-12-19 08:46:07 - be.view.auth - INFO - 收到登录请求: {'user_id': 'buyer_10_30c52a34-bda2-11ef-890a-02a6845b4b32', 'password': 'buyer_seller_10_30c52a34-bda2-11ef-890a-02a6845b4b32', 'terminal': 'my terminal'}
2024-12-19 08:46:07 - be.model.user - INFO - 尝试登录用户：buyer_10_30c52a34-bda2-11ef-890a-02a6845b4b32，终端：my terminal
2024-12-19 08:46:07 - be.model.user - INFO - 为用户 buyer_10_30c52a34-bda2-11ef-890a-02a6845b4b32 生成新token，终端：my terminal
2024-12-19 08:46:07 - be.model.user - INFO - 用户登录成功：buyer_10_30c52a34-bda2-11ef-890a-02a6845b4b32
2024-12-19 08:46:07 - be.view.auth - INFO - 登录处理结果: 200
2024-12-19 08:46:07 - werkzeug - INFO - 127.0.0.1 - - [19/Dec/2024 08:46:07] "POST /auth/login HTTP/1.1" 200 -
2024-12-19 08:46:07 - be.view.auth - INFO - 收到登录请求: {'user_id': 'buyer_1_30c52a34-bda2-11ef-890a-02a6845b4b32', 'password': 'buyer_seller_1_30c52a34-bda2-11ef-890a-02a6845b4b32', 'terminal': 'my terminal'}
2024-12-19 08:46:07 - be.model.user - INFO - 尝试登录用户：buyer_1_30c52a34-bda2-11ef-890a-02a6845b4b32，终端：my terminal
2024-12-19 08:46:07 - be.model.user - INFO - 为用户 buyer_1_30c52a34-bda2-11ef-890a-02a6845b4b32 生成新token，终端：my terminal
2024-12-19 08:46:07 - be.model.user - INFO - 用户登录成功：buyer_1_30c52a34-bda2-11ef-890a-02a6845b4b32
2024-12-19 08:46:07 - be.view.auth - INFO - 登录处理结果: 200
2024-12-19 08:46:07 - werkzeug - INFO - 127.0.0.1 - - [19/Dec/2024 08:46:07] "POST /auth/login HTTP/1.1" 200 -
2024-12-19 08:46:07 - be.view.auth - INFO - 收到登录请求: {'user_id': 'buyer_4_30c52a34-bda2-11ef-890a-02a6845b4b32', 'password': 'buyer_seller_4_30c52a34-bda2-11ef-890a-02a6845b4b32', 'terminal': 'my terminal'}
2024-12-19 08:46:07 - be.model.user - INFO - 尝试登录用户：buyer_4_30c52a34-bda2-11ef-890a-02a6845b4b32，终端：my terminal
2024-12-19 08:46:07 - be.model.user - INFO - 为用户 buyer_4_30c52a34-bda2-11ef-890a-02a6845b4b32 生成新token，终端：my terminal
2024-12-19 08:46:07 - be.model.user - INFO - 用户登录成功：buyer_4_30c52a34-bda2-11ef-890a-02a6845b4b32
2024-12-19 08:46:08 - be.view.auth - INFO - 登录处理结果: 200
2024-12-19 08:46:08 - werkzeug - INFO - 127.0.0.1 - - [19/Dec/2024 08:46:08] "POST /auth/login HTTP/1.1" 200 -
2024-12-19 08:46:08 - be.view.auth - INFO - 收到登录请求: {'user_id': 'buyer_7_30c52a34-bda2-11ef-890a-02a6845b4b32', 'password': 'buyer_seller_7_30c52a34-bda2-11ef-890a-02a6845b4b32', 'terminal': 'my terminal'}
2024-12-19 08:46:08 - be.model.user - INFO - 尝试登录用户：buyer_7_30c52a34-bda2-11ef-890a-02a6845b4b32，终端：my terminal
2024-12-19 08:46:08 - be.model.user - INFO - 为用户 buyer_7_30c52a34-bda2-11ef-890a-02a6845b4b32 生成新token，终端：my terminal
2024-12-19 08:46:08 - be.model.user - INFO - 用户登录成功：buyer_7_30c52a34-bda2-11ef-890a-02a6845b4b32
2024-12-19 08:46:08 - be.view.auth - INFO - 登录处理结果: 200
2024-12-19 08:46:08 - werkzeug - INFO - 127.0.0.1 - - [19/Dec/2024 08:46:08] "POST /auth/login HTTP/1.1" 200 -
2024-12-19 08:46:08 - be.view.auth - INFO - 收到登录请求: {'user_id': 'buyer_1_30c52a34-bda2-11ef-890a-02a6845b4b32', 'password': 'buyer_seller_1_30c52a34-bda2-11ef-890a-02a6845b4b32', 'terminal': 'my terminal'}
2024-12-19 08:46:08 - be.model.user - INFO - 尝试登录用户：buyer_1_30c52a34-bda2-11ef-890a-02a6845b4b32，终端：my terminal
2024-12-19 08:46:08 - be.model.user - INFO - 为用户 buyer_1_30c52a34-bda2-11ef-890a-02a6845b4b32 生成新token，终端：my terminal
2024-12-19 08:46:08 - be.model.user - INFO - 用户登录成功：buyer_1_30c52a34-bda2-11ef-890a-02a6845b4b32
2024-12-19 08:46:08 - be.view.auth - INFO - 登录处理结果: 200
2024-12-19 08:46:08 - werkzeug - INFO - 127.0.0.1 - - [19/Dec/2024 08:46:08] "POST /auth/login HTTP/1.1" 200 -
2024-12-19 08:46:08 - be.view.auth - INFO - 收到登录请求: {'user_id': 'buyer_1_30c52a34-bda2-11ef-890a-02a6845b4b32', 'password': 'buyer_seller_1_30c52a34-bda2-11ef-890a-02a6845b4b32', 'terminal': 'my terminal'}
2024-12-19 08:46:08 - be.model.user - INFO - 尝试登录用户：buyer_1_30c52a34-bda2-11ef-890a-02a6845b4b32，终端：my terminal
2024-12-19 08:46:08 - be.model.user - INFO - 为用户 buyer_1_30c52a34-bda2-11ef-890a-02a6845b4b32 生成新token，终端：my terminal
2024-12-19 08:46:08 - be.model.user - INFO - 用户登录成功：buyer_1_30c52a34-bda2-11ef-890a-02a6845b4b32
2024-12-19 08:46:09 - be.view.auth - INFO - 登录处理结果: 200
2024-12-19 08:46:09 - werkzeug - INFO - 127.0.0.1 - - [19/Dec/2024 08:46:09] "POST /auth/login HTTP/1.1" 200 -
2024-12-19 08:46:09 - be.view.auth - INFO - 收到登录请求: {'user_id': 'buyer_5_30c52a34-bda2-11ef-890a-02a6845b4b32', 'password': 'buyer_seller_5_30c52a34-bda2-11ef-890a-02a6845b4b32', 'terminal': 'my terminal'}
2024-12-19 08:46:09 - be.model.user - INFO - 尝试登录用户：buyer_5_30c52a34-bda2-11ef-890a-02a6845b4b32，终端：my terminal
2024-12-19 08:46:09 - be.model.user - INFO - 为用户 buyer_5_30c52a34-bda2-11ef-890a-02a6845b4b32 生成新token，终端：my terminal
2024-12-19 08:46:09 - be.model.user - INFO - 用户登录成功：buyer_5_30c52a34-bda2-11ef-890a-02a6845b4b32
2024-12-19 08:46:09 - be.view.auth - INFO - 登录处理结果: 200
2024-12-19 08:46:09 - werkzeug - INFO - 127.0.0.1 - - [19/Dec/2024 08:46:09] "POST /auth/login HTTP/1.1" 200 -
2024-12-19 08:46:09 - be.view.auth - INFO - 收到登录请求: {'user_id': 'buyer_8_30c52a34-bda2-11ef-890a-02a6845b4b32', 'password': 'buyer_seller_8_30c52a34-bda2-11ef-890a-02a6845b4b32', 'terminal': 'my terminal'}
2024-12-19 08:46:09 - be.model.user - INFO - 尝试登录用户：buyer_8_30c52a34-bda2-11ef-890a-02a6845b4b32，终端：my terminal
2024-12-19 08:46:09 - be.model.user - INFO - 为用户 buyer_8_30c52a34-bda2-11ef-890a-02a6845b4b32 生成新token，终端：my terminal
2024-12-19 08:46:09 - be.model.user - INFO - 用户登录成功：buyer_8_30c52a34-bda2-11ef-890a-02a6845b4b32
2024-12-19 08:46:09 - be.view.auth - INFO - 登录处理结果: 200
2024-12-19 08:46:09 - werkzeug - INFO - 127.0.0.1 - - [19/Dec/2024 08:46:09] "POST /auth/login HTTP/1.1" 200 -
2024-12-19 08:46:09 - be.view.auth - INFO - 收到登录请求: {'user_id': 'buyer_3_30c52a34-bda2-11ef-890a-02a6845b4b32', 'password': 'buyer_seller_3_30c52a34-bda2-11ef-890a-02a6845b4b32', 'terminal': 'my terminal'}
2024-12-19 08:46:09 - be.model.user - INFO - 尝试登录用户：buyer_3_30c52a34-bda2-11ef-890a-02a6845b4b32，终端：my terminal
2024-12-19 08:46:09 - be.model.user - INFO - 为用户 buyer_3_30c52a34-bda2-11ef-890a-02a6845b4b32 生成新token，终端：my terminal
2024-12-19 08:46:09 - be.model.user - INFO - 用户登录成功：buyer_3_30c52a34-bda2-11ef-890a-02a6845b4b32
2024-12-19 08:46:09 - be.view.auth - INFO - 登录处理结果: 200
2024-12-19 08:46:09 - werkzeug - INFO - 127.0.0.1 - - [19/Dec/2024 08:46:09] "POST /auth/login HTTP/1.1" 200 -
2024-12-19 08:46:09 - be.view.auth - INFO - 收到登录请求: {'user_id': 'buyer_4_30c52a34-bda2-11ef-890a-02a6845b4b32', 'password': 'buyer_seller_4_30c52a34-bda2-11ef-890a-02a6845b4b32', 'terminal': 'my terminal'}
2024-12-19 08:46:09 - be.model.user - INFO - 尝试登录用户：buyer_4_30c52a34-bda2-11ef-890a-02a6845b4b32，终端：my terminal
2024-12-19 08:46:10 - be.model.user - INFO - 为用户 buyer_4_30c52a34-bda2-11ef-890a-02a6845b4b32 生成新token，终端：my terminal
2024-12-19 08:46:10 - be.model.user - INFO - 用户登录成功：buyer_4_30c52a34-bda2-11ef-890a-02a6845b4b32
2024-12-19 08:46:10 - be.view.auth - INFO - 登录处理结果: 200
2024-12-19 08:46:10 - werkzeug - INFO - 127.0.0.1 - - [19/Dec/2024 08:46:10] "POST /auth/login HTTP/1.1" 200 -
2024-12-19 08:46:10 - be.view.auth - INFO - 收到登录请求: {'user_id': 'buyer_6_30c52a34-bda2-11ef-890a-02a6845b4b32', 'password': 'buyer_seller_6_30c52a34-bda2-11ef-890a-02a6845b4b32', 'terminal': 'my terminal'}
2024-12-19 08:46:10 - be.model.user - INFO - 尝试登录用户：buyer_6_30c52a34-bda2-11ef-890a-02a6845b4b32，终端：my terminal
2024-12-19 08:46:10 - be.model.user - INFO - 为用户 buyer_6_30c52a34-bda2-11ef-890a-02a6845b4b32 生成新token，终端：my terminal
2024-12-19 08:46:10 - be.model.user - INFO - 用户登录成功：buyer_6_30c52a34-bda2-11ef-890a-02a6845b4b32
2024-12-19 08:46:10 - be.view.auth - INFO - 登录处理结果: 200
2024-12-19 08:46:10 - werkzeug - INFO - 127.0.0.1 - - [19/Dec/2024 08:46:10] "POST /auth/login HTTP/1.1" 200 -
2024-12-19 08:46:10 - be.view.auth - INFO - 收到登录请求: {'user_id': 'buyer_8_30c52a34-bda2-11ef-890a-02a6845b4b32', 'password': 'buyer_seller_8_30c52a34-bda2-11ef-890a-02a6845b4b32', 'terminal': 'my terminal'}
2024-12-19 08:46:10 - be.model.user - INFO - 尝试登录用户：buyer_8_30c52a34-bda2-11ef-890a-02a6845b4b32，终端：my terminal
2024-12-19 08:46:10 - be.model.user - INFO - 为用户 buyer_8_30c52a34-bda2-11ef-890a-02a6845b4b32 生成新token，终端：my terminal
2024-12-19 08:46:10 - be.model.user - INFO - 用户登录成功：buyer_8_30c52a34-bda2-11ef-890a-02a6845b4b32
2024-12-19 08:46:10 - be.view.auth - INFO - 登录处理结果: 200
2024-12-19 08:46:10 - werkzeug - INFO - 127.0.0.1 - - [19/Dec/2024 08:46:10] "POST /auth/login HTTP/1.1" 200 -
2024-12-19 08:46:10 - be.view.auth - INFO - 收到登录请求: {'user_id': 'buyer_2_30c52a34-bda2-11ef-890a-02a6845b4b32', 'password': 'buyer_seller_2_30c52a34-bda2-11ef-890a-02a6845b4b32', 'terminal': 'my terminal'}
2024-12-19 08:46:10 - be.model.user - INFO - 尝试登录用户：buyer_2_30c52a34-bda2-11ef-890a-02a6845b4b32，终端：my terminal
2024-12-19 08:46:10 - be.model.user - INFO - 为用户 buyer_2_30c52a34-bda2-11ef-890a-02a6845b4b32 生成新token，终端：my terminal
2024-12-19 08:46:10 - be.model.user - INFO - 用户登录成功：buyer_2_30c52a34-bda2-11ef-890a-02a6845b4b32
2024-12-19 08:46:11 - be.view.auth - INFO - 登录处理结果: 200
2024-12-19 08:46:11 - werkzeug - INFO - 127.0.0.1 - - [19/Dec/2024 08:46:11] "POST /auth/login HTTP/1.1" 200 -
2024-12-19 08:46:11 - be.view.auth - INFO - 收到登录请求: {'user_id': 'buyer_7_30c52a34-bda2-11ef-890a-02a6845b4b32', 'password': 'buyer_seller_7_30c52a34-bda2-11ef-890a-02a6845b4b32', 'terminal': 'my terminal'}
2024-12-19 08:46:11 - be.model.user - INFO - 尝试登录用户：buyer_7_30c52a34-bda2-11ef-890a-02a6845b4b32，终端：my terminal
2024-12-19 08:46:11 - be.model.user - INFO - 为用户 buyer_7_30c52a34-bda2-11ef-890a-02a6845b4b32 生成新token，终端：my terminal
2024-12-19 08:46:11 - be.model.user - INFO - 用户登录成功：buyer_7_30c52a34-bda2-11ef-890a-02a6845b4b32
2024-12-19 08:46:11 - be.view.auth - INFO - 登录处理结果: 200
2024-12-19 08:46:11 - werkzeug - INFO - 127.0.0.1 - - [19/Dec/2024 08:46:11] "POST /auth/login HTTP/1.1" 200 -
2024-12-19 08:46:11 - be.view.auth - INFO - 收到登录请求: {'user_id': 'buyer_4_30c52a34-bda2-11ef-890a-02a6845b4b32', 'password': 'buyer_seller_4_30c52a34-bda2-11ef-890a-02a6845b4b32', 'terminal': 'my terminal'}
2024-12-19 08:46:11 - be.model.user - INFO - 尝试登录用户：buyer_4_30c52a34-bda2-11ef-890a-02a6845b4b32，终端：my terminal
2024-12-19 08:46:11 - be.model.user - INFO - 为用户 buyer_4_30c52a34-bda2-11ef-890a-02a6845b4b32 生成新token，终端：my terminal
2024-12-19 08:46:11 - be.model.user - INFO - 用户登录成功：buyer_4_30c52a34-bda2-11ef-890a-02a6845b4b32
2024-12-19 08:46:11 - be.view.auth - INFO - 登录处理结果: 200
2024-12-19 08:46:11 - werkzeug - INFO - 127.0.0.1 - - [19/Dec/2024 08:46:11] "POST /auth/login HTTP/1.1" 200 -
2024-12-19 08:46:11 - be.view.auth - INFO - 收到登录请求: {'user_id': 'buyer_5_30c52a34-bda2-11ef-890a-02a6845b4b32', 'password': 'buyer_seller_5_30c52a34-bda2-11ef-890a-02a6845b4b32', 'terminal': 'my terminal'}
2024-12-19 08:46:11 - be.model.user - INFO - 尝试登录用户：buyer_5_30c52a34-bda2-11ef-890a-02a6845b4b32，终端：my terminal
2024-12-19 08:46:11 - be.model.user - INFO - 为用户 buyer_5_30c52a34-bda2-11ef-890a-02a6845b4b32 生成新token，终端：my terminal
2024-12-19 08:46:11 - be.model.user - INFO - 用户登录成功：buyer_5_30c52a34-bda2-11ef-890a-02a6845b4b32
2024-12-19 08:46:12 - be.view.auth - INFO - 登录处理结果: 200
2024-12-19 08:46:12 - werkzeug - INFO - 127.0.0.1 - - [19/Dec/2024 08:46:12] "POST /auth/login HTTP/1.1" 200 -
2024-12-19 08:46:12 - be.view.auth - INFO - 收到登录请求: {'user_id': 'buyer_2_30c52a34-bda2-11ef-890a-02a6845b4b32', 'password': 'buyer_seller_2_30c52a34-bda2-11ef-890a-02a6845b4b32', 'terminal': 'my terminal'}
2024-12-19 08:46:12 - be.model.user - INFO - 尝试登录用户：buyer_2_30c52a34-bda2-11ef-890a-02a6845b4b32，终端：my terminal
2024-12-19 08:46:12 - be.model.user - INFO - 为用户 buyer_2_30c52a34-bda2-11ef-890a-02a6845b4b32 生成新token，终端：my terminal
2024-12-19 08:46:12 - be.model.user - INFO - 用户登录成功：buyer_2_30c52a34-bda2-11ef-890a-02a6845b4b32
2024-12-19 08:46:12 - be.view.auth - INFO - 登录处理结果: 200
2024-12-19 08:46:12 - werkzeug - INFO - 127.0.0.1 - - [19/Dec/2024 08:46:12] "POST /auth/login HTTP/1.1" 200 -
2024-12-19 08:46:12 - be.view.auth - INFO - 收到登录请求: {'user_id': 'buyer_4_30c52a34-bda2-11ef-890a-02a6845b4b32', 'password': 'buyer_seller_4_30c52a34-bda2-11ef-890a-02a6845b4b32', 'terminal': 'my terminal'}
2024-12-19 08:46:12 - be.model.user - INFO - 尝试登录用户：buyer_4_30c52a34-bda2-11ef-890a-02a6845b4b32，终端：my terminal
2024-12-19 08:46:12 - be.model.user - INFO - 为用户 buyer_4_30c52a34-bda2-11ef-890a-02a6845b4b32 生成新token，终端：my terminal
2024-12-19 08:46:12 - be.model.user - INFO - 用户登录成功：buyer_4_30c52a34-bda2-11ef-890a-02a6845b4b32
2024-12-19 08:46:12 - be.view.auth - INFO - 登录处理结果: 200
2024-12-19 08:46:12 - werkzeug - INFO - 127.0.0.1 - - [19/Dec/2024 08:46:12] "POST /auth/login HTTP/1.1" 200 -
2024-12-19 08:46:12 - be.view.auth - INFO - 收到登录请求: {'user_id': 'buyer_7_30c52a34-bda2-11ef-890a-02a6845b4b32', 'password': 'buyer_seller_7_30c52a34-bda2-11ef-890a-02a6845b4b32', 'terminal': 'my terminal'}
2024-12-19 08:46:12 - be.model.user - INFO - 尝试登录用户：buyer_7_30c52a34-bda2-11ef-890a-02a6845b4b32，终端：my terminal
2024-12-19 08:46:12 - be.model.user - INFO - 为用户 buyer_7_30c52a34-bda2-11ef-890a-02a6845b4b32 生成新token，终端：my terminal
2024-12-19 08:46:12 - be.model.user - INFO - 用户登录成功：buyer_7_30c52a34-bda2-11ef-890a-02a6845b4b32
2024-12-19 08:46:12 - be.view.auth - INFO - 登录处理结果: 200
2024-12-19 08:46:12 - werkzeug - INFO - 127.0.0.1 - - [19/Dec/2024 08:46:12] "POST /auth/login HTTP/1.1" 200 -
2024-12-19 08:46:12 - be.view.auth - INFO - 收到登录请求: {'user_id': 'buyer_9_30c52a34-bda2-11ef-890a-02a6845b4b32', 'password': 'buyer_seller_9_30c52a34-bda2-11ef-890a-02a6845b4b32', 'terminal': 'my terminal'}
2024-12-19 08:46:12 - be.model.user - INFO - 尝试登录用户：buyer_9_30c52a34-bda2-11ef-890a-02a6845b4b32，终端：my terminal
2024-12-19 08:46:13 - be.model.user - INFO - 为用户 buyer_9_30c52a34-bda2-11ef-890a-02a6845b4b32 生成新token，终端：my terminal
2024-12-19 08:46:13 - be.model.user - INFO - 用户登录成功：buyer_9_30c52a34-bda2-11ef-890a-02a6845b4b32
2024-12-19 08:46:13 - be.view.auth - INFO - 登录处理结果: 200
2024-12-19 08:46:13 - werkzeug - INFO - 127.0.0.1 - - [19/Dec/2024 08:46:13] "POST /auth/login HTTP/1.1" 200 -
2024-12-19 08:46:13 - be.view.auth - INFO - 收到登录请求: {'user_id': 'buyer_6_30c52a34-bda2-11ef-890a-02a6845b4b32', 'password': 'buyer_seller_6_30c52a34-bda2-11ef-890a-02a6845b4b32', 'terminal': 'my terminal'}
2024-12-19 08:46:13 - be.model.user - INFO - 尝试登录用户：buyer_6_30c52a34-bda2-11ef-890a-02a6845b4b32，终端：my terminal
2024-12-19 08:46:13 - be.model.user - INFO - 为用户 buyer_6_30c52a34-bda2-11ef-890a-02a6845b4b32 生成新token，终端：my terminal
2024-12-19 08:46:13 - be.model.user - INFO - 用户登录成功：buyer_6_30c52a34-bda2-11ef-890a-02a6845b4b32
2024-12-19 08:46:13 - be.view.auth - INFO - 登录处理结果: 200
2024-12-19 08:46:13 - werkzeug - INFO - 127.0.0.1 - - [19/Dec/2024 08:46:13] "POST /auth/login HTTP/1.1" 200 -
2024-12-19 08:46:13 - be.view.auth - INFO - 收到登录请求: {'user_id': 'buyer_7_30c52a34-bda2-11ef-890a-02a6845b4b32', 'password': 'buyer_seller_7_30c52a34-bda2-11ef-890a-02a6845b4b32', 'terminal': 'my terminal'}
2024-12-19 08:46:13 - be.model.user - INFO - 尝试登录用户：buyer_7_30c52a34-bda2-11ef-890a-02a6845b4b32，终端：my terminal
2024-12-19 08:46:13 - be.model.user - INFO - 为用户 buyer_7_30c52a34-bda2-11ef-890a-02a6845b4b32 生成新token，终端：my terminal
2024-12-19 08:46:13 - be.model.user - INFO - 用户登录成功：buyer_7_30c52a34-bda2-11ef-890a-02a6845b4b32
2024-12-19 08:46:13 - be.view.auth - INFO - 登录处理结果: 200
2024-12-19 08:46:13 - werkzeug - INFO - 127.0.0.1 - - [19/Dec/2024 08:46:13] "POST /auth/login HTTP/1.1" 200 -
2024-12-19 08:46:13 - be.view.auth - INFO - 收到登录请求: {'user_id': 'buyer_7_30c52a34-bda2-11ef-890a-02a6845b4b32', 'password': 'buyer_seller_7_30c52a34-bda2-11ef-890a-02a6845b4b32', 'terminal': 'my terminal'}
2024-12-19 08:46:13 - be.model.user - INFO - 尝试登录用户：buyer_7_30c52a34-bda2-11ef-890a-02a6845b4b32，终端：my terminal
2024-12-19 08:46:14 - be.model.user - INFO - 为用户 buyer_7_30c52a34-bda2-11ef-890a-02a6845b4b32 生成新token，终端：my terminal
2024-12-19 08:46:14 - be.model.user - INFO - 用户登录成功：buyer_7_30c52a34-bda2-11ef-890a-02a6845b4b32
2024-12-19 08:46:14 - be.view.auth - INFO - 登录处理结果: 200
2024-12-19 08:46:14 - werkzeug - INFO - 127.0.0.1 - - [19/Dec/2024 08:46:14] "POST /auth/login HTTP/1.1" 200 -
2024-12-19 08:46:14 - be.view.auth - INFO - 收到登录请求: {'user_id': 'buyer_6_30c52a34-bda2-11ef-890a-02a6845b4b32', 'password': 'buyer_seller_6_30c52a34-bda2-11ef-890a-02a6845b4b32', 'terminal': 'my terminal'}
2024-12-19 08:46:14 - be.model.user - INFO - 尝试登录用户：buyer_6_30c52a34-bda2-11ef-890a-02a6845b4b32，终端：my terminal
2024-12-19 08:46:14 - be.model.user - INFO - 为用户 buyer_6_30c52a34-bda2-11ef-890a-02a6845b4b32 生成新token，终端：my terminal
2024-12-19 08:46:14 - be.model.user - INFO - 用户登录成功：buyer_6_30c52a34-bda2-11ef-890a-02a6845b4b32
2024-12-19 08:46:14 - be.view.auth - INFO - 登录处理结果: 200
2024-12-19 08:46:14 - werkzeug - INFO - 127.0.0.1 - - [19/Dec/2024 08:46:14] "POST /auth/login HTTP/1.1" 200 -
2024-12-19 08:46:14 - be.view.auth - INFO - 收到登录请求: {'user_id': 'buyer_9_30c52a34-bda2-11ef-890a-02a6845b4b32', 'password': 'buyer_seller_9_30c52a34-bda2-11ef-890a-02a6845b4b32', 'terminal': 'my terminal'}
2024-12-19 08:46:14 - be.model.user - INFO - 尝试登录用户：buyer_9_30c52a34-bda2-11ef-890a-02a6845b4b32，终端：my terminal
2024-12-19 08:46:14 - be.model.user - INFO - 为用户 buyer_9_30c52a34-bda2-11ef-890a-02a6845b4b32 生成新token，终端：my terminal
2024-12-19 08:46:14 - be.model.user - INFO - 用户登录成功：buyer_9_30c52a34-bda2-11ef-890a-02a6845b4b32
2024-12-19 08:46:14 - be.view.auth - INFO - 登录处理结果: 200
2024-12-19 08:46:14 - werkzeug - INFO - 127.0.0.1 - - [19/Dec/2024 08:46:14] "POST /auth/login HTTP/1.1" 200 -
2024-12-19 08:46:14 - be.view.auth - INFO - 收到登录请求: {'user_id': 'buyer_10_30c52a34-bda2-11ef-890a-02a6845b4b32', 'password': 'buyer_seller_10_30c52a34-bda2-11ef-890a-02a6845b4b32', 'terminal': 'my terminal'}
2024-12-19 08:46:14 - be.model.user - INFO - 尝试登录用户：buyer_10_30c52a34-bda2-11ef-890a-02a6845b4b32，终端：my terminal
2024-12-19 08:46:15 - be.model.user - INFO - 为用户 buyer_10_30c52a34-bda2-11ef-890a-02a6845b4b32 生成新token，终端：my terminal
2024-12-19 08:46:15 - be.model.user - INFO - 用户登录成功：buyer_10_30c52a34-bda2-11ef-890a-02a6845b4b32
2024-12-19 08:46:15 - be.view.auth - INFO - 登录处理结果: 200
2024-12-19 08:46:15 - werkzeug - INFO - 127.0.0.1 - - [19/Dec/2024 08:46:15] "POST /auth/login HTTP/1.1" 200 -
2024-12-19 08:46:15 - be.view.auth - INFO - 收到登录请求: {'user_id': 'buyer_1_30c52a34-bda2-11ef-890a-02a6845b4b32', 'password': 'buyer_seller_1_30c52a34-bda2-11ef-890a-02a6845b4b32', 'terminal': 'my terminal'}
2024-12-19 08:46:15 - be.model.user - INFO - 尝试登录用户：buyer_1_30c52a34-bda2-11ef-890a-02a6845b4b32，终端：my terminal
2024-12-19 08:46:15 - be.model.user - INFO - 为用户 buyer_1_30c52a34-bda2-11ef-890a-02a6845b4b32 生成新token，终端：my terminal
2024-12-19 08:46:15 - be.model.user - INFO - 用户登录成功：buyer_1_30c52a34-bda2-11ef-890a-02a6845b4b32
2024-12-19 08:46:15 - be.view.auth - INFO - 登录处理结果: 200
2024-12-19 08:46:15 - werkzeug - INFO - 127.0.0.1 - - [19/Dec/2024 08:46:15] "POST /auth/login HTTP/1.1" 200 -
2024-12-19 08:46:15 - be.view.auth - INFO - 收到登录请求: {'user_id': 'buyer_3_30c52a34-bda2-11ef-890a-02a6845b4b32', 'password': 'buyer_seller_3_30c52a34-bda2-11ef-890a-02a6845b4b32', 'terminal': 'my terminal'}
2024-12-19 08:46:15 - be.model.user - INFO - 尝试登录用户：buyer_3_30c52a34-bda2-11ef-890a-02a6845b4b32，终端：my terminal
2024-12-19 08:46:15 - be.model.user - INFO - 为用户 buyer_3_30c52a34-bda2-11ef-890a-02a6845b4b32 生成新token，终端：my terminal
2024-12-19 08:46:15 - be.model.user - INFO - 用户登录成功：buyer_3_30c52a34-bda2-11ef-890a-02a6845b4b32
2024-12-19 08:46:16 - be.view.auth - INFO - 登录处理结果: 200
2024-12-19 08:46:16 - werkzeug - INFO - 127.0.0.1 - - [19/Dec/2024 08:46:16] "POST /auth/login HTTP/1.1" 200 -
2024-12-19 08:46:16 - be.view.auth - INFO - 收到登录请求: {'user_id': 'buyer_6_30c52a34-bda2-11ef-890a-02a6845b4b32', 'password': 'buyer_seller_6_30c52a34-bda2-11ef-890a-02a6845b4b32', 'terminal': 'my terminal'}
2024-12-19 08:46:16 - be.model.user - INFO - 尝试登录用户：buyer_6_30c52a34-bda2-11ef-890a-02a6845b4b32，终端：my terminal
2024-12-19 08:46:16 - be.model.user - INFO - 为用户 buyer_6_30c52a34-bda2-11ef-890a-02a6845b4b32 生成新token，终端：my terminal
2024-12-19 08:46:16 - be.model.user - INFO - 用户登录成功：buyer_6_30c52a34-bda2-11ef-890a-02a6845b4b32
2024-12-19 08:46:16 - be.view.auth - INFO - 登录处理结果: 200
2024-12-19 08:46:16 - werkzeug - INFO - 127.0.0.1 - - [19/Dec/2024 08:46:16] "POST /auth/login HTTP/1.1" 200 -
2024-12-19 08:46:16 - be.view.auth - INFO - 收到登录请求: {'user_id': 'buyer_9_30c52a34-bda2-11ef-890a-02a6845b4b32', 'password': 'buyer_seller_9_30c52a34-bda2-11ef-890a-02a6845b4b32', 'terminal': 'my terminal'}
2024-12-19 08:46:16 - be.model.user - INFO - 尝试登录用户：buyer_9_30c52a34-bda2-11ef-890a-02a6845b4b32，终端：my terminal
2024-12-19 08:46:16 - be.model.user - INFO - 为用户 buyer_9_30c52a34-bda2-11ef-890a-02a6845b4b32 生成新token，终端：my terminal
2024-12-19 08:46:16 - be.model.user - INFO - 用户登录成功：buyer_9_30c52a34-bda2-11ef-890a-02a6845b4b32
2024-12-19 08:46:16 - be.view.auth - INFO - 登录处理结果: 200
2024-12-19 08:46:16 - werkzeug - INFO - 127.0.0.1 - - [19/Dec/2024 08:46:16] "POST /auth/login HTTP/1.1" 200 -
2024-12-19 08:46:16 - be.view.auth - INFO - 收到登录请求: {'user_id': 'buyer_2_30c52a34-bda2-11ef-890a-02a6845b4b32', 'password': 'buyer_seller_2_30c52a34-bda2-11ef-890a-02a6845b4b32', 'terminal': 'my terminal'}
2024-12-19 08:46:16 - be.model.user - INFO - 尝试登录用户：buyer_2_30c52a34-bda2-11ef-890a-02a6845b4b32，终端：my terminal
2024-12-19 08:46:16 - be.model.user - INFO - 为用户 buyer_2_30c52a34-bda2-11ef-890a-02a6845b4b32 生成新token，终端：my terminal
2024-12-19 08:46:16 - be.model.user - INFO - 用户登录成功：buyer_2_30c52a34-bda2-11ef-890a-02a6845b4b32
2024-12-19 08:46:17 - be.view.auth - INFO - 登录处理结果: 200
2024-12-19 08:46:17 - werkzeug - INFO - 127.0.0.1 - - [19/Dec/2024 08:46:17] "POST /auth/login HTTP/1.1" 200 -
2024-12-19 08:46:17 - be.view.auth - INFO - 收到登录请求: {'user_id': 'buyer_5_30c52a34-bda2-11ef-890a-02a6845b4b32', 'password': 'buyer_seller_5_30c52a34-bda2-11ef-890a-02a6845b4b32', 'terminal': 'my terminal'}
2024-12-19 08:46:17 - be.model.user - INFO - 尝试登录用户：buyer_5_30c52a34-bda2-11ef-890a-02a6845b4b32，终端：my terminal
2024-12-19 08:46:17 - be.model.user - INFO - 为用户 buyer_5_30c52a34-bda2-11ef-890a-02a6845b4b32 生成新token，终端：my terminal
2024-12-19 08:46:17 - be.model.user - INFO - 用户登录成功：buyer_5_30c52a34-bda2-11ef-890a-02a6845b4b32
2024-12-19 08:46:17 - be.view.auth - INFO - 登录处理结果: 200
2024-12-19 08:46:17 - werkzeug - INFO - 127.0.0.1 - - [19/Dec/2024 08:46:17] "POST /auth/login HTTP/1.1" 200 -
2024-12-19 08:46:17 - be.view.auth - INFO - 收到登录请求: {'user_id': 'buyer_3_30c52a34-bda2-11ef-890a-02a6845b4b32', 'password': 'buyer_seller_3_30c52a34-bda2-11ef-890a-02a6845b4b32', 'terminal': 'my terminal'}
2024-12-19 08:46:17 - be.model.user - INFO - 尝试登录用户：buyer_3_30c52a34-bda2-11ef-890a-02a6845b4b32，终端：my terminal
2024-12-19 08:46:17 - be.model.user - INFO - 为用户 buyer_3_30c52a34-bda2-11ef-890a-02a6845b4b32 生成新token，终端：my terminal
2024-12-19 08:46:17 - be.model.user - INFO - 用户登录成功：buyer_3_30c52a34-bda2-11ef-890a-02a6845b4b32
2024-12-19 08:46:17 - be.view.auth - INFO - 登录处理结果: 200
2024-12-19 08:46:17 - werkzeug - INFO - 127.0.0.1 - - [19/Dec/2024 08:46:17] "POST /auth/login HTTP/1.1" 200 -
2024-12-19 08:46:17 - be.view.auth - INFO - 收到登录请求: {'user_id': 'buyer_2_30c52a34-bda2-11ef-890a-02a6845b4b32', 'password': 'buyer_seller_2_30c52a34-bda2-11ef-890a-02a6845b4b32', 'terminal': 'my terminal'}
2024-12-19 08:46:17 - be.model.user - INFO - 尝试登录用户：buyer_2_30c52a34-bda2-11ef-890a-02a6845b4b32，终端：my terminal
2024-12-19 08:46:17 - be.model.user - INFO - 为用户 buyer_2_30c52a34-bda2-11ef-890a-02a6845b4b32 生成新token，终端：my terminal
2024-12-19 08:46:17 - be.model.user - INFO - 用户登录成功：buyer_2_30c52a34-bda2-11ef-890a-02a6845b4b32
2024-12-19 08:46:18 - be.view.auth - INFO - 登录处理结果: 200
2024-12-19 08:46:18 - werkzeug - INFO - 127.0.0.1 - - [19/Dec/2024 08:46:18] "POST /auth/login HTTP/1.1" 200 -
2024-12-19 08:46:18 - be.view.auth - INFO - 收到登录请求: {'user_id': 'buyer_4_30c52a34-bda2-11ef-890a-02a6845b4b32', 'password': 'buyer_seller_4_30c52a34-bda2-11ef-890a-02a6845b4b32', 'terminal': 'my terminal'}
2024-12-19 08:46:18 - be.model.user - INFO - 尝试登录用户：buyer_4_30c52a34-bda2-11ef-890a-02a6845b4b32，终端：my terminal
2024-12-19 08:46:18 - be.model.user - INFO - 为用户 buyer_4_30c52a34-bda2-11ef-890a-02a6845b4b32 生成新token，终端：my terminal
2024-12-19 08:46:18 - be.model.user - INFO - 用户登录成功：buyer_4_30c52a34-bda2-11ef-890a-02a6845b4b32
2024-12-19 08:46:18 - be.view.auth - INFO - 登录处理结果: 200
2024-12-19 08:46:18 - werkzeug - INFO - 127.0.0.1 - - [19/Dec/2024 08:46:18] "POST /auth/login HTTP/1.1" 200 -
2024-12-19 08:46:18 - be.view.auth - INFO - 收到登录请求: {'user_id': 'buyer_1_30c52a34-bda2-11ef-890a-02a6845b4b32', 'password': 'buyer_seller_1_30c52a34-bda2-11ef-890a-02a6845b4b32', 'terminal': 'my terminal'}
2024-12-19 08:46:18 - be.model.user - INFO - 尝试登录用户：buyer_1_30c52a34-bda2-11ef-890a-02a6845b4b32，终端：my terminal
2024-12-19 08:46:18 - be.model.user - INFO - 为用户 buyer_1_30c52a34-bda2-11ef-890a-02a6845b4b32 生成新token，终端：my terminal
2024-12-19 08:46:18 - be.model.user - INFO - 用户登录成功：buyer_1_30c52a34-bda2-11ef-890a-02a6845b4b32
2024-12-19 08:46:18 - be.view.auth - INFO - 登录处理结果: 200
2024-12-19 08:46:18 - werkzeug - INFO - 127.0.0.1 - - [19/Dec/2024 08:46:18] "POST /auth/login HTTP/1.1" 200 -
2024-12-19 08:46:18 - be.view.auth - INFO - 收到登录请求: {'user_id': 'buyer_1_30c52a34-bda2-11ef-890a-02a6845b4b32', 'password': 'buyer_seller_1_30c52a34-bda2-11ef-890a-02a6845b4b32', 'terminal': 'my terminal'}
2024-12-19 08:46:18 - be.model.user - INFO - 尝试登录用户：buyer_1_30c52a34-bda2-11ef-890a-02a6845b4b32，终端：my terminal
2024-12-19 08:46:18 - be.model.user - INFO - 为用户 buyer_1_30c52a34-bda2-11ef-890a-02a6845b4b32 生成新token，终端：my terminal
2024-12-19 08:46:18 - be.model.user - INFO - 用户登录成功：buyer_1_30c52a34-bda2-11ef-890a-02a6845b4b32
2024-12-19 08:46:18 - be.view.auth - INFO - 登录处理结果: 200
2024-12-19 08:46:18 - werkzeug - INFO - 127.0.0.1 - - [19/Dec/2024 08:46:18] "POST /auth/login HTTP/1.1" 200 -
2024-12-19 08:46:18 - be.view.auth - INFO - 收到登录请求: {'user_id': 'buyer_3_30c52a34-bda2-11ef-890a-02a6845b4b32', 'password': 'buyer_seller_3_30c52a34-bda2-11ef-890a-02a6845b4b32', 'terminal': 'my terminal'}
2024-12-19 08:46:18 - be.model.user - INFO - 尝试登录用户：buyer_3_30c52a34-bda2-11ef-890a-02a6845b4b32，终端：my terminal
2024-12-19 08:46:18 - be.model.user - INFO - 为用户 buyer_3_30c52a34-bda2-11ef-890a-02a6845b4b32 生成新token，终端：my terminal
2024-12-19 08:46:18 - be.model.user - INFO - 用户登录成功：buyer_3_30c52a34-bda2-11ef-890a-02a6845b4b32
2024-12-19 08:46:19 - be.view.auth - INFO - 登录处理结果: 200
2024-12-19 08:46:19 - werkzeug - INFO - 127.0.0.1 - - [19/Dec/2024 08:46:19] "POST /auth/login HTTP/1.1" 200 -
2024-12-19 08:46:19 - be.view.auth - INFO - 收到登录请求: {'user_id': 'buyer_10_30c52a34-bda2-11ef-890a-02a6845b4b32', 'password': 'buyer_seller_10_30c52a34-bda2-11ef-890a-02a6845b4b32', 'terminal': 'my terminal'}
2024-12-19 08:46:19 - be.model.user - INFO - 尝试登录用户：buyer_10_30c52a34-bda2-11ef-890a-02a6845b4b32，终端：my terminal
2024-12-19 08:46:19 - be.model.user - INFO - 为用户 buyer_10_30c52a34-bda2-11ef-890a-02a6845b4b32 生成新token，终端：my terminal
2024-12-19 08:46:19 - be.model.user - INFO - 用户登录成功：buyer_10_30c52a34-bda2-11ef-890a-02a6845b4b32
2024-12-19 08:46:19 - be.view.auth - INFO - 登录处理结果: 200
2024-12-19 08:46:19 - werkzeug - INFO - 127.0.0.1 - - [19/Dec/2024 08:46:19] "POST /auth/login HTTP/1.1" 200 -
2024-12-19 08:46:19 - be.view.auth - INFO - 收到登录请求: {'user_id': 'buyer_5_30c52a34-bda2-11ef-890a-02a6845b4b32', 'password': 'buyer_seller_5_30c52a34-bda2-11ef-890a-02a6845b4b32', 'terminal': 'my terminal'}
2024-12-19 08:46:19 - be.model.user - INFO - 尝试登录用户：buyer_5_30c52a34-bda2-11ef-890a-02a6845b4b32，终端：my terminal
2024-12-19 08:46:19 - be.model.user - INFO - 为用户 buyer_5_30c52a34-bda2-11ef-890a-02a6845b4b32 生成新token，终端：my terminal
2024-12-19 08:46:19 - be.model.user - INFO - 用户登录成功：buyer_5_30c52a34-bda2-11ef-890a-02a6845b4b32
2024-12-19 08:46:19 - be.view.auth - INFO - 登录处理结果: 200
2024-12-19 08:46:19 - werkzeug - INFO - 127.0.0.1 - - [19/Dec/2024 08:46:19] "POST /auth/login HTTP/1.1" 200 -
2024-12-19 08:46:19 - be.view.auth - INFO - 收到登录请求: {'user_id': 'buyer_3_30c52a34-bda2-11ef-890a-02a6845b4b32', 'password': 'buyer_seller_3_30c52a34-bda2-11ef-890a-02a6845b4b32', 'terminal': 'my terminal'}
2024-12-19 08:46:19 - be.model.user - INFO - 尝试登录用户：buyer_3_30c52a34-bda2-11ef-890a-02a6845b4b32，终端：my terminal
2024-12-19 08:46:19 - be.model.user - INFO - 为用户 buyer_3_30c52a34-bda2-11ef-890a-02a6845b4b32 生成新token，终端：my terminal
2024-12-19 08:46:19 - be.model.user - INFO - 用户登录成功：buyer_3_30c52a34-bda2-11ef-890a-02a6845b4b32
2024-12-19 08:46:19 - be.view.auth - INFO - 登录处理结果: 200
2024-12-19 08:46:19 - werkzeug - INFO - 127.0.0.1 - - [19/Dec/2024 08:46:19] "POST /auth/login HTTP/1.1" 200 -
2024-12-19 08:46:19 - be.view.auth - INFO - 收到登录请求: {'user_id': 'buyer_3_30c52a34-bda2-11ef-890a-02a6845b4b32', 'password': 'buyer_seller_3_30c52a34-bda2-11ef-890a-02a6845b4b32', 'terminal': 'my terminal'}
2024-12-19 08:46:19 - be.model.user - INFO - 尝试登录用户：buyer_3_30c52a34-bda2-11ef-890a-02a6845b4b32，终端：my terminal
2024-12-19 08:46:20 - be.model.user - INFO - 为用户 buyer_3_30c52a34-bda2-11ef-890a-02a6845b4b32 生成新token，终端：my terminal
2024-12-19 08:46:20 - be.model.user - INFO - 用户登录成功：buyer_3_30c52a34-bda2-11ef-890a-02a6845b4b32
2024-12-19 08:46:20 - be.view.auth - INFO - 登录处理结果: 200
2024-12-19 08:46:20 - werkzeug - INFO - 127.0.0.1 - - [19/Dec/2024 08:46:20] "POST /auth/login HTTP/1.1" 200 -
2024-12-19 08:46:20 - be.view.auth - INFO - 收到登录请求: {'user_id': 'buyer_1_30c52a34-bda2-11ef-890a-02a6845b4b32', 'password': 'buyer_seller_1_30c52a34-bda2-11ef-890a-02a6845b4b32', 'terminal': 'my terminal'}
2024-12-19 08:46:20 - be.model.user - INFO - 尝试登录用户：buyer_1_30c52a34-bda2-11ef-890a-02a6845b4b32，终端：my terminal
2024-12-19 08:46:20 - be.model.user - INFO - 为用户 buyer_1_30c52a34-bda2-11ef-890a-02a6845b4b32 生成新token，终端：my terminal
2024-12-19 08:46:20 - be.model.user - INFO - 用户登录成功：buyer_1_30c52a34-bda2-11ef-890a-02a6845b4b32
2024-12-19 08:46:20 - be.view.auth - INFO - 登录处理结果: 200
2024-12-19 08:46:20 - werkzeug - INFO - 127.0.0.1 - - [19/Dec/2024 08:46:20] "POST /auth/login HTTP/1.1" 200 -
2024-12-19 08:46:20 - be.view.auth - INFO - 收到登录请求: {'user_id': 'buyer_5_30c52a34-bda2-11ef-890a-02a6845b4b32', 'password': 'buyer_seller_5_30c52a34-bda2-11ef-890a-02a6845b4b32', 'terminal': 'my terminal'}
2024-12-19 08:46:20 - be.model.user - INFO - 尝试登录用户：buyer_5_30c52a34-bda2-11ef-890a-02a6845b4b32，终端：my terminal
2024-12-19 08:46:20 - be.model.user - INFO - 为用户 buyer_5_30c52a34-bda2-11ef-890a-02a6845b4b32 生成新token，终端：my terminal
2024-12-19 08:46:20 - be.model.user - INFO - 用户登录成功：buyer_5_30c52a34-bda2-11ef-890a-02a6845b4b32
2024-12-19 08:46:20 - be.view.auth - INFO - 登录处理结果: 200
2024-12-19 08:46:20 - werkzeug - INFO - 127.0.0.1 - - [19/Dec/2024 08:46:20] "POST /auth/login HTTP/1.1" 200 -
2024-12-19 08:46:20 - be.view.auth - INFO - 收到登录请求: {'user_id': 'buyer_5_30c52a34-bda2-11ef-890a-02a6845b4b32', 'password': 'buyer_seller_5_30c52a34-bda2-11ef-890a-02a6845b4b32', 'terminal': 'my terminal'}
2024-12-19 08:46:20 - be.model.user - INFO - 尝试登录用户：buyer_5_30c52a34-bda2-11ef-890a-02a6845b4b32，终端：my terminal
2024-12-19 08:46:20 - be.model.user - INFO - 为用户 buyer_5_30c52a34-bda2-11ef-890a-02a6845b4b32 生成新token，终端：my terminal
2024-12-19 08:46:20 - be.model.user - INFO - 用户登录成功：buyer_5_30c52a34-bda2-11ef-890a-02a6845b4b32
2024-12-19 08:46:20 - be.view.auth - INFO - 登录处理结果: 200
2024-12-19 08:46:20 - werkzeug - INFO - 127.0.0.1 - - [19/Dec/2024 08:46:20] "POST /auth/login HTTP/1.1" 200 -
2024-12-19 08:46:20 - be.view.auth - INFO - 收到登录请求: {'user_id': 'buyer_6_30c52a34-bda2-11ef-890a-02a6845b4b32', 'password': 'buyer_seller_6_30c52a34-bda2-11ef-890a-02a6845b4b32', 'terminal': 'my terminal'}
2024-12-19 08:46:20 - be.model.user - INFO - 尝试登录用户：buyer_6_30c52a34-bda2-11ef-890a-02a6845b4b32，终端：my terminal
2024-12-19 08:46:21 - be.model.user - INFO - 为用户 buyer_6_30c52a34-bda2-11ef-890a-02a6845b4b32 生成新token，终端：my terminal
2024-12-19 08:46:21 - be.model.user - INFO - 用户登录成功：buyer_6_30c52a34-bda2-11ef-890a-02a6845b4b32
2024-12-19 08:46:21 - be.view.auth - INFO - 登录处理结果: 200
2024-12-19 08:46:21 - werkzeug - INFO - 127.0.0.1 - - [19/Dec/2024 08:46:21] "POST /auth/login HTTP/1.1" 200 -
2024-12-19 08:46:21 - be.view.auth - INFO - 收到登录请求: {'user_id': 'buyer_8_30c52a34-bda2-11ef-890a-02a6845b4b32', 'password': 'buyer_seller_8_30c52a34-bda2-11ef-890a-02a6845b4b32', 'terminal': 'my terminal'}
2024-12-19 08:46:21 - be.model.user - INFO - 尝试登录用户：buyer_8_30c52a34-bda2-11ef-890a-02a6845b4b32，终端：my terminal
2024-12-19 08:46:21 - be.model.user - INFO - 为用户 buyer_8_30c52a34-bda2-11ef-890a-02a6845b4b32 生成新token，终端：my terminal
2024-12-19 08:46:21 - be.model.user - INFO - 用户登录成功：buyer_8_30c52a34-bda2-11ef-890a-02a6845b4b32
2024-12-19 08:46:21 - be.view.auth - INFO - 登录处理结果: 200
2024-12-19 08:46:21 - werkzeug - INFO - 127.0.0.1 - - [19/Dec/2024 08:46:21] "POST /auth/login HTTP/1.1" 200 -
2024-12-19 08:46:21 - be.view.auth - INFO - 收到登录请求: {'user_id': 'buyer_7_30c52a34-bda2-11ef-890a-02a6845b4b32', 'password': 'buyer_seller_7_30c52a34-bda2-11ef-890a-02a6845b4b32', 'terminal': 'my terminal'}
2024-12-19 08:46:21 - be.model.user - INFO - 尝试登录用户：buyer_7_30c52a34-bda2-11ef-890a-02a6845b4b32，终端：my terminal
2024-12-19 08:46:21 - be.model.user - INFO - 为用户 buyer_7_30c52a34-bda2-11ef-890a-02a6845b4b32 生成新token，终端：my terminal
2024-12-19 08:46:21 - be.model.user - INFO - 用户登录成功：buyer_7_30c52a34-bda2-11ef-890a-02a6845b4b32
2024-12-19 08:46:21 - be.view.auth - INFO - 登录处理结果: 200
2024-12-19 08:46:21 - werkzeug - INFO - 127.0.0.1 - - [19/Dec/2024 08:46:21] "POST /auth/login HTTP/1.1" 200 -
2024-12-19 08:46:21 - be.view.auth - INFO - 收到登录请求: {'user_id': 'buyer_10_30c52a34-bda2-11ef-890a-02a6845b4b32', 'password': 'buyer_seller_10_30c52a34-bda2-11ef-890a-02a6845b4b32', 'terminal': 'my terminal'}
2024-12-19 08:46:21 - be.model.user - INFO - 尝试登录用户：buyer_10_30c52a34-bda2-11ef-890a-02a6845b4b32，终端：my terminal
2024-12-19 08:46:21 - be.model.user - INFO - 为用户 buyer_10_30c52a34-bda2-11ef-890a-02a6845b4b32 生成新token，终端：my terminal
2024-12-19 08:46:21 - be.model.user - INFO - 用户登录成功：buyer_10_30c52a34-bda2-11ef-890a-02a6845b4b32
2024-12-19 08:46:22 - be.view.auth - INFO - 登录处理结果: 200
2024-12-19 08:46:22 - werkzeug - INFO - 127.0.0.1 - - [19/Dec/2024 08:46:22] "POST /auth/login HTTP/1.1" 200 -
2024-12-19 08:46:22 - be.view.auth - INFO - 收到登录请求: {'user_id': 'buyer_7_30c52a34-bda2-11ef-890a-02a6845b4b32', 'password': 'buyer_seller_7_30c52a34-bda2-11ef-890a-02a6845b4b32', 'terminal': 'my terminal'}
2024-12-19 08:46:22 - be.model.user - INFO - 尝试登录用户：buyer_7_30c52a34-bda2-11ef-890a-02a6845b4b32，终端：my terminal
2024-12-19 08:46:22 - be.model.user - INFO - 为用户 buyer_7_30c52a34-bda2-11ef-890a-02a6845b4b32 生成新token，终端：my terminal
2024-12-19 08:46:22 - be.model.user - INFO - 用户登录成功：buyer_7_30c52a34-bda2-11ef-890a-02a6845b4b32
2024-12-19 08:46:22 - be.view.auth - INFO - 登录处理结果: 200
2024-12-19 08:46:22 - werkzeug - INFO - 127.0.0.1 - - [19/Dec/2024 08:46:22] "POST /auth/login HTTP/1.1" 200 -
2024-12-19 08:46:22 - be.view.auth - INFO - 收到登录请求: {'user_id': 'buyer_7_30c52a34-bda2-11ef-890a-02a6845b4b32', 'password': 'buyer_seller_7_30c52a34-bda2-11ef-890a-02a6845b4b32', 'terminal': 'my terminal'}
2024-12-19 08:46:22 - be.model.user - INFO - 尝试登录用户：buyer_7_30c52a34-bda2-11ef-890a-02a6845b4b32，终端：my terminal
2024-12-19 08:46:22 - be.model.user - INFO - 为用户 buyer_7_30c52a34-bda2-11ef-890a-02a6845b4b32 生成新token，终端：my terminal
2024-12-19 08:46:22 - be.model.user - INFO - 用户登录成功：buyer_7_30c52a34-bda2-11ef-890a-02a6845b4b32
2024-12-19 08:46:22 - be.view.auth - INFO - 登录处理结果: 200
2024-12-19 08:46:22 - werkzeug - INFO - 127.0.0.1 - - [19/Dec/2024 08:46:22] "POST /auth/login HTTP/1.1" 200 -
2024-12-19 08:46:22 - be.view.auth - INFO - 收到登录请求: {'user_id': 'buyer_4_30c52a34-bda2-11ef-890a-02a6845b4b32', 'password': 'buyer_seller_4_30c52a34-bda2-11ef-890a-02a6845b4b32', 'terminal': 'my terminal'}
2024-12-19 08:46:22 - be.model.user - INFO - 尝试登录用户：buyer_4_30c52a34-bda2-11ef-890a-02a6845b4b32，终端：my terminal
2024-12-19 08:46:22 - be.model.user - INFO - 为用户 buyer_4_30c52a34-bda2-11ef-890a-02a6845b4b32 生成新token，终端：my terminal
2024-12-19 08:46:22 - be.model.user - INFO - 用户登录成功：buyer_4_30c52a34-bda2-11ef-890a-02a6845b4b32
2024-12-19 08:46:22 - be.view.auth - INFO - 登录处理结果: 200
2024-12-19 08:46:22 - werkzeug - INFO - 127.0.0.1 - - [19/Dec/2024 08:46:22] "POST /auth/login HTTP/1.1" 200 -
2024-12-19 08:46:22 - be.view.auth - INFO - 收到登录请求: {'user_id': 'buyer_2_30c52a34-bda2-11ef-890a-02a6845b4b32', 'password': 'buyer_seller_2_30c52a34-bda2-11ef-890a-02a6845b4b32', 'terminal': 'my terminal'}
2024-12-19 08:46:22 - be.model.user - INFO - 尝试登录用户：buyer_2_30c52a34-bda2-11ef-890a-02a6845b4b32，终端：my terminal
2024-12-19 08:46:22 - be.model.user - INFO - 为用户 buyer_2_30c52a34-bda2-11ef-890a-02a6845b4b32 生成新token，终端：my terminal
2024-12-19 08:46:22 - be.model.user - INFO - 用户登录成功：buyer_2_30c52a34-bda2-11ef-890a-02a6845b4b32
2024-12-19 08:46:23 - be.view.auth - INFO - 登录处理结果: 200
2024-12-19 08:46:23 - werkzeug - INFO - 127.0.0.1 - - [19/Dec/2024 08:46:23] "POST /auth/login HTTP/1.1" 200 -
2024-12-19 08:46:23 - be.view.auth - INFO - 收到登录请求: {'user_id': 'buyer_4_30c52a34-bda2-11ef-890a-02a6845b4b32', 'password': 'buyer_seller_4_30c52a34-bda2-11ef-890a-02a6845b4b32', 'terminal': 'my terminal'}
2024-12-19 08:46:23 - be.model.user - INFO - 尝试登录用户：buyer_4_30c52a34-bda2-11ef-890a-02a6845b4b32，终端：my terminal
2024-12-19 08:46:23 - be.model.user - INFO - 为用户 buyer_4_30c52a34-bda2-11ef-890a-02a6845b4b32 生成新token，终端：my terminal
2024-12-19 08:46:23 - be.model.user - INFO - 用户登录成功：buyer_4_30c52a34-bda2-11ef-890a-02a6845b4b32
2024-12-19 08:46:23 - be.view.auth - INFO - 登录处理结果: 200
2024-12-19 08:46:23 - werkzeug - INFO - 127.0.0.1 - - [19/Dec/2024 08:46:23] "POST /auth/login HTTP/1.1" 200 -
2024-12-19 08:46:23 - be.view.auth - INFO - 收到登录请求: {'user_id': 'buyer_9_30c52a34-bda2-11ef-890a-02a6845b4b32', 'password': 'buyer_seller_9_30c52a34-bda2-11ef-890a-02a6845b4b32', 'terminal': 'my terminal'}
2024-12-19 08:46:23 - be.model.user - INFO - 尝试登录用户：buyer_9_30c52a34-bda2-11ef-890a-02a6845b4b32，终端：my terminal
2024-12-19 08:46:23 - be.model.user - INFO - 为用户 buyer_9_30c52a34-bda2-11ef-890a-02a6845b4b32 生成新token，终端：my terminal
2024-12-19 08:46:23 - be.model.user - INFO - 用户登录成功：buyer_9_30c52a34-bda2-11ef-890a-02a6845b4b32
2024-12-19 08:46:23 - be.view.auth - INFO - 登录处理结果: 200
2024-12-19 08:46:23 - werkzeug - INFO - 127.0.0.1 - - [19/Dec/2024 08:46:23] "POST /auth/login HTTP/1.1" 200 -
2024-12-19 08:46:23 - be.view.auth - INFO - 收到登录请求: {'user_id': 'buyer_5_30c52a34-bda2-11ef-890a-02a6845b4b32', 'password': 'buyer_seller_5_30c52a34-bda2-11ef-890a-02a6845b4b32', 'terminal': 'my terminal'}
2024-12-19 08:46:23 - be.model.user - INFO - 尝试登录用户：buyer_5_30c52a34-bda2-11ef-890a-02a6845b4b32，终端：my terminal
2024-12-19 08:46:23 - be.model.user - INFO - 为用户 buyer_5_30c52a34-bda2-11ef-890a-02a6845b4b32 生成新token，终端：my terminal
2024-12-19 08:46:23 - be.model.user - INFO - 用户登录成功：buyer_5_30c52a34-bda2-11ef-890a-02a6845b4b32
2024-12-19 08:46:23 - be.view.auth - INFO - 登录处理结果: 200
2024-12-19 08:46:23 - werkzeug - INFO - 127.0.0.1 - - [19/Dec/2024 08:46:23] "POST /auth/login HTTP/1.1" 200 -
2024-12-19 08:46:23 - be.view.auth - INFO - 收到登录请求: {'user_id': 'buyer_2_30c52a34-bda2-11ef-890a-02a6845b4b32', 'password': 'buyer_seller_2_30c52a34-bda2-11ef-890a-02a6845b4b32', 'terminal': 'my terminal'}
2024-12-19 08:46:23 - be.model.user - INFO - 尝试登录用户：buyer_2_30c52a34-bda2-11ef-890a-02a6845b4b32，终端：my terminal
2024-12-19 08:46:23 - be.model.user - INFO - 为用户 buyer_2_30c52a34-bda2-11ef-890a-02a6845b4b32 生成新token，终端：my terminal
2024-12-19 08:46:23 - be.model.user - INFO - 用户登录成功：buyer_2_30c52a34-bda2-11ef-890a-02a6845b4b32
2024-12-19 08:46:24 - be.view.auth - INFO - 登录处理结果: 200
2024-12-19 08:46:24 - werkzeug - INFO - 127.0.0.1 - - [19/Dec/2024 08:46:24] "POST /auth/login HTTP/1.1" 200 -
2024-12-19 08:46:24 - be.view.auth - INFO - 收到登录请求: {'user_id': 'buyer_1_30c52a34-bda2-11ef-890a-02a6845b4b32', 'password': 'buyer_seller_1_30c52a34-bda2-11ef-890a-02a6845b4b32', 'terminal': 'my terminal'}
2024-12-19 08:46:24 - be.model.user - INFO - 尝试登录用户：buyer_1_30c52a34-bda2-11ef-890a-02a6845b4b32，终端：my terminal
2024-12-19 08:46:24 - be.model.user - INFO - 为用户 buyer_1_30c52a34-bda2-11ef-890a-02a6845b4b32 生成新token，终端：my terminal
2024-12-19 08:46:24 - be.model.user - INFO - 用户登录成功：buyer_1_30c52a34-bda2-11ef-890a-02a6845b4b32
2024-12-19 08:46:24 - be.view.auth - INFO - 登录处理结果: 200
2024-12-19 08:46:24 - werkzeug - INFO - 127.0.0.1 - - [19/Dec/2024 08:46:24] "POST /auth/login HTTP/1.1" 200 -
2024-12-19 08:46:24 - be.view.auth - INFO - 收到登录请求: {'user_id': 'buyer_7_30c52a34-bda2-11ef-890a-02a6845b4b32', 'password': 'buyer_seller_7_30c52a34-bda2-11ef-890a-02a6845b4b32', 'terminal': 'my terminal'}
2024-12-19 08:46:24 - be.model.user - INFO - 尝试登录用户：buyer_7_30c52a34-bda2-11ef-890a-02a6845b4b32，终端：my terminal
2024-12-19 08:46:24 - be.model.user - INFO - 为用户 buyer_7_30c52a34-bda2-11ef-890a-02a6845b4b32 生成新token，终端：my terminal
2024-12-19 08:46:24 - be.model.user - INFO - 用户登录成功：buyer_7_30c52a34-bda2-11ef-890a-02a6845b4b32
2024-12-19 08:46:24 - be.view.auth - INFO - 登录处理结果: 200
2024-12-19 08:46:24 - werkzeug - INFO - 127.0.0.1 - - [19/Dec/2024 08:46:24] "POST /auth/login HTTP/1.1" 200 -
2024-12-19 08:46:24 - be.view.auth - INFO - 收到登录请求: {'user_id': 'buyer_10_30c52a34-bda2-11ef-890a-02a6845b4b32', 'password': 'buyer_seller_10_30c52a34-bda2-11ef-890a-02a6845b4b32', 'terminal': 'my terminal'}
2024-12-19 08:46:24 - be.model.user - INFO - 尝试登录用户：buyer_10_30c52a34-bda2-11ef-890a-02a6845b4b32，终端：my terminal
2024-12-19 08:46:25 - be.model.user - INFO - 为用户 buyer_10_30c52a34-bda2-11ef-890a-02a6845b4b32 生成新token，终端：my terminal
2024-12-19 08:46:25 - be.model.user - INFO - 用户登录成功：buyer_10_30c52a34-bda2-11ef-890a-02a6845b4b32
2024-12-19 08:46:25 - be.view.auth - INFO - 登录处理结果: 200
2024-12-19 08:46:25 - werkzeug - INFO - 127.0.0.1 - - [19/Dec/2024 08:46:25] "POST /auth/login HTTP/1.1" 200 -
2024-12-19 08:46:25 - be.view.auth - INFO - 收到登录请求: {'user_id': 'buyer_2_30c52a34-bda2-11ef-890a-02a6845b4b32', 'password': 'buyer_seller_2_30c52a34-bda2-11ef-890a-02a6845b4b32', 'terminal': 'my terminal'}
2024-12-19 08:46:25 - be.model.user - INFO - 尝试登录用户：buyer_2_30c52a34-bda2-11ef-890a-02a6845b4b32，终端：my terminal
2024-12-19 08:46:25 - be.model.user - INFO - 为用户 buyer_2_30c52a34-bda2-11ef-890a-02a6845b4b32 生成新token，终端：my terminal
2024-12-19 08:46:25 - be.model.user - INFO - 用户登录成功：buyer_2_30c52a34-bda2-11ef-890a-02a6845b4b32
2024-12-19 08:46:25 - be.view.auth - INFO - 登录处理结果: 200
2024-12-19 08:46:25 - werkzeug - INFO - 127.0.0.1 - - [19/Dec/2024 08:46:25] "POST /auth/login HTTP/1.1" 200 -
2024-12-19 08:46:25 - be.view.auth - INFO - 收到登录请求: {'user_id': 'buyer_8_30c52a34-bda2-11ef-890a-02a6845b4b32', 'password': 'buyer_seller_8_30c52a34-bda2-11ef-890a-02a6845b4b32', 'terminal': 'my terminal'}
2024-12-19 08:46:25 - be.model.user - INFO - 尝试登录用户：buyer_8_30c52a34-bda2-11ef-890a-02a6845b4b32，终端：my terminal
2024-12-19 08:46:25 - be.model.user - INFO - 为用户 buyer_8_30c52a34-bda2-11ef-890a-02a6845b4b32 生成新token，终端：my terminal
2024-12-19 08:46:25 - be.model.user - INFO - 用户登录成功：buyer_8_30c52a34-bda2-11ef-890a-02a6845b4b32
2024-12-19 08:46:25 - be.view.auth - INFO - 登录处理结果: 200
2024-12-19 08:46:25 - werkzeug - INFO - 127.0.0.1 - - [19/Dec/2024 08:46:25] "POST /auth/login HTTP/1.1" 200 -
2024-12-19 08:46:25 - be.view.auth - INFO - 收到登录请求: {'user_id': 'buyer_5_30c52a34-bda2-11ef-890a-02a6845b4b32', 'password': 'buyer_seller_5_30c52a34-bda2-11ef-890a-02a6845b4b32', 'terminal': 'my terminal'}
2024-12-19 08:46:25 - be.model.user - INFO - 尝试登录用户：buyer_5_30c52a34-bda2-11ef-890a-02a6845b4b32，终端：my terminal
2024-12-19 08:46:25 - be.model.user - INFO - 为用户 buyer_5_30c52a34-bda2-11ef-890a-02a6845b4b32 生成新token，终端：my terminal
2024-12-19 08:46:25 - be.model.user - INFO - 用户登录成功：buyer_5_30c52a34-bda2-11ef-890a-02a6845b4b32
2024-12-19 08:46:26 - be.view.auth - INFO - 登录处理结果: 200
2024-12-19 08:46:26 - werkzeug - INFO - 127.0.0.1 - - [19/Dec/2024 08:46:26] "POST /auth/login HTTP/1.1" 200 -
2024-12-19 08:46:26 - be.view.auth - INFO - 收到登录请求: {'user_id': 'buyer_1_30c52a34-bda2-11ef-890a-02a6845b4b32', 'password': 'buyer_seller_1_30c52a34-bda2-11ef-890a-02a6845b4b32', 'terminal': 'my terminal'}
2024-12-19 08:46:26 - be.model.user - INFO - 尝试登录用户：buyer_1_30c52a34-bda2-11ef-890a-02a6845b4b32，终端：my terminal
2024-12-19 08:46:26 - be.model.user - INFO - 为用户 buyer_1_30c52a34-bda2-11ef-890a-02a6845b4b32 生成新token，终端：my terminal
2024-12-19 08:46:26 - be.model.user - INFO - 用户登录成功：buyer_1_30c52a34-bda2-11ef-890a-02a6845b4b32
2024-12-19 08:46:26 - be.view.auth - INFO - 登录处理结果: 200
2024-12-19 08:46:26 - werkzeug - INFO - 127.0.0.1 - - [19/Dec/2024 08:46:26] "POST /auth/login HTTP/1.1" 200 -
2024-12-19 08:46:26 - be.view.auth - INFO - 收到登录请求: {'user_id': 'buyer_2_30c52a34-bda2-11ef-890a-02a6845b4b32', 'password': 'buyer_seller_2_30c52a34-bda2-11ef-890a-02a6845b4b32', 'terminal': 'my terminal'}
2024-12-19 08:46:26 - be.model.user - INFO - 尝试登录用户：buyer_2_30c52a34-bda2-11ef-890a-02a6845b4b32，终端：my terminal
2024-12-19 08:46:26 - be.model.user - INFO - 为用户 buyer_2_30c52a34-bda2-11ef-890a-02a6845b4b32 生成新token，终端：my terminal
2024-12-19 08:46:26 - be.model.user - INFO - 用户登录成功：buyer_2_30c52a34-bda2-11ef-890a-02a6845b4b32
2024-12-19 08:46:26 - be.view.auth - INFO - 登录处理结果: 200
2024-12-19 08:46:26 - werkzeug - INFO - 127.0.0.1 - - [19/Dec/2024 08:46:26] "POST /auth/login HTTP/1.1" 200 -
2024-12-19 08:46:26 - be.view.auth - INFO - 收到登录请求: {'user_id': 'buyer_1_30c52a34-bda2-11ef-890a-02a6845b4b32', 'password': 'buyer_seller_1_30c52a34-bda2-11ef-890a-02a6845b4b32', 'terminal': 'my terminal'}
2024-12-19 08:46:26 - be.model.user - INFO - 尝试登录用户：buyer_1_30c52a34-bda2-11ef-890a-02a6845b4b32，终端：my terminal
2024-12-19 08:46:26 - be.model.user - INFO - 为用户 buyer_1_30c52a34-bda2-11ef-890a-02a6845b4b32 生成新token，终端：my terminal
2024-12-19 08:46:26 - be.model.user - INFO - 用户登录成功：buyer_1_30c52a34-bda2-11ef-890a-02a6845b4b32
2024-12-19 08:46:27 - be.view.auth - INFO - 登录处理结果: 200
2024-12-19 08:46:27 - werkzeug - INFO - 127.0.0.1 - - [19/Dec/2024 08:46:27] "POST /auth/login HTTP/1.1" 200 -
2024-12-19 08:46:27 - be.view.auth - INFO - 收到登录请求: {'user_id': 'buyer_3_30c52a34-bda2-11ef-890a-02a6845b4b32', 'password': 'buyer_seller_3_30c52a34-bda2-11ef-890a-02a6845b4b32', 'terminal': 'my terminal'}
2024-12-19 08:46:27 - be.model.user - INFO - 尝试登录用户：buyer_3_30c52a34-bda2-11ef-890a-02a6845b4b32，终端：my terminal
2024-12-19 08:46:27 - be.model.user - INFO - 为用户 buyer_3_30c52a34-bda2-11ef-890a-02a6845b4b32 生成新token，终端：my terminal
2024-12-19 08:46:27 - be.model.user - INFO - 用户登录成功：buyer_3_30c52a34-bda2-11ef-890a-02a6845b4b32
2024-12-19 08:46:27 - be.view.auth - INFO - 登录处理结果: 200
2024-12-19 08:46:27 - werkzeug - INFO - 127.0.0.1 - - [19/Dec/2024 08:46:27] "POST /auth/login HTTP/1.1" 200 -
2024-12-19 08:46:27 - be.view.auth - INFO - 收到登录请求: {'user_id': 'buyer_6_30c52a34-bda2-11ef-890a-02a6845b4b32', 'password': 'buyer_seller_6_30c52a34-bda2-11ef-890a-02a6845b4b32', 'terminal': 'my terminal'}
2024-12-19 08:46:27 - be.model.user - INFO - 尝试登录用户：buyer_6_30c52a34-bda2-11ef-890a-02a6845b4b32，终端：my terminal
2024-12-19 08:46:27 - be.model.user - INFO - 为用户 buyer_6_30c52a34-bda2-11ef-890a-02a6845b4b32 生成新token，终端：my terminal
2024-12-19 08:46:27 - be.model.user - INFO - 用户登录成功：buyer_6_30c52a34-bda2-11ef-890a-02a6845b4b32
2024-12-19 08:46:27 - be.view.auth - INFO - 登录处理结果: 200
2024-12-19 08:46:27 - werkzeug - INFO - 127.0.0.1 - - [19/Dec/2024 08:46:27] "POST /auth/login HTTP/1.1" 200 -
2024-12-19 08:46:27 - be.view.auth - INFO - 收到登录请求: {'user_id': 'buyer_6_30c52a34-bda2-11ef-890a-02a6845b4b32', 'password': 'buyer_seller_6_30c52a34-bda2-11ef-890a-02a6845b4b32', 'terminal': 'my terminal'}
2024-12-19 08:46:27 - be.model.user - INFO - 尝试登录用户：buyer_6_30c52a34-bda2-11ef-890a-02a6845b4b32，终端：my terminal
2024-12-19 08:46:27 - be.model.user - INFO - 为用户 buyer_6_30c52a34-bda2-11ef-890a-02a6845b4b32 生成新token，终端：my terminal
2024-12-19 08:46:27 - be.model.user - INFO - 用户登录成功：buyer_6_30c52a34-bda2-11ef-890a-02a6845b4b32
2024-12-19 08:46:27 - be.view.auth - INFO - 登录处理结果: 200
2024-12-19 08:46:27 - werkzeug - INFO - 127.0.0.1 - - [19/Dec/2024 08:46:27] "POST /auth/login HTTP/1.1" 200 -
2024-12-19 08:46:27 - be.view.auth - INFO - 收到登录请求: {'user_id': 'buyer_1_30c52a34-bda2-11ef-890a-02a6845b4b32', 'password': 'buyer_seller_1_30c52a34-bda2-11ef-890a-02a6845b4b32', 'terminal': 'my terminal'}
2024-12-19 08:46:27 - be.model.user - INFO - 尝试登录用户：buyer_1_30c52a34-bda2-11ef-890a-02a6845b4b32，终端：my terminal
2024-12-19 08:46:28 - be.model.user - INFO - 为用户 buyer_1_30c52a34-bda2-11ef-890a-02a6845b4b32 生成新token，终端：my terminal
2024-12-19 08:46:28 - be.model.user - INFO - 用户登录成功：buyer_1_30c52a34-bda2-11ef-890a-02a6845b4b32
2024-12-19 08:46:28 - be.view.auth - INFO - 登录处理结果: 200
2024-12-19 08:46:28 - werkzeug - INFO - 127.0.0.1 - - [19/Dec/2024 08:46:28] "POST /auth/login HTTP/1.1" 200 -
2024-12-19 08:46:28 - be.view.auth - INFO - 收到登录请求: {'user_id': 'buyer_7_30c52a34-bda2-11ef-890a-02a6845b4b32', 'password': 'buyer_seller_7_30c52a34-bda2-11ef-890a-02a6845b4b32', 'terminal': 'my terminal'}
2024-12-19 08:46:28 - be.model.user - INFO - 尝试登录用户：buyer_7_30c52a34-bda2-11ef-890a-02a6845b4b32，终端：my terminal
2024-12-19 08:46:28 - be.model.user - INFO - 为用户 buyer_7_30c52a34-bda2-11ef-890a-02a6845b4b32 生成新token，终端：my terminal
2024-12-19 08:46:28 - be.model.user - INFO - 用户登录成功：buyer_7_30c52a34-bda2-11ef-890a-02a6845b4b32
2024-12-19 08:46:28 - be.view.auth - INFO - 登录处理结果: 200
2024-12-19 08:46:28 - werkzeug - INFO - 127.0.0.1 - - [19/Dec/2024 08:46:28] "POST /auth/login HTTP/1.1" 200 -
2024-12-19 08:46:28 - be.view.auth - INFO - 收到登录请求: {'user_id': 'buyer_4_30c52a34-bda2-11ef-890a-02a6845b4b32', 'password': 'buyer_seller_4_30c52a34-bda2-11ef-890a-02a6845b4b32', 'terminal': 'my terminal'}
2024-12-19 08:46:28 - be.model.user - INFO - 尝试登录用户：buyer_4_30c52a34-bda2-11ef-890a-02a6845b4b32，终端：my terminal
2024-12-19 08:46:28 - be.model.user - INFO - 为用户 buyer_4_30c52a34-bda2-11ef-890a-02a6845b4b32 生成新token，终端：my terminal
2024-12-19 08:46:28 - be.model.user - INFO - 用户登录成功：buyer_4_30c52a34-bda2-11ef-890a-02a6845b4b32
2024-12-19 08:46:28 - be.view.auth - INFO - 登录处理结果: 200
2024-12-19 08:46:28 - werkzeug - INFO - 127.0.0.1 - - [19/Dec/2024 08:46:28] "POST /auth/login HTTP/1.1" 200 -
2024-12-19 08:46:28 - be.view.auth - INFO - 收到登录请求: {'user_id': 'buyer_8_30c52a34-bda2-11ef-890a-02a6845b4b32', 'password': 'buyer_seller_8_30c52a34-bda2-11ef-890a-02a6845b4b32', 'terminal': 'my terminal'}
2024-12-19 08:46:28 - be.model.user - INFO - 尝试登录用户：buyer_8_30c52a34-bda2-11ef-890a-02a6845b4b32，终端：my terminal
2024-12-19 08:46:28 - be.model.user - INFO - 为用户 buyer_8_30c52a34-bda2-11ef-890a-02a6845b4b32 生成新token，终端：my terminal
2024-12-19 08:46:28 - be.model.user - INFO - 用户登录成功：buyer_8_30c52a34-bda2-11ef-890a-02a6845b4b32
2024-12-19 08:46:28 - be.view.auth - INFO - 登录处理结果: 200
2024-12-19 08:46:28 - werkzeug - INFO - 127.0.0.1 - - [19/Dec/2024 08:46:28] "POST /auth/login HTTP/1.1" 200 -
2024-12-19 08:46:28 - be.view.auth - INFO - 收到登录请求: {'user_id': 'buyer_2_30c52a34-bda2-11ef-890a-02a6845b4b32', 'password': 'buyer_seller_2_30c52a34-bda2-11ef-890a-02a6845b4b32', 'terminal': 'my terminal'}
2024-12-19 08:46:28 - be.model.user - INFO - 尝试登录用户：buyer_2_30c52a34-bda2-11ef-890a-02a6845b4b32，终端：my terminal
2024-12-19 08:46:29 - be.model.user - INFO - 为用户 buyer_2_30c52a34-bda2-11ef-890a-02a6845b4b32 生成新token，终端：my terminal
2024-12-19 08:46:29 - be.model.user - INFO - 用户登录成功：buyer_2_30c52a34-bda2-11ef-890a-02a6845b4b32
2024-12-19 08:46:29 - be.view.auth - INFO - 登录处理结果: 200
2024-12-19 08:46:29 - werkzeug - INFO - 127.0.0.1 - - [19/Dec/2024 08:46:29] "POST /auth/login HTTP/1.1" 200 -
2024-12-19 08:46:29 - be.view.auth - INFO - 收到登录请求: {'user_id': 'buyer_1_30c52a34-bda2-11ef-890a-02a6845b4b32', 'password': 'buyer_seller_1_30c52a34-bda2-11ef-890a-02a6845b4b32', 'terminal': 'my terminal'}
2024-12-19 08:46:29 - be.model.user - INFO - 尝试登录用户：buyer_1_30c52a34-bda2-11ef-890a-02a6845b4b32，终端：my terminal
2024-12-19 08:46:29 - be.model.user - INFO - 为用户 buyer_1_30c52a34-bda2-11ef-890a-02a6845b4b32 生成新token，终端：my terminal
2024-12-19 08:46:29 - be.model.user - INFO - 用户登录成功：buyer_1_30c52a34-bda2-11ef-890a-02a6845b4b32
2024-12-19 08:46:29 - be.view.auth - INFO - 登录处理结果: 200
2024-12-19 08:46:29 - werkzeug - INFO - 127.0.0.1 - - [19/Dec/2024 08:46:29] "POST /auth/login HTTP/1.1" 200 -
2024-12-19 08:46:29 - be.view.auth - INFO - 收到登录请求: {'user_id': 'buyer_6_30c52a34-bda2-11ef-890a-02a6845b4b32', 'password': 'buyer_seller_6_30c52a34-bda2-11ef-890a-02a6845b4b32', 'terminal': 'my terminal'}
2024-12-19 08:46:29 - be.model.user - INFO - 尝试登录用户：buyer_6_30c52a34-bda2-11ef-890a-02a6845b4b32，终端：my terminal
2024-12-19 08:46:29 - be.model.user - INFO - 为用户 buyer_6_30c52a34-bda2-11ef-890a-02a6845b4b32 生成新token，终端：my terminal
2024-12-19 08:46:29 - be.model.user - INFO - 用户登录成功：buyer_6_30c52a34-bda2-11ef-890a-02a6845b4b32
2024-12-19 08:46:29 - be.view.auth - INFO - 登录处理结果: 200
2024-12-19 08:46:29 - werkzeug - INFO - 127.0.0.1 - - [19/Dec/2024 08:46:29] "POST /auth/login HTTP/1.1" 200 -
2024-12-19 08:46:29 - be.view.auth - INFO - 收到登录请求: {'user_id': 'buyer_6_30c52a34-bda2-11ef-890a-02a6845b4b32', 'password': 'buyer_seller_6_30c52a34-bda2-11ef-890a-02a6845b4b32', 'terminal': 'my terminal'}
2024-12-19 08:46:29 - be.model.user - INFO - 尝试登录用户：buyer_6_30c52a34-bda2-11ef-890a-02a6845b4b32，终端：my terminal
2024-12-19 08:46:29 - be.model.user - INFO - 为用户 buyer_6_30c52a34-bda2-11ef-890a-02a6845b4b32 生成新token，终端：my terminal
2024-12-19 08:46:29 - be.model.user - INFO - 用户登录成功：buyer_6_30c52a34-bda2-11ef-890a-02a6845b4b32
2024-12-19 08:46:30 - be.view.auth - INFO - 登录处理结果: 200
2024-12-19 08:46:30 - werkzeug - INFO - 127.0.0.1 - - [19/Dec/2024 08:46:30] "POST /auth/login HTTP/1.1" 200 -
2024-12-19 08:46:30 - be.view.auth - INFO - 收到登录请求: {'user_id': 'buyer_5_30c52a34-bda2-11ef-890a-02a6845b4b32', 'password': 'buyer_seller_5_30c52a34-bda2-11ef-890a-02a6845b4b32', 'terminal': 'my terminal'}
2024-12-19 08:46:30 - be.model.user - INFO - 尝试登录用户：buyer_5_30c52a34-bda2-11ef-890a-02a6845b4b32，终端：my terminal
2024-12-19 08:46:30 - be.model.user - INFO - 为用户 buyer_5_30c52a34-bda2-11ef-890a-02a6845b4b32 生成新token，终端：my terminal
2024-12-19 08:46:30 - be.model.user - INFO - 用户登录成功：buyer_5_30c52a34-bda2-11ef-890a-02a6845b4b32
2024-12-19 08:46:30 - be.view.auth - INFO - 登录处理结果: 200
2024-12-19 08:46:30 - werkzeug - INFO - 127.0.0.1 - - [19/Dec/2024 08:46:30] "POST /auth/login HTTP/1.1" 200 -
2024-12-19 08:46:30 - be.view.auth - INFO - 收到登录请求: {'user_id': 'buyer_3_30c52a34-bda2-11ef-890a-02a6845b4b32', 'password': 'buyer_seller_3_30c52a34-bda2-11ef-890a-02a6845b4b32', 'terminal': 'my terminal'}
2024-12-19 08:46:30 - be.model.user - INFO - 尝试登录用户：buyer_3_30c52a34-bda2-11ef-890a-02a6845b4b32，终端：my terminal
2024-12-19 08:46:30 - be.model.user - INFO - 为用户 buyer_3_30c52a34-bda2-11ef-890a-02a6845b4b32 生成新token，终端：my terminal
2024-12-19 08:46:30 - be.model.user - INFO - 用户登录成功：buyer_3_30c52a34-bda2-11ef-890a-02a6845b4b32
2024-12-19 08:46:30 - be.view.auth - INFO - 登录处理结果: 200
2024-12-19 08:46:30 - werkzeug - INFO - 127.0.0.1 - - [19/Dec/2024 08:46:30] "POST /auth/login HTTP/1.1" 200 -
2024-12-19 08:46:30 - be.view.auth - INFO - 收到登录请求: {'user_id': 'buyer_6_30c52a34-bda2-11ef-890a-02a6845b4b32', 'password': 'buyer_seller_6_30c52a34-bda2-11ef-890a-02a6845b4b32', 'terminal': 'my terminal'}
2024-12-19 08:46:30 - be.model.user - INFO - 尝试登录用户：buyer_6_30c52a34-bda2-11ef-890a-02a6845b4b32，终端：my terminal
2024-12-19 08:46:30 - be.model.user - INFO - 为用户 buyer_6_30c52a34-bda2-11ef-890a-02a6845b4b32 生成新token，终端：my terminal
2024-12-19 08:46:30 - be.model.user - INFO - 用户登录成功：buyer_6_30c52a34-bda2-11ef-890a-02a6845b4b32
2024-12-19 08:46:30 - be.view.auth - INFO - 登录处理结果: 200
2024-12-19 08:46:30 - werkzeug - INFO - 127.0.0.1 - - [19/Dec/2024 08:46:30] "POST /auth/login HTTP/1.1" 200 -
2024-12-19 08:46:30 - be.view.auth - INFO - 收到登录请求: {'user_id': 'buyer_5_30c52a34-bda2-11ef-890a-02a6845b4b32', 'password': 'buyer_seller_5_30c52a34-bda2-11ef-890a-02a6845b4b32', 'terminal': 'my terminal'}
2024-12-19 08:46:30 - be.model.user - INFO - 尝试登录用户：buyer_5_30c52a34-bda2-11ef-890a-02a6845b4b32，终端：my terminal
2024-12-19 08:46:30 - be.model.user - INFO - 为用户 buyer_5_30c52a34-bda2-11ef-890a-02a6845b4b32 生成新token，终端：my terminal
2024-12-19 08:46:30 - be.model.user - INFO - 用户登录成功：buyer_5_30c52a34-bda2-11ef-890a-02a6845b4b32
2024-12-19 08:46:31 - be.view.auth - INFO - 登录处理结果: 200
2024-12-19 08:46:31 - werkzeug - INFO - 127.0.0.1 - - [19/Dec/2024 08:46:31] "POST /auth/login HTTP/1.1" 200 -
2024-12-19 08:46:31 - be.view.auth - INFO - 收到登录请求: {'user_id': 'buyer_7_30c52a34-bda2-11ef-890a-02a6845b4b32', 'password': 'buyer_seller_7_30c52a34-bda2-11ef-890a-02a6845b4b32', 'terminal': 'my terminal'}
2024-12-19 08:46:31 - be.model.user - INFO - 尝试登录用户：buyer_7_30c52a34-bda2-11ef-890a-02a6845b4b32，终端：my terminal
2024-12-19 08:46:31 - be.model.user - INFO - 为用户 buyer_7_30c52a34-bda2-11ef-890a-02a6845b4b32 生成新token，终端：my terminal
2024-12-19 08:46:31 - be.model.user - INFO - 用户登录成功：buyer_7_30c52a34-bda2-11ef-890a-02a6845b4b32
2024-12-19 08:46:31 - be.view.auth - INFO - 登录处理结果: 200
2024-12-19 08:46:31 - werkzeug - INFO - 127.0.0.1 - - [19/Dec/2024 08:46:31] "POST /auth/login HTTP/1.1" 200 -
2024-12-19 08:46:31 - be.view.auth - INFO - 收到登录请求: {'user_id': 'buyer_2_30c52a34-bda2-11ef-890a-02a6845b4b32', 'password': 'buyer_seller_2_30c52a34-bda2-11ef-890a-02a6845b4b32', 'terminal': 'my terminal'}
2024-12-19 08:46:31 - be.model.user - INFO - 尝试登录用户：buyer_2_30c52a34-bda2-11ef-890a-02a6845b4b32，终端：my terminal
2024-12-19 08:46:31 - be.model.user - INFO - 为用户 buyer_2_30c52a34-bda2-11ef-890a-02a6845b4b32 生成新token，终端：my terminal
2024-12-19 08:46:31 - be.model.user - INFO - 用户登录成功：buyer_2_30c52a34-bda2-11ef-890a-02a6845b4b32
2024-12-19 08:46:31 - be.view.auth - INFO - 登录处理结果: 200
2024-12-19 08:46:31 - werkzeug - INFO - 127.0.0.1 - - [19/Dec/2024 08:46:31] "POST /auth/login HTTP/1.1" 200 -
2024-12-19 08:46:31 - be.view.auth - INFO - 收到登录请求: {'user_id': 'buyer_5_30c52a34-bda2-11ef-890a-02a6845b4b32', 'password': 'buyer_seller_5_30c52a34-bda2-11ef-890a-02a6845b4b32', 'terminal': 'my terminal'}
2024-12-19 08:46:31 - be.model.user - INFO - 尝试登录用户：buyer_5_30c52a34-bda2-11ef-890a-02a6845b4b32，终端：my terminal
2024-12-19 08:46:31 - be.model.user - INFO - 为用户 buyer_5_30c52a34-bda2-11ef-890a-02a6845b4b32 生成新token，终端：my terminal
2024-12-19 08:46:31 - be.model.user - INFO - 用户登录成功：buyer_5_30c52a34-bda2-11ef-890a-02a6845b4b32
2024-12-19 08:46:31 - be.view.auth - INFO - 登录处理结果: 200
2024-12-19 08:46:31 - werkzeug - INFO - 127.0.0.1 - - [19/Dec/2024 08:46:31] "POST /auth/login HTTP/1.1" 200 -
2024-12-19 08:46:31 - be.view.auth - INFO - 收到登录请求: {'user_id': 'buyer_5_30c52a34-bda2-11ef-890a-02a6845b4b32', 'password': 'buyer_seller_5_30c52a34-bda2-11ef-890a-02a6845b4b32', 'terminal': 'my terminal'}
2024-12-19 08:46:31 - be.model.user - INFO - 尝试登录用户：buyer_5_30c52a34-bda2-11ef-890a-02a6845b4b32，终端：my terminal
2024-12-19 08:46:31 - be.model.user - INFO - 为用户 buyer_5_30c52a34-bda2-11ef-890a-02a6845b4b32 生成新token，终端：my terminal
2024-12-19 08:46:31 - be.model.user - INFO - 用户登录成功：buyer_5_30c52a34-bda2-11ef-890a-02a6845b4b32
2024-12-19 08:46:31 - be.view.auth - INFO - 登录处理结果: 200
2024-12-19 08:46:31 - werkzeug - INFO - 127.0.0.1 - - [19/Dec/2024 08:46:31] "POST /auth/login HTTP/1.1" 200 -
2024-12-19 08:46:31 - be.view.auth - INFO - 收到登录请求: {'user_id': 'buyer_7_30c52a34-bda2-11ef-890a-02a6845b4b32', 'password': 'buyer_seller_7_30c52a34-bda2-11ef-890a-02a6845b4b32', 'terminal': 'my terminal'}
2024-12-19 08:46:31 - be.model.user - INFO - 尝试登录用户：buyer_7_30c52a34-bda2-11ef-890a-02a6845b4b32，终端：my terminal
2024-12-19 08:46:32 - be.model.user - INFO - 为用户 buyer_7_30c52a34-bda2-11ef-890a-02a6845b4b32 生成新token，终端：my terminal
2024-12-19 08:46:32 - be.model.user - INFO - 用户登录成功：buyer_7_30c52a34-bda2-11ef-890a-02a6845b4b32
2024-12-19 08:46:32 - be.view.auth - INFO - 登录处理结果: 200
2024-12-19 08:46:32 - werkzeug - INFO - 127.0.0.1 - - [19/Dec/2024 08:46:32] "POST /auth/login HTTP/1.1" 200 -
2024-12-19 08:46:32 - be.view.auth - INFO - 收到登录请求: {'user_id': 'buyer_10_30c52a34-bda2-11ef-890a-02a6845b4b32', 'password': 'buyer_seller_10_30c52a34-bda2-11ef-890a-02a6845b4b32', 'terminal': 'my terminal'}
2024-12-19 08:46:32 - be.model.user - INFO - 尝试登录用户：buyer_10_30c52a34-bda2-11ef-890a-02a6845b4b32，终端：my terminal
2024-12-19 08:46:32 - be.model.user - INFO - 为用户 buyer_10_30c52a34-bda2-11ef-890a-02a6845b4b32 生成新token，终端：my terminal
2024-12-19 08:46:32 - be.model.user - INFO - 用户登录成功：buyer_10_30c52a34-bda2-11ef-890a-02a6845b4b32
2024-12-19 08:46:32 - be.view.auth - INFO - 登录处理结果: 200
2024-12-19 08:46:32 - werkzeug - INFO - 127.0.0.1 - - [19/Dec/2024 08:46:32] "POST /auth/login HTTP/1.1" 200 -
2024-12-19 08:46:32 - be.view.auth - INFO - 收到登录请求: {'user_id': 'buyer_7_30c52a34-bda2-11ef-890a-02a6845b4b32', 'password': 'buyer_seller_7_30c52a34-bda2-11ef-890a-02a6845b4b32', 'terminal': 'my terminal'}
2024-12-19 08:46:32 - be.model.user - INFO - 尝试登录用户：buyer_7_30c52a34-bda2-11ef-890a-02a6845b4b32，终端：my terminal
2024-12-19 08:46:32 - be.model.user - INFO - 为用户 buyer_7_30c52a34-bda2-11ef-890a-02a6845b4b32 生成新token，终端：my terminal
2024-12-19 08:46:32 - be.model.user - INFO - 用户登录成功：buyer_7_30c52a34-bda2-11ef-890a-02a6845b4b32
2024-12-19 08:46:32 - be.view.auth - INFO - 登录处理结果: 200
2024-12-19 08:46:32 - werkzeug - INFO - 127.0.0.1 - - [19/Dec/2024 08:46:32] "POST /auth/login HTTP/1.1" 200 -
2024-12-19 08:46:32 - be.view.auth - INFO - 收到登录请求: {'user_id': 'buyer_9_30c52a34-bda2-11ef-890a-02a6845b4b32', 'password': 'buyer_seller_9_30c52a34-bda2-11ef-890a-02a6845b4b32', 'terminal': 'my terminal'}
2024-12-19 08:46:32 - be.model.user - INFO - 尝试登录用户：buyer_9_30c52a34-bda2-11ef-890a-02a6845b4b32，终端：my terminal
2024-12-19 08:46:32 - be.model.user - INFO - 为用户 buyer_9_30c52a34-bda2-11ef-890a-02a6845b4b32 生成新token，终端：my terminal
2024-12-19 08:46:32 - be.model.user - INFO - 用户登录成功：buyer_9_30c52a34-bda2-11ef-890a-02a6845b4b32
2024-12-19 08:46:32 - be.view.auth - INFO - 登录处理结果: 200
2024-12-19 08:46:32 - werkzeug - INFO - 127.0.0.1 - - [19/Dec/2024 08:46:32] "POST /auth/login HTTP/1.1" 200 -
2024-12-19 08:46:32 - be.view.auth - INFO - 收到登录请求: {'user_id': 'buyer_5_30c52a34-bda2-11ef-890a-02a6845b4b32', 'password': 'buyer_seller_5_30c52a34-bda2-11ef-890a-02a6845b4b32', 'terminal': 'my terminal'}
2024-12-19 08:46:32 - be.model.user - INFO - 尝试登录用户：buyer_5_30c52a34-bda2-11ef-890a-02a6845b4b32，终端：my terminal
2024-12-19 08:46:32 - be.model.user - INFO - 为用户 buyer_5_30c52a34-bda2-11ef-890a-02a6845b4b32 生成新token，终端：my terminal
2024-12-19 08:46:32 - be.model.user - INFO - 用户登录成功：buyer_5_30c52a34-bda2-11ef-890a-02a6845b4b32
2024-12-19 08:46:33 - be.view.auth - INFO - 登录处理结果: 200
2024-12-19 08:46:33 - werkzeug - INFO - 127.0.0.1 - - [19/Dec/2024 08:46:33] "POST /auth/login HTTP/1.1" 200 -
2024-12-19 08:46:33 - be.view.auth - INFO - 收到登录请求: {'user_id': 'buyer_5_30c52a34-bda2-11ef-890a-02a6845b4b32', 'password': 'buyer_seller_5_30c52a34-bda2-11ef-890a-02a6845b4b32', 'terminal': 'my terminal'}
2024-12-19 08:46:33 - be.model.user - INFO - 尝试登录用户：buyer_5_30c52a34-bda2-11ef-890a-02a6845b4b32，终端：my terminal
2024-12-19 08:46:33 - be.model.user - INFO - 为用户 buyer_5_30c52a34-bda2-11ef-890a-02a6845b4b32 生成新token，终端：my terminal
2024-12-19 08:46:33 - be.model.user - INFO - 用户登录成功：buyer_5_30c52a34-bda2-11ef-890a-02a6845b4b32
2024-12-19 08:46:33 - be.view.auth - INFO - 登录处理结果: 200
2024-12-19 08:46:33 - werkzeug - INFO - 127.0.0.1 - - [19/Dec/2024 08:46:33] "POST /auth/login HTTP/1.1" 200 -
2024-12-19 08:46:33 - be.view.auth - INFO - 收到登录请求: {'user_id': 'buyer_10_30c52a34-bda2-11ef-890a-02a6845b4b32', 'password': 'buyer_seller_10_30c52a34-bda2-11ef-890a-02a6845b4b32', 'terminal': 'my terminal'}
2024-12-19 08:46:33 - be.model.user - INFO - 尝试登录用户：buyer_10_30c52a34-bda2-11ef-890a-02a6845b4b32，终端：my terminal
2024-12-19 08:46:33 - be.model.user - INFO - 为用户 buyer_10_30c52a34-bda2-11ef-890a-02a6845b4b32 生成新token，终端：my terminal
2024-12-19 08:46:33 - be.model.user - INFO - 用户登录成功：buyer_10_30c52a34-bda2-11ef-890a-02a6845b4b32
2024-12-19 08:46:33 - be.view.auth - INFO - 登录处理结果: 200
2024-12-19 08:46:33 - werkzeug - INFO - 127.0.0.1 - - [19/Dec/2024 08:46:33] "POST /auth/login HTTP/1.1" 200 -
2024-12-19 08:46:33 - be.view.auth - INFO - 收到登录请求: {'user_id': 'buyer_7_30c52a34-bda2-11ef-890a-02a6845b4b32', 'password': 'buyer_seller_7_30c52a34-bda2-11ef-890a-02a6845b4b32', 'terminal': 'my terminal'}
2024-12-19 08:46:33 - be.model.user - INFO - 尝试登录用户：buyer_7_30c52a34-bda2-11ef-890a-02a6845b4b32，终端：my terminal
2024-12-19 08:46:33 - be.model.user - INFO - 为用户 buyer_7_30c52a34-bda2-11ef-890a-02a6845b4b32 生成新token，终端：my terminal
2024-12-19 08:46:33 - be.model.user - INFO - 用户登录成功：buyer_7_30c52a34-bda2-11ef-890a-02a6845b4b32
2024-12-19 08:46:33 - be.view.auth - INFO - 登录处理结果: 200
2024-12-19 08:46:33 - werkzeug - INFO - 127.0.0.1 - - [19/Dec/2024 08:46:33] "POST /auth/login HTTP/1.1" 200 -
2024-12-19 08:46:33 - be.view.auth - INFO - 收到登录请求: {'user_id': 'buyer_1_30c52a34-bda2-11ef-890a-02a6845b4b32', 'password': 'buyer_seller_1_30c52a34-bda2-11ef-890a-02a6845b4b32', 'terminal': 'my terminal'}
2024-12-19 08:46:33 - be.model.user - INFO - 尝试登录用户：buyer_1_30c52a34-bda2-11ef-890a-02a6845b4b32，终端：my terminal
2024-12-19 08:46:33 - be.model.user - INFO - 为用户 buyer_1_30c52a34-bda2-11ef-890a-02a6845b4b32 生成新token，终端：my terminal
2024-12-19 08:46:33 - be.model.user - INFO - 用户登录成功：buyer_1_30c52a34-bda2-11ef-890a-02a6845b4b32
2024-12-19 08:46:34 - be.view.auth - INFO - 登录处理结果: 200
2024-12-19 08:46:34 - werkzeug - INFO - 127.0.0.1 - - [19/Dec/2024 08:46:34] "POST /auth/login HTTP/1.1" 200 -
2024-12-19 08:46:34 - be.view.auth - INFO - 收到登录请求: {'user_id': 'buyer_10_30c52a34-bda2-11ef-890a-02a6845b4b32', 'password': 'buyer_seller_10_30c52a34-bda2-11ef-890a-02a6845b4b32', 'terminal': 'my terminal'}
2024-12-19 08:46:34 - be.model.user - INFO - 尝试登录用户：buyer_10_30c52a34-bda2-11ef-890a-02a6845b4b32，终端：my terminal
2024-12-19 08:46:34 - be.model.user - INFO - 为用户 buyer_10_30c52a34-bda2-11ef-890a-02a6845b4b32 生成新token，终端：my terminal
2024-12-19 08:46:34 - be.model.user - INFO - 用户登录成功：buyer_10_30c52a34-bda2-11ef-890a-02a6845b4b32
2024-12-19 08:46:34 - be.view.auth - INFO - 登录处理结果: 200
2024-12-19 08:46:34 - werkzeug - INFO - 127.0.0.1 - - [19/Dec/2024 08:46:34] "POST /auth/login HTTP/1.1" 200 -
2024-12-19 08:46:34 - be.view.auth - INFO - 收到登录请求: {'user_id': 'buyer_10_30c52a34-bda2-11ef-890a-02a6845b4b32', 'password': 'buyer_seller_10_30c52a34-bda2-11ef-890a-02a6845b4b32', 'terminal': 'my terminal'}
2024-12-19 08:46:34 - be.model.user - INFO - 尝试登录用户：buyer_10_30c52a34-bda2-11ef-890a-02a6845b4b32，终端：my terminal
2024-12-19 08:46:34 - be.model.user - INFO - 为用户 buyer_10_30c52a34-bda2-11ef-890a-02a6845b4b32 生成新token，终端：my terminal
2024-12-19 08:46:34 - be.model.user - INFO - 用户登录成功：buyer_10_30c52a34-bda2-11ef-890a-02a6845b4b32
2024-12-19 08:46:34 - be.view.auth - INFO - 登录处理结果: 200
2024-12-19 08:46:34 - werkzeug - INFO - 127.0.0.1 - - [19/Dec/2024 08:46:34] "POST /auth/login HTTP/1.1" 200 -
2024-12-19 08:46:34 - be.view.auth - INFO - 收到登录请求: {'user_id': 'buyer_2_30c52a34-bda2-11ef-890a-02a6845b4b32', 'password': 'buyer_seller_2_30c52a34-bda2-11ef-890a-02a6845b4b32', 'terminal': 'my terminal'}
2024-12-19 08:46:34 - be.model.user - INFO - 尝试登录用户：buyer_2_30c52a34-bda2-11ef-890a-02a6845b4b32，终端：my terminal
2024-12-19 08:46:34 - be.model.user - INFO - 为用户 buyer_2_30c52a34-bda2-11ef-890a-02a6845b4b32 生成新token，终端：my terminal
2024-12-19 08:46:34 - be.model.user - INFO - 用户登录成功：buyer_2_30c52a34-bda2-11ef-890a-02a6845b4b32
2024-12-19 08:46:34 - be.view.auth - INFO - 登录处理结果: 200
2024-12-19 08:46:34 - werkzeug - INFO - 127.0.0.1 - - [19/Dec/2024 08:46:34] "POST /auth/login HTTP/1.1" 200 -
2024-12-19 08:46:34 - be.view.auth - INFO - 收到登录请求: {'user_id': 'buyer_8_30c52a34-bda2-11ef-890a-02a6845b4b32', 'password': 'buyer_seller_8_30c52a34-bda2-11ef-890a-02a6845b4b32', 'terminal': 'my terminal'}
2024-12-19 08:46:34 - be.model.user - INFO - 尝试登录用户：buyer_8_30c52a34-bda2-11ef-890a-02a6845b4b32，终端：my terminal
2024-12-19 08:46:34 - be.model.user - INFO - 为用户 buyer_8_30c52a34-bda2-11ef-890a-02a6845b4b32 生成新token，终端：my terminal
2024-12-19 08:46:34 - be.model.user - INFO - 用户登录成功：buyer_8_30c52a34-bda2-11ef-890a-02a6845b4b32
2024-12-19 08:46:34 - be.view.auth - INFO - 登录处理结果: 200
2024-12-19 08:46:34 - werkzeug - INFO - 127.0.0.1 - - [19/Dec/2024 08:46:34] "POST /auth/login HTTP/1.1" 200 -
2024-12-19 08:46:34 - be.view.auth - INFO - 收到登录请求: {'user_id': 'buyer_5_30c52a34-bda2-11ef-890a-02a6845b4b32', 'password': 'buyer_seller_5_30c52a34-bda2-11ef-890a-02a6845b4b32', 'terminal': 'my terminal'}
2024-12-19 08:46:34 - be.model.user - INFO - 尝试登录用户：buyer_5_30c52a34-bda2-11ef-890a-02a6845b4b32，终端：my terminal
2024-12-19 08:46:35 - be.model.user - INFO - 为用户 buyer_5_30c52a34-bda2-11ef-890a-02a6845b4b32 生成新token，终端：my terminal
2024-12-19 08:46:35 - be.model.user - INFO - 用户登录成功：buyer_5_30c52a34-bda2-11ef-890a-02a6845b4b32
2024-12-19 08:46:35 - be.view.auth - INFO - 登录处理结果: 200
2024-12-19 08:46:35 - werkzeug - INFO - 127.0.0.1 - - [19/Dec/2024 08:46:35] "POST /auth/login HTTP/1.1" 200 -
2024-12-19 08:46:35 - be.view.auth - INFO - 收到登录请求: {'user_id': 'buyer_5_30c52a34-bda2-11ef-890a-02a6845b4b32', 'password': 'buyer_seller_5_30c52a34-bda2-11ef-890a-02a6845b4b32', 'terminal': 'my terminal'}
2024-12-19 08:46:35 - be.model.user - INFO - 尝试登录用户：buyer_5_30c52a34-bda2-11ef-890a-02a6845b4b32，终端：my terminal
2024-12-19 08:46:35 - be.model.user - INFO - 为用户 buyer_5_30c52a34-bda2-11ef-890a-02a6845b4b32 生成新token，终端：my terminal
2024-12-19 08:46:35 - be.model.user - INFO - 用户登录成功：buyer_5_30c52a34-bda2-11ef-890a-02a6845b4b32
2024-12-19 08:46:35 - be.view.auth - INFO - 登录处理结果: 200
2024-12-19 08:46:35 - werkzeug - INFO - 127.0.0.1 - - [19/Dec/2024 08:46:35] "POST /auth/login HTTP/1.1" 200 -
2024-12-19 08:46:35 - be.view.auth - INFO - 收到登录请求: {'user_id': 'buyer_2_30c52a34-bda2-11ef-890a-02a6845b4b32', 'password': 'buyer_seller_2_30c52a34-bda2-11ef-890a-02a6845b4b32', 'terminal': 'my terminal'}
2024-12-19 08:46:35 - be.model.user - INFO - 尝试登录用户：buyer_2_30c52a34-bda2-11ef-890a-02a6845b4b32，终端：my terminal
2024-12-19 08:46:35 - be.model.user - INFO - 为用户 buyer_2_30c52a34-bda2-11ef-890a-02a6845b4b32 生成新token，终端：my terminal
2024-12-19 08:46:35 - be.model.user - INFO - 用户登录成功：buyer_2_30c52a34-bda2-11ef-890a-02a6845b4b32
2024-12-19 08:46:35 - be.view.auth - INFO - 登录处理结果: 200
2024-12-19 08:46:35 - werkzeug - INFO - 127.0.0.1 - - [19/Dec/2024 08:46:35] "POST /auth/login HTTP/1.1" 200 -
2024-12-19 08:46:35 - be.view.auth - INFO - 收到登录请求: {'user_id': 'buyer_1_30c52a34-bda2-11ef-890a-02a6845b4b32', 'password': 'buyer_seller_1_30c52a34-bda2-11ef-890a-02a6845b4b32', 'terminal': 'my terminal'}
2024-12-19 08:46:35 - be.model.user - INFO - 尝试登录用户：buyer_1_30c52a34-bda2-11ef-890a-02a6845b4b32，终端：my terminal
2024-12-19 08:46:35 - be.model.user - INFO - 为用户 buyer_1_30c52a34-bda2-11ef-890a-02a6845b4b32 生成新token，终端：my terminal
2024-12-19 08:46:35 - be.model.user - INFO - 用户登录成功：buyer_1_30c52a34-bda2-11ef-890a-02a6845b4b32
2024-12-19 08:46:35 - be.view.auth - INFO - 登录处理结果: 200
2024-12-19 08:46:35 - werkzeug - INFO - 127.0.0.1 - - [19/Dec/2024 08:46:35] "POST /auth/login HTTP/1.1" 200 -
2024-12-19 08:46:35 - be.view.auth - INFO - 收到登录请求: {'user_id': 'buyer_9_30c52a34-bda2-11ef-890a-02a6845b4b32', 'password': 'buyer_seller_9_30c52a34-bda2-11ef-890a-02a6845b4b32', 'terminal': 'my terminal'}
2024-12-19 08:46:35 - be.model.user - INFO - 尝试登录用户：buyer_9_30c52a34-bda2-11ef-890a-02a6845b4b32，终端：my terminal
2024-12-19 08:46:36 - be.model.user - INFO - 为用户 buyer_9_30c52a34-bda2-11ef-890a-02a6845b4b32 生成新token，终端：my terminal
2024-12-19 08:46:36 - be.model.user - INFO - 用户登录成功：buyer_9_30c52a34-bda2-11ef-890a-02a6845b4b32
2024-12-19 08:46:36 - be.view.auth - INFO - 登录处理结果: 200
2024-12-19 08:46:36 - werkzeug - INFO - 127.0.0.1 - - [19/Dec/2024 08:46:36] "POST /auth/login HTTP/1.1" 200 -
2024-12-19 08:46:36 - be.view.auth - INFO - 收到登录请求: {'user_id': 'buyer_5_30c52a34-bda2-11ef-890a-02a6845b4b32', 'password': 'buyer_seller_5_30c52a34-bda2-11ef-890a-02a6845b4b32', 'terminal': 'my terminal'}
2024-12-19 08:46:36 - be.model.user - INFO - 尝试登录用户：buyer_5_30c52a34-bda2-11ef-890a-02a6845b4b32，终端：my terminal
2024-12-19 08:46:36 - be.model.user - INFO - 为用户 buyer_5_30c52a34-bda2-11ef-890a-02a6845b4b32 生成新token，终端：my terminal
2024-12-19 08:46:36 - be.model.user - INFO - 用户登录成功：buyer_5_30c52a34-bda2-11ef-890a-02a6845b4b32
2024-12-19 08:46:36 - be.view.auth - INFO - 登录处理结果: 200
2024-12-19 08:46:36 - werkzeug - INFO - 127.0.0.1 - - [19/Dec/2024 08:46:36] "POST /auth/login HTTP/1.1" 200 -
2024-12-19 08:46:36 - be.view.auth - INFO - 收到登录请求: {'user_id': 'buyer_1_30c52a34-bda2-11ef-890a-02a6845b4b32', 'password': 'buyer_seller_1_30c52a34-bda2-11ef-890a-02a6845b4b32', 'terminal': 'my terminal'}
2024-12-19 08:46:36 - be.model.user - INFO - 尝试登录用户：buyer_1_30c52a34-bda2-11ef-890a-02a6845b4b32，终端：my terminal
2024-12-19 08:46:36 - be.model.user - INFO - 为用户 buyer_1_30c52a34-bda2-11ef-890a-02a6845b4b32 生成新token，终端：my terminal
2024-12-19 08:46:36 - be.model.user - INFO - 用户登录成功：buyer_1_30c52a34-bda2-11ef-890a-02a6845b4b32
2024-12-19 08:46:36 - be.view.auth - INFO - 登录处理结果: 200
2024-12-19 08:46:36 - werkzeug - INFO - 127.0.0.1 - - [19/Dec/2024 08:46:36] "POST /auth/login HTTP/1.1" 200 -
2024-12-19 08:46:36 - be.view.auth - INFO - 收到登录请求: {'user_id': 'buyer_10_30c52a34-bda2-11ef-890a-02a6845b4b32', 'password': 'buyer_seller_10_30c52a34-bda2-11ef-890a-02a6845b4b32', 'terminal': 'my terminal'}
2024-12-19 08:46:36 - be.model.user - INFO - 尝试登录用户：buyer_10_30c52a34-bda2-11ef-890a-02a6845b4b32，终端：my terminal
2024-12-19 08:46:36 - be.model.user - INFO - 为用户 buyer_10_30c52a34-bda2-11ef-890a-02a6845b4b32 生成新token，终端：my terminal
2024-12-19 08:46:36 - be.model.user - INFO - 用户登录成功：buyer_10_30c52a34-bda2-11ef-890a-02a6845b4b32
2024-12-19 08:46:36 - be.view.auth - INFO - 登录处理结果: 200
2024-12-19 08:46:36 - werkzeug - INFO - 127.0.0.1 - - [19/Dec/2024 08:46:36] "POST /auth/login HTTP/1.1" 200 -
2024-12-19 08:46:36 - be.view.auth - INFO - 收到登录请求: {'user_id': 'buyer_9_30c52a34-bda2-11ef-890a-02a6845b4b32', 'password': 'buyer_seller_9_30c52a34-bda2-11ef-890a-02a6845b4b32', 'terminal': 'my terminal'}
2024-12-19 08:46:36 - be.model.user - INFO - 尝试登录用户：buyer_9_30c52a34-bda2-11ef-890a-02a6845b4b32，终端：my terminal
2024-12-19 08:46:36 - be.model.user - INFO - 为用户 buyer_9_30c52a34-bda2-11ef-890a-02a6845b4b32 生成新token，终端：my terminal
2024-12-19 08:46:36 - be.model.user - INFO - 用户登录成功：buyer_9_30c52a34-bda2-11ef-890a-02a6845b4b32
2024-12-19 08:46:37 - be.view.auth - INFO - 登录处理结果: 200
2024-12-19 08:46:37 - werkzeug - INFO - 127.0.0.1 - - [19/Dec/2024 08:46:37] "POST /auth/login HTTP/1.1" 200 -
2024-12-19 08:46:37 - be.view.auth - INFO - 收到登录请求: {'user_id': 'buyer_5_30c52a34-bda2-11ef-890a-02a6845b4b32', 'password': 'buyer_seller_5_30c52a34-bda2-11ef-890a-02a6845b4b32', 'terminal': 'my terminal'}
2024-12-19 08:46:37 - be.model.user - INFO - 尝试登录用户：buyer_5_30c52a34-bda2-11ef-890a-02a6845b4b32，终端：my terminal
2024-12-19 08:46:37 - be.model.user - INFO - 为用户 buyer_5_30c52a34-bda2-11ef-890a-02a6845b4b32 生成新token，终端：my terminal
2024-12-19 08:46:37 - be.model.user - INFO - 用户登录成功：buyer_5_30c52a34-bda2-11ef-890a-02a6845b4b32
2024-12-19 08:46:37 - be.view.auth - INFO - 登录处理结果: 200
2024-12-19 08:46:37 - werkzeug - INFO - 127.0.0.1 - - [19/Dec/2024 08:46:37] "POST /auth/login HTTP/1.1" 200 -
2024-12-19 08:46:37 - be.view.auth - INFO - 收到登录请求: {'user_id': 'buyer_6_30c52a34-bda2-11ef-890a-02a6845b4b32', 'password': 'buyer_seller_6_30c52a34-bda2-11ef-890a-02a6845b4b32', 'terminal': 'my terminal'}
2024-12-19 08:46:37 - be.model.user - INFO - 尝试登录用户：buyer_6_30c52a34-bda2-11ef-890a-02a6845b4b32，终端：my terminal
2024-12-19 08:46:37 - be.model.user - INFO - 为用户 buyer_6_30c52a34-bda2-11ef-890a-02a6845b4b32 生成新token，终端：my terminal
2024-12-19 08:46:37 - be.model.user - INFO - 用户登录成功：buyer_6_30c52a34-bda2-11ef-890a-02a6845b4b32
2024-12-19 08:46:37 - be.view.auth - INFO - 登录处理结果: 200
2024-12-19 08:46:37 - werkzeug - INFO - 127.0.0.1 - - [19/Dec/2024 08:46:37] "POST /auth/login HTTP/1.1" 200 -
2024-12-19 08:46:37 - be.view.auth - INFO - 收到登录请求: {'user_id': 'buyer_6_30c52a34-bda2-11ef-890a-02a6845b4b32', 'password': 'buyer_seller_6_30c52a34-bda2-11ef-890a-02a6845b4b32', 'terminal': 'my terminal'}
2024-12-19 08:46:37 - be.model.user - INFO - 尝试登录用户：buyer_6_30c52a34-bda2-11ef-890a-02a6845b4b32，终端：my terminal
2024-12-19 08:46:37 - be.model.user - INFO - 为用户 buyer_6_30c52a34-bda2-11ef-890a-02a6845b4b32 生成新token，终端：my terminal
2024-12-19 08:46:37 - be.model.user - INFO - 用户登录成功：buyer_6_30c52a34-bda2-11ef-890a-02a6845b4b32
2024-12-19 08:46:37 - be.view.auth - INFO - 登录处理结果: 200
2024-12-19 08:46:37 - werkzeug - INFO - 127.0.0.1 - - [19/Dec/2024 08:46:37] "POST /auth/login HTTP/1.1" 200 -
2024-12-19 08:46:37 - be.view.auth - INFO - 收到登录请求: {'user_id': 'buyer_9_30c52a34-bda2-11ef-890a-02a6845b4b32', 'password': 'buyer_seller_9_30c52a34-bda2-11ef-890a-02a6845b4b32', 'terminal': 'my terminal'}
2024-12-19 08:46:37 - be.model.user - INFO - 尝试登录用户：buyer_9_30c52a34-bda2-11ef-890a-02a6845b4b32，终端：my terminal
2024-12-19 08:46:37 - be.model.user - INFO - 为用户 buyer_9_30c52a34-bda2-11ef-890a-02a6845b4b32 生成新token，终端：my terminal
2024-12-19 08:46:37 - be.model.user - INFO - 用户登录成功：buyer_9_30c52a34-bda2-11ef-890a-02a6845b4b32
2024-12-19 08:46:37 - be.view.auth - INFO - 登录处理结果: 200
2024-12-19 08:46:37 - werkzeug - INFO - 127.0.0.1 - - [19/Dec/2024 08:46:37] "POST /auth/login HTTP/1.1" 200 -
2024-12-19 08:46:37 - be.view.auth - INFO - 收到登录请求: {'user_id': 'buyer_9_30c52a34-bda2-11ef-890a-02a6845b4b32', 'password': 'buyer_seller_9_30c52a34-bda2-11ef-890a-02a6845b4b32', 'terminal': 'my terminal'}
2024-12-19 08:46:37 - be.model.user - INFO - 尝试登录用户：buyer_9_30c52a34-bda2-11ef-890a-02a6845b4b32，终端：my terminal
2024-12-19 08:46:38 - be.model.user - INFO - 为用户 buyer_9_30c52a34-bda2-11ef-890a-02a6845b4b32 生成新token，终端：my terminal
2024-12-19 08:46:38 - be.model.user - INFO - 用户登录成功：buyer_9_30c52a34-bda2-11ef-890a-02a6845b4b32
2024-12-19 08:46:38 - be.view.auth - INFO - 登录处理结果: 200
2024-12-19 08:46:38 - werkzeug - INFO - 127.0.0.1 - - [19/Dec/2024 08:46:38] "POST /auth/login HTTP/1.1" 200 -
2024-12-19 08:46:38 - be.view.auth - INFO - 收到登录请求: {'user_id': 'buyer_10_30c52a34-bda2-11ef-890a-02a6845b4b32', 'password': 'buyer_seller_10_30c52a34-bda2-11ef-890a-02a6845b4b32', 'terminal': 'my terminal'}
2024-12-19 08:46:38 - be.model.user - INFO - 尝试登录用户：buyer_10_30c52a34-bda2-11ef-890a-02a6845b4b32，终端：my terminal
2024-12-19 08:46:38 - be.model.user - INFO - 为用户 buyer_10_30c52a34-bda2-11ef-890a-02a6845b4b32 生成新token，终端：my terminal
2024-12-19 08:46:38 - be.model.user - INFO - 用户登录成功：buyer_10_30c52a34-bda2-11ef-890a-02a6845b4b32
2024-12-19 08:46:38 - be.view.auth - INFO - 登录处理结果: 200
2024-12-19 08:46:38 - werkzeug - INFO - 127.0.0.1 - - [19/Dec/2024 08:46:38] "POST /auth/login HTTP/1.1" 200 -
2024-12-19 08:46:38 - be.view.auth - INFO - 收到登录请求: {'user_id': 'buyer_5_30c52a34-bda2-11ef-890a-02a6845b4b32', 'password': 'buyer_seller_5_30c52a34-bda2-11ef-890a-02a6845b4b32', 'terminal': 'my terminal'}
2024-12-19 08:46:38 - be.model.user - INFO - 尝试登录用户：buyer_5_30c52a34-bda2-11ef-890a-02a6845b4b32，终端：my terminal
2024-12-19 08:46:38 - be.model.user - INFO - 为用户 buyer_5_30c52a34-bda2-11ef-890a-02a6845b4b32 生成新token，终端：my terminal
2024-12-19 08:46:38 - be.model.user - INFO - 用户登录成功：buyer_5_30c52a34-bda2-11ef-890a-02a6845b4b32
2024-12-19 08:46:38 - be.view.auth - INFO - 登录处理结果: 200
2024-12-19 08:46:38 - werkzeug - INFO - 127.0.0.1 - - [19/Dec/2024 08:46:38] "POST /auth/login HTTP/1.1" 200 -
2024-12-19 08:46:38 - be.view.auth - INFO - 收到登录请求: {'user_id': 'buyer_6_30c52a34-bda2-11ef-890a-02a6845b4b32', 'password': 'buyer_seller_6_30c52a34-bda2-11ef-890a-02a6845b4b32', 'terminal': 'my terminal'}
2024-12-19 08:46:38 - be.model.user - INFO - 尝试登录用户：buyer_6_30c52a34-bda2-11ef-890a-02a6845b4b32，终端：my terminal
2024-12-19 08:46:38 - be.model.user - INFO - 为用户 buyer_6_30c52a34-bda2-11ef-890a-02a6845b4b32 生成新token，终端：my terminal
2024-12-19 08:46:38 - be.model.user - INFO - 用户登录成功：buyer_6_30c52a34-bda2-11ef-890a-02a6845b4b32
2024-12-19 08:46:38 - be.view.auth - INFO - 登录处理结果: 200
2024-12-19 08:46:38 - werkzeug - INFO - 127.0.0.1 - - [19/Dec/2024 08:46:38] "POST /auth/login HTTP/1.1" 200 -
2024-12-19 08:46:38 - be.view.auth - INFO - 收到登录请求: {'user_id': 'buyer_9_30c52a34-bda2-11ef-890a-02a6845b4b32', 'password': 'buyer_seller_9_30c52a34-bda2-11ef-890a-02a6845b4b32', 'terminal': 'my terminal'}
2024-12-19 08:46:38 - be.model.user - INFO - 尝试登录用户：buyer_9_30c52a34-bda2-11ef-890a-02a6845b4b32，终端：my terminal
2024-12-19 08:46:38 - be.model.user - INFO - 为用户 buyer_9_30c52a34-bda2-11ef-890a-02a6845b4b32 生成新token，终端：my terminal
2024-12-19 08:46:38 - be.model.user - INFO - 用户登录成功：buyer_9_30c52a34-bda2-11ef-890a-02a6845b4b32
2024-12-19 08:46:39 - be.view.auth - INFO - 登录处理结果: 200
2024-12-19 08:46:39 - werkzeug - INFO - 127.0.0.1 - - [19/Dec/2024 08:46:39] "POST /auth/login HTTP/1.1" 200 -
2024-12-19 08:46:39 - be.view.auth - INFO - 收到登录请求: {'user_id': 'buyer_5_30c52a34-bda2-11ef-890a-02a6845b4b32', 'password': 'buyer_seller_5_30c52a34-bda2-11ef-890a-02a6845b4b32', 'terminal': 'my terminal'}
2024-12-19 08:46:39 - be.model.user - INFO - 尝试登录用户：buyer_5_30c52a34-bda2-11ef-890a-02a6845b4b32，终端：my terminal
2024-12-19 08:46:39 - be.model.user - INFO - 为用户 buyer_5_30c52a34-bda2-11ef-890a-02a6845b4b32 生成新token，终端：my terminal
2024-12-19 08:46:39 - be.model.user - INFO - 用户登录成功：buyer_5_30c52a34-bda2-11ef-890a-02a6845b4b32
2024-12-19 08:46:39 - be.view.auth - INFO - 登录处理结果: 200
2024-12-19 08:46:39 - werkzeug - INFO - 127.0.0.1 - - [19/Dec/2024 08:46:39] "POST /auth/login HTTP/1.1" 200 -
2024-12-19 08:46:39 - be.view.auth - INFO - 收到登录请求: {'user_id': 'buyer_8_30c52a34-bda2-11ef-890a-02a6845b4b32', 'password': 'buyer_seller_8_30c52a34-bda2-11ef-890a-02a6845b4b32', 'terminal': 'my terminal'}
2024-12-19 08:46:39 - be.model.user - INFO - 尝试登录用户：buyer_8_30c52a34-bda2-11ef-890a-02a6845b4b32，终端：my terminal
2024-12-19 08:46:39 - be.model.user - INFO - 为用户 buyer_8_30c52a34-bda2-11ef-890a-02a6845b4b32 生成新token，终端：my terminal
2024-12-19 08:46:39 - be.model.user - INFO - 用户登录成功：buyer_8_30c52a34-bda2-11ef-890a-02a6845b4b32
2024-12-19 08:46:39 - be.view.auth - INFO - 登录处理结果: 200
2024-12-19 08:46:39 - werkzeug - INFO - 127.0.0.1 - - [19/Dec/2024 08:46:39] "POST /auth/login HTTP/1.1" 200 -
2024-12-19 08:46:39 - be.view.auth - INFO - 收到登录请求: {'user_id': 'buyer_3_30c52a34-bda2-11ef-890a-02a6845b4b32', 'password': 'buyer_seller_3_30c52a34-bda2-11ef-890a-02a6845b4b32', 'terminal': 'my terminal'}
2024-12-19 08:46:39 - be.model.user - INFO - 尝试登录用户：buyer_3_30c52a34-bda2-11ef-890a-02a6845b4b32，终端：my terminal
2024-12-19 08:46:39 - be.model.user - INFO - 为用户 buyer_3_30c52a34-bda2-11ef-890a-02a6845b4b32 生成新token，终端：my terminal
2024-12-19 08:46:39 - be.model.user - INFO - 用户登录成功：buyer_3_30c52a34-bda2-11ef-890a-02a6845b4b32
2024-12-19 08:46:39 - be.view.auth - INFO - 登录处理结果: 200
2024-12-19 08:46:39 - werkzeug - INFO - 127.0.0.1 - - [19/Dec/2024 08:46:39] "POST /auth/login HTTP/1.1" 200 -
2024-12-19 08:46:39 - be.view.auth - INFO - 收到登录请求: {'user_id': 'buyer_5_30c52a34-bda2-11ef-890a-02a6845b4b32', 'password': 'buyer_seller_5_30c52a34-bda2-11ef-890a-02a6845b4b32', 'terminal': 'my terminal'}
2024-12-19 08:46:39 - be.model.user - INFO - 尝试登录用户：buyer_5_30c52a34-bda2-11ef-890a-02a6845b4b32，终端：my terminal
2024-12-19 08:46:39 - be.model.user - INFO - 为用户 buyer_5_30c52a34-bda2-11ef-890a-02a6845b4b32 生成新token，终端：my terminal
2024-12-19 08:46:39 - be.model.user - INFO - 用户登录成功：buyer_5_30c52a34-bda2-11ef-890a-02a6845b4b32
2024-12-19 08:46:40 - be.view.auth - INFO - 登录处理结果: 200
2024-12-19 08:46:40 - werkzeug - INFO - 127.0.0.1 - - [19/Dec/2024 08:46:40] "POST /auth/login HTTP/1.1" 200 -
2024-12-19 08:46:40 - be.view.auth - INFO - 收到登录请求: {'user_id': 'buyer_5_30c52a34-bda2-11ef-890a-02a6845b4b32', 'password': 'buyer_seller_5_30c52a34-bda2-11ef-890a-02a6845b4b32', 'terminal': 'my terminal'}
2024-12-19 08:46:40 - be.model.user - INFO - 尝试登录用户：buyer_5_30c52a34-bda2-11ef-890a-02a6845b4b32，终端：my terminal
2024-12-19 08:46:40 - be.model.user - INFO - 为用户 buyer_5_30c52a34-bda2-11ef-890a-02a6845b4b32 生成新token，终端：my terminal
2024-12-19 08:46:40 - be.model.user - INFO - 用户登录成功：buyer_5_30c52a34-bda2-11ef-890a-02a6845b4b32
2024-12-19 08:46:40 - be.view.auth - INFO - 登录处理结果: 200
2024-12-19 08:46:40 - werkzeug - INFO - 127.0.0.1 - - [19/Dec/2024 08:46:40] "POST /auth/login HTTP/1.1" 200 -
2024-12-19 08:46:40 - be.view.auth - INFO - 收到登录请求: {'user_id': 'buyer_2_30c52a34-bda2-11ef-890a-02a6845b4b32', 'password': 'buyer_seller_2_30c52a34-bda2-11ef-890a-02a6845b4b32', 'terminal': 'my terminal'}
2024-12-19 08:46:40 - be.model.user - INFO - 尝试登录用户：buyer_2_30c52a34-bda2-11ef-890a-02a6845b4b32，终端：my terminal
2024-12-19 08:46:40 - be.model.user - INFO - 为用户 buyer_2_30c52a34-bda2-11ef-890a-02a6845b4b32 生成新token，终端：my terminal
2024-12-19 08:46:40 - be.model.user - INFO - 用户登录成功：buyer_2_30c52a34-bda2-11ef-890a-02a6845b4b32
2024-12-19 08:46:40 - be.view.auth - INFO - 登录处理结果: 200
2024-12-19 08:46:40 - werkzeug - INFO - 127.0.0.1 - - [19/Dec/2024 08:46:40] "POST /auth/login HTTP/1.1" 200 -
2024-12-19 08:46:40 - be.view.auth - INFO - 收到登录请求: {'user_id': 'buyer_5_30c52a34-bda2-11ef-890a-02a6845b4b32', 'password': 'buyer_seller_5_30c52a34-bda2-11ef-890a-02a6845b4b32', 'terminal': 'my terminal'}
2024-12-19 08:46:40 - be.model.user - INFO - 尝试登录用户：buyer_5_30c52a34-bda2-11ef-890a-02a6845b4b32，终端：my terminal
2024-12-19 08:46:40 - be.model.user - INFO - 为用户 buyer_5_30c52a34-bda2-11ef-890a-02a6845b4b32 生成新token，终端：my terminal
2024-12-19 08:46:40 - be.model.user - INFO - 用户登录成功：buyer_5_30c52a34-bda2-11ef-890a-02a6845b4b32
2024-12-19 08:46:40 - be.view.auth - INFO - 登录处理结果: 200
2024-12-19 08:46:40 - werkzeug - INFO - 127.0.0.1 - - [19/Dec/2024 08:46:40] "POST /auth/login HTTP/1.1" 200 -
2024-12-19 08:46:40 - be.view.auth - INFO - 收到登录请求: {'user_id': 'buyer_7_30c52a34-bda2-11ef-890a-02a6845b4b32', 'password': 'buyer_seller_7_30c52a34-bda2-11ef-890a-02a6845b4b32', 'terminal': 'my terminal'}
2024-12-19 08:46:40 - be.model.user - INFO - 尝试登录用户：buyer_7_30c52a34-bda2-11ef-890a-02a6845b4b32，终端：my terminal
2024-12-19 08:46:40 - be.model.user - INFO - 为用户 buyer_7_30c52a34-bda2-11ef-890a-02a6845b4b32 生成新token，终端：my terminal
2024-12-19 08:46:40 - be.model.user - INFO - 用户登录成功：buyer_7_30c52a34-bda2-11ef-890a-02a6845b4b32
2024-12-19 08:46:40 - be.view.auth - INFO - 登录处理结果: 200
2024-12-19 08:46:40 - werkzeug - INFO - 127.0.0.1 - - [19/Dec/2024 08:46:40] "POST /auth/login HTTP/1.1" 200 -
2024-12-19 08:46:40 - be.view.auth - INFO - 收到登录请求: {'user_id': 'buyer_10_30c52a34-bda2-11ef-890a-02a6845b4b32', 'password': 'buyer_seller_10_30c52a34-bda2-11ef-890a-02a6845b4b32', 'terminal': 'my terminal'}
2024-12-19 08:46:40 - be.model.user - INFO - 尝试登录用户：buyer_10_30c52a34-bda2-11ef-890a-02a6845b4b32，终端：my terminal
2024-12-19 08:46:41 - be.model.user - INFO - 为用户 buyer_10_30c52a34-bda2-11ef-890a-02a6845b4b32 生成新token，终端：my terminal
2024-12-19 08:46:41 - be.model.user - INFO - 用户登录成功：buyer_10_30c52a34-bda2-11ef-890a-02a6845b4b32
2024-12-19 08:46:41 - be.view.auth - INFO - 登录处理结果: 200
2024-12-19 08:46:41 - werkzeug - INFO - 127.0.0.1 - - [19/Dec/2024 08:46:41] "POST /auth/login HTTP/1.1" 200 -
2024-12-19 08:46:41 - be.view.auth - INFO - 收到登录请求: {'user_id': 'buyer_9_30c52a34-bda2-11ef-890a-02a6845b4b32', 'password': 'buyer_seller_9_30c52a34-bda2-11ef-890a-02a6845b4b32', 'terminal': 'my terminal'}
2024-12-19 08:46:41 - be.model.user - INFO - 尝试登录用户：buyer_9_30c52a34-bda2-11ef-890a-02a6845b4b32，终端：my terminal
2024-12-19 08:46:41 - be.model.user - INFO - 为用户 buyer_9_30c52a34-bda2-11ef-890a-02a6845b4b32 生成新token，终端：my terminal
2024-12-19 08:46:41 - be.model.user - INFO - 用户登录成功：buyer_9_30c52a34-bda2-11ef-890a-02a6845b4b32
2024-12-19 08:46:41 - be.view.auth - INFO - 登录处理结果: 200
2024-12-19 08:46:41 - werkzeug - INFO - 127.0.0.1 - - [19/Dec/2024 08:46:41] "POST /auth/login HTTP/1.1" 200 -
2024-12-19 08:46:41 - be.view.auth - INFO - 收到登录请求: {'user_id': 'buyer_5_30c52a34-bda2-11ef-890a-02a6845b4b32', 'password': 'buyer_seller_5_30c52a34-bda2-11ef-890a-02a6845b4b32', 'terminal': 'my terminal'}
2024-12-19 08:46:41 - be.model.user - INFO - 尝试登录用户：buyer_5_30c52a34-bda2-11ef-890a-02a6845b4b32，终端：my terminal
2024-12-19 08:46:41 - be.model.user - INFO - 为用户 buyer_5_30c52a34-bda2-11ef-890a-02a6845b4b32 生成新token，终端：my terminal
2024-12-19 08:46:41 - be.model.user - INFO - 用户登录成功：buyer_5_30c52a34-bda2-11ef-890a-02a6845b4b32
2024-12-19 08:46:41 - be.view.auth - INFO - 登录处理结果: 200
2024-12-19 08:46:41 - werkzeug - INFO - 127.0.0.1 - - [19/Dec/2024 08:46:41] "POST /auth/login HTTP/1.1" 200 -
2024-12-19 08:46:41 - be.view.auth - INFO - 收到登录请求: {'user_id': 'buyer_5_30c52a34-bda2-11ef-890a-02a6845b4b32', 'password': 'buyer_seller_5_30c52a34-bda2-11ef-890a-02a6845b4b32', 'terminal': 'my terminal'}
2024-12-19 08:46:41 - be.model.user - INFO - 尝试登录用户：buyer_5_30c52a34-bda2-11ef-890a-02a6845b4b32，终端：my terminal
2024-12-19 08:46:41 - be.model.user - INFO - 为用户 buyer_5_30c52a34-bda2-11ef-890a-02a6845b4b32 生成新token，终端：my terminal
2024-12-19 08:46:41 - be.model.user - INFO - 用户登录成功：buyer_5_30c52a34-bda2-11ef-890a-02a6845b4b32
2024-12-19 08:46:41 - be.view.auth - INFO - 登录处理结果: 200
2024-12-19 08:46:41 - werkzeug - INFO - 127.0.0.1 - - [19/Dec/2024 08:46:41] "POST /auth/login HTTP/1.1" 200 -
2024-12-19 08:46:41 - be.view.auth - INFO - 收到登录请求: {'user_id': 'buyer_10_30c52a34-bda2-11ef-890a-02a6845b4b32', 'password': 'buyer_seller_10_30c52a34-bda2-11ef-890a-02a6845b4b32', 'terminal': 'my terminal'}
2024-12-19 08:46:41 - be.model.user - INFO - 尝试登录用户：buyer_10_30c52a34-bda2-11ef-890a-02a6845b4b32，终端：my terminal
2024-12-19 08:46:42 - be.model.user - INFO - 为用户 buyer_10_30c52a34-bda2-11ef-890a-02a6845b4b32 生成新token，终端：my terminal
2024-12-19 08:46:42 - be.model.user - INFO - 用户登录成功：buyer_10_30c52a34-bda2-11ef-890a-02a6845b4b32
2024-12-19 08:46:42 - be.view.auth - INFO - 登录处理结果: 200
2024-12-19 08:46:42 - werkzeug - INFO - 127.0.0.1 - - [19/Dec/2024 08:46:42] "POST /auth/login HTTP/1.1" 200 -
2024-12-19 08:46:42 - be.view.auth - INFO - 收到登录请求: {'user_id': 'buyer_1_30c52a34-bda2-11ef-890a-02a6845b4b32', 'password': 'buyer_seller_1_30c52a34-bda2-11ef-890a-02a6845b4b32', 'terminal': 'my terminal'}
2024-12-19 08:46:42 - be.model.user - INFO - 尝试登录用户：buyer_1_30c52a34-bda2-11ef-890a-02a6845b4b32，终端：my terminal
2024-12-19 08:46:42 - be.model.user - INFO - 为用户 buyer_1_30c52a34-bda2-11ef-890a-02a6845b4b32 生成新token，终端：my terminal
2024-12-19 08:46:42 - be.model.user - INFO - 用户登录成功：buyer_1_30c52a34-bda2-11ef-890a-02a6845b4b32
2024-12-19 08:46:42 - be.view.auth - INFO - 登录处理结果: 200
2024-12-19 08:46:42 - werkzeug - INFO - 127.0.0.1 - - [19/Dec/2024 08:46:42] "POST /auth/login HTTP/1.1" 200 -
2024-12-19 08:46:42 - be.view.auth - INFO - 收到登录请求: {'user_id': 'buyer_2_30c52a34-bda2-11ef-890a-02a6845b4b32', 'password': 'buyer_seller_2_30c52a34-bda2-11ef-890a-02a6845b4b32', 'terminal': 'my terminal'}
2024-12-19 08:46:42 - be.model.user - INFO - 尝试登录用户：buyer_2_30c52a34-bda2-11ef-890a-02a6845b4b32，终端：my terminal
2024-12-19 08:46:42 - be.model.user - INFO - 为用户 buyer_2_30c52a34-bda2-11ef-890a-02a6845b4b32 生成新token，终端：my terminal
2024-12-19 08:46:42 - be.model.user - INFO - 用户登录成功：buyer_2_30c52a34-bda2-11ef-890a-02a6845b4b32
2024-12-19 08:46:42 - be.view.auth - INFO - 登录处理结果: 200
2024-12-19 08:46:42 - werkzeug - INFO - 127.0.0.1 - - [19/Dec/2024 08:46:42] "POST /auth/login HTTP/1.1" 200 -
2024-12-19 08:46:42 - be.view.auth - INFO - 收到登录请求: {'user_id': 'buyer_6_30c52a34-bda2-11ef-890a-02a6845b4b32', 'password': 'buyer_seller_6_30c52a34-bda2-11ef-890a-02a6845b4b32', 'terminal': 'my terminal'}
2024-12-19 08:46:42 - be.model.user - INFO - 尝试登录用户：buyer_6_30c52a34-bda2-11ef-890a-02a6845b4b32，终端：my terminal
2024-12-19 08:46:42 - be.model.user - INFO - 为用户 buyer_6_30c52a34-bda2-11ef-890a-02a6845b4b32 生成新token，终端：my terminal
2024-12-19 08:46:42 - be.model.user - INFO - 用户登录成功：buyer_6_30c52a34-bda2-11ef-890a-02a6845b4b32
2024-12-19 08:46:42 - be.view.auth - INFO - 登录处理结果: 200
2024-12-19 08:46:42 - werkzeug - INFO - 127.0.0.1 - - [19/Dec/2024 08:46:42] "POST /auth/login HTTP/1.1" 200 -
2024-12-19 08:46:42 - be.view.auth - INFO - 收到登录请求: {'user_id': 'buyer_4_30c52a34-bda2-11ef-890a-02a6845b4b32', 'password': 'buyer_seller_4_30c52a34-bda2-11ef-890a-02a6845b4b32', 'terminal': 'my terminal'}
2024-12-19 08:46:42 - be.model.user - INFO - 尝试登录用户：buyer_4_30c52a34-bda2-11ef-890a-02a6845b4b32，终端：my terminal
2024-12-19 08:46:42 - be.model.user - INFO - 为用户 buyer_4_30c52a34-bda2-11ef-890a-02a6845b4b32 生成新token，终端：my terminal
2024-12-19 08:46:42 - be.model.user - INFO - 用户登录成功：buyer_4_30c52a34-bda2-11ef-890a-02a6845b4b32
2024-12-19 08:46:43 - be.view.auth - INFO - 登录处理结果: 200
2024-12-19 08:46:43 - werkzeug - INFO - 127.0.0.1 - - [19/Dec/2024 08:46:43] "POST /auth/login HTTP/1.1" 200 -
2024-12-19 08:46:43 - be.view.auth - INFO - 收到登录请求: {'user_id': 'buyer_7_30c52a34-bda2-11ef-890a-02a6845b4b32', 'password': 'buyer_seller_7_30c52a34-bda2-11ef-890a-02a6845b4b32', 'terminal': 'my terminal'}
2024-12-19 08:46:43 - be.model.user - INFO - 尝试登录用户：buyer_7_30c52a34-bda2-11ef-890a-02a6845b4b32，终端：my terminal
2024-12-19 08:46:43 - be.model.user - INFO - 为用户 buyer_7_30c52a34-bda2-11ef-890a-02a6845b4b32 生成新token，终端：my terminal
2024-12-19 08:46:43 - be.model.user - INFO - 用户登录成功：buyer_7_30c52a34-bda2-11ef-890a-02a6845b4b32
2024-12-19 08:46:43 - be.view.auth - INFO - 登录处理结果: 200
2024-12-19 08:46:43 - werkzeug - INFO - 127.0.0.1 - - [19/Dec/2024 08:46:43] "POST /auth/login HTTP/1.1" 200 -
2024-12-19 08:46:43 - be.view.auth - INFO - 收到登录请求: {'user_id': 'buyer_8_30c52a34-bda2-11ef-890a-02a6845b4b32', 'password': 'buyer_seller_8_30c52a34-bda2-11ef-890a-02a6845b4b32', 'terminal': 'my terminal'}
2024-12-19 08:46:43 - be.model.user - INFO - 尝试登录用户：buyer_8_30c52a34-bda2-11ef-890a-02a6845b4b32，终端：my terminal
2024-12-19 08:46:43 - be.model.user - INFO - 为用户 buyer_8_30c52a34-bda2-11ef-890a-02a6845b4b32 生成新token，终端：my terminal
2024-12-19 08:46:43 - be.model.user - INFO - 用户登录成功：buyer_8_30c52a34-bda2-11ef-890a-02a6845b4b32
2024-12-19 08:46:43 - be.view.auth - INFO - 登录处理结果: 200
2024-12-19 08:46:43 - werkzeug - INFO - 127.0.0.1 - - [19/Dec/2024 08:46:43] "POST /auth/login HTTP/1.1" 200 -
2024-12-19 08:46:43 - be.view.auth - INFO - 收到登录请求: {'user_id': 'buyer_3_30c52a34-bda2-11ef-890a-02a6845b4b32', 'password': 'buyer_seller_3_30c52a34-bda2-11ef-890a-02a6845b4b32', 'terminal': 'my terminal'}
2024-12-19 08:46:43 - be.model.user - INFO - 尝试登录用户：buyer_3_30c52a34-bda2-11ef-890a-02a6845b4b32，终端：my terminal
2024-12-19 08:46:43 - be.model.user - INFO - 为用户 buyer_3_30c52a34-bda2-11ef-890a-02a6845b4b32 生成新token，终端：my terminal
2024-12-19 08:46:43 - be.model.user - INFO - 用户登录成功：buyer_3_30c52a34-bda2-11ef-890a-02a6845b4b32
2024-12-19 08:46:43 - be.view.auth - INFO - 登录处理结果: 200
2024-12-19 08:46:43 - werkzeug - INFO - 127.0.0.1 - - [19/Dec/2024 08:46:43] "POST /auth/login HTTP/1.1" 200 -
2024-12-19 08:46:43 - be.view.auth - INFO - 收到登录请求: {'user_id': 'buyer_7_30c52a34-bda2-11ef-890a-02a6845b4b32', 'password': 'buyer_seller_7_30c52a34-bda2-11ef-890a-02a6845b4b32', 'terminal': 'my terminal'}
2024-12-19 08:46:43 - be.model.user - INFO - 尝试登录用户：buyer_7_30c52a34-bda2-11ef-890a-02a6845b4b32，终端：my terminal
2024-12-19 08:46:43 - be.model.user - INFO - 为用户 buyer_7_30c52a34-bda2-11ef-890a-02a6845b4b32 生成新token，终端：my terminal
2024-12-19 08:46:43 - be.model.user - INFO - 用户登录成功：buyer_7_30c52a34-bda2-11ef-890a-02a6845b4b32
2024-12-19 08:46:43 - be.view.auth - INFO - 登录处理结果: 200
2024-12-19 08:46:43 - werkzeug - INFO - 127.0.0.1 - - [19/Dec/2024 08:46:43] "POST /auth/login HTTP/1.1" 200 -
2024-12-19 08:46:43 - be.view.auth - INFO - 收到登录请求: {'user_id': 'buyer_1_30c52a34-bda2-11ef-890a-02a6845b4b32', 'password': 'buyer_seller_1_30c52a34-bda2-11ef-890a-02a6845b4b32', 'terminal': 'my terminal'}
2024-12-19 08:46:43 - be.model.user - INFO - 尝试登录用户：buyer_1_30c52a34-bda2-11ef-890a-02a6845b4b32，终端：my terminal
2024-12-19 08:46:44 - be.model.user - INFO - 为用户 buyer_1_30c52a34-bda2-11ef-890a-02a6845b4b32 生成新token，终端：my terminal
2024-12-19 08:46:44 - be.model.user - INFO - 用户登录成功：buyer_1_30c52a34-bda2-11ef-890a-02a6845b4b32
2024-12-19 08:46:44 - be.view.auth - INFO - 登录处理结果: 200
2024-12-19 08:46:44 - werkzeug - INFO - 127.0.0.1 - - [19/Dec/2024 08:46:44] "POST /auth/login HTTP/1.1" 200 -
2024-12-19 08:46:44 - be.view.auth - INFO - 收到登录请求: {'user_id': 'buyer_1_30c52a34-bda2-11ef-890a-02a6845b4b32', 'password': 'buyer_seller_1_30c52a34-bda2-11ef-890a-02a6845b4b32', 'terminal': 'my terminal'}
2024-12-19 08:46:44 - be.model.user - INFO - 尝试登录用户：buyer_1_30c52a34-bda2-11ef-890a-02a6845b4b32，终端：my terminal
2024-12-19 08:46:44 - be.model.user - INFO - 为用户 buyer_1_30c52a34-bda2-11ef-890a-02a6845b4b32 生成新token，终端：my terminal
2024-12-19 08:46:44 - be.model.user - INFO - 用户登录成功：buyer_1_30c52a34-bda2-11ef-890a-02a6845b4b32
2024-12-19 08:46:44 - be.view.auth - INFO - 登录处理结果: 200
2024-12-19 08:46:44 - werkzeug - INFO - 127.0.0.1 - - [19/Dec/2024 08:46:44] "POST /auth/login HTTP/1.1" 200 -
2024-12-19 08:46:44 - be.view.auth - INFO - 收到登录请求: {'user_id': 'buyer_7_30c52a34-bda2-11ef-890a-02a6845b4b32', 'password': 'buyer_seller_7_30c52a34-bda2-11ef-890a-02a6845b4b32', 'terminal': 'my terminal'}
2024-12-19 08:46:44 - be.model.user - INFO - 尝试登录用户：buyer_7_30c52a34-bda2-11ef-890a-02a6845b4b32，终端：my terminal
2024-12-19 08:46:44 - be.model.user - INFO - 为用户 buyer_7_30c52a34-bda2-11ef-890a-02a6845b4b32 生成新token，终端：my terminal
2024-12-19 08:46:44 - be.model.user - INFO - 用户登录成功：buyer_7_30c52a34-bda2-11ef-890a-02a6845b4b32
2024-12-19 08:46:44 - be.view.auth - INFO - 登录处理结果: 200
2024-12-19 08:46:44 - werkzeug - INFO - 127.0.0.1 - - [19/Dec/2024 08:46:44] "POST /auth/login HTTP/1.1" 200 -
2024-12-19 08:46:44 - be.view.auth - INFO - 收到登录请求: {'user_id': 'buyer_1_30c52a34-bda2-11ef-890a-02a6845b4b32', 'password': 'buyer_seller_1_30c52a34-bda2-11ef-890a-02a6845b4b32', 'terminal': 'my terminal'}
2024-12-19 08:46:44 - be.model.user - INFO - 尝试登录用户：buyer_1_30c52a34-bda2-11ef-890a-02a6845b4b32，终端：my terminal
2024-12-19 08:46:44 - be.model.user - INFO - 为用户 buyer_1_30c52a34-bda2-11ef-890a-02a6845b4b32 生成新token，终端：my terminal
2024-12-19 08:46:44 - be.model.user - INFO - 用户登录成功：buyer_1_30c52a34-bda2-11ef-890a-02a6845b4b32
2024-12-19 08:46:44 - be.view.auth - INFO - 登录处理结果: 200
2024-12-19 08:46:44 - werkzeug - INFO - 127.0.0.1 - - [19/Dec/2024 08:46:44] "POST /auth/login HTTP/1.1" 200 -
2024-12-19 08:46:44 - be.view.auth - INFO - 收到登录请求: {'user_id': 'buyer_7_30c52a34-bda2-11ef-890a-02a6845b4b32', 'password': 'buyer_seller_7_30c52a34-bda2-11ef-890a-02a6845b4b32', 'terminal': 'my terminal'}
2024-12-19 08:46:44 - be.model.user - INFO - 尝试登录用户：buyer_7_30c52a34-bda2-11ef-890a-02a6845b4b32，终端：my terminal
2024-12-19 08:46:45 - be.model.user - INFO - 为用户 buyer_7_30c52a34-bda2-11ef-890a-02a6845b4b32 生成新token，终端：my terminal
2024-12-19 08:46:45 - be.model.user - INFO - 用户登录成功：buyer_7_30c52a34-bda2-11ef-890a-02a6845b4b32
2024-12-19 08:46:45 - be.view.auth - INFO - 登录处理结果: 200
2024-12-19 08:46:45 - werkzeug - INFO - 127.0.0.1 - - [19/Dec/2024 08:46:45] "POST /auth/login HTTP/1.1" 200 -
2024-12-19 08:46:45 - be.view.auth - INFO - 收到登录请求: {'user_id': 'buyer_4_30c52a34-bda2-11ef-890a-02a6845b4b32', 'password': 'buyer_seller_4_30c52a34-bda2-11ef-890a-02a6845b4b32', 'terminal': 'my terminal'}
2024-12-19 08:46:45 - be.model.user - INFO - 尝试登录用户：buyer_4_30c52a34-bda2-11ef-890a-02a6845b4b32，终端：my terminal
2024-12-19 08:46:45 - be.model.user - INFO - 为用户 buyer_4_30c52a34-bda2-11ef-890a-02a6845b4b32 生成新token，终端：my terminal
2024-12-19 08:46:45 - be.model.user - INFO - 用户登录成功：buyer_4_30c52a34-bda2-11ef-890a-02a6845b4b32
2024-12-19 08:46:45 - be.view.auth - INFO - 登录处理结果: 200
2024-12-19 08:46:45 - werkzeug - INFO - 127.0.0.1 - - [19/Dec/2024 08:46:45] "POST /auth/login HTTP/1.1" 200 -
2024-12-19 08:46:45 - be.view.auth - INFO - 收到登录请求: {'user_id': 'buyer_3_30c52a34-bda2-11ef-890a-02a6845b4b32', 'password': 'buyer_seller_3_30c52a34-bda2-11ef-890a-02a6845b4b32', 'terminal': 'my terminal'}
2024-12-19 08:46:45 - be.model.user - INFO - 尝试登录用户：buyer_3_30c52a34-bda2-11ef-890a-02a6845b4b32，终端：my terminal
2024-12-19 08:46:45 - be.model.user - INFO - 为用户 buyer_3_30c52a34-bda2-11ef-890a-02a6845b4b32 生成新token，终端：my terminal
2024-12-19 08:46:45 - be.model.user - INFO - 用户登录成功：buyer_3_30c52a34-bda2-11ef-890a-02a6845b4b32
2024-12-19 08:46:45 - be.view.auth - INFO - 登录处理结果: 200
2024-12-19 08:46:45 - werkzeug - INFO - 127.0.0.1 - - [19/Dec/2024 08:46:45] "POST /auth/login HTTP/1.1" 200 -
2024-12-19 08:46:45 - be.view.auth - INFO - 收到登录请求: {'user_id': 'buyer_3_30c52a34-bda2-11ef-890a-02a6845b4b32', 'password': 'buyer_seller_3_30c52a34-bda2-11ef-890a-02a6845b4b32', 'terminal': 'my terminal'}
2024-12-19 08:46:45 - be.model.user - INFO - 尝试登录用户：buyer_3_30c52a34-bda2-11ef-890a-02a6845b4b32，终端：my terminal
2024-12-19 08:46:45 - be.model.user - INFO - 为用户 buyer_3_30c52a34-bda2-11ef-890a-02a6845b4b32 生成新token，终端：my terminal
2024-12-19 08:46:45 - be.model.user - INFO - 用户登录成功：buyer_3_30c52a34-bda2-11ef-890a-02a6845b4b32
2024-12-19 08:46:45 - be.view.auth - INFO - 登录处理结果: 200
2024-12-19 08:46:45 - werkzeug - INFO - 127.0.0.1 - - [19/Dec/2024 08:46:45] "POST /auth/login HTTP/1.1" 200 -
2024-12-19 08:46:45 - be.view.auth - INFO - 收到登录请求: {'user_id': 'buyer_10_30c52a34-bda2-11ef-890a-02a6845b4b32', 'password': 'buyer_seller_10_30c52a34-bda2-11ef-890a-02a6845b4b32', 'terminal': 'my terminal'}
2024-12-19 08:46:45 - be.model.user - INFO - 尝试登录用户：buyer_10_30c52a34-bda2-11ef-890a-02a6845b4b32，终端：my terminal
2024-12-19 08:46:45 - be.model.user - INFO - 为用户 buyer_10_30c52a34-bda2-11ef-890a-02a6845b4b32 生成新token，终端：my terminal
2024-12-19 08:46:45 - be.model.user - INFO - 用户登录成功：buyer_10_30c52a34-bda2-11ef-890a-02a6845b4b32
2024-12-19 08:46:46 - be.view.auth - INFO - 登录处理结果: 200
2024-12-19 08:46:46 - werkzeug - INFO - 127.0.0.1 - - [19/Dec/2024 08:46:46] "POST /auth/login HTTP/1.1" 200 -
2024-12-19 08:46:46 - be.view.auth - INFO - 收到登录请求: {'user_id': 'buyer_7_30c52a34-bda2-11ef-890a-02a6845b4b32', 'password': 'buyer_seller_7_30c52a34-bda2-11ef-890a-02a6845b4b32', 'terminal': 'my terminal'}
2024-12-19 08:46:46 - be.model.user - INFO - 尝试登录用户：buyer_7_30c52a34-bda2-11ef-890a-02a6845b4b32，终端：my terminal
2024-12-19 08:46:46 - be.model.user - INFO - 为用户 buyer_7_30c52a34-bda2-11ef-890a-02a6845b4b32 生成新token，终端：my terminal
2024-12-19 08:46:46 - be.model.user - INFO - 用户登录成功：buyer_7_30c52a34-bda2-11ef-890a-02a6845b4b32
2024-12-19 08:46:46 - be.view.auth - INFO - 登录处理结果: 200
2024-12-19 08:46:46 - werkzeug - INFO - 127.0.0.1 - - [19/Dec/2024 08:46:46] "POST /auth/login HTTP/1.1" 200 -
2024-12-19 08:46:46 - be.view.auth - INFO - 收到登录请求: {'user_id': 'buyer_3_30c52a34-bda2-11ef-890a-02a6845b4b32', 'password': 'buyer_seller_3_30c52a34-bda2-11ef-890a-02a6845b4b32', 'terminal': 'my terminal'}
2024-12-19 08:46:46 - be.model.user - INFO - 尝试登录用户：buyer_3_30c52a34-bda2-11ef-890a-02a6845b4b32，终端：my terminal
2024-12-19 08:46:46 - be.model.user - INFO - 为用户 buyer_3_30c52a34-bda2-11ef-890a-02a6845b4b32 生成新token，终端：my terminal
2024-12-19 08:46:46 - be.model.user - INFO - 用户登录成功：buyer_3_30c52a34-bda2-11ef-890a-02a6845b4b32
2024-12-19 08:46:46 - be.view.auth - INFO - 登录处理结果: 200
2024-12-19 08:46:46 - werkzeug - INFO - 127.0.0.1 - - [19/Dec/2024 08:46:46] "POST /auth/login HTTP/1.1" 200 -
2024-12-19 08:46:46 - be.view.auth - INFO - 收到登录请求: {'user_id': 'buyer_10_30c52a34-bda2-11ef-890a-02a6845b4b32', 'password': 'buyer_seller_10_30c52a34-bda2-11ef-890a-02a6845b4b32', 'terminal': 'my terminal'}
2024-12-19 08:46:46 - be.model.user - INFO - 尝试登录用户：buyer_10_30c52a34-bda2-11ef-890a-02a6845b4b32，终端：my terminal
2024-12-19 08:46:46 - be.model.user - INFO - 为用户 buyer_10_30c52a34-bda2-11ef-890a-02a6845b4b32 生成新token，终端：my terminal
2024-12-19 08:46:46 - be.model.user - INFO - 用户登录成功：buyer_10_30c52a34-bda2-11ef-890a-02a6845b4b32
2024-12-19 08:46:46 - be.view.auth - INFO - 登录处理结果: 200
2024-12-19 08:46:46 - werkzeug - INFO - 127.0.0.1 - - [19/Dec/2024 08:46:46] "POST /auth/login HTTP/1.1" 200 -
2024-12-19 08:46:46 - be.view.auth - INFO - 收到登录请求: {'user_id': 'buyer_3_30c52a34-bda2-11ef-890a-02a6845b4b32', 'password': 'buyer_seller_3_30c52a34-bda2-11ef-890a-02a6845b4b32', 'terminal': 'my terminal'}
2024-12-19 08:46:46 - be.model.user - INFO - 尝试登录用户：buyer_3_30c52a34-bda2-11ef-890a-02a6845b4b32，终端：my terminal
2024-12-19 08:46:46 - be.model.user - INFO - 为用户 buyer_3_30c52a34-bda2-11ef-890a-02a6845b4b32 生成新token，终端：my terminal
2024-12-19 08:46:46 - be.model.user - INFO - 用户登录成功：buyer_3_30c52a34-bda2-11ef-890a-02a6845b4b32
2024-12-19 08:46:46 - be.view.auth - INFO - 登录处理结果: 200
2024-12-19 08:46:46 - werkzeug - INFO - 127.0.0.1 - - [19/Dec/2024 08:46:46] "POST /auth/login HTTP/1.1" 200 -
2024-12-19 08:46:46 - be.view.auth - INFO - 收到登录请求: {'user_id': 'buyer_8_30c52a34-bda2-11ef-890a-02a6845b4b32', 'password': 'buyer_seller_8_30c52a34-bda2-11ef-890a-02a6845b4b32', 'terminal': 'my terminal'}
2024-12-19 08:46:46 - be.model.user - INFO - 尝试登录用户：buyer_8_30c52a34-bda2-11ef-890a-02a6845b4b32，终端：my terminal
2024-12-19 08:46:47 - be.model.user - INFO - 为用户 buyer_8_30c52a34-bda2-11ef-890a-02a6845b4b32 生成新token，终端：my terminal
2024-12-19 08:46:47 - be.model.user - INFO - 用户登录成功：buyer_8_30c52a34-bda2-11ef-890a-02a6845b4b32
2024-12-19 08:46:47 - be.view.auth - INFO - 登录处理结果: 200
2024-12-19 08:46:47 - werkzeug - INFO - 127.0.0.1 - - [19/Dec/2024 08:46:47] "POST /auth/login HTTP/1.1" 200 -
2024-12-19 08:46:47 - be.view.auth - INFO - 收到登录请求: {'user_id': 'buyer_6_30c52a34-bda2-11ef-890a-02a6845b4b32', 'password': 'buyer_seller_6_30c52a34-bda2-11ef-890a-02a6845b4b32', 'terminal': 'my terminal'}
2024-12-19 08:46:47 - be.model.user - INFO - 尝试登录用户：buyer_6_30c52a34-bda2-11ef-890a-02a6845b4b32，终端：my terminal
2024-12-19 08:46:47 - be.model.user - INFO - 为用户 buyer_6_30c52a34-bda2-11ef-890a-02a6845b4b32 生成新token，终端：my terminal
2024-12-19 08:46:47 - be.model.user - INFO - 用户登录成功：buyer_6_30c52a34-bda2-11ef-890a-02a6845b4b32
2024-12-19 08:46:47 - be.view.auth - INFO - 登录处理结果: 200
2024-12-19 08:46:47 - werkzeug - INFO - 127.0.0.1 - - [19/Dec/2024 08:46:47] "POST /auth/login HTTP/1.1" 200 -
2024-12-19 08:46:47 - be.view.auth - INFO - 收到登录请求: {'user_id': 'buyer_2_30c52a34-bda2-11ef-890a-02a6845b4b32', 'password': 'buyer_seller_2_30c52a34-bda2-11ef-890a-02a6845b4b32', 'terminal': 'my terminal'}
2024-12-19 08:46:47 - be.model.user - INFO - 尝试登录用户：buyer_2_30c52a34-bda2-11ef-890a-02a6845b4b32，终端：my terminal
2024-12-19 08:46:47 - be.model.user - INFO - 为用户 buyer_2_30c52a34-bda2-11ef-890a-02a6845b4b32 生成新token，终端：my terminal
2024-12-19 08:46:47 - be.model.user - INFO - 用户登录成功：buyer_2_30c52a34-bda2-11ef-890a-02a6845b4b32
2024-12-19 08:46:47 - be.view.auth - INFO - 登录处理结果: 200
2024-12-19 08:46:47 - werkzeug - INFO - 127.0.0.1 - - [19/Dec/2024 08:46:47] "POST /auth/login HTTP/1.1" 200 -
2024-12-19 08:46:47 - be.view.auth - INFO - 收到登录请求: {'user_id': 'buyer_3_30c52a34-bda2-11ef-890a-02a6845b4b32', 'password': 'buyer_seller_3_30c52a34-bda2-11ef-890a-02a6845b4b32', 'terminal': 'my terminal'}
2024-12-19 08:46:47 - be.model.user - INFO - 尝试登录用户：buyer_3_30c52a34-bda2-11ef-890a-02a6845b4b32，终端：my terminal
2024-12-19 08:46:47 - be.model.user - INFO - 为用户 buyer_3_30c52a34-bda2-11ef-890a-02a6845b4b32 生成新token，终端：my terminal
2024-12-19 08:46:47 - be.model.user - INFO - 用户登录成功：buyer_3_30c52a34-bda2-11ef-890a-02a6845b4b32
2024-12-19 08:46:47 - be.view.auth - INFO - 登录处理结果: 200
2024-12-19 08:46:47 - werkzeug - INFO - 127.0.0.1 - - [19/Dec/2024 08:46:47] "POST /auth/login HTTP/1.1" 200 -
2024-12-19 08:46:47 - be.view.auth - INFO - 收到登录请求: {'user_id': 'buyer_3_30c52a34-bda2-11ef-890a-02a6845b4b32', 'password': 'buyer_seller_3_30c52a34-bda2-11ef-890a-02a6845b4b32', 'terminal': 'my terminal'}
2024-12-19 08:46:47 - be.model.user - INFO - 尝试登录用户：buyer_3_30c52a34-bda2-11ef-890a-02a6845b4b32，终端：my terminal
2024-12-19 08:46:47 - be.model.user - INFO - 为用户 buyer_3_30c52a34-bda2-11ef-890a-02a6845b4b32 生成新token，终端：my terminal
2024-12-19 08:46:47 - be.model.user - INFO - 用户登录成功：buyer_3_30c52a34-bda2-11ef-890a-02a6845b4b32
2024-12-19 08:46:48 - be.view.auth - INFO - 登录处理结果: 200
2024-12-19 08:46:48 - werkzeug - INFO - 127.0.0.1 - - [19/Dec/2024 08:46:48] "POST /auth/login HTTP/1.1" 200 -
2024-12-19 08:46:48 - be.view.auth - INFO - 收到登录请求: {'user_id': 'buyer_4_30c52a34-bda2-11ef-890a-02a6845b4b32', 'password': 'buyer_seller_4_30c52a34-bda2-11ef-890a-02a6845b4b32', 'terminal': 'my terminal'}
2024-12-19 08:46:48 - be.model.user - INFO - 尝试登录用户：buyer_4_30c52a34-bda2-11ef-890a-02a6845b4b32，终端：my terminal
2024-12-19 08:46:48 - be.model.user - INFO - 为用户 buyer_4_30c52a34-bda2-11ef-890a-02a6845b4b32 生成新token，终端：my terminal
2024-12-19 08:46:48 - be.model.user - INFO - 用户登录成功：buyer_4_30c52a34-bda2-11ef-890a-02a6845b4b32
2024-12-19 08:46:48 - be.view.auth - INFO - 登录处理结果: 200
2024-12-19 08:46:48 - werkzeug - INFO - 127.0.0.1 - - [19/Dec/2024 08:46:48] "POST /auth/login HTTP/1.1" 200 -
2024-12-19 08:46:48 - be.view.auth - INFO - 收到登录请求: {'user_id': 'buyer_5_30c52a34-bda2-11ef-890a-02a6845b4b32', 'password': 'buyer_seller_5_30c52a34-bda2-11ef-890a-02a6845b4b32', 'terminal': 'my terminal'}
2024-12-19 08:46:48 - be.model.user - INFO - 尝试登录用户：buyer_5_30c52a34-bda2-11ef-890a-02a6845b4b32，终端：my terminal
2024-12-19 08:46:48 - be.model.user - INFO - 为用户 buyer_5_30c52a34-bda2-11ef-890a-02a6845b4b32 生成新token，终端：my terminal
2024-12-19 08:46:48 - be.model.user - INFO - 用户登录成功：buyer_5_30c52a34-bda2-11ef-890a-02a6845b4b32
2024-12-19 08:46:48 - be.view.auth - INFO - 登录处理结果: 200
2024-12-19 08:46:48 - werkzeug - INFO - 127.0.0.1 - - [19/Dec/2024 08:46:48] "POST /auth/login HTTP/1.1" 200 -
2024-12-19 08:46:48 - be.view.auth - INFO - 收到登录请求: {'user_id': 'buyer_3_30c52a34-bda2-11ef-890a-02a6845b4b32', 'password': 'buyer_seller_3_30c52a34-bda2-11ef-890a-02a6845b4b32', 'terminal': 'my terminal'}
2024-12-19 08:46:48 - be.model.user - INFO - 尝试登录用户：buyer_3_30c52a34-bda2-11ef-890a-02a6845b4b32，终端：my terminal
2024-12-19 08:46:48 - be.model.user - INFO - 为用户 buyer_3_30c52a34-bda2-11ef-890a-02a6845b4b32 生成新token，终端：my terminal
2024-12-19 08:46:48 - be.model.user - INFO - 用户登录成功：buyer_3_30c52a34-bda2-11ef-890a-02a6845b4b32
2024-12-19 08:46:48 - be.view.auth - INFO - 登录处理结果: 200
2024-12-19 08:46:48 - werkzeug - INFO - 127.0.0.1 - - [19/Dec/2024 08:46:48] "POST /auth/login HTTP/1.1" 200 -
2024-12-19 08:46:48 - be.view.auth - INFO - 收到登录请求: {'user_id': 'buyer_4_30c52a34-bda2-11ef-890a-02a6845b4b32', 'password': 'buyer_seller_4_30c52a34-bda2-11ef-890a-02a6845b4b32', 'terminal': 'my terminal'}
2024-12-19 08:46:48 - be.model.user - INFO - 尝试登录用户：buyer_4_30c52a34-bda2-11ef-890a-02a6845b4b32，终端：my terminal
2024-12-19 08:46:48 - be.model.user - INFO - 为用户 buyer_4_30c52a34-bda2-11ef-890a-02a6845b4b32 生成新token，终端：my terminal
2024-12-19 08:46:48 - be.model.user - INFO - 用户登录成功：buyer_4_30c52a34-bda2-11ef-890a-02a6845b4b32
2024-12-19 08:46:48 - be.view.auth - INFO - 登录处理结果: 200
2024-12-19 08:46:48 - werkzeug - INFO - 127.0.0.1 - - [19/Dec/2024 08:46:48] "POST /auth/login HTTP/1.1" 200 -
2024-12-19 08:46:49 - be.view.auth - INFO - 收到登录请求: {'user_id': 'buyer_8_30c52a34-bda2-11ef-890a-02a6845b4b32', 'password': 'buyer_seller_8_30c52a34-bda2-11ef-890a-02a6845b4b32', 'terminal': 'my terminal'}
2024-12-19 08:46:49 - be.model.user - INFO - 尝试登录用户：buyer_8_30c52a34-bda2-11ef-890a-02a6845b4b32，终端：my terminal
2024-12-19 08:46:49 - be.model.user - INFO - 为用户 buyer_8_30c52a34-bda2-11ef-890a-02a6845b4b32 生成新token，终端：my terminal
2024-12-19 08:46:49 - be.model.user - INFO - 用户登录成功：buyer_8_30c52a34-bda2-11ef-890a-02a6845b4b32
2024-12-19 08:46:49 - be.view.auth - INFO - 登录处理结果: 200
2024-12-19 08:46:49 - werkzeug - INFO - 127.0.0.1 - - [19/Dec/2024 08:46:49] "POST /auth/login HTTP/1.1" 200 -
2024-12-19 08:46:49 - be.view.auth - INFO - 收到登录请求: {'user_id': 'buyer_9_30c52a34-bda2-11ef-890a-02a6845b4b32', 'password': 'buyer_seller_9_30c52a34-bda2-11ef-890a-02a6845b4b32', 'terminal': 'my terminal'}
2024-12-19 08:46:49 - be.model.user - INFO - 尝试登录用户：buyer_9_30c52a34-bda2-11ef-890a-02a6845b4b32，终端：my terminal
2024-12-19 08:46:49 - be.model.user - INFO - 为用户 buyer_9_30c52a34-bda2-11ef-890a-02a6845b4b32 生成新token，终端：my terminal
2024-12-19 08:46:49 - be.model.user - INFO - 用户登录成功：buyer_9_30c52a34-bda2-11ef-890a-02a6845b4b32
2024-12-19 08:46:49 - be.view.auth - INFO - 登录处理结果: 200
2024-12-19 08:46:49 - werkzeug - INFO - 127.0.0.1 - - [19/Dec/2024 08:46:49] "POST /auth/login HTTP/1.1" 200 -
2024-12-19 08:46:49 - be.view.auth - INFO - 收到登录请求: {'user_id': 'buyer_1_30c52a34-bda2-11ef-890a-02a6845b4b32', 'password': 'buyer_seller_1_30c52a34-bda2-11ef-890a-02a6845b4b32', 'terminal': 'my terminal'}
2024-12-19 08:46:49 - be.model.user - INFO - 尝试登录用户：buyer_1_30c52a34-bda2-11ef-890a-02a6845b4b32，终端：my terminal
2024-12-19 08:46:49 - be.model.user - INFO - 为用户 buyer_1_30c52a34-bda2-11ef-890a-02a6845b4b32 生成新token，终端：my terminal
2024-12-19 08:46:49 - be.model.user - INFO - 用户登录成功：buyer_1_30c52a34-bda2-11ef-890a-02a6845b4b32
2024-12-19 08:46:49 - be.view.auth - INFO - 登录处理结果: 200
2024-12-19 08:46:49 - werkzeug - INFO - 127.0.0.1 - - [19/Dec/2024 08:46:49] "POST /auth/login HTTP/1.1" 200 -
2024-12-19 08:46:49 - be.view.auth - INFO - 收到登录请求: {'user_id': 'buyer_2_30c52a34-bda2-11ef-890a-02a6845b4b32', 'password': 'buyer_seller_2_30c52a34-bda2-11ef-890a-02a6845b4b32', 'terminal': 'my terminal'}
2024-12-19 08:46:49 - be.model.user - INFO - 尝试登录用户：buyer_2_30c52a34-bda2-11ef-890a-02a6845b4b32，终端：my terminal
2024-12-19 08:46:49 - be.model.user - INFO - 为用户 buyer_2_30c52a34-bda2-11ef-890a-02a6845b4b32 生成新token，终端：my terminal
2024-12-19 08:46:49 - be.model.user - INFO - 用户登录成功：buyer_2_30c52a34-bda2-11ef-890a-02a6845b4b32
2024-12-19 08:46:49 - be.view.auth - INFO - 登录处理结果: 200
2024-12-19 08:46:49 - werkzeug - INFO - 127.0.0.1 - - [19/Dec/2024 08:46:49] "POST /auth/login HTTP/1.1" 200 -
2024-12-19 08:46:49 - be.view.auth - INFO - 收到登录请求: {'user_id': 'buyer_9_30c52a34-bda2-11ef-890a-02a6845b4b32', 'password': 'buyer_seller_9_30c52a34-bda2-11ef-890a-02a6845b4b32', 'terminal': 'my terminal'}
2024-12-19 08:46:49 - be.model.user - INFO - 尝试登录用户：buyer_9_30c52a34-bda2-11ef-890a-02a6845b4b32，终端：my terminal
2024-12-19 08:46:50 - be.model.user - INFO - 为用户 buyer_9_30c52a34-bda2-11ef-890a-02a6845b4b32 生成新token，终端：my terminal
2024-12-19 08:46:50 - be.model.user - INFO - 用户登录成功：buyer_9_30c52a34-bda2-11ef-890a-02a6845b4b32
2024-12-19 08:46:50 - be.view.auth - INFO - 登录处理结果: 200
2024-12-19 08:46:50 - werkzeug - INFO - 127.0.0.1 - - [19/Dec/2024 08:46:50] "POST /auth/login HTTP/1.1" 200 -
2024-12-19 08:46:50 - be.view.auth - INFO - 收到登录请求: {'user_id': 'buyer_7_30c52a34-bda2-11ef-890a-02a6845b4b32', 'password': 'buyer_seller_7_30c52a34-bda2-11ef-890a-02a6845b4b32', 'terminal': 'my terminal'}
2024-12-19 08:46:50 - be.model.user - INFO - 尝试登录用户：buyer_7_30c52a34-bda2-11ef-890a-02a6845b4b32，终端：my terminal
2024-12-19 08:46:50 - be.model.user - INFO - 为用户 buyer_7_30c52a34-bda2-11ef-890a-02a6845b4b32 生成新token，终端：my terminal
2024-12-19 08:46:50 - be.model.user - INFO - 用户登录成功：buyer_7_30c52a34-bda2-11ef-890a-02a6845b4b32
2024-12-19 08:46:50 - be.view.auth - INFO - 登录处理结果: 200
2024-12-19 08:46:50 - werkzeug - INFO - 127.0.0.1 - - [19/Dec/2024 08:46:50] "POST /auth/login HTTP/1.1" 200 -
2024-12-19 08:46:50 - be.view.auth - INFO - 收到登录请求: {'user_id': 'buyer_1_30c52a34-bda2-11ef-890a-02a6845b4b32', 'password': 'buyer_seller_1_30c52a34-bda2-11ef-890a-02a6845b4b32', 'terminal': 'my terminal'}
2024-12-19 08:46:50 - be.model.user - INFO - 尝试登录用户：buyer_1_30c52a34-bda2-11ef-890a-02a6845b4b32，终端：my terminal
2024-12-19 08:46:50 - be.model.user - INFO - 为用户 buyer_1_30c52a34-bda2-11ef-890a-02a6845b4b32 生成新token，终端：my terminal
2024-12-19 08:46:50 - be.model.user - INFO - 用户登录成功：buyer_1_30c52a34-bda2-11ef-890a-02a6845b4b32
2024-12-19 08:46:50 - be.view.auth - INFO - 登录处理结果: 200
2024-12-19 08:46:50 - werkzeug - INFO - 127.0.0.1 - - [19/Dec/2024 08:46:50] "POST /auth/login HTTP/1.1" 200 -
2024-12-19 08:46:50 - be.view.auth - INFO - 收到登录请求: {'user_id': 'buyer_2_30c52a34-bda2-11ef-890a-02a6845b4b32', 'password': 'buyer_seller_2_30c52a34-bda2-11ef-890a-02a6845b4b32', 'terminal': 'my terminal'}
2024-12-19 08:46:50 - be.model.user - INFO - 尝试登录用户：buyer_2_30c52a34-bda2-11ef-890a-02a6845b4b32，终端：my terminal
2024-12-19 08:46:50 - be.model.user - INFO - 为用户 buyer_2_30c52a34-bda2-11ef-890a-02a6845b4b32 生成新token，终端：my terminal
2024-12-19 08:46:50 - be.model.user - INFO - 用户登录成功：buyer_2_30c52a34-bda2-11ef-890a-02a6845b4b32
2024-12-19 08:46:50 - be.view.auth - INFO - 登录处理结果: 200
2024-12-19 08:46:50 - werkzeug - INFO - 127.0.0.1 - - [19/Dec/2024 08:46:50] "POST /auth/login HTTP/1.1" 200 -
2024-12-19 08:46:50 - be.view.auth - INFO - 收到登录请求: {'user_id': 'buyer_5_30c52a34-bda2-11ef-890a-02a6845b4b32', 'password': 'buyer_seller_5_30c52a34-bda2-11ef-890a-02a6845b4b32', 'terminal': 'my terminal'}
2024-12-19 08:46:50 - be.model.user - INFO - 尝试登录用户：buyer_5_30c52a34-bda2-11ef-890a-02a6845b4b32，终端：my terminal
2024-12-19 08:46:51 - be.model.user - INFO - 为用户 buyer_5_30c52a34-bda2-11ef-890a-02a6845b4b32 生成新token，终端：my terminal
2024-12-19 08:46:51 - be.model.user - INFO - 用户登录成功：buyer_5_30c52a34-bda2-11ef-890a-02a6845b4b32
2024-12-19 08:46:51 - be.view.auth - INFO - 登录处理结果: 200
2024-12-19 08:46:51 - werkzeug - INFO - 127.0.0.1 - - [19/Dec/2024 08:46:51] "POST /auth/login HTTP/1.1" 200 -
2024-12-19 08:46:51 - be.view.auth - INFO - 收到登录请求: {'user_id': 'buyer_6_30c52a34-bda2-11ef-890a-02a6845b4b32', 'password': 'buyer_seller_6_30c52a34-bda2-11ef-890a-02a6845b4b32', 'terminal': 'my terminal'}
2024-12-19 08:46:51 - be.model.user - INFO - 尝试登录用户：buyer_6_30c52a34-bda2-11ef-890a-02a6845b4b32，终端：my terminal
2024-12-19 08:46:51 - be.model.user - INFO - 为用户 buyer_6_30c52a34-bda2-11ef-890a-02a6845b4b32 生成新token，终端：my terminal
2024-12-19 08:46:51 - be.model.user - INFO - 用户登录成功：buyer_6_30c52a34-bda2-11ef-890a-02a6845b4b32
2024-12-19 08:46:51 - be.view.auth - INFO - 登录处理结果: 200
2024-12-19 08:46:51 - werkzeug - INFO - 127.0.0.1 - - [19/Dec/2024 08:46:51] "POST /auth/login HTTP/1.1" 200 -
2024-12-19 08:46:51 - be.view.auth - INFO - 收到登录请求: {'user_id': 'buyer_4_30c52a34-bda2-11ef-890a-02a6845b4b32', 'password': 'buyer_seller_4_30c52a34-bda2-11ef-890a-02a6845b4b32', 'terminal': 'my terminal'}
2024-12-19 08:46:51 - be.model.user - INFO - 尝试登录用户：buyer_4_30c52a34-bda2-11ef-890a-02a6845b4b32，终端：my terminal
2024-12-19 08:46:51 - be.model.user - INFO - 为用户 buyer_4_30c52a34-bda2-11ef-890a-02a6845b4b32 生成新token，终端：my terminal
2024-12-19 08:46:51 - be.model.user - INFO - 用户登录成功：buyer_4_30c52a34-bda2-11ef-890a-02a6845b4b32
2024-12-19 08:46:51 - be.view.auth - INFO - 登录处理结果: 200
2024-12-19 08:46:51 - werkzeug - INFO - 127.0.0.1 - - [19/Dec/2024 08:46:51] "POST /auth/login HTTP/1.1" 200 -
2024-12-19 08:46:51 - be.view.auth - INFO - 收到登录请求: {'user_id': 'buyer_1_30c52a34-bda2-11ef-890a-02a6845b4b32', 'password': 'buyer_seller_1_30c52a34-bda2-11ef-890a-02a6845b4b32', 'terminal': 'my terminal'}
2024-12-19 08:46:51 - be.model.user - INFO - 尝试登录用户：buyer_1_30c52a34-bda2-11ef-890a-02a6845b4b32，终端：my terminal
2024-12-19 08:46:51 - be.model.user - INFO - 为用户 buyer_1_30c52a34-bda2-11ef-890a-02a6845b4b32 生成新token，终端：my terminal
2024-12-19 08:46:51 - be.model.user - INFO - 用户登录成功：buyer_1_30c52a34-bda2-11ef-890a-02a6845b4b32
2024-12-19 08:46:51 - be.view.auth - INFO - 登录处理结果: 200
2024-12-19 08:46:51 - werkzeug - INFO - 127.0.0.1 - - [19/Dec/2024 08:46:51] "POST /auth/login HTTP/1.1" 200 -
2024-12-19 08:46:51 - be.view.auth - INFO - 收到登录请求: {'user_id': 'buyer_4_30c52a34-bda2-11ef-890a-02a6845b4b32', 'password': 'buyer_seller_4_30c52a34-bda2-11ef-890a-02a6845b4b32', 'terminal': 'my terminal'}
2024-12-19 08:46:51 - be.model.user - INFO - 尝试登录用户：buyer_4_30c52a34-bda2-11ef-890a-02a6845b4b32，终端：my terminal
2024-12-19 08:46:51 - be.model.user - INFO - 为用户 buyer_4_30c52a34-bda2-11ef-890a-02a6845b4b32 生成新token，终端：my terminal
2024-12-19 08:46:51 - be.model.user - INFO - 用户登录成功：buyer_4_30c52a34-bda2-11ef-890a-02a6845b4b32
2024-12-19 08:46:52 - be.view.auth - INFO - 登录处理结果: 200
2024-12-19 08:46:52 - werkzeug - INFO - 127.0.0.1 - - [19/Dec/2024 08:46:52] "POST /auth/login HTTP/1.1" 200 -
2024-12-19 08:46:52 - be.view.auth - INFO - 收到登录请求: {'user_id': 'buyer_1_30c52a34-bda2-11ef-890a-02a6845b4b32', 'password': 'buyer_seller_1_30c52a34-bda2-11ef-890a-02a6845b4b32', 'terminal': 'my terminal'}
2024-12-19 08:46:52 - be.model.user - INFO - 尝试登录用户：buyer_1_30c52a34-bda2-11ef-890a-02a6845b4b32，终端：my terminal
2024-12-19 08:46:52 - be.model.user - INFO - 为用户 buyer_1_30c52a34-bda2-11ef-890a-02a6845b4b32 生成新token，终端：my terminal
2024-12-19 08:46:52 - be.model.user - INFO - 用户登录成功：buyer_1_30c52a34-bda2-11ef-890a-02a6845b4b32
2024-12-19 08:46:52 - be.view.auth - INFO - 登录处理结果: 200
2024-12-19 08:46:52 - werkzeug - INFO - 127.0.0.1 - - [19/Dec/2024 08:46:52] "POST /auth/login HTTP/1.1" 200 -
2024-12-19 08:46:52 - be.view.auth - INFO - 收到登录请求: {'user_id': 'buyer_5_30c52a34-bda2-11ef-890a-02a6845b4b32', 'password': 'buyer_seller_5_30c52a34-bda2-11ef-890a-02a6845b4b32', 'terminal': 'my terminal'}
2024-12-19 08:46:52 - be.model.user - INFO - 尝试登录用户：buyer_5_30c52a34-bda2-11ef-890a-02a6845b4b32，终端：my terminal
2024-12-19 08:46:52 - be.model.user - INFO - 为用户 buyer_5_30c52a34-bda2-11ef-890a-02a6845b4b32 生成新token，终端：my terminal
2024-12-19 08:46:52 - be.model.user - INFO - 用户登录成功：buyer_5_30c52a34-bda2-11ef-890a-02a6845b4b32
2024-12-19 08:46:52 - be.view.auth - INFO - 登录处理结果: 200
2024-12-19 08:46:52 - werkzeug - INFO - 127.0.0.1 - - [19/Dec/2024 08:46:52] "POST /auth/login HTTP/1.1" 200 -
2024-12-19 08:46:52 - be.view.auth - INFO - 收到登录请求: {'user_id': 'buyer_6_30c52a34-bda2-11ef-890a-02a6845b4b32', 'password': 'buyer_seller_6_30c52a34-bda2-11ef-890a-02a6845b4b32', 'terminal': 'my terminal'}
2024-12-19 08:46:52 - be.model.user - INFO - 尝试登录用户：buyer_6_30c52a34-bda2-11ef-890a-02a6845b4b32，终端：my terminal
2024-12-19 08:46:52 - be.model.user - INFO - 为用户 buyer_6_30c52a34-bda2-11ef-890a-02a6845b4b32 生成新token，终端：my terminal
2024-12-19 08:46:52 - be.model.user - INFO - 用户登录成功：buyer_6_30c52a34-bda2-11ef-890a-02a6845b4b32
2024-12-19 08:46:52 - be.view.auth - INFO - 登录处理结果: 200
2024-12-19 08:46:52 - werkzeug - INFO - 127.0.0.1 - - [19/Dec/2024 08:46:52] "POST /auth/login HTTP/1.1" 200 -
2024-12-19 08:46:52 - be.view.auth - INFO - 收到登录请求: {'user_id': 'buyer_5_30c52a34-bda2-11ef-890a-02a6845b4b32', 'password': 'buyer_seller_5_30c52a34-bda2-11ef-890a-02a6845b4b32', 'terminal': 'my terminal'}
2024-12-19 08:46:52 - be.model.user - INFO - 尝试登录用户：buyer_5_30c52a34-bda2-11ef-890a-02a6845b4b32，终端：my terminal
2024-12-19 08:46:52 - be.model.user - INFO - 为用户 buyer_5_30c52a34-bda2-11ef-890a-02a6845b4b32 生成新token，终端：my terminal
2024-12-19 08:46:52 - be.model.user - INFO - 用户登录成功：buyer_5_30c52a34-bda2-11ef-890a-02a6845b4b32
2024-12-19 08:46:52 - be.view.auth - INFO - 登录处理结果: 200
2024-12-19 08:46:52 - werkzeug - INFO - 127.0.0.1 - - [19/Dec/2024 08:46:52] "POST /auth/login HTTP/1.1" 200 -
2024-12-19 08:46:52 - be.view.auth - INFO - 收到登录请求: {'user_id': 'buyer_3_30c52a34-bda2-11ef-890a-02a6845b4b32', 'password': 'buyer_seller_3_30c52a34-bda2-11ef-890a-02a6845b4b32', 'terminal': 'my terminal'}
2024-12-19 08:46:52 - be.model.user - INFO - 尝试登录用户：buyer_3_30c52a34-bda2-11ef-890a-02a6845b4b32，终端：my terminal
2024-12-19 08:46:53 - be.model.user - INFO - 为用户 buyer_3_30c52a34-bda2-11ef-890a-02a6845b4b32 生成新token，终端：my terminal
2024-12-19 08:46:53 - be.model.user - INFO - 用户登录成功：buyer_3_30c52a34-bda2-11ef-890a-02a6845b4b32
2024-12-19 08:46:53 - be.view.auth - INFO - 登录处理结果: 200
2024-12-19 08:46:53 - werkzeug - INFO - 127.0.0.1 - - [19/Dec/2024 08:46:53] "POST /auth/login HTTP/1.1" 200 -
2024-12-19 08:46:53 - be.view.auth - INFO - 收到登录请求: {'user_id': 'buyer_2_30c52a34-bda2-11ef-890a-02a6845b4b32', 'password': 'buyer_seller_2_30c52a34-bda2-11ef-890a-02a6845b4b32', 'terminal': 'my terminal'}
2024-12-19 08:46:53 - be.model.user - INFO - 尝试登录用户：buyer_2_30c52a34-bda2-11ef-890a-02a6845b4b32，终端：my terminal
2024-12-19 08:46:53 - be.model.user - INFO - 为用户 buyer_2_30c52a34-bda2-11ef-890a-02a6845b4b32 生成新token，终端：my terminal
2024-12-19 08:46:53 - be.model.user - INFO - 用户登录成功：buyer_2_30c52a34-bda2-11ef-890a-02a6845b4b32
2024-12-19 08:46:53 - be.view.auth - INFO - 登录处理结果: 200
2024-12-19 08:46:53 - werkzeug - INFO - 127.0.0.1 - - [19/Dec/2024 08:46:53] "POST /auth/login HTTP/1.1" 200 -
2024-12-19 08:46:53 - be.view.auth - INFO - 收到登录请求: {'user_id': 'buyer_4_30c52a34-bda2-11ef-890a-02a6845b4b32', 'password': 'buyer_seller_4_30c52a34-bda2-11ef-890a-02a6845b4b32', 'terminal': 'my terminal'}
2024-12-19 08:46:53 - be.model.user - INFO - 尝试登录用户：buyer_4_30c52a34-bda2-11ef-890a-02a6845b4b32，终端：my terminal
2024-12-19 08:46:53 - be.model.user - INFO - 为用户 buyer_4_30c52a34-bda2-11ef-890a-02a6845b4b32 生成新token，终端：my terminal
2024-12-19 08:46:53 - be.model.user - INFO - 用户登录成功：buyer_4_30c52a34-bda2-11ef-890a-02a6845b4b32
2024-12-19 08:46:53 - be.view.auth - INFO - 登录处理结果: 200
2024-12-19 08:46:53 - werkzeug - INFO - 127.0.0.1 - - [19/Dec/2024 08:46:53] "POST /auth/login HTTP/1.1" 200 -
2024-12-19 08:46:53 - be.view.auth - INFO - 收到登录请求: {'user_id': 'buyer_4_30c52a34-bda2-11ef-890a-02a6845b4b32', 'password': 'buyer_seller_4_30c52a34-bda2-11ef-890a-02a6845b4b32', 'terminal': 'my terminal'}
2024-12-19 08:46:53 - be.model.user - INFO - 尝试登录用户：buyer_4_30c52a34-bda2-11ef-890a-02a6845b4b32，终端：my terminal
2024-12-19 08:46:53 - be.model.user - INFO - 为用户 buyer_4_30c52a34-bda2-11ef-890a-02a6845b4b32 生成新token，终端：my terminal
2024-12-19 08:46:53 - be.model.user - INFO - 用户登录成功：buyer_4_30c52a34-bda2-11ef-890a-02a6845b4b32
2024-12-19 08:46:53 - be.view.auth - INFO - 登录处理结果: 200
2024-12-19 08:46:53 - werkzeug - INFO - 127.0.0.1 - - [19/Dec/2024 08:46:53] "POST /auth/login HTTP/1.1" 200 -
2024-12-19 08:46:53 - be.view.auth - INFO - 收到登录请求: {'user_id': 'buyer_5_30c52a34-bda2-11ef-890a-02a6845b4b32', 'password': 'buyer_seller_5_30c52a34-bda2-11ef-890a-02a6845b4b32', 'terminal': 'my terminal'}
2024-12-19 08:46:53 - be.model.user - INFO - 尝试登录用户：buyer_5_30c52a34-bda2-11ef-890a-02a6845b4b32，终端：my terminal
2024-12-19 08:46:53 - be.model.user - INFO - 为用户 buyer_5_30c52a34-bda2-11ef-890a-02a6845b4b32 生成新token，终端：my terminal
2024-12-19 08:46:53 - be.model.user - INFO - 用户登录成功：buyer_5_30c52a34-bda2-11ef-890a-02a6845b4b32
2024-12-19 08:46:54 - be.view.auth - INFO - 登录处理结果: 200
2024-12-19 08:46:54 - werkzeug - INFO - 127.0.0.1 - - [19/Dec/2024 08:46:54] "POST /auth/login HTTP/1.1" 200 -
2024-12-19 08:46:54 - be.view.auth - INFO - 收到登录请求: {'user_id': 'buyer_9_30c52a34-bda2-11ef-890a-02a6845b4b32', 'password': 'buyer_seller_9_30c52a34-bda2-11ef-890a-02a6845b4b32', 'terminal': 'my terminal'}
2024-12-19 08:46:54 - be.model.user - INFO - 尝试登录用户：buyer_9_30c52a34-bda2-11ef-890a-02a6845b4b32，终端：my terminal
2024-12-19 08:46:54 - be.model.user - INFO - 为用户 buyer_9_30c52a34-bda2-11ef-890a-02a6845b4b32 生成新token，终端：my terminal
2024-12-19 08:46:54 - be.model.user - INFO - 用户登录成功：buyer_9_30c52a34-bda2-11ef-890a-02a6845b4b32
2024-12-19 08:46:54 - be.view.auth - INFO - 登录处理结果: 200
2024-12-19 08:46:54 - werkzeug - INFO - 127.0.0.1 - - [19/Dec/2024 08:46:54] "POST /auth/login HTTP/1.1" 200 -
2024-12-19 08:46:54 - be.view.auth - INFO - 收到登录请求: {'user_id': 'buyer_2_30c52a34-bda2-11ef-890a-02a6845b4b32', 'password': 'buyer_seller_2_30c52a34-bda2-11ef-890a-02a6845b4b32', 'terminal': 'my terminal'}
2024-12-19 08:46:54 - be.model.user - INFO - 尝试登录用户：buyer_2_30c52a34-bda2-11ef-890a-02a6845b4b32，终端：my terminal
2024-12-19 08:46:54 - be.model.user - INFO - 为用户 buyer_2_30c52a34-bda2-11ef-890a-02a6845b4b32 生成新token，终端：my terminal
2024-12-19 08:46:54 - be.model.user - INFO - 用户登录成功：buyer_2_30c52a34-bda2-11ef-890a-02a6845b4b32
2024-12-19 08:46:54 - be.view.auth - INFO - 登录处理结果: 200
2024-12-19 08:46:54 - werkzeug - INFO - 127.0.0.1 - - [19/Dec/2024 08:46:54] "POST /auth/login HTTP/1.1" 200 -
2024-12-19 08:46:54 - be.view.auth - INFO - 收到登录请求: {'user_id': 'buyer_1_30c52a34-bda2-11ef-890a-02a6845b4b32', 'password': 'buyer_seller_1_30c52a34-bda2-11ef-890a-02a6845b4b32', 'terminal': 'my terminal'}
2024-12-19 08:46:54 - be.model.user - INFO - 尝试登录用户：buyer_1_30c52a34-bda2-11ef-890a-02a6845b4b32，终端：my terminal
2024-12-19 08:46:54 - be.model.user - INFO - 为用户 buyer_1_30c52a34-bda2-11ef-890a-02a6845b4b32 生成新token，终端：my terminal
2024-12-19 08:46:54 - be.model.user - INFO - 用户登录成功：buyer_1_30c52a34-bda2-11ef-890a-02a6845b4b32
2024-12-19 08:46:54 - be.view.auth - INFO - 登录处理结果: 200
2024-12-19 08:46:54 - werkzeug - INFO - 127.0.0.1 - - [19/Dec/2024 08:46:54] "POST /auth/login HTTP/1.1" 200 -
2024-12-19 08:46:54 - be.view.auth - INFO - 收到登录请求: {'user_id': 'buyer_6_30c52a34-bda2-11ef-890a-02a6845b4b32', 'password': 'buyer_seller_6_30c52a34-bda2-11ef-890a-02a6845b4b32', 'terminal': 'my terminal'}
2024-12-19 08:46:54 - be.model.user - INFO - 尝试登录用户：buyer_6_30c52a34-bda2-11ef-890a-02a6845b4b32，终端：my terminal
2024-12-19 08:46:54 - be.model.user - INFO - 为用户 buyer_6_30c52a34-bda2-11ef-890a-02a6845b4b32 生成新token，终端：my terminal
2024-12-19 08:46:54 - be.model.user - INFO - 用户登录成功：buyer_6_30c52a34-bda2-11ef-890a-02a6845b4b32
2024-12-19 08:46:55 - be.view.auth - INFO - 登录处理结果: 200
2024-12-19 08:46:55 - werkzeug - INFO - 127.0.0.1 - - [19/Dec/2024 08:46:55] "POST /auth/login HTTP/1.1" 200 -
2024-12-19 08:46:55 - be.view.auth - INFO - 收到登录请求: {'user_id': 'buyer_10_30c52a34-bda2-11ef-890a-02a6845b4b32', 'password': 'buyer_seller_10_30c52a34-bda2-11ef-890a-02a6845b4b32', 'terminal': 'my terminal'}
2024-12-19 08:46:55 - be.model.user - INFO - 尝试登录用户：buyer_10_30c52a34-bda2-11ef-890a-02a6845b4b32，终端：my terminal
2024-12-19 08:46:55 - be.model.user - INFO - 为用户 buyer_10_30c52a34-bda2-11ef-890a-02a6845b4b32 生成新token，终端：my terminal
2024-12-19 08:46:55 - be.model.user - INFO - 用户登录成功：buyer_10_30c52a34-bda2-11ef-890a-02a6845b4b32
2024-12-19 08:46:55 - be.view.auth - INFO - 登录处理结果: 200
2024-12-19 08:46:55 - werkzeug - INFO - 127.0.0.1 - - [19/Dec/2024 08:46:55] "POST /auth/login HTTP/1.1" 200 -
2024-12-19 08:46:55 - be.view.auth - INFO - 收到登录请求: {'user_id': 'buyer_9_30c52a34-bda2-11ef-890a-02a6845b4b32', 'password': 'buyer_seller_9_30c52a34-bda2-11ef-890a-02a6845b4b32', 'terminal': 'my terminal'}
2024-12-19 08:46:55 - be.model.user - INFO - 尝试登录用户：buyer_9_30c52a34-bda2-11ef-890a-02a6845b4b32，终端：my terminal
2024-12-19 08:46:55 - be.model.user - INFO - 为用户 buyer_9_30c52a34-bda2-11ef-890a-02a6845b4b32 生成新token，终端：my terminal
2024-12-19 08:46:55 - be.model.user - INFO - 用户登录成功：buyer_9_30c52a34-bda2-11ef-890a-02a6845b4b32
2024-12-19 08:46:55 - be.view.auth - INFO - 登录处理结果: 200
2024-12-19 08:46:55 - werkzeug - INFO - 127.0.0.1 - - [19/Dec/2024 08:46:55] "POST /auth/login HTTP/1.1" 200 -
2024-12-19 08:46:55 - be.view.auth - INFO - 收到登录请求: {'user_id': 'buyer_7_30c52a34-bda2-11ef-890a-02a6845b4b32', 'password': 'buyer_seller_7_30c52a34-bda2-11ef-890a-02a6845b4b32', 'terminal': 'my terminal'}
2024-12-19 08:46:55 - be.model.user - INFO - 尝试登录用户：buyer_7_30c52a34-bda2-11ef-890a-02a6845b4b32，终端：my terminal
2024-12-19 08:46:55 - be.model.user - INFO - 为用户 buyer_7_30c52a34-bda2-11ef-890a-02a6845b4b32 生成新token，终端：my terminal
2024-12-19 08:46:55 - be.model.user - INFO - 用户登录成功：buyer_7_30c52a34-bda2-11ef-890a-02a6845b4b32
2024-12-19 08:46:55 - be.view.auth - INFO - 登录处理结果: 200
2024-12-19 08:46:55 - werkzeug - INFO - 127.0.0.1 - - [19/Dec/2024 08:46:55] "POST /auth/login HTTP/1.1" 200 -
2024-12-19 08:46:55 - be.view.auth - INFO - 收到登录请求: {'user_id': 'buyer_3_30c52a34-bda2-11ef-890a-02a6845b4b32', 'password': 'buyer_seller_3_30c52a34-bda2-11ef-890a-02a6845b4b32', 'terminal': 'my terminal'}
2024-12-19 08:46:55 - be.model.user - INFO - 尝试登录用户：buyer_3_30c52a34-bda2-11ef-890a-02a6845b4b32，终端：my terminal
2024-12-19 08:46:55 - be.model.user - INFO - 为用户 buyer_3_30c52a34-bda2-11ef-890a-02a6845b4b32 生成新token，终端：my terminal
2024-12-19 08:46:55 - be.model.user - INFO - 用户登录成功：buyer_3_30c52a34-bda2-11ef-890a-02a6845b4b32
2024-12-19 08:46:56 - be.view.auth - INFO - 登录处理结果: 200
2024-12-19 08:46:56 - werkzeug - INFO - 127.0.0.1 - - [19/Dec/2024 08:46:56] "POST /auth/login HTTP/1.1" 200 -
2024-12-19 08:46:56 - be.view.auth - INFO - 收到登录请求: {'user_id': 'buyer_10_30c52a34-bda2-11ef-890a-02a6845b4b32', 'password': 'buyer_seller_10_30c52a34-bda2-11ef-890a-02a6845b4b32', 'terminal': 'my terminal'}
2024-12-19 08:46:56 - be.model.user - INFO - 尝试登录用户：buyer_10_30c52a34-bda2-11ef-890a-02a6845b4b32，终端：my terminal
2024-12-19 08:46:56 - be.model.user - INFO - 为用户 buyer_10_30c52a34-bda2-11ef-890a-02a6845b4b32 生成新token，终端：my terminal
2024-12-19 08:46:56 - be.model.user - INFO - 用户登录成功：buyer_10_30c52a34-bda2-11ef-890a-02a6845b4b32
2024-12-19 08:46:56 - be.view.auth - INFO - 登录处理结果: 200
2024-12-19 08:46:56 - werkzeug - INFO - 127.0.0.1 - - [19/Dec/2024 08:46:56] "POST /auth/login HTTP/1.1" 200 -
2024-12-19 08:46:56 - be.view.auth - INFO - 收到登录请求: {'user_id': 'buyer_4_30c52a34-bda2-11ef-890a-02a6845b4b32', 'password': 'buyer_seller_4_30c52a34-bda2-11ef-890a-02a6845b4b32', 'terminal': 'my terminal'}
2024-12-19 08:46:56 - be.model.user - INFO - 尝试登录用户：buyer_4_30c52a34-bda2-11ef-890a-02a6845b4b32，终端：my terminal
2024-12-19 08:46:56 - be.model.user - INFO - 为用户 buyer_4_30c52a34-bda2-11ef-890a-02a6845b4b32 生成新token，终端：my terminal
2024-12-19 08:46:56 - be.model.user - INFO - 用户登录成功：buyer_4_30c52a34-bda2-11ef-890a-02a6845b4b32
2024-12-19 08:46:56 - be.view.auth - INFO - 登录处理结果: 200
2024-12-19 08:46:56 - werkzeug - INFO - 127.0.0.1 - - [19/Dec/2024 08:46:56] "POST /auth/login HTTP/1.1" 200 -
2024-12-19 08:46:56 - be.view.auth - INFO - 收到登录请求: {'user_id': 'buyer_9_30c52a34-bda2-11ef-890a-02a6845b4b32', 'password': 'buyer_seller_9_30c52a34-bda2-11ef-890a-02a6845b4b32', 'terminal': 'my terminal'}
2024-12-19 08:46:56 - be.model.user - INFO - 尝试登录用户：buyer_9_30c52a34-bda2-11ef-890a-02a6845b4b32，终端：my terminal
2024-12-19 08:46:56 - be.model.user - INFO - 为用户 buyer_9_30c52a34-bda2-11ef-890a-02a6845b4b32 生成新token，终端：my terminal
2024-12-19 08:46:56 - be.model.user - INFO - 用户登录成功：buyer_9_30c52a34-bda2-11ef-890a-02a6845b4b32
2024-12-19 08:46:56 - be.view.auth - INFO - 登录处理结果: 200
2024-12-19 08:46:56 - werkzeug - INFO - 127.0.0.1 - - [19/Dec/2024 08:46:56] "POST /auth/login HTTP/1.1" 200 -
2024-12-19 08:46:56 - be.view.auth - INFO - 收到登录请求: {'user_id': 'buyer_1_30c52a34-bda2-11ef-890a-02a6845b4b32', 'password': 'buyer_seller_1_30c52a34-bda2-11ef-890a-02a6845b4b32', 'terminal': 'my terminal'}
2024-12-19 08:46:56 - be.model.user - INFO - 尝试登录用户：buyer_1_30c52a34-bda2-11ef-890a-02a6845b4b32，终端：my terminal
2024-12-19 08:46:56 - be.model.user - INFO - 为用户 buyer_1_30c52a34-bda2-11ef-890a-02a6845b4b32 生成新token，终端：my terminal
2024-12-19 08:46:56 - be.model.user - INFO - 用户登录成功：buyer_1_30c52a34-bda2-11ef-890a-02a6845b4b32
2024-12-19 08:46:56 - be.view.auth - INFO - 登录处理结果: 200
2024-12-19 08:46:56 - werkzeug - INFO - 127.0.0.1 - - [19/Dec/2024 08:46:56] "POST /auth/login HTTP/1.1" 200 -
2024-12-19 08:46:56 - be.view.auth - INFO - 收到登录请求: {'user_id': 'buyer_8_30c52a34-bda2-11ef-890a-02a6845b4b32', 'password': 'buyer_seller_8_30c52a34-bda2-11ef-890a-02a6845b4b32', 'terminal': 'my terminal'}
2024-12-19 08:46:56 - be.model.user - INFO - 尝试登录用户：buyer_8_30c52a34-bda2-11ef-890a-02a6845b4b32，终端：my terminal
2024-12-19 08:46:57 - be.model.user - INFO - 为用户 buyer_8_30c52a34-bda2-11ef-890a-02a6845b4b32 生成新token，终端：my terminal
2024-12-19 08:46:57 - be.model.user - INFO - 用户登录成功：buyer_8_30c52a34-bda2-11ef-890a-02a6845b4b32
2024-12-19 08:46:57 - be.view.auth - INFO - 登录处理结果: 200
2024-12-19 08:46:57 - werkzeug - INFO - 127.0.0.1 - - [19/Dec/2024 08:46:57] "POST /auth/login HTTP/1.1" 200 -
2024-12-19 08:46:57 - be.view.auth - INFO - 收到登录请求: {'user_id': 'buyer_10_30c52a34-bda2-11ef-890a-02a6845b4b32', 'password': 'buyer_seller_10_30c52a34-bda2-11ef-890a-02a6845b4b32', 'terminal': 'my terminal'}
2024-12-19 08:46:57 - be.model.user - INFO - 尝试登录用户：buyer_10_30c52a34-bda2-11ef-890a-02a6845b4b32，终端：my terminal
2024-12-19 08:46:57 - be.model.user - INFO - 为用户 buyer_10_30c52a34-bda2-11ef-890a-02a6845b4b32 生成新token，终端：my terminal
2024-12-19 08:46:57 - be.model.user - INFO - 用户登录成功：buyer_10_30c52a34-bda2-11ef-890a-02a6845b4b32
2024-12-19 08:46:57 - be.view.auth - INFO - 登录处理结果: 200
2024-12-19 08:46:57 - werkzeug - INFO - 127.0.0.1 - - [19/Dec/2024 08:46:57] "POST /auth/login HTTP/1.1" 200 -
2024-12-19 08:46:57 - be.view.auth - INFO - 收到登录请求: {'user_id': 'buyer_9_30c52a34-bda2-11ef-890a-02a6845b4b32', 'password': 'buyer_seller_9_30c52a34-bda2-11ef-890a-02a6845b4b32', 'terminal': 'my terminal'}
2024-12-19 08:46:57 - be.model.user - INFO - 尝试登录用户：buyer_9_30c52a34-bda2-11ef-890a-02a6845b4b32，终端：my terminal
2024-12-19 08:46:57 - be.model.user - INFO - 为用户 buyer_9_30c52a34-bda2-11ef-890a-02a6845b4b32 生成新token，终端：my terminal
2024-12-19 08:46:57 - be.model.user - INFO - 用户登录成功：buyer_9_30c52a34-bda2-11ef-890a-02a6845b4b32
2024-12-19 08:46:57 - be.view.auth - INFO - 登录处理结果: 200
2024-12-19 08:46:57 - werkzeug - INFO - 127.0.0.1 - - [19/Dec/2024 08:46:57] "POST /auth/login HTTP/1.1" 200 -
2024-12-19 08:46:57 - be.view.auth - INFO - 收到登录请求: {'user_id': 'buyer_6_30c52a34-bda2-11ef-890a-02a6845b4b32', 'password': 'buyer_seller_6_30c52a34-bda2-11ef-890a-02a6845b4b32', 'terminal': 'my terminal'}
2024-12-19 08:46:57 - be.model.user - INFO - 尝试登录用户：buyer_6_30c52a34-bda2-11ef-890a-02a6845b4b32，终端：my terminal
2024-12-19 08:46:57 - be.model.user - INFO - 为用户 buyer_6_30c52a34-bda2-11ef-890a-02a6845b4b32 生成新token，终端：my terminal
2024-12-19 08:46:57 - be.model.user - INFO - 用户登录成功：buyer_6_30c52a34-bda2-11ef-890a-02a6845b4b32
2024-12-19 08:46:57 - be.view.auth - INFO - 登录处理结果: 200
2024-12-19 08:46:57 - werkzeug - INFO - 127.0.0.1 - - [19/Dec/2024 08:46:57] "POST /auth/login HTTP/1.1" 200 -
2024-12-19 08:46:57 - be.view.auth - INFO - 收到登录请求: {'user_id': 'buyer_2_30c52a34-bda2-11ef-890a-02a6845b4b32', 'password': 'buyer_seller_2_30c52a34-bda2-11ef-890a-02a6845b4b32', 'terminal': 'my terminal'}
2024-12-19 08:46:57 - be.model.user - INFO - 尝试登录用户：buyer_2_30c52a34-bda2-11ef-890a-02a6845b4b32，终端：my terminal
2024-12-19 08:46:58 - be.model.user - INFO - 为用户 buyer_2_30c52a34-bda2-11ef-890a-02a6845b4b32 生成新token，终端：my terminal
2024-12-19 08:46:58 - be.model.user - INFO - 用户登录成功：buyer_2_30c52a34-bda2-11ef-890a-02a6845b4b32
2024-12-19 08:46:58 - be.view.auth - INFO - 登录处理结果: 200
2024-12-19 08:46:58 - werkzeug - INFO - 127.0.0.1 - - [19/Dec/2024 08:46:58] "POST /auth/login HTTP/1.1" 200 -
2024-12-19 08:46:58 - be.view.auth - INFO - 收到登录请求: {'user_id': 'buyer_3_30c52a34-bda2-11ef-890a-02a6845b4b32', 'password': 'buyer_seller_3_30c52a34-bda2-11ef-890a-02a6845b4b32', 'terminal': 'my terminal'}
2024-12-19 08:46:58 - be.model.user - INFO - 尝试登录用户：buyer_3_30c52a34-bda2-11ef-890a-02a6845b4b32，终端：my terminal
2024-12-19 08:46:58 - be.model.user - INFO - 为用户 buyer_3_30c52a34-bda2-11ef-890a-02a6845b4b32 生成新token，终端：my terminal
2024-12-19 08:46:58 - be.model.user - INFO - 用户登录成功：buyer_3_30c52a34-bda2-11ef-890a-02a6845b4b32
2024-12-19 08:46:58 - be.view.auth - INFO - 登录处理结果: 200
2024-12-19 08:46:58 - werkzeug - INFO - 127.0.0.1 - - [19/Dec/2024 08:46:58] "POST /auth/login HTTP/1.1" 200 -
2024-12-19 08:46:58 - be.view.auth - INFO - 收到登录请求: {'user_id': 'buyer_2_30c52a34-bda2-11ef-890a-02a6845b4b32', 'password': 'buyer_seller_2_30c52a34-bda2-11ef-890a-02a6845b4b32', 'terminal': 'my terminal'}
2024-12-19 08:46:58 - be.model.user - INFO - 尝试登录用户：buyer_2_30c52a34-bda2-11ef-890a-02a6845b4b32，终端：my terminal
2024-12-19 08:46:58 - be.model.user - INFO - 为用户 buyer_2_30c52a34-bda2-11ef-890a-02a6845b4b32 生成新token，终端：my terminal
2024-12-19 08:46:58 - be.model.user - INFO - 用户登录成功：buyer_2_30c52a34-bda2-11ef-890a-02a6845b4b32
2024-12-19 08:46:58 - be.view.auth - INFO - 登录处理结果: 200
2024-12-19 08:46:58 - werkzeug - INFO - 127.0.0.1 - - [19/Dec/2024 08:46:58] "POST /auth/login HTTP/1.1" 200 -
2024-12-19 08:46:58 - be.view.auth - INFO - 收到登录请求: {'user_id': 'buyer_3_30c52a34-bda2-11ef-890a-02a6845b4b32', 'password': 'buyer_seller_3_30c52a34-bda2-11ef-890a-02a6845b4b32', 'terminal': 'my terminal'}
2024-12-19 08:46:58 - be.model.user - INFO - 尝试登录用户：buyer_3_30c52a34-bda2-11ef-890a-02a6845b4b32，终端：my terminal
2024-12-19 08:46:58 - be.model.user - INFO - 为用户 buyer_3_30c52a34-bda2-11ef-890a-02a6845b4b32 生成新token，终端：my terminal
2024-12-19 08:46:58 - be.model.user - INFO - 用户登录成功：buyer_3_30c52a34-bda2-11ef-890a-02a6845b4b32
2024-12-19 08:46:58 - be.view.auth - INFO - 登录处理结果: 200
2024-12-19 08:46:58 - werkzeug - INFO - 127.0.0.1 - - [19/Dec/2024 08:46:58] "POST /auth/login HTTP/1.1" 200 -
2024-12-19 08:46:58 - be.view.auth - INFO - 收到登录请求: {'user_id': 'buyer_1_30c52a34-bda2-11ef-890a-02a6845b4b32', 'password': 'buyer_seller_1_30c52a34-bda2-11ef-890a-02a6845b4b32', 'terminal': 'my terminal'}
2024-12-19 08:46:58 - be.model.user - INFO - 尝试登录用户：buyer_1_30c52a34-bda2-11ef-890a-02a6845b4b32，终端：my terminal
2024-12-19 08:46:59 - be.model.user - INFO - 为用户 buyer_1_30c52a34-bda2-11ef-890a-02a6845b4b32 生成新token，终端：my terminal
2024-12-19 08:46:59 - be.model.user - INFO - 用户登录成功：buyer_1_30c52a34-bda2-11ef-890a-02a6845b4b32
2024-12-19 08:46:59 - be.view.auth - INFO - 登录处理结果: 200
2024-12-19 08:46:59 - werkzeug - INFO - 127.0.0.1 - - [19/Dec/2024 08:46:59] "POST /auth/login HTTP/1.1" 200 -
2024-12-19 08:46:59 - be.view.auth - INFO - 收到登录请求: {'user_id': 'buyer_2_30c52a34-bda2-11ef-890a-02a6845b4b32', 'password': 'buyer_seller_2_30c52a34-bda2-11ef-890a-02a6845b4b32', 'terminal': 'my terminal'}
2024-12-19 08:46:59 - be.model.user - INFO - 尝试登录用户：buyer_2_30c52a34-bda2-11ef-890a-02a6845b4b32，终端：my terminal
2024-12-19 08:46:59 - be.model.user - INFO - 为用户 buyer_2_30c52a34-bda2-11ef-890a-02a6845b4b32 生成新token，终端：my terminal
2024-12-19 08:46:59 - be.model.user - INFO - 用户登录成功：buyer_2_30c52a34-bda2-11ef-890a-02a6845b4b32
2024-12-19 08:46:59 - be.view.auth - INFO - 登录处理结果: 200
2024-12-19 08:46:59 - werkzeug - INFO - 127.0.0.1 - - [19/Dec/2024 08:46:59] "POST /auth/login HTTP/1.1" 200 -
2024-12-19 08:46:59 - be.view.auth - INFO - 收到登录请求: {'user_id': 'buyer_7_30c52a34-bda2-11ef-890a-02a6845b4b32', 'password': 'buyer_seller_7_30c52a34-bda2-11ef-890a-02a6845b4b32', 'terminal': 'my terminal'}
2024-12-19 08:46:59 - be.model.user - INFO - 尝试登录用户：buyer_7_30c52a34-bda2-11ef-890a-02a6845b4b32，终端：my terminal
2024-12-19 08:46:59 - be.model.user - INFO - 为用户 buyer_7_30c52a34-bda2-11ef-890a-02a6845b4b32 生成新token，终端：my terminal
2024-12-19 08:46:59 - be.model.user - INFO - 用户登录成功：buyer_7_30c52a34-bda2-11ef-890a-02a6845b4b32
2024-12-19 08:46:59 - be.view.auth - INFO - 登录处理结果: 200
2024-12-19 08:46:59 - werkzeug - INFO - 127.0.0.1 - - [19/Dec/2024 08:46:59] "POST /auth/login HTTP/1.1" 200 -
2024-12-19 08:46:59 - be.view.auth - INFO - 收到登录请求: {'user_id': 'buyer_5_30c52a34-bda2-11ef-890a-02a6845b4b32', 'password': 'buyer_seller_5_30c52a34-bda2-11ef-890a-02a6845b4b32', 'terminal': 'my terminal'}
2024-12-19 08:46:59 - be.model.user - INFO - 尝试登录用户：buyer_5_30c52a34-bda2-11ef-890a-02a6845b4b32，终端：my terminal
2024-12-19 08:46:59 - be.model.user - INFO - 为用户 buyer_5_30c52a34-bda2-11ef-890a-02a6845b4b32 生成新token，终端：my terminal
2024-12-19 08:46:59 - be.model.user - INFO - 用户登录成功：buyer_5_30c52a34-bda2-11ef-890a-02a6845b4b32
2024-12-19 08:46:59 - be.view.auth - INFO - 登录处理结果: 200
2024-12-19 08:46:59 - werkzeug - INFO - 127.0.0.1 - - [19/Dec/2024 08:46:59] "POST /auth/login HTTP/1.1" 200 -
2024-12-19 08:46:59 - be.view.auth - INFO - 收到登录请求: {'user_id': 'buyer_1_30c52a34-bda2-11ef-890a-02a6845b4b32', 'password': 'buyer_seller_1_30c52a34-bda2-11ef-890a-02a6845b4b32', 'terminal': 'my terminal'}
2024-12-19 08:46:59 - be.model.user - INFO - 尝试登录用户：buyer_1_30c52a34-bda2-11ef-890a-02a6845b4b32，终端：my terminal
2024-12-19 08:47:00 - be.model.user - INFO - 为用户 buyer_1_30c52a34-bda2-11ef-890a-02a6845b4b32 生成新token，终端：my terminal
2024-12-19 08:47:00 - be.model.user - INFO - 用户登录成功：buyer_1_30c52a34-bda2-11ef-890a-02a6845b4b32
2024-12-19 08:47:00 - be.view.auth - INFO - 登录处理结果: 200
2024-12-19 08:47:00 - werkzeug - INFO - 127.0.0.1 - - [19/Dec/2024 08:47:00] "POST /auth/login HTTP/1.1" 200 -
2024-12-19 08:47:00 - be.view.auth - INFO - 收到登录请求: {'user_id': 'buyer_3_30c52a34-bda2-11ef-890a-02a6845b4b32', 'password': 'buyer_seller_3_30c52a34-bda2-11ef-890a-02a6845b4b32', 'terminal': 'my terminal'}
2024-12-19 08:47:00 - be.model.user - INFO - 尝试登录用户：buyer_3_30c52a34-bda2-11ef-890a-02a6845b4b32，终端：my terminal
2024-12-19 08:47:00 - be.model.user - INFO - 为用户 buyer_3_30c52a34-bda2-11ef-890a-02a6845b4b32 生成新token，终端：my terminal
2024-12-19 08:47:00 - be.model.user - INFO - 用户登录成功：buyer_3_30c52a34-bda2-11ef-890a-02a6845b4b32
2024-12-19 08:47:00 - be.view.auth - INFO - 登录处理结果: 200
2024-12-19 08:47:00 - werkzeug - INFO - 127.0.0.1 - - [19/Dec/2024 08:47:00] "POST /auth/login HTTP/1.1" 200 -
2024-12-19 08:47:00 - be.view.auth - INFO - 收到登录请求: {'user_id': 'buyer_4_30c52a34-bda2-11ef-890a-02a6845b4b32', 'password': 'buyer_seller_4_30c52a34-bda2-11ef-890a-02a6845b4b32', 'terminal': 'my terminal'}
2024-12-19 08:47:00 - be.model.user - INFO - 尝试登录用户：buyer_4_30c52a34-bda2-11ef-890a-02a6845b4b32，终端：my terminal
2024-12-19 08:47:00 - be.model.user - INFO - 为用户 buyer_4_30c52a34-bda2-11ef-890a-02a6845b4b32 生成新token，终端：my terminal
2024-12-19 08:47:00 - be.model.user - INFO - 用户登录成功：buyer_4_30c52a34-bda2-11ef-890a-02a6845b4b32
2024-12-19 08:47:00 - be.view.auth - INFO - 登录处理结果: 200
2024-12-19 08:47:00 - werkzeug - INFO - 127.0.0.1 - - [19/Dec/2024 08:47:00] "POST /auth/login HTTP/1.1" 200 -
2024-12-19 08:47:00 - be.view.auth - INFO - 收到登录请求: {'user_id': 'buyer_10_30c52a34-bda2-11ef-890a-02a6845b4b32', 'password': 'buyer_seller_10_30c52a34-bda2-11ef-890a-02a6845b4b32', 'terminal': 'my terminal'}
2024-12-19 08:47:00 - be.model.user - INFO - 尝试登录用户：buyer_10_30c52a34-bda2-11ef-890a-02a6845b4b32，终端：my terminal
2024-12-19 08:47:00 - be.model.user - INFO - 为用户 buyer_10_30c52a34-bda2-11ef-890a-02a6845b4b32 生成新token，终端：my terminal
2024-12-19 08:47:00 - be.model.user - INFO - 用户登录成功：buyer_10_30c52a34-bda2-11ef-890a-02a6845b4b32
2024-12-19 08:47:00 - be.view.auth - INFO - 登录处理结果: 200
2024-12-19 08:47:00 - werkzeug - INFO - 127.0.0.1 - - [19/Dec/2024 08:47:00] "POST /auth/login HTTP/1.1" 200 -
2024-12-19 08:47:00 - be.view.auth - INFO - 收到登录请求: {'user_id': 'buyer_4_30c52a34-bda2-11ef-890a-02a6845b4b32', 'password': 'buyer_seller_4_30c52a34-bda2-11ef-890a-02a6845b4b32', 'terminal': 'my terminal'}
2024-12-19 08:47:00 - be.model.user - INFO - 尝试登录用户：buyer_4_30c52a34-bda2-11ef-890a-02a6845b4b32，终端：my terminal
2024-12-19 08:47:01 - be.model.user - INFO - 为用户 buyer_4_30c52a34-bda2-11ef-890a-02a6845b4b32 生成新token，终端：my terminal
2024-12-19 08:47:01 - be.model.user - INFO - 用户登录成功：buyer_4_30c52a34-bda2-11ef-890a-02a6845b4b32
2024-12-19 08:47:01 - be.view.auth - INFO - 登录处理结果: 200
2024-12-19 08:47:01 - werkzeug - INFO - 127.0.0.1 - - [19/Dec/2024 08:47:01] "POST /auth/login HTTP/1.1" 200 -
2024-12-19 08:47:01 - be.view.auth - INFO - 收到登录请求: {'user_id': 'buyer_2_30c52a34-bda2-11ef-890a-02a6845b4b32', 'password': 'buyer_seller_2_30c52a34-bda2-11ef-890a-02a6845b4b32', 'terminal': 'my terminal'}
2024-12-19 08:47:01 - be.model.user - INFO - 尝试登录用户：buyer_2_30c52a34-bda2-11ef-890a-02a6845b4b32，终端：my terminal
2024-12-19 08:47:01 - be.model.user - INFO - 为用户 buyer_2_30c52a34-bda2-11ef-890a-02a6845b4b32 生成新token，终端：my terminal
2024-12-19 08:47:01 - be.model.user - INFO - 用户登录成功：buyer_2_30c52a34-bda2-11ef-890a-02a6845b4b32
2024-12-19 08:47:01 - be.view.auth - INFO - 登录处理结果: 200
2024-12-19 08:47:01 - werkzeug - INFO - 127.0.0.1 - - [19/Dec/2024 08:47:01] "POST /auth/login HTTP/1.1" 200 -
2024-12-19 08:47:01 - be.view.auth - INFO - 收到登录请求: {'user_id': 'buyer_8_30c52a34-bda2-11ef-890a-02a6845b4b32', 'password': 'buyer_seller_8_30c52a34-bda2-11ef-890a-02a6845b4b32', 'terminal': 'my terminal'}
2024-12-19 08:47:01 - be.model.user - INFO - 尝试登录用户：buyer_8_30c52a34-bda2-11ef-890a-02a6845b4b32，终端：my terminal
2024-12-19 08:47:01 - be.model.user - INFO - 为用户 buyer_8_30c52a34-bda2-11ef-890a-02a6845b4b32 生成新token，终端：my terminal
2024-12-19 08:47:01 - be.model.user - INFO - 用户登录成功：buyer_8_30c52a34-bda2-11ef-890a-02a6845b4b32
2024-12-19 08:47:01 - be.view.auth - INFO - 登录处理结果: 200
2024-12-19 08:47:01 - werkzeug - INFO - 127.0.0.1 - - [19/Dec/2024 08:47:01] "POST /auth/login HTTP/1.1" 200 -
2024-12-19 08:47:01 - be.view.auth - INFO - 收到登录请求: {'user_id': 'buyer_7_30c52a34-bda2-11ef-890a-02a6845b4b32', 'password': 'buyer_seller_7_30c52a34-bda2-11ef-890a-02a6845b4b32', 'terminal': 'my terminal'}
2024-12-19 08:47:01 - be.model.user - INFO - 尝试登录用户：buyer_7_30c52a34-bda2-11ef-890a-02a6845b4b32，终端：my terminal
2024-12-19 08:47:01 - be.model.user - INFO - 为用户 buyer_7_30c52a34-bda2-11ef-890a-02a6845b4b32 生成新token，终端：my terminal
2024-12-19 08:47:01 - be.model.user - INFO - 用户登录成功：buyer_7_30c52a34-bda2-11ef-890a-02a6845b4b32
2024-12-19 08:47:01 - be.view.auth - INFO - 登录处理结果: 200
2024-12-19 08:47:01 - werkzeug - INFO - 127.0.0.1 - - [19/Dec/2024 08:47:01] "POST /auth/login HTTP/1.1" 200 -
2024-12-19 08:47:01 - be.view.auth - INFO - 收到登录请求: {'user_id': 'buyer_4_30c52a34-bda2-11ef-890a-02a6845b4b32', 'password': 'buyer_seller_4_30c52a34-bda2-11ef-890a-02a6845b4b32', 'terminal': 'my terminal'}
2024-12-19 08:47:01 - be.model.user - INFO - 尝试登录用户：buyer_4_30c52a34-bda2-11ef-890a-02a6845b4b32，终端：my terminal
2024-12-19 08:47:02 - be.model.user - INFO - 为用户 buyer_4_30c52a34-bda2-11ef-890a-02a6845b4b32 生成新token，终端：my terminal
2024-12-19 08:47:02 - be.model.user - INFO - 用户登录成功：buyer_4_30c52a34-bda2-11ef-890a-02a6845b4b32
2024-12-19 08:47:02 - be.view.auth - INFO - 登录处理结果: 200
2024-12-19 08:47:02 - werkzeug - INFO - 127.0.0.1 - - [19/Dec/2024 08:47:02] "POST /auth/login HTTP/1.1" 200 -
2024-12-19 08:47:02 - be.view.auth - INFO - 收到登录请求: {'user_id': 'buyer_6_30c52a34-bda2-11ef-890a-02a6845b4b32', 'password': 'buyer_seller_6_30c52a34-bda2-11ef-890a-02a6845b4b32', 'terminal': 'my terminal'}
2024-12-19 08:47:02 - be.model.user - INFO - 尝试登录用户：buyer_6_30c52a34-bda2-11ef-890a-02a6845b4b32，终端：my terminal
2024-12-19 08:47:02 - be.model.user - INFO - 为用户 buyer_6_30c52a34-bda2-11ef-890a-02a6845b4b32 生成新token，终端：my terminal
2024-12-19 08:47:02 - be.model.user - INFO - 用户登录成功：buyer_6_30c52a34-bda2-11ef-890a-02a6845b4b32
2024-12-19 08:47:02 - be.view.auth - INFO - 登录处理结果: 200
2024-12-19 08:47:02 - werkzeug - INFO - 127.0.0.1 - - [19/Dec/2024 08:47:02] "POST /auth/login HTTP/1.1" 200 -
2024-12-19 08:47:02 - be.view.auth - INFO - 收到登录请求: {'user_id': 'buyer_2_30c52a34-bda2-11ef-890a-02a6845b4b32', 'password': 'buyer_seller_2_30c52a34-bda2-11ef-890a-02a6845b4b32', 'terminal': 'my terminal'}
2024-12-19 08:47:02 - be.model.user - INFO - 尝试登录用户：buyer_2_30c52a34-bda2-11ef-890a-02a6845b4b32，终端：my terminal
2024-12-19 08:47:02 - be.model.user - INFO - 为用户 buyer_2_30c52a34-bda2-11ef-890a-02a6845b4b32 生成新token，终端：my terminal
2024-12-19 08:47:02 - be.model.user - INFO - 用户登录成功：buyer_2_30c52a34-bda2-11ef-890a-02a6845b4b32
2024-12-19 08:47:02 - be.view.auth - INFO - 登录处理结果: 200
2024-12-19 08:47:02 - werkzeug - INFO - 127.0.0.1 - - [19/Dec/2024 08:47:02] "POST /auth/login HTTP/1.1" 200 -
2024-12-19 08:47:02 - be.view.auth - INFO - 收到登录请求: {'user_id': 'buyer_8_30c52a34-bda2-11ef-890a-02a6845b4b32', 'password': 'buyer_seller_8_30c52a34-bda2-11ef-890a-02a6845b4b32', 'terminal': 'my terminal'}
2024-12-19 08:47:02 - be.model.user - INFO - 尝试登录用户：buyer_8_30c52a34-bda2-11ef-890a-02a6845b4b32，终端：my terminal
2024-12-19 08:47:02 - be.model.user - INFO - 为用户 buyer_8_30c52a34-bda2-11ef-890a-02a6845b4b32 生成新token，终端：my terminal
2024-12-19 08:47:02 - be.model.user - INFO - 用户登录成功：buyer_8_30c52a34-bda2-11ef-890a-02a6845b4b32
2024-12-19 08:47:02 - be.view.auth - INFO - 登录处理结果: 200
2024-12-19 08:47:02 - werkzeug - INFO - 127.0.0.1 - - [19/Dec/2024 08:47:02] "POST /auth/login HTTP/1.1" 200 -
2024-12-19 08:47:02 - be.view.auth - INFO - 收到登录请求: {'user_id': 'buyer_8_30c52a34-bda2-11ef-890a-02a6845b4b32', 'password': 'buyer_seller_8_30c52a34-bda2-11ef-890a-02a6845b4b32', 'terminal': 'my terminal'}
2024-12-19 08:47:02 - be.model.user - INFO - 尝试登录用户：buyer_8_30c52a34-bda2-11ef-890a-02a6845b4b32，终端：my terminal
2024-12-19 08:47:02 - be.model.user - INFO - 为用户 buyer_8_30c52a34-bda2-11ef-890a-02a6845b4b32 生成新token，终端：my terminal
2024-12-19 08:47:02 - be.model.user - INFO - 用户登录成功：buyer_8_30c52a34-bda2-11ef-890a-02a6845b4b32
2024-12-19 08:47:03 - be.view.auth - INFO - 登录处理结果: 200
2024-12-19 08:47:03 - werkzeug - INFO - 127.0.0.1 - - [19/Dec/2024 08:47:03] "POST /auth/login HTTP/1.1" 200 -
2024-12-19 08:47:03 - be.view.auth - INFO - 收到登录请求: {'user_id': 'buyer_10_30c52a34-bda2-11ef-890a-02a6845b4b32', 'password': 'buyer_seller_10_30c52a34-bda2-11ef-890a-02a6845b4b32', 'terminal': 'my terminal'}
2024-12-19 08:47:03 - be.model.user - INFO - 尝试登录用户：buyer_10_30c52a34-bda2-11ef-890a-02a6845b4b32，终端：my terminal
2024-12-19 08:47:03 - be.model.user - INFO - 为用户 buyer_10_30c52a34-bda2-11ef-890a-02a6845b4b32 生成新token，终端：my terminal
2024-12-19 08:47:03 - be.model.user - INFO - 用户登录成功：buyer_10_30c52a34-bda2-11ef-890a-02a6845b4b32
2024-12-19 08:47:03 - be.view.auth - INFO - 登录处理结果: 200
2024-12-19 08:47:03 - werkzeug - INFO - 127.0.0.1 - - [19/Dec/2024 08:47:03] "POST /auth/login HTTP/1.1" 200 -
2024-12-19 08:47:03 - be.view.auth - INFO - 收到登录请求: {'user_id': 'buyer_8_30c52a34-bda2-11ef-890a-02a6845b4b32', 'password': 'buyer_seller_8_30c52a34-bda2-11ef-890a-02a6845b4b32', 'terminal': 'my terminal'}
2024-12-19 08:47:03 - be.model.user - INFO - 尝试登录用户：buyer_8_30c52a34-bda2-11ef-890a-02a6845b4b32，终端：my terminal
2024-12-19 08:47:03 - be.model.user - INFO - 为用户 buyer_8_30c52a34-bda2-11ef-890a-02a6845b4b32 生成新token，终端：my terminal
2024-12-19 08:47:03 - be.model.user - INFO - 用户登录成功：buyer_8_30c52a34-bda2-11ef-890a-02a6845b4b32
2024-12-19 08:47:03 - be.view.auth - INFO - 登录处理结果: 200
2024-12-19 08:47:03 - werkzeug - INFO - 127.0.0.1 - - [19/Dec/2024 08:47:03] "POST /auth/login HTTP/1.1" 200 -
2024-12-19 08:47:03 - be.view.auth - INFO - 收到登录请求: {'user_id': 'buyer_1_30c52a34-bda2-11ef-890a-02a6845b4b32', 'password': 'buyer_seller_1_30c52a34-bda2-11ef-890a-02a6845b4b32', 'terminal': 'my terminal'}
2024-12-19 08:47:03 - be.model.user - INFO - 尝试登录用户：buyer_1_30c52a34-bda2-11ef-890a-02a6845b4b32，终端：my terminal
2024-12-19 08:47:03 - be.model.user - INFO - 为用户 buyer_1_30c52a34-bda2-11ef-890a-02a6845b4b32 生成新token，终端：my terminal
2024-12-19 08:47:03 - be.model.user - INFO - 用户登录成功：buyer_1_30c52a34-bda2-11ef-890a-02a6845b4b32
2024-12-19 08:47:03 - be.view.auth - INFO - 登录处理结果: 200
2024-12-19 08:47:03 - werkzeug - INFO - 127.0.0.1 - - [19/Dec/2024 08:47:03] "POST /auth/login HTTP/1.1" 200 -
2024-12-19 08:47:03 - be.serve - INFO - 正在关闭服务器...
2024-12-19 08:47:03 - be.serve - ERROR - 关闭服务器失败: Not running with the Werkzeug Server
2024-12-19 08:51:17 - __main__ - INFO - 
{'='*20} 开始运行所有测试 {'='*20}
2024-12-19 08:51:17 - be.model.db_config - INFO - 清理数据库...
2024-12-19 08:51:21 - be.model.db_config - INFO - 数据库清理完成
2024-12-19 08:51:21 - be.model.db_config - INFO - 已创建的表: ['book', 'book_images', 'books', 'order_items', 'orders', 'stores', 'users']
2024-12-19 08:51:21 - be.model.user - INFO - 创建 UserManager 实例
2024-12-19 08:51:21 - be.serve - INFO - 正在启动服务器...
2024-12-19 08:51:21 - be.serve - INFO - 创建Flask应用...
2024-12-19 08:51:21 - be.serve - INFO - 初始化数据库...
2024-12-19 08:51:21 - be.model.db_config - INFO - 清理数据库...
2024-12-19 08:51:24 - be.model.db_config - INFO - 数据库清理完成
2024-12-19 08:51:24 - be.model.db_config - INFO - 已创建的表: ['book', 'book_images', 'books', 'order_items', 'orders', 'stores', 'users']
2024-12-19 08:51:24 - be.model.db_config - INFO - 删除所有表...
2024-12-19 08:51:28 - be.model.db_config - INFO - 数据库初始化完成
2024-12-19 08:51:28 - be.model.db_config - INFO - 已创建的表: ['book', 'book_images', 'books', 'order_items', 'orders', 'stores', 'users']
2024-12-19 08:51:28 - be.serve - INFO - 数据库初始化成功
2024-12-19 08:51:28 - be.serve - INFO - 注册蓝图...
2024-12-19 08:51:28 - be.serve - INFO - 启动服务器...
2024-12-19 08:51:28 - werkzeug - INFO - [31m[1mWARNING: This is a development server. Do not use it in a production deployment. Use a production WSGI server instead.[0m
 * Running on http://127.0.0.1:5555
2024-12-19 08:51:28 - werkzeug - INFO - [33mPress CTRL+C to quit[0m
2024-12-19 08:51:28 - be.view.auth - INFO - 收到注册请求: {'user_id': 'test_register_user_1734569488.607122', 'password': 'test_register_password_1734569488.607133'}
2024-12-19 08:51:28 - be.model.user - INFO - 尝试注册新用户：test_register_user_1734569488.607122
2024-12-19 08:51:28 - be.model.user - INFO - 加密密码...
2024-12-19 08:51:28 - be.model.user - INFO - 创建新用户...
2024-12-19 08:51:28 - be.model.user - INFO - 添加用户到数据库...
2024-12-19 08:51:28 - be.model.user - INFO - 用户注册成功：test_register_user_1734569488.607122
2024-12-19 08:51:28 - be.view.auth - INFO - 注册处理结果: 200
2024-12-19 08:51:28 - werkzeug - INFO - 127.0.0.1 - - [19/Dec/2024 08:51:28] "POST /auth/register HTTP/1.1" 200 -
2024-12-19 08:51:28 - be.view.auth - INFO - 收到注册请求: {'user_id': 'test_register_user_1734569488.9369652', 'password': 'test_register_password_1734569488.936976'}
2024-12-19 08:51:28 - be.model.user - INFO - 尝试注册新用户：test_register_user_1734569488.9369652
2024-12-19 08:51:29 - be.model.user - INFO - 加密密码...
2024-12-19 08:51:29 - be.model.user - INFO - 创建新用户...
2024-12-19 08:51:29 - be.model.user - INFO - 添加用户到数据库...
2024-12-19 08:51:29 - be.model.user - INFO - 用户注册成功：test_register_user_1734569488.9369652
2024-12-19 08:51:29 - be.view.auth - INFO - 注册处理结果: 200
2024-12-19 08:51:29 - werkzeug - INFO - 127.0.0.1 - - [19/Dec/2024 08:51:29] "POST /auth/register HTTP/1.1" 200 -
2024-12-19 08:51:29 - be.view.auth - INFO - 收到注销请求: {'user_id': 'test_register_user_1734569488.9369652', 'password': 'test_register_password_1734569488.936976'}
2024-12-19 08:51:29 - be.model.user - INFO - 尝试注销用户：test_register_user_1734569488.9369652
2024-12-19 08:51:29 - be.model.user - INFO - 用户注销成功：test_register_user_1734569488.9369652
2024-12-19 08:51:29 - be.view.auth - INFO - 注销处理结果: 200
2024-12-19 08:51:29 - werkzeug - INFO - 127.0.0.1 - - [19/Dec/2024 08:51:29] "POST /auth/unregister HTTP/1.1" 200 -
2024-12-19 08:51:29 - be.view.auth - INFO - 收到注册请求: {'user_id': 'test_register_user_1734569489.7114298', 'password': 'test_register_password_1734569489.7114408'}
2024-12-19 08:51:29 - be.model.user - INFO - 尝试注册新用户：test_register_user_1734569489.7114298
2024-12-19 08:51:29 - be.model.user - INFO - 加密密码...
2024-12-19 08:51:29 - be.model.user - INFO - 创建新用户...
2024-12-19 08:51:29 - be.model.user - INFO - 添加用户到数据库...
2024-12-19 08:51:30 - be.model.user - INFO - 用户注册成功：test_register_user_1734569489.7114298
2024-12-19 08:51:30 - be.view.auth - INFO - 注册处理结果: 200
2024-12-19 08:51:30 - werkzeug - INFO - 127.0.0.1 - - [19/Dec/2024 08:51:30] "POST /auth/register HTTP/1.1" 200 -
2024-12-19 08:51:30 - be.view.auth - INFO - 收到注销请求: {'user_id': 'test_register_user_1734569489.7114298_x', 'password': 'test_register_password_1734569489.7114408'}
2024-12-19 08:51:30 - be.model.user - INFO - 尝试注销用户：test_register_user_1734569489.7114298_x
2024-12-19 08:51:30 - be.model.user - WARNING - 用户不存在：test_register_user_1734569489.7114298_x
2024-12-19 08:51:30 - be.view.auth - INFO - 注销处理结果: 401
2024-12-19 08:51:30 - werkzeug - INFO - 127.0.0.1 - - [19/Dec/2024 08:51:30] "[31m[1mPOST /auth/unregister HTTP/1.1[0m" 401 -
2024-12-19 08:51:30 - be.view.auth - INFO - 收到注销请求: {'user_id': 'test_register_user_1734569489.7114298', 'password': 'test_register_password_1734569489.7114408_x'}
2024-12-19 08:51:30 - be.model.user - INFO - 尝试注销用户：test_register_user_1734569489.7114298
2024-12-19 08:51:30 - be.model.user - WARNING - 密码错误：test_register_user_1734569489.7114298
2024-12-19 08:51:30 - be.view.auth - INFO - 注销处理结果: 401
2024-12-19 08:51:30 - werkzeug - INFO - 127.0.0.1 - - [19/Dec/2024 08:51:30] "[31m[1mPOST /auth/unregister HTTP/1.1[0m" 401 -
2024-12-19 08:51:30 - be.view.auth - INFO - 收到注册请求: {'user_id': 'test_register_user_1734569490.501856', 'password': 'test_register_password_1734569490.501864'}
2024-12-19 08:51:30 - be.model.user - INFO - 尝试注册新用户：test_register_user_1734569490.501856
2024-12-19 08:51:30 - be.model.user - INFO - 加密密码...
2024-12-19 08:51:30 - be.model.user - INFO - 创建新用户...
2024-12-19 08:51:30 - be.model.user - INFO - 添加用户到数据库...
2024-12-19 08:51:30 - be.model.user - INFO - 用户注册成功：test_register_user_1734569490.501856
2024-12-19 08:51:30 - be.view.auth - INFO - 注册处理结果: 200
2024-12-19 08:51:30 - werkzeug - INFO - 127.0.0.1 - - [19/Dec/2024 08:51:30] "POST /auth/register HTTP/1.1" 200 -
2024-12-19 08:51:30 - be.view.auth - INFO - 收到注册请求: {'user_id': 'test_register_user_1734569490.501856', 'password': 'test_register_password_1734569490.501864'}
2024-12-19 08:51:30 - be.model.user - INFO - 尝试注册新用户：test_register_user_1734569490.501856
2024-12-19 08:51:30 - be.model.user - WARNING - 用户已存在：test_register_user_1734569490.501856
2024-12-19 08:51:31 - be.view.auth - INFO - 注册处理结果: 401
2024-12-19 08:51:31 - werkzeug - INFO - 127.0.0.1 - - [19/Dec/2024 08:51:31] "[31m[1mPOST /auth/register HTTP/1.1[0m" 401 -
2024-12-19 08:51:31 - be.view.auth - INFO - 收到注册请求: {'user_id': 'test_login_1734569491.086462', 'password': 'password_test_login_1734569491.086462'}
2024-12-19 08:51:31 - be.model.user - INFO - 尝试注册新用户：test_login_1734569491.086462
2024-12-19 08:51:31 - be.model.user - INFO - 加密密码...
2024-12-19 08:51:31 - be.model.user - INFO - 创建新用户...
2024-12-19 08:51:31 - be.model.user - INFO - 添加用户到数据库...
2024-12-19 08:51:31 - be.model.user - INFO - 用户注册成功：test_login_1734569491.086462
2024-12-19 08:51:31 - be.view.auth - INFO - 注册处理结果: 200
2024-12-19 08:51:31 - werkzeug - INFO - 127.0.0.1 - - [19/Dec/2024 08:51:31] "POST /auth/register HTTP/1.1" 200 -
2024-12-19 08:51:31 - be.view.auth - INFO - 收到登录请求: {'user_id': 'test_login_1734569491.086462', 'password': 'password_test_login_1734569491.086462', 'terminal': 'terminal_test_login_1734569491.086462'}
2024-12-19 08:51:31 - be.model.user - INFO - 尝试登录用户：test_login_1734569491.086462，终端：terminal_test_login_1734569491.086462
2024-12-19 08:51:31 - be.model.user - INFO - 为用户 test_login_1734569491.086462 生成新token，终端：terminal_test_login_1734569491.086462
2024-12-19 08:51:31 - be.model.user - INFO - 用户登录成功：test_login_1734569491.086462
2024-12-19 08:51:31 - be.view.auth - INFO - 登录处理结果: 200
2024-12-19 08:51:31 - werkzeug - INFO - 127.0.0.1 - - [19/Dec/2024 08:51:31] "POST /auth/login HTTP/1.1" 200 -
2024-12-19 08:51:31 - be.view.auth - INFO - 收到登出请求: {'user_id': 'test_login_1734569491.086462_x'}
2024-12-19 08:51:31 - be.model.user - INFO - 尝试登出用户：test_login_1734569491.086462_x
2024-12-19 08:51:31 - be.model.user - WARNING - token验证失败：test_login_1734569491.086462_x
2024-12-19 08:51:31 - be.model.user - WARNING - token验证失败：test_login_1734569491.086462_x
2024-12-19 08:51:31 - be.view.auth - INFO - 登出处理结果: 401
2024-12-19 08:51:31 - werkzeug - INFO - 127.0.0.1 - - [19/Dec/2024 08:51:31] "[31m[1mPOST /auth/logout HTTP/1.1[0m" 401 -
2024-12-19 08:51:31 - be.view.auth - INFO - 收到登出请求: {'user_id': 'test_login_1734569491.086462'}
2024-12-19 08:51:31 - be.model.user - INFO - 尝试登出用户：test_login_1734569491.086462
2024-12-19 08:51:31 - be.model.user - WARNING - 无效的token：eyJhbGciOiJIUzI1NiIsInR5cCI6IkpXVCJ9.eyJ1c2VyX2lkIjoidGVzdF9sb2dpbl8xNzM0NTY5NDkxLjA4NjQ2MiIsInRlcm1pbmFsIjoidGVybWluYWxfdGVzdF9sb2dpbl8xNzM0NTY5NDkxLjA4NjQ2MiIsImV4cCI6MTczNDY1NTg5MSwiaWF0IjoxNzM0NTY5NDkxfQ.eWgNMsC1sTzmuRQBRQFkoXloYQSoDVmEUJUl7sSzln8_x
2024-12-19 08:51:31 - be.model.user - WARNING - token验证失败：test_login_1734569491.086462
2024-12-19 08:51:31 - be.view.auth - INFO - 登出处理结果: 401
2024-12-19 08:51:31 - werkzeug - INFO - 127.0.0.1 - - [19/Dec/2024 08:51:31] "[31m[1mPOST /auth/logout HTTP/1.1[0m" 401 -
2024-12-19 08:51:31 - be.view.auth - INFO - 收到登出请求: {'user_id': 'test_login_1734569491.086462'}
2024-12-19 08:51:31 - be.model.user - INFO - 尝试登出用户：test_login_1734569491.086462
2024-12-19 08:51:31 - be.model.user - INFO - token验证成功：test_login_1734569491.086462
2024-12-19 08:51:31 - be.model.user - INFO - 用户登出成功：test_login_1734569491.086462
2024-12-19 08:51:31 - be.view.auth - INFO - 登出处理结果: 200
2024-12-19 08:51:31 - werkzeug - INFO - 127.0.0.1 - - [19/Dec/2024 08:51:31] "POST /auth/logout HTTP/1.1" 200 -
2024-12-19 08:51:31 - be.view.auth - INFO - 收到注册请求: {'user_id': 'test_login_1734569491.694782', 'password': 'password_test_login_1734569491.694782'}
2024-12-19 08:51:31 - be.model.user - INFO - 尝试注册新用户：test_login_1734569491.694782
2024-12-19 08:51:31 - be.model.user - INFO - 加密密码...
2024-12-19 08:51:31 - be.model.user - INFO - 创建新用户...
2024-12-19 08:51:31 - be.model.user - INFO - 添加用户到数据库...
2024-12-19 08:51:32 - be.model.user - INFO - 用户注册成功：test_login_1734569491.694782
2024-12-19 08:51:32 - be.view.auth - INFO - 注册处理结果: 200
2024-12-19 08:51:32 - werkzeug - INFO - 127.0.0.1 - - [19/Dec/2024 08:51:32] "POST /auth/register HTTP/1.1" 200 -
2024-12-19 08:51:32 - be.view.auth - INFO - 收到登录请求: {'user_id': 'test_login_1734569491.694782_x', 'password': 'password_test_login_1734569491.694782', 'terminal': 'terminal_test_login_1734569491.694782'}
2024-12-19 08:51:32 - be.model.user - INFO - 尝试登录用户：test_login_1734569491.694782_x，终端：terminal_test_login_1734569491.694782
2024-12-19 08:51:32 - be.model.user - WARNING - 用户不存在：test_login_1734569491.694782_x
2024-12-19 08:51:32 - be.view.auth - INFO - 登录处理结果: 401
2024-12-19 08:51:32 - werkzeug - INFO - 127.0.0.1 - - [19/Dec/2024 08:51:32] "[31m[1mPOST /auth/login HTTP/1.1[0m" 401 -
2024-12-19 08:51:32 - be.view.auth - INFO - 收到注册请求: {'user_id': 'test_login_1734569492.3178911', 'password': 'password_test_login_1734569492.3178911'}
2024-12-19 08:51:32 - be.model.user - INFO - 尝试注册新用户：test_login_1734569492.3178911
2024-12-19 08:51:32 - be.model.user - INFO - 加密密码...
2024-12-19 08:51:32 - be.model.user - INFO - 创建新用户...
2024-12-19 08:51:32 - be.model.user - INFO - 添加用户到数据库...
2024-12-19 08:51:32 - be.model.user - INFO - 用户注册成功：test_login_1734569492.3178911
2024-12-19 08:51:32 - be.view.auth - INFO - 注册处理结果: 200
2024-12-19 08:51:32 - werkzeug - INFO - 127.0.0.1 - - [19/Dec/2024 08:51:32] "POST /auth/register HTTP/1.1" 200 -
2024-12-19 08:51:32 - be.view.auth - INFO - 收到登录请求: {'user_id': 'test_login_1734569492.3178911', 'password': 'password_test_login_1734569492.3178911_x', 'terminal': 'terminal_test_login_1734569492.3178911'}
2024-12-19 08:51:32 - be.model.user - INFO - 尝试登录用户：test_login_1734569492.3178911，终端：terminal_test_login_1734569492.3178911
2024-12-19 08:51:32 - be.model.user - WARNING - 密码错误：test_login_1734569492.3178911
2024-12-19 08:51:32 - be.view.auth - INFO - 登录处理结果: 401
2024-12-19 08:51:32 - werkzeug - INFO - 127.0.0.1 - - [19/Dec/2024 08:51:32] "[31m[1mPOST /auth/login HTTP/1.1[0m" 401 -
2024-12-19 08:51:32 - be.view.auth - INFO - 收到注册请求: {'user_id': 'test_password_6422ac52-bda3-11ef-adb5-02a6845b4b32', 'password': 'old_password_test_password_6422ac52-bda3-11ef-adb5-02a6845b4b32'}
2024-12-19 08:51:32 - be.model.user - INFO - 尝试注册新用户：test_password_6422ac52-bda3-11ef-adb5-02a6845b4b32
2024-12-19 08:51:33 - be.model.user - INFO - 加密密码...
2024-12-19 08:51:33 - be.model.user - INFO - 创建新用户...
2024-12-19 08:51:33 - be.model.user - INFO - 添加用户到数据库...
2024-12-19 08:51:33 - be.model.user - INFO - 用户注册成功：test_password_6422ac52-bda3-11ef-adb5-02a6845b4b32
2024-12-19 08:51:33 - be.view.auth - INFO - 注册处理结果: 200
2024-12-19 08:51:33 - werkzeug - INFO - 127.0.0.1 - - [19/Dec/2024 08:51:33] "POST /auth/register HTTP/1.1" 200 -
2024-12-19 08:51:33 - be.view.auth - INFO - 收到修改密码请求: {'user_id': 'test_password_6422ac52-bda3-11ef-adb5-02a6845b4b32', 'oldPassword': 'old_password_test_password_6422ac52-bda3-11ef-adb5-02a6845b4b32', 'newPassword': 'new_password_test_password_6422ac52-bda3-11ef-adb5-02a6845b4b32'}
2024-12-19 08:51:33 - be.model.user - INFO - 尝试修改密码：test_password_6422ac52-bda3-11ef-adb5-02a6845b4b32
2024-12-19 08:51:33 - be.model.user - INFO - 密码修改成功：test_password_6422ac52-bda3-11ef-adb5-02a6845b4b32
2024-12-19 08:51:33 - be.view.auth - INFO - 修改密码处理结果: 200
2024-12-19 08:51:33 - werkzeug - INFO - 127.0.0.1 - - [19/Dec/2024 08:51:33] "POST /auth/password HTTP/1.1" 200 -
2024-12-19 08:51:33 - be.view.auth - INFO - 收到登录请求: {'user_id': 'test_password_6422ac52-bda3-11ef-adb5-02a6845b4b32', 'password': 'old_password_test_password_6422ac52-bda3-11ef-adb5-02a6845b4b32', 'terminal': 'terminal_test_password_6422ac52-bda3-11ef-adb5-02a6845b4b32'}
2024-12-19 08:51:33 - be.model.user - INFO - 尝试登录用户：test_password_6422ac52-bda3-11ef-adb5-02a6845b4b32，终端：terminal_test_password_6422ac52-bda3-11ef-adb5-02a6845b4b32
2024-12-19 08:51:33 - be.model.user - WARNING - 密码错误：test_password_6422ac52-bda3-11ef-adb5-02a6845b4b32
2024-12-19 08:51:33 - be.view.auth - INFO - 登录处理结果: 401
2024-12-19 08:51:33 - werkzeug - INFO - 127.0.0.1 - - [19/Dec/2024 08:51:33] "[31m[1mPOST /auth/login HTTP/1.1[0m" 401 -
2024-12-19 08:51:33 - be.view.auth - INFO - 收到登录请求: {'user_id': 'test_password_6422ac52-bda3-11ef-adb5-02a6845b4b32', 'password': 'new_password_test_password_6422ac52-bda3-11ef-adb5-02a6845b4b32', 'terminal': 'terminal_test_password_6422ac52-bda3-11ef-adb5-02a6845b4b32'}
2024-12-19 08:51:33 - be.model.user - INFO - 尝试登录用户：test_password_6422ac52-bda3-11ef-adb5-02a6845b4b32，终端：terminal_test_password_6422ac52-bda3-11ef-adb5-02a6845b4b32
2024-12-19 08:51:33 - be.model.user - INFO - 为用户 test_password_6422ac52-bda3-11ef-adb5-02a6845b4b32 生成新token，终端：terminal_test_password_6422ac52-bda3-11ef-adb5-02a6845b4b32
2024-12-19 08:51:33 - be.model.user - INFO - 用户登录成功：test_password_6422ac52-bda3-11ef-adb5-02a6845b4b32
2024-12-19 08:51:34 - be.view.auth - INFO - 登录处理结果: 200
2024-12-19 08:51:34 - werkzeug - INFO - 127.0.0.1 - - [19/Dec/2024 08:51:34] "POST /auth/login HTTP/1.1" 200 -
2024-12-19 08:51:34 - be.view.auth - INFO - 收到登出请求: {'user_id': 'test_password_6422ac52-bda3-11ef-adb5-02a6845b4b32'}
2024-12-19 08:51:34 - be.model.user - INFO - 尝试登出用户：test_password_6422ac52-bda3-11ef-adb5-02a6845b4b32
2024-12-19 08:51:34 - be.model.user - INFO - token验证成功：test_password_6422ac52-bda3-11ef-adb5-02a6845b4b32
2024-12-19 08:51:34 - be.model.user - INFO - 用户登出成功：test_password_6422ac52-bda3-11ef-adb5-02a6845b4b32
2024-12-19 08:51:34 - be.view.auth - INFO - 登出处理结果: 200
2024-12-19 08:51:34 - werkzeug - INFO - 127.0.0.1 - - [19/Dec/2024 08:51:34] "POST /auth/logout HTTP/1.1" 200 -
2024-12-19 08:51:34 - be.view.auth - INFO - 收到注册请求: {'user_id': 'test_password_64cfc018-bda3-11ef-adb5-02a6845b4b32', 'password': 'old_password_test_password_64cfc018-bda3-11ef-adb5-02a6845b4b32'}
2024-12-19 08:51:34 - be.model.user - INFO - 尝试注册新用户：test_password_64cfc018-bda3-11ef-adb5-02a6845b4b32
2024-12-19 08:51:34 - be.model.user - INFO - 加密密码...
2024-12-19 08:51:34 - be.model.user - INFO - 创建新用户...
2024-12-19 08:51:34 - be.model.user - INFO - 添加用户到数据库...
2024-12-19 08:51:34 - be.model.user - INFO - 用户注册成功：test_password_64cfc018-bda3-11ef-adb5-02a6845b4b32
2024-12-19 08:51:34 - be.view.auth - INFO - 注册处理结果: 200
2024-12-19 08:51:34 - werkzeug - INFO - 127.0.0.1 - - [19/Dec/2024 08:51:34] "POST /auth/register HTTP/1.1" 200 -
2024-12-19 08:51:34 - be.view.auth - INFO - 收到修改密码请求: {'user_id': 'test_password_64cfc018-bda3-11ef-adb5-02a6845b4b32', 'oldPassword': 'old_password_test_password_64cfc018-bda3-11ef-adb5-02a6845b4b32_x', 'newPassword': 'new_password_test_password_64cfc018-bda3-11ef-adb5-02a6845b4b32'}
2024-12-19 08:51:34 - be.model.user - INFO - 尝试修改密码：test_password_64cfc018-bda3-11ef-adb5-02a6845b4b32
2024-12-19 08:51:34 - be.model.user - WARNING - 旧密码错误：test_password_64cfc018-bda3-11ef-adb5-02a6845b4b32
2024-12-19 08:51:34 - be.view.auth - INFO - 修改密码处理结果: 401
2024-12-19 08:51:34 - werkzeug - INFO - 127.0.0.1 - - [19/Dec/2024 08:51:34] "[31m[1mPOST /auth/password HTTP/1.1[0m" 401 -
2024-12-19 08:51:34 - be.view.auth - INFO - 收到登录请求: {'user_id': 'test_password_64cfc018-bda3-11ef-adb5-02a6845b4b32', 'password': 'new_password_test_password_64cfc018-bda3-11ef-adb5-02a6845b4b32', 'terminal': 'terminal_test_password_64cfc018-bda3-11ef-adb5-02a6845b4b32'}
2024-12-19 08:51:34 - be.model.user - INFO - 尝试登录用户：test_password_64cfc018-bda3-11ef-adb5-02a6845b4b32，终端：terminal_test_password_64cfc018-bda3-11ef-adb5-02a6845b4b32
2024-12-19 08:51:34 - be.model.user - WARNING - 密码错误：test_password_64cfc018-bda3-11ef-adb5-02a6845b4b32
2024-12-19 08:51:34 - be.view.auth - INFO - 登录处理结果: 401
2024-12-19 08:51:34 - werkzeug - INFO - 127.0.0.1 - - [19/Dec/2024 08:51:34] "[31m[1mPOST /auth/login HTTP/1.1[0m" 401 -
2024-12-19 08:51:34 - be.view.auth - INFO - 收到注册请求: {'user_id': 'test_password_6550f70a-bda3-11ef-adb5-02a6845b4b32', 'password': 'old_password_test_password_6550f70a-bda3-11ef-adb5-02a6845b4b32'}
2024-12-19 08:51:34 - be.model.user - INFO - 尝试注册新用户：test_password_6550f70a-bda3-11ef-adb5-02a6845b4b32
2024-12-19 08:51:35 - be.model.user - INFO - 加密密码...
2024-12-19 08:51:35 - be.model.user - INFO - 创建新用户...
2024-12-19 08:51:35 - be.model.user - INFO - 添加用户到数据库...
2024-12-19 08:51:35 - be.model.user - INFO - 用户注册成功：test_password_6550f70a-bda3-11ef-adb5-02a6845b4b32
2024-12-19 08:51:35 - be.view.auth - INFO - 注册处理结果: 200
2024-12-19 08:51:35 - werkzeug - INFO - 127.0.0.1 - - [19/Dec/2024 08:51:35] "POST /auth/register HTTP/1.1" 200 -
2024-12-19 08:51:35 - be.view.auth - INFO - 收到修改密码请求: {'user_id': 'test_password_6550f70a-bda3-11ef-adb5-02a6845b4b32_x', 'oldPassword': 'old_password_test_password_6550f70a-bda3-11ef-adb5-02a6845b4b32', 'newPassword': 'new_password_test_password_6550f70a-bda3-11ef-adb5-02a6845b4b32'}
2024-12-19 08:51:35 - be.model.user - INFO - 尝试修改密码：test_password_6550f70a-bda3-11ef-adb5-02a6845b4b32_x
2024-12-19 08:51:35 - be.model.user - WARNING - 用户不存在：test_password_6550f70a-bda3-11ef-adb5-02a6845b4b32_x
2024-12-19 08:51:35 - be.view.auth - INFO - 修改密码处理结果: 401
2024-12-19 08:51:35 - werkzeug - INFO - 127.0.0.1 - - [19/Dec/2024 08:51:35] "[31m[1mPOST /auth/password HTTP/1.1[0m" 401 -
2024-12-19 08:51:35 - be.view.auth - INFO - 收到登录请求: {'user_id': 'test_password_6550f70a-bda3-11ef-adb5-02a6845b4b32', 'password': 'new_password_test_password_6550f70a-bda3-11ef-adb5-02a6845b4b32', 'terminal': 'terminal_test_password_6550f70a-bda3-11ef-adb5-02a6845b4b32'}
2024-12-19 08:51:35 - be.model.user - INFO - 尝试登录用户：test_password_6550f70a-bda3-11ef-adb5-02a6845b4b32，终端：terminal_test_password_6550f70a-bda3-11ef-adb5-02a6845b4b32
2024-12-19 08:51:35 - be.model.user - WARNING - 密码错误：test_password_6550f70a-bda3-11ef-adb5-02a6845b4b32
2024-12-19 08:51:35 - be.view.auth - INFO - 登录处理结果: 401
2024-12-19 08:51:35 - werkzeug - INFO - 127.0.0.1 - - [19/Dec/2024 08:51:35] "[31m[1mPOST /auth/login HTTP/1.1[0m" 401 -
2024-12-19 08:51:35 - be.view.auth - INFO - 收到注册请求: {'user_id': 'test_add_funds_65d281c6-bda3-11ef-adb5-02a6845b4b32', 'password': 'test_add_funds_65d281c6-bda3-11ef-adb5-02a6845b4b32'}
2024-12-19 08:51:35 - be.model.user - INFO - 尝试注册新用户：test_add_funds_65d281c6-bda3-11ef-adb5-02a6845b4b32
2024-12-19 08:51:35 - be.model.user - INFO - 加密密码...
2024-12-19 08:51:35 - be.model.user - INFO - 创建新用户...
2024-12-19 08:51:35 - be.model.user - INFO - 添加用户到数据库...
2024-12-19 08:51:36 - be.model.user - INFO - 用户注册成功：test_add_funds_65d281c6-bda3-11ef-adb5-02a6845b4b32
2024-12-19 08:51:36 - be.view.auth - INFO - 注册处理结果: 200
2024-12-19 08:51:36 - werkzeug - INFO - 127.0.0.1 - - [19/Dec/2024 08:51:36] "POST /auth/register HTTP/1.1" 200 -
2024-12-19 08:51:36 - be.view.auth - INFO - 收到登录请求: {'user_id': 'test_add_funds_65d281c6-bda3-11ef-adb5-02a6845b4b32', 'password': 'test_add_funds_65d281c6-bda3-11ef-adb5-02a6845b4b32', 'terminal': 'my terminal'}
2024-12-19 08:51:36 - be.model.user - INFO - 尝试登录用户：test_add_funds_65d281c6-bda3-11ef-adb5-02a6845b4b32，终端：my terminal
2024-12-19 08:51:36 - be.model.user - INFO - 为用户 test_add_funds_65d281c6-bda3-11ef-adb5-02a6845b4b32 生成新token，终端：my terminal
2024-12-19 08:51:36 - be.model.user - INFO - 用户登录成功：test_add_funds_65d281c6-bda3-11ef-adb5-02a6845b4b32
2024-12-19 08:51:36 - be.view.auth - INFO - 登录处理结果: 200
2024-12-19 08:51:36 - werkzeug - INFO - 127.0.0.1 - - [19/Dec/2024 08:51:36] "POST /auth/login HTTP/1.1" 200 -
2024-12-19 08:51:36 - werkzeug - INFO - 127.0.0.1 - - [19/Dec/2024 08:51:36] "POST /buyer/add_funds HTTP/1.1" 200 -
2024-12-19 08:51:36 - werkzeug - INFO - 127.0.0.1 - - [19/Dec/2024 08:51:36] "POST /buyer/add_funds HTTP/1.1" 200 -
2024-12-19 08:51:36 - be.view.auth - INFO - 收到注册请求: {'user_id': 'test_add_funds_667c02be-bda3-11ef-adb5-02a6845b4b32', 'password': 'test_add_funds_667c02be-bda3-11ef-adb5-02a6845b4b32'}
2024-12-19 08:51:36 - be.model.user - INFO - 尝试注册新用户：test_add_funds_667c02be-bda3-11ef-adb5-02a6845b4b32
2024-12-19 08:51:36 - be.model.user - INFO - 加密密码...
2024-12-19 08:51:36 - be.model.user - INFO - 创建新用户...
2024-12-19 08:51:36 - be.model.user - INFO - 添加用户到数据库...
2024-12-19 08:51:37 - be.model.user - INFO - 用户注册成功：test_add_funds_667c02be-bda3-11ef-adb5-02a6845b4b32
2024-12-19 08:51:37 - be.view.auth - INFO - 注册处理结果: 200
2024-12-19 08:51:37 - werkzeug - INFO - 127.0.0.1 - - [19/Dec/2024 08:51:37] "POST /auth/register HTTP/1.1" 200 -
2024-12-19 08:51:37 - be.view.auth - INFO - 收到登录请求: {'user_id': 'test_add_funds_667c02be-bda3-11ef-adb5-02a6845b4b32', 'password': 'test_add_funds_667c02be-bda3-11ef-adb5-02a6845b4b32', 'terminal': 'my terminal'}
2024-12-19 08:51:37 - be.model.user - INFO - 尝试登录用户：test_add_funds_667c02be-bda3-11ef-adb5-02a6845b4b32，终端：my terminal
2024-12-19 08:51:37 - be.model.user - INFO - 为用户 test_add_funds_667c02be-bda3-11ef-adb5-02a6845b4b32 生成新token，终端：my terminal
2024-12-19 08:51:37 - be.model.user - INFO - 用户登录成功：test_add_funds_667c02be-bda3-11ef-adb5-02a6845b4b32
2024-12-19 08:51:37 - be.view.auth - INFO - 登录处理结果: 200
2024-12-19 08:51:37 - werkzeug - INFO - 127.0.0.1 - - [19/Dec/2024 08:51:37] "POST /auth/login HTTP/1.1" 200 -
2024-12-19 08:51:37 - werkzeug - INFO - 127.0.0.1 - - [19/Dec/2024 08:51:37] "[31m[1mPOST /buyer/add_funds HTTP/1.1[0m" 401 -
2024-12-19 08:51:37 - be.view.auth - INFO - 收到注册请求: {'user_id': 'test_add_funds_66f402e6-bda3-11ef-adb5-02a6845b4b32', 'password': 'test_add_funds_66f402e6-bda3-11ef-adb5-02a6845b4b32'}
2024-12-19 08:51:37 - be.model.user - INFO - 尝试注册新用户：test_add_funds_66f402e6-bda3-11ef-adb5-02a6845b4b32
2024-12-19 08:51:38 - be.model.user - INFO - 加密密码...
2024-12-19 08:51:38 - be.model.user - INFO - 创建新用户...
2024-12-19 08:51:38 - be.model.user - INFO - 添加用户到数据库...
2024-12-19 08:51:38 - be.model.user - INFO - 用户注册成功：test_add_funds_66f402e6-bda3-11ef-adb5-02a6845b4b32
2024-12-19 08:51:38 - be.view.auth - INFO - 注册处理结果: 200
2024-12-19 08:51:38 - werkzeug - INFO - 127.0.0.1 - - [19/Dec/2024 08:51:38] "POST /auth/register HTTP/1.1" 200 -
2024-12-19 08:51:38 - be.view.auth - INFO - 收到登录请求: {'user_id': 'test_add_funds_66f402e6-bda3-11ef-adb5-02a6845b4b32', 'password': 'test_add_funds_66f402e6-bda3-11ef-adb5-02a6845b4b32', 'terminal': 'my terminal'}
2024-12-19 08:51:38 - be.model.user - INFO - 尝试登录用户：test_add_funds_66f402e6-bda3-11ef-adb5-02a6845b4b32，终端：my terminal
2024-12-19 08:51:38 - be.model.user - INFO - 为用户 test_add_funds_66f402e6-bda3-11ef-adb5-02a6845b4b32 生成新token，终端：my terminal
2024-12-19 08:51:38 - be.model.user - INFO - 用户登录成功：test_add_funds_66f402e6-bda3-11ef-adb5-02a6845b4b32
2024-12-19 08:51:38 - be.view.auth - INFO - 登录处理结果: 200
2024-12-19 08:51:38 - werkzeug - INFO - 127.0.0.1 - - [19/Dec/2024 08:51:38] "POST /auth/login HTTP/1.1" 200 -
2024-12-19 08:51:38 - werkzeug - INFO - 127.0.0.1 - - [19/Dec/2024 08:51:38] "[31m[1mPOST /buyer/add_funds HTTP/1.1[0m" 401 -
2024-12-19 08:51:38 - be.view.auth - INFO - 收到注册请求: {'user_id': 'test_create_store_user_67870622-bda3-11ef-adb5-02a6845b4b32', 'password': 'test_create_store_user_67870622-bda3-11ef-adb5-02a6845b4b32'}
2024-12-19 08:51:38 - be.model.user - INFO - 尝试注册新用户：test_create_store_user_67870622-bda3-11ef-adb5-02a6845b4b32
2024-12-19 08:51:38 - be.model.user - INFO - 加密密码...
2024-12-19 08:51:38 - be.model.user - INFO - 创建新用户...
2024-12-19 08:51:38 - be.model.user - INFO - 添加用户到数据库...
2024-12-19 08:51:38 - be.model.user - INFO - 用户注册成功：test_create_store_user_67870622-bda3-11ef-adb5-02a6845b4b32
2024-12-19 08:51:38 - be.view.auth - INFO - 注册处理结果: 200
2024-12-19 08:51:38 - werkzeug - INFO - 127.0.0.1 - - [19/Dec/2024 08:51:38] "POST /auth/register HTTP/1.1" 200 -
2024-12-19 08:51:38 - be.view.auth - INFO - 收到登录请求: {'user_id': 'test_create_store_user_67870622-bda3-11ef-adb5-02a6845b4b32', 'password': 'test_create_store_user_67870622-bda3-11ef-adb5-02a6845b4b32', 'terminal': 'my terminal'}
2024-12-19 08:51:38 - be.model.user - INFO - 尝试登录用户：test_create_store_user_67870622-bda3-11ef-adb5-02a6845b4b32，终端：my terminal
2024-12-19 08:51:39 - be.model.user - INFO - 为用户 test_create_store_user_67870622-bda3-11ef-adb5-02a6845b4b32 生成新token，终端：my terminal
2024-12-19 08:51:39 - be.model.user - INFO - 用户登录成功：test_create_store_user_67870622-bda3-11ef-adb5-02a6845b4b32
2024-12-19 08:51:39 - be.view.auth - INFO - 登录处理结果: 200
2024-12-19 08:51:39 - werkzeug - INFO - 127.0.0.1 - - [19/Dec/2024 08:51:39] "POST /auth/login HTTP/1.1" 200 -
2024-12-19 08:51:39 - werkzeug - INFO - 127.0.0.1 - - [19/Dec/2024 08:51:39] "POST /seller/create_store HTTP/1.1" 200 -
2024-12-19 08:51:39 - be.view.auth - INFO - 收到注册请求: {'user_id': 'test_create_store_user_6818c008-bda3-11ef-adb5-02a6845b4b32', 'password': 'test_create_store_user_6818c008-bda3-11ef-adb5-02a6845b4b32'}
2024-12-19 08:51:39 - be.model.user - INFO - 尝试注册新用户：test_create_store_user_6818c008-bda3-11ef-adb5-02a6845b4b32
2024-12-19 08:51:39 - be.model.user - INFO - 加密密码...
2024-12-19 08:51:39 - be.model.user - INFO - 创建新用户...
2024-12-19 08:51:39 - be.model.user - INFO - 添加用户到数据库...
2024-12-19 08:51:39 - be.model.user - INFO - 用户注册成功：test_create_store_user_6818c008-bda3-11ef-adb5-02a6845b4b32
2024-12-19 08:51:39 - be.view.auth - INFO - 注册处理结果: 200
2024-12-19 08:51:39 - werkzeug - INFO - 127.0.0.1 - - [19/Dec/2024 08:51:39] "POST /auth/register HTTP/1.1" 200 -
2024-12-19 08:51:39 - be.view.auth - INFO - 收到登录请求: {'user_id': 'test_create_store_user_6818c008-bda3-11ef-adb5-02a6845b4b32', 'password': 'test_create_store_user_6818c008-bda3-11ef-adb5-02a6845b4b32', 'terminal': 'my terminal'}
2024-12-19 08:51:39 - be.model.user - INFO - 尝试登录用户：test_create_store_user_6818c008-bda3-11ef-adb5-02a6845b4b32，终端：my terminal
2024-12-19 08:51:40 - be.model.user - INFO - 为用户 test_create_store_user_6818c008-bda3-11ef-adb5-02a6845b4b32 生成新token，终端：my terminal
2024-12-19 08:51:40 - be.model.user - INFO - 用户登录成功：test_create_store_user_6818c008-bda3-11ef-adb5-02a6845b4b32
2024-12-19 08:51:40 - be.view.auth - INFO - 登录处理结果: 200
2024-12-19 08:51:40 - werkzeug - INFO - 127.0.0.1 - - [19/Dec/2024 08:51:40] "POST /auth/login HTTP/1.1" 200 -
2024-12-19 08:51:40 - werkzeug - INFO - 127.0.0.1 - - [19/Dec/2024 08:51:40] "POST /seller/create_store HTTP/1.1" 200 -
2024-12-19 08:51:40 - werkzeug - INFO - 127.0.0.1 - - [19/Dec/2024 08:51:40] "POST /seller/create_store HTTP/1.1" 200 -
2024-12-19 08:51:40 - be.view.auth - INFO - 收到注册请求: {'user_id': 'test_add_books_seller_id_68d0fcae-bda3-11ef-adb5-02a6845b4b32', 'password': 'test_add_books_seller_id_68d0fcae-bda3-11ef-adb5-02a6845b4b32'}
2024-12-19 08:51:40 - be.model.user - INFO - 尝试注册新用户：test_add_books_seller_id_68d0fcae-bda3-11ef-adb5-02a6845b4b32
2024-12-19 08:51:41 - be.model.user - INFO - 加密密码...
2024-12-19 08:51:41 - be.model.user - INFO - 创建新用户...
2024-12-19 08:51:41 - be.model.user - INFO - 添加用户到数据库...
2024-12-19 08:51:41 - be.model.user - INFO - 用户注册成功：test_add_books_seller_id_68d0fcae-bda3-11ef-adb5-02a6845b4b32
2024-12-19 08:51:41 - be.view.auth - INFO - 注册处理结果: 200
2024-12-19 08:51:41 - werkzeug - INFO - 127.0.0.1 - - [19/Dec/2024 08:51:41] "POST /auth/register HTTP/1.1" 200 -
2024-12-19 08:51:41 - be.view.auth - INFO - 收到登录请求: {'user_id': 'test_add_books_seller_id_68d0fcae-bda3-11ef-adb5-02a6845b4b32', 'password': 'test_add_books_seller_id_68d0fcae-bda3-11ef-adb5-02a6845b4b32', 'terminal': 'my terminal'}
2024-12-19 08:51:41 - be.model.user - INFO - 尝试登录用户：test_add_books_seller_id_68d0fcae-bda3-11ef-adb5-02a6845b4b32，终端：my terminal
2024-12-19 08:51:41 - be.model.user - INFO - 为用户 test_add_books_seller_id_68d0fcae-bda3-11ef-adb5-02a6845b4b32 生成新token，终端：my terminal
2024-12-19 08:51:41 - be.model.user - INFO - 用户登录成功：test_add_books_seller_id_68d0fcae-bda3-11ef-adb5-02a6845b4b32
2024-12-19 08:51:41 - be.view.auth - INFO - 登录处理结果: 200
2024-12-19 08:51:41 - werkzeug - INFO - 127.0.0.1 - - [19/Dec/2024 08:51:41] "POST /auth/login HTTP/1.1" 200 -
2024-12-19 08:51:41 - werkzeug - INFO - 127.0.0.1 - - [19/Dec/2024 08:51:41] "POST /seller/create_store HTTP/1.1" 200 -
2024-12-19 08:51:42 - werkzeug - INFO - 127.0.0.1 - - [19/Dec/2024 08:51:42] "POST /seller/add_book HTTP/1.1" 200 -
2024-12-19 08:51:42 - werkzeug - INFO - 127.0.0.1 - - [19/Dec/2024 08:51:42] "POST /seller/add_book HTTP/1.1" 200 -
2024-12-19 08:51:42 - be.view.auth - INFO - 收到注册请求: {'user_id': 'test_add_books_seller_id_6a1a3f76-bda3-11ef-adb5-02a6845b4b32', 'password': 'test_add_books_seller_id_6a1a3f76-bda3-11ef-adb5-02a6845b4b32'}
2024-12-19 08:51:42 - be.model.user - INFO - 尝试注册新用户：test_add_books_seller_id_6a1a3f76-bda3-11ef-adb5-02a6845b4b32
2024-12-19 08:51:43 - be.model.user - INFO - 加密密码...
2024-12-19 08:51:43 - be.model.user - INFO - 创建新用户...
2024-12-19 08:51:43 - be.model.user - INFO - 添加用户到数据库...
2024-12-19 08:51:43 - be.model.user - INFO - 用户注册成功：test_add_books_seller_id_6a1a3f76-bda3-11ef-adb5-02a6845b4b32
2024-12-19 08:51:43 - be.view.auth - INFO - 注册处理结果: 200
2024-12-19 08:51:43 - werkzeug - INFO - 127.0.0.1 - - [19/Dec/2024 08:51:43] "POST /auth/register HTTP/1.1" 200 -
2024-12-19 08:51:43 - be.view.auth - INFO - 收到登录请求: {'user_id': 'test_add_books_seller_id_6a1a3f76-bda3-11ef-adb5-02a6845b4b32', 'password': 'test_add_books_seller_id_6a1a3f76-bda3-11ef-adb5-02a6845b4b32', 'terminal': 'my terminal'}
2024-12-19 08:51:43 - be.model.user - INFO - 尝试登录用户：test_add_books_seller_id_6a1a3f76-bda3-11ef-adb5-02a6845b4b32，终端：my terminal
2024-12-19 08:51:43 - be.model.user - INFO - 为用户 test_add_books_seller_id_6a1a3f76-bda3-11ef-adb5-02a6845b4b32 生成新token，终端：my terminal
2024-12-19 08:51:43 - be.model.user - INFO - 用户登录成功：test_add_books_seller_id_6a1a3f76-bda3-11ef-adb5-02a6845b4b32
2024-12-19 08:51:43 - be.view.auth - INFO - 登录处理结果: 200
2024-12-19 08:51:43 - werkzeug - INFO - 127.0.0.1 - - [19/Dec/2024 08:51:43] "POST /auth/login HTTP/1.1" 200 -
2024-12-19 08:51:43 - werkzeug - INFO - 127.0.0.1 - - [19/Dec/2024 08:51:43] "POST /seller/create_store HTTP/1.1" 200 -
2024-12-19 08:51:44 - werkzeug - INFO - 127.0.0.1 - - [19/Dec/2024 08:51:44] "POST /seller/add_book HTTP/1.1" 200 -
2024-12-19 08:51:44 - be.view.auth - INFO - 收到注册请求: {'user_id': 'test_add_books_seller_id_6b128c9e-bda3-11ef-adb5-02a6845b4b32', 'password': 'test_add_books_seller_id_6b128c9e-bda3-11ef-adb5-02a6845b4b32'}
2024-12-19 08:51:44 - be.model.user - INFO - 尝试注册新用户：test_add_books_seller_id_6b128c9e-bda3-11ef-adb5-02a6845b4b32
2024-12-19 08:51:44 - be.model.user - INFO - 加密密码...
2024-12-19 08:51:44 - be.model.user - INFO - 创建新用户...
2024-12-19 08:51:44 - be.model.user - INFO - 添加用户到数据库...
2024-12-19 08:51:44 - be.model.user - INFO - 用户注册成功：test_add_books_seller_id_6b128c9e-bda3-11ef-adb5-02a6845b4b32
2024-12-19 08:51:44 - be.view.auth - INFO - 注册处理结果: 200
2024-12-19 08:51:44 - werkzeug - INFO - 127.0.0.1 - - [19/Dec/2024 08:51:44] "POST /auth/register HTTP/1.1" 200 -
2024-12-19 08:51:44 - be.view.auth - INFO - 收到登录请求: {'user_id': 'test_add_books_seller_id_6b128c9e-bda3-11ef-adb5-02a6845b4b32', 'password': 'test_add_books_seller_id_6b128c9e-bda3-11ef-adb5-02a6845b4b32', 'terminal': 'my terminal'}
2024-12-19 08:51:44 - be.model.user - INFO - 尝试登录用户：test_add_books_seller_id_6b128c9e-bda3-11ef-adb5-02a6845b4b32，终端：my terminal
2024-12-19 08:51:44 - be.model.user - INFO - 为用户 test_add_books_seller_id_6b128c9e-bda3-11ef-adb5-02a6845b4b32 生成新token，终端：my terminal
2024-12-19 08:51:44 - be.model.user - INFO - 用户登录成功：test_add_books_seller_id_6b128c9e-bda3-11ef-adb5-02a6845b4b32
2024-12-19 08:51:45 - be.view.auth - INFO - 登录处理结果: 200
2024-12-19 08:51:45 - werkzeug - INFO - 127.0.0.1 - - [19/Dec/2024 08:51:45] "POST /auth/login HTTP/1.1" 200 -
2024-12-19 08:51:45 - werkzeug - INFO - 127.0.0.1 - - [19/Dec/2024 08:51:45] "POST /seller/create_store HTTP/1.1" 200 -
2024-12-19 08:51:46 - werkzeug - INFO - 127.0.0.1 - - [19/Dec/2024 08:51:46] "POST /seller/add_book HTTP/1.1" 200 -
2024-12-19 08:51:46 - werkzeug - INFO - 127.0.0.1 - - [19/Dec/2024 08:51:46] "POST /seller/add_book HTTP/1.1" 200 -
2024-12-19 08:51:46 - werkzeug - INFO - 127.0.0.1 - - [19/Dec/2024 08:51:46] "POST /seller/add_book HTTP/1.1" 200 -
2024-12-19 08:51:46 - be.view.auth - INFO - 收到注册请求: {'user_id': 'test_add_books_seller_id_6c161656-bda3-11ef-adb5-02a6845b4b32', 'password': 'test_add_books_seller_id_6c161656-bda3-11ef-adb5-02a6845b4b32'}
2024-12-19 08:51:46 - be.model.user - INFO - 尝试注册新用户：test_add_books_seller_id_6c161656-bda3-11ef-adb5-02a6845b4b32
2024-12-19 08:51:46 - be.model.user - INFO - 加密密码...
2024-12-19 08:51:46 - be.model.user - INFO - 创建新用户...
2024-12-19 08:51:46 - be.model.user - INFO - 添加用户到数据库...
2024-12-19 08:51:46 - be.model.user - INFO - 用户注册成功：test_add_books_seller_id_6c161656-bda3-11ef-adb5-02a6845b4b32
2024-12-19 08:51:46 - be.view.auth - INFO - 注册处理结果: 200
2024-12-19 08:51:46 - werkzeug - INFO - 127.0.0.1 - - [19/Dec/2024 08:51:46] "POST /auth/register HTTP/1.1" 200 -
2024-12-19 08:51:46 - be.view.auth - INFO - 收到登录请求: {'user_id': 'test_add_books_seller_id_6c161656-bda3-11ef-adb5-02a6845b4b32', 'password': 'test_add_books_seller_id_6c161656-bda3-11ef-adb5-02a6845b4b32', 'terminal': 'my terminal'}
2024-12-19 08:51:46 - be.model.user - INFO - 尝试登录用户：test_add_books_seller_id_6c161656-bda3-11ef-adb5-02a6845b4b32，终端：my terminal
2024-12-19 08:51:46 - be.model.user - INFO - 为用户 test_add_books_seller_id_6c161656-bda3-11ef-adb5-02a6845b4b32 生成新token，终端：my terminal
2024-12-19 08:51:46 - be.model.user - INFO - 用户登录成功：test_add_books_seller_id_6c161656-bda3-11ef-adb5-02a6845b4b32
2024-12-19 08:51:46 - be.view.auth - INFO - 登录处理结果: 200
2024-12-19 08:51:46 - werkzeug - INFO - 127.0.0.1 - - [19/Dec/2024 08:51:46] "POST /auth/login HTTP/1.1" 200 -
2024-12-19 08:51:46 - werkzeug - INFO - 127.0.0.1 - - [19/Dec/2024 08:51:46] "POST /seller/create_store HTTP/1.1" 200 -
2024-12-19 08:51:47 - werkzeug - INFO - 127.0.0.1 - - [19/Dec/2024 08:51:47] "POST /seller/add_book HTTP/1.1" 200 -
2024-12-19 08:51:47 - be.view.auth - INFO - 收到注册请求: {'user_id': 'test_add_book_stock_level1_user_6d01943c-bda3-11ef-adb5-02a6845b4b32', 'password': 'test_add_book_stock_level1_user_6d01943c-bda3-11ef-adb5-02a6845b4b32'}
2024-12-19 08:51:47 - be.model.user - INFO - 尝试注册新用户：test_add_book_stock_level1_user_6d01943c-bda3-11ef-adb5-02a6845b4b32
2024-12-19 08:51:47 - be.model.user - INFO - 加密密码...
2024-12-19 08:51:47 - be.model.user - INFO - 创建新用户...
2024-12-19 08:51:47 - be.model.user - INFO - 添加用户到数据库...
2024-12-19 08:51:48 - be.model.user - INFO - 用户注册成功：test_add_book_stock_level1_user_6d01943c-bda3-11ef-adb5-02a6845b4b32
2024-12-19 08:51:48 - be.view.auth - INFO - 注册处理结果: 200
2024-12-19 08:51:48 - werkzeug - INFO - 127.0.0.1 - - [19/Dec/2024 08:51:48] "POST /auth/register HTTP/1.1" 200 -
2024-12-19 08:51:48 - be.view.auth - INFO - 收到登录请求: {'user_id': 'test_add_book_stock_level1_user_6d01943c-bda3-11ef-adb5-02a6845b4b32', 'password': 'test_add_book_stock_level1_user_6d01943c-bda3-11ef-adb5-02a6845b4b32', 'terminal': 'my terminal'}
2024-12-19 08:51:48 - be.model.user - INFO - 尝试登录用户：test_add_book_stock_level1_user_6d01943c-bda3-11ef-adb5-02a6845b4b32，终端：my terminal
2024-12-19 08:51:48 - be.model.user - INFO - 为用户 test_add_book_stock_level1_user_6d01943c-bda3-11ef-adb5-02a6845b4b32 生成新token，终端：my terminal
2024-12-19 08:51:48 - be.model.user - INFO - 用户登录成功：test_add_book_stock_level1_user_6d01943c-bda3-11ef-adb5-02a6845b4b32
2024-12-19 08:51:48 - be.view.auth - INFO - 登录处理结果: 200
2024-12-19 08:51:48 - werkzeug - INFO - 127.0.0.1 - - [19/Dec/2024 08:51:48] "POST /auth/login HTTP/1.1" 200 -
2024-12-19 08:51:48 - werkzeug - INFO - 127.0.0.1 - - [19/Dec/2024 08:51:48] "POST /seller/create_store HTTP/1.1" 200 -
2024-12-19 08:51:49 - werkzeug - INFO - 127.0.0.1 - - [19/Dec/2024 08:51:49] "POST /seller/add_book HTTP/1.1" 200 -
2024-12-19 08:51:49 - werkzeug - INFO - 127.0.0.1 - - [19/Dec/2024 08:51:49] "POST /seller/add_book HTTP/1.1" 200 -
2024-12-19 08:51:49 - werkzeug - INFO - 127.0.0.1 - - [19/Dec/2024 08:51:49] "POST /seller/add_book HTTP/1.1" 200 -
2024-12-19 08:51:49 - werkzeug - INFO - 127.0.0.1 - - [19/Dec/2024 08:51:49] "POST /seller/add_book HTTP/1.1" 200 -
2024-12-19 08:51:49 - werkzeug - INFO - 127.0.0.1 - - [19/Dec/2024 08:51:49] "POST /seller/add_book HTTP/1.1" 200 -
2024-12-19 08:51:49 - werkzeug - INFO - 127.0.0.1 - - [19/Dec/2024 08:51:49] "POST /seller/add_stock_level HTTP/1.1" 200 -
2024-12-19 08:51:49 - be.view.auth - INFO - 收到注册请求: {'user_id': 'test_add_book_stock_level1_user_6e3e1c80-bda3-11ef-adb5-02a6845b4b32', 'password': 'test_add_book_stock_level1_user_6e3e1c80-bda3-11ef-adb5-02a6845b4b32'}
2024-12-19 08:51:49 - be.model.user - INFO - 尝试注册新用户：test_add_book_stock_level1_user_6e3e1c80-bda3-11ef-adb5-02a6845b4b32
2024-12-19 08:51:49 - be.model.user - INFO - 加密密码...
2024-12-19 08:51:49 - be.model.user - INFO - 创建新用户...
2024-12-19 08:51:49 - be.model.user - INFO - 添加用户到数据库...
2024-12-19 08:51:50 - be.model.user - INFO - 用户注册成功：test_add_book_stock_level1_user_6e3e1c80-bda3-11ef-adb5-02a6845b4b32
2024-12-19 08:51:50 - be.view.auth - INFO - 注册处理结果: 200
2024-12-19 08:51:50 - werkzeug - INFO - 127.0.0.1 - - [19/Dec/2024 08:51:50] "POST /auth/register HTTP/1.1" 200 -
2024-12-19 08:51:50 - be.view.auth - INFO - 收到登录请求: {'user_id': 'test_add_book_stock_level1_user_6e3e1c80-bda3-11ef-adb5-02a6845b4b32', 'password': 'test_add_book_stock_level1_user_6e3e1c80-bda3-11ef-adb5-02a6845b4b32', 'terminal': 'my terminal'}
2024-12-19 08:51:50 - be.model.user - INFO - 尝试登录用户：test_add_book_stock_level1_user_6e3e1c80-bda3-11ef-adb5-02a6845b4b32，终端：my terminal
2024-12-19 08:51:50 - be.model.user - INFO - 为用户 test_add_book_stock_level1_user_6e3e1c80-bda3-11ef-adb5-02a6845b4b32 生成新token，终端：my terminal
2024-12-19 08:51:50 - be.model.user - INFO - 用户登录成功：test_add_book_stock_level1_user_6e3e1c80-bda3-11ef-adb5-02a6845b4b32
2024-12-19 08:51:50 - be.view.auth - INFO - 登录处理结果: 200
2024-12-19 08:51:50 - werkzeug - INFO - 127.0.0.1 - - [19/Dec/2024 08:51:50] "POST /auth/login HTTP/1.1" 200 -
2024-12-19 08:51:50 - werkzeug - INFO - 127.0.0.1 - - [19/Dec/2024 08:51:50] "POST /seller/create_store HTTP/1.1" 200 -
2024-12-19 08:51:51 - werkzeug - INFO - 127.0.0.1 - - [19/Dec/2024 08:51:51] "POST /seller/add_book HTTP/1.1" 200 -
2024-12-19 08:51:51 - werkzeug - INFO - 127.0.0.1 - - [19/Dec/2024 08:51:51] "POST /seller/add_book HTTP/1.1" 200 -
2024-12-19 08:51:51 - werkzeug - INFO - 127.0.0.1 - - [19/Dec/2024 08:51:51] "POST /seller/add_book HTTP/1.1" 200 -
2024-12-19 08:51:51 - werkzeug - INFO - 127.0.0.1 - - [19/Dec/2024 08:51:51] "POST /seller/add_book HTTP/1.1" 200 -
2024-12-19 08:51:51 - werkzeug - INFO - 127.0.0.1 - - [19/Dec/2024 08:51:51] "POST /seller/add_book HTTP/1.1" 200 -
2024-12-19 08:51:52 - werkzeug - INFO - 127.0.0.1 - - [19/Dec/2024 08:51:52] "POST /seller/add_stock_level HTTP/1.1" 200 -
2024-12-19 08:51:52 - be.view.auth - INFO - 收到注册请求: {'user_id': 'test_add_book_stock_level1_user_6f86626e-bda3-11ef-adb5-02a6845b4b32', 'password': 'test_add_book_stock_level1_user_6f86626e-bda3-11ef-adb5-02a6845b4b32'}
2024-12-19 08:51:52 - be.model.user - INFO - 尝试注册新用户：test_add_book_stock_level1_user_6f86626e-bda3-11ef-adb5-02a6845b4b32
2024-12-19 08:51:52 - be.model.user - INFO - 加密密码...
2024-12-19 08:51:52 - be.model.user - INFO - 创建新用户...
2024-12-19 08:51:52 - be.model.user - INFO - 添加用户到数据库...
2024-12-19 08:51:52 - be.model.user - INFO - 用户注册成功：test_add_book_stock_level1_user_6f86626e-bda3-11ef-adb5-02a6845b4b32
2024-12-19 08:51:52 - be.view.auth - INFO - 注册处理结果: 200
2024-12-19 08:51:52 - werkzeug - INFO - 127.0.0.1 - - [19/Dec/2024 08:51:52] "POST /auth/register HTTP/1.1" 200 -
2024-12-19 08:51:52 - be.view.auth - INFO - 收到登录请求: {'user_id': 'test_add_book_stock_level1_user_6f86626e-bda3-11ef-adb5-02a6845b4b32', 'password': 'test_add_book_stock_level1_user_6f86626e-bda3-11ef-adb5-02a6845b4b32', 'terminal': 'my terminal'}
2024-12-19 08:51:52 - be.model.user - INFO - 尝试登录用户：test_add_book_stock_level1_user_6f86626e-bda3-11ef-adb5-02a6845b4b32，终端：my terminal
2024-12-19 08:51:52 - be.model.user - INFO - 为用户 test_add_book_stock_level1_user_6f86626e-bda3-11ef-adb5-02a6845b4b32 生成新token，终端：my terminal
2024-12-19 08:51:52 - be.model.user - INFO - 用户登录成功：test_add_book_stock_level1_user_6f86626e-bda3-11ef-adb5-02a6845b4b32
2024-12-19 08:51:52 - be.view.auth - INFO - 登录处理结果: 200
2024-12-19 08:51:52 - werkzeug - INFO - 127.0.0.1 - - [19/Dec/2024 08:51:52] "POST /auth/login HTTP/1.1" 200 -
2024-12-19 08:51:52 - werkzeug - INFO - 127.0.0.1 - - [19/Dec/2024 08:51:52] "POST /seller/create_store HTTP/1.1" 200 -
2024-12-19 08:51:53 - werkzeug - INFO - 127.0.0.1 - - [19/Dec/2024 08:51:53] "POST /seller/add_book HTTP/1.1" 200 -
2024-12-19 08:51:53 - werkzeug - INFO - 127.0.0.1 - - [19/Dec/2024 08:51:53] "POST /seller/add_book HTTP/1.1" 200 -
2024-12-19 08:51:53 - werkzeug - INFO - 127.0.0.1 - - [19/Dec/2024 08:51:53] "POST /seller/add_book HTTP/1.1" 200 -
2024-12-19 08:51:53 - werkzeug - INFO - 127.0.0.1 - - [19/Dec/2024 08:51:53] "POST /seller/add_book HTTP/1.1" 200 -
2024-12-19 08:51:53 - werkzeug - INFO - 127.0.0.1 - - [19/Dec/2024 08:51:53] "POST /seller/add_book HTTP/1.1" 200 -
2024-12-19 08:51:54 - werkzeug - INFO - 127.0.0.1 - - [19/Dec/2024 08:51:54] "POST /seller/add_stock_level HTTP/1.1" 200 -
2024-12-19 08:51:54 - be.view.auth - INFO - 收到注册请求: {'user_id': 'test_add_book_stock_level1_user_70c02f02-bda3-11ef-adb5-02a6845b4b32', 'password': 'test_add_book_stock_level1_user_70c02f02-bda3-11ef-adb5-02a6845b4b32'}
2024-12-19 08:51:54 - be.model.user - INFO - 尝试注册新用户：test_add_book_stock_level1_user_70c02f02-bda3-11ef-adb5-02a6845b4b32
2024-12-19 08:51:54 - be.model.user - INFO - 加密密码...
2024-12-19 08:51:54 - be.model.user - INFO - 创建新用户...
2024-12-19 08:51:54 - be.model.user - INFO - 添加用户到数据库...
2024-12-19 08:51:54 - be.model.user - INFO - 用户注册成功：test_add_book_stock_level1_user_70c02f02-bda3-11ef-adb5-02a6845b4b32
2024-12-19 08:51:54 - be.view.auth - INFO - 注册处理结果: 200
2024-12-19 08:51:54 - werkzeug - INFO - 127.0.0.1 - - [19/Dec/2024 08:51:54] "POST /auth/register HTTP/1.1" 200 -
2024-12-19 08:51:54 - be.view.auth - INFO - 收到登录请求: {'user_id': 'test_add_book_stock_level1_user_70c02f02-bda3-11ef-adb5-02a6845b4b32', 'password': 'test_add_book_stock_level1_user_70c02f02-bda3-11ef-adb5-02a6845b4b32', 'terminal': 'my terminal'}
2024-12-19 08:51:54 - be.model.user - INFO - 尝试登录用户：test_add_book_stock_level1_user_70c02f02-bda3-11ef-adb5-02a6845b4b32，终端：my terminal
2024-12-19 08:51:54 - be.model.user - INFO - 为用户 test_add_book_stock_level1_user_70c02f02-bda3-11ef-adb5-02a6845b4b32 生成新token，终端：my terminal
2024-12-19 08:51:54 - be.model.user - INFO - 用户登录成功：test_add_book_stock_level1_user_70c02f02-bda3-11ef-adb5-02a6845b4b32
2024-12-19 08:51:54 - be.view.auth - INFO - 登录处理结果: 200
2024-12-19 08:51:54 - werkzeug - INFO - 127.0.0.1 - - [19/Dec/2024 08:51:54] "POST /auth/login HTTP/1.1" 200 -
2024-12-19 08:51:54 - werkzeug - INFO - 127.0.0.1 - - [19/Dec/2024 08:51:54] "POST /seller/create_store HTTP/1.1" 200 -
2024-12-19 08:51:55 - werkzeug - INFO - 127.0.0.1 - - [19/Dec/2024 08:51:55] "POST /seller/add_book HTTP/1.1" 200 -
2024-12-19 08:51:55 - werkzeug - INFO - 127.0.0.1 - - [19/Dec/2024 08:51:55] "POST /seller/add_book HTTP/1.1" 200 -
2024-12-19 08:51:56 - werkzeug - INFO - 127.0.0.1 - - [19/Dec/2024 08:51:56] "POST /seller/add_book HTTP/1.1" 200 -
2024-12-19 08:51:56 - werkzeug - INFO - 127.0.0.1 - - [19/Dec/2024 08:51:56] "POST /seller/add_book HTTP/1.1" 200 -
2024-12-19 08:51:56 - werkzeug - INFO - 127.0.0.1 - - [19/Dec/2024 08:51:56] "POST /seller/add_book HTTP/1.1" 200 -
2024-12-19 08:51:56 - werkzeug - INFO - 127.0.0.1 - - [19/Dec/2024 08:51:56] "POST /seller/add_stock_level HTTP/1.1" 200 -
2024-12-19 08:51:56 - werkzeug - INFO - 127.0.0.1 - - [19/Dec/2024 08:51:56] "POST /seller/add_stock_level HTTP/1.1" 200 -
2024-12-19 08:51:56 - werkzeug - INFO - 127.0.0.1 - - [19/Dec/2024 08:51:56] "POST /seller/add_stock_level HTTP/1.1" 200 -
2024-12-19 08:51:56 - werkzeug - INFO - 127.0.0.1 - - [19/Dec/2024 08:51:56] "POST /seller/add_stock_level HTTP/1.1" 200 -
2024-12-19 08:51:56 - werkzeug - INFO - 127.0.0.1 - - [19/Dec/2024 08:51:56] "POST /seller/add_stock_level HTTP/1.1" 200 -
2024-12-19 08:51:56 - be.view.auth - INFO - 收到注册请求: {'user_id': 'test_new_order_buyer_id_72395b60-bda3-11ef-adb5-02a6845b4b32', 'password': 'test_new_order_seller_id_72395a5c-bda3-11ef-adb5-02a6845b4b32'}
2024-12-19 08:51:56 - be.model.user - INFO - 尝试注册新用户：test_new_order_buyer_id_72395b60-bda3-11ef-adb5-02a6845b4b32
2024-12-19 08:51:56 - be.model.user - INFO - 加密密码...
2024-12-19 08:51:56 - be.model.user - INFO - 创建新用户...
2024-12-19 08:51:56 - be.model.user - INFO - 添加用户到数据库...
2024-12-19 08:51:56 - be.model.user - INFO - 用户注册成功：test_new_order_buyer_id_72395b60-bda3-11ef-adb5-02a6845b4b32
2024-12-19 08:51:56 - be.view.auth - INFO - 注册处理结果: 200
2024-12-19 08:51:56 - werkzeug - INFO - 127.0.0.1 - - [19/Dec/2024 08:51:56] "POST /auth/register HTTP/1.1" 200 -
2024-12-19 08:51:56 - be.view.auth - INFO - 收到登录请求: {'user_id': 'test_new_order_buyer_id_72395b60-bda3-11ef-adb5-02a6845b4b32', 'password': 'test_new_order_seller_id_72395a5c-bda3-11ef-adb5-02a6845b4b32', 'terminal': 'my terminal'}
2024-12-19 08:51:56 - be.model.user - INFO - 尝试登录用户：test_new_order_buyer_id_72395b60-bda3-11ef-adb5-02a6845b4b32，终端：my terminal
2024-12-19 08:51:56 - be.model.user - INFO - 为用户 test_new_order_buyer_id_72395b60-bda3-11ef-adb5-02a6845b4b32 生成新token，终端：my terminal
2024-12-19 08:51:56 - be.model.user - INFO - 用户登录成功：test_new_order_buyer_id_72395b60-bda3-11ef-adb5-02a6845b4b32
2024-12-19 08:51:57 - be.view.auth - INFO - 登录处理结果: 200
2024-12-19 08:51:57 - werkzeug - INFO - 127.0.0.1 - - [19/Dec/2024 08:51:57] "POST /auth/login HTTP/1.1" 200 -
2024-12-19 08:51:57 - be.view.auth - INFO - 收到注册请求: {'user_id': 'test_new_order_seller_id_72395a5c-bda3-11ef-adb5-02a6845b4b32', 'password': 'test_new_order_seller_id_72395a5c-bda3-11ef-adb5-02a6845b4b32'}
2024-12-19 08:51:57 - be.model.user - INFO - 尝试注册新用户：test_new_order_seller_id_72395a5c-bda3-11ef-adb5-02a6845b4b32
2024-12-19 08:51:57 - be.model.user - INFO - 加密密码...
2024-12-19 08:51:57 - be.model.user - INFO - 创建新用户...
2024-12-19 08:51:57 - be.model.user - INFO - 添加用户到数据库...
2024-12-19 08:51:57 - be.model.user - INFO - 用户注册成功：test_new_order_seller_id_72395a5c-bda3-11ef-adb5-02a6845b4b32
2024-12-19 08:51:57 - be.view.auth - INFO - 注册处理结果: 200
2024-12-19 08:51:57 - werkzeug - INFO - 127.0.0.1 - - [19/Dec/2024 08:51:57] "POST /auth/register HTTP/1.1" 200 -
2024-12-19 08:51:57 - be.view.auth - INFO - 收到登录请求: {'user_id': 'test_new_order_seller_id_72395a5c-bda3-11ef-adb5-02a6845b4b32', 'password': 'test_new_order_seller_id_72395a5c-bda3-11ef-adb5-02a6845b4b32', 'terminal': 'my terminal'}
2024-12-19 08:51:57 - be.model.user - INFO - 尝试登录用户：test_new_order_seller_id_72395a5c-bda3-11ef-adb5-02a6845b4b32，终端：my terminal
2024-12-19 08:51:57 - be.model.user - INFO - 为用户 test_new_order_seller_id_72395a5c-bda3-11ef-adb5-02a6845b4b32 生成新token，终端：my terminal
2024-12-19 08:51:57 - be.model.user - INFO - 用户登录成功：test_new_order_seller_id_72395a5c-bda3-11ef-adb5-02a6845b4b32
2024-12-19 08:51:57 - be.view.auth - INFO - 登录处理结果: 200
2024-12-19 08:51:57 - werkzeug - INFO - 127.0.0.1 - - [19/Dec/2024 08:51:57] "POST /auth/login HTTP/1.1" 200 -
2024-12-19 08:51:57 - werkzeug - INFO - 127.0.0.1 - - [19/Dec/2024 08:51:57] "POST /seller/create_store HTTP/1.1" 200 -
2024-12-19 08:52:01 - werkzeug - INFO - 127.0.0.1 - - [19/Dec/2024 08:52:01] "POST /seller/add_book HTTP/1.1" 200 -
2024-12-19 08:52:01 - werkzeug - INFO - 127.0.0.1 - - [19/Dec/2024 08:52:01] "POST /seller/add_book HTTP/1.1" 200 -
2024-12-19 08:52:01 - werkzeug - INFO - 127.0.0.1 - - [19/Dec/2024 08:52:01] "POST /seller/add_book HTTP/1.1" 200 -
2024-12-19 08:52:01 - werkzeug - INFO - 127.0.0.1 - - [19/Dec/2024 08:52:01] "POST /seller/add_book HTTP/1.1" 200 -
2024-12-19 08:52:01 - werkzeug - INFO - 127.0.0.1 - - [19/Dec/2024 08:52:01] "POST /seller/add_book HTTP/1.1" 200 -
2024-12-19 08:52:01 - werkzeug - INFO - 127.0.0.1 - - [19/Dec/2024 08:52:01] "POST /seller/add_book HTTP/1.1" 200 -
2024-12-19 08:52:01 - werkzeug - INFO - 127.0.0.1 - - [19/Dec/2024 08:52:01] "POST /seller/add_book HTTP/1.1" 200 -
2024-12-19 08:52:01 - werkzeug - INFO - 127.0.0.1 - - [19/Dec/2024 08:52:01] "POST /seller/add_book HTTP/1.1" 200 -
2024-12-19 08:52:01 - werkzeug - INFO - 127.0.0.1 - - [19/Dec/2024 08:52:01] "POST /seller/add_book HTTP/1.1" 200 -
2024-12-19 08:52:01 - werkzeug - INFO - 127.0.0.1 - - [19/Dec/2024 08:52:01] "POST /seller/add_book HTTP/1.1" 200 -
2024-12-19 08:52:02 - werkzeug - INFO - 127.0.0.1 - - [19/Dec/2024 08:52:02] "POST /seller/add_book HTTP/1.1" 200 -
2024-12-19 08:52:02 - werkzeug - INFO - 127.0.0.1 - - [19/Dec/2024 08:52:02] "POST /seller/add_book HTTP/1.1" 200 -
2024-12-19 08:52:02 - werkzeug - INFO - 127.0.0.1 - - [19/Dec/2024 08:52:02] "POST /seller/add_book HTTP/1.1" 200 -
2024-12-19 08:52:02 - werkzeug - INFO - 127.0.0.1 - - [19/Dec/2024 08:52:02] "POST /seller/add_book HTTP/1.1" 200 -
2024-12-19 08:52:02 - werkzeug - INFO - 127.0.0.1 - - [19/Dec/2024 08:52:02] "POST /seller/add_book HTTP/1.1" 200 -
2024-12-19 08:52:02 - werkzeug - INFO - 127.0.0.1 - - [19/Dec/2024 08:52:02] "POST /seller/add_book HTTP/1.1" 200 -
2024-12-19 08:52:02 - werkzeug - INFO - 127.0.0.1 - - [19/Dec/2024 08:52:02] "POST /seller/add_book HTTP/1.1" 200 -
2024-12-19 08:52:02 - werkzeug - INFO - 127.0.0.1 - - [19/Dec/2024 08:52:02] "POST /seller/add_book HTTP/1.1" 200 -
2024-12-19 08:52:02 - werkzeug - INFO - 127.0.0.1 - - [19/Dec/2024 08:52:02] "POST /seller/add_book HTTP/1.1" 200 -
2024-12-19 08:52:02 - werkzeug - INFO - 127.0.0.1 - - [19/Dec/2024 08:52:02] "POST /seller/add_book HTTP/1.1" 200 -
2024-12-19 08:52:02 - werkzeug - INFO - 127.0.0.1 - - [19/Dec/2024 08:52:02] "POST /seller/add_book HTTP/1.1" 200 -
2024-12-19 08:52:02 - werkzeug - INFO - 127.0.0.1 - - [19/Dec/2024 08:52:02] "POST /seller/add_book HTTP/1.1" 200 -
2024-12-19 08:52:02 - werkzeug - INFO - 127.0.0.1 - - [19/Dec/2024 08:52:02] "POST /seller/add_book HTTP/1.1" 200 -
2024-12-19 08:52:03 - werkzeug - INFO - 127.0.0.1 - - [19/Dec/2024 08:52:03] "POST /seller/add_book HTTP/1.1" 200 -
2024-12-19 08:52:03 - werkzeug - INFO - 127.0.0.1 - - [19/Dec/2024 08:52:03] "POST /seller/add_book HTTP/1.1" 200 -
2024-12-19 08:52:03 - werkzeug - INFO - 127.0.0.1 - - [19/Dec/2024 08:52:03] "POST /seller/add_book HTTP/1.1" 200 -
2024-12-19 08:52:03 - werkzeug - INFO - 127.0.0.1 - - [19/Dec/2024 08:52:03] "POST /seller/add_book HTTP/1.1" 200 -
2024-12-19 08:52:03 - werkzeug - INFO - 127.0.0.1 - - [19/Dec/2024 08:52:03] "POST /seller/add_book HTTP/1.1" 200 -
2024-12-19 08:52:03 - werkzeug - INFO - 127.0.0.1 - - [19/Dec/2024 08:52:03] "POST /seller/add_book HTTP/1.1" 200 -
2024-12-19 08:52:03 - werkzeug - INFO - 127.0.0.1 - - [19/Dec/2024 08:52:03] "POST /seller/add_book HTTP/1.1" 200 -
2024-12-19 08:52:03 - werkzeug - INFO - 127.0.0.1 - - [19/Dec/2024 08:52:03] "POST /seller/add_book HTTP/1.1" 200 -
2024-12-19 08:52:03 - werkzeug - INFO - 127.0.0.1 - - [19/Dec/2024 08:52:03] "POST /seller/add_book HTTP/1.1" 200 -
2024-12-19 08:52:03 - werkzeug - INFO - 127.0.0.1 - - [19/Dec/2024 08:52:03] "POST /seller/add_book HTTP/1.1" 200 -
2024-12-19 08:52:03 - werkzeug - INFO - 127.0.0.1 - - [19/Dec/2024 08:52:03] "POST /seller/add_book HTTP/1.1" 200 -
2024-12-19 08:52:03 - werkzeug - INFO - 127.0.0.1 - - [19/Dec/2024 08:52:03] "POST /seller/add_book HTTP/1.1" 200 -
2024-12-19 08:52:03 - werkzeug - INFO - 127.0.0.1 - - [19/Dec/2024 08:52:03] "POST /seller/add_book HTTP/1.1" 200 -
2024-12-19 08:52:04 - werkzeug - INFO - 127.0.0.1 - - [19/Dec/2024 08:52:04] "POST /seller/add_book HTTP/1.1" 200 -
2024-12-19 08:52:04 - werkzeug - INFO - 127.0.0.1 - - [19/Dec/2024 08:52:04] "POST /seller/add_book HTTP/1.1" 200 -
2024-12-19 08:52:04 - werkzeug - INFO - 127.0.0.1 - - [19/Dec/2024 08:52:04] "POST /seller/add_book HTTP/1.1" 200 -
2024-12-19 08:52:04 - werkzeug - INFO - 127.0.0.1 - - [19/Dec/2024 08:52:04] "POST /seller/add_book HTTP/1.1" 200 -
2024-12-19 08:52:04 - werkzeug - INFO - 127.0.0.1 - - [19/Dec/2024 08:52:04] "POST /seller/add_book HTTP/1.1" 200 -
2024-12-19 08:52:04 - werkzeug - INFO - 127.0.0.1 - - [19/Dec/2024 08:52:04] "POST /seller/add_book HTTP/1.1" 200 -
2024-12-19 08:52:04 - werkzeug - INFO - 127.0.0.1 - - [19/Dec/2024 08:52:04] "POST /seller/add_book HTTP/1.1" 200 -
2024-12-19 08:52:04 - werkzeug - INFO - 127.0.0.1 - - [19/Dec/2024 08:52:04] "POST /seller/add_book HTTP/1.1" 200 -
2024-12-19 08:52:04 - werkzeug - INFO - 127.0.0.1 - - [19/Dec/2024 08:52:04] "POST /seller/add_book HTTP/1.1" 200 -
2024-12-19 08:52:04 - werkzeug - INFO - 127.0.0.1 - - [19/Dec/2024 08:52:04] "POST /seller/add_book HTTP/1.1" 200 -
2024-12-19 08:52:05 - werkzeug - INFO - 127.0.0.1 - - [19/Dec/2024 08:52:05] "POST /seller/add_book HTTP/1.1" 200 -
2024-12-19 08:52:05 - werkzeug - INFO - 127.0.0.1 - - [19/Dec/2024 08:52:05] "POST /seller/add_book HTTP/1.1" 200 -
2024-12-19 08:52:05 - werkzeug - INFO - 127.0.0.1 - - [19/Dec/2024 08:52:05] "POST /seller/add_book HTTP/1.1" 200 -
2024-12-19 08:52:05 - werkzeug - INFO - 127.0.0.1 - - [19/Dec/2024 08:52:05] "POST /seller/add_book HTTP/1.1" 200 -
2024-12-19 08:52:05 - werkzeug - INFO - 127.0.0.1 - - [19/Dec/2024 08:52:05] "POST /seller/add_book HTTP/1.1" 200 -
2024-12-19 08:52:05 - werkzeug - INFO - 127.0.0.1 - - [19/Dec/2024 08:52:05] "POST /seller/add_book HTTP/1.1" 200 -
2024-12-19 08:52:05 - werkzeug - INFO - 127.0.0.1 - - [19/Dec/2024 08:52:05] "POST /seller/add_book HTTP/1.1" 200 -
2024-12-19 08:52:05 - werkzeug - INFO - 127.0.0.1 - - [19/Dec/2024 08:52:05] "POST /seller/add_book HTTP/1.1" 200 -
2024-12-19 08:52:05 - werkzeug - INFO - 127.0.0.1 - - [19/Dec/2024 08:52:05] "POST /seller/add_book HTTP/1.1" 200 -
2024-12-19 08:52:05 - werkzeug - INFO - 127.0.0.1 - - [19/Dec/2024 08:52:05] "POST /seller/add_book HTTP/1.1" 200 -
2024-12-19 08:52:05 - werkzeug - INFO - 127.0.0.1 - - [19/Dec/2024 08:52:05] "POST /seller/add_book HTTP/1.1" 200 -
2024-12-19 08:52:05 - werkzeug - INFO - 127.0.0.1 - - [19/Dec/2024 08:52:05] "POST /seller/add_book HTTP/1.1" 200 -
2024-12-19 08:52:06 - werkzeug - INFO - 127.0.0.1 - - [19/Dec/2024 08:52:06] "POST /seller/add_book HTTP/1.1" 200 -
2024-12-19 08:52:06 - werkzeug - INFO - 127.0.0.1 - - [19/Dec/2024 08:52:06] "POST /seller/add_book HTTP/1.1" 200 -
2024-12-19 08:52:06 - werkzeug - INFO - 127.0.0.1 - - [19/Dec/2024 08:52:06] "POST /seller/add_book HTTP/1.1" 200 -
2024-12-19 08:52:06 - werkzeug - INFO - 127.0.0.1 - - [19/Dec/2024 08:52:06] "POST /seller/add_book HTTP/1.1" 200 -
2024-12-19 08:52:06 - werkzeug - INFO - 127.0.0.1 - - [19/Dec/2024 08:52:06] "POST /seller/add_book HTTP/1.1" 200 -
2024-12-19 08:52:06 - werkzeug - INFO - 127.0.0.1 - - [19/Dec/2024 08:52:06] "POST /seller/add_book HTTP/1.1" 200 -
2024-12-19 08:52:06 - werkzeug - INFO - 127.0.0.1 - - [19/Dec/2024 08:52:06] "POST /seller/add_book HTTP/1.1" 200 -
2024-12-19 08:52:06 - werkzeug - INFO - 127.0.0.1 - - [19/Dec/2024 08:52:06] "POST /seller/add_book HTTP/1.1" 200 -
2024-12-19 08:52:06 - werkzeug - INFO - 127.0.0.1 - - [19/Dec/2024 08:52:06] "POST /seller/add_book HTTP/1.1" 200 -
2024-12-19 08:52:06 - werkzeug - INFO - 127.0.0.1 - - [19/Dec/2024 08:52:06] "POST /seller/add_book HTTP/1.1" 200 -
2024-12-19 08:52:06 - werkzeug - INFO - 127.0.0.1 - - [19/Dec/2024 08:52:06] "POST /seller/add_book HTTP/1.1" 200 -
2024-12-19 08:52:06 - werkzeug - INFO - 127.0.0.1 - - [19/Dec/2024 08:52:06] "POST /seller/add_book HTTP/1.1" 200 -
2024-12-19 08:52:06 - werkzeug - INFO - 127.0.0.1 - - [19/Dec/2024 08:52:06] "POST /seller/add_book HTTP/1.1" 200 -
2024-12-19 08:52:07 - werkzeug - INFO - 127.0.0.1 - - [19/Dec/2024 08:52:07] "POST /seller/add_book HTTP/1.1" 200 -
2024-12-19 08:52:07 - werkzeug - INFO - 127.0.0.1 - - [19/Dec/2024 08:52:07] "POST /seller/add_book HTTP/1.1" 200 -
2024-12-19 08:52:07 - werkzeug - INFO - 127.0.0.1 - - [19/Dec/2024 08:52:07] "POST /seller/add_book HTTP/1.1" 200 -
2024-12-19 08:52:07 - werkzeug - INFO - 127.0.0.1 - - [19/Dec/2024 08:52:07] "POST /seller/add_book HTTP/1.1" 200 -
2024-12-19 08:52:07 - werkzeug - INFO - 127.0.0.1 - - [19/Dec/2024 08:52:07] "POST /seller/add_book HTTP/1.1" 200 -
2024-12-19 08:52:07 - werkzeug - INFO - 127.0.0.1 - - [19/Dec/2024 08:52:07] "POST /seller/add_book HTTP/1.1" 200 -
2024-12-19 08:52:07 - werkzeug - INFO - 127.0.0.1 - - [19/Dec/2024 08:52:07] "POST /seller/add_book HTTP/1.1" 200 -
2024-12-19 08:52:07 - werkzeug - INFO - 127.0.0.1 - - [19/Dec/2024 08:52:07] "POST /seller/add_book HTTP/1.1" 200 -
2024-12-19 08:52:07 - werkzeug - INFO - 127.0.0.1 - - [19/Dec/2024 08:52:07] "POST /seller/add_book HTTP/1.1" 200 -
2024-12-19 08:52:07 - werkzeug - INFO - 127.0.0.1 - - [19/Dec/2024 08:52:07] "POST /seller/add_book HTTP/1.1" 200 -
2024-12-19 08:52:07 - werkzeug - INFO - 127.0.0.1 - - [19/Dec/2024 08:52:07] "POST /seller/add_book HTTP/1.1" 200 -
2024-12-19 08:52:07 - werkzeug - INFO - 127.0.0.1 - - [19/Dec/2024 08:52:07] "POST /seller/add_book HTTP/1.1" 200 -
2024-12-19 08:52:07 - werkzeug - INFO - 127.0.0.1 - - [19/Dec/2024 08:52:07] "POST /seller/add_book HTTP/1.1" 200 -
2024-12-19 08:52:07 - werkzeug - INFO - 127.0.0.1 - - [19/Dec/2024 08:52:07] "POST /buyer/new_order HTTP/1.1" 200 -
2024-12-19 08:52:07 - be.view.auth - INFO - 收到注册请求: {'user_id': 'test_new_order_buyer_id_790a974c-bda3-11ef-adb5-02a6845b4b32', 'password': 'test_new_order_seller_id_790a965c-bda3-11ef-adb5-02a6845b4b32'}
2024-12-19 08:52:07 - be.model.user - INFO - 尝试注册新用户：test_new_order_buyer_id_790a974c-bda3-11ef-adb5-02a6845b4b32
2024-12-19 08:52:08 - be.model.user - INFO - 加密密码...
2024-12-19 08:52:08 - be.model.user - INFO - 创建新用户...
2024-12-19 08:52:08 - be.model.user - INFO - 添加用户到数据库...
2024-12-19 08:52:08 - be.model.user - INFO - 用户注册成功：test_new_order_buyer_id_790a974c-bda3-11ef-adb5-02a6845b4b32
2024-12-19 08:52:08 - be.view.auth - INFO - 注册处理结果: 200
2024-12-19 08:52:08 - werkzeug - INFO - 127.0.0.1 - - [19/Dec/2024 08:52:08] "POST /auth/register HTTP/1.1" 200 -
2024-12-19 08:52:08 - be.view.auth - INFO - 收到登录请求: {'user_id': 'test_new_order_buyer_id_790a974c-bda3-11ef-adb5-02a6845b4b32', 'password': 'test_new_order_seller_id_790a965c-bda3-11ef-adb5-02a6845b4b32', 'terminal': 'my terminal'}
2024-12-19 08:52:08 - be.model.user - INFO - 尝试登录用户：test_new_order_buyer_id_790a974c-bda3-11ef-adb5-02a6845b4b32，终端：my terminal
2024-12-19 08:52:08 - be.model.user - INFO - 为用户 test_new_order_buyer_id_790a974c-bda3-11ef-adb5-02a6845b4b32 生成新token，终端：my terminal
2024-12-19 08:52:08 - be.model.user - INFO - 用户登录成功：test_new_order_buyer_id_790a974c-bda3-11ef-adb5-02a6845b4b32
2024-12-19 08:52:08 - be.view.auth - INFO - 登录处理结果: 200
2024-12-19 08:52:08 - werkzeug - INFO - 127.0.0.1 - - [19/Dec/2024 08:52:08] "POST /auth/login HTTP/1.1" 200 -
2024-12-19 08:52:08 - be.view.auth - INFO - 收到注册请求: {'user_id': 'test_new_order_seller_id_790a965c-bda3-11ef-adb5-02a6845b4b32', 'password': 'test_new_order_seller_id_790a965c-bda3-11ef-adb5-02a6845b4b32'}
2024-12-19 08:52:08 - be.model.user - INFO - 尝试注册新用户：test_new_order_seller_id_790a965c-bda3-11ef-adb5-02a6845b4b32
2024-12-19 08:52:08 - be.model.user - INFO - 加密密码...
2024-12-19 08:52:08 - be.model.user - INFO - 创建新用户...
2024-12-19 08:52:08 - be.model.user - INFO - 添加用户到数据库...
2024-12-19 08:52:08 - be.model.user - INFO - 用户注册成功：test_new_order_seller_id_790a965c-bda3-11ef-adb5-02a6845b4b32
2024-12-19 08:52:08 - be.view.auth - INFO - 注册处理结果: 200
2024-12-19 08:52:08 - werkzeug - INFO - 127.0.0.1 - - [19/Dec/2024 08:52:08] "POST /auth/register HTTP/1.1" 200 -
2024-12-19 08:52:08 - be.view.auth - INFO - 收到登录请求: {'user_id': 'test_new_order_seller_id_790a965c-bda3-11ef-adb5-02a6845b4b32', 'password': 'test_new_order_seller_id_790a965c-bda3-11ef-adb5-02a6845b4b32', 'terminal': 'my terminal'}
2024-12-19 08:52:08 - be.model.user - INFO - 尝试登录用户：test_new_order_seller_id_790a965c-bda3-11ef-adb5-02a6845b4b32，终端：my terminal
2024-12-19 08:52:09 - be.model.user - INFO - 为用户 test_new_order_seller_id_790a965c-bda3-11ef-adb5-02a6845b4b32 生成新token，终端：my terminal
2024-12-19 08:52:09 - be.model.user - INFO - 用户登录成功：test_new_order_seller_id_790a965c-bda3-11ef-adb5-02a6845b4b32
2024-12-19 08:52:09 - be.view.auth - INFO - 登录处理结果: 200
2024-12-19 08:52:09 - werkzeug - INFO - 127.0.0.1 - - [19/Dec/2024 08:52:09] "POST /auth/login HTTP/1.1" 200 -
2024-12-19 08:52:09 - werkzeug - INFO - 127.0.0.1 - - [19/Dec/2024 08:52:09] "POST /seller/create_store HTTP/1.1" 200 -
2024-12-19 08:52:12 - werkzeug - INFO - 127.0.0.1 - - [19/Dec/2024 08:52:12] "POST /seller/add_book HTTP/1.1" 200 -
2024-12-19 08:52:12 - werkzeug - INFO - 127.0.0.1 - - [19/Dec/2024 08:52:12] "POST /seller/add_book HTTP/1.1" 200 -
2024-12-19 08:52:13 - werkzeug - INFO - 127.0.0.1 - - [19/Dec/2024 08:52:13] "POST /seller/add_book HTTP/1.1" 200 -
2024-12-19 08:52:13 - werkzeug - INFO - 127.0.0.1 - - [19/Dec/2024 08:52:13] "POST /seller/add_book HTTP/1.1" 200 -
2024-12-19 08:52:13 - werkzeug - INFO - 127.0.0.1 - - [19/Dec/2024 08:52:13] "POST /seller/add_book HTTP/1.1" 200 -
2024-12-19 08:52:13 - werkzeug - INFO - 127.0.0.1 - - [19/Dec/2024 08:52:13] "POST /seller/add_book HTTP/1.1" 200 -
2024-12-19 08:52:13 - werkzeug - INFO - 127.0.0.1 - - [19/Dec/2024 08:52:13] "POST /seller/add_book HTTP/1.1" 200 -
2024-12-19 08:52:13 - werkzeug - INFO - 127.0.0.1 - - [19/Dec/2024 08:52:13] "POST /seller/add_book HTTP/1.1" 200 -
2024-12-19 08:52:13 - werkzeug - INFO - 127.0.0.1 - - [19/Dec/2024 08:52:13] "POST /seller/add_book HTTP/1.1" 200 -
2024-12-19 08:52:13 - werkzeug - INFO - 127.0.0.1 - - [19/Dec/2024 08:52:13] "POST /seller/add_book HTTP/1.1" 200 -
2024-12-19 08:52:13 - werkzeug - INFO - 127.0.0.1 - - [19/Dec/2024 08:52:13] "POST /seller/add_book HTTP/1.1" 200 -
2024-12-19 08:52:13 - werkzeug - INFO - 127.0.0.1 - - [19/Dec/2024 08:52:13] "POST /seller/add_book HTTP/1.1" 200 -
2024-12-19 08:52:13 - werkzeug - INFO - 127.0.0.1 - - [19/Dec/2024 08:52:13] "POST /seller/add_book HTTP/1.1" 200 -
2024-12-19 08:52:13 - werkzeug - INFO - 127.0.0.1 - - [19/Dec/2024 08:52:13] "POST /seller/add_book HTTP/1.1" 200 -
2024-12-19 08:52:13 - werkzeug - INFO - 127.0.0.1 - - [19/Dec/2024 08:52:13] "POST /seller/add_book HTTP/1.1" 200 -
2024-12-19 08:52:13 - werkzeug - INFO - 127.0.0.1 - - [19/Dec/2024 08:52:13] "POST /seller/add_book HTTP/1.1" 200 -
2024-12-19 08:52:13 - werkzeug - INFO - 127.0.0.1 - - [19/Dec/2024 08:52:13] "POST /seller/add_book HTTP/1.1" 200 -
2024-12-19 08:52:14 - werkzeug - INFO - 127.0.0.1 - - [19/Dec/2024 08:52:14] "POST /seller/add_book HTTP/1.1" 200 -
2024-12-19 08:52:14 - werkzeug - INFO - 127.0.0.1 - - [19/Dec/2024 08:52:14] "POST /seller/add_book HTTP/1.1" 200 -
2024-12-19 08:52:14 - werkzeug - INFO - 127.0.0.1 - - [19/Dec/2024 08:52:14] "POST /seller/add_book HTTP/1.1" 200 -
2024-12-19 08:52:14 - werkzeug - INFO - 127.0.0.1 - - [19/Dec/2024 08:52:14] "POST /seller/add_book HTTP/1.1" 200 -
2024-12-19 08:52:14 - werkzeug - INFO - 127.0.0.1 - - [19/Dec/2024 08:52:14] "POST /seller/add_book HTTP/1.1" 200 -
2024-12-19 08:52:14 - werkzeug - INFO - 127.0.0.1 - - [19/Dec/2024 08:52:14] "POST /seller/add_book HTTP/1.1" 200 -
2024-12-19 08:52:14 - werkzeug - INFO - 127.0.0.1 - - [19/Dec/2024 08:52:14] "POST /seller/add_book HTTP/1.1" 200 -
2024-12-19 08:52:14 - werkzeug - INFO - 127.0.0.1 - - [19/Dec/2024 08:52:14] "POST /seller/add_book HTTP/1.1" 200 -
2024-12-19 08:52:14 - werkzeug - INFO - 127.0.0.1 - - [19/Dec/2024 08:52:14] "POST /seller/add_book HTTP/1.1" 200 -
2024-12-19 08:52:14 - werkzeug - INFO - 127.0.0.1 - - [19/Dec/2024 08:52:14] "POST /seller/add_book HTTP/1.1" 200 -
2024-12-19 08:52:14 - werkzeug - INFO - 127.0.0.1 - - [19/Dec/2024 08:52:14] "POST /seller/add_book HTTP/1.1" 200 -
2024-12-19 08:52:14 - werkzeug - INFO - 127.0.0.1 - - [19/Dec/2024 08:52:14] "POST /seller/add_book HTTP/1.1" 200 -
2024-12-19 08:52:14 - werkzeug - INFO - 127.0.0.1 - - [19/Dec/2024 08:52:14] "POST /seller/add_book HTTP/1.1" 200 -
2024-12-19 08:52:14 - werkzeug - INFO - 127.0.0.1 - - [19/Dec/2024 08:52:14] "POST /seller/add_book HTTP/1.1" 200 -
2024-12-19 08:52:14 - werkzeug - INFO - 127.0.0.1 - - [19/Dec/2024 08:52:14] "POST /seller/add_book HTTP/1.1" 200 -
2024-12-19 08:52:15 - werkzeug - INFO - 127.0.0.1 - - [19/Dec/2024 08:52:15] "POST /seller/add_book HTTP/1.1" 200 -
2024-12-19 08:52:15 - werkzeug - INFO - 127.0.0.1 - - [19/Dec/2024 08:52:15] "POST /seller/add_book HTTP/1.1" 200 -
2024-12-19 08:52:15 - werkzeug - INFO - 127.0.0.1 - - [19/Dec/2024 08:52:15] "POST /seller/add_book HTTP/1.1" 200 -
2024-12-19 08:52:15 - werkzeug - INFO - 127.0.0.1 - - [19/Dec/2024 08:52:15] "POST /seller/add_book HTTP/1.1" 200 -
2024-12-19 08:52:15 - werkzeug - INFO - 127.0.0.1 - - [19/Dec/2024 08:52:15] "POST /seller/add_book HTTP/1.1" 200 -
2024-12-19 08:52:15 - werkzeug - INFO - 127.0.0.1 - - [19/Dec/2024 08:52:15] "POST /seller/add_book HTTP/1.1" 200 -
2024-12-19 08:52:15 - werkzeug - INFO - 127.0.0.1 - - [19/Dec/2024 08:52:15] "POST /seller/add_book HTTP/1.1" 200 -
2024-12-19 08:52:15 - werkzeug - INFO - 127.0.0.1 - - [19/Dec/2024 08:52:15] "POST /seller/add_book HTTP/1.1" 200 -
2024-12-19 08:52:15 - werkzeug - INFO - 127.0.0.1 - - [19/Dec/2024 08:52:15] "POST /seller/add_book HTTP/1.1" 200 -
2024-12-19 08:52:15 - werkzeug - INFO - 127.0.0.1 - - [19/Dec/2024 08:52:15] "POST /seller/add_book HTTP/1.1" 200 -
2024-12-19 08:52:15 - werkzeug - INFO - 127.0.0.1 - - [19/Dec/2024 08:52:15] "POST /seller/add_book HTTP/1.1" 200 -
2024-12-19 08:52:15 - werkzeug - INFO - 127.0.0.1 - - [19/Dec/2024 08:52:15] "POST /seller/add_book HTTP/1.1" 200 -
2024-12-19 08:52:15 - werkzeug - INFO - 127.0.0.1 - - [19/Dec/2024 08:52:15] "POST /seller/add_book HTTP/1.1" 200 -
2024-12-19 08:52:15 - werkzeug - INFO - 127.0.0.1 - - [19/Dec/2024 08:52:15] "POST /seller/add_book HTTP/1.1" 200 -
2024-12-19 08:52:15 - werkzeug - INFO - 127.0.0.1 - - [19/Dec/2024 08:52:15] "POST /seller/add_book HTTP/1.1" 200 -
2024-12-19 08:52:16 - werkzeug - INFO - 127.0.0.1 - - [19/Dec/2024 08:52:16] "POST /seller/add_book HTTP/1.1" 200 -
2024-12-19 08:52:16 - werkzeug - INFO - 127.0.0.1 - - [19/Dec/2024 08:52:16] "POST /seller/add_book HTTP/1.1" 200 -
2024-12-19 08:52:16 - werkzeug - INFO - 127.0.0.1 - - [19/Dec/2024 08:52:16] "POST /seller/add_book HTTP/1.1" 200 -
2024-12-19 08:52:16 - werkzeug - INFO - 127.0.0.1 - - [19/Dec/2024 08:52:16] "POST /seller/add_book HTTP/1.1" 200 -
2024-12-19 08:52:16 - werkzeug - INFO - 127.0.0.1 - - [19/Dec/2024 08:52:16] "POST /seller/add_book HTTP/1.1" 200 -
2024-12-19 08:52:16 - werkzeug - INFO - 127.0.0.1 - - [19/Dec/2024 08:52:16] "POST /seller/add_book HTTP/1.1" 200 -
2024-12-19 08:52:16 - werkzeug - INFO - 127.0.0.1 - - [19/Dec/2024 08:52:16] "POST /seller/add_book HTTP/1.1" 200 -
2024-12-19 08:52:16 - werkzeug - INFO - 127.0.0.1 - - [19/Dec/2024 08:52:16] "POST /seller/add_book HTTP/1.1" 200 -
2024-12-19 08:52:16 - werkzeug - INFO - 127.0.0.1 - - [19/Dec/2024 08:52:16] "POST /seller/add_book HTTP/1.1" 200 -
2024-12-19 08:52:16 - werkzeug - INFO - 127.0.0.1 - - [19/Dec/2024 08:52:16] "POST /seller/add_book HTTP/1.1" 200 -
2024-12-19 08:52:16 - werkzeug - INFO - 127.0.0.1 - - [19/Dec/2024 08:52:16] "POST /seller/add_book HTTP/1.1" 200 -
2024-12-19 08:52:16 - werkzeug - INFO - 127.0.0.1 - - [19/Dec/2024 08:52:16] "POST /seller/add_book HTTP/1.1" 200 -
2024-12-19 08:52:16 - werkzeug - INFO - 127.0.0.1 - - [19/Dec/2024 08:52:16] "POST /seller/add_book HTTP/1.1" 200 -
2024-12-19 08:52:16 - werkzeug - INFO - 127.0.0.1 - - [19/Dec/2024 08:52:16] "POST /seller/add_book HTTP/1.1" 200 -
2024-12-19 08:52:16 - werkzeug - INFO - 127.0.0.1 - - [19/Dec/2024 08:52:16] "POST /seller/add_book HTTP/1.1" 200 -
2024-12-19 08:52:17 - werkzeug - INFO - 127.0.0.1 - - [19/Dec/2024 08:52:17] "POST /seller/add_book HTTP/1.1" 200 -
2024-12-19 08:52:17 - werkzeug - INFO - 127.0.0.1 - - [19/Dec/2024 08:52:17] "POST /seller/add_book HTTP/1.1" 200 -
2024-12-19 08:52:17 - werkzeug - INFO - 127.0.0.1 - - [19/Dec/2024 08:52:17] "POST /seller/add_book HTTP/1.1" 200 -
2024-12-19 08:52:17 - werkzeug - INFO - 127.0.0.1 - - [19/Dec/2024 08:52:17] "POST /seller/add_book HTTP/1.1" 200 -
2024-12-19 08:52:17 - werkzeug - INFO - 127.0.0.1 - - [19/Dec/2024 08:52:17] "POST /seller/add_book HTTP/1.1" 200 -
2024-12-19 08:52:17 - werkzeug - INFO - 127.0.0.1 - - [19/Dec/2024 08:52:17] "POST /seller/add_book HTTP/1.1" 200 -
2024-12-19 08:52:17 - werkzeug - INFO - 127.0.0.1 - - [19/Dec/2024 08:52:17] "POST /seller/add_book HTTP/1.1" 200 -
2024-12-19 08:52:17 - werkzeug - INFO - 127.0.0.1 - - [19/Dec/2024 08:52:17] "POST /seller/add_book HTTP/1.1" 200 -
2024-12-19 08:52:17 - werkzeug - INFO - 127.0.0.1 - - [19/Dec/2024 08:52:17] "POST /seller/add_book HTTP/1.1" 200 -
2024-12-19 08:52:17 - werkzeug - INFO - 127.0.0.1 - - [19/Dec/2024 08:52:17] "POST /seller/add_book HTTP/1.1" 200 -
2024-12-19 08:52:17 - werkzeug - INFO - 127.0.0.1 - - [19/Dec/2024 08:52:17] "POST /seller/add_book HTTP/1.1" 200 -
2024-12-19 08:52:17 - werkzeug - INFO - 127.0.0.1 - - [19/Dec/2024 08:52:17] "POST /seller/add_book HTTP/1.1" 200 -
2024-12-19 08:52:17 - werkzeug - INFO - 127.0.0.1 - - [19/Dec/2024 08:52:17] "POST /seller/add_book HTTP/1.1" 200 -
2024-12-19 08:52:17 - werkzeug - INFO - 127.0.0.1 - - [19/Dec/2024 08:52:17] "POST /seller/add_book HTTP/1.1" 200 -
2024-12-19 08:52:18 - werkzeug - INFO - 127.0.0.1 - - [19/Dec/2024 08:52:18] "POST /seller/add_book HTTP/1.1" 200 -
2024-12-19 08:52:18 - werkzeug - INFO - 127.0.0.1 - - [19/Dec/2024 08:52:18] "POST /seller/add_book HTTP/1.1" 200 -
2024-12-19 08:52:18 - werkzeug - INFO - 127.0.0.1 - - [19/Dec/2024 08:52:18] "POST /seller/add_book HTTP/1.1" 200 -
2024-12-19 08:52:18 - werkzeug - INFO - 127.0.0.1 - - [19/Dec/2024 08:52:18] "POST /seller/add_book HTTP/1.1" 200 -
2024-12-19 08:52:18 - werkzeug - INFO - 127.0.0.1 - - [19/Dec/2024 08:52:18] "POST /seller/add_book HTTP/1.1" 200 -
2024-12-19 08:52:18 - werkzeug - INFO - 127.0.0.1 - - [19/Dec/2024 08:52:18] "POST /seller/add_book HTTP/1.1" 200 -
2024-12-19 08:52:18 - werkzeug - INFO - 127.0.0.1 - - [19/Dec/2024 08:52:18] "POST /seller/add_book HTTP/1.1" 200 -
2024-12-19 08:52:18 - werkzeug - INFO - 127.0.0.1 - - [19/Dec/2024 08:52:18] "POST /seller/add_book HTTP/1.1" 200 -
2024-12-19 08:52:18 - werkzeug - INFO - 127.0.0.1 - - [19/Dec/2024 08:52:18] "POST /seller/add_book HTTP/1.1" 200 -
2024-12-19 08:52:18 - werkzeug - INFO - 127.0.0.1 - - [19/Dec/2024 08:52:18] "POST /buyer/new_order HTTP/1.1" 200 -
2024-12-19 08:52:18 - be.view.auth - INFO - 收到注册请求: {'user_id': 'test_new_order_buyer_id_7f6d4648-bda3-11ef-adb5-02a6845b4b32', 'password': 'test_new_order_seller_id_7f6d459e-bda3-11ef-adb5-02a6845b4b32'}
2024-12-19 08:52:18 - be.model.user - INFO - 尝试注册新用户：test_new_order_buyer_id_7f6d4648-bda3-11ef-adb5-02a6845b4b32
2024-12-19 08:52:18 - be.model.user - INFO - 加密密码...
2024-12-19 08:52:18 - be.model.user - INFO - 创建新用户...
2024-12-19 08:52:18 - be.model.user - INFO - 添加用户到数据库...
2024-12-19 08:52:19 - be.model.user - INFO - 用户注册成功：test_new_order_buyer_id_7f6d4648-bda3-11ef-adb5-02a6845b4b32
2024-12-19 08:52:19 - be.view.auth - INFO - 注册处理结果: 200
2024-12-19 08:52:19 - werkzeug - INFO - 127.0.0.1 - - [19/Dec/2024 08:52:19] "POST /auth/register HTTP/1.1" 200 -
2024-12-19 08:52:19 - be.view.auth - INFO - 收到登录请求: {'user_id': 'test_new_order_buyer_id_7f6d4648-bda3-11ef-adb5-02a6845b4b32', 'password': 'test_new_order_seller_id_7f6d459e-bda3-11ef-adb5-02a6845b4b32', 'terminal': 'my terminal'}
2024-12-19 08:52:19 - be.model.user - INFO - 尝试登录用户：test_new_order_buyer_id_7f6d4648-bda3-11ef-adb5-02a6845b4b32，终端：my terminal
2024-12-19 08:52:19 - be.model.user - INFO - 为用户 test_new_order_buyer_id_7f6d4648-bda3-11ef-adb5-02a6845b4b32 生成新token，终端：my terminal
2024-12-19 08:52:19 - be.model.user - INFO - 用户登录成功：test_new_order_buyer_id_7f6d4648-bda3-11ef-adb5-02a6845b4b32
2024-12-19 08:52:19 - be.view.auth - INFO - 登录处理结果: 200
2024-12-19 08:52:19 - werkzeug - INFO - 127.0.0.1 - - [19/Dec/2024 08:52:19] "POST /auth/login HTTP/1.1" 200 -
2024-12-19 08:52:19 - be.view.auth - INFO - 收到注册请求: {'user_id': 'test_new_order_seller_id_7f6d459e-bda3-11ef-adb5-02a6845b4b32', 'password': 'test_new_order_seller_id_7f6d459e-bda3-11ef-adb5-02a6845b4b32'}
2024-12-19 08:52:19 - be.model.user - INFO - 尝试注册新用户：test_new_order_seller_id_7f6d459e-bda3-11ef-adb5-02a6845b4b32
2024-12-19 08:52:19 - be.model.user - INFO - 加密密码...
2024-12-19 08:52:19 - be.model.user - INFO - 创建新用户...
2024-12-19 08:52:19 - be.model.user - INFO - 添加用户到数据库...
2024-12-19 08:52:19 - be.model.user - INFO - 用户注册成功：test_new_order_seller_id_7f6d459e-bda3-11ef-adb5-02a6845b4b32
2024-12-19 08:52:19 - be.view.auth - INFO - 注册处理结果: 200
2024-12-19 08:52:19 - werkzeug - INFO - 127.0.0.1 - - [19/Dec/2024 08:52:19] "POST /auth/register HTTP/1.1" 200 -
2024-12-19 08:52:19 - be.view.auth - INFO - 收到登录请求: {'user_id': 'test_new_order_seller_id_7f6d459e-bda3-11ef-adb5-02a6845b4b32', 'password': 'test_new_order_seller_id_7f6d459e-bda3-11ef-adb5-02a6845b4b32', 'terminal': 'my terminal'}
2024-12-19 08:52:19 - be.model.user - INFO - 尝试登录用户：test_new_order_seller_id_7f6d459e-bda3-11ef-adb5-02a6845b4b32，终端：my terminal
2024-12-19 08:52:19 - be.model.user - INFO - 为用户 test_new_order_seller_id_7f6d459e-bda3-11ef-adb5-02a6845b4b32 生成新token，终端：my terminal
2024-12-19 08:52:19 - be.model.user - INFO - 用户登录成功：test_new_order_seller_id_7f6d459e-bda3-11ef-adb5-02a6845b4b32
2024-12-19 08:52:19 - be.view.auth - INFO - 登录处理结果: 200
2024-12-19 08:52:19 - werkzeug - INFO - 127.0.0.1 - - [19/Dec/2024 08:52:19] "POST /auth/login HTTP/1.1" 200 -
2024-12-19 08:52:19 - werkzeug - INFO - 127.0.0.1 - - [19/Dec/2024 08:52:19] "POST /seller/create_store HTTP/1.1" 200 -
2024-12-19 08:52:22 - werkzeug - INFO - 127.0.0.1 - - [19/Dec/2024 08:52:22] "POST /seller/add_book HTTP/1.1" 200 -
2024-12-19 08:52:22 - werkzeug - INFO - 127.0.0.1 - - [19/Dec/2024 08:52:22] "POST /seller/add_book HTTP/1.1" 200 -
2024-12-19 08:52:22 - werkzeug - INFO - 127.0.0.1 - - [19/Dec/2024 08:52:22] "POST /seller/add_book HTTP/1.1" 200 -
2024-12-19 08:52:22 - werkzeug - INFO - 127.0.0.1 - - [19/Dec/2024 08:52:22] "POST /seller/add_book HTTP/1.1" 200 -
2024-12-19 08:52:22 - werkzeug - INFO - 127.0.0.1 - - [19/Dec/2024 08:52:22] "POST /seller/add_book HTTP/1.1" 200 -
2024-12-19 08:52:22 - werkzeug - INFO - 127.0.0.1 - - [19/Dec/2024 08:52:22] "POST /seller/add_book HTTP/1.1" 200 -
2024-12-19 08:52:22 - werkzeug - INFO - 127.0.0.1 - - [19/Dec/2024 08:52:22] "POST /seller/add_book HTTP/1.1" 200 -
2024-12-19 08:52:23 - werkzeug - INFO - 127.0.0.1 - - [19/Dec/2024 08:52:23] "POST /seller/add_book HTTP/1.1" 200 -
2024-12-19 08:52:23 - werkzeug - INFO - 127.0.0.1 - - [19/Dec/2024 08:52:23] "POST /seller/add_book HTTP/1.1" 200 -
2024-12-19 08:52:23 - werkzeug - INFO - 127.0.0.1 - - [19/Dec/2024 08:52:23] "POST /seller/add_book HTTP/1.1" 200 -
2024-12-19 08:52:23 - werkzeug - INFO - 127.0.0.1 - - [19/Dec/2024 08:52:23] "POST /seller/add_book HTTP/1.1" 200 -
2024-12-19 08:52:23 - werkzeug - INFO - 127.0.0.1 - - [19/Dec/2024 08:52:23] "POST /seller/add_book HTTP/1.1" 200 -
2024-12-19 08:52:23 - werkzeug - INFO - 127.0.0.1 - - [19/Dec/2024 08:52:23] "POST /seller/add_book HTTP/1.1" 200 -
2024-12-19 08:52:23 - werkzeug - INFO - 127.0.0.1 - - [19/Dec/2024 08:52:23] "POST /seller/add_book HTTP/1.1" 200 -
2024-12-19 08:52:23 - werkzeug - INFO - 127.0.0.1 - - [19/Dec/2024 08:52:23] "POST /seller/add_book HTTP/1.1" 200 -
2024-12-19 08:52:23 - werkzeug - INFO - 127.0.0.1 - - [19/Dec/2024 08:52:23] "POST /seller/add_book HTTP/1.1" 200 -
2024-12-19 08:52:23 - werkzeug - INFO - 127.0.0.1 - - [19/Dec/2024 08:52:23] "POST /seller/add_book HTTP/1.1" 200 -
2024-12-19 08:52:23 - werkzeug - INFO - 127.0.0.1 - - [19/Dec/2024 08:52:23] "POST /seller/add_book HTTP/1.1" 200 -
2024-12-19 08:52:23 - werkzeug - INFO - 127.0.0.1 - - [19/Dec/2024 08:52:23] "POST /seller/add_book HTTP/1.1" 200 -
2024-12-19 08:52:23 - werkzeug - INFO - 127.0.0.1 - - [19/Dec/2024 08:52:23] "POST /seller/add_book HTTP/1.1" 200 -
2024-12-19 08:52:23 - werkzeug - INFO - 127.0.0.1 - - [19/Dec/2024 08:52:23] "POST /seller/add_book HTTP/1.1" 200 -
2024-12-19 08:52:24 - werkzeug - INFO - 127.0.0.1 - - [19/Dec/2024 08:52:24] "POST /seller/add_book HTTP/1.1" 200 -
2024-12-19 08:52:24 - werkzeug - INFO - 127.0.0.1 - - [19/Dec/2024 08:52:24] "POST /seller/add_book HTTP/1.1" 200 -
2024-12-19 08:52:24 - werkzeug - INFO - 127.0.0.1 - - [19/Dec/2024 08:52:24] "POST /seller/add_book HTTP/1.1" 200 -
2024-12-19 08:52:24 - werkzeug - INFO - 127.0.0.1 - - [19/Dec/2024 08:52:24] "POST /seller/add_book HTTP/1.1" 200 -
2024-12-19 08:52:24 - werkzeug - INFO - 127.0.0.1 - - [19/Dec/2024 08:52:24] "POST /seller/add_book HTTP/1.1" 200 -
2024-12-19 08:52:24 - werkzeug - INFO - 127.0.0.1 - - [19/Dec/2024 08:52:24] "POST /seller/add_book HTTP/1.1" 200 -
2024-12-19 08:52:24 - werkzeug - INFO - 127.0.0.1 - - [19/Dec/2024 08:52:24] "POST /seller/add_book HTTP/1.1" 200 -
2024-12-19 08:52:24 - werkzeug - INFO - 127.0.0.1 - - [19/Dec/2024 08:52:24] "POST /seller/add_book HTTP/1.1" 200 -
2024-12-19 08:52:24 - werkzeug - INFO - 127.0.0.1 - - [19/Dec/2024 08:52:24] "POST /seller/add_book HTTP/1.1" 200 -
2024-12-19 08:52:24 - werkzeug - INFO - 127.0.0.1 - - [19/Dec/2024 08:52:24] "POST /seller/add_book HTTP/1.1" 200 -
2024-12-19 08:52:24 - werkzeug - INFO - 127.0.0.1 - - [19/Dec/2024 08:52:24] "POST /seller/add_book HTTP/1.1" 200 -
2024-12-19 08:52:24 - werkzeug - INFO - 127.0.0.1 - - [19/Dec/2024 08:52:24] "POST /seller/add_book HTTP/1.1" 200 -
2024-12-19 08:52:24 - werkzeug - INFO - 127.0.0.1 - - [19/Dec/2024 08:52:24] "POST /seller/add_book HTTP/1.1" 200 -
2024-12-19 08:52:24 - werkzeug - INFO - 127.0.0.1 - - [19/Dec/2024 08:52:24] "POST /seller/add_book HTTP/1.1" 200 -
2024-12-19 08:52:24 - werkzeug - INFO - 127.0.0.1 - - [19/Dec/2024 08:52:24] "POST /seller/add_book HTTP/1.1" 200 -
2024-12-19 08:52:25 - werkzeug - INFO - 127.0.0.1 - - [19/Dec/2024 08:52:25] "POST /seller/add_book HTTP/1.1" 200 -
2024-12-19 08:52:25 - werkzeug - INFO - 127.0.0.1 - - [19/Dec/2024 08:52:25] "POST /seller/add_book HTTP/1.1" 200 -
2024-12-19 08:52:25 - werkzeug - INFO - 127.0.0.1 - - [19/Dec/2024 08:52:25] "POST /seller/add_book HTTP/1.1" 200 -
2024-12-19 08:52:25 - werkzeug - INFO - 127.0.0.1 - - [19/Dec/2024 08:52:25] "POST /seller/add_book HTTP/1.1" 200 -
2024-12-19 08:52:25 - werkzeug - INFO - 127.0.0.1 - - [19/Dec/2024 08:52:25] "POST /seller/add_book HTTP/1.1" 200 -
2024-12-19 08:52:25 - werkzeug - INFO - 127.0.0.1 - - [19/Dec/2024 08:52:25] "POST /seller/add_book HTTP/1.1" 200 -
2024-12-19 08:52:25 - werkzeug - INFO - 127.0.0.1 - - [19/Dec/2024 08:52:25] "POST /seller/add_book HTTP/1.1" 200 -
2024-12-19 08:52:25 - werkzeug - INFO - 127.0.0.1 - - [19/Dec/2024 08:52:25] "POST /seller/add_book HTTP/1.1" 200 -
2024-12-19 08:52:25 - werkzeug - INFO - 127.0.0.1 - - [19/Dec/2024 08:52:25] "POST /seller/add_book HTTP/1.1" 200 -
2024-12-19 08:52:25 - werkzeug - INFO - 127.0.0.1 - - [19/Dec/2024 08:52:25] "POST /seller/add_book HTTP/1.1" 200 -
2024-12-19 08:52:25 - werkzeug - INFO - 127.0.0.1 - - [19/Dec/2024 08:52:25] "POST /seller/add_book HTTP/1.1" 200 -
2024-12-19 08:52:25 - werkzeug - INFO - 127.0.0.1 - - [19/Dec/2024 08:52:25] "POST /buyer/new_order HTTP/1.1" 200 -
2024-12-19 08:52:25 - be.view.auth - INFO - 收到注册请求: {'user_id': 'test_new_order_buyer_id_83a84c26-bda3-11ef-adb5-02a6845b4b32', 'password': 'test_new_order_seller_id_83a84a1e-bda3-11ef-adb5-02a6845b4b32'}
2024-12-19 08:52:25 - be.model.user - INFO - 尝试注册新用户：test_new_order_buyer_id_83a84c26-bda3-11ef-adb5-02a6845b4b32
2024-12-19 08:52:25 - be.model.user - INFO - 加密密码...
2024-12-19 08:52:25 - be.model.user - INFO - 创建新用户...
2024-12-19 08:52:25 - be.model.user - INFO - 添加用户到数据库...
2024-12-19 08:52:26 - be.model.user - INFO - 用户注册成功：test_new_order_buyer_id_83a84c26-bda3-11ef-adb5-02a6845b4b32
2024-12-19 08:52:26 - be.view.auth - INFO - 注册处理结果: 200
2024-12-19 08:52:26 - werkzeug - INFO - 127.0.0.1 - - [19/Dec/2024 08:52:26] "POST /auth/register HTTP/1.1" 200 -
2024-12-19 08:52:26 - be.view.auth - INFO - 收到登录请求: {'user_id': 'test_new_order_buyer_id_83a84c26-bda3-11ef-adb5-02a6845b4b32', 'password': 'test_new_order_seller_id_83a84a1e-bda3-11ef-adb5-02a6845b4b32', 'terminal': 'my terminal'}
2024-12-19 08:52:26 - be.model.user - INFO - 尝试登录用户：test_new_order_buyer_id_83a84c26-bda3-11ef-adb5-02a6845b4b32，终端：my terminal
2024-12-19 08:52:26 - be.model.user - INFO - 为用户 test_new_order_buyer_id_83a84c26-bda3-11ef-adb5-02a6845b4b32 生成新token，终端：my terminal
2024-12-19 08:52:26 - be.model.user - INFO - 用户登录成功：test_new_order_buyer_id_83a84c26-bda3-11ef-adb5-02a6845b4b32
2024-12-19 08:52:26 - be.view.auth - INFO - 登录处理结果: 200
2024-12-19 08:52:26 - werkzeug - INFO - 127.0.0.1 - - [19/Dec/2024 08:52:26] "POST /auth/login HTTP/1.1" 200 -
2024-12-19 08:52:26 - be.view.auth - INFO - 收到注册请求: {'user_id': 'test_new_order_seller_id_83a84a1e-bda3-11ef-adb5-02a6845b4b32', 'password': 'test_new_order_seller_id_83a84a1e-bda3-11ef-adb5-02a6845b4b32'}
2024-12-19 08:52:26 - be.model.user - INFO - 尝试注册新用户：test_new_order_seller_id_83a84a1e-bda3-11ef-adb5-02a6845b4b32
2024-12-19 08:52:26 - be.model.user - INFO - 加密密码...
2024-12-19 08:52:26 - be.model.user - INFO - 创建新用户...
2024-12-19 08:52:26 - be.model.user - INFO - 添加用户到数据库...
2024-12-19 08:52:26 - be.model.user - INFO - 用户注册成功：test_new_order_seller_id_83a84a1e-bda3-11ef-adb5-02a6845b4b32
2024-12-19 08:52:26 - be.view.auth - INFO - 注册处理结果: 200
2024-12-19 08:52:26 - werkzeug - INFO - 127.0.0.1 - - [19/Dec/2024 08:52:26] "POST /auth/register HTTP/1.1" 200 -
2024-12-19 08:52:26 - be.view.auth - INFO - 收到登录请求: {'user_id': 'test_new_order_seller_id_83a84a1e-bda3-11ef-adb5-02a6845b4b32', 'password': 'test_new_order_seller_id_83a84a1e-bda3-11ef-adb5-02a6845b4b32', 'terminal': 'my terminal'}
2024-12-19 08:52:26 - be.model.user - INFO - 尝试登录用户：test_new_order_seller_id_83a84a1e-bda3-11ef-adb5-02a6845b4b32，终端：my terminal
2024-12-19 08:52:26 - be.model.user - INFO - 为用户 test_new_order_seller_id_83a84a1e-bda3-11ef-adb5-02a6845b4b32 生成新token，终端：my terminal
2024-12-19 08:52:26 - be.model.user - INFO - 用户登录成功：test_new_order_seller_id_83a84a1e-bda3-11ef-adb5-02a6845b4b32
2024-12-19 08:52:26 - be.view.auth - INFO - 登录处理结果: 200
2024-12-19 08:52:26 - werkzeug - INFO - 127.0.0.1 - - [19/Dec/2024 08:52:26] "POST /auth/login HTTP/1.1" 200 -
2024-12-19 08:52:27 - werkzeug - INFO - 127.0.0.1 - - [19/Dec/2024 08:52:27] "POST /seller/create_store HTTP/1.1" 200 -
2024-12-19 08:52:30 - werkzeug - INFO - 127.0.0.1 - - [19/Dec/2024 08:52:30] "POST /seller/add_book HTTP/1.1" 200 -
2024-12-19 08:52:30 - werkzeug - INFO - 127.0.0.1 - - [19/Dec/2024 08:52:30] "POST /seller/add_book HTTP/1.1" 200 -
2024-12-19 08:52:30 - werkzeug - INFO - 127.0.0.1 - - [19/Dec/2024 08:52:30] "POST /seller/add_book HTTP/1.1" 200 -
2024-12-19 08:52:30 - werkzeug - INFO - 127.0.0.1 - - [19/Dec/2024 08:52:30] "POST /seller/add_book HTTP/1.1" 200 -
2024-12-19 08:52:30 - werkzeug - INFO - 127.0.0.1 - - [19/Dec/2024 08:52:30] "POST /seller/add_book HTTP/1.1" 200 -
2024-12-19 08:52:30 - werkzeug - INFO - 127.0.0.1 - - [19/Dec/2024 08:52:30] "POST /seller/add_book HTTP/1.1" 200 -
2024-12-19 08:52:31 - werkzeug - INFO - 127.0.0.1 - - [19/Dec/2024 08:52:31] "POST /seller/add_book HTTP/1.1" 200 -
2024-12-19 08:52:31 - werkzeug - INFO - 127.0.0.1 - - [19/Dec/2024 08:52:31] "POST /seller/add_book HTTP/1.1" 200 -
2024-12-19 08:52:31 - werkzeug - INFO - 127.0.0.1 - - [19/Dec/2024 08:52:31] "POST /seller/add_book HTTP/1.1" 200 -
2024-12-19 08:52:31 - werkzeug - INFO - 127.0.0.1 - - [19/Dec/2024 08:52:31] "POST /seller/add_book HTTP/1.1" 200 -
2024-12-19 08:52:31 - werkzeug - INFO - 127.0.0.1 - - [19/Dec/2024 08:52:31] "POST /seller/add_book HTTP/1.1" 200 -
2024-12-19 08:52:31 - werkzeug - INFO - 127.0.0.1 - - [19/Dec/2024 08:52:31] "POST /seller/add_book HTTP/1.1" 200 -
2024-12-19 08:52:31 - werkzeug - INFO - 127.0.0.1 - - [19/Dec/2024 08:52:31] "POST /seller/add_book HTTP/1.1" 200 -
2024-12-19 08:52:31 - werkzeug - INFO - 127.0.0.1 - - [19/Dec/2024 08:52:31] "POST /seller/add_book HTTP/1.1" 200 -
2024-12-19 08:52:31 - werkzeug - INFO - 127.0.0.1 - - [19/Dec/2024 08:52:31] "POST /seller/add_book HTTP/1.1" 200 -
2024-12-19 08:52:31 - werkzeug - INFO - 127.0.0.1 - - [19/Dec/2024 08:52:31] "POST /seller/add_book HTTP/1.1" 200 -
2024-12-19 08:52:31 - werkzeug - INFO - 127.0.0.1 - - [19/Dec/2024 08:52:31] "POST /seller/add_book HTTP/1.1" 200 -
2024-12-19 08:52:31 - werkzeug - INFO - 127.0.0.1 - - [19/Dec/2024 08:52:31] "POST /seller/add_book HTTP/1.1" 200 -
2024-12-19 08:52:31 - werkzeug - INFO - 127.0.0.1 - - [19/Dec/2024 08:52:31] "POST /seller/add_book HTTP/1.1" 200 -
2024-12-19 08:52:31 - werkzeug - INFO - 127.0.0.1 - - [19/Dec/2024 08:52:31] "POST /seller/add_book HTTP/1.1" 200 -
2024-12-19 08:52:32 - werkzeug - INFO - 127.0.0.1 - - [19/Dec/2024 08:52:32] "POST /seller/add_book HTTP/1.1" 200 -
2024-12-19 08:52:32 - werkzeug - INFO - 127.0.0.1 - - [19/Dec/2024 08:52:32] "POST /seller/add_book HTTP/1.1" 200 -
2024-12-19 08:52:32 - werkzeug - INFO - 127.0.0.1 - - [19/Dec/2024 08:52:32] "POST /seller/add_book HTTP/1.1" 200 -
2024-12-19 08:52:32 - werkzeug - INFO - 127.0.0.1 - - [19/Dec/2024 08:52:32] "POST /seller/add_book HTTP/1.1" 200 -
2024-12-19 08:52:32 - werkzeug - INFO - 127.0.0.1 - - [19/Dec/2024 08:52:32] "POST /seller/add_book HTTP/1.1" 200 -
2024-12-19 08:52:32 - werkzeug - INFO - 127.0.0.1 - - [19/Dec/2024 08:52:32] "POST /seller/add_book HTTP/1.1" 200 -
2024-12-19 08:52:32 - werkzeug - INFO - 127.0.0.1 - - [19/Dec/2024 08:52:32] "POST /seller/add_book HTTP/1.1" 200 -
2024-12-19 08:52:32 - werkzeug - INFO - 127.0.0.1 - - [19/Dec/2024 08:52:32] "POST /seller/add_book HTTP/1.1" 200 -
2024-12-19 08:52:32 - werkzeug - INFO - 127.0.0.1 - - [19/Dec/2024 08:52:32] "POST /seller/add_book HTTP/1.1" 200 -
2024-12-19 08:52:32 - werkzeug - INFO - 127.0.0.1 - - [19/Dec/2024 08:52:32] "POST /seller/add_book HTTP/1.1" 200 -
2024-12-19 08:52:32 - werkzeug - INFO - 127.0.0.1 - - [19/Dec/2024 08:52:32] "POST /seller/add_book HTTP/1.1" 200 -
2024-12-19 08:52:32 - werkzeug - INFO - 127.0.0.1 - - [19/Dec/2024 08:52:32] "POST /seller/add_book HTTP/1.1" 200 -
2024-12-19 08:52:32 - werkzeug - INFO - 127.0.0.1 - - [19/Dec/2024 08:52:32] "POST /seller/add_book HTTP/1.1" 200 -
2024-12-19 08:52:33 - werkzeug - INFO - 127.0.0.1 - - [19/Dec/2024 08:52:33] "POST /seller/add_book HTTP/1.1" 200 -
2024-12-19 08:52:33 - werkzeug - INFO - 127.0.0.1 - - [19/Dec/2024 08:52:33] "POST /seller/add_book HTTP/1.1" 200 -
2024-12-19 08:52:33 - werkzeug - INFO - 127.0.0.1 - - [19/Dec/2024 08:52:33] "POST /seller/add_book HTTP/1.1" 200 -
2024-12-19 08:52:33 - werkzeug - INFO - 127.0.0.1 - - [19/Dec/2024 08:52:33] "POST /seller/add_book HTTP/1.1" 200 -
2024-12-19 08:52:33 - werkzeug - INFO - 127.0.0.1 - - [19/Dec/2024 08:52:33] "POST /seller/add_book HTTP/1.1" 200 -
2024-12-19 08:52:33 - werkzeug - INFO - 127.0.0.1 - - [19/Dec/2024 08:52:33] "POST /seller/add_book HTTP/1.1" 200 -
2024-12-19 08:52:33 - werkzeug - INFO - 127.0.0.1 - - [19/Dec/2024 08:52:33] "POST /seller/add_book HTTP/1.1" 200 -
2024-12-19 08:52:33 - werkzeug - INFO - 127.0.0.1 - - [19/Dec/2024 08:52:33] "POST /seller/add_book HTTP/1.1" 200 -
2024-12-19 08:52:33 - werkzeug - INFO - 127.0.0.1 - - [19/Dec/2024 08:52:33] "POST /seller/add_book HTTP/1.1" 200 -
2024-12-19 08:52:33 - werkzeug - INFO - 127.0.0.1 - - [19/Dec/2024 08:52:33] "POST /seller/add_book HTTP/1.1" 200 -
2024-12-19 08:52:33 - werkzeug - INFO - 127.0.0.1 - - [19/Dec/2024 08:52:33] "POST /seller/add_book HTTP/1.1" 200 -
2024-12-19 08:52:33 - werkzeug - INFO - 127.0.0.1 - - [19/Dec/2024 08:52:33] "POST /seller/add_book HTTP/1.1" 200 -
2024-12-19 08:52:33 - werkzeug - INFO - 127.0.0.1 - - [19/Dec/2024 08:52:33] "POST /seller/add_book HTTP/1.1" 200 -
2024-12-19 08:52:33 - werkzeug - INFO - 127.0.0.1 - - [19/Dec/2024 08:52:33] "POST /seller/add_book HTTP/1.1" 200 -
2024-12-19 08:52:34 - werkzeug - INFO - 127.0.0.1 - - [19/Dec/2024 08:52:34] "POST /seller/add_book HTTP/1.1" 200 -
2024-12-19 08:52:34 - werkzeug - INFO - 127.0.0.1 - - [19/Dec/2024 08:52:34] "POST /seller/add_book HTTP/1.1" 200 -
2024-12-19 08:52:34 - werkzeug - INFO - 127.0.0.1 - - [19/Dec/2024 08:52:34] "POST /seller/add_book HTTP/1.1" 200 -
2024-12-19 08:52:34 - werkzeug - INFO - 127.0.0.1 - - [19/Dec/2024 08:52:34] "POST /seller/add_book HTTP/1.1" 200 -
2024-12-19 08:52:34 - werkzeug - INFO - 127.0.0.1 - - [19/Dec/2024 08:52:34] "POST /seller/add_book HTTP/1.1" 200 -
2024-12-19 08:52:34 - werkzeug - INFO - 127.0.0.1 - - [19/Dec/2024 08:52:34] "POST /seller/add_book HTTP/1.1" 200 -
2024-12-19 08:52:34 - werkzeug - INFO - 127.0.0.1 - - [19/Dec/2024 08:52:34] "POST /seller/add_book HTTP/1.1" 200 -
2024-12-19 08:52:34 - werkzeug - INFO - 127.0.0.1 - - [19/Dec/2024 08:52:34] "POST /seller/add_book HTTP/1.1" 200 -
2024-12-19 08:52:34 - werkzeug - INFO - 127.0.0.1 - - [19/Dec/2024 08:52:34] "POST /seller/add_book HTTP/1.1" 200 -
2024-12-19 08:52:34 - werkzeug - INFO - 127.0.0.1 - - [19/Dec/2024 08:52:34] "POST /seller/add_book HTTP/1.1" 200 -
2024-12-19 08:52:34 - werkzeug - INFO - 127.0.0.1 - - [19/Dec/2024 08:52:34] "POST /seller/add_book HTTP/1.1" 200 -
2024-12-19 08:52:34 - werkzeug - INFO - 127.0.0.1 - - [19/Dec/2024 08:52:34] "POST /seller/add_book HTTP/1.1" 200 -
2024-12-19 08:52:34 - werkzeug - INFO - 127.0.0.1 - - [19/Dec/2024 08:52:34] "POST /seller/add_book HTTP/1.1" 200 -
2024-12-19 08:52:34 - werkzeug - INFO - 127.0.0.1 - - [19/Dec/2024 08:52:34] "POST /seller/add_book HTTP/1.1" 200 -
2024-12-19 08:52:34 - werkzeug - INFO - 127.0.0.1 - - [19/Dec/2024 08:52:34] "POST /seller/add_book HTTP/1.1" 200 -
2024-12-19 08:52:35 - werkzeug - INFO - 127.0.0.1 - - [19/Dec/2024 08:52:35] "POST /seller/add_book HTTP/1.1" 200 -
2024-12-19 08:52:35 - werkzeug - INFO - 127.0.0.1 - - [19/Dec/2024 08:52:35] "POST /seller/add_book HTTP/1.1" 200 -
2024-12-19 08:52:35 - werkzeug - INFO - 127.0.0.1 - - [19/Dec/2024 08:52:35] "POST /seller/add_book HTTP/1.1" 200 -
2024-12-19 08:52:35 - werkzeug - INFO - 127.0.0.1 - - [19/Dec/2024 08:52:35] "POST /seller/add_book HTTP/1.1" 200 -
2024-12-19 08:52:35 - werkzeug - INFO - 127.0.0.1 - - [19/Dec/2024 08:52:35] "POST /seller/add_book HTTP/1.1" 200 -
2024-12-19 08:52:35 - werkzeug - INFO - 127.0.0.1 - - [19/Dec/2024 08:52:35] "POST /seller/add_book HTTP/1.1" 200 -
2024-12-19 08:52:35 - werkzeug - INFO - 127.0.0.1 - - [19/Dec/2024 08:52:35] "POST /seller/add_book HTTP/1.1" 200 -
2024-12-19 08:52:35 - werkzeug - INFO - 127.0.0.1 - - [19/Dec/2024 08:52:35] "POST /seller/add_book HTTP/1.1" 200 -
2024-12-19 08:52:35 - werkzeug - INFO - 127.0.0.1 - - [19/Dec/2024 08:52:35] "POST /seller/add_book HTTP/1.1" 200 -
2024-12-19 08:52:35 - werkzeug - INFO - 127.0.0.1 - - [19/Dec/2024 08:52:35] "POST /seller/add_book HTTP/1.1" 200 -
2024-12-19 08:52:35 - werkzeug - INFO - 127.0.0.1 - - [19/Dec/2024 08:52:35] "POST /seller/add_book HTTP/1.1" 200 -
2024-12-19 08:52:35 - werkzeug - INFO - 127.0.0.1 - - [19/Dec/2024 08:52:35] "POST /seller/add_book HTTP/1.1" 200 -
2024-12-19 08:52:35 - werkzeug - INFO - 127.0.0.1 - - [19/Dec/2024 08:52:35] "POST /seller/add_book HTTP/1.1" 200 -
2024-12-19 08:52:36 - werkzeug - INFO - 127.0.0.1 - - [19/Dec/2024 08:52:36] "POST /seller/add_book HTTP/1.1" 200 -
2024-12-19 08:52:36 - werkzeug - INFO - 127.0.0.1 - - [19/Dec/2024 08:52:36] "POST /seller/add_book HTTP/1.1" 200 -
2024-12-19 08:52:36 - werkzeug - INFO - 127.0.0.1 - - [19/Dec/2024 08:52:36] "POST /seller/add_book HTTP/1.1" 200 -
2024-12-19 08:52:36 - werkzeug - INFO - 127.0.0.1 - - [19/Dec/2024 08:52:36] "POST /seller/add_book HTTP/1.1" 200 -
2024-12-19 08:52:36 - werkzeug - INFO - 127.0.0.1 - - [19/Dec/2024 08:52:36] "POST /seller/add_book HTTP/1.1" 200 -
2024-12-19 08:52:36 - werkzeug - INFO - 127.0.0.1 - - [19/Dec/2024 08:52:36] "POST /seller/add_book HTTP/1.1" 200 -
2024-12-19 08:52:36 - werkzeug - INFO - 127.0.0.1 - - [19/Dec/2024 08:52:36] "POST /buyer/new_order HTTP/1.1" 200 -
2024-12-19 08:52:36 - be.view.auth - INFO - 收到注册请求: {'user_id': 'test_new_order_buyer_id_8a146ef0-bda3-11ef-adb5-02a6845b4b32', 'password': 'test_new_order_seller_id_8a146cb6-bda3-11ef-adb5-02a6845b4b32'}
2024-12-19 08:52:36 - be.model.user - INFO - 尝试注册新用户：test_new_order_buyer_id_8a146ef0-bda3-11ef-adb5-02a6845b4b32
2024-12-19 08:52:36 - be.model.user - INFO - 加密密码...
2024-12-19 08:52:36 - be.model.user - INFO - 创建新用户...
2024-12-19 08:52:36 - be.model.user - INFO - 添加用户到数据库...
2024-12-19 08:52:36 - be.model.user - INFO - 用户注册成功：test_new_order_buyer_id_8a146ef0-bda3-11ef-adb5-02a6845b4b32
2024-12-19 08:52:36 - be.view.auth - INFO - 注册处理结果: 200
2024-12-19 08:52:36 - werkzeug - INFO - 127.0.0.1 - - [19/Dec/2024 08:52:36] "POST /auth/register HTTP/1.1" 200 -
2024-12-19 08:52:36 - be.view.auth - INFO - 收到登录请求: {'user_id': 'test_new_order_buyer_id_8a146ef0-bda3-11ef-adb5-02a6845b4b32', 'password': 'test_new_order_seller_id_8a146cb6-bda3-11ef-adb5-02a6845b4b32', 'terminal': 'my terminal'}
2024-12-19 08:52:36 - be.model.user - INFO - 尝试登录用户：test_new_order_buyer_id_8a146ef0-bda3-11ef-adb5-02a6845b4b32，终端：my terminal
2024-12-19 08:52:37 - be.model.user - INFO - 为用户 test_new_order_buyer_id_8a146ef0-bda3-11ef-adb5-02a6845b4b32 生成新token，终端：my terminal
2024-12-19 08:52:37 - be.model.user - INFO - 用户登录成功：test_new_order_buyer_id_8a146ef0-bda3-11ef-adb5-02a6845b4b32
2024-12-19 08:52:37 - be.view.auth - INFO - 登录处理结果: 200
2024-12-19 08:52:37 - werkzeug - INFO - 127.0.0.1 - - [19/Dec/2024 08:52:37] "POST /auth/login HTTP/1.1" 200 -
2024-12-19 08:52:37 - be.view.auth - INFO - 收到注册请求: {'user_id': 'test_new_order_seller_id_8a146cb6-bda3-11ef-adb5-02a6845b4b32', 'password': 'test_new_order_seller_id_8a146cb6-bda3-11ef-adb5-02a6845b4b32'}
2024-12-19 08:52:37 - be.model.user - INFO - 尝试注册新用户：test_new_order_seller_id_8a146cb6-bda3-11ef-adb5-02a6845b4b32
2024-12-19 08:52:37 - be.model.user - INFO - 加密密码...
2024-12-19 08:52:37 - be.model.user - INFO - 创建新用户...
2024-12-19 08:52:37 - be.model.user - INFO - 添加用户到数据库...
2024-12-19 08:52:37 - be.model.user - INFO - 用户注册成功：test_new_order_seller_id_8a146cb6-bda3-11ef-adb5-02a6845b4b32
2024-12-19 08:52:37 - be.view.auth - INFO - 注册处理结果: 200
2024-12-19 08:52:37 - werkzeug - INFO - 127.0.0.1 - - [19/Dec/2024 08:52:37] "POST /auth/register HTTP/1.1" 200 -
2024-12-19 08:52:37 - be.view.auth - INFO - 收到登录请求: {'user_id': 'test_new_order_seller_id_8a146cb6-bda3-11ef-adb5-02a6845b4b32', 'password': 'test_new_order_seller_id_8a146cb6-bda3-11ef-adb5-02a6845b4b32', 'terminal': 'my terminal'}
2024-12-19 08:52:37 - be.model.user - INFO - 尝试登录用户：test_new_order_seller_id_8a146cb6-bda3-11ef-adb5-02a6845b4b32，终端：my terminal
2024-12-19 08:52:37 - be.model.user - INFO - 为用户 test_new_order_seller_id_8a146cb6-bda3-11ef-adb5-02a6845b4b32 生成新token，终端：my terminal
2024-12-19 08:52:37 - be.model.user - INFO - 用户登录成功：test_new_order_seller_id_8a146cb6-bda3-11ef-adb5-02a6845b4b32
2024-12-19 08:52:37 - be.view.auth - INFO - 登录处理结果: 200
2024-12-19 08:52:37 - werkzeug - INFO - 127.0.0.1 - - [19/Dec/2024 08:52:37] "POST /auth/login HTTP/1.1" 200 -
2024-12-19 08:52:37 - werkzeug - INFO - 127.0.0.1 - - [19/Dec/2024 08:52:37] "POST /seller/create_store HTTP/1.1" 200 -
2024-12-19 08:52:40 - werkzeug - INFO - 127.0.0.1 - - [19/Dec/2024 08:52:40] "POST /seller/add_book HTTP/1.1" 200 -
2024-12-19 08:52:40 - werkzeug - INFO - 127.0.0.1 - - [19/Dec/2024 08:52:40] "POST /seller/add_book HTTP/1.1" 200 -
2024-12-19 08:52:40 - werkzeug - INFO - 127.0.0.1 - - [19/Dec/2024 08:52:40] "POST /seller/add_book HTTP/1.1" 200 -
2024-12-19 08:52:40 - werkzeug - INFO - 127.0.0.1 - - [19/Dec/2024 08:52:40] "POST /seller/add_book HTTP/1.1" 200 -
2024-12-19 08:52:40 - werkzeug - INFO - 127.0.0.1 - - [19/Dec/2024 08:52:40] "POST /seller/add_book HTTP/1.1" 200 -
2024-12-19 08:52:40 - werkzeug - INFO - 127.0.0.1 - - [19/Dec/2024 08:52:40] "POST /seller/add_book HTTP/1.1" 200 -
2024-12-19 08:52:40 - werkzeug - INFO - 127.0.0.1 - - [19/Dec/2024 08:52:40] "POST /seller/add_book HTTP/1.1" 200 -
2024-12-19 08:52:41 - werkzeug - INFO - 127.0.0.1 - - [19/Dec/2024 08:52:41] "POST /seller/add_book HTTP/1.1" 200 -
2024-12-19 08:52:41 - werkzeug - INFO - 127.0.0.1 - - [19/Dec/2024 08:52:41] "POST /seller/add_book HTTP/1.1" 200 -
2024-12-19 08:52:41 - werkzeug - INFO - 127.0.0.1 - - [19/Dec/2024 08:52:41] "POST /seller/add_book HTTP/1.1" 200 -
2024-12-19 08:52:41 - werkzeug - INFO - 127.0.0.1 - - [19/Dec/2024 08:52:41] "POST /seller/add_book HTTP/1.1" 200 -
2024-12-19 08:52:41 - werkzeug - INFO - 127.0.0.1 - - [19/Dec/2024 08:52:41] "POST /seller/add_book HTTP/1.1" 200 -
2024-12-19 08:52:41 - werkzeug - INFO - 127.0.0.1 - - [19/Dec/2024 08:52:41] "POST /seller/add_book HTTP/1.1" 200 -
2024-12-19 08:52:41 - werkzeug - INFO - 127.0.0.1 - - [19/Dec/2024 08:52:41] "POST /seller/add_book HTTP/1.1" 200 -
2024-12-19 08:52:41 - werkzeug - INFO - 127.0.0.1 - - [19/Dec/2024 08:52:41] "POST /seller/add_book HTTP/1.1" 200 -
2024-12-19 08:52:41 - werkzeug - INFO - 127.0.0.1 - - [19/Dec/2024 08:52:41] "POST /seller/add_book HTTP/1.1" 200 -
2024-12-19 08:52:41 - werkzeug - INFO - 127.0.0.1 - - [19/Dec/2024 08:52:41] "POST /seller/add_book HTTP/1.1" 200 -
2024-12-19 08:52:41 - werkzeug - INFO - 127.0.0.1 - - [19/Dec/2024 08:52:41] "POST /seller/add_book HTTP/1.1" 200 -
2024-12-19 08:52:41 - werkzeug - INFO - 127.0.0.1 - - [19/Dec/2024 08:52:41] "POST /seller/add_book HTTP/1.1" 200 -
2024-12-19 08:52:41 - werkzeug - INFO - 127.0.0.1 - - [19/Dec/2024 08:52:41] "POST /seller/add_book HTTP/1.1" 200 -
2024-12-19 08:52:41 - werkzeug - INFO - 127.0.0.1 - - [19/Dec/2024 08:52:41] "POST /seller/add_book HTTP/1.1" 200 -
2024-12-19 08:52:42 - werkzeug - INFO - 127.0.0.1 - - [19/Dec/2024 08:52:42] "POST /seller/add_book HTTP/1.1" 200 -
2024-12-19 08:52:42 - werkzeug - INFO - 127.0.0.1 - - [19/Dec/2024 08:52:42] "POST /seller/add_book HTTP/1.1" 200 -
2024-12-19 08:52:42 - werkzeug - INFO - 127.0.0.1 - - [19/Dec/2024 08:52:42] "POST /seller/add_book HTTP/1.1" 200 -
2024-12-19 08:52:42 - werkzeug - INFO - 127.0.0.1 - - [19/Dec/2024 08:52:42] "POST /seller/add_book HTTP/1.1" 200 -
2024-12-19 08:52:42 - werkzeug - INFO - 127.0.0.1 - - [19/Dec/2024 08:52:42] "POST /seller/add_book HTTP/1.1" 200 -
2024-12-19 08:52:42 - werkzeug - INFO - 127.0.0.1 - - [19/Dec/2024 08:52:42] "POST /seller/add_book HTTP/1.1" 200 -
2024-12-19 08:52:42 - werkzeug - INFO - 127.0.0.1 - - [19/Dec/2024 08:52:42] "POST /seller/add_book HTTP/1.1" 200 -
2024-12-19 08:52:42 - werkzeug - INFO - 127.0.0.1 - - [19/Dec/2024 08:52:42] "POST /seller/add_book HTTP/1.1" 200 -
2024-12-19 08:52:42 - werkzeug - INFO - 127.0.0.1 - - [19/Dec/2024 08:52:42] "POST /seller/add_book HTTP/1.1" 200 -
2024-12-19 08:52:42 - werkzeug - INFO - 127.0.0.1 - - [19/Dec/2024 08:52:42] "POST /seller/add_book HTTP/1.1" 200 -
2024-12-19 08:52:42 - werkzeug - INFO - 127.0.0.1 - - [19/Dec/2024 08:52:42] "POST /seller/add_book HTTP/1.1" 200 -
2024-12-19 08:52:42 - werkzeug - INFO - 127.0.0.1 - - [19/Dec/2024 08:52:42] "POST /seller/add_book HTTP/1.1" 200 -
2024-12-19 08:52:42 - werkzeug - INFO - 127.0.0.1 - - [19/Dec/2024 08:52:42] "POST /seller/add_book HTTP/1.1" 200 -
2024-12-19 08:52:43 - werkzeug - INFO - 127.0.0.1 - - [19/Dec/2024 08:52:43] "POST /seller/add_book HTTP/1.1" 200 -
2024-12-19 08:52:43 - werkzeug - INFO - 127.0.0.1 - - [19/Dec/2024 08:52:43] "POST /seller/add_book HTTP/1.1" 200 -
2024-12-19 08:52:43 - werkzeug - INFO - 127.0.0.1 - - [19/Dec/2024 08:52:43] "POST /seller/add_book HTTP/1.1" 200 -
2024-12-19 08:52:43 - werkzeug - INFO - 127.0.0.1 - - [19/Dec/2024 08:52:43] "POST /seller/add_book HTTP/1.1" 200 -
2024-12-19 08:52:43 - werkzeug - INFO - 127.0.0.1 - - [19/Dec/2024 08:52:43] "POST /seller/add_book HTTP/1.1" 200 -
2024-12-19 08:52:43 - werkzeug - INFO - 127.0.0.1 - - [19/Dec/2024 08:52:43] "POST /seller/add_book HTTP/1.1" 200 -
2024-12-19 08:52:43 - werkzeug - INFO - 127.0.0.1 - - [19/Dec/2024 08:52:43] "POST /seller/add_book HTTP/1.1" 200 -
2024-12-19 08:52:43 - werkzeug - INFO - 127.0.0.1 - - [19/Dec/2024 08:52:43] "POST /seller/add_book HTTP/1.1" 200 -
2024-12-19 08:52:43 - werkzeug - INFO - 127.0.0.1 - - [19/Dec/2024 08:52:43] "POST /seller/add_book HTTP/1.1" 200 -
2024-12-19 08:52:43 - werkzeug - INFO - 127.0.0.1 - - [19/Dec/2024 08:52:43] "POST /seller/add_book HTTP/1.1" 200 -
2024-12-19 08:52:43 - werkzeug - INFO - 127.0.0.1 - - [19/Dec/2024 08:52:43] "POST /seller/add_book HTTP/1.1" 200 -
2024-12-19 08:52:43 - werkzeug - INFO - 127.0.0.1 - - [19/Dec/2024 08:52:43] "POST /seller/add_book HTTP/1.1" 200 -
2024-12-19 08:52:43 - werkzeug - INFO - 127.0.0.1 - - [19/Dec/2024 08:52:43] "POST /seller/add_book HTTP/1.1" 200 -
2024-12-19 08:52:43 - werkzeug - INFO - 127.0.0.1 - - [19/Dec/2024 08:52:43] "POST /seller/add_book HTTP/1.1" 200 -
2024-12-19 08:52:44 - werkzeug - INFO - 127.0.0.1 - - [19/Dec/2024 08:52:44] "POST /seller/add_book HTTP/1.1" 200 -
2024-12-19 08:52:44 - werkzeug - INFO - 127.0.0.1 - - [19/Dec/2024 08:52:44] "POST /seller/add_book HTTP/1.1" 200 -
2024-12-19 08:52:44 - werkzeug - INFO - 127.0.0.1 - - [19/Dec/2024 08:52:44] "POST /buyer/new_order HTTP/1.1" 200 -
2024-12-19 08:52:44 - be.view.auth - INFO - 收到注册请求: {'user_id': 'test_payment_seller_id_8e9f5656-bda3-11ef-adb5-02a6845b4b32', 'password': 'test_payment_seller_id_8e9f5656-bda3-11ef-adb5-02a6845b4b32'}
2024-12-19 08:52:44 - be.model.user - INFO - 尝试注册新用户：test_payment_seller_id_8e9f5656-bda3-11ef-adb5-02a6845b4b32
2024-12-19 08:52:44 - be.model.user - INFO - 加密密码...
2024-12-19 08:52:44 - be.model.user - INFO - 创建新用户...
2024-12-19 08:52:44 - be.model.user - INFO - 添加用户到数据库...
2024-12-19 08:52:44 - be.model.user - INFO - 用户注册成功：test_payment_seller_id_8e9f5656-bda3-11ef-adb5-02a6845b4b32
2024-12-19 08:52:44 - be.view.auth - INFO - 注册处理结果: 200
2024-12-19 08:52:44 - werkzeug - INFO - 127.0.0.1 - - [19/Dec/2024 08:52:44] "POST /auth/register HTTP/1.1" 200 -
2024-12-19 08:52:44 - be.view.auth - INFO - 收到登录请求: {'user_id': 'test_payment_seller_id_8e9f5656-bda3-11ef-adb5-02a6845b4b32', 'password': 'test_payment_seller_id_8e9f5656-bda3-11ef-adb5-02a6845b4b32', 'terminal': 'my terminal'}
2024-12-19 08:52:44 - be.model.user - INFO - 尝试登录用户：test_payment_seller_id_8e9f5656-bda3-11ef-adb5-02a6845b4b32，终端：my terminal
2024-12-19 08:52:44 - be.model.user - INFO - 为用户 test_payment_seller_id_8e9f5656-bda3-11ef-adb5-02a6845b4b32 生成新token，终端：my terminal
2024-12-19 08:52:44 - be.model.user - INFO - 用户登录成功：test_payment_seller_id_8e9f5656-bda3-11ef-adb5-02a6845b4b32
2024-12-19 08:52:44 - be.view.auth - INFO - 登录处理结果: 200
2024-12-19 08:52:44 - werkzeug - INFO - 127.0.0.1 - - [19/Dec/2024 08:52:44] "POST /auth/login HTTP/1.1" 200 -
2024-12-19 08:52:44 - werkzeug - INFO - 127.0.0.1 - - [19/Dec/2024 08:52:44] "POST /seller/create_store HTTP/1.1" 200 -
2024-12-19 08:52:46 - werkzeug - INFO - 127.0.0.1 - - [19/Dec/2024 08:52:46] "POST /seller/add_book HTTP/1.1" 200 -
2024-12-19 08:52:46 - werkzeug - INFO - 127.0.0.1 - - [19/Dec/2024 08:52:46] "POST /seller/add_book HTTP/1.1" 200 -
2024-12-19 08:52:46 - werkzeug - INFO - 127.0.0.1 - - [19/Dec/2024 08:52:46] "POST /seller/add_book HTTP/1.1" 200 -
2024-12-19 08:52:46 - werkzeug - INFO - 127.0.0.1 - - [19/Dec/2024 08:52:46] "POST /seller/add_book HTTP/1.1" 200 -
2024-12-19 08:52:46 - be.view.auth - INFO - 收到注册请求: {'user_id': 'test_payment_buyer_id_8e9f58ea-bda3-11ef-adb5-02a6845b4b32', 'password': 'test_payment_seller_id_8e9f5656-bda3-11ef-adb5-02a6845b4b32'}
2024-12-19 08:52:46 - be.model.user - INFO - 尝试注册新用户：test_payment_buyer_id_8e9f58ea-bda3-11ef-adb5-02a6845b4b32
2024-12-19 08:52:46 - be.model.user - INFO - 加密密码...
2024-12-19 08:52:46 - be.model.user - INFO - 创建新用户...
2024-12-19 08:52:46 - be.model.user - INFO - 添加用户到数据库...
2024-12-19 08:52:46 - be.model.user - INFO - 用户注册成功：test_payment_buyer_id_8e9f58ea-bda3-11ef-adb5-02a6845b4b32
2024-12-19 08:52:46 - be.view.auth - INFO - 注册处理结果: 200
2024-12-19 08:52:46 - werkzeug - INFO - 127.0.0.1 - - [19/Dec/2024 08:52:46] "POST /auth/register HTTP/1.1" 200 -
2024-12-19 08:52:46 - be.view.auth - INFO - 收到登录请求: {'user_id': 'test_payment_buyer_id_8e9f58ea-bda3-11ef-adb5-02a6845b4b32', 'password': 'test_payment_seller_id_8e9f5656-bda3-11ef-adb5-02a6845b4b32', 'terminal': 'my terminal'}
2024-12-19 08:52:46 - be.model.user - INFO - 尝试登录用户：test_payment_buyer_id_8e9f58ea-bda3-11ef-adb5-02a6845b4b32，终端：my terminal
2024-12-19 08:52:46 - be.model.user - INFO - 为用户 test_payment_buyer_id_8e9f58ea-bda3-11ef-adb5-02a6845b4b32 生成新token，终端：my terminal
2024-12-19 08:52:46 - be.model.user - INFO - 用户登录成功：test_payment_buyer_id_8e9f58ea-bda3-11ef-adb5-02a6845b4b32
2024-12-19 08:52:46 - be.view.auth - INFO - 登录处理结果: 200
2024-12-19 08:52:46 - werkzeug - INFO - 127.0.0.1 - - [19/Dec/2024 08:52:46] "POST /auth/login HTTP/1.1" 200 -
2024-12-19 08:52:47 - werkzeug - INFO - 127.0.0.1 - - [19/Dec/2024 08:52:47] "POST /buyer/new_order HTTP/1.1" 200 -
2024-12-19 08:52:47 - werkzeug - INFO - 127.0.0.1 - - [19/Dec/2024 08:52:47] "[31m[1mPOST /buyer/add_funds HTTP/1.1[0m" 401 -
2024-12-19 08:52:47 - be.view.auth - INFO - 收到注册请求: {'user_id': 'test_payment_seller_id_905d6c44-bda3-11ef-adb5-02a6845b4b32', 'password': 'test_payment_seller_id_905d6c44-bda3-11ef-adb5-02a6845b4b32'}
2024-12-19 08:52:47 - be.model.user - INFO - 尝试注册新用户：test_payment_seller_id_905d6c44-bda3-11ef-adb5-02a6845b4b32
2024-12-19 08:52:47 - be.model.user - INFO - 加密密码...
2024-12-19 08:52:47 - be.model.user - INFO - 创建新用户...
2024-12-19 08:52:47 - be.model.user - INFO - 添加用户到数据库...
2024-12-19 08:52:47 - be.model.user - INFO - 用户注册成功：test_payment_seller_id_905d6c44-bda3-11ef-adb5-02a6845b4b32
2024-12-19 08:52:47 - be.view.auth - INFO - 注册处理结果: 200
2024-12-19 08:52:47 - werkzeug - INFO - 127.0.0.1 - - [19/Dec/2024 08:52:47] "POST /auth/register HTTP/1.1" 200 -
2024-12-19 08:52:47 - be.view.auth - INFO - 收到登录请求: {'user_id': 'test_payment_seller_id_905d6c44-bda3-11ef-adb5-02a6845b4b32', 'password': 'test_payment_seller_id_905d6c44-bda3-11ef-adb5-02a6845b4b32', 'terminal': 'my terminal'}
2024-12-19 08:52:47 - be.model.user - INFO - 尝试登录用户：test_payment_seller_id_905d6c44-bda3-11ef-adb5-02a6845b4b32，终端：my terminal
2024-12-19 08:52:47 - be.model.user - INFO - 为用户 test_payment_seller_id_905d6c44-bda3-11ef-adb5-02a6845b4b32 生成新token，终端：my terminal
2024-12-19 08:52:47 - be.model.user - INFO - 用户登录成功：test_payment_seller_id_905d6c44-bda3-11ef-adb5-02a6845b4b32
2024-12-19 08:52:47 - be.view.auth - INFO - 登录处理结果: 200
2024-12-19 08:52:47 - werkzeug - INFO - 127.0.0.1 - - [19/Dec/2024 08:52:47] "POST /auth/login HTTP/1.1" 200 -
2024-12-19 08:52:47 - werkzeug - INFO - 127.0.0.1 - - [19/Dec/2024 08:52:47] "POST /seller/create_store HTTP/1.1" 200 -
2024-12-19 08:52:48 - werkzeug - INFO - 127.0.0.1 - - [19/Dec/2024 08:52:48] "POST /seller/add_book HTTP/1.1" 200 -
2024-12-19 08:52:48 - werkzeug - INFO - 127.0.0.1 - - [19/Dec/2024 08:52:48] "POST /seller/add_book HTTP/1.1" 200 -
2024-12-19 08:52:49 - werkzeug - INFO - 127.0.0.1 - - [19/Dec/2024 08:52:49] "POST /seller/add_book HTTP/1.1" 200 -
2024-12-19 08:52:49 - werkzeug - INFO - 127.0.0.1 - - [19/Dec/2024 08:52:49] "POST /seller/add_book HTTP/1.1" 200 -
2024-12-19 08:52:49 - be.view.auth - INFO - 收到注册请求: {'user_id': 'test_payment_buyer_id_905d6d70-bda3-11ef-adb5-02a6845b4b32', 'password': 'test_payment_seller_id_905d6c44-bda3-11ef-adb5-02a6845b4b32'}
2024-12-19 08:52:49 - be.model.user - INFO - 尝试注册新用户：test_payment_buyer_id_905d6d70-bda3-11ef-adb5-02a6845b4b32
2024-12-19 08:52:49 - be.model.user - INFO - 加密密码...
2024-12-19 08:52:49 - be.model.user - INFO - 创建新用户...
2024-12-19 08:52:49 - be.model.user - INFO - 添加用户到数据库...
2024-12-19 08:52:49 - be.model.user - INFO - 用户注册成功：test_payment_buyer_id_905d6d70-bda3-11ef-adb5-02a6845b4b32
2024-12-19 08:52:49 - be.view.auth - INFO - 注册处理结果: 200
2024-12-19 08:52:49 - werkzeug - INFO - 127.0.0.1 - - [19/Dec/2024 08:52:49] "POST /auth/register HTTP/1.1" 200 -
2024-12-19 08:52:49 - be.view.auth - INFO - 收到登录请求: {'user_id': 'test_payment_buyer_id_905d6d70-bda3-11ef-adb5-02a6845b4b32', 'password': 'test_payment_seller_id_905d6c44-bda3-11ef-adb5-02a6845b4b32', 'terminal': 'my terminal'}
2024-12-19 08:52:49 - be.model.user - INFO - 尝试登录用户：test_payment_buyer_id_905d6d70-bda3-11ef-adb5-02a6845b4b32，终端：my terminal
2024-12-19 08:52:49 - be.model.user - INFO - 为用户 test_payment_buyer_id_905d6d70-bda3-11ef-adb5-02a6845b4b32 生成新token，终端：my terminal
2024-12-19 08:52:49 - be.model.user - INFO - 用户登录成功：test_payment_buyer_id_905d6d70-bda3-11ef-adb5-02a6845b4b32
2024-12-19 08:52:49 - be.view.auth - INFO - 登录处理结果: 200
2024-12-19 08:52:49 - werkzeug - INFO - 127.0.0.1 - - [19/Dec/2024 08:52:49] "POST /auth/login HTTP/1.1" 200 -
2024-12-19 08:52:49 - werkzeug - INFO - 127.0.0.1 - - [19/Dec/2024 08:52:49] "POST /buyer/new_order HTTP/1.1" 200 -
2024-12-19 08:52:49 - werkzeug - INFO - 127.0.0.1 - - [19/Dec/2024 08:52:49] "[31m[1mPOST /buyer/add_funds HTTP/1.1[0m" 401 -
2024-12-19 08:52:49 - be.view.auth - INFO - 收到注册请求: {'user_id': 'test_payment_seller_id_91fada1e-bda3-11ef-adb5-02a6845b4b32', 'password': 'test_payment_seller_id_91fada1e-bda3-11ef-adb5-02a6845b4b32'}
2024-12-19 08:52:49 - be.model.user - INFO - 尝试注册新用户：test_payment_seller_id_91fada1e-bda3-11ef-adb5-02a6845b4b32
2024-12-19 08:52:49 - be.model.user - INFO - 加密密码...
2024-12-19 08:52:49 - be.model.user - INFO - 创建新用户...
2024-12-19 08:52:49 - be.model.user - INFO - 添加用户到数据库...
2024-12-19 08:52:50 - be.model.user - INFO - 用户注册成功：test_payment_seller_id_91fada1e-bda3-11ef-adb5-02a6845b4b32
2024-12-19 08:52:50 - be.view.auth - INFO - 注册处理结果: 200
2024-12-19 08:52:50 - werkzeug - INFO - 127.0.0.1 - - [19/Dec/2024 08:52:50] "POST /auth/register HTTP/1.1" 200 -
2024-12-19 08:52:50 - be.view.auth - INFO - 收到登录请求: {'user_id': 'test_payment_seller_id_91fada1e-bda3-11ef-adb5-02a6845b4b32', 'password': 'test_payment_seller_id_91fada1e-bda3-11ef-adb5-02a6845b4b32', 'terminal': 'my terminal'}
2024-12-19 08:52:50 - be.model.user - INFO - 尝试登录用户：test_payment_seller_id_91fada1e-bda3-11ef-adb5-02a6845b4b32，终端：my terminal
2024-12-19 08:52:50 - be.model.user - INFO - 为用户 test_payment_seller_id_91fada1e-bda3-11ef-adb5-02a6845b4b32 生成新token，终端：my terminal
2024-12-19 08:52:50 - be.model.user - INFO - 用户登录成功：test_payment_seller_id_91fada1e-bda3-11ef-adb5-02a6845b4b32
2024-12-19 08:52:50 - be.view.auth - INFO - 登录处理结果: 200
2024-12-19 08:52:50 - werkzeug - INFO - 127.0.0.1 - - [19/Dec/2024 08:52:50] "POST /auth/login HTTP/1.1" 200 -
2024-12-19 08:52:50 - werkzeug - INFO - 127.0.0.1 - - [19/Dec/2024 08:52:50] "POST /seller/create_store HTTP/1.1" 200 -
2024-12-19 08:52:51 - werkzeug - INFO - 127.0.0.1 - - [19/Dec/2024 08:52:51] "POST /seller/add_book HTTP/1.1" 200 -
2024-12-19 08:52:51 - werkzeug - INFO - 127.0.0.1 - - [19/Dec/2024 08:52:51] "POST /seller/add_book HTTP/1.1" 200 -
2024-12-19 08:52:51 - werkzeug - INFO - 127.0.0.1 - - [19/Dec/2024 08:52:51] "POST /seller/add_book HTTP/1.1" 200 -
2024-12-19 08:52:51 - werkzeug - INFO - 127.0.0.1 - - [19/Dec/2024 08:52:51] "POST /seller/add_book HTTP/1.1" 200 -
2024-12-19 08:52:51 - werkzeug - INFO - 127.0.0.1 - - [19/Dec/2024 08:52:51] "POST /seller/add_book HTTP/1.1" 200 -
2024-12-19 08:52:51 - be.view.auth - INFO - 收到注册请求: {'user_id': 'test_payment_buyer_id_91fadc9e-bda3-11ef-adb5-02a6845b4b32', 'password': 'test_payment_seller_id_91fada1e-bda3-11ef-adb5-02a6845b4b32'}
2024-12-19 08:52:51 - be.model.user - INFO - 尝试注册新用户：test_payment_buyer_id_91fadc9e-bda3-11ef-adb5-02a6845b4b32
2024-12-19 08:52:51 - be.model.user - INFO - 加密密码...
2024-12-19 08:52:51 - be.model.user - INFO - 创建新用户...
2024-12-19 08:52:51 - be.model.user - INFO - 添加用户到数据库...
2024-12-19 08:52:52 - be.model.user - INFO - 用户注册成功：test_payment_buyer_id_91fadc9e-bda3-11ef-adb5-02a6845b4b32
2024-12-19 08:52:52 - be.view.auth - INFO - 注册处理结果: 200
2024-12-19 08:52:52 - werkzeug - INFO - 127.0.0.1 - - [19/Dec/2024 08:52:52] "POST /auth/register HTTP/1.1" 200 -
2024-12-19 08:52:52 - be.view.auth - INFO - 收到登录请求: {'user_id': 'test_payment_buyer_id_91fadc9e-bda3-11ef-adb5-02a6845b4b32', 'password': 'test_payment_seller_id_91fada1e-bda3-11ef-adb5-02a6845b4b32', 'terminal': 'my terminal'}
2024-12-19 08:52:52 - be.model.user - INFO - 尝试登录用户：test_payment_buyer_id_91fadc9e-bda3-11ef-adb5-02a6845b4b32，终端：my terminal
2024-12-19 08:52:52 - be.model.user - INFO - 为用户 test_payment_buyer_id_91fadc9e-bda3-11ef-adb5-02a6845b4b32 生成新token，终端：my terminal
2024-12-19 08:52:52 - be.model.user - INFO - 用户登录成功：test_payment_buyer_id_91fadc9e-bda3-11ef-adb5-02a6845b4b32
2024-12-19 08:52:52 - be.view.auth - INFO - 登录处理结果: 200
2024-12-19 08:52:52 - werkzeug - INFO - 127.0.0.1 - - [19/Dec/2024 08:52:52] "POST /auth/login HTTP/1.1" 200 -
2024-12-19 08:52:52 - werkzeug - INFO - 127.0.0.1 - - [19/Dec/2024 08:52:52] "POST /buyer/new_order HTTP/1.1" 200 -
2024-12-19 08:52:52 - werkzeug - INFO - 127.0.0.1 - - [19/Dec/2024 08:52:52] "[31m[1mPOST /buyer/add_funds HTTP/1.1[0m" 401 -
2024-12-19 08:52:52 - be.view.auth - INFO - 收到注册请求: {'user_id': 'test_payment_seller_id_93a240e6-bda3-11ef-adb5-02a6845b4b32', 'password': 'test_payment_seller_id_93a240e6-bda3-11ef-adb5-02a6845b4b32'}
2024-12-19 08:52:52 - be.model.user - INFO - 尝试注册新用户：test_payment_seller_id_93a240e6-bda3-11ef-adb5-02a6845b4b32
2024-12-19 08:52:52 - be.model.user - INFO - 加密密码...
2024-12-19 08:52:52 - be.model.user - INFO - 创建新用户...
2024-12-19 08:52:52 - be.model.user - INFO - 添加用户到数据库...
2024-12-19 08:52:52 - be.model.user - INFO - 用户注册成功：test_payment_seller_id_93a240e6-bda3-11ef-adb5-02a6845b4b32
2024-12-19 08:52:52 - be.view.auth - INFO - 注册处理结果: 200
2024-12-19 08:52:52 - werkzeug - INFO - 127.0.0.1 - - [19/Dec/2024 08:52:52] "POST /auth/register HTTP/1.1" 200 -
2024-12-19 08:52:52 - be.view.auth - INFO - 收到登录请求: {'user_id': 'test_payment_seller_id_93a240e6-bda3-11ef-adb5-02a6845b4b32', 'password': 'test_payment_seller_id_93a240e6-bda3-11ef-adb5-02a6845b4b32', 'terminal': 'my terminal'}
2024-12-19 08:52:52 - be.model.user - INFO - 尝试登录用户：test_payment_seller_id_93a240e6-bda3-11ef-adb5-02a6845b4b32，终端：my terminal
2024-12-19 08:52:53 - be.model.user - INFO - 为用户 test_payment_seller_id_93a240e6-bda3-11ef-adb5-02a6845b4b32 生成新token，终端：my terminal
2024-12-19 08:52:53 - be.model.user - INFO - 用户登录成功：test_payment_seller_id_93a240e6-bda3-11ef-adb5-02a6845b4b32
2024-12-19 08:52:53 - be.view.auth - INFO - 登录处理结果: 200
2024-12-19 08:52:53 - werkzeug - INFO - 127.0.0.1 - - [19/Dec/2024 08:52:53] "POST /auth/login HTTP/1.1" 200 -
2024-12-19 08:52:53 - werkzeug - INFO - 127.0.0.1 - - [19/Dec/2024 08:52:53] "POST /seller/create_store HTTP/1.1" 200 -
2024-12-19 08:52:54 - werkzeug - INFO - 127.0.0.1 - - [19/Dec/2024 08:52:54] "POST /seller/add_book HTTP/1.1" 200 -
2024-12-19 08:52:54 - werkzeug - INFO - 127.0.0.1 - - [19/Dec/2024 08:52:54] "POST /seller/add_book HTTP/1.1" 200 -
2024-12-19 08:52:54 - be.view.auth - INFO - 收到注册请求: {'user_id': 'test_payment_buyer_id_93a241ae-bda3-11ef-adb5-02a6845b4b32', 'password': 'test_payment_seller_id_93a240e6-bda3-11ef-adb5-02a6845b4b32'}
2024-12-19 08:52:54 - be.model.user - INFO - 尝试注册新用户：test_payment_buyer_id_93a241ae-bda3-11ef-adb5-02a6845b4b32
2024-12-19 08:52:54 - be.model.user - INFO - 加密密码...
2024-12-19 08:52:54 - be.model.user - INFO - 创建新用户...
2024-12-19 08:52:54 - be.model.user - INFO - 添加用户到数据库...
2024-12-19 08:52:54 - be.model.user - INFO - 用户注册成功：test_payment_buyer_id_93a241ae-bda3-11ef-adb5-02a6845b4b32
2024-12-19 08:52:54 - be.view.auth - INFO - 注册处理结果: 200
2024-12-19 08:52:54 - werkzeug - INFO - 127.0.0.1 - - [19/Dec/2024 08:52:54] "POST /auth/register HTTP/1.1" 200 -
2024-12-19 08:52:54 - be.view.auth - INFO - 收到登录请求: {'user_id': 'test_payment_buyer_id_93a241ae-bda3-11ef-adb5-02a6845b4b32', 'password': 'test_payment_seller_id_93a240e6-bda3-11ef-adb5-02a6845b4b32', 'terminal': 'my terminal'}
2024-12-19 08:52:54 - be.model.user - INFO - 尝试登录用户：test_payment_buyer_id_93a241ae-bda3-11ef-adb5-02a6845b4b32，终端：my terminal
2024-12-19 08:52:54 - be.model.user - INFO - 为用户 test_payment_buyer_id_93a241ae-bda3-11ef-adb5-02a6845b4b32 生成新token，终端：my terminal
2024-12-19 08:52:54 - be.model.user - INFO - 用户登录成功：test_payment_buyer_id_93a241ae-bda3-11ef-adb5-02a6845b4b32
2024-12-19 08:52:54 - be.view.auth - INFO - 登录处理结果: 200
2024-12-19 08:52:54 - werkzeug - INFO - 127.0.0.1 - - [19/Dec/2024 08:52:54] "POST /auth/login HTTP/1.1" 200 -
2024-12-19 08:52:54 - werkzeug - INFO - 127.0.0.1 - - [19/Dec/2024 08:52:54] "POST /buyer/new_order HTTP/1.1" 200 -
2024-12-19 08:52:55 - werkzeug - INFO - 127.0.0.1 - - [19/Dec/2024 08:52:55] "[31m[1mPOST /buyer/add_funds HTTP/1.1[0m" 401 -
2024-12-19 08:52:55 - root - INFO - load data
2024-12-19 08:52:55 - be.view.auth - INFO - 收到注册请求: {'user_id': 'seller_1_95150364-bda3-11ef-adb5-02a6845b4b32', 'password': 'password_seller_1_95150364-bda3-11ef-adb5-02a6845b4b32'}
2024-12-19 08:52:55 - be.model.user - INFO - 尝试注册新用户：seller_1_95150364-bda3-11ef-adb5-02a6845b4b32
2024-12-19 08:52:55 - be.model.user - INFO - 加密密码...
2024-12-19 08:52:55 - be.model.user - INFO - 创建新用户...
2024-12-19 08:52:55 - be.model.user - INFO - 添加用户到数据库...
2024-12-19 08:52:56 - be.model.user - INFO - 用户注册成功：seller_1_95150364-bda3-11ef-adb5-02a6845b4b32
2024-12-19 08:52:56 - be.view.auth - INFO - 注册处理结果: 200
2024-12-19 08:52:56 - werkzeug - INFO - 127.0.0.1 - - [19/Dec/2024 08:52:56] "POST /auth/register HTTP/1.1" 200 -
2024-12-19 08:52:56 - be.view.auth - INFO - 收到登录请求: {'user_id': 'seller_1_95150364-bda3-11ef-adb5-02a6845b4b32', 'password': 'password_seller_1_95150364-bda3-11ef-adb5-02a6845b4b32', 'terminal': 'my terminal'}
2024-12-19 08:52:56 - be.model.user - INFO - 尝试登录用户：seller_1_95150364-bda3-11ef-adb5-02a6845b4b32，终端：my terminal
2024-12-19 08:52:56 - be.model.user - INFO - 为用户 seller_1_95150364-bda3-11ef-adb5-02a6845b4b32 生成新token，终端：my terminal
2024-12-19 08:52:56 - be.model.user - INFO - 用户登录成功：seller_1_95150364-bda3-11ef-adb5-02a6845b4b32
2024-12-19 08:52:56 - be.view.auth - INFO - 登录处理结果: 200
2024-12-19 08:52:56 - werkzeug - INFO - 127.0.0.1 - - [19/Dec/2024 08:52:56] "POST /auth/login HTTP/1.1" 200 -
2024-12-19 08:52:56 - werkzeug - INFO - 127.0.0.1 - - [19/Dec/2024 08:52:56] "POST /seller/create_store HTTP/1.1" 200 -
2024-12-19 08:52:59 - werkzeug - INFO - 127.0.0.1 - - [19/Dec/2024 08:52:59] "POST /seller/add_book HTTP/1.1" 200 -
2024-12-19 08:52:59 - werkzeug - INFO - 127.0.0.1 - - [19/Dec/2024 08:52:59] "POST /seller/add_book HTTP/1.1" 200 -
2024-12-19 08:53:00 - werkzeug - INFO - 127.0.0.1 - - [19/Dec/2024 08:53:00] "POST /seller/add_book HTTP/1.1" 200 -
2024-12-19 08:53:00 - werkzeug - INFO - 127.0.0.1 - - [19/Dec/2024 08:53:00] "POST /seller/add_book HTTP/1.1" 200 -
2024-12-19 08:53:00 - werkzeug - INFO - 127.0.0.1 - - [19/Dec/2024 08:53:00] "POST /seller/add_book HTTP/1.1" 200 -
2024-12-19 08:53:00 - werkzeug - INFO - 127.0.0.1 - - [19/Dec/2024 08:53:00] "POST /seller/add_book HTTP/1.1" 200 -
2024-12-19 08:53:00 - werkzeug - INFO - 127.0.0.1 - - [19/Dec/2024 08:53:00] "POST /seller/add_book HTTP/1.1" 200 -
2024-12-19 08:53:00 - werkzeug - INFO - 127.0.0.1 - - [19/Dec/2024 08:53:00] "POST /seller/add_book HTTP/1.1" 200 -
2024-12-19 08:53:00 - werkzeug - INFO - 127.0.0.1 - - [19/Dec/2024 08:53:00] "POST /seller/add_book HTTP/1.1" 200 -
2024-12-19 08:53:00 - werkzeug - INFO - 127.0.0.1 - - [19/Dec/2024 08:53:00] "POST /seller/add_book HTTP/1.1" 200 -
2024-12-19 08:53:00 - werkzeug - INFO - 127.0.0.1 - - [19/Dec/2024 08:53:00] "POST /seller/add_book HTTP/1.1" 200 -
2024-12-19 08:53:00 - werkzeug - INFO - 127.0.0.1 - - [19/Dec/2024 08:53:00] "POST /seller/add_book HTTP/1.1" 200 -
2024-12-19 08:53:00 - werkzeug - INFO - 127.0.0.1 - - [19/Dec/2024 08:53:00] "POST /seller/add_book HTTP/1.1" 200 -
2024-12-19 08:53:00 - werkzeug - INFO - 127.0.0.1 - - [19/Dec/2024 08:53:00] "POST /seller/add_book HTTP/1.1" 200 -
2024-12-19 08:53:00 - werkzeug - INFO - 127.0.0.1 - - [19/Dec/2024 08:53:00] "POST /seller/add_book HTTP/1.1" 200 -
2024-12-19 08:53:00 - werkzeug - INFO - 127.0.0.1 - - [19/Dec/2024 08:53:00] "POST /seller/add_book HTTP/1.1" 200 -
2024-12-19 08:53:01 - werkzeug - INFO - 127.0.0.1 - - [19/Dec/2024 08:53:01] "POST /seller/add_book HTTP/1.1" 200 -
2024-12-19 08:53:01 - werkzeug - INFO - 127.0.0.1 - - [19/Dec/2024 08:53:01] "POST /seller/add_book HTTP/1.1" 200 -
2024-12-19 08:53:01 - werkzeug - INFO - 127.0.0.1 - - [19/Dec/2024 08:53:01] "POST /seller/add_book HTTP/1.1" 200 -
2024-12-19 08:53:01 - werkzeug - INFO - 127.0.0.1 - - [19/Dec/2024 08:53:01] "POST /seller/add_book HTTP/1.1" 200 -
2024-12-19 08:53:01 - werkzeug - INFO - 127.0.0.1 - - [19/Dec/2024 08:53:01] "POST /seller/add_book HTTP/1.1" 200 -
2024-12-19 08:53:01 - werkzeug - INFO - 127.0.0.1 - - [19/Dec/2024 08:53:01] "POST /seller/add_book HTTP/1.1" 200 -
2024-12-19 08:53:01 - werkzeug - INFO - 127.0.0.1 - - [19/Dec/2024 08:53:01] "POST /seller/add_book HTTP/1.1" 200 -
2024-12-19 08:53:01 - werkzeug - INFO - 127.0.0.1 - - [19/Dec/2024 08:53:01] "POST /seller/add_book HTTP/1.1" 200 -
2024-12-19 08:53:01 - werkzeug - INFO - 127.0.0.1 - - [19/Dec/2024 08:53:01] "POST /seller/add_book HTTP/1.1" 200 -
2024-12-19 08:53:01 - werkzeug - INFO - 127.0.0.1 - - [19/Dec/2024 08:53:01] "POST /seller/add_book HTTP/1.1" 200 -
2024-12-19 08:53:01 - werkzeug - INFO - 127.0.0.1 - - [19/Dec/2024 08:53:01] "POST /seller/add_book HTTP/1.1" 200 -
2024-12-19 08:53:01 - werkzeug - INFO - 127.0.0.1 - - [19/Dec/2024 08:53:01] "POST /seller/add_book HTTP/1.1" 200 -
2024-12-19 08:53:01 - werkzeug - INFO - 127.0.0.1 - - [19/Dec/2024 08:53:01] "POST /seller/add_book HTTP/1.1" 200 -
2024-12-19 08:53:01 - werkzeug - INFO - 127.0.0.1 - - [19/Dec/2024 08:53:01] "POST /seller/add_book HTTP/1.1" 200 -
2024-12-19 08:53:02 - werkzeug - INFO - 127.0.0.1 - - [19/Dec/2024 08:53:02] "POST /seller/add_book HTTP/1.1" 200 -
2024-12-19 08:53:02 - werkzeug - INFO - 127.0.0.1 - - [19/Dec/2024 08:53:02] "POST /seller/add_book HTTP/1.1" 200 -
2024-12-19 08:53:02 - werkzeug - INFO - 127.0.0.1 - - [19/Dec/2024 08:53:02] "POST /seller/add_book HTTP/1.1" 200 -
2024-12-19 08:53:02 - werkzeug - INFO - 127.0.0.1 - - [19/Dec/2024 08:53:02] "POST /seller/add_book HTTP/1.1" 200 -
2024-12-19 08:53:02 - werkzeug - INFO - 127.0.0.1 - - [19/Dec/2024 08:53:02] "POST /seller/add_book HTTP/1.1" 200 -
2024-12-19 08:53:02 - werkzeug - INFO - 127.0.0.1 - - [19/Dec/2024 08:53:02] "POST /seller/add_book HTTP/1.1" 200 -
2024-12-19 08:53:02 - werkzeug - INFO - 127.0.0.1 - - [19/Dec/2024 08:53:02] "POST /seller/add_book HTTP/1.1" 200 -
2024-12-19 08:53:02 - werkzeug - INFO - 127.0.0.1 - - [19/Dec/2024 08:53:02] "POST /seller/add_book HTTP/1.1" 200 -
2024-12-19 08:53:02 - werkzeug - INFO - 127.0.0.1 - - [19/Dec/2024 08:53:02] "POST /seller/add_book HTTP/1.1" 200 -
2024-12-19 08:53:02 - werkzeug - INFO - 127.0.0.1 - - [19/Dec/2024 08:53:02] "POST /seller/add_book HTTP/1.1" 200 -
2024-12-19 08:53:02 - werkzeug - INFO - 127.0.0.1 - - [19/Dec/2024 08:53:02] "POST /seller/add_book HTTP/1.1" 200 -
2024-12-19 08:53:02 - werkzeug - INFO - 127.0.0.1 - - [19/Dec/2024 08:53:02] "POST /seller/add_book HTTP/1.1" 200 -
2024-12-19 08:53:02 - werkzeug - INFO - 127.0.0.1 - - [19/Dec/2024 08:53:02] "POST /seller/add_book HTTP/1.1" 200 -
2024-12-19 08:53:02 - werkzeug - INFO - 127.0.0.1 - - [19/Dec/2024 08:53:02] "POST /seller/add_book HTTP/1.1" 200 -
2024-12-19 08:53:03 - werkzeug - INFO - 127.0.0.1 - - [19/Dec/2024 08:53:03] "POST /seller/add_book HTTP/1.1" 200 -
2024-12-19 08:53:03 - werkzeug - INFO - 127.0.0.1 - - [19/Dec/2024 08:53:03] "POST /seller/add_book HTTP/1.1" 200 -
2024-12-19 08:53:03 - werkzeug - INFO - 127.0.0.1 - - [19/Dec/2024 08:53:03] "POST /seller/add_book HTTP/1.1" 200 -
2024-12-19 08:53:03 - werkzeug - INFO - 127.0.0.1 - - [19/Dec/2024 08:53:03] "POST /seller/add_book HTTP/1.1" 200 -
2024-12-19 08:53:03 - werkzeug - INFO - 127.0.0.1 - - [19/Dec/2024 08:53:03] "POST /seller/add_book HTTP/1.1" 200 -
2024-12-19 08:53:03 - werkzeug - INFO - 127.0.0.1 - - [19/Dec/2024 08:53:03] "POST /seller/add_book HTTP/1.1" 200 -
2024-12-19 08:53:03 - werkzeug - INFO - 127.0.0.1 - - [19/Dec/2024 08:53:03] "POST /seller/add_book HTTP/1.1" 200 -
2024-12-19 08:53:03 - werkzeug - INFO - 127.0.0.1 - - [19/Dec/2024 08:53:03] "POST /seller/add_book HTTP/1.1" 200 -
2024-12-19 08:53:03 - werkzeug - INFO - 127.0.0.1 - - [19/Dec/2024 08:53:03] "POST /seller/add_book HTTP/1.1" 200 -
2024-12-19 08:53:03 - werkzeug - INFO - 127.0.0.1 - - [19/Dec/2024 08:53:03] "POST /seller/add_book HTTP/1.1" 200 -
2024-12-19 08:53:03 - werkzeug - INFO - 127.0.0.1 - - [19/Dec/2024 08:53:03] "POST /seller/add_book HTTP/1.1" 200 -
2024-12-19 08:53:03 - werkzeug - INFO - 127.0.0.1 - - [19/Dec/2024 08:53:03] "POST /seller/add_book HTTP/1.1" 200 -
2024-12-19 08:53:03 - werkzeug - INFO - 127.0.0.1 - - [19/Dec/2024 08:53:03] "POST /seller/add_book HTTP/1.1" 200 -
2024-12-19 08:53:03 - werkzeug - INFO - 127.0.0.1 - - [19/Dec/2024 08:53:03] "POST /seller/add_book HTTP/1.1" 200 -
2024-12-19 08:53:03 - werkzeug - INFO - 127.0.0.1 - - [19/Dec/2024 08:53:03] "POST /seller/add_book HTTP/1.1" 200 -
2024-12-19 08:53:03 - werkzeug - INFO - 127.0.0.1 - - [19/Dec/2024 08:53:03] "POST /seller/add_book HTTP/1.1" 200 -
2024-12-19 08:53:04 - werkzeug - INFO - 127.0.0.1 - - [19/Dec/2024 08:53:04] "POST /seller/add_book HTTP/1.1" 200 -
2024-12-19 08:53:04 - werkzeug - INFO - 127.0.0.1 - - [19/Dec/2024 08:53:04] "POST /seller/add_book HTTP/1.1" 200 -
2024-12-19 08:53:04 - werkzeug - INFO - 127.0.0.1 - - [19/Dec/2024 08:53:04] "POST /seller/add_book HTTP/1.1" 200 -
2024-12-19 08:53:04 - werkzeug - INFO - 127.0.0.1 - - [19/Dec/2024 08:53:04] "POST /seller/add_book HTTP/1.1" 200 -
2024-12-19 08:53:04 - werkzeug - INFO - 127.0.0.1 - - [19/Dec/2024 08:53:04] "POST /seller/add_book HTTP/1.1" 200 -
2024-12-19 08:53:04 - werkzeug - INFO - 127.0.0.1 - - [19/Dec/2024 08:53:04] "POST /seller/add_book HTTP/1.1" 200 -
2024-12-19 08:53:04 - werkzeug - INFO - 127.0.0.1 - - [19/Dec/2024 08:53:04] "POST /seller/add_book HTTP/1.1" 200 -
2024-12-19 08:53:04 - werkzeug - INFO - 127.0.0.1 - - [19/Dec/2024 08:53:04] "POST /seller/add_book HTTP/1.1" 200 -
2024-12-19 08:53:04 - werkzeug - INFO - 127.0.0.1 - - [19/Dec/2024 08:53:04] "POST /seller/add_book HTTP/1.1" 200 -
2024-12-19 08:53:04 - werkzeug - INFO - 127.0.0.1 - - [19/Dec/2024 08:53:04] "POST /seller/add_book HTTP/1.1" 200 -
2024-12-19 08:53:04 - werkzeug - INFO - 127.0.0.1 - - [19/Dec/2024 08:53:04] "POST /seller/add_book HTTP/1.1" 200 -
2024-12-19 08:53:04 - werkzeug - INFO - 127.0.0.1 - - [19/Dec/2024 08:53:04] "POST /seller/add_book HTTP/1.1" 200 -
2024-12-19 08:53:04 - werkzeug - INFO - 127.0.0.1 - - [19/Dec/2024 08:53:04] "POST /seller/add_book HTTP/1.1" 200 -
2024-12-19 08:53:04 - werkzeug - INFO - 127.0.0.1 - - [19/Dec/2024 08:53:04] "POST /seller/add_book HTTP/1.1" 200 -
2024-12-19 08:53:04 - werkzeug - INFO - 127.0.0.1 - - [19/Dec/2024 08:53:04] "POST /seller/add_book HTTP/1.1" 200 -
2024-12-19 08:53:05 - werkzeug - INFO - 127.0.0.1 - - [19/Dec/2024 08:53:05] "POST /seller/add_book HTTP/1.1" 200 -
2024-12-19 08:53:05 - werkzeug - INFO - 127.0.0.1 - - [19/Dec/2024 08:53:05] "POST /seller/add_book HTTP/1.1" 200 -
2024-12-19 08:53:05 - werkzeug - INFO - 127.0.0.1 - - [19/Dec/2024 08:53:05] "POST /seller/add_book HTTP/1.1" 200 -
2024-12-19 08:53:05 - werkzeug - INFO - 127.0.0.1 - - [19/Dec/2024 08:53:05] "POST /seller/add_book HTTP/1.1" 200 -
2024-12-19 08:53:05 - werkzeug - INFO - 127.0.0.1 - - [19/Dec/2024 08:53:05] "POST /seller/add_book HTTP/1.1" 200 -
2024-12-19 08:53:05 - werkzeug - INFO - 127.0.0.1 - - [19/Dec/2024 08:53:05] "POST /seller/add_book HTTP/1.1" 200 -
2024-12-19 08:53:05 - werkzeug - INFO - 127.0.0.1 - - [19/Dec/2024 08:53:05] "POST /seller/add_book HTTP/1.1" 200 -
2024-12-19 08:53:05 - werkzeug - INFO - 127.0.0.1 - - [19/Dec/2024 08:53:05] "POST /seller/add_book HTTP/1.1" 200 -
2024-12-19 08:53:05 - werkzeug - INFO - 127.0.0.1 - - [19/Dec/2024 08:53:05] "POST /seller/add_book HTTP/1.1" 200 -
2024-12-19 08:53:05 - werkzeug - INFO - 127.0.0.1 - - [19/Dec/2024 08:53:05] "POST /seller/add_book HTTP/1.1" 200 -
2024-12-19 08:53:05 - werkzeug - INFO - 127.0.0.1 - - [19/Dec/2024 08:53:05] "POST /seller/add_book HTTP/1.1" 200 -
2024-12-19 08:53:05 - werkzeug - INFO - 127.0.0.1 - - [19/Dec/2024 08:53:05] "POST /seller/add_book HTTP/1.1" 200 -
2024-12-19 08:53:05 - werkzeug - INFO - 127.0.0.1 - - [19/Dec/2024 08:53:05] "POST /seller/add_book HTTP/1.1" 200 -
2024-12-19 08:53:05 - werkzeug - INFO - 127.0.0.1 - - [19/Dec/2024 08:53:05] "POST /seller/add_book HTTP/1.1" 200 -
2024-12-19 08:53:05 - werkzeug - INFO - 127.0.0.1 - - [19/Dec/2024 08:53:05] "POST /seller/add_book HTTP/1.1" 200 -
2024-12-19 08:53:06 - werkzeug - INFO - 127.0.0.1 - - [19/Dec/2024 08:53:06] "POST /seller/add_book HTTP/1.1" 200 -
2024-12-19 08:53:06 - werkzeug - INFO - 127.0.0.1 - - [19/Dec/2024 08:53:06] "POST /seller/add_book HTTP/1.1" 200 -
2024-12-19 08:53:06 - werkzeug - INFO - 127.0.0.1 - - [19/Dec/2024 08:53:06] "POST /seller/add_book HTTP/1.1" 200 -
2024-12-19 08:53:06 - werkzeug - INFO - 127.0.0.1 - - [19/Dec/2024 08:53:06] "POST /seller/add_book HTTP/1.1" 200 -
2024-12-19 08:53:06 - werkzeug - INFO - 127.0.0.1 - - [19/Dec/2024 08:53:06] "POST /seller/add_book HTTP/1.1" 200 -
2024-12-19 08:53:06 - werkzeug - INFO - 127.0.0.1 - - [19/Dec/2024 08:53:06] "POST /seller/add_book HTTP/1.1" 200 -
2024-12-19 08:53:06 - werkzeug - INFO - 127.0.0.1 - - [19/Dec/2024 08:53:06] "POST /seller/add_book HTTP/1.1" 200 -
2024-12-19 08:53:06 - werkzeug - INFO - 127.0.0.1 - - [19/Dec/2024 08:53:06] "POST /seller/add_book HTTP/1.1" 200 -
2024-12-19 08:53:06 - werkzeug - INFO - 127.0.0.1 - - [19/Dec/2024 08:53:06] "POST /seller/add_book HTTP/1.1" 200 -
2024-12-19 08:53:06 - werkzeug - INFO - 127.0.0.1 - - [19/Dec/2024 08:53:06] "POST /seller/add_book HTTP/1.1" 200 -
2024-12-19 08:53:06 - werkzeug - INFO - 127.0.0.1 - - [19/Dec/2024 08:53:06] "POST /seller/create_store HTTP/1.1" 200 -
2024-12-19 08:53:10 - werkzeug - INFO - 127.0.0.1 - - [19/Dec/2024 08:53:10] "POST /seller/add_book HTTP/1.1" 200 -
2024-12-19 08:53:10 - werkzeug - INFO - 127.0.0.1 - - [19/Dec/2024 08:53:10] "POST /seller/add_book HTTP/1.1" 200 -
2024-12-19 08:53:10 - werkzeug - INFO - 127.0.0.1 - - [19/Dec/2024 08:53:10] "POST /seller/add_book HTTP/1.1" 200 -
2024-12-19 08:53:10 - werkzeug - INFO - 127.0.0.1 - - [19/Dec/2024 08:53:10] "POST /seller/add_book HTTP/1.1" 200 -
2024-12-19 08:53:10 - werkzeug - INFO - 127.0.0.1 - - [19/Dec/2024 08:53:10] "POST /seller/add_book HTTP/1.1" 200 -
2024-12-19 08:53:10 - werkzeug - INFO - 127.0.0.1 - - [19/Dec/2024 08:53:10] "POST /seller/add_book HTTP/1.1" 200 -
2024-12-19 08:53:10 - werkzeug - INFO - 127.0.0.1 - - [19/Dec/2024 08:53:10] "POST /seller/add_book HTTP/1.1" 200 -
2024-12-19 08:53:10 - werkzeug - INFO - 127.0.0.1 - - [19/Dec/2024 08:53:10] "POST /seller/add_book HTTP/1.1" 200 -
2024-12-19 08:53:10 - werkzeug - INFO - 127.0.0.1 - - [19/Dec/2024 08:53:10] "POST /seller/add_book HTTP/1.1" 200 -
2024-12-19 08:53:10 - werkzeug - INFO - 127.0.0.1 - - [19/Dec/2024 08:53:10] "POST /seller/add_book HTTP/1.1" 200 -
2024-12-19 08:53:10 - werkzeug - INFO - 127.0.0.1 - - [19/Dec/2024 08:53:10] "POST /seller/add_book HTTP/1.1" 200 -
2024-12-19 08:53:10 - werkzeug - INFO - 127.0.0.1 - - [19/Dec/2024 08:53:10] "POST /seller/add_book HTTP/1.1" 200 -
2024-12-19 08:53:10 - werkzeug - INFO - 127.0.0.1 - - [19/Dec/2024 08:53:10] "POST /seller/add_book HTTP/1.1" 200 -
2024-12-19 08:53:11 - werkzeug - INFO - 127.0.0.1 - - [19/Dec/2024 08:53:11] "POST /seller/add_book HTTP/1.1" 200 -
2024-12-19 08:53:11 - werkzeug - INFO - 127.0.0.1 - - [19/Dec/2024 08:53:11] "POST /seller/add_book HTTP/1.1" 200 -
2024-12-19 08:53:11 - werkzeug - INFO - 127.0.0.1 - - [19/Dec/2024 08:53:11] "POST /seller/add_book HTTP/1.1" 200 -
2024-12-19 08:53:11 - werkzeug - INFO - 127.0.0.1 - - [19/Dec/2024 08:53:11] "POST /seller/add_book HTTP/1.1" 200 -
2024-12-19 08:53:11 - werkzeug - INFO - 127.0.0.1 - - [19/Dec/2024 08:53:11] "POST /seller/add_book HTTP/1.1" 200 -
2024-12-19 08:53:11 - werkzeug - INFO - 127.0.0.1 - - [19/Dec/2024 08:53:11] "POST /seller/add_book HTTP/1.1" 200 -
2024-12-19 08:53:11 - werkzeug - INFO - 127.0.0.1 - - [19/Dec/2024 08:53:11] "POST /seller/add_book HTTP/1.1" 200 -
2024-12-19 08:53:11 - werkzeug - INFO - 127.0.0.1 - - [19/Dec/2024 08:53:11] "POST /seller/add_book HTTP/1.1" 200 -
2024-12-19 08:53:11 - werkzeug - INFO - 127.0.0.1 - - [19/Dec/2024 08:53:11] "POST /seller/add_book HTTP/1.1" 200 -
2024-12-19 08:53:11 - werkzeug - INFO - 127.0.0.1 - - [19/Dec/2024 08:53:11] "POST /seller/add_book HTTP/1.1" 200 -
2024-12-19 08:53:11 - werkzeug - INFO - 127.0.0.1 - - [19/Dec/2024 08:53:11] "POST /seller/add_book HTTP/1.1" 200 -
2024-12-19 08:53:11 - werkzeug - INFO - 127.0.0.1 - - [19/Dec/2024 08:53:11] "POST /seller/add_book HTTP/1.1" 200 -
2024-12-19 08:53:11 - werkzeug - INFO - 127.0.0.1 - - [19/Dec/2024 08:53:11] "POST /seller/add_book HTTP/1.1" 200 -
2024-12-19 08:53:11 - werkzeug - INFO - 127.0.0.1 - - [19/Dec/2024 08:53:11] "POST /seller/add_book HTTP/1.1" 200 -
2024-12-19 08:53:11 - werkzeug - INFO - 127.0.0.1 - - [19/Dec/2024 08:53:11] "POST /seller/add_book HTTP/1.1" 200 -
2024-12-19 08:53:12 - werkzeug - INFO - 127.0.0.1 - - [19/Dec/2024 08:53:12] "POST /seller/add_book HTTP/1.1" 200 -
2024-12-19 08:53:12 - werkzeug - INFO - 127.0.0.1 - - [19/Dec/2024 08:53:12] "POST /seller/add_book HTTP/1.1" 200 -
2024-12-19 08:53:12 - werkzeug - INFO - 127.0.0.1 - - [19/Dec/2024 08:53:12] "POST /seller/add_book HTTP/1.1" 200 -
2024-12-19 08:53:12 - werkzeug - INFO - 127.0.0.1 - - [19/Dec/2024 08:53:12] "POST /seller/add_book HTTP/1.1" 200 -
2024-12-19 08:53:12 - werkzeug - INFO - 127.0.0.1 - - [19/Dec/2024 08:53:12] "POST /seller/add_book HTTP/1.1" 200 -
2024-12-19 08:53:12 - werkzeug - INFO - 127.0.0.1 - - [19/Dec/2024 08:53:12] "POST /seller/add_book HTTP/1.1" 200 -
2024-12-19 08:53:12 - werkzeug - INFO - 127.0.0.1 - - [19/Dec/2024 08:53:12] "POST /seller/add_book HTTP/1.1" 200 -
2024-12-19 08:53:12 - werkzeug - INFO - 127.0.0.1 - - [19/Dec/2024 08:53:12] "POST /seller/add_book HTTP/1.1" 200 -
2024-12-19 08:53:12 - werkzeug - INFO - 127.0.0.1 - - [19/Dec/2024 08:53:12] "POST /seller/add_book HTTP/1.1" 200 -
2024-12-19 08:53:12 - werkzeug - INFO - 127.0.0.1 - - [19/Dec/2024 08:53:12] "POST /seller/add_book HTTP/1.1" 200 -
2024-12-19 08:53:12 - werkzeug - INFO - 127.0.0.1 - - [19/Dec/2024 08:53:12] "POST /seller/add_book HTTP/1.1" 200 -
2024-12-19 08:53:12 - werkzeug - INFO - 127.0.0.1 - - [19/Dec/2024 08:53:12] "POST /seller/add_book HTTP/1.1" 200 -
2024-12-19 08:53:12 - werkzeug - INFO - 127.0.0.1 - - [19/Dec/2024 08:53:12] "POST /seller/add_book HTTP/1.1" 200 -
2024-12-19 08:53:12 - werkzeug - INFO - 127.0.0.1 - - [19/Dec/2024 08:53:12] "POST /seller/add_book HTTP/1.1" 200 -
2024-12-19 08:53:13 - werkzeug - INFO - 127.0.0.1 - - [19/Dec/2024 08:53:13] "POST /seller/add_book HTTP/1.1" 200 -
2024-12-19 08:53:13 - werkzeug - INFO - 127.0.0.1 - - [19/Dec/2024 08:53:13] "POST /seller/add_book HTTP/1.1" 200 -
2024-12-19 08:53:13 - werkzeug - INFO - 127.0.0.1 - - [19/Dec/2024 08:53:13] "POST /seller/add_book HTTP/1.1" 200 -
2024-12-19 08:53:13 - werkzeug - INFO - 127.0.0.1 - - [19/Dec/2024 08:53:13] "POST /seller/add_book HTTP/1.1" 200 -
2024-12-19 08:53:13 - werkzeug - INFO - 127.0.0.1 - - [19/Dec/2024 08:53:13] "POST /seller/add_book HTTP/1.1" 200 -
2024-12-19 08:53:13 - werkzeug - INFO - 127.0.0.1 - - [19/Dec/2024 08:53:13] "POST /seller/add_book HTTP/1.1" 200 -
2024-12-19 08:53:13 - werkzeug - INFO - 127.0.0.1 - - [19/Dec/2024 08:53:13] "POST /seller/add_book HTTP/1.1" 200 -
2024-12-19 08:53:13 - werkzeug - INFO - 127.0.0.1 - - [19/Dec/2024 08:53:13] "POST /seller/add_book HTTP/1.1" 200 -
2024-12-19 08:53:13 - werkzeug - INFO - 127.0.0.1 - - [19/Dec/2024 08:53:13] "POST /seller/add_book HTTP/1.1" 200 -
2024-12-19 08:53:13 - werkzeug - INFO - 127.0.0.1 - - [19/Dec/2024 08:53:13] "POST /seller/add_book HTTP/1.1" 200 -
2024-12-19 08:53:13 - werkzeug - INFO - 127.0.0.1 - - [19/Dec/2024 08:53:13] "POST /seller/add_book HTTP/1.1" 200 -
2024-12-19 08:53:13 - werkzeug - INFO - 127.0.0.1 - - [19/Dec/2024 08:53:13] "POST /seller/add_book HTTP/1.1" 200 -
2024-12-19 08:53:13 - werkzeug - INFO - 127.0.0.1 - - [19/Dec/2024 08:53:13] "POST /seller/add_book HTTP/1.1" 200 -
2024-12-19 08:53:13 - werkzeug - INFO - 127.0.0.1 - - [19/Dec/2024 08:53:13] "POST /seller/add_book HTTP/1.1" 200 -
2024-12-19 08:53:13 - werkzeug - INFO - 127.0.0.1 - - [19/Dec/2024 08:53:13] "POST /seller/add_book HTTP/1.1" 200 -
2024-12-19 08:53:14 - werkzeug - INFO - 127.0.0.1 - - [19/Dec/2024 08:53:14] "POST /seller/add_book HTTP/1.1" 200 -
2024-12-19 08:53:14 - werkzeug - INFO - 127.0.0.1 - - [19/Dec/2024 08:53:14] "POST /seller/add_book HTTP/1.1" 200 -
2024-12-19 08:53:14 - werkzeug - INFO - 127.0.0.1 - - [19/Dec/2024 08:53:14] "POST /seller/add_book HTTP/1.1" 200 -
2024-12-19 08:53:14 - werkzeug - INFO - 127.0.0.1 - - [19/Dec/2024 08:53:14] "POST /seller/add_book HTTP/1.1" 200 -
2024-12-19 08:53:14 - werkzeug - INFO - 127.0.0.1 - - [19/Dec/2024 08:53:14] "POST /seller/add_book HTTP/1.1" 200 -
2024-12-19 08:53:14 - werkzeug - INFO - 127.0.0.1 - - [19/Dec/2024 08:53:14] "POST /seller/add_book HTTP/1.1" 200 -
2024-12-19 08:53:14 - werkzeug - INFO - 127.0.0.1 - - [19/Dec/2024 08:53:14] "POST /seller/add_book HTTP/1.1" 200 -
2024-12-19 08:53:14 - werkzeug - INFO - 127.0.0.1 - - [19/Dec/2024 08:53:14] "POST /seller/add_book HTTP/1.1" 200 -
2024-12-19 08:53:14 - werkzeug - INFO - 127.0.0.1 - - [19/Dec/2024 08:53:14] "POST /seller/add_book HTTP/1.1" 200 -
2024-12-19 08:53:14 - werkzeug - INFO - 127.0.0.1 - - [19/Dec/2024 08:53:14] "POST /seller/add_book HTTP/1.1" 200 -
2024-12-19 08:53:14 - werkzeug - INFO - 127.0.0.1 - - [19/Dec/2024 08:53:14] "POST /seller/add_book HTTP/1.1" 200 -
2024-12-19 08:53:14 - werkzeug - INFO - 127.0.0.1 - - [19/Dec/2024 08:53:14] "POST /seller/add_book HTTP/1.1" 200 -
2024-12-19 08:53:14 - werkzeug - INFO - 127.0.0.1 - - [19/Dec/2024 08:53:14] "POST /seller/add_book HTTP/1.1" 200 -
2024-12-19 08:53:14 - werkzeug - INFO - 127.0.0.1 - - [19/Dec/2024 08:53:14] "POST /seller/add_book HTTP/1.1" 200 -
2024-12-19 08:53:14 - werkzeug - INFO - 127.0.0.1 - - [19/Dec/2024 08:53:14] "POST /seller/add_book HTTP/1.1" 200 -
2024-12-19 08:53:15 - werkzeug - INFO - 127.0.0.1 - - [19/Dec/2024 08:53:15] "POST /seller/add_book HTTP/1.1" 200 -
2024-12-19 08:53:15 - werkzeug - INFO - 127.0.0.1 - - [19/Dec/2024 08:53:15] "POST /seller/add_book HTTP/1.1" 200 -
2024-12-19 08:53:15 - werkzeug - INFO - 127.0.0.1 - - [19/Dec/2024 08:53:15] "POST /seller/add_book HTTP/1.1" 200 -
2024-12-19 08:53:15 - werkzeug - INFO - 127.0.0.1 - - [19/Dec/2024 08:53:15] "POST /seller/add_book HTTP/1.1" 200 -
2024-12-19 08:53:15 - werkzeug - INFO - 127.0.0.1 - - [19/Dec/2024 08:53:15] "POST /seller/add_book HTTP/1.1" 200 -
2024-12-19 08:53:15 - werkzeug - INFO - 127.0.0.1 - - [19/Dec/2024 08:53:15] "POST /seller/add_book HTTP/1.1" 200 -
2024-12-19 08:53:15 - werkzeug - INFO - 127.0.0.1 - - [19/Dec/2024 08:53:15] "POST /seller/add_book HTTP/1.1" 200 -
2024-12-19 08:53:15 - werkzeug - INFO - 127.0.0.1 - - [19/Dec/2024 08:53:15] "POST /seller/add_book HTTP/1.1" 200 -
2024-12-19 08:53:15 - werkzeug - INFO - 127.0.0.1 - - [19/Dec/2024 08:53:15] "POST /seller/add_book HTTP/1.1" 200 -
2024-12-19 08:53:15 - werkzeug - INFO - 127.0.0.1 - - [19/Dec/2024 08:53:15] "POST /seller/add_book HTTP/1.1" 200 -
2024-12-19 08:53:15 - werkzeug - INFO - 127.0.0.1 - - [19/Dec/2024 08:53:15] "POST /seller/add_book HTTP/1.1" 200 -
2024-12-19 08:53:15 - werkzeug - INFO - 127.0.0.1 - - [19/Dec/2024 08:53:15] "POST /seller/add_book HTTP/1.1" 200 -
2024-12-19 08:53:15 - werkzeug - INFO - 127.0.0.1 - - [19/Dec/2024 08:53:15] "POST /seller/add_book HTTP/1.1" 200 -
2024-12-19 08:53:15 - werkzeug - INFO - 127.0.0.1 - - [19/Dec/2024 08:53:15] "POST /seller/add_book HTTP/1.1" 200 -
2024-12-19 08:53:15 - werkzeug - INFO - 127.0.0.1 - - [19/Dec/2024 08:53:15] "POST /seller/add_book HTTP/1.1" 200 -
2024-12-19 08:53:16 - werkzeug - INFO - 127.0.0.1 - - [19/Dec/2024 08:53:16] "POST /seller/add_book HTTP/1.1" 200 -
2024-12-19 08:53:16 - werkzeug - INFO - 127.0.0.1 - - [19/Dec/2024 08:53:16] "POST /seller/add_book HTTP/1.1" 200 -
2024-12-19 08:53:16 - werkzeug - INFO - 127.0.0.1 - - [19/Dec/2024 08:53:16] "POST /seller/add_book HTTP/1.1" 200 -
2024-12-19 08:53:16 - werkzeug - INFO - 127.0.0.1 - - [19/Dec/2024 08:53:16] "POST /seller/add_book HTTP/1.1" 200 -
2024-12-19 08:53:16 - werkzeug - INFO - 127.0.0.1 - - [19/Dec/2024 08:53:16] "POST /seller/add_book HTTP/1.1" 200 -
2024-12-19 08:53:16 - werkzeug - INFO - 127.0.0.1 - - [19/Dec/2024 08:53:16] "POST /seller/add_book HTTP/1.1" 200 -
2024-12-19 08:53:16 - werkzeug - INFO - 127.0.0.1 - - [19/Dec/2024 08:53:16] "POST /seller/add_book HTTP/1.1" 200 -
2024-12-19 08:53:16 - werkzeug - INFO - 127.0.0.1 - - [19/Dec/2024 08:53:16] "POST /seller/add_book HTTP/1.1" 200 -
2024-12-19 08:53:16 - werkzeug - INFO - 127.0.0.1 - - [19/Dec/2024 08:53:16] "POST /seller/add_book HTTP/1.1" 200 -
2024-12-19 08:53:16 - werkzeug - INFO - 127.0.0.1 - - [19/Dec/2024 08:53:16] "POST /seller/add_book HTTP/1.1" 200 -
2024-12-19 08:53:16 - werkzeug - INFO - 127.0.0.1 - - [19/Dec/2024 08:53:16] "POST /seller/add_book HTTP/1.1" 200 -
2024-12-19 08:53:16 - werkzeug - INFO - 127.0.0.1 - - [19/Dec/2024 08:53:16] "POST /seller/add_book HTTP/1.1" 200 -
2024-12-19 08:53:16 - werkzeug - INFO - 127.0.0.1 - - [19/Dec/2024 08:53:16] "POST /seller/add_book HTTP/1.1" 200 -
2024-12-19 08:53:16 - be.view.auth - INFO - 收到注册请求: {'user_id': 'seller_2_95150364-bda3-11ef-adb5-02a6845b4b32', 'password': 'password_seller_2_95150364-bda3-11ef-adb5-02a6845b4b32'}
2024-12-19 08:53:16 - be.model.user - INFO - 尝试注册新用户：seller_2_95150364-bda3-11ef-adb5-02a6845b4b32
2024-12-19 08:53:16 - be.model.user - INFO - 加密密码...
2024-12-19 08:53:16 - be.model.user - INFO - 创建新用户...
2024-12-19 08:53:16 - be.model.user - INFO - 添加用户到数据库...
2024-12-19 08:53:17 - be.model.user - INFO - 用户注册成功：seller_2_95150364-bda3-11ef-adb5-02a6845b4b32
2024-12-19 08:53:17 - be.view.auth - INFO - 注册处理结果: 200
2024-12-19 08:53:17 - werkzeug - INFO - 127.0.0.1 - - [19/Dec/2024 08:53:17] "POST /auth/register HTTP/1.1" 200 -
2024-12-19 08:53:17 - be.view.auth - INFO - 收到登录请求: {'user_id': 'seller_2_95150364-bda3-11ef-adb5-02a6845b4b32', 'password': 'password_seller_2_95150364-bda3-11ef-adb5-02a6845b4b32', 'terminal': 'my terminal'}
2024-12-19 08:53:17 - be.model.user - INFO - 尝试登录用户：seller_2_95150364-bda3-11ef-adb5-02a6845b4b32，终端：my terminal
2024-12-19 08:53:17 - be.model.user - INFO - 为用户 seller_2_95150364-bda3-11ef-adb5-02a6845b4b32 生成新token，终端：my terminal
2024-12-19 08:53:17 - be.model.user - INFO - 用户登录成功：seller_2_95150364-bda3-11ef-adb5-02a6845b4b32
2024-12-19 08:53:17 - be.view.auth - INFO - 登录处理结果: 200
2024-12-19 08:53:17 - werkzeug - INFO - 127.0.0.1 - - [19/Dec/2024 08:53:17] "POST /auth/login HTTP/1.1" 200 -
2024-12-19 08:53:17 - werkzeug - INFO - 127.0.0.1 - - [19/Dec/2024 08:53:17] "POST /seller/create_store HTTP/1.1" 200 -
2024-12-19 08:53:20 - werkzeug - INFO - 127.0.0.1 - - [19/Dec/2024 08:53:20] "POST /seller/add_book HTTP/1.1" 200 -
2024-12-19 08:53:20 - werkzeug - INFO - 127.0.0.1 - - [19/Dec/2024 08:53:20] "POST /seller/add_book HTTP/1.1" 200 -
2024-12-19 08:53:20 - werkzeug - INFO - 127.0.0.1 - - [19/Dec/2024 08:53:20] "POST /seller/add_book HTTP/1.1" 200 -
2024-12-19 08:53:20 - werkzeug - INFO - 127.0.0.1 - - [19/Dec/2024 08:53:20] "POST /seller/add_book HTTP/1.1" 200 -
2024-12-19 08:53:21 - werkzeug - INFO - 127.0.0.1 - - [19/Dec/2024 08:53:21] "POST /seller/add_book HTTP/1.1" 200 -
2024-12-19 08:53:21 - werkzeug - INFO - 127.0.0.1 - - [19/Dec/2024 08:53:21] "POST /seller/add_book HTTP/1.1" 200 -
2024-12-19 08:53:21 - werkzeug - INFO - 127.0.0.1 - - [19/Dec/2024 08:53:21] "POST /seller/add_book HTTP/1.1" 200 -
2024-12-19 08:53:21 - werkzeug - INFO - 127.0.0.1 - - [19/Dec/2024 08:53:21] "POST /seller/add_book HTTP/1.1" 200 -
2024-12-19 08:53:21 - werkzeug - INFO - 127.0.0.1 - - [19/Dec/2024 08:53:21] "POST /seller/add_book HTTP/1.1" 200 -
2024-12-19 08:53:21 - werkzeug - INFO - 127.0.0.1 - - [19/Dec/2024 08:53:21] "POST /seller/add_book HTTP/1.1" 200 -
2024-12-19 08:53:21 - werkzeug - INFO - 127.0.0.1 - - [19/Dec/2024 08:53:21] "POST /seller/add_book HTTP/1.1" 200 -
2024-12-19 08:53:21 - werkzeug - INFO - 127.0.0.1 - - [19/Dec/2024 08:53:21] "POST /seller/add_book HTTP/1.1" 200 -
2024-12-19 08:53:21 - werkzeug - INFO - 127.0.0.1 - - [19/Dec/2024 08:53:21] "POST /seller/add_book HTTP/1.1" 200 -
2024-12-19 08:53:21 - werkzeug - INFO - 127.0.0.1 - - [19/Dec/2024 08:53:21] "POST /seller/add_book HTTP/1.1" 200 -
2024-12-19 08:53:21 - werkzeug - INFO - 127.0.0.1 - - [19/Dec/2024 08:53:21] "POST /seller/add_book HTTP/1.1" 200 -
2024-12-19 08:53:21 - werkzeug - INFO - 127.0.0.1 - - [19/Dec/2024 08:53:21] "POST /seller/add_book HTTP/1.1" 200 -
2024-12-19 08:53:22 - werkzeug - INFO - 127.0.0.1 - - [19/Dec/2024 08:53:22] "POST /seller/add_book HTTP/1.1" 200 -
2024-12-19 08:53:22 - werkzeug - INFO - 127.0.0.1 - - [19/Dec/2024 08:53:22] "POST /seller/add_book HTTP/1.1" 200 -
2024-12-19 08:53:22 - werkzeug - INFO - 127.0.0.1 - - [19/Dec/2024 08:53:22] "POST /seller/add_book HTTP/1.1" 200 -
2024-12-19 08:53:22 - werkzeug - INFO - 127.0.0.1 - - [19/Dec/2024 08:53:22] "POST /seller/add_book HTTP/1.1" 200 -
2024-12-19 08:53:22 - werkzeug - INFO - 127.0.0.1 - - [19/Dec/2024 08:53:22] "POST /seller/add_book HTTP/1.1" 200 -
2024-12-19 08:53:22 - werkzeug - INFO - 127.0.0.1 - - [19/Dec/2024 08:53:22] "POST /seller/add_book HTTP/1.1" 200 -
2024-12-19 08:53:22 - werkzeug - INFO - 127.0.0.1 - - [19/Dec/2024 08:53:22] "POST /seller/add_book HTTP/1.1" 200 -
2024-12-19 08:53:22 - werkzeug - INFO - 127.0.0.1 - - [19/Dec/2024 08:53:22] "POST /seller/add_book HTTP/1.1" 200 -
2024-12-19 08:53:22 - werkzeug - INFO - 127.0.0.1 - - [19/Dec/2024 08:53:22] "POST /seller/add_book HTTP/1.1" 200 -
2024-12-19 08:53:22 - werkzeug - INFO - 127.0.0.1 - - [19/Dec/2024 08:53:22] "POST /seller/add_book HTTP/1.1" 200 -
2024-12-19 08:53:22 - werkzeug - INFO - 127.0.0.1 - - [19/Dec/2024 08:53:22] "POST /seller/add_book HTTP/1.1" 200 -
2024-12-19 08:53:22 - werkzeug - INFO - 127.0.0.1 - - [19/Dec/2024 08:53:22] "POST /seller/add_book HTTP/1.1" 200 -
2024-12-19 08:53:23 - werkzeug - INFO - 127.0.0.1 - - [19/Dec/2024 08:53:23] "POST /seller/add_book HTTP/1.1" 200 -
2024-12-19 08:53:23 - werkzeug - INFO - 127.0.0.1 - - [19/Dec/2024 08:53:23] "POST /seller/add_book HTTP/1.1" 200 -
2024-12-19 08:53:23 - werkzeug - INFO - 127.0.0.1 - - [19/Dec/2024 08:53:23] "POST /seller/add_book HTTP/1.1" 200 -
2024-12-19 08:53:23 - werkzeug - INFO - 127.0.0.1 - - [19/Dec/2024 08:53:23] "POST /seller/add_book HTTP/1.1" 200 -
2024-12-19 08:53:23 - werkzeug - INFO - 127.0.0.1 - - [19/Dec/2024 08:53:23] "POST /seller/add_book HTTP/1.1" 200 -
2024-12-19 08:53:23 - werkzeug - INFO - 127.0.0.1 - - [19/Dec/2024 08:53:23] "POST /seller/add_book HTTP/1.1" 200 -
2024-12-19 08:53:23 - werkzeug - INFO - 127.0.0.1 - - [19/Dec/2024 08:53:23] "POST /seller/add_book HTTP/1.1" 200 -
2024-12-19 08:53:23 - werkzeug - INFO - 127.0.0.1 - - [19/Dec/2024 08:53:23] "POST /seller/add_book HTTP/1.1" 200 -
2024-12-19 08:53:23 - werkzeug - INFO - 127.0.0.1 - - [19/Dec/2024 08:53:23] "POST /seller/add_book HTTP/1.1" 200 -
2024-12-19 08:53:23 - werkzeug - INFO - 127.0.0.1 - - [19/Dec/2024 08:53:23] "POST /seller/add_book HTTP/1.1" 200 -
2024-12-19 08:53:23 - werkzeug - INFO - 127.0.0.1 - - [19/Dec/2024 08:53:23] "POST /seller/add_book HTTP/1.1" 200 -
2024-12-19 08:53:23 - werkzeug - INFO - 127.0.0.1 - - [19/Dec/2024 08:53:23] "POST /seller/add_book HTTP/1.1" 200 -
2024-12-19 08:53:23 - werkzeug - INFO - 127.0.0.1 - - [19/Dec/2024 08:53:23] "POST /seller/add_book HTTP/1.1" 200 -
2024-12-19 08:53:23 - werkzeug - INFO - 127.0.0.1 - - [19/Dec/2024 08:53:23] "POST /seller/add_book HTTP/1.1" 200 -
2024-12-19 08:53:24 - werkzeug - INFO - 127.0.0.1 - - [19/Dec/2024 08:53:24] "POST /seller/add_book HTTP/1.1" 200 -
2024-12-19 08:53:24 - werkzeug - INFO - 127.0.0.1 - - [19/Dec/2024 08:53:24] "POST /seller/add_book HTTP/1.1" 200 -
2024-12-19 08:53:24 - werkzeug - INFO - 127.0.0.1 - - [19/Dec/2024 08:53:24] "POST /seller/add_book HTTP/1.1" 200 -
2024-12-19 08:53:24 - werkzeug - INFO - 127.0.0.1 - - [19/Dec/2024 08:53:24] "POST /seller/add_book HTTP/1.1" 200 -
2024-12-19 08:53:24 - werkzeug - INFO - 127.0.0.1 - - [19/Dec/2024 08:53:24] "POST /seller/add_book HTTP/1.1" 200 -
2024-12-19 08:53:24 - werkzeug - INFO - 127.0.0.1 - - [19/Dec/2024 08:53:24] "POST /seller/add_book HTTP/1.1" 200 -
2024-12-19 08:53:24 - werkzeug - INFO - 127.0.0.1 - - [19/Dec/2024 08:53:24] "POST /seller/add_book HTTP/1.1" 200 -
2024-12-19 08:53:24 - werkzeug - INFO - 127.0.0.1 - - [19/Dec/2024 08:53:24] "POST /seller/add_book HTTP/1.1" 200 -
2024-12-19 08:53:24 - werkzeug - INFO - 127.0.0.1 - - [19/Dec/2024 08:53:24] "POST /seller/add_book HTTP/1.1" 200 -
2024-12-19 08:53:24 - werkzeug - INFO - 127.0.0.1 - - [19/Dec/2024 08:53:24] "POST /seller/add_book HTTP/1.1" 200 -
2024-12-19 08:53:24 - werkzeug - INFO - 127.0.0.1 - - [19/Dec/2024 08:53:24] "POST /seller/add_book HTTP/1.1" 200 -
2024-12-19 08:53:24 - werkzeug - INFO - 127.0.0.1 - - [19/Dec/2024 08:53:24] "POST /seller/add_book HTTP/1.1" 200 -
2024-12-19 08:53:24 - werkzeug - INFO - 127.0.0.1 - - [19/Dec/2024 08:53:24] "POST /seller/add_book HTTP/1.1" 200 -
2024-12-19 08:53:24 - werkzeug - INFO - 127.0.0.1 - - [19/Dec/2024 08:53:24] "POST /seller/add_book HTTP/1.1" 200 -
2024-12-19 08:53:24 - werkzeug - INFO - 127.0.0.1 - - [19/Dec/2024 08:53:24] "POST /seller/add_book HTTP/1.1" 200 -
2024-12-19 08:53:25 - werkzeug - INFO - 127.0.0.1 - - [19/Dec/2024 08:53:25] "POST /seller/add_book HTTP/1.1" 200 -
2024-12-19 08:53:25 - werkzeug - INFO - 127.0.0.1 - - [19/Dec/2024 08:53:25] "POST /seller/add_book HTTP/1.1" 200 -
2024-12-19 08:53:25 - werkzeug - INFO - 127.0.0.1 - - [19/Dec/2024 08:53:25] "POST /seller/add_book HTTP/1.1" 200 -
2024-12-19 08:53:25 - werkzeug - INFO - 127.0.0.1 - - [19/Dec/2024 08:53:25] "POST /seller/add_book HTTP/1.1" 200 -
2024-12-19 08:53:25 - werkzeug - INFO - 127.0.0.1 - - [19/Dec/2024 08:53:25] "POST /seller/add_book HTTP/1.1" 200 -
2024-12-19 08:53:25 - werkzeug - INFO - 127.0.0.1 - - [19/Dec/2024 08:53:25] "POST /seller/add_book HTTP/1.1" 200 -
2024-12-19 08:53:25 - werkzeug - INFO - 127.0.0.1 - - [19/Dec/2024 08:53:25] "POST /seller/add_book HTTP/1.1" 200 -
2024-12-19 08:53:25 - werkzeug - INFO - 127.0.0.1 - - [19/Dec/2024 08:53:25] "POST /seller/add_book HTTP/1.1" 200 -
2024-12-19 08:53:25 - werkzeug - INFO - 127.0.0.1 - - [19/Dec/2024 08:53:25] "POST /seller/add_book HTTP/1.1" 200 -
2024-12-19 08:53:25 - werkzeug - INFO - 127.0.0.1 - - [19/Dec/2024 08:53:25] "POST /seller/add_book HTTP/1.1" 200 -
2024-12-19 08:53:25 - werkzeug - INFO - 127.0.0.1 - - [19/Dec/2024 08:53:25] "POST /seller/add_book HTTP/1.1" 200 -
2024-12-19 08:53:25 - werkzeug - INFO - 127.0.0.1 - - [19/Dec/2024 08:53:25] "POST /seller/add_book HTTP/1.1" 200 -
2024-12-19 08:53:25 - werkzeug - INFO - 127.0.0.1 - - [19/Dec/2024 08:53:25] "POST /seller/add_book HTTP/1.1" 200 -
2024-12-19 08:53:25 - werkzeug - INFO - 127.0.0.1 - - [19/Dec/2024 08:53:25] "POST /seller/add_book HTTP/1.1" 200 -
2024-12-19 08:53:25 - werkzeug - INFO - 127.0.0.1 - - [19/Dec/2024 08:53:25] "POST /seller/add_book HTTP/1.1" 200 -
2024-12-19 08:53:26 - werkzeug - INFO - 127.0.0.1 - - [19/Dec/2024 08:53:26] "POST /seller/add_book HTTP/1.1" 200 -
2024-12-19 08:53:26 - werkzeug - INFO - 127.0.0.1 - - [19/Dec/2024 08:53:26] "POST /seller/add_book HTTP/1.1" 200 -
2024-12-19 08:53:26 - werkzeug - INFO - 127.0.0.1 - - [19/Dec/2024 08:53:26] "POST /seller/add_book HTTP/1.1" 200 -
2024-12-19 08:53:26 - werkzeug - INFO - 127.0.0.1 - - [19/Dec/2024 08:53:26] "POST /seller/add_book HTTP/1.1" 200 -
2024-12-19 08:53:26 - werkzeug - INFO - 127.0.0.1 - - [19/Dec/2024 08:53:26] "POST /seller/add_book HTTP/1.1" 200 -
2024-12-19 08:53:26 - werkzeug - INFO - 127.0.0.1 - - [19/Dec/2024 08:53:26] "POST /seller/add_book HTTP/1.1" 200 -
2024-12-19 08:53:26 - werkzeug - INFO - 127.0.0.1 - - [19/Dec/2024 08:53:26] "POST /seller/add_book HTTP/1.1" 200 -
2024-12-19 08:53:26 - werkzeug - INFO - 127.0.0.1 - - [19/Dec/2024 08:53:26] "POST /seller/add_book HTTP/1.1" 200 -
2024-12-19 08:53:26 - werkzeug - INFO - 127.0.0.1 - - [19/Dec/2024 08:53:26] "POST /seller/add_book HTTP/1.1" 200 -
2024-12-19 08:53:26 - werkzeug - INFO - 127.0.0.1 - - [19/Dec/2024 08:53:26] "POST /seller/add_book HTTP/1.1" 200 -
2024-12-19 08:53:26 - werkzeug - INFO - 127.0.0.1 - - [19/Dec/2024 08:53:26] "POST /seller/add_book HTTP/1.1" 200 -
2024-12-19 08:53:26 - werkzeug - INFO - 127.0.0.1 - - [19/Dec/2024 08:53:26] "POST /seller/add_book HTTP/1.1" 200 -
2024-12-19 08:53:26 - werkzeug - INFO - 127.0.0.1 - - [19/Dec/2024 08:53:26] "POST /seller/add_book HTTP/1.1" 200 -
2024-12-19 08:53:27 - werkzeug - INFO - 127.0.0.1 - - [19/Dec/2024 08:53:27] "POST /seller/add_book HTTP/1.1" 200 -
2024-12-19 08:53:27 - werkzeug - INFO - 127.0.0.1 - - [19/Dec/2024 08:53:27] "POST /seller/add_book HTTP/1.1" 200 -
2024-12-19 08:53:27 - werkzeug - INFO - 127.0.0.1 - - [19/Dec/2024 08:53:27] "POST /seller/add_book HTTP/1.1" 200 -
2024-12-19 08:53:27 - werkzeug - INFO - 127.0.0.1 - - [19/Dec/2024 08:53:27] "POST /seller/add_book HTTP/1.1" 200 -
2024-12-19 08:53:27 - werkzeug - INFO - 127.0.0.1 - - [19/Dec/2024 08:53:27] "POST /seller/add_book HTTP/1.1" 200 -
2024-12-19 08:53:27 - werkzeug - INFO - 127.0.0.1 - - [19/Dec/2024 08:53:27] "POST /seller/add_book HTTP/1.1" 200 -
2024-12-19 08:53:27 - werkzeug - INFO - 127.0.0.1 - - [19/Dec/2024 08:53:27] "POST /seller/add_book HTTP/1.1" 200 -
2024-12-19 08:53:27 - werkzeug - INFO - 127.0.0.1 - - [19/Dec/2024 08:53:27] "POST /seller/add_book HTTP/1.1" 200 -
2024-12-19 08:53:27 - werkzeug - INFO - 127.0.0.1 - - [19/Dec/2024 08:53:27] "POST /seller/add_book HTTP/1.1" 200 -
2024-12-19 08:53:27 - werkzeug - INFO - 127.0.0.1 - - [19/Dec/2024 08:53:27] "POST /seller/add_book HTTP/1.1" 200 -
2024-12-19 08:53:27 - werkzeug - INFO - 127.0.0.1 - - [19/Dec/2024 08:53:27] "POST /seller/add_book HTTP/1.1" 200 -
2024-12-19 08:53:27 - werkzeug - INFO - 127.0.0.1 - - [19/Dec/2024 08:53:27] "POST /seller/add_book HTTP/1.1" 200 -
2024-12-19 08:53:27 - werkzeug - INFO - 127.0.0.1 - - [19/Dec/2024 08:53:27] "POST /seller/add_book HTTP/1.1" 200 -
2024-12-19 08:53:27 - werkzeug - INFO - 127.0.0.1 - - [19/Dec/2024 08:53:27] "POST /seller/add_book HTTP/1.1" 200 -
2024-12-19 08:53:28 - werkzeug - INFO - 127.0.0.1 - - [19/Dec/2024 08:53:28] "POST /seller/add_book HTTP/1.1" 200 -
2024-12-19 08:53:28 - werkzeug - INFO - 127.0.0.1 - - [19/Dec/2024 08:53:28] "POST /seller/create_store HTTP/1.1" 200 -
2024-12-19 08:53:31 - werkzeug - INFO - 127.0.0.1 - - [19/Dec/2024 08:53:31] "POST /seller/add_book HTTP/1.1" 200 -
2024-12-19 08:53:31 - werkzeug - INFO - 127.0.0.1 - - [19/Dec/2024 08:53:31] "POST /seller/add_book HTTP/1.1" 200 -
2024-12-19 08:53:31 - werkzeug - INFO - 127.0.0.1 - - [19/Dec/2024 08:53:31] "POST /seller/add_book HTTP/1.1" 200 -
2024-12-19 08:53:31 - werkzeug - INFO - 127.0.0.1 - - [19/Dec/2024 08:53:31] "POST /seller/add_book HTTP/1.1" 200 -
2024-12-19 08:53:31 - werkzeug - INFO - 127.0.0.1 - - [19/Dec/2024 08:53:31] "POST /seller/add_book HTTP/1.1" 200 -
2024-12-19 08:53:31 - werkzeug - INFO - 127.0.0.1 - - [19/Dec/2024 08:53:31] "POST /seller/add_book HTTP/1.1" 200 -
2024-12-19 08:53:31 - werkzeug - INFO - 127.0.0.1 - - [19/Dec/2024 08:53:31] "POST /seller/add_book HTTP/1.1" 200 -
2024-12-19 08:53:32 - werkzeug - INFO - 127.0.0.1 - - [19/Dec/2024 08:53:32] "POST /seller/add_book HTTP/1.1" 200 -
2024-12-19 08:53:32 - werkzeug - INFO - 127.0.0.1 - - [19/Dec/2024 08:53:32] "POST /seller/add_book HTTP/1.1" 200 -
2024-12-19 08:53:32 - werkzeug - INFO - 127.0.0.1 - - [19/Dec/2024 08:53:32] "POST /seller/add_book HTTP/1.1" 200 -
2024-12-19 08:53:32 - werkzeug - INFO - 127.0.0.1 - - [19/Dec/2024 08:53:32] "POST /seller/add_book HTTP/1.1" 200 -
2024-12-19 08:53:32 - werkzeug - INFO - 127.0.0.1 - - [19/Dec/2024 08:53:32] "POST /seller/add_book HTTP/1.1" 200 -
2024-12-19 08:53:32 - werkzeug - INFO - 127.0.0.1 - - [19/Dec/2024 08:53:32] "POST /seller/add_book HTTP/1.1" 200 -
2024-12-19 08:53:32 - werkzeug - INFO - 127.0.0.1 - - [19/Dec/2024 08:53:32] "POST /seller/add_book HTTP/1.1" 200 -
2024-12-19 08:53:32 - werkzeug - INFO - 127.0.0.1 - - [19/Dec/2024 08:53:32] "POST /seller/add_book HTTP/1.1" 200 -
2024-12-19 08:53:32 - werkzeug - INFO - 127.0.0.1 - - [19/Dec/2024 08:53:32] "POST /seller/add_book HTTP/1.1" 200 -
2024-12-19 08:53:32 - werkzeug - INFO - 127.0.0.1 - - [19/Dec/2024 08:53:32] "POST /seller/add_book HTTP/1.1" 200 -
2024-12-19 08:53:32 - werkzeug - INFO - 127.0.0.1 - - [19/Dec/2024 08:53:32] "POST /seller/add_book HTTP/1.1" 200 -
2024-12-19 08:53:32 - werkzeug - INFO - 127.0.0.1 - - [19/Dec/2024 08:53:32] "POST /seller/add_book HTTP/1.1" 200 -
2024-12-19 08:53:32 - werkzeug - INFO - 127.0.0.1 - - [19/Dec/2024 08:53:32] "POST /seller/add_book HTTP/1.1" 200 -
2024-12-19 08:53:32 - werkzeug - INFO - 127.0.0.1 - - [19/Dec/2024 08:53:32] "POST /seller/add_book HTTP/1.1" 200 -
2024-12-19 08:53:33 - werkzeug - INFO - 127.0.0.1 - - [19/Dec/2024 08:53:33] "POST /seller/add_book HTTP/1.1" 200 -
2024-12-19 08:53:33 - werkzeug - INFO - 127.0.0.1 - - [19/Dec/2024 08:53:33] "POST /seller/add_book HTTP/1.1" 200 -
2024-12-19 08:53:33 - werkzeug - INFO - 127.0.0.1 - - [19/Dec/2024 08:53:33] "POST /seller/add_book HTTP/1.1" 200 -
2024-12-19 08:53:33 - werkzeug - INFO - 127.0.0.1 - - [19/Dec/2024 08:53:33] "POST /seller/add_book HTTP/1.1" 200 -
2024-12-19 08:53:33 - werkzeug - INFO - 127.0.0.1 - - [19/Dec/2024 08:53:33] "POST /seller/add_book HTTP/1.1" 200 -
2024-12-19 08:53:33 - werkzeug - INFO - 127.0.0.1 - - [19/Dec/2024 08:53:33] "POST /seller/add_book HTTP/1.1" 200 -
2024-12-19 08:53:33 - werkzeug - INFO - 127.0.0.1 - - [19/Dec/2024 08:53:33] "POST /seller/add_book HTTP/1.1" 200 -
2024-12-19 08:53:33 - werkzeug - INFO - 127.0.0.1 - - [19/Dec/2024 08:53:33] "POST /seller/add_book HTTP/1.1" 200 -
2024-12-19 08:53:33 - werkzeug - INFO - 127.0.0.1 - - [19/Dec/2024 08:53:33] "POST /seller/add_book HTTP/1.1" 200 -
2024-12-19 08:53:33 - werkzeug - INFO - 127.0.0.1 - - [19/Dec/2024 08:53:33] "POST /seller/add_book HTTP/1.1" 200 -
2024-12-19 08:53:33 - werkzeug - INFO - 127.0.0.1 - - [19/Dec/2024 08:53:33] "POST /seller/add_book HTTP/1.1" 200 -
2024-12-19 08:53:33 - werkzeug - INFO - 127.0.0.1 - - [19/Dec/2024 08:53:33] "POST /seller/add_book HTTP/1.1" 200 -
2024-12-19 08:53:33 - werkzeug - INFO - 127.0.0.1 - - [19/Dec/2024 08:53:33] "POST /seller/add_book HTTP/1.1" 200 -
2024-12-19 08:53:33 - werkzeug - INFO - 127.0.0.1 - - [19/Dec/2024 08:53:33] "POST /seller/add_book HTTP/1.1" 200 -
2024-12-19 08:53:33 - werkzeug - INFO - 127.0.0.1 - - [19/Dec/2024 08:53:33] "POST /seller/add_book HTTP/1.1" 200 -
2024-12-19 08:53:34 - werkzeug - INFO - 127.0.0.1 - - [19/Dec/2024 08:53:34] "POST /seller/add_book HTTP/1.1" 200 -
2024-12-19 08:53:34 - werkzeug - INFO - 127.0.0.1 - - [19/Dec/2024 08:53:34] "POST /seller/add_book HTTP/1.1" 200 -
2024-12-19 08:53:34 - werkzeug - INFO - 127.0.0.1 - - [19/Dec/2024 08:53:34] "POST /seller/add_book HTTP/1.1" 200 -
2024-12-19 08:53:34 - werkzeug - INFO - 127.0.0.1 - - [19/Dec/2024 08:53:34] "POST /seller/add_book HTTP/1.1" 200 -
2024-12-19 08:53:34 - werkzeug - INFO - 127.0.0.1 - - [19/Dec/2024 08:53:34] "POST /seller/add_book HTTP/1.1" 200 -
2024-12-19 08:53:34 - werkzeug - INFO - 127.0.0.1 - - [19/Dec/2024 08:53:34] "POST /seller/add_book HTTP/1.1" 200 -
2024-12-19 08:53:34 - werkzeug - INFO - 127.0.0.1 - - [19/Dec/2024 08:53:34] "POST /seller/add_book HTTP/1.1" 200 -
2024-12-19 08:53:34 - werkzeug - INFO - 127.0.0.1 - - [19/Dec/2024 08:53:34] "POST /seller/add_book HTTP/1.1" 200 -
2024-12-19 08:53:34 - werkzeug - INFO - 127.0.0.1 - - [19/Dec/2024 08:53:34] "POST /seller/add_book HTTP/1.1" 200 -
2024-12-19 08:53:34 - werkzeug - INFO - 127.0.0.1 - - [19/Dec/2024 08:53:34] "POST /seller/add_book HTTP/1.1" 200 -
2024-12-19 08:53:34 - werkzeug - INFO - 127.0.0.1 - - [19/Dec/2024 08:53:34] "POST /seller/add_book HTTP/1.1" 200 -
2024-12-19 08:53:34 - werkzeug - INFO - 127.0.0.1 - - [19/Dec/2024 08:53:34] "POST /seller/add_book HTTP/1.1" 200 -
2024-12-19 08:53:34 - werkzeug - INFO - 127.0.0.1 - - [19/Dec/2024 08:53:34] "POST /seller/add_book HTTP/1.1" 200 -
2024-12-19 08:53:34 - werkzeug - INFO - 127.0.0.1 - - [19/Dec/2024 08:53:34] "POST /seller/add_book HTTP/1.1" 200 -
2024-12-19 08:53:34 - werkzeug - INFO - 127.0.0.1 - - [19/Dec/2024 08:53:34] "POST /seller/add_book HTTP/1.1" 200 -
2024-12-19 08:53:35 - werkzeug - INFO - 127.0.0.1 - - [19/Dec/2024 08:53:35] "POST /seller/add_book HTTP/1.1" 200 -
2024-12-19 08:53:35 - werkzeug - INFO - 127.0.0.1 - - [19/Dec/2024 08:53:35] "POST /seller/add_book HTTP/1.1" 200 -
2024-12-19 08:53:35 - werkzeug - INFO - 127.0.0.1 - - [19/Dec/2024 08:53:35] "POST /seller/add_book HTTP/1.1" 200 -
2024-12-19 08:53:35 - werkzeug - INFO - 127.0.0.1 - - [19/Dec/2024 08:53:35] "POST /seller/add_book HTTP/1.1" 200 -
2024-12-19 08:53:35 - werkzeug - INFO - 127.0.0.1 - - [19/Dec/2024 08:53:35] "POST /seller/add_book HTTP/1.1" 200 -
2024-12-19 08:53:35 - werkzeug - INFO - 127.0.0.1 - - [19/Dec/2024 08:53:35] "POST /seller/add_book HTTP/1.1" 200 -
2024-12-19 08:53:35 - werkzeug - INFO - 127.0.0.1 - - [19/Dec/2024 08:53:35] "POST /seller/add_book HTTP/1.1" 200 -
2024-12-19 08:53:35 - werkzeug - INFO - 127.0.0.1 - - [19/Dec/2024 08:53:35] "POST /seller/add_book HTTP/1.1" 200 -
2024-12-19 08:53:35 - werkzeug - INFO - 127.0.0.1 - - [19/Dec/2024 08:53:35] "POST /seller/add_book HTTP/1.1" 200 -
2024-12-19 08:53:35 - werkzeug - INFO - 127.0.0.1 - - [19/Dec/2024 08:53:35] "POST /seller/add_book HTTP/1.1" 200 -
2024-12-19 08:53:35 - werkzeug - INFO - 127.0.0.1 - - [19/Dec/2024 08:53:35] "POST /seller/add_book HTTP/1.1" 200 -
2024-12-19 08:53:35 - werkzeug - INFO - 127.0.0.1 - - [19/Dec/2024 08:53:35] "POST /seller/add_book HTTP/1.1" 200 -
2024-12-19 08:53:35 - werkzeug - INFO - 127.0.0.1 - - [19/Dec/2024 08:53:35] "POST /seller/add_book HTTP/1.1" 200 -
2024-12-19 08:53:35 - werkzeug - INFO - 127.0.0.1 - - [19/Dec/2024 08:53:35] "POST /seller/add_book HTTP/1.1" 200 -
2024-12-19 08:53:35 - werkzeug - INFO - 127.0.0.1 - - [19/Dec/2024 08:53:35] "POST /seller/add_book HTTP/1.1" 200 -
2024-12-19 08:53:36 - werkzeug - INFO - 127.0.0.1 - - [19/Dec/2024 08:53:36] "POST /seller/add_book HTTP/1.1" 200 -
2024-12-19 08:53:36 - werkzeug - INFO - 127.0.0.1 - - [19/Dec/2024 08:53:36] "POST /seller/add_book HTTP/1.1" 200 -
2024-12-19 08:53:36 - werkzeug - INFO - 127.0.0.1 - - [19/Dec/2024 08:53:36] "POST /seller/add_book HTTP/1.1" 200 -
2024-12-19 08:53:36 - werkzeug - INFO - 127.0.0.1 - - [19/Dec/2024 08:53:36] "POST /seller/add_book HTTP/1.1" 200 -
2024-12-19 08:53:36 - werkzeug - INFO - 127.0.0.1 - - [19/Dec/2024 08:53:36] "POST /seller/add_book HTTP/1.1" 200 -
2024-12-19 08:53:36 - werkzeug - INFO - 127.0.0.1 - - [19/Dec/2024 08:53:36] "POST /seller/add_book HTTP/1.1" 200 -
2024-12-19 08:53:36 - werkzeug - INFO - 127.0.0.1 - - [19/Dec/2024 08:53:36] "POST /seller/add_book HTTP/1.1" 200 -
2024-12-19 08:53:36 - werkzeug - INFO - 127.0.0.1 - - [19/Dec/2024 08:53:36] "POST /seller/add_book HTTP/1.1" 200 -
2024-12-19 08:53:36 - werkzeug - INFO - 127.0.0.1 - - [19/Dec/2024 08:53:36] "POST /seller/add_book HTTP/1.1" 200 -
2024-12-19 08:53:36 - werkzeug - INFO - 127.0.0.1 - - [19/Dec/2024 08:53:36] "POST /seller/add_book HTTP/1.1" 200 -
2024-12-19 08:53:36 - werkzeug - INFO - 127.0.0.1 - - [19/Dec/2024 08:53:36] "POST /seller/add_book HTTP/1.1" 200 -
2024-12-19 08:53:36 - werkzeug - INFO - 127.0.0.1 - - [19/Dec/2024 08:53:36] "POST /seller/add_book HTTP/1.1" 200 -
2024-12-19 08:53:36 - werkzeug - INFO - 127.0.0.1 - - [19/Dec/2024 08:53:36] "POST /seller/add_book HTTP/1.1" 200 -
2024-12-19 08:53:36 - werkzeug - INFO - 127.0.0.1 - - [19/Dec/2024 08:53:36] "POST /seller/add_book HTTP/1.1" 200 -
2024-12-19 08:53:37 - werkzeug - INFO - 127.0.0.1 - - [19/Dec/2024 08:53:37] "POST /seller/add_book HTTP/1.1" 200 -
2024-12-19 08:53:37 - werkzeug - INFO - 127.0.0.1 - - [19/Dec/2024 08:53:37] "POST /seller/add_book HTTP/1.1" 200 -
2024-12-19 08:53:37 - werkzeug - INFO - 127.0.0.1 - - [19/Dec/2024 08:53:37] "POST /seller/add_book HTTP/1.1" 200 -
2024-12-19 08:53:37 - werkzeug - INFO - 127.0.0.1 - - [19/Dec/2024 08:53:37] "POST /seller/add_book HTTP/1.1" 200 -
2024-12-19 08:53:37 - werkzeug - INFO - 127.0.0.1 - - [19/Dec/2024 08:53:37] "POST /seller/add_book HTTP/1.1" 200 -
2024-12-19 08:53:37 - werkzeug - INFO - 127.0.0.1 - - [19/Dec/2024 08:53:37] "POST /seller/add_book HTTP/1.1" 200 -
2024-12-19 08:53:37 - werkzeug - INFO - 127.0.0.1 - - [19/Dec/2024 08:53:37] "POST /seller/add_book HTTP/1.1" 200 -
2024-12-19 08:53:37 - werkzeug - INFO - 127.0.0.1 - - [19/Dec/2024 08:53:37] "POST /seller/add_book HTTP/1.1" 200 -
2024-12-19 08:53:37 - werkzeug - INFO - 127.0.0.1 - - [19/Dec/2024 08:53:37] "POST /seller/add_book HTTP/1.1" 200 -
2024-12-19 08:53:37 - werkzeug - INFO - 127.0.0.1 - - [19/Dec/2024 08:53:37] "POST /seller/add_book HTTP/1.1" 200 -
2024-12-19 08:53:37 - werkzeug - INFO - 127.0.0.1 - - [19/Dec/2024 08:53:37] "POST /seller/add_book HTTP/1.1" 200 -
2024-12-19 08:53:37 - werkzeug - INFO - 127.0.0.1 - - [19/Dec/2024 08:53:37] "POST /seller/add_book HTTP/1.1" 200 -
2024-12-19 08:53:37 - werkzeug - INFO - 127.0.0.1 - - [19/Dec/2024 08:53:37] "POST /seller/add_book HTTP/1.1" 200 -
2024-12-19 08:53:38 - werkzeug - INFO - 127.0.0.1 - - [19/Dec/2024 08:53:38] "POST /seller/add_book HTTP/1.1" 200 -
2024-12-19 08:53:38 - werkzeug - INFO - 127.0.0.1 - - [19/Dec/2024 08:53:38] "POST /seller/add_book HTTP/1.1" 200 -
2024-12-19 08:53:38 - werkzeug - INFO - 127.0.0.1 - - [19/Dec/2024 08:53:38] "POST /seller/add_book HTTP/1.1" 200 -
2024-12-19 08:53:38 - werkzeug - INFO - 127.0.0.1 - - [19/Dec/2024 08:53:38] "POST /seller/add_book HTTP/1.1" 200 -
2024-12-19 08:53:38 - werkzeug - INFO - 127.0.0.1 - - [19/Dec/2024 08:53:38] "POST /seller/add_book HTTP/1.1" 200 -
2024-12-19 08:53:38 - werkzeug - INFO - 127.0.0.1 - - [19/Dec/2024 08:53:38] "POST /seller/add_book HTTP/1.1" 200 -
2024-12-19 08:53:38 - werkzeug - INFO - 127.0.0.1 - - [19/Dec/2024 08:53:38] "POST /seller/add_book HTTP/1.1" 200 -
2024-12-19 08:53:38 - root - INFO - seller data loaded.
2024-12-19 08:53:38 - be.view.auth - INFO - 收到注册请求: {'user_id': 'buyer_1_95150364-bda3-11ef-adb5-02a6845b4b32', 'password': 'buyer_seller_1_95150364-bda3-11ef-adb5-02a6845b4b32'}
2024-12-19 08:53:38 - be.model.user - INFO - 尝试注册新用户：buyer_1_95150364-bda3-11ef-adb5-02a6845b4b32
2024-12-19 08:53:38 - be.model.user - INFO - 加密密码...
2024-12-19 08:53:38 - be.model.user - INFO - 创建新用户...
2024-12-19 08:53:38 - be.model.user - INFO - 添加用户到数据库...
2024-12-19 08:53:38 - be.model.user - INFO - 用户注册成功：buyer_1_95150364-bda3-11ef-adb5-02a6845b4b32
2024-12-19 08:53:38 - be.view.auth - INFO - 注册处理结果: 200
2024-12-19 08:53:38 - werkzeug - INFO - 127.0.0.1 - - [19/Dec/2024 08:53:38] "POST /auth/register HTTP/1.1" 200 -
2024-12-19 08:53:38 - be.view.auth - INFO - 收到登录请求: {'user_id': 'buyer_1_95150364-bda3-11ef-adb5-02a6845b4b32', 'password': 'buyer_seller_1_95150364-bda3-11ef-adb5-02a6845b4b32', 'terminal': 'my terminal'}
2024-12-19 08:53:38 - be.model.user - INFO - 尝试登录用户：buyer_1_95150364-bda3-11ef-adb5-02a6845b4b32，终端：my terminal
2024-12-19 08:53:38 - be.model.user - INFO - 为用户 buyer_1_95150364-bda3-11ef-adb5-02a6845b4b32 生成新token，终端：my terminal
2024-12-19 08:53:38 - be.model.user - INFO - 用户登录成功：buyer_1_95150364-bda3-11ef-adb5-02a6845b4b32
2024-12-19 08:53:39 - be.view.auth - INFO - 登录处理结果: 200
2024-12-19 08:53:39 - werkzeug - INFO - 127.0.0.1 - - [19/Dec/2024 08:53:39] "POST /auth/login HTTP/1.1" 200 -
2024-12-19 08:53:39 - werkzeug - INFO - 127.0.0.1 - - [19/Dec/2024 08:53:39] "[31m[1mPOST /buyer/add_funds HTTP/1.1[0m" 401 -
2024-12-19 08:53:39 - be.view.auth - INFO - 收到注册请求: {'user_id': 'buyer_2_95150364-bda3-11ef-adb5-02a6845b4b32', 'password': 'buyer_seller_2_95150364-bda3-11ef-adb5-02a6845b4b32'}
2024-12-19 08:53:39 - be.model.user - INFO - 尝试注册新用户：buyer_2_95150364-bda3-11ef-adb5-02a6845b4b32
2024-12-19 08:53:39 - be.model.user - INFO - 加密密码...
2024-12-19 08:53:39 - be.model.user - INFO - 创建新用户...
2024-12-19 08:53:39 - be.model.user - INFO - 添加用户到数据库...
2024-12-19 08:53:39 - be.model.user - INFO - 用户注册成功：buyer_2_95150364-bda3-11ef-adb5-02a6845b4b32
2024-12-19 08:53:39 - be.view.auth - INFO - 注册处理结果: 200
2024-12-19 08:53:39 - werkzeug - INFO - 127.0.0.1 - - [19/Dec/2024 08:53:39] "POST /auth/register HTTP/1.1" 200 -
2024-12-19 08:53:39 - be.view.auth - INFO - 收到登录请求: {'user_id': 'buyer_2_95150364-bda3-11ef-adb5-02a6845b4b32', 'password': 'buyer_seller_2_95150364-bda3-11ef-adb5-02a6845b4b32', 'terminal': 'my terminal'}
2024-12-19 08:53:39 - be.model.user - INFO - 尝试登录用户：buyer_2_95150364-bda3-11ef-adb5-02a6845b4b32，终端：my terminal
2024-12-19 08:53:39 - be.model.user - INFO - 为用户 buyer_2_95150364-bda3-11ef-adb5-02a6845b4b32 生成新token，终端：my terminal
2024-12-19 08:53:39 - be.model.user - INFO - 用户登录成功：buyer_2_95150364-bda3-11ef-adb5-02a6845b4b32
2024-12-19 08:53:39 - be.view.auth - INFO - 登录处理结果: 200
2024-12-19 08:53:39 - werkzeug - INFO - 127.0.0.1 - - [19/Dec/2024 08:53:39] "POST /auth/login HTTP/1.1" 200 -
2024-12-19 08:53:39 - werkzeug - INFO - 127.0.0.1 - - [19/Dec/2024 08:53:39] "[31m[1mPOST /buyer/add_funds HTTP/1.1[0m" 401 -
2024-12-19 08:53:39 - be.view.auth - INFO - 收到注册请求: {'user_id': 'buyer_3_95150364-bda3-11ef-adb5-02a6845b4b32', 'password': 'buyer_seller_3_95150364-bda3-11ef-adb5-02a6845b4b32'}
2024-12-19 08:53:39 - be.model.user - INFO - 尝试注册新用户：buyer_3_95150364-bda3-11ef-adb5-02a6845b4b32
2024-12-19 08:53:39 - be.model.user - INFO - 加密密码...
2024-12-19 08:53:39 - be.model.user - INFO - 创建新用户...
2024-12-19 08:53:39 - be.model.user - INFO - 添加用户到数据库...
2024-12-19 08:53:40 - be.model.user - INFO - 用户注册成功：buyer_3_95150364-bda3-11ef-adb5-02a6845b4b32
2024-12-19 08:53:40 - be.view.auth - INFO - 注册处理结果: 200
2024-12-19 08:53:40 - werkzeug - INFO - 127.0.0.1 - - [19/Dec/2024 08:53:40] "POST /auth/register HTTP/1.1" 200 -
2024-12-19 08:53:40 - be.view.auth - INFO - 收到登录请求: {'user_id': 'buyer_3_95150364-bda3-11ef-adb5-02a6845b4b32', 'password': 'buyer_seller_3_95150364-bda3-11ef-adb5-02a6845b4b32', 'terminal': 'my terminal'}
2024-12-19 08:53:40 - be.model.user - INFO - 尝试登录用户：buyer_3_95150364-bda3-11ef-adb5-02a6845b4b32，终端：my terminal
2024-12-19 08:53:40 - be.model.user - INFO - 为用户 buyer_3_95150364-bda3-11ef-adb5-02a6845b4b32 生成新token，终端：my terminal
2024-12-19 08:53:40 - be.model.user - INFO - 用户登录成功：buyer_3_95150364-bda3-11ef-adb5-02a6845b4b32
2024-12-19 08:53:40 - be.view.auth - INFO - 登录处理结果: 200
2024-12-19 08:53:40 - werkzeug - INFO - 127.0.0.1 - - [19/Dec/2024 08:53:40] "POST /auth/login HTTP/1.1" 200 -
2024-12-19 08:53:40 - werkzeug - INFO - 127.0.0.1 - - [19/Dec/2024 08:53:40] "[31m[1mPOST /buyer/add_funds HTTP/1.1[0m" 401 -
2024-12-19 08:53:40 - be.view.auth - INFO - 收到注册请求: {'user_id': 'buyer_4_95150364-bda3-11ef-adb5-02a6845b4b32', 'password': 'buyer_seller_4_95150364-bda3-11ef-adb5-02a6845b4b32'}
2024-12-19 08:53:40 - be.model.user - INFO - 尝试注册新用户：buyer_4_95150364-bda3-11ef-adb5-02a6845b4b32
2024-12-19 08:53:40 - be.model.user - INFO - 加密密码...
2024-12-19 08:53:40 - be.model.user - INFO - 创建新用户...
2024-12-19 08:53:40 - be.model.user - INFO - 添加用户到数据库...
2024-12-19 08:53:40 - be.model.user - INFO - 用户注册成功：buyer_4_95150364-bda3-11ef-adb5-02a6845b4b32
2024-12-19 08:53:40 - be.view.auth - INFO - 注册处理结果: 200
2024-12-19 08:53:40 - werkzeug - INFO - 127.0.0.1 - - [19/Dec/2024 08:53:40] "POST /auth/register HTTP/1.1" 200 -
2024-12-19 08:53:40 - be.view.auth - INFO - 收到登录请求: {'user_id': 'buyer_4_95150364-bda3-11ef-adb5-02a6845b4b32', 'password': 'buyer_seller_4_95150364-bda3-11ef-adb5-02a6845b4b32', 'terminal': 'my terminal'}
2024-12-19 08:53:40 - be.model.user - INFO - 尝试登录用户：buyer_4_95150364-bda3-11ef-adb5-02a6845b4b32，终端：my terminal
2024-12-19 08:53:40 - be.model.user - INFO - 为用户 buyer_4_95150364-bda3-11ef-adb5-02a6845b4b32 生成新token，终端：my terminal
2024-12-19 08:53:40 - be.model.user - INFO - 用户登录成功：buyer_4_95150364-bda3-11ef-adb5-02a6845b4b32
2024-12-19 08:53:40 - be.view.auth - INFO - 登录处理结果: 200
2024-12-19 08:53:40 - werkzeug - INFO - 127.0.0.1 - - [19/Dec/2024 08:53:40] "POST /auth/login HTTP/1.1" 200 -
2024-12-19 08:53:40 - werkzeug - INFO - 127.0.0.1 - - [19/Dec/2024 08:53:40] "[31m[1mPOST /buyer/add_funds HTTP/1.1[0m" 401 -
2024-12-19 08:53:40 - be.view.auth - INFO - 收到注册请求: {'user_id': 'buyer_5_95150364-bda3-11ef-adb5-02a6845b4b32', 'password': 'buyer_seller_5_95150364-bda3-11ef-adb5-02a6845b4b32'}
2024-12-19 08:53:40 - be.model.user - INFO - 尝试注册新用户：buyer_5_95150364-bda3-11ef-adb5-02a6845b4b32
2024-12-19 08:53:41 - be.model.user - INFO - 加密密码...
2024-12-19 08:53:41 - be.model.user - INFO - 创建新用户...
2024-12-19 08:53:41 - be.model.user - INFO - 添加用户到数据库...
2024-12-19 08:53:41 - be.model.user - INFO - 用户注册成功：buyer_5_95150364-bda3-11ef-adb5-02a6845b4b32
2024-12-19 08:53:41 - be.view.auth - INFO - 注册处理结果: 200
2024-12-19 08:53:41 - werkzeug - INFO - 127.0.0.1 - - [19/Dec/2024 08:53:41] "POST /auth/register HTTP/1.1" 200 -
2024-12-19 08:53:41 - be.view.auth - INFO - 收到登录请求: {'user_id': 'buyer_5_95150364-bda3-11ef-adb5-02a6845b4b32', 'password': 'buyer_seller_5_95150364-bda3-11ef-adb5-02a6845b4b32', 'terminal': 'my terminal'}
2024-12-19 08:53:41 - be.model.user - INFO - 尝试登录用户：buyer_5_95150364-bda3-11ef-adb5-02a6845b4b32，终端：my terminal
2024-12-19 08:53:41 - be.model.user - INFO - 为用户 buyer_5_95150364-bda3-11ef-adb5-02a6845b4b32 生成新token，终端：my terminal
2024-12-19 08:53:41 - be.model.user - INFO - 用户登录成功：buyer_5_95150364-bda3-11ef-adb5-02a6845b4b32
2024-12-19 08:53:41 - be.view.auth - INFO - 登录处理结果: 200
2024-12-19 08:53:41 - werkzeug - INFO - 127.0.0.1 - - [19/Dec/2024 08:53:41] "POST /auth/login HTTP/1.1" 200 -
2024-12-19 08:53:41 - werkzeug - INFO - 127.0.0.1 - - [19/Dec/2024 08:53:41] "[31m[1mPOST /buyer/add_funds HTTP/1.1[0m" 401 -
2024-12-19 08:53:41 - be.view.auth - INFO - 收到注册请求: {'user_id': 'buyer_6_95150364-bda3-11ef-adb5-02a6845b4b32', 'password': 'buyer_seller_6_95150364-bda3-11ef-adb5-02a6845b4b32'}
2024-12-19 08:53:41 - be.model.user - INFO - 尝试注册新用户：buyer_6_95150364-bda3-11ef-adb5-02a6845b4b32
2024-12-19 08:53:41 - be.model.user - INFO - 加密密码...
2024-12-19 08:53:41 - be.model.user - INFO - 创建新用户...
2024-12-19 08:53:41 - be.model.user - INFO - 添加用户到数据库...
2024-12-19 08:53:41 - be.model.user - INFO - 用户注册成功：buyer_6_95150364-bda3-11ef-adb5-02a6845b4b32
2024-12-19 08:53:41 - be.view.auth - INFO - 注册处理结果: 200
2024-12-19 08:53:41 - werkzeug - INFO - 127.0.0.1 - - [19/Dec/2024 08:53:41] "POST /auth/register HTTP/1.1" 200 -
2024-12-19 08:53:41 - be.view.auth - INFO - 收到登录请求: {'user_id': 'buyer_6_95150364-bda3-11ef-adb5-02a6845b4b32', 'password': 'buyer_seller_6_95150364-bda3-11ef-adb5-02a6845b4b32', 'terminal': 'my terminal'}
2024-12-19 08:53:41 - be.model.user - INFO - 尝试登录用户：buyer_6_95150364-bda3-11ef-adb5-02a6845b4b32，终端：my terminal
2024-12-19 08:53:42 - be.model.user - INFO - 为用户 buyer_6_95150364-bda3-11ef-adb5-02a6845b4b32 生成新token，终端：my terminal
2024-12-19 08:53:42 - be.model.user - INFO - 用户登录成功：buyer_6_95150364-bda3-11ef-adb5-02a6845b4b32
2024-12-19 08:53:42 - be.view.auth - INFO - 登录处理结果: 200
2024-12-19 08:53:42 - werkzeug - INFO - 127.0.0.1 - - [19/Dec/2024 08:53:42] "POST /auth/login HTTP/1.1" 200 -
2024-12-19 08:53:42 - werkzeug - INFO - 127.0.0.1 - - [19/Dec/2024 08:53:42] "[31m[1mPOST /buyer/add_funds HTTP/1.1[0m" 401 -
2024-12-19 08:53:42 - be.view.auth - INFO - 收到注册请求: {'user_id': 'buyer_7_95150364-bda3-11ef-adb5-02a6845b4b32', 'password': 'buyer_seller_7_95150364-bda3-11ef-adb5-02a6845b4b32'}
2024-12-19 08:53:42 - be.model.user - INFO - 尝试注册新用户：buyer_7_95150364-bda3-11ef-adb5-02a6845b4b32
2024-12-19 08:53:42 - be.model.user - INFO - 加密密码...
2024-12-19 08:53:42 - be.model.user - INFO - 创建新用户...
2024-12-19 08:53:42 - be.model.user - INFO - 添加用户到数据库...
2024-12-19 08:53:42 - be.model.user - INFO - 用户注册成功：buyer_7_95150364-bda3-11ef-adb5-02a6845b4b32
2024-12-19 08:53:42 - be.view.auth - INFO - 注册处理结果: 200
2024-12-19 08:53:42 - werkzeug - INFO - 127.0.0.1 - - [19/Dec/2024 08:53:42] "POST /auth/register HTTP/1.1" 200 -
2024-12-19 08:53:42 - be.view.auth - INFO - 收到登录请求: {'user_id': 'buyer_7_95150364-bda3-11ef-adb5-02a6845b4b32', 'password': 'buyer_seller_7_95150364-bda3-11ef-adb5-02a6845b4b32', 'terminal': 'my terminal'}
2024-12-19 08:53:42 - be.model.user - INFO - 尝试登录用户：buyer_7_95150364-bda3-11ef-adb5-02a6845b4b32，终端：my terminal
2024-12-19 08:53:42 - be.model.user - INFO - 为用户 buyer_7_95150364-bda3-11ef-adb5-02a6845b4b32 生成新token，终端：my terminal
2024-12-19 08:53:42 - be.model.user - INFO - 用户登录成功：buyer_7_95150364-bda3-11ef-adb5-02a6845b4b32
2024-12-19 08:53:42 - be.view.auth - INFO - 登录处理结果: 200
2024-12-19 08:53:42 - werkzeug - INFO - 127.0.0.1 - - [19/Dec/2024 08:53:42] "POST /auth/login HTTP/1.1" 200 -
2024-12-19 08:53:42 - werkzeug - INFO - 127.0.0.1 - - [19/Dec/2024 08:53:42] "[31m[1mPOST /buyer/add_funds HTTP/1.1[0m" 401 -
2024-12-19 08:53:42 - be.view.auth - INFO - 收到注册请求: {'user_id': 'buyer_8_95150364-bda3-11ef-adb5-02a6845b4b32', 'password': 'buyer_seller_8_95150364-bda3-11ef-adb5-02a6845b4b32'}
2024-12-19 08:53:42 - be.model.user - INFO - 尝试注册新用户：buyer_8_95150364-bda3-11ef-adb5-02a6845b4b32
2024-12-19 08:53:42 - be.model.user - INFO - 加密密码...
2024-12-19 08:53:42 - be.model.user - INFO - 创建新用户...
2024-12-19 08:53:42 - be.model.user - INFO - 添加用户到数据库...
2024-12-19 08:53:43 - be.model.user - INFO - 用户注册成功：buyer_8_95150364-bda3-11ef-adb5-02a6845b4b32
2024-12-19 08:53:43 - be.view.auth - INFO - 注册处理结果: 200
2024-12-19 08:53:43 - werkzeug - INFO - 127.0.0.1 - - [19/Dec/2024 08:53:43] "POST /auth/register HTTP/1.1" 200 -
2024-12-19 08:53:43 - be.view.auth - INFO - 收到登录请求: {'user_id': 'buyer_8_95150364-bda3-11ef-adb5-02a6845b4b32', 'password': 'buyer_seller_8_95150364-bda3-11ef-adb5-02a6845b4b32', 'terminal': 'my terminal'}
2024-12-19 08:53:43 - be.model.user - INFO - 尝试登录用户：buyer_8_95150364-bda3-11ef-adb5-02a6845b4b32，终端：my terminal
2024-12-19 08:53:43 - be.model.user - INFO - 为用户 buyer_8_95150364-bda3-11ef-adb5-02a6845b4b32 生成新token，终端：my terminal
2024-12-19 08:53:43 - be.model.user - INFO - 用户登录成功：buyer_8_95150364-bda3-11ef-adb5-02a6845b4b32
2024-12-19 08:53:43 - be.view.auth - INFO - 登录处理结果: 200
2024-12-19 08:53:43 - werkzeug - INFO - 127.0.0.1 - - [19/Dec/2024 08:53:43] "POST /auth/login HTTP/1.1" 200 -
2024-12-19 08:53:43 - werkzeug - INFO - 127.0.0.1 - - [19/Dec/2024 08:53:43] "[31m[1mPOST /buyer/add_funds HTTP/1.1[0m" 401 -
2024-12-19 08:53:43 - be.view.auth - INFO - 收到注册请求: {'user_id': 'buyer_9_95150364-bda3-11ef-adb5-02a6845b4b32', 'password': 'buyer_seller_9_95150364-bda3-11ef-adb5-02a6845b4b32'}
2024-12-19 08:53:43 - be.model.user - INFO - 尝试注册新用户：buyer_9_95150364-bda3-11ef-adb5-02a6845b4b32
2024-12-19 08:53:43 - be.model.user - INFO - 加密密码...
2024-12-19 08:53:43 - be.model.user - INFO - 创建新用户...
2024-12-19 08:53:43 - be.model.user - INFO - 添加用户到数据库...
2024-12-19 08:53:43 - be.model.user - INFO - 用户注册成功：buyer_9_95150364-bda3-11ef-adb5-02a6845b4b32
2024-12-19 08:53:43 - be.view.auth - INFO - 注册处理结果: 200
2024-12-19 08:53:43 - werkzeug - INFO - 127.0.0.1 - - [19/Dec/2024 08:53:43] "POST /auth/register HTTP/1.1" 200 -
2024-12-19 08:53:43 - be.view.auth - INFO - 收到登录请求: {'user_id': 'buyer_9_95150364-bda3-11ef-adb5-02a6845b4b32', 'password': 'buyer_seller_9_95150364-bda3-11ef-adb5-02a6845b4b32', 'terminal': 'my terminal'}
2024-12-19 08:53:43 - be.model.user - INFO - 尝试登录用户：buyer_9_95150364-bda3-11ef-adb5-02a6845b4b32，终端：my terminal
2024-12-19 08:53:43 - be.model.user - INFO - 为用户 buyer_9_95150364-bda3-11ef-adb5-02a6845b4b32 生成新token，终端：my terminal
2024-12-19 08:53:43 - be.model.user - INFO - 用户登录成功：buyer_9_95150364-bda3-11ef-adb5-02a6845b4b32
2024-12-19 08:53:44 - be.view.auth - INFO - 登录处理结果: 200
2024-12-19 08:53:44 - werkzeug - INFO - 127.0.0.1 - - [19/Dec/2024 08:53:44] "POST /auth/login HTTP/1.1" 200 -
2024-12-19 08:53:44 - werkzeug - INFO - 127.0.0.1 - - [19/Dec/2024 08:53:44] "[31m[1mPOST /buyer/add_funds HTTP/1.1[0m" 401 -
2024-12-19 08:53:44 - be.view.auth - INFO - 收到注册请求: {'user_id': 'buyer_10_95150364-bda3-11ef-adb5-02a6845b4b32', 'password': 'buyer_seller_10_95150364-bda3-11ef-adb5-02a6845b4b32'}
2024-12-19 08:53:44 - be.model.user - INFO - 尝试注册新用户：buyer_10_95150364-bda3-11ef-adb5-02a6845b4b32
2024-12-19 08:53:44 - be.model.user - INFO - 加密密码...
2024-12-19 08:53:44 - be.model.user - INFO - 创建新用户...
2024-12-19 08:53:44 - be.model.user - INFO - 添加用户到数据库...
2024-12-19 08:53:44 - be.model.user - INFO - 用户注册成功：buyer_10_95150364-bda3-11ef-adb5-02a6845b4b32
2024-12-19 08:53:44 - be.view.auth - INFO - 注册处理结果: 200
2024-12-19 08:53:44 - werkzeug - INFO - 127.0.0.1 - - [19/Dec/2024 08:53:44] "POST /auth/register HTTP/1.1" 200 -
2024-12-19 08:53:44 - be.view.auth - INFO - 收到登录请求: {'user_id': 'buyer_10_95150364-bda3-11ef-adb5-02a6845b4b32', 'password': 'buyer_seller_10_95150364-bda3-11ef-adb5-02a6845b4b32', 'terminal': 'my terminal'}
2024-12-19 08:53:44 - be.model.user - INFO - 尝试登录用户：buyer_10_95150364-bda3-11ef-adb5-02a6845b4b32，终端：my terminal
2024-12-19 08:53:44 - be.model.user - INFO - 为用户 buyer_10_95150364-bda3-11ef-adb5-02a6845b4b32 生成新token，终端：my terminal
2024-12-19 08:53:44 - be.model.user - INFO - 用户登录成功：buyer_10_95150364-bda3-11ef-adb5-02a6845b4b32
2024-12-19 08:53:44 - be.view.auth - INFO - 登录处理结果: 200
2024-12-19 08:53:44 - werkzeug - INFO - 127.0.0.1 - - [19/Dec/2024 08:53:44] "POST /auth/login HTTP/1.1" 200 -
2024-12-19 08:53:44 - werkzeug - INFO - 127.0.0.1 - - [19/Dec/2024 08:53:44] "[31m[1mPOST /buyer/add_funds HTTP/1.1[0m" 401 -
2024-12-19 08:53:44 - root - INFO - buyer data loaded.
2024-12-19 08:53:44 - be.view.auth - INFO - 收到登录请求: {'user_id': 'buyer_6_95150364-bda3-11ef-adb5-02a6845b4b32', 'password': 'buyer_seller_6_95150364-bda3-11ef-adb5-02a6845b4b32', 'terminal': 'my terminal'}
2024-12-19 08:53:44 - be.model.user - INFO - 尝试登录用户：buyer_6_95150364-bda3-11ef-adb5-02a6845b4b32，终端：my terminal
2024-12-19 08:53:44 - be.model.user - INFO - 为用户 buyer_6_95150364-bda3-11ef-adb5-02a6845b4b32 生成新token，终端：my terminal
2024-12-19 08:53:44 - be.model.user - INFO - 用户登录成功：buyer_6_95150364-bda3-11ef-adb5-02a6845b4b32
2024-12-19 08:53:44 - be.view.auth - INFO - 登录处理结果: 200
2024-12-19 08:53:44 - werkzeug - INFO - 127.0.0.1 - - [19/Dec/2024 08:53:44] "POST /auth/login HTTP/1.1" 200 -
2024-12-19 08:53:44 - be.view.auth - INFO - 收到登录请求: {'user_id': 'buyer_3_95150364-bda3-11ef-adb5-02a6845b4b32', 'password': 'buyer_seller_3_95150364-bda3-11ef-adb5-02a6845b4b32', 'terminal': 'my terminal'}
2024-12-19 08:53:44 - be.model.user - INFO - 尝试登录用户：buyer_3_95150364-bda3-11ef-adb5-02a6845b4b32，终端：my terminal
2024-12-19 08:53:45 - be.model.user - INFO - 为用户 buyer_3_95150364-bda3-11ef-adb5-02a6845b4b32 生成新token，终端：my terminal
2024-12-19 08:53:45 - be.model.user - INFO - 用户登录成功：buyer_3_95150364-bda3-11ef-adb5-02a6845b4b32
2024-12-19 08:53:45 - be.view.auth - INFO - 登录处理结果: 200
2024-12-19 08:53:45 - werkzeug - INFO - 127.0.0.1 - - [19/Dec/2024 08:53:45] "POST /auth/login HTTP/1.1" 200 -
2024-12-19 08:53:45 - be.view.auth - INFO - 收到登录请求: {'user_id': 'buyer_2_95150364-bda3-11ef-adb5-02a6845b4b32', 'password': 'buyer_seller_2_95150364-bda3-11ef-adb5-02a6845b4b32', 'terminal': 'my terminal'}
2024-12-19 08:53:45 - be.model.user - INFO - 尝试登录用户：buyer_2_95150364-bda3-11ef-adb5-02a6845b4b32，终端：my terminal
2024-12-19 08:53:45 - be.model.user - INFO - 为用户 buyer_2_95150364-bda3-11ef-adb5-02a6845b4b32 生成新token，终端：my terminal
2024-12-19 08:53:45 - be.model.user - INFO - 用户登录成功：buyer_2_95150364-bda3-11ef-adb5-02a6845b4b32
2024-12-19 08:53:45 - be.view.auth - INFO - 登录处理结果: 200
2024-12-19 08:53:45 - werkzeug - INFO - 127.0.0.1 - - [19/Dec/2024 08:53:45] "POST /auth/login HTTP/1.1" 200 -
2024-12-19 08:53:45 - be.view.auth - INFO - 收到登录请求: {'user_id': 'buyer_3_95150364-bda3-11ef-adb5-02a6845b4b32', 'password': 'buyer_seller_3_95150364-bda3-11ef-adb5-02a6845b4b32', 'terminal': 'my terminal'}
2024-12-19 08:53:45 - be.model.user - INFO - 尝试登录用户：buyer_3_95150364-bda3-11ef-adb5-02a6845b4b32，终端：my terminal
2024-12-19 08:53:45 - be.model.user - INFO - 为用户 buyer_3_95150364-bda3-11ef-adb5-02a6845b4b32 生成新token，终端：my terminal
2024-12-19 08:53:45 - be.model.user - INFO - 用户登录成功：buyer_3_95150364-bda3-11ef-adb5-02a6845b4b32
2024-12-19 08:53:45 - be.view.auth - INFO - 登录处理结果: 200
2024-12-19 08:53:45 - werkzeug - INFO - 127.0.0.1 - - [19/Dec/2024 08:53:45] "POST /auth/login HTTP/1.1" 200 -
2024-12-19 08:53:45 - be.view.auth - INFO - 收到登录请求: {'user_id': 'buyer_7_95150364-bda3-11ef-adb5-02a6845b4b32', 'password': 'buyer_seller_7_95150364-bda3-11ef-adb5-02a6845b4b32', 'terminal': 'my terminal'}
2024-12-19 08:53:45 - be.model.user - INFO - 尝试登录用户：buyer_7_95150364-bda3-11ef-adb5-02a6845b4b32，终端：my terminal
2024-12-19 08:53:45 - be.model.user - INFO - 为用户 buyer_7_95150364-bda3-11ef-adb5-02a6845b4b32 生成新token，终端：my terminal
2024-12-19 08:53:45 - be.model.user - INFO - 用户登录成功：buyer_7_95150364-bda3-11ef-adb5-02a6845b4b32
2024-12-19 08:53:45 - be.view.auth - INFO - 登录处理结果: 200
2024-12-19 08:53:45 - werkzeug - INFO - 127.0.0.1 - - [19/Dec/2024 08:53:45] "POST /auth/login HTTP/1.1" 200 -
2024-12-19 08:53:45 - be.view.auth - INFO - 收到登录请求: {'user_id': 'buyer_2_95150364-bda3-11ef-adb5-02a6845b4b32', 'password': 'buyer_seller_2_95150364-bda3-11ef-adb5-02a6845b4b32', 'terminal': 'my terminal'}
2024-12-19 08:53:45 - be.model.user - INFO - 尝试登录用户：buyer_2_95150364-bda3-11ef-adb5-02a6845b4b32，终端：my terminal
2024-12-19 08:53:46 - be.model.user - INFO - 为用户 buyer_2_95150364-bda3-11ef-adb5-02a6845b4b32 生成新token，终端：my terminal
2024-12-19 08:53:46 - be.model.user - INFO - 用户登录成功：buyer_2_95150364-bda3-11ef-adb5-02a6845b4b32
2024-12-19 08:53:46 - be.view.auth - INFO - 登录处理结果: 200
2024-12-19 08:53:46 - werkzeug - INFO - 127.0.0.1 - - [19/Dec/2024 08:53:46] "POST /auth/login HTTP/1.1" 200 -
2024-12-19 08:53:46 - be.view.auth - INFO - 收到登录请求: {'user_id': 'buyer_1_95150364-bda3-11ef-adb5-02a6845b4b32', 'password': 'buyer_seller_1_95150364-bda3-11ef-adb5-02a6845b4b32', 'terminal': 'my terminal'}
2024-12-19 08:53:46 - be.model.user - INFO - 尝试登录用户：buyer_1_95150364-bda3-11ef-adb5-02a6845b4b32，终端：my terminal
2024-12-19 08:53:46 - be.model.user - INFO - 为用户 buyer_1_95150364-bda3-11ef-adb5-02a6845b4b32 生成新token，终端：my terminal
2024-12-19 08:53:46 - be.model.user - INFO - 用户登录成功：buyer_1_95150364-bda3-11ef-adb5-02a6845b4b32
2024-12-19 08:53:46 - be.view.auth - INFO - 登录处理结果: 200
2024-12-19 08:53:46 - werkzeug - INFO - 127.0.0.1 - - [19/Dec/2024 08:53:46] "POST /auth/login HTTP/1.1" 200 -
2024-12-19 08:53:46 - be.view.auth - INFO - 收到登录请求: {'user_id': 'buyer_4_95150364-bda3-11ef-adb5-02a6845b4b32', 'password': 'buyer_seller_4_95150364-bda3-11ef-adb5-02a6845b4b32', 'terminal': 'my terminal'}
2024-12-19 08:53:46 - be.model.user - INFO - 尝试登录用户：buyer_4_95150364-bda3-11ef-adb5-02a6845b4b32，终端：my terminal
2024-12-19 08:53:46 - be.model.user - INFO - 为用户 buyer_4_95150364-bda3-11ef-adb5-02a6845b4b32 生成新token，终端：my terminal
2024-12-19 08:53:46 - be.model.user - INFO - 用户登录成功：buyer_4_95150364-bda3-11ef-adb5-02a6845b4b32
2024-12-19 08:53:46 - be.view.auth - INFO - 登录处理结果: 200
2024-12-19 08:53:46 - werkzeug - INFO - 127.0.0.1 - - [19/Dec/2024 08:53:46] "POST /auth/login HTTP/1.1" 200 -
2024-12-19 08:53:46 - be.view.auth - INFO - 收到登录请求: {'user_id': 'buyer_5_95150364-bda3-11ef-adb5-02a6845b4b32', 'password': 'buyer_seller_5_95150364-bda3-11ef-adb5-02a6845b4b32', 'terminal': 'my terminal'}
2024-12-19 08:53:46 - be.model.user - INFO - 尝试登录用户：buyer_5_95150364-bda3-11ef-adb5-02a6845b4b32，终端：my terminal
2024-12-19 08:53:46 - be.model.user - INFO - 为用户 buyer_5_95150364-bda3-11ef-adb5-02a6845b4b32 生成新token，终端：my terminal
2024-12-19 08:53:46 - be.model.user - INFO - 用户登录成功：buyer_5_95150364-bda3-11ef-adb5-02a6845b4b32
2024-12-19 08:53:46 - be.view.auth - INFO - 登录处理结果: 200
2024-12-19 08:53:46 - werkzeug - INFO - 127.0.0.1 - - [19/Dec/2024 08:53:46] "POST /auth/login HTTP/1.1" 200 -
2024-12-19 08:53:46 - be.view.auth - INFO - 收到登录请求: {'user_id': 'buyer_3_95150364-bda3-11ef-adb5-02a6845b4b32', 'password': 'buyer_seller_3_95150364-bda3-11ef-adb5-02a6845b4b32', 'terminal': 'my terminal'}
2024-12-19 08:53:46 - be.model.user - INFO - 尝试登录用户：buyer_3_95150364-bda3-11ef-adb5-02a6845b4b32，终端：my terminal
2024-12-19 08:53:47 - be.model.user - INFO - 为用户 buyer_3_95150364-bda3-11ef-adb5-02a6845b4b32 生成新token，终端：my terminal
2024-12-19 08:53:47 - be.model.user - INFO - 用户登录成功：buyer_3_95150364-bda3-11ef-adb5-02a6845b4b32
2024-12-19 08:53:47 - be.view.auth - INFO - 登录处理结果: 200
2024-12-19 08:53:47 - werkzeug - INFO - 127.0.0.1 - - [19/Dec/2024 08:53:47] "POST /auth/login HTTP/1.1" 200 -
2024-12-19 08:53:47 - be.view.auth - INFO - 收到登录请求: {'user_id': 'buyer_9_95150364-bda3-11ef-adb5-02a6845b4b32', 'password': 'buyer_seller_9_95150364-bda3-11ef-adb5-02a6845b4b32', 'terminal': 'my terminal'}
2024-12-19 08:53:47 - be.model.user - INFO - 尝试登录用户：buyer_9_95150364-bda3-11ef-adb5-02a6845b4b32，终端：my terminal
2024-12-19 08:53:47 - be.model.user - INFO - 为用户 buyer_9_95150364-bda3-11ef-adb5-02a6845b4b32 生成新token，终端：my terminal
2024-12-19 08:53:47 - be.model.user - INFO - 用户登录成功：buyer_9_95150364-bda3-11ef-adb5-02a6845b4b32
2024-12-19 08:53:47 - be.view.auth - INFO - 登录处理结果: 200
2024-12-19 08:53:47 - werkzeug - INFO - 127.0.0.1 - - [19/Dec/2024 08:53:47] "POST /auth/login HTTP/1.1" 200 -
2024-12-19 08:53:47 - be.view.auth - INFO - 收到登录请求: {'user_id': 'buyer_1_95150364-bda3-11ef-adb5-02a6845b4b32', 'password': 'buyer_seller_1_95150364-bda3-11ef-adb5-02a6845b4b32', 'terminal': 'my terminal'}
2024-12-19 08:53:47 - be.model.user - INFO - 尝试登录用户：buyer_1_95150364-bda3-11ef-adb5-02a6845b4b32，终端：my terminal
2024-12-19 08:53:47 - be.model.user - INFO - 为用户 buyer_1_95150364-bda3-11ef-adb5-02a6845b4b32 生成新token，终端：my terminal
2024-12-19 08:53:47 - be.model.user - INFO - 用户登录成功：buyer_1_95150364-bda3-11ef-adb5-02a6845b4b32
2024-12-19 08:53:47 - be.view.auth - INFO - 登录处理结果: 200
2024-12-19 08:53:47 - werkzeug - INFO - 127.0.0.1 - - [19/Dec/2024 08:53:47] "POST /auth/login HTTP/1.1" 200 -
2024-12-19 08:53:47 - be.view.auth - INFO - 收到登录请求: {'user_id': 'buyer_7_95150364-bda3-11ef-adb5-02a6845b4b32', 'password': 'buyer_seller_7_95150364-bda3-11ef-adb5-02a6845b4b32', 'terminal': 'my terminal'}
2024-12-19 08:53:47 - be.model.user - INFO - 尝试登录用户：buyer_7_95150364-bda3-11ef-adb5-02a6845b4b32，终端：my terminal
2024-12-19 08:53:47 - be.model.user - INFO - 为用户 buyer_7_95150364-bda3-11ef-adb5-02a6845b4b32 生成新token，终端：my terminal
2024-12-19 08:53:47 - be.model.user - INFO - 用户登录成功：buyer_7_95150364-bda3-11ef-adb5-02a6845b4b32
2024-12-19 08:53:47 - be.view.auth - INFO - 登录处理结果: 200
2024-12-19 08:53:47 - werkzeug - INFO - 127.0.0.1 - - [19/Dec/2024 08:53:47] "POST /auth/login HTTP/1.1" 200 -
2024-12-19 08:53:47 - be.view.auth - INFO - 收到登录请求: {'user_id': 'buyer_8_95150364-bda3-11ef-adb5-02a6845b4b32', 'password': 'buyer_seller_8_95150364-bda3-11ef-adb5-02a6845b4b32', 'terminal': 'my terminal'}
2024-12-19 08:53:47 - be.model.user - INFO - 尝试登录用户：buyer_8_95150364-bda3-11ef-adb5-02a6845b4b32，终端：my terminal
2024-12-19 08:53:48 - be.model.user - INFO - 为用户 buyer_8_95150364-bda3-11ef-adb5-02a6845b4b32 生成新token，终端：my terminal
2024-12-19 08:53:48 - be.model.user - INFO - 用户登录成功：buyer_8_95150364-bda3-11ef-adb5-02a6845b4b32
2024-12-19 08:53:48 - be.view.auth - INFO - 登录处理结果: 200
2024-12-19 08:53:48 - werkzeug - INFO - 127.0.0.1 - - [19/Dec/2024 08:53:48] "POST /auth/login HTTP/1.1" 200 -
2024-12-19 08:53:48 - be.view.auth - INFO - 收到登录请求: {'user_id': 'buyer_8_95150364-bda3-11ef-adb5-02a6845b4b32', 'password': 'buyer_seller_8_95150364-bda3-11ef-adb5-02a6845b4b32', 'terminal': 'my terminal'}
2024-12-19 08:53:48 - be.model.user - INFO - 尝试登录用户：buyer_8_95150364-bda3-11ef-adb5-02a6845b4b32，终端：my terminal
2024-12-19 08:53:48 - be.model.user - INFO - 为用户 buyer_8_95150364-bda3-11ef-adb5-02a6845b4b32 生成新token，终端：my terminal
2024-12-19 08:53:48 - be.model.user - INFO - 用户登录成功：buyer_8_95150364-bda3-11ef-adb5-02a6845b4b32
2024-12-19 08:53:48 - be.view.auth - INFO - 登录处理结果: 200
2024-12-19 08:53:48 - werkzeug - INFO - 127.0.0.1 - - [19/Dec/2024 08:53:48] "POST /auth/login HTTP/1.1" 200 -
2024-12-19 08:53:48 - be.view.auth - INFO - 收到登录请求: {'user_id': 'buyer_6_95150364-bda3-11ef-adb5-02a6845b4b32', 'password': 'buyer_seller_6_95150364-bda3-11ef-adb5-02a6845b4b32', 'terminal': 'my terminal'}
2024-12-19 08:53:48 - be.model.user - INFO - 尝试登录用户：buyer_6_95150364-bda3-11ef-adb5-02a6845b4b32，终端：my terminal
2024-12-19 08:53:48 - be.model.user - INFO - 为用户 buyer_6_95150364-bda3-11ef-adb5-02a6845b4b32 生成新token，终端：my terminal
2024-12-19 08:53:48 - be.model.user - INFO - 用户登录成功：buyer_6_95150364-bda3-11ef-adb5-02a6845b4b32
2024-12-19 08:53:48 - be.view.auth - INFO - 登录处理结果: 200
2024-12-19 08:53:48 - werkzeug - INFO - 127.0.0.1 - - [19/Dec/2024 08:53:48] "POST /auth/login HTTP/1.1" 200 -
2024-12-19 08:53:48 - be.view.auth - INFO - 收到登录请求: {'user_id': 'buyer_7_95150364-bda3-11ef-adb5-02a6845b4b32', 'password': 'buyer_seller_7_95150364-bda3-11ef-adb5-02a6845b4b32', 'terminal': 'my terminal'}
2024-12-19 08:53:48 - be.model.user - INFO - 尝试登录用户：buyer_7_95150364-bda3-11ef-adb5-02a6845b4b32，终端：my terminal
2024-12-19 08:53:48 - be.model.user - INFO - 为用户 buyer_7_95150364-bda3-11ef-adb5-02a6845b4b32 生成新token，终端：my terminal
2024-12-19 08:53:48 - be.model.user - INFO - 用户登录成功：buyer_7_95150364-bda3-11ef-adb5-02a6845b4b32
2024-12-19 08:53:48 - be.view.auth - INFO - 登录处理结果: 200
2024-12-19 08:53:48 - werkzeug - INFO - 127.0.0.1 - - [19/Dec/2024 08:53:48] "POST /auth/login HTTP/1.1" 200 -
2024-12-19 08:53:48 - be.view.auth - INFO - 收到登录请求: {'user_id': 'buyer_10_95150364-bda3-11ef-adb5-02a6845b4b32', 'password': 'buyer_seller_10_95150364-bda3-11ef-adb5-02a6845b4b32', 'terminal': 'my terminal'}
2024-12-19 08:53:48 - be.model.user - INFO - 尝试登录用户：buyer_10_95150364-bda3-11ef-adb5-02a6845b4b32，终端：my terminal
2024-12-19 08:53:49 - be.model.user - INFO - 为用户 buyer_10_95150364-bda3-11ef-adb5-02a6845b4b32 生成新token，终端：my terminal
2024-12-19 08:53:49 - be.model.user - INFO - 用户登录成功：buyer_10_95150364-bda3-11ef-adb5-02a6845b4b32
2024-12-19 08:53:49 - be.view.auth - INFO - 登录处理结果: 200
2024-12-19 08:53:49 - werkzeug - INFO - 127.0.0.1 - - [19/Dec/2024 08:53:49] "POST /auth/login HTTP/1.1" 200 -
2024-12-19 08:53:49 - be.view.auth - INFO - 收到登录请求: {'user_id': 'buyer_3_95150364-bda3-11ef-adb5-02a6845b4b32', 'password': 'buyer_seller_3_95150364-bda3-11ef-adb5-02a6845b4b32', 'terminal': 'my terminal'}
2024-12-19 08:53:49 - be.model.user - INFO - 尝试登录用户：buyer_3_95150364-bda3-11ef-adb5-02a6845b4b32，终端：my terminal
2024-12-19 08:53:49 - be.model.user - INFO - 为用户 buyer_3_95150364-bda3-11ef-adb5-02a6845b4b32 生成新token，终端：my terminal
2024-12-19 08:53:49 - be.model.user - INFO - 用户登录成功：buyer_3_95150364-bda3-11ef-adb5-02a6845b4b32
2024-12-19 08:53:49 - be.view.auth - INFO - 登录处理结果: 200
2024-12-19 08:53:49 - werkzeug - INFO - 127.0.0.1 - - [19/Dec/2024 08:53:49] "POST /auth/login HTTP/1.1" 200 -
2024-12-19 08:53:49 - be.view.auth - INFO - 收到登录请求: {'user_id': 'buyer_5_95150364-bda3-11ef-adb5-02a6845b4b32', 'password': 'buyer_seller_5_95150364-bda3-11ef-adb5-02a6845b4b32', 'terminal': 'my terminal'}
2024-12-19 08:53:49 - be.model.user - INFO - 尝试登录用户：buyer_5_95150364-bda3-11ef-adb5-02a6845b4b32，终端：my terminal
2024-12-19 08:53:49 - be.model.user - INFO - 为用户 buyer_5_95150364-bda3-11ef-adb5-02a6845b4b32 生成新token，终端：my terminal
2024-12-19 08:53:49 - be.model.user - INFO - 用户登录成功：buyer_5_95150364-bda3-11ef-adb5-02a6845b4b32
2024-12-19 08:53:49 - be.view.auth - INFO - 登录处理结果: 200
2024-12-19 08:53:49 - werkzeug - INFO - 127.0.0.1 - - [19/Dec/2024 08:53:49] "POST /auth/login HTTP/1.1" 200 -
2024-12-19 08:53:49 - be.view.auth - INFO - 收到登录请求: {'user_id': 'buyer_6_95150364-bda3-11ef-adb5-02a6845b4b32', 'password': 'buyer_seller_6_95150364-bda3-11ef-adb5-02a6845b4b32', 'terminal': 'my terminal'}
2024-12-19 08:53:49 - be.model.user - INFO - 尝试登录用户：buyer_6_95150364-bda3-11ef-adb5-02a6845b4b32，终端：my terminal
2024-12-19 08:53:49 - be.model.user - INFO - 为用户 buyer_6_95150364-bda3-11ef-adb5-02a6845b4b32 生成新token，终端：my terminal
2024-12-19 08:53:49 - be.model.user - INFO - 用户登录成功：buyer_6_95150364-bda3-11ef-adb5-02a6845b4b32
2024-12-19 08:53:49 - be.view.auth - INFO - 登录处理结果: 200
2024-12-19 08:53:49 - werkzeug - INFO - 127.0.0.1 - - [19/Dec/2024 08:53:49] "POST /auth/login HTTP/1.1" 200 -
2024-12-19 08:53:49 - be.view.auth - INFO - 收到登录请求: {'user_id': 'buyer_2_95150364-bda3-11ef-adb5-02a6845b4b32', 'password': 'buyer_seller_2_95150364-bda3-11ef-adb5-02a6845b4b32', 'terminal': 'my terminal'}
2024-12-19 08:53:49 - be.model.user - INFO - 尝试登录用户：buyer_2_95150364-bda3-11ef-adb5-02a6845b4b32，终端：my terminal
2024-12-19 08:53:50 - be.model.user - INFO - 为用户 buyer_2_95150364-bda3-11ef-adb5-02a6845b4b32 生成新token，终端：my terminal
2024-12-19 08:53:50 - be.model.user - INFO - 用户登录成功：buyer_2_95150364-bda3-11ef-adb5-02a6845b4b32
2024-12-19 08:53:50 - be.view.auth - INFO - 登录处理结果: 200
2024-12-19 08:53:50 - werkzeug - INFO - 127.0.0.1 - - [19/Dec/2024 08:53:50] "POST /auth/login HTTP/1.1" 200 -
2024-12-19 08:53:50 - be.view.auth - INFO - 收到登录请求: {'user_id': 'buyer_10_95150364-bda3-11ef-adb5-02a6845b4b32', 'password': 'buyer_seller_10_95150364-bda3-11ef-adb5-02a6845b4b32', 'terminal': 'my terminal'}
2024-12-19 08:53:50 - be.model.user - INFO - 尝试登录用户：buyer_10_95150364-bda3-11ef-adb5-02a6845b4b32，终端：my terminal
2024-12-19 08:53:50 - be.model.user - INFO - 为用户 buyer_10_95150364-bda3-11ef-adb5-02a6845b4b32 生成新token，终端：my terminal
2024-12-19 08:53:50 - be.model.user - INFO - 用户登录成功：buyer_10_95150364-bda3-11ef-adb5-02a6845b4b32
2024-12-19 08:53:50 - be.view.auth - INFO - 登录处理结果: 200
2024-12-19 08:53:50 - werkzeug - INFO - 127.0.0.1 - - [19/Dec/2024 08:53:50] "POST /auth/login HTTP/1.1" 200 -
2024-12-19 08:53:50 - be.view.auth - INFO - 收到登录请求: {'user_id': 'buyer_5_95150364-bda3-11ef-adb5-02a6845b4b32', 'password': 'buyer_seller_5_95150364-bda3-11ef-adb5-02a6845b4b32', 'terminal': 'my terminal'}
2024-12-19 08:53:50 - be.model.user - INFO - 尝试登录用户：buyer_5_95150364-bda3-11ef-adb5-02a6845b4b32，终端：my terminal
2024-12-19 08:53:50 - be.model.user - INFO - 为用户 buyer_5_95150364-bda3-11ef-adb5-02a6845b4b32 生成新token，终端：my terminal
2024-12-19 08:53:50 - be.model.user - INFO - 用户登录成功：buyer_5_95150364-bda3-11ef-adb5-02a6845b4b32
2024-12-19 08:53:50 - be.view.auth - INFO - 登录处理结果: 200
2024-12-19 08:53:50 - werkzeug - INFO - 127.0.0.1 - - [19/Dec/2024 08:53:50] "POST /auth/login HTTP/1.1" 200 -
2024-12-19 08:53:50 - be.view.auth - INFO - 收到登录请求: {'user_id': 'buyer_6_95150364-bda3-11ef-adb5-02a6845b4b32', 'password': 'buyer_seller_6_95150364-bda3-11ef-adb5-02a6845b4b32', 'terminal': 'my terminal'}
2024-12-19 08:53:50 - be.model.user - INFO - 尝试登录用户：buyer_6_95150364-bda3-11ef-adb5-02a6845b4b32，终端：my terminal
2024-12-19 08:53:50 - be.model.user - INFO - 为用户 buyer_6_95150364-bda3-11ef-adb5-02a6845b4b32 生成新token，终端：my terminal
2024-12-19 08:53:50 - be.model.user - INFO - 用户登录成功：buyer_6_95150364-bda3-11ef-adb5-02a6845b4b32
2024-12-19 08:53:50 - be.view.auth - INFO - 登录处理结果: 200
2024-12-19 08:53:50 - werkzeug - INFO - 127.0.0.1 - - [19/Dec/2024 08:53:50] "POST /auth/login HTTP/1.1" 200 -
2024-12-19 08:53:51 - be.view.auth - INFO - 收到登录请求: {'user_id': 'buyer_4_95150364-bda3-11ef-adb5-02a6845b4b32', 'password': 'buyer_seller_4_95150364-bda3-11ef-adb5-02a6845b4b32', 'terminal': 'my terminal'}
2024-12-19 08:53:51 - be.model.user - INFO - 尝试登录用户：buyer_4_95150364-bda3-11ef-adb5-02a6845b4b32，终端：my terminal
2024-12-19 08:53:51 - be.model.user - INFO - 为用户 buyer_4_95150364-bda3-11ef-adb5-02a6845b4b32 生成新token，终端：my terminal
2024-12-19 08:53:51 - be.model.user - INFO - 用户登录成功：buyer_4_95150364-bda3-11ef-adb5-02a6845b4b32
2024-12-19 08:53:51 - be.view.auth - INFO - 登录处理结果: 200
2024-12-19 08:53:51 - werkzeug - INFO - 127.0.0.1 - - [19/Dec/2024 08:53:51] "POST /auth/login HTTP/1.1" 200 -
2024-12-19 08:53:51 - be.view.auth - INFO - 收到登录请求: {'user_id': 'buyer_3_95150364-bda3-11ef-adb5-02a6845b4b32', 'password': 'buyer_seller_3_95150364-bda3-11ef-adb5-02a6845b4b32', 'terminal': 'my terminal'}
2024-12-19 08:53:51 - be.model.user - INFO - 尝试登录用户：buyer_3_95150364-bda3-11ef-adb5-02a6845b4b32，终端：my terminal
2024-12-19 08:53:51 - be.model.user - INFO - 为用户 buyer_3_95150364-bda3-11ef-adb5-02a6845b4b32 生成新token，终端：my terminal
2024-12-19 08:53:51 - be.model.user - INFO - 用户登录成功：buyer_3_95150364-bda3-11ef-adb5-02a6845b4b32
2024-12-19 08:53:51 - be.view.auth - INFO - 登录处理结果: 200
2024-12-19 08:53:51 - werkzeug - INFO - 127.0.0.1 - - [19/Dec/2024 08:53:51] "POST /auth/login HTTP/1.1" 200 -
2024-12-19 08:53:51 - be.view.auth - INFO - 收到登录请求: {'user_id': 'buyer_4_95150364-bda3-11ef-adb5-02a6845b4b32', 'password': 'buyer_seller_4_95150364-bda3-11ef-adb5-02a6845b4b32', 'terminal': 'my terminal'}
2024-12-19 08:53:51 - be.model.user - INFO - 尝试登录用户：buyer_4_95150364-bda3-11ef-adb5-02a6845b4b32，终端：my terminal
2024-12-19 08:53:51 - be.model.user - INFO - 为用户 buyer_4_95150364-bda3-11ef-adb5-02a6845b4b32 生成新token，终端：my terminal
2024-12-19 08:53:51 - be.model.user - INFO - 用户登录成功：buyer_4_95150364-bda3-11ef-adb5-02a6845b4b32
2024-12-19 08:53:51 - be.view.auth - INFO - 登录处理结果: 200
2024-12-19 08:53:51 - werkzeug - INFO - 127.0.0.1 - - [19/Dec/2024 08:53:51] "POST /auth/login HTTP/1.1" 200 -
2024-12-19 08:53:51 - be.view.auth - INFO - 收到登录请求: {'user_id': 'buyer_10_95150364-bda3-11ef-adb5-02a6845b4b32', 'password': 'buyer_seller_10_95150364-bda3-11ef-adb5-02a6845b4b32', 'terminal': 'my terminal'}
2024-12-19 08:53:51 - be.model.user - INFO - 尝试登录用户：buyer_10_95150364-bda3-11ef-adb5-02a6845b4b32，终端：my terminal
2024-12-19 08:53:51 - be.model.user - INFO - 为用户 buyer_10_95150364-bda3-11ef-adb5-02a6845b4b32 生成新token，终端：my terminal
2024-12-19 08:53:51 - be.model.user - INFO - 用户登录成功：buyer_10_95150364-bda3-11ef-adb5-02a6845b4b32
2024-12-19 08:53:52 - be.view.auth - INFO - 登录处理结果: 200
2024-12-19 08:53:52 - werkzeug - INFO - 127.0.0.1 - - [19/Dec/2024 08:53:52] "POST /auth/login HTTP/1.1" 200 -
2024-12-19 08:53:52 - be.view.auth - INFO - 收到登录请求: {'user_id': 'buyer_3_95150364-bda3-11ef-adb5-02a6845b4b32', 'password': 'buyer_seller_3_95150364-bda3-11ef-adb5-02a6845b4b32', 'terminal': 'my terminal'}
2024-12-19 08:53:52 - be.model.user - INFO - 尝试登录用户：buyer_3_95150364-bda3-11ef-adb5-02a6845b4b32，终端：my terminal
2024-12-19 08:53:52 - be.model.user - INFO - 为用户 buyer_3_95150364-bda3-11ef-adb5-02a6845b4b32 生成新token，终端：my terminal
2024-12-19 08:53:52 - be.model.user - INFO - 用户登录成功：buyer_3_95150364-bda3-11ef-adb5-02a6845b4b32
2024-12-19 08:53:52 - be.view.auth - INFO - 登录处理结果: 200
2024-12-19 08:53:52 - werkzeug - INFO - 127.0.0.1 - - [19/Dec/2024 08:53:52] "POST /auth/login HTTP/1.1" 200 -
2024-12-19 08:53:52 - be.view.auth - INFO - 收到登录请求: {'user_id': 'buyer_1_95150364-bda3-11ef-adb5-02a6845b4b32', 'password': 'buyer_seller_1_95150364-bda3-11ef-adb5-02a6845b4b32', 'terminal': 'my terminal'}
2024-12-19 08:53:52 - be.model.user - INFO - 尝试登录用户：buyer_1_95150364-bda3-11ef-adb5-02a6845b4b32，终端：my terminal
2024-12-19 08:53:52 - be.model.user - INFO - 为用户 buyer_1_95150364-bda3-11ef-adb5-02a6845b4b32 生成新token，终端：my terminal
2024-12-19 08:53:52 - be.model.user - INFO - 用户登录成功：buyer_1_95150364-bda3-11ef-adb5-02a6845b4b32
2024-12-19 08:53:52 - be.view.auth - INFO - 登录处理结果: 200
2024-12-19 08:53:52 - werkzeug - INFO - 127.0.0.1 - - [19/Dec/2024 08:53:52] "POST /auth/login HTTP/1.1" 200 -
2024-12-19 08:53:52 - be.view.auth - INFO - 收到登录请求: {'user_id': 'buyer_9_95150364-bda3-11ef-adb5-02a6845b4b32', 'password': 'buyer_seller_9_95150364-bda3-11ef-adb5-02a6845b4b32', 'terminal': 'my terminal'}
2024-12-19 08:53:52 - be.model.user - INFO - 尝试登录用户：buyer_9_95150364-bda3-11ef-adb5-02a6845b4b32，终端：my terminal
2024-12-19 08:53:52 - be.model.user - INFO - 为用户 buyer_9_95150364-bda3-11ef-adb5-02a6845b4b32 生成新token，终端：my terminal
2024-12-19 08:53:52 - be.model.user - INFO - 用户登录成功：buyer_9_95150364-bda3-11ef-adb5-02a6845b4b32
2024-12-19 08:53:52 - be.view.auth - INFO - 登录处理结果: 200
2024-12-19 08:53:52 - werkzeug - INFO - 127.0.0.1 - - [19/Dec/2024 08:53:52] "POST /auth/login HTTP/1.1" 200 -
2024-12-19 08:53:52 - be.view.auth - INFO - 收到登录请求: {'user_id': 'buyer_5_95150364-bda3-11ef-adb5-02a6845b4b32', 'password': 'buyer_seller_5_95150364-bda3-11ef-adb5-02a6845b4b32', 'terminal': 'my terminal'}
2024-12-19 08:53:52 - be.model.user - INFO - 尝试登录用户：buyer_5_95150364-bda3-11ef-adb5-02a6845b4b32，终端：my terminal
2024-12-19 08:53:52 - be.model.user - INFO - 为用户 buyer_5_95150364-bda3-11ef-adb5-02a6845b4b32 生成新token，终端：my terminal
2024-12-19 08:53:52 - be.model.user - INFO - 用户登录成功：buyer_5_95150364-bda3-11ef-adb5-02a6845b4b32
2024-12-19 08:53:53 - be.view.auth - INFO - 登录处理结果: 200
2024-12-19 08:53:53 - werkzeug - INFO - 127.0.0.1 - - [19/Dec/2024 08:53:53] "POST /auth/login HTTP/1.1" 200 -
2024-12-19 08:53:53 - be.view.auth - INFO - 收到登录请求: {'user_id': 'buyer_7_95150364-bda3-11ef-adb5-02a6845b4b32', 'password': 'buyer_seller_7_95150364-bda3-11ef-adb5-02a6845b4b32', 'terminal': 'my terminal'}
2024-12-19 08:53:53 - be.model.user - INFO - 尝试登录用户：buyer_7_95150364-bda3-11ef-adb5-02a6845b4b32，终端：my terminal
2024-12-19 08:53:53 - be.model.user - INFO - 为用户 buyer_7_95150364-bda3-11ef-adb5-02a6845b4b32 生成新token，终端：my terminal
2024-12-19 08:53:53 - be.model.user - INFO - 用户登录成功：buyer_7_95150364-bda3-11ef-adb5-02a6845b4b32
2024-12-19 08:53:53 - be.view.auth - INFO - 登录处理结果: 200
2024-12-19 08:53:53 - werkzeug - INFO - 127.0.0.1 - - [19/Dec/2024 08:53:53] "POST /auth/login HTTP/1.1" 200 -
2024-12-19 08:53:53 - be.view.auth - INFO - 收到登录请求: {'user_id': 'buyer_5_95150364-bda3-11ef-adb5-02a6845b4b32', 'password': 'buyer_seller_5_95150364-bda3-11ef-adb5-02a6845b4b32', 'terminal': 'my terminal'}
2024-12-19 08:53:53 - be.model.user - INFO - 尝试登录用户：buyer_5_95150364-bda3-11ef-adb5-02a6845b4b32，终端：my terminal
2024-12-19 08:53:53 - be.model.user - INFO - 为用户 buyer_5_95150364-bda3-11ef-adb5-02a6845b4b32 生成新token，终端：my terminal
2024-12-19 08:53:53 - be.model.user - INFO - 用户登录成功：buyer_5_95150364-bda3-11ef-adb5-02a6845b4b32
2024-12-19 08:53:53 - be.view.auth - INFO - 登录处理结果: 200
2024-12-19 08:53:53 - werkzeug - INFO - 127.0.0.1 - - [19/Dec/2024 08:53:53] "POST /auth/login HTTP/1.1" 200 -
2024-12-19 08:53:53 - be.view.auth - INFO - 收到登录请求: {'user_id': 'buyer_1_95150364-bda3-11ef-adb5-02a6845b4b32', 'password': 'buyer_seller_1_95150364-bda3-11ef-adb5-02a6845b4b32', 'terminal': 'my terminal'}
2024-12-19 08:53:53 - be.model.user - INFO - 尝试登录用户：buyer_1_95150364-bda3-11ef-adb5-02a6845b4b32，终端：my terminal
2024-12-19 08:53:53 - be.model.user - INFO - 为用户 buyer_1_95150364-bda3-11ef-adb5-02a6845b4b32 生成新token，终端：my terminal
2024-12-19 08:53:53 - be.model.user - INFO - 用户登录成功：buyer_1_95150364-bda3-11ef-adb5-02a6845b4b32
2024-12-19 08:53:53 - be.view.auth - INFO - 登录处理结果: 200
2024-12-19 08:53:53 - werkzeug - INFO - 127.0.0.1 - - [19/Dec/2024 08:53:53] "POST /auth/login HTTP/1.1" 200 -
2024-12-19 08:53:53 - be.view.auth - INFO - 收到登录请求: {'user_id': 'buyer_5_95150364-bda3-11ef-adb5-02a6845b4b32', 'password': 'buyer_seller_5_95150364-bda3-11ef-adb5-02a6845b4b32', 'terminal': 'my terminal'}
2024-12-19 08:53:53 - be.model.user - INFO - 尝试登录用户：buyer_5_95150364-bda3-11ef-adb5-02a6845b4b32，终端：my terminal
2024-12-19 08:53:53 - be.model.user - INFO - 为用户 buyer_5_95150364-bda3-11ef-adb5-02a6845b4b32 生成新token，终端：my terminal
2024-12-19 08:53:53 - be.model.user - INFO - 用户登录成功：buyer_5_95150364-bda3-11ef-adb5-02a6845b4b32
2024-12-19 08:53:53 - be.view.auth - INFO - 登录处理结果: 200
2024-12-19 08:53:53 - werkzeug - INFO - 127.0.0.1 - - [19/Dec/2024 08:53:53] "POST /auth/login HTTP/1.1" 200 -
2024-12-19 08:53:54 - be.view.auth - INFO - 收到登录请求: {'user_id': 'buyer_3_95150364-bda3-11ef-adb5-02a6845b4b32', 'password': 'buyer_seller_3_95150364-bda3-11ef-adb5-02a6845b4b32', 'terminal': 'my terminal'}
2024-12-19 08:53:54 - be.model.user - INFO - 尝试登录用户：buyer_3_95150364-bda3-11ef-adb5-02a6845b4b32，终端：my terminal
2024-12-19 08:53:54 - be.model.user - INFO - 为用户 buyer_3_95150364-bda3-11ef-adb5-02a6845b4b32 生成新token，终端：my terminal
2024-12-19 08:53:54 - be.model.user - INFO - 用户登录成功：buyer_3_95150364-bda3-11ef-adb5-02a6845b4b32
2024-12-19 08:53:54 - be.view.auth - INFO - 登录处理结果: 200
2024-12-19 08:53:54 - werkzeug - INFO - 127.0.0.1 - - [19/Dec/2024 08:53:54] "POST /auth/login HTTP/1.1" 200 -
2024-12-19 08:53:54 - be.view.auth - INFO - 收到登录请求: {'user_id': 'buyer_10_95150364-bda3-11ef-adb5-02a6845b4b32', 'password': 'buyer_seller_10_95150364-bda3-11ef-adb5-02a6845b4b32', 'terminal': 'my terminal'}
2024-12-19 08:53:54 - be.model.user - INFO - 尝试登录用户：buyer_10_95150364-bda3-11ef-adb5-02a6845b4b32，终端：my terminal
2024-12-19 08:53:54 - be.model.user - INFO - 为用户 buyer_10_95150364-bda3-11ef-adb5-02a6845b4b32 生成新token，终端：my terminal
2024-12-19 08:53:54 - be.model.user - INFO - 用户登录成功：buyer_10_95150364-bda3-11ef-adb5-02a6845b4b32
2024-12-19 08:53:54 - be.view.auth - INFO - 登录处理结果: 200
2024-12-19 08:53:54 - werkzeug - INFO - 127.0.0.1 - - [19/Dec/2024 08:53:54] "POST /auth/login HTTP/1.1" 200 -
2024-12-19 08:53:54 - be.view.auth - INFO - 收到登录请求: {'user_id': 'buyer_10_95150364-bda3-11ef-adb5-02a6845b4b32', 'password': 'buyer_seller_10_95150364-bda3-11ef-adb5-02a6845b4b32', 'terminal': 'my terminal'}
2024-12-19 08:53:54 - be.model.user - INFO - 尝试登录用户：buyer_10_95150364-bda3-11ef-adb5-02a6845b4b32，终端：my terminal
2024-12-19 08:53:54 - be.model.user - INFO - 为用户 buyer_10_95150364-bda3-11ef-adb5-02a6845b4b32 生成新token，终端：my terminal
2024-12-19 08:53:54 - be.model.user - INFO - 用户登录成功：buyer_10_95150364-bda3-11ef-adb5-02a6845b4b32
2024-12-19 08:53:54 - be.view.auth - INFO - 登录处理结果: 200
2024-12-19 08:53:54 - werkzeug - INFO - 127.0.0.1 - - [19/Dec/2024 08:53:54] "POST /auth/login HTTP/1.1" 200 -
2024-12-19 08:53:54 - be.view.auth - INFO - 收到登录请求: {'user_id': 'buyer_4_95150364-bda3-11ef-adb5-02a6845b4b32', 'password': 'buyer_seller_4_95150364-bda3-11ef-adb5-02a6845b4b32', 'terminal': 'my terminal'}
2024-12-19 08:53:54 - be.model.user - INFO - 尝试登录用户：buyer_4_95150364-bda3-11ef-adb5-02a6845b4b32，终端：my terminal
2024-12-19 08:53:54 - be.model.user - INFO - 为用户 buyer_4_95150364-bda3-11ef-adb5-02a6845b4b32 生成新token，终端：my terminal
2024-12-19 08:53:54 - be.model.user - INFO - 用户登录成功：buyer_4_95150364-bda3-11ef-adb5-02a6845b4b32
2024-12-19 08:53:54 - be.view.auth - INFO - 登录处理结果: 200
2024-12-19 08:53:54 - werkzeug - INFO - 127.0.0.1 - - [19/Dec/2024 08:53:54] "POST /auth/login HTTP/1.1" 200 -
2024-12-19 08:53:54 - be.view.auth - INFO - 收到登录请求: {'user_id': 'buyer_3_95150364-bda3-11ef-adb5-02a6845b4b32', 'password': 'buyer_seller_3_95150364-bda3-11ef-adb5-02a6845b4b32', 'terminal': 'my terminal'}
2024-12-19 08:53:54 - be.model.user - INFO - 尝试登录用户：buyer_3_95150364-bda3-11ef-adb5-02a6845b4b32，终端：my terminal
2024-12-19 08:53:55 - be.model.user - INFO - 为用户 buyer_3_95150364-bda3-11ef-adb5-02a6845b4b32 生成新token，终端：my terminal
2024-12-19 08:53:55 - be.model.user - INFO - 用户登录成功：buyer_3_95150364-bda3-11ef-adb5-02a6845b4b32
2024-12-19 08:53:55 - be.view.auth - INFO - 登录处理结果: 200
2024-12-19 08:53:55 - werkzeug - INFO - 127.0.0.1 - - [19/Dec/2024 08:53:55] "POST /auth/login HTTP/1.1" 200 -
2024-12-19 08:53:55 - be.view.auth - INFO - 收到登录请求: {'user_id': 'buyer_6_95150364-bda3-11ef-adb5-02a6845b4b32', 'password': 'buyer_seller_6_95150364-bda3-11ef-adb5-02a6845b4b32', 'terminal': 'my terminal'}
2024-12-19 08:53:55 - be.model.user - INFO - 尝试登录用户：buyer_6_95150364-bda3-11ef-adb5-02a6845b4b32，终端：my terminal
2024-12-19 08:53:55 - be.model.user - INFO - 为用户 buyer_6_95150364-bda3-11ef-adb5-02a6845b4b32 生成新token，终端：my terminal
2024-12-19 08:53:55 - be.model.user - INFO - 用户登录成功：buyer_6_95150364-bda3-11ef-adb5-02a6845b4b32
2024-12-19 08:53:55 - be.view.auth - INFO - 登录处理结果: 200
2024-12-19 08:53:55 - werkzeug - INFO - 127.0.0.1 - - [19/Dec/2024 08:53:55] "POST /auth/login HTTP/1.1" 200 -
2024-12-19 08:53:55 - be.view.auth - INFO - 收到登录请求: {'user_id': 'buyer_8_95150364-bda3-11ef-adb5-02a6845b4b32', 'password': 'buyer_seller_8_95150364-bda3-11ef-adb5-02a6845b4b32', 'terminal': 'my terminal'}
2024-12-19 08:53:55 - be.model.user - INFO - 尝试登录用户：buyer_8_95150364-bda3-11ef-adb5-02a6845b4b32，终端：my terminal
2024-12-19 08:53:55 - be.model.user - INFO - 为用户 buyer_8_95150364-bda3-11ef-adb5-02a6845b4b32 生成新token，终端：my terminal
2024-12-19 08:53:55 - be.model.user - INFO - 用户登录成功：buyer_8_95150364-bda3-11ef-adb5-02a6845b4b32
2024-12-19 08:53:55 - be.view.auth - INFO - 登录处理结果: 200
2024-12-19 08:53:55 - werkzeug - INFO - 127.0.0.1 - - [19/Dec/2024 08:53:55] "POST /auth/login HTTP/1.1" 200 -
2024-12-19 08:53:55 - be.view.auth - INFO - 收到登录请求: {'user_id': 'buyer_1_95150364-bda3-11ef-adb5-02a6845b4b32', 'password': 'buyer_seller_1_95150364-bda3-11ef-adb5-02a6845b4b32', 'terminal': 'my terminal'}
2024-12-19 08:53:55 - be.model.user - INFO - 尝试登录用户：buyer_1_95150364-bda3-11ef-adb5-02a6845b4b32，终端：my terminal
2024-12-19 08:53:55 - be.model.user - INFO - 为用户 buyer_1_95150364-bda3-11ef-adb5-02a6845b4b32 生成新token，终端：my terminal
2024-12-19 08:53:55 - be.model.user - INFO - 用户登录成功：buyer_1_95150364-bda3-11ef-adb5-02a6845b4b32
2024-12-19 08:53:55 - be.view.auth - INFO - 登录处理结果: 200
2024-12-19 08:53:55 - werkzeug - INFO - 127.0.0.1 - - [19/Dec/2024 08:53:55] "POST /auth/login HTTP/1.1" 200 -
2024-12-19 08:53:55 - be.view.auth - INFO - 收到登录请求: {'user_id': 'buyer_8_95150364-bda3-11ef-adb5-02a6845b4b32', 'password': 'buyer_seller_8_95150364-bda3-11ef-adb5-02a6845b4b32', 'terminal': 'my terminal'}
2024-12-19 08:53:55 - be.model.user - INFO - 尝试登录用户：buyer_8_95150364-bda3-11ef-adb5-02a6845b4b32，终端：my terminal
2024-12-19 08:53:56 - be.model.user - INFO - 为用户 buyer_8_95150364-bda3-11ef-adb5-02a6845b4b32 生成新token，终端：my terminal
2024-12-19 08:53:56 - be.model.user - INFO - 用户登录成功：buyer_8_95150364-bda3-11ef-adb5-02a6845b4b32
2024-12-19 08:53:56 - be.view.auth - INFO - 登录处理结果: 200
2024-12-19 08:53:56 - werkzeug - INFO - 127.0.0.1 - - [19/Dec/2024 08:53:56] "POST /auth/login HTTP/1.1" 200 -
2024-12-19 08:53:56 - be.view.auth - INFO - 收到登录请求: {'user_id': 'buyer_4_95150364-bda3-11ef-adb5-02a6845b4b32', 'password': 'buyer_seller_4_95150364-bda3-11ef-adb5-02a6845b4b32', 'terminal': 'my terminal'}
2024-12-19 08:53:56 - be.model.user - INFO - 尝试登录用户：buyer_4_95150364-bda3-11ef-adb5-02a6845b4b32，终端：my terminal
2024-12-19 08:53:56 - be.model.user - INFO - 为用户 buyer_4_95150364-bda3-11ef-adb5-02a6845b4b32 生成新token，终端：my terminal
2024-12-19 08:53:56 - be.model.user - INFO - 用户登录成功：buyer_4_95150364-bda3-11ef-adb5-02a6845b4b32
2024-12-19 08:53:56 - be.view.auth - INFO - 登录处理结果: 200
2024-12-19 08:53:56 - werkzeug - INFO - 127.0.0.1 - - [19/Dec/2024 08:53:56] "POST /auth/login HTTP/1.1" 200 -
2024-12-19 08:53:56 - be.view.auth - INFO - 收到登录请求: {'user_id': 'buyer_6_95150364-bda3-11ef-adb5-02a6845b4b32', 'password': 'buyer_seller_6_95150364-bda3-11ef-adb5-02a6845b4b32', 'terminal': 'my terminal'}
2024-12-19 08:53:56 - be.model.user - INFO - 尝试登录用户：buyer_6_95150364-bda3-11ef-adb5-02a6845b4b32，终端：my terminal
2024-12-19 08:53:56 - be.model.user - INFO - 为用户 buyer_6_95150364-bda3-11ef-adb5-02a6845b4b32 生成新token，终端：my terminal
2024-12-19 08:53:56 - be.model.user - INFO - 用户登录成功：buyer_6_95150364-bda3-11ef-adb5-02a6845b4b32
2024-12-19 08:53:56 - be.view.auth - INFO - 登录处理结果: 200
2024-12-19 08:53:56 - werkzeug - INFO - 127.0.0.1 - - [19/Dec/2024 08:53:56] "POST /auth/login HTTP/1.1" 200 -
2024-12-19 08:53:56 - be.view.auth - INFO - 收到登录请求: {'user_id': 'buyer_3_95150364-bda3-11ef-adb5-02a6845b4b32', 'password': 'buyer_seller_3_95150364-bda3-11ef-adb5-02a6845b4b32', 'terminal': 'my terminal'}
2024-12-19 08:53:56 - be.model.user - INFO - 尝试登录用户：buyer_3_95150364-bda3-11ef-adb5-02a6845b4b32，终端：my terminal
2024-12-19 08:53:56 - be.model.user - INFO - 为用户 buyer_3_95150364-bda3-11ef-adb5-02a6845b4b32 生成新token，终端：my terminal
2024-12-19 08:53:56 - be.model.user - INFO - 用户登录成功：buyer_3_95150364-bda3-11ef-adb5-02a6845b4b32
2024-12-19 08:53:56 - be.view.auth - INFO - 登录处理结果: 200
2024-12-19 08:53:56 - werkzeug - INFO - 127.0.0.1 - - [19/Dec/2024 08:53:56] "POST /auth/login HTTP/1.1" 200 -
2024-12-19 08:53:56 - be.view.auth - INFO - 收到登录请求: {'user_id': 'buyer_8_95150364-bda3-11ef-adb5-02a6845b4b32', 'password': 'buyer_seller_8_95150364-bda3-11ef-adb5-02a6845b4b32', 'terminal': 'my terminal'}
2024-12-19 08:53:56 - be.model.user - INFO - 尝试登录用户：buyer_8_95150364-bda3-11ef-adb5-02a6845b4b32，终端：my terminal
2024-12-19 08:53:57 - be.model.user - INFO - 为用户 buyer_8_95150364-bda3-11ef-adb5-02a6845b4b32 生成新token，终端：my terminal
2024-12-19 08:53:57 - be.model.user - INFO - 用户登录成功：buyer_8_95150364-bda3-11ef-adb5-02a6845b4b32
2024-12-19 08:53:57 - be.view.auth - INFO - 登录处理结果: 200
2024-12-19 08:53:57 - werkzeug - INFO - 127.0.0.1 - - [19/Dec/2024 08:53:57] "POST /auth/login HTTP/1.1" 200 -
2024-12-19 08:53:57 - be.view.auth - INFO - 收到登录请求: {'user_id': 'buyer_7_95150364-bda3-11ef-adb5-02a6845b4b32', 'password': 'buyer_seller_7_95150364-bda3-11ef-adb5-02a6845b4b32', 'terminal': 'my terminal'}
2024-12-19 08:53:57 - be.model.user - INFO - 尝试登录用户：buyer_7_95150364-bda3-11ef-adb5-02a6845b4b32，终端：my terminal
2024-12-19 08:53:57 - be.model.user - INFO - 为用户 buyer_7_95150364-bda3-11ef-adb5-02a6845b4b32 生成新token，终端：my terminal
2024-12-19 08:53:57 - be.model.user - INFO - 用户登录成功：buyer_7_95150364-bda3-11ef-adb5-02a6845b4b32
2024-12-19 08:53:57 - be.view.auth - INFO - 登录处理结果: 200
2024-12-19 08:53:57 - werkzeug - INFO - 127.0.0.1 - - [19/Dec/2024 08:53:57] "POST /auth/login HTTP/1.1" 200 -
2024-12-19 08:53:57 - be.view.auth - INFO - 收到登录请求: {'user_id': 'buyer_1_95150364-bda3-11ef-adb5-02a6845b4b32', 'password': 'buyer_seller_1_95150364-bda3-11ef-adb5-02a6845b4b32', 'terminal': 'my terminal'}
2024-12-19 08:53:57 - be.model.user - INFO - 尝试登录用户：buyer_1_95150364-bda3-11ef-adb5-02a6845b4b32，终端：my terminal
2024-12-19 08:53:57 - be.model.user - INFO - 为用户 buyer_1_95150364-bda3-11ef-adb5-02a6845b4b32 生成新token，终端：my terminal
2024-12-19 08:53:57 - be.model.user - INFO - 用户登录成功：buyer_1_95150364-bda3-11ef-adb5-02a6845b4b32
2024-12-19 08:53:57 - be.view.auth - INFO - 登录处理结果: 200
2024-12-19 08:53:57 - werkzeug - INFO - 127.0.0.1 - - [19/Dec/2024 08:53:57] "POST /auth/login HTTP/1.1" 200 -
2024-12-19 08:53:57 - be.view.auth - INFO - 收到登录请求: {'user_id': 'buyer_6_95150364-bda3-11ef-adb5-02a6845b4b32', 'password': 'buyer_seller_6_95150364-bda3-11ef-adb5-02a6845b4b32', 'terminal': 'my terminal'}
2024-12-19 08:53:57 - be.model.user - INFO - 尝试登录用户：buyer_6_95150364-bda3-11ef-adb5-02a6845b4b32，终端：my terminal
2024-12-19 08:53:57 - be.model.user - INFO - 为用户 buyer_6_95150364-bda3-11ef-adb5-02a6845b4b32 生成新token，终端：my terminal
2024-12-19 08:53:57 - be.model.user - INFO - 用户登录成功：buyer_6_95150364-bda3-11ef-adb5-02a6845b4b32
2024-12-19 08:53:58 - be.view.auth - INFO - 登录处理结果: 200
2024-12-19 08:53:58 - werkzeug - INFO - 127.0.0.1 - - [19/Dec/2024 08:53:58] "POST /auth/login HTTP/1.1" 200 -
2024-12-19 08:53:58 - be.view.auth - INFO - 收到登录请求: {'user_id': 'buyer_9_95150364-bda3-11ef-adb5-02a6845b4b32', 'password': 'buyer_seller_9_95150364-bda3-11ef-adb5-02a6845b4b32', 'terminal': 'my terminal'}
2024-12-19 08:53:58 - be.model.user - INFO - 尝试登录用户：buyer_9_95150364-bda3-11ef-adb5-02a6845b4b32，终端：my terminal
2024-12-19 08:53:58 - be.model.user - INFO - 为用户 buyer_9_95150364-bda3-11ef-adb5-02a6845b4b32 生成新token，终端：my terminal
2024-12-19 08:53:58 - be.model.user - INFO - 用户登录成功：buyer_9_95150364-bda3-11ef-adb5-02a6845b4b32
2024-12-19 08:53:58 - be.view.auth - INFO - 登录处理结果: 200
2024-12-19 08:53:58 - werkzeug - INFO - 127.0.0.1 - - [19/Dec/2024 08:53:58] "POST /auth/login HTTP/1.1" 200 -
2024-12-19 08:53:58 - be.view.auth - INFO - 收到登录请求: {'user_id': 'buyer_3_95150364-bda3-11ef-adb5-02a6845b4b32', 'password': 'buyer_seller_3_95150364-bda3-11ef-adb5-02a6845b4b32', 'terminal': 'my terminal'}
2024-12-19 08:53:58 - be.model.user - INFO - 尝试登录用户：buyer_3_95150364-bda3-11ef-adb5-02a6845b4b32，终端：my terminal
2024-12-19 08:53:58 - be.model.user - INFO - 为用户 buyer_3_95150364-bda3-11ef-adb5-02a6845b4b32 生成新token，终端：my terminal
2024-12-19 08:53:58 - be.model.user - INFO - 用户登录成功：buyer_3_95150364-bda3-11ef-adb5-02a6845b4b32
2024-12-19 08:53:58 - be.view.auth - INFO - 登录处理结果: 200
2024-12-19 08:53:58 - werkzeug - INFO - 127.0.0.1 - - [19/Dec/2024 08:53:58] "POST /auth/login HTTP/1.1" 200 -
2024-12-19 08:53:58 - be.view.auth - INFO - 收到登录请求: {'user_id': 'buyer_3_95150364-bda3-11ef-adb5-02a6845b4b32', 'password': 'buyer_seller_3_95150364-bda3-11ef-adb5-02a6845b4b32', 'terminal': 'my terminal'}
2024-12-19 08:53:58 - be.model.user - INFO - 尝试登录用户：buyer_3_95150364-bda3-11ef-adb5-02a6845b4b32，终端：my terminal
2024-12-19 08:53:58 - be.model.user - INFO - 为用户 buyer_3_95150364-bda3-11ef-adb5-02a6845b4b32 生成新token，终端：my terminal
2024-12-19 08:53:58 - be.model.user - INFO - 用户登录成功：buyer_3_95150364-bda3-11ef-adb5-02a6845b4b32
2024-12-19 08:53:58 - be.view.auth - INFO - 登录处理结果: 200
2024-12-19 08:53:58 - werkzeug - INFO - 127.0.0.1 - - [19/Dec/2024 08:53:58] "POST /auth/login HTTP/1.1" 200 -
2024-12-19 08:53:58 - be.view.auth - INFO - 收到登录请求: {'user_id': 'buyer_7_95150364-bda3-11ef-adb5-02a6845b4b32', 'password': 'buyer_seller_7_95150364-bda3-11ef-adb5-02a6845b4b32', 'terminal': 'my terminal'}
2024-12-19 08:53:58 - be.model.user - INFO - 尝试登录用户：buyer_7_95150364-bda3-11ef-adb5-02a6845b4b32，终端：my terminal
2024-12-19 08:53:58 - be.model.user - INFO - 为用户 buyer_7_95150364-bda3-11ef-adb5-02a6845b4b32 生成新token，终端：my terminal
2024-12-19 08:53:58 - be.model.user - INFO - 用户登录成功：buyer_7_95150364-bda3-11ef-adb5-02a6845b4b32
2024-12-19 08:53:58 - be.view.auth - INFO - 登录处理结果: 200
2024-12-19 08:53:58 - werkzeug - INFO - 127.0.0.1 - - [19/Dec/2024 08:53:58] "POST /auth/login HTTP/1.1" 200 -
2024-12-19 08:53:58 - be.view.auth - INFO - 收到登录请求: {'user_id': 'buyer_4_95150364-bda3-11ef-adb5-02a6845b4b32', 'password': 'buyer_seller_4_95150364-bda3-11ef-adb5-02a6845b4b32', 'terminal': 'my terminal'}
2024-12-19 08:53:58 - be.model.user - INFO - 尝试登录用户：buyer_4_95150364-bda3-11ef-adb5-02a6845b4b32，终端：my terminal
2024-12-19 08:53:59 - be.model.user - INFO - 为用户 buyer_4_95150364-bda3-11ef-adb5-02a6845b4b32 生成新token，终端：my terminal
2024-12-19 08:53:59 - be.model.user - INFO - 用户登录成功：buyer_4_95150364-bda3-11ef-adb5-02a6845b4b32
2024-12-19 08:53:59 - be.view.auth - INFO - 登录处理结果: 200
2024-12-19 08:53:59 - werkzeug - INFO - 127.0.0.1 - - [19/Dec/2024 08:53:59] "POST /auth/login HTTP/1.1" 200 -
2024-12-19 08:53:59 - be.view.auth - INFO - 收到登录请求: {'user_id': 'buyer_3_95150364-bda3-11ef-adb5-02a6845b4b32', 'password': 'buyer_seller_3_95150364-bda3-11ef-adb5-02a6845b4b32', 'terminal': 'my terminal'}
2024-12-19 08:53:59 - be.model.user - INFO - 尝试登录用户：buyer_3_95150364-bda3-11ef-adb5-02a6845b4b32，终端：my terminal
2024-12-19 08:53:59 - be.model.user - INFO - 为用户 buyer_3_95150364-bda3-11ef-adb5-02a6845b4b32 生成新token，终端：my terminal
2024-12-19 08:53:59 - be.model.user - INFO - 用户登录成功：buyer_3_95150364-bda3-11ef-adb5-02a6845b4b32
2024-12-19 08:53:59 - be.view.auth - INFO - 登录处理结果: 200
2024-12-19 08:53:59 - werkzeug - INFO - 127.0.0.1 - - [19/Dec/2024 08:53:59] "POST /auth/login HTTP/1.1" 200 -
2024-12-19 08:53:59 - be.view.auth - INFO - 收到登录请求: {'user_id': 'buyer_4_95150364-bda3-11ef-adb5-02a6845b4b32', 'password': 'buyer_seller_4_95150364-bda3-11ef-adb5-02a6845b4b32', 'terminal': 'my terminal'}
2024-12-19 08:53:59 - be.model.user - INFO - 尝试登录用户：buyer_4_95150364-bda3-11ef-adb5-02a6845b4b32，终端：my terminal
2024-12-19 08:53:59 - be.model.user - INFO - 为用户 buyer_4_95150364-bda3-11ef-adb5-02a6845b4b32 生成新token，终端：my terminal
2024-12-19 08:53:59 - be.model.user - INFO - 用户登录成功：buyer_4_95150364-bda3-11ef-adb5-02a6845b4b32
2024-12-19 08:53:59 - be.view.auth - INFO - 登录处理结果: 200
2024-12-19 08:53:59 - werkzeug - INFO - 127.0.0.1 - - [19/Dec/2024 08:53:59] "POST /auth/login HTTP/1.1" 200 -
2024-12-19 08:53:59 - be.view.auth - INFO - 收到登录请求: {'user_id': 'buyer_1_95150364-bda3-11ef-adb5-02a6845b4b32', 'password': 'buyer_seller_1_95150364-bda3-11ef-adb5-02a6845b4b32', 'terminal': 'my terminal'}
2024-12-19 08:53:59 - be.model.user - INFO - 尝试登录用户：buyer_1_95150364-bda3-11ef-adb5-02a6845b4b32，终端：my terminal
2024-12-19 08:53:59 - be.model.user - INFO - 为用户 buyer_1_95150364-bda3-11ef-adb5-02a6845b4b32 生成新token，终端：my terminal
2024-12-19 08:53:59 - be.model.user - INFO - 用户登录成功：buyer_1_95150364-bda3-11ef-adb5-02a6845b4b32
2024-12-19 08:53:59 - be.view.auth - INFO - 登录处理结果: 200
2024-12-19 08:53:59 - werkzeug - INFO - 127.0.0.1 - - [19/Dec/2024 08:53:59] "POST /auth/login HTTP/1.1" 200 -
2024-12-19 08:53:59 - be.view.auth - INFO - 收到登录请求: {'user_id': 'buyer_10_95150364-bda3-11ef-adb5-02a6845b4b32', 'password': 'buyer_seller_10_95150364-bda3-11ef-adb5-02a6845b4b32', 'terminal': 'my terminal'}
2024-12-19 08:53:59 - be.model.user - INFO - 尝试登录用户：buyer_10_95150364-bda3-11ef-adb5-02a6845b4b32，终端：my terminal
2024-12-19 08:54:00 - be.model.user - INFO - 为用户 buyer_10_95150364-bda3-11ef-adb5-02a6845b4b32 生成新token，终端：my terminal
2024-12-19 08:54:00 - be.model.user - INFO - 用户登录成功：buyer_10_95150364-bda3-11ef-adb5-02a6845b4b32
2024-12-19 08:54:00 - be.view.auth - INFO - 登录处理结果: 200
2024-12-19 08:54:00 - werkzeug - INFO - 127.0.0.1 - - [19/Dec/2024 08:54:00] "POST /auth/login HTTP/1.1" 200 -
2024-12-19 08:54:00 - be.view.auth - INFO - 收到登录请求: {'user_id': 'buyer_7_95150364-bda3-11ef-adb5-02a6845b4b32', 'password': 'buyer_seller_7_95150364-bda3-11ef-adb5-02a6845b4b32', 'terminal': 'my terminal'}
2024-12-19 08:54:00 - be.model.user - INFO - 尝试登录用户：buyer_7_95150364-bda3-11ef-adb5-02a6845b4b32，终端：my terminal
2024-12-19 08:54:00 - be.model.user - INFO - 为用户 buyer_7_95150364-bda3-11ef-adb5-02a6845b4b32 生成新token，终端：my terminal
2024-12-19 08:54:00 - be.model.user - INFO - 用户登录成功：buyer_7_95150364-bda3-11ef-adb5-02a6845b4b32
2024-12-19 08:54:00 - be.view.auth - INFO - 登录处理结果: 200
2024-12-19 08:54:00 - werkzeug - INFO - 127.0.0.1 - - [19/Dec/2024 08:54:00] "POST /auth/login HTTP/1.1" 200 -
2024-12-19 08:54:00 - be.view.auth - INFO - 收到登录请求: {'user_id': 'buyer_10_95150364-bda3-11ef-adb5-02a6845b4b32', 'password': 'buyer_seller_10_95150364-bda3-11ef-adb5-02a6845b4b32', 'terminal': 'my terminal'}
2024-12-19 08:54:00 - be.model.user - INFO - 尝试登录用户：buyer_10_95150364-bda3-11ef-adb5-02a6845b4b32，终端：my terminal
2024-12-19 08:54:00 - be.model.user - INFO - 为用户 buyer_10_95150364-bda3-11ef-adb5-02a6845b4b32 生成新token，终端：my terminal
2024-12-19 08:54:00 - be.model.user - INFO - 用户登录成功：buyer_10_95150364-bda3-11ef-adb5-02a6845b4b32
2024-12-19 08:54:00 - be.view.auth - INFO - 登录处理结果: 200
2024-12-19 08:54:00 - werkzeug - INFO - 127.0.0.1 - - [19/Dec/2024 08:54:00] "POST /auth/login HTTP/1.1" 200 -
2024-12-19 08:54:00 - be.view.auth - INFO - 收到登录请求: {'user_id': 'buyer_1_95150364-bda3-11ef-adb5-02a6845b4b32', 'password': 'buyer_seller_1_95150364-bda3-11ef-adb5-02a6845b4b32', 'terminal': 'my terminal'}
2024-12-19 08:54:00 - be.model.user - INFO - 尝试登录用户：buyer_1_95150364-bda3-11ef-adb5-02a6845b4b32，终端：my terminal
2024-12-19 08:54:00 - be.model.user - INFO - 为用户 buyer_1_95150364-bda3-11ef-adb5-02a6845b4b32 生成新token，终端：my terminal
2024-12-19 08:54:00 - be.model.user - INFO - 用户登录成功：buyer_1_95150364-bda3-11ef-adb5-02a6845b4b32
2024-12-19 08:54:00 - be.view.auth - INFO - 登录处理结果: 200
2024-12-19 08:54:00 - werkzeug - INFO - 127.0.0.1 - - [19/Dec/2024 08:54:00] "POST /auth/login HTTP/1.1" 200 -
2024-12-19 08:54:00 - be.view.auth - INFO - 收到登录请求: {'user_id': 'buyer_10_95150364-bda3-11ef-adb5-02a6845b4b32', 'password': 'buyer_seller_10_95150364-bda3-11ef-adb5-02a6845b4b32', 'terminal': 'my terminal'}
2024-12-19 08:54:00 - be.model.user - INFO - 尝试登录用户：buyer_10_95150364-bda3-11ef-adb5-02a6845b4b32，终端：my terminal
2024-12-19 08:54:01 - be.model.user - INFO - 为用户 buyer_10_95150364-bda3-11ef-adb5-02a6845b4b32 生成新token，终端：my terminal
2024-12-19 08:54:01 - be.model.user - INFO - 用户登录成功：buyer_10_95150364-bda3-11ef-adb5-02a6845b4b32
2024-12-19 08:54:01 - be.view.auth - INFO - 登录处理结果: 200
2024-12-19 08:54:01 - werkzeug - INFO - 127.0.0.1 - - [19/Dec/2024 08:54:01] "POST /auth/login HTTP/1.1" 200 -
2024-12-19 08:54:01 - be.view.auth - INFO - 收到登录请求: {'user_id': 'buyer_10_95150364-bda3-11ef-adb5-02a6845b4b32', 'password': 'buyer_seller_10_95150364-bda3-11ef-adb5-02a6845b4b32', 'terminal': 'my terminal'}
2024-12-19 08:54:01 - be.model.user - INFO - 尝试登录用户：buyer_10_95150364-bda3-11ef-adb5-02a6845b4b32，终端：my terminal
2024-12-19 08:54:01 - be.model.user - INFO - 为用户 buyer_10_95150364-bda3-11ef-adb5-02a6845b4b32 生成新token，终端：my terminal
2024-12-19 08:54:01 - be.model.user - INFO - 用户登录成功：buyer_10_95150364-bda3-11ef-adb5-02a6845b4b32
2024-12-19 08:54:01 - be.view.auth - INFO - 登录处理结果: 200
2024-12-19 08:54:01 - werkzeug - INFO - 127.0.0.1 - - [19/Dec/2024 08:54:01] "POST /auth/login HTTP/1.1" 200 -
2024-12-19 08:54:01 - be.view.auth - INFO - 收到登录请求: {'user_id': 'buyer_6_95150364-bda3-11ef-adb5-02a6845b4b32', 'password': 'buyer_seller_6_95150364-bda3-11ef-adb5-02a6845b4b32', 'terminal': 'my terminal'}
2024-12-19 08:54:01 - be.model.user - INFO - 尝试登录用户：buyer_6_95150364-bda3-11ef-adb5-02a6845b4b32，终端：my terminal
2024-12-19 08:54:01 - be.model.user - INFO - 为用户 buyer_6_95150364-bda3-11ef-adb5-02a6845b4b32 生成新token，终端：my terminal
2024-12-19 08:54:01 - be.model.user - INFO - 用户登录成功：buyer_6_95150364-bda3-11ef-adb5-02a6845b4b32
2024-12-19 08:54:01 - be.view.auth - INFO - 登录处理结果: 200
2024-12-19 08:54:01 - werkzeug - INFO - 127.0.0.1 - - [19/Dec/2024 08:54:01] "POST /auth/login HTTP/1.1" 200 -
2024-12-19 08:54:01 - be.view.auth - INFO - 收到登录请求: {'user_id': 'buyer_10_95150364-bda3-11ef-adb5-02a6845b4b32', 'password': 'buyer_seller_10_95150364-bda3-11ef-adb5-02a6845b4b32', 'terminal': 'my terminal'}
2024-12-19 08:54:01 - be.model.user - INFO - 尝试登录用户：buyer_10_95150364-bda3-11ef-adb5-02a6845b4b32，终端：my terminal
2024-12-19 08:54:01 - be.model.user - INFO - 为用户 buyer_10_95150364-bda3-11ef-adb5-02a6845b4b32 生成新token，终端：my terminal
2024-12-19 08:54:01 - be.model.user - INFO - 用户登录成功：buyer_10_95150364-bda3-11ef-adb5-02a6845b4b32
2024-12-19 08:54:02 - be.view.auth - INFO - 登录处理结果: 200
2024-12-19 08:54:02 - werkzeug - INFO - 127.0.0.1 - - [19/Dec/2024 08:54:02] "POST /auth/login HTTP/1.1" 200 -
2024-12-19 08:54:02 - be.view.auth - INFO - 收到登录请求: {'user_id': 'buyer_10_95150364-bda3-11ef-adb5-02a6845b4b32', 'password': 'buyer_seller_10_95150364-bda3-11ef-adb5-02a6845b4b32', 'terminal': 'my terminal'}
2024-12-19 08:54:02 - be.model.user - INFO - 尝试登录用户：buyer_10_95150364-bda3-11ef-adb5-02a6845b4b32，终端：my terminal
2024-12-19 08:54:02 - be.model.user - INFO - 为用户 buyer_10_95150364-bda3-11ef-adb5-02a6845b4b32 生成新token，终端：my terminal
2024-12-19 08:54:02 - be.model.user - INFO - 用户登录成功：buyer_10_95150364-bda3-11ef-adb5-02a6845b4b32
2024-12-19 08:54:02 - be.view.auth - INFO - 登录处理结果: 200
2024-12-19 08:54:02 - werkzeug - INFO - 127.0.0.1 - - [19/Dec/2024 08:54:02] "POST /auth/login HTTP/1.1" 200 -
2024-12-19 08:54:02 - be.view.auth - INFO - 收到登录请求: {'user_id': 'buyer_2_95150364-bda3-11ef-adb5-02a6845b4b32', 'password': 'buyer_seller_2_95150364-bda3-11ef-adb5-02a6845b4b32', 'terminal': 'my terminal'}
2024-12-19 08:54:02 - be.model.user - INFO - 尝试登录用户：buyer_2_95150364-bda3-11ef-adb5-02a6845b4b32，终端：my terminal
2024-12-19 08:54:02 - be.model.user - INFO - 为用户 buyer_2_95150364-bda3-11ef-adb5-02a6845b4b32 生成新token，终端：my terminal
2024-12-19 08:54:02 - be.model.user - INFO - 用户登录成功：buyer_2_95150364-bda3-11ef-adb5-02a6845b4b32
2024-12-19 08:54:02 - be.view.auth - INFO - 登录处理结果: 200
2024-12-19 08:54:02 - werkzeug - INFO - 127.0.0.1 - - [19/Dec/2024 08:54:02] "POST /auth/login HTTP/1.1" 200 -
2024-12-19 08:54:02 - be.view.auth - INFO - 收到登录请求: {'user_id': 'buyer_9_95150364-bda3-11ef-adb5-02a6845b4b32', 'password': 'buyer_seller_9_95150364-bda3-11ef-adb5-02a6845b4b32', 'terminal': 'my terminal'}
2024-12-19 08:54:02 - be.model.user - INFO - 尝试登录用户：buyer_9_95150364-bda3-11ef-adb5-02a6845b4b32，终端：my terminal
2024-12-19 08:54:02 - be.model.user - INFO - 为用户 buyer_9_95150364-bda3-11ef-adb5-02a6845b4b32 生成新token，终端：my terminal
2024-12-19 08:54:02 - be.model.user - INFO - 用户登录成功：buyer_9_95150364-bda3-11ef-adb5-02a6845b4b32
2024-12-19 08:54:02 - be.view.auth - INFO - 登录处理结果: 200
2024-12-19 08:54:02 - werkzeug - INFO - 127.0.0.1 - - [19/Dec/2024 08:54:02] "POST /auth/login HTTP/1.1" 200 -
2024-12-19 08:54:02 - be.view.auth - INFO - 收到登录请求: {'user_id': 'buyer_1_95150364-bda3-11ef-adb5-02a6845b4b32', 'password': 'buyer_seller_1_95150364-bda3-11ef-adb5-02a6845b4b32', 'terminal': 'my terminal'}
2024-12-19 08:54:02 - be.model.user - INFO - 尝试登录用户：buyer_1_95150364-bda3-11ef-adb5-02a6845b4b32，终端：my terminal
2024-12-19 08:54:02 - be.model.user - INFO - 为用户 buyer_1_95150364-bda3-11ef-adb5-02a6845b4b32 生成新token，终端：my terminal
2024-12-19 08:54:02 - be.model.user - INFO - 用户登录成功：buyer_1_95150364-bda3-11ef-adb5-02a6845b4b32
2024-12-19 08:54:03 - be.view.auth - INFO - 登录处理结果: 200
2024-12-19 08:54:03 - werkzeug - INFO - 127.0.0.1 - - [19/Dec/2024 08:54:03] "POST /auth/login HTTP/1.1" 200 -
2024-12-19 08:54:03 - be.view.auth - INFO - 收到登录请求: {'user_id': 'buyer_8_95150364-bda3-11ef-adb5-02a6845b4b32', 'password': 'buyer_seller_8_95150364-bda3-11ef-adb5-02a6845b4b32', 'terminal': 'my terminal'}
2024-12-19 08:54:03 - be.model.user - INFO - 尝试登录用户：buyer_8_95150364-bda3-11ef-adb5-02a6845b4b32，终端：my terminal
2024-12-19 08:54:03 - be.model.user - INFO - 为用户 buyer_8_95150364-bda3-11ef-adb5-02a6845b4b32 生成新token，终端：my terminal
2024-12-19 08:54:03 - be.model.user - INFO - 用户登录成功：buyer_8_95150364-bda3-11ef-adb5-02a6845b4b32
2024-12-19 08:54:03 - be.view.auth - INFO - 登录处理结果: 200
2024-12-19 08:54:03 - werkzeug - INFO - 127.0.0.1 - - [19/Dec/2024 08:54:03] "POST /auth/login HTTP/1.1" 200 -
2024-12-19 08:54:03 - be.view.auth - INFO - 收到登录请求: {'user_id': 'buyer_6_95150364-bda3-11ef-adb5-02a6845b4b32', 'password': 'buyer_seller_6_95150364-bda3-11ef-adb5-02a6845b4b32', 'terminal': 'my terminal'}
2024-12-19 08:54:03 - be.model.user - INFO - 尝试登录用户：buyer_6_95150364-bda3-11ef-adb5-02a6845b4b32，终端：my terminal
2024-12-19 08:54:03 - be.model.user - INFO - 为用户 buyer_6_95150364-bda3-11ef-adb5-02a6845b4b32 生成新token，终端：my terminal
2024-12-19 08:54:03 - be.model.user - INFO - 用户登录成功：buyer_6_95150364-bda3-11ef-adb5-02a6845b4b32
2024-12-19 08:54:03 - be.view.auth - INFO - 登录处理结果: 200
2024-12-19 08:54:03 - werkzeug - INFO - 127.0.0.1 - - [19/Dec/2024 08:54:03] "POST /auth/login HTTP/1.1" 200 -
2024-12-19 08:54:03 - be.view.auth - INFO - 收到登录请求: {'user_id': 'buyer_5_95150364-bda3-11ef-adb5-02a6845b4b32', 'password': 'buyer_seller_5_95150364-bda3-11ef-adb5-02a6845b4b32', 'terminal': 'my terminal'}
2024-12-19 08:54:03 - be.model.user - INFO - 尝试登录用户：buyer_5_95150364-bda3-11ef-adb5-02a6845b4b32，终端：my terminal
2024-12-19 08:54:03 - be.model.user - INFO - 为用户 buyer_5_95150364-bda3-11ef-adb5-02a6845b4b32 生成新token，终端：my terminal
2024-12-19 08:54:03 - be.model.user - INFO - 用户登录成功：buyer_5_95150364-bda3-11ef-adb5-02a6845b4b32
2024-12-19 08:54:03 - be.view.auth - INFO - 登录处理结果: 200
2024-12-19 08:54:03 - werkzeug - INFO - 127.0.0.1 - - [19/Dec/2024 08:54:03] "POST /auth/login HTTP/1.1" 200 -
2024-12-19 08:54:03 - be.view.auth - INFO - 收到登录请求: {'user_id': 'buyer_10_95150364-bda3-11ef-adb5-02a6845b4b32', 'password': 'buyer_seller_10_95150364-bda3-11ef-adb5-02a6845b4b32', 'terminal': 'my terminal'}
2024-12-19 08:54:03 - be.model.user - INFO - 尝试登录用户：buyer_10_95150364-bda3-11ef-adb5-02a6845b4b32，终端：my terminal
2024-12-19 08:54:03 - be.model.user - INFO - 为用户 buyer_10_95150364-bda3-11ef-adb5-02a6845b4b32 生成新token，终端：my terminal
2024-12-19 08:54:03 - be.model.user - INFO - 用户登录成功：buyer_10_95150364-bda3-11ef-adb5-02a6845b4b32
2024-12-19 08:54:04 - be.view.auth - INFO - 登录处理结果: 200
2024-12-19 08:54:04 - werkzeug - INFO - 127.0.0.1 - - [19/Dec/2024 08:54:04] "POST /auth/login HTTP/1.1" 200 -
2024-12-19 08:54:04 - be.view.auth - INFO - 收到登录请求: {'user_id': 'buyer_1_95150364-bda3-11ef-adb5-02a6845b4b32', 'password': 'buyer_seller_1_95150364-bda3-11ef-adb5-02a6845b4b32', 'terminal': 'my terminal'}
2024-12-19 08:54:04 - be.model.user - INFO - 尝试登录用户：buyer_1_95150364-bda3-11ef-adb5-02a6845b4b32，终端：my terminal
2024-12-19 08:54:04 - be.model.user - INFO - 为用户 buyer_1_95150364-bda3-11ef-adb5-02a6845b4b32 生成新token，终端：my terminal
2024-12-19 08:54:04 - be.model.user - INFO - 用户登录成功：buyer_1_95150364-bda3-11ef-adb5-02a6845b4b32
2024-12-19 08:54:04 - be.view.auth - INFO - 登录处理结果: 200
2024-12-19 08:54:04 - werkzeug - INFO - 127.0.0.1 - - [19/Dec/2024 08:54:04] "POST /auth/login HTTP/1.1" 200 -
2024-12-19 08:54:04 - be.view.auth - INFO - 收到登录请求: {'user_id': 'buyer_3_95150364-bda3-11ef-adb5-02a6845b4b32', 'password': 'buyer_seller_3_95150364-bda3-11ef-adb5-02a6845b4b32', 'terminal': 'my terminal'}
2024-12-19 08:54:04 - be.model.user - INFO - 尝试登录用户：buyer_3_95150364-bda3-11ef-adb5-02a6845b4b32，终端：my terminal
2024-12-19 08:54:04 - be.model.user - INFO - 为用户 buyer_3_95150364-bda3-11ef-adb5-02a6845b4b32 生成新token，终端：my terminal
2024-12-19 08:54:04 - be.model.user - INFO - 用户登录成功：buyer_3_95150364-bda3-11ef-adb5-02a6845b4b32
2024-12-19 08:54:04 - be.view.auth - INFO - 登录处理结果: 200
2024-12-19 08:54:04 - werkzeug - INFO - 127.0.0.1 - - [19/Dec/2024 08:54:04] "POST /auth/login HTTP/1.1" 200 -
2024-12-19 08:54:04 - be.view.auth - INFO - 收到登录请求: {'user_id': 'buyer_4_95150364-bda3-11ef-adb5-02a6845b4b32', 'password': 'buyer_seller_4_95150364-bda3-11ef-adb5-02a6845b4b32', 'terminal': 'my terminal'}
2024-12-19 08:54:04 - be.model.user - INFO - 尝试登录用户：buyer_4_95150364-bda3-11ef-adb5-02a6845b4b32，终端：my terminal
2024-12-19 08:54:04 - be.model.user - INFO - 为用户 buyer_4_95150364-bda3-11ef-adb5-02a6845b4b32 生成新token，终端：my terminal
2024-12-19 08:54:04 - be.model.user - INFO - 用户登录成功：buyer_4_95150364-bda3-11ef-adb5-02a6845b4b32
2024-12-19 08:54:04 - be.view.auth - INFO - 登录处理结果: 200
2024-12-19 08:54:04 - werkzeug - INFO - 127.0.0.1 - - [19/Dec/2024 08:54:04] "POST /auth/login HTTP/1.1" 200 -
2024-12-19 08:54:04 - be.view.auth - INFO - 收到登录请求: {'user_id': 'buyer_8_95150364-bda3-11ef-adb5-02a6845b4b32', 'password': 'buyer_seller_8_95150364-bda3-11ef-adb5-02a6845b4b32', 'terminal': 'my terminal'}
2024-12-19 08:54:04 - be.model.user - INFO - 尝试登录用户：buyer_8_95150364-bda3-11ef-adb5-02a6845b4b32，终端：my terminal
2024-12-19 08:54:04 - be.model.user - INFO - 为用户 buyer_8_95150364-bda3-11ef-adb5-02a6845b4b32 生成新token，终端：my terminal
2024-12-19 08:54:04 - be.model.user - INFO - 用户登录成功：buyer_8_95150364-bda3-11ef-adb5-02a6845b4b32
2024-12-19 08:54:05 - be.view.auth - INFO - 登录处理结果: 200
2024-12-19 08:54:05 - werkzeug - INFO - 127.0.0.1 - - [19/Dec/2024 08:54:05] "POST /auth/login HTTP/1.1" 200 -
2024-12-19 08:54:05 - be.view.auth - INFO - 收到登录请求: {'user_id': 'buyer_4_95150364-bda3-11ef-adb5-02a6845b4b32', 'password': 'buyer_seller_4_95150364-bda3-11ef-adb5-02a6845b4b32', 'terminal': 'my terminal'}
2024-12-19 08:54:05 - be.model.user - INFO - 尝试登录用户：buyer_4_95150364-bda3-11ef-adb5-02a6845b4b32，终端：my terminal
2024-12-19 08:54:05 - be.model.user - INFO - 为用户 buyer_4_95150364-bda3-11ef-adb5-02a6845b4b32 生成新token，终端：my terminal
2024-12-19 08:54:05 - be.model.user - INFO - 用户登录成功：buyer_4_95150364-bda3-11ef-adb5-02a6845b4b32
2024-12-19 08:54:05 - be.view.auth - INFO - 登录处理结果: 200
2024-12-19 08:54:05 - werkzeug - INFO - 127.0.0.1 - - [19/Dec/2024 08:54:05] "POST /auth/login HTTP/1.1" 200 -
2024-12-19 08:54:05 - be.view.auth - INFO - 收到登录请求: {'user_id': 'buyer_2_95150364-bda3-11ef-adb5-02a6845b4b32', 'password': 'buyer_seller_2_95150364-bda3-11ef-adb5-02a6845b4b32', 'terminal': 'my terminal'}
2024-12-19 08:54:05 - be.model.user - INFO - 尝试登录用户：buyer_2_95150364-bda3-11ef-adb5-02a6845b4b32，终端：my terminal
2024-12-19 08:54:05 - be.model.user - INFO - 为用户 buyer_2_95150364-bda3-11ef-adb5-02a6845b4b32 生成新token，终端：my terminal
2024-12-19 08:54:05 - be.model.user - INFO - 用户登录成功：buyer_2_95150364-bda3-11ef-adb5-02a6845b4b32
2024-12-19 08:54:05 - be.view.auth - INFO - 登录处理结果: 200
2024-12-19 08:54:05 - werkzeug - INFO - 127.0.0.1 - - [19/Dec/2024 08:54:05] "POST /auth/login HTTP/1.1" 200 -
2024-12-19 08:54:05 - be.view.auth - INFO - 收到登录请求: {'user_id': 'buyer_6_95150364-bda3-11ef-adb5-02a6845b4b32', 'password': 'buyer_seller_6_95150364-bda3-11ef-adb5-02a6845b4b32', 'terminal': 'my terminal'}
2024-12-19 08:54:05 - be.model.user - INFO - 尝试登录用户：buyer_6_95150364-bda3-11ef-adb5-02a6845b4b32，终端：my terminal
2024-12-19 08:54:05 - be.model.user - INFO - 为用户 buyer_6_95150364-bda3-11ef-adb5-02a6845b4b32 生成新token，终端：my terminal
2024-12-19 08:54:05 - be.model.user - INFO - 用户登录成功：buyer_6_95150364-bda3-11ef-adb5-02a6845b4b32
2024-12-19 08:54:05 - be.view.auth - INFO - 登录处理结果: 200
2024-12-19 08:54:05 - werkzeug - INFO - 127.0.0.1 - - [19/Dec/2024 08:54:05] "POST /auth/login HTTP/1.1" 200 -
2024-12-19 08:54:05 - be.view.auth - INFO - 收到登录请求: {'user_id': 'buyer_6_95150364-bda3-11ef-adb5-02a6845b4b32', 'password': 'buyer_seller_6_95150364-bda3-11ef-adb5-02a6845b4b32', 'terminal': 'my terminal'}
2024-12-19 08:54:05 - be.model.user - INFO - 尝试登录用户：buyer_6_95150364-bda3-11ef-adb5-02a6845b4b32，终端：my terminal
2024-12-19 08:54:06 - be.model.user - INFO - 为用户 buyer_6_95150364-bda3-11ef-adb5-02a6845b4b32 生成新token，终端：my terminal
2024-12-19 08:54:06 - be.model.user - INFO - 用户登录成功：buyer_6_95150364-bda3-11ef-adb5-02a6845b4b32
2024-12-19 08:54:06 - be.view.auth - INFO - 登录处理结果: 200
2024-12-19 08:54:06 - werkzeug - INFO - 127.0.0.1 - - [19/Dec/2024 08:54:06] "POST /auth/login HTTP/1.1" 200 -
2024-12-19 08:54:06 - be.view.auth - INFO - 收到登录请求: {'user_id': 'buyer_7_95150364-bda3-11ef-adb5-02a6845b4b32', 'password': 'buyer_seller_7_95150364-bda3-11ef-adb5-02a6845b4b32', 'terminal': 'my terminal'}
2024-12-19 08:54:06 - be.model.user - INFO - 尝试登录用户：buyer_7_95150364-bda3-11ef-adb5-02a6845b4b32，终端：my terminal
2024-12-19 08:54:06 - be.model.user - INFO - 为用户 buyer_7_95150364-bda3-11ef-adb5-02a6845b4b32 生成新token，终端：my terminal
2024-12-19 08:54:06 - be.model.user - INFO - 用户登录成功：buyer_7_95150364-bda3-11ef-adb5-02a6845b4b32
2024-12-19 08:54:06 - be.view.auth - INFO - 登录处理结果: 200
2024-12-19 08:54:06 - werkzeug - INFO - 127.0.0.1 - - [19/Dec/2024 08:54:06] "POST /auth/login HTTP/1.1" 200 -
2024-12-19 08:54:06 - be.view.auth - INFO - 收到登录请求: {'user_id': 'buyer_7_95150364-bda3-11ef-adb5-02a6845b4b32', 'password': 'buyer_seller_7_95150364-bda3-11ef-adb5-02a6845b4b32', 'terminal': 'my terminal'}
2024-12-19 08:54:06 - be.model.user - INFO - 尝试登录用户：buyer_7_95150364-bda3-11ef-adb5-02a6845b4b32，终端：my terminal
2024-12-19 08:54:06 - be.model.user - INFO - 为用户 buyer_7_95150364-bda3-11ef-adb5-02a6845b4b32 生成新token，终端：my terminal
2024-12-19 08:54:06 - be.model.user - INFO - 用户登录成功：buyer_7_95150364-bda3-11ef-adb5-02a6845b4b32
2024-12-19 08:54:06 - be.view.auth - INFO - 登录处理结果: 200
2024-12-19 08:54:06 - werkzeug - INFO - 127.0.0.1 - - [19/Dec/2024 08:54:06] "POST /auth/login HTTP/1.1" 200 -
2024-12-19 08:54:06 - be.view.auth - INFO - 收到登录请求: {'user_id': 'buyer_9_95150364-bda3-11ef-adb5-02a6845b4b32', 'password': 'buyer_seller_9_95150364-bda3-11ef-adb5-02a6845b4b32', 'terminal': 'my terminal'}
2024-12-19 08:54:06 - be.model.user - INFO - 尝试登录用户：buyer_9_95150364-bda3-11ef-adb5-02a6845b4b32，终端：my terminal
2024-12-19 08:54:06 - be.model.user - INFO - 为用户 buyer_9_95150364-bda3-11ef-adb5-02a6845b4b32 生成新token，终端：my terminal
2024-12-19 08:54:06 - be.model.user - INFO - 用户登录成功：buyer_9_95150364-bda3-11ef-adb5-02a6845b4b32
2024-12-19 08:54:06 - be.view.auth - INFO - 登录处理结果: 200
2024-12-19 08:54:06 - werkzeug - INFO - 127.0.0.1 - - [19/Dec/2024 08:54:06] "POST /auth/login HTTP/1.1" 200 -
2024-12-19 08:54:06 - be.view.auth - INFO - 收到登录请求: {'user_id': 'buyer_6_95150364-bda3-11ef-adb5-02a6845b4b32', 'password': 'buyer_seller_6_95150364-bda3-11ef-adb5-02a6845b4b32', 'terminal': 'my terminal'}
2024-12-19 08:54:06 - be.model.user - INFO - 尝试登录用户：buyer_6_95150364-bda3-11ef-adb5-02a6845b4b32，终端：my terminal
2024-12-19 08:54:07 - be.model.user - INFO - 为用户 buyer_6_95150364-bda3-11ef-adb5-02a6845b4b32 生成新token，终端：my terminal
2024-12-19 08:54:07 - be.model.user - INFO - 用户登录成功：buyer_6_95150364-bda3-11ef-adb5-02a6845b4b32
2024-12-19 08:54:07 - be.view.auth - INFO - 登录处理结果: 200
2024-12-19 08:54:07 - werkzeug - INFO - 127.0.0.1 - - [19/Dec/2024 08:54:07] "POST /auth/login HTTP/1.1" 200 -
2024-12-19 08:54:07 - be.view.auth - INFO - 收到登录请求: {'user_id': 'buyer_6_95150364-bda3-11ef-adb5-02a6845b4b32', 'password': 'buyer_seller_6_95150364-bda3-11ef-adb5-02a6845b4b32', 'terminal': 'my terminal'}
2024-12-19 08:54:07 - be.model.user - INFO - 尝试登录用户：buyer_6_95150364-bda3-11ef-adb5-02a6845b4b32，终端：my terminal
2024-12-19 08:54:07 - be.model.user - INFO - 为用户 buyer_6_95150364-bda3-11ef-adb5-02a6845b4b32 生成新token，终端：my terminal
2024-12-19 08:54:07 - be.model.user - INFO - 用户登录成功：buyer_6_95150364-bda3-11ef-adb5-02a6845b4b32
2024-12-19 08:54:07 - be.view.auth - INFO - 登录处理结果: 200
2024-12-19 08:54:07 - werkzeug - INFO - 127.0.0.1 - - [19/Dec/2024 08:54:07] "POST /auth/login HTTP/1.1" 200 -
2024-12-19 08:54:07 - be.view.auth - INFO - 收到登录请求: {'user_id': 'buyer_8_95150364-bda3-11ef-adb5-02a6845b4b32', 'password': 'buyer_seller_8_95150364-bda3-11ef-adb5-02a6845b4b32', 'terminal': 'my terminal'}
2024-12-19 08:54:07 - be.model.user - INFO - 尝试登录用户：buyer_8_95150364-bda3-11ef-adb5-02a6845b4b32，终端：my terminal
2024-12-19 08:54:07 - be.model.user - INFO - 为用户 buyer_8_95150364-bda3-11ef-adb5-02a6845b4b32 生成新token，终端：my terminal
2024-12-19 08:54:07 - be.model.user - INFO - 用户登录成功：buyer_8_95150364-bda3-11ef-adb5-02a6845b4b32
2024-12-19 08:54:07 - be.view.auth - INFO - 登录处理结果: 200
2024-12-19 08:54:07 - werkzeug - INFO - 127.0.0.1 - - [19/Dec/2024 08:54:07] "POST /auth/login HTTP/1.1" 200 -
2024-12-19 08:54:07 - be.view.auth - INFO - 收到登录请求: {'user_id': 'buyer_1_95150364-bda3-11ef-adb5-02a6845b4b32', 'password': 'buyer_seller_1_95150364-bda3-11ef-adb5-02a6845b4b32', 'terminal': 'my terminal'}
2024-12-19 08:54:07 - be.model.user - INFO - 尝试登录用户：buyer_1_95150364-bda3-11ef-adb5-02a6845b4b32，终端：my terminal
2024-12-19 08:54:07 - be.model.user - INFO - 为用户 buyer_1_95150364-bda3-11ef-adb5-02a6845b4b32 生成新token，终端：my terminal
2024-12-19 08:54:07 - be.model.user - INFO - 用户登录成功：buyer_1_95150364-bda3-11ef-adb5-02a6845b4b32
2024-12-19 08:54:07 - be.view.auth - INFO - 登录处理结果: 200
2024-12-19 08:54:07 - werkzeug - INFO - 127.0.0.1 - - [19/Dec/2024 08:54:07] "POST /auth/login HTTP/1.1" 200 -
2024-12-19 08:54:07 - be.view.auth - INFO - 收到登录请求: {'user_id': 'buyer_1_95150364-bda3-11ef-adb5-02a6845b4b32', 'password': 'buyer_seller_1_95150364-bda3-11ef-adb5-02a6845b4b32', 'terminal': 'my terminal'}
2024-12-19 08:54:07 - be.model.user - INFO - 尝试登录用户：buyer_1_95150364-bda3-11ef-adb5-02a6845b4b32，终端：my terminal
2024-12-19 08:54:08 - be.model.user - INFO - 为用户 buyer_1_95150364-bda3-11ef-adb5-02a6845b4b32 生成新token，终端：my terminal
2024-12-19 08:54:08 - be.model.user - INFO - 用户登录成功：buyer_1_95150364-bda3-11ef-adb5-02a6845b4b32
2024-12-19 08:54:08 - be.view.auth - INFO - 登录处理结果: 200
2024-12-19 08:54:08 - werkzeug - INFO - 127.0.0.1 - - [19/Dec/2024 08:54:08] "POST /auth/login HTTP/1.1" 200 -
2024-12-19 08:54:08 - be.view.auth - INFO - 收到登录请求: {'user_id': 'buyer_7_95150364-bda3-11ef-adb5-02a6845b4b32', 'password': 'buyer_seller_7_95150364-bda3-11ef-adb5-02a6845b4b32', 'terminal': 'my terminal'}
2024-12-19 08:54:08 - be.model.user - INFO - 尝试登录用户：buyer_7_95150364-bda3-11ef-adb5-02a6845b4b32，终端：my terminal
2024-12-19 08:54:08 - be.model.user - INFO - 为用户 buyer_7_95150364-bda3-11ef-adb5-02a6845b4b32 生成新token，终端：my terminal
2024-12-19 08:54:08 - be.model.user - INFO - 用户登录成功：buyer_7_95150364-bda3-11ef-adb5-02a6845b4b32
2024-12-19 08:54:08 - be.view.auth - INFO - 登录处理结果: 200
2024-12-19 08:54:08 - werkzeug - INFO - 127.0.0.1 - - [19/Dec/2024 08:54:08] "POST /auth/login HTTP/1.1" 200 -
2024-12-19 08:54:08 - be.view.auth - INFO - 收到登录请求: {'user_id': 'buyer_4_95150364-bda3-11ef-adb5-02a6845b4b32', 'password': 'buyer_seller_4_95150364-bda3-11ef-adb5-02a6845b4b32', 'terminal': 'my terminal'}
2024-12-19 08:54:08 - be.model.user - INFO - 尝试登录用户：buyer_4_95150364-bda3-11ef-adb5-02a6845b4b32，终端：my terminal
2024-12-19 08:54:08 - be.model.user - INFO - 为用户 buyer_4_95150364-bda3-11ef-adb5-02a6845b4b32 生成新token，终端：my terminal
2024-12-19 08:54:08 - be.model.user - INFO - 用户登录成功：buyer_4_95150364-bda3-11ef-adb5-02a6845b4b32
2024-12-19 08:54:08 - be.view.auth - INFO - 登录处理结果: 200
2024-12-19 08:54:08 - werkzeug - INFO - 127.0.0.1 - - [19/Dec/2024 08:54:08] "POST /auth/login HTTP/1.1" 200 -
2024-12-19 08:54:08 - be.view.auth - INFO - 收到登录请求: {'user_id': 'buyer_3_95150364-bda3-11ef-adb5-02a6845b4b32', 'password': 'buyer_seller_3_95150364-bda3-11ef-adb5-02a6845b4b32', 'terminal': 'my terminal'}
2024-12-19 08:54:08 - be.model.user - INFO - 尝试登录用户：buyer_3_95150364-bda3-11ef-adb5-02a6845b4b32，终端：my terminal
2024-12-19 08:54:08 - be.model.user - INFO - 为用户 buyer_3_95150364-bda3-11ef-adb5-02a6845b4b32 生成新token，终端：my terminal
2024-12-19 08:54:08 - be.model.user - INFO - 用户登录成功：buyer_3_95150364-bda3-11ef-adb5-02a6845b4b32
2024-12-19 08:54:08 - be.view.auth - INFO - 登录处理结果: 200
2024-12-19 08:54:08 - werkzeug - INFO - 127.0.0.1 - - [19/Dec/2024 08:54:08] "POST /auth/login HTTP/1.1" 200 -
2024-12-19 08:54:08 - be.view.auth - INFO - 收到登录请求: {'user_id': 'buyer_7_95150364-bda3-11ef-adb5-02a6845b4b32', 'password': 'buyer_seller_7_95150364-bda3-11ef-adb5-02a6845b4b32', 'terminal': 'my terminal'}
2024-12-19 08:54:08 - be.model.user - INFO - 尝试登录用户：buyer_7_95150364-bda3-11ef-adb5-02a6845b4b32，终端：my terminal
2024-12-19 08:54:09 - be.model.user - INFO - 为用户 buyer_7_95150364-bda3-11ef-adb5-02a6845b4b32 生成新token，终端：my terminal
2024-12-19 08:54:09 - be.model.user - INFO - 用户登录成功：buyer_7_95150364-bda3-11ef-adb5-02a6845b4b32
2024-12-19 08:54:09 - be.view.auth - INFO - 登录处理结果: 200
2024-12-19 08:54:09 - werkzeug - INFO - 127.0.0.1 - - [19/Dec/2024 08:54:09] "POST /auth/login HTTP/1.1" 200 -
2024-12-19 08:54:09 - be.view.auth - INFO - 收到登录请求: {'user_id': 'buyer_3_95150364-bda3-11ef-adb5-02a6845b4b32', 'password': 'buyer_seller_3_95150364-bda3-11ef-adb5-02a6845b4b32', 'terminal': 'my terminal'}
2024-12-19 08:54:09 - be.model.user - INFO - 尝试登录用户：buyer_3_95150364-bda3-11ef-adb5-02a6845b4b32，终端：my terminal
2024-12-19 08:54:09 - be.model.user - INFO - 为用户 buyer_3_95150364-bda3-11ef-adb5-02a6845b4b32 生成新token，终端：my terminal
2024-12-19 08:54:09 - be.model.user - INFO - 用户登录成功：buyer_3_95150364-bda3-11ef-adb5-02a6845b4b32
2024-12-19 08:54:09 - be.view.auth - INFO - 登录处理结果: 200
2024-12-19 08:54:09 - werkzeug - INFO - 127.0.0.1 - - [19/Dec/2024 08:54:09] "POST /auth/login HTTP/1.1" 200 -
2024-12-19 08:54:09 - be.view.auth - INFO - 收到登录请求: {'user_id': 'buyer_1_95150364-bda3-11ef-adb5-02a6845b4b32', 'password': 'buyer_seller_1_95150364-bda3-11ef-adb5-02a6845b4b32', 'terminal': 'my terminal'}
2024-12-19 08:54:09 - be.model.user - INFO - 尝试登录用户：buyer_1_95150364-bda3-11ef-adb5-02a6845b4b32，终端：my terminal
2024-12-19 08:54:09 - be.model.user - INFO - 为用户 buyer_1_95150364-bda3-11ef-adb5-02a6845b4b32 生成新token，终端：my terminal
2024-12-19 08:54:09 - be.model.user - INFO - 用户登录成功：buyer_1_95150364-bda3-11ef-adb5-02a6845b4b32
2024-12-19 08:54:09 - be.view.auth - INFO - 登录处理结果: 200
2024-12-19 08:54:09 - werkzeug - INFO - 127.0.0.1 - - [19/Dec/2024 08:54:09] "POST /auth/login HTTP/1.1" 200 -
2024-12-19 08:54:09 - be.view.auth - INFO - 收到登录请求: {'user_id': 'buyer_8_95150364-bda3-11ef-adb5-02a6845b4b32', 'password': 'buyer_seller_8_95150364-bda3-11ef-adb5-02a6845b4b32', 'terminal': 'my terminal'}
2024-12-19 08:54:09 - be.model.user - INFO - 尝试登录用户：buyer_8_95150364-bda3-11ef-adb5-02a6845b4b32，终端：my terminal
2024-12-19 08:54:09 - be.model.user - INFO - 为用户 buyer_8_95150364-bda3-11ef-adb5-02a6845b4b32 生成新token，终端：my terminal
2024-12-19 08:54:09 - be.model.user - INFO - 用户登录成功：buyer_8_95150364-bda3-11ef-adb5-02a6845b4b32
2024-12-19 08:54:09 - be.view.auth - INFO - 登录处理结果: 200
2024-12-19 08:54:09 - werkzeug - INFO - 127.0.0.1 - - [19/Dec/2024 08:54:09] "POST /auth/login HTTP/1.1" 200 -
2024-12-19 08:54:09 - be.view.auth - INFO - 收到登录请求: {'user_id': 'buyer_7_95150364-bda3-11ef-adb5-02a6845b4b32', 'password': 'buyer_seller_7_95150364-bda3-11ef-adb5-02a6845b4b32', 'terminal': 'my terminal'}
2024-12-19 08:54:09 - be.model.user - INFO - 尝试登录用户：buyer_7_95150364-bda3-11ef-adb5-02a6845b4b32，终端：my terminal
2024-12-19 08:54:10 - be.model.user - INFO - 为用户 buyer_7_95150364-bda3-11ef-adb5-02a6845b4b32 生成新token，终端：my terminal
2024-12-19 08:54:10 - be.model.user - INFO - 用户登录成功：buyer_7_95150364-bda3-11ef-adb5-02a6845b4b32
2024-12-19 08:54:10 - be.view.auth - INFO - 登录处理结果: 200
2024-12-19 08:54:10 - werkzeug - INFO - 127.0.0.1 - - [19/Dec/2024 08:54:10] "POST /auth/login HTTP/1.1" 200 -
2024-12-19 08:54:10 - be.view.auth - INFO - 收到登录请求: {'user_id': 'buyer_9_95150364-bda3-11ef-adb5-02a6845b4b32', 'password': 'buyer_seller_9_95150364-bda3-11ef-adb5-02a6845b4b32', 'terminal': 'my terminal'}
2024-12-19 08:54:10 - be.model.user - INFO - 尝试登录用户：buyer_9_95150364-bda3-11ef-adb5-02a6845b4b32，终端：my terminal
2024-12-19 08:54:10 - be.model.user - INFO - 为用户 buyer_9_95150364-bda3-11ef-adb5-02a6845b4b32 生成新token，终端：my terminal
2024-12-19 08:54:10 - be.model.user - INFO - 用户登录成功：buyer_9_95150364-bda3-11ef-adb5-02a6845b4b32
2024-12-19 08:54:10 - be.view.auth - INFO - 登录处理结果: 200
2024-12-19 08:54:10 - werkzeug - INFO - 127.0.0.1 - - [19/Dec/2024 08:54:10] "POST /auth/login HTTP/1.1" 200 -
2024-12-19 08:54:10 - be.view.auth - INFO - 收到登录请求: {'user_id': 'buyer_2_95150364-bda3-11ef-adb5-02a6845b4b32', 'password': 'buyer_seller_2_95150364-bda3-11ef-adb5-02a6845b4b32', 'terminal': 'my terminal'}
2024-12-19 08:54:10 - be.model.user - INFO - 尝试登录用户：buyer_2_95150364-bda3-11ef-adb5-02a6845b4b32，终端：my terminal
2024-12-19 08:54:10 - be.model.user - INFO - 为用户 buyer_2_95150364-bda3-11ef-adb5-02a6845b4b32 生成新token，终端：my terminal
2024-12-19 08:54:10 - be.model.user - INFO - 用户登录成功：buyer_2_95150364-bda3-11ef-adb5-02a6845b4b32
2024-12-19 08:54:10 - be.view.auth - INFO - 登录处理结果: 200
2024-12-19 08:54:10 - werkzeug - INFO - 127.0.0.1 - - [19/Dec/2024 08:54:10] "POST /auth/login HTTP/1.1" 200 -
2024-12-19 08:54:10 - be.view.auth - INFO - 收到登录请求: {'user_id': 'buyer_6_95150364-bda3-11ef-adb5-02a6845b4b32', 'password': 'buyer_seller_6_95150364-bda3-11ef-adb5-02a6845b4b32', 'terminal': 'my terminal'}
2024-12-19 08:54:10 - be.model.user - INFO - 尝试登录用户：buyer_6_95150364-bda3-11ef-adb5-02a6845b4b32，终端：my terminal
2024-12-19 08:54:10 - be.model.user - INFO - 为用户 buyer_6_95150364-bda3-11ef-adb5-02a6845b4b32 生成新token，终端：my terminal
2024-12-19 08:54:10 - be.model.user - INFO - 用户登录成功：buyer_6_95150364-bda3-11ef-adb5-02a6845b4b32
2024-12-19 08:54:11 - be.view.auth - INFO - 登录处理结果: 200
2024-12-19 08:54:11 - werkzeug - INFO - 127.0.0.1 - - [19/Dec/2024 08:54:11] "POST /auth/login HTTP/1.1" 200 -
2024-12-19 08:54:11 - be.view.auth - INFO - 收到登录请求: {'user_id': 'buyer_1_95150364-bda3-11ef-adb5-02a6845b4b32', 'password': 'buyer_seller_1_95150364-bda3-11ef-adb5-02a6845b4b32', 'terminal': 'my terminal'}
2024-12-19 08:54:11 - be.model.user - INFO - 尝试登录用户：buyer_1_95150364-bda3-11ef-adb5-02a6845b4b32，终端：my terminal
2024-12-19 08:54:11 - be.model.user - INFO - 为用户 buyer_1_95150364-bda3-11ef-adb5-02a6845b4b32 生成新token，终端：my terminal
2024-12-19 08:54:11 - be.model.user - INFO - 用户登录成功：buyer_1_95150364-bda3-11ef-adb5-02a6845b4b32
2024-12-19 08:54:11 - be.view.auth - INFO - 登录处理结果: 200
2024-12-19 08:54:11 - werkzeug - INFO - 127.0.0.1 - - [19/Dec/2024 08:54:11] "POST /auth/login HTTP/1.1" 200 -
2024-12-19 08:54:11 - be.view.auth - INFO - 收到登录请求: {'user_id': 'buyer_4_95150364-bda3-11ef-adb5-02a6845b4b32', 'password': 'buyer_seller_4_95150364-bda3-11ef-adb5-02a6845b4b32', 'terminal': 'my terminal'}
2024-12-19 08:54:11 - be.model.user - INFO - 尝试登录用户：buyer_4_95150364-bda3-11ef-adb5-02a6845b4b32，终端：my terminal
2024-12-19 08:54:11 - be.model.user - INFO - 为用户 buyer_4_95150364-bda3-11ef-adb5-02a6845b4b32 生成新token，终端：my terminal
2024-12-19 08:54:11 - be.model.user - INFO - 用户登录成功：buyer_4_95150364-bda3-11ef-adb5-02a6845b4b32
2024-12-19 08:54:11 - be.view.auth - INFO - 登录处理结果: 200
2024-12-19 08:54:11 - werkzeug - INFO - 127.0.0.1 - - [19/Dec/2024 08:54:11] "POST /auth/login HTTP/1.1" 200 -
2024-12-19 08:54:11 - be.view.auth - INFO - 收到登录请求: {'user_id': 'buyer_7_95150364-bda3-11ef-adb5-02a6845b4b32', 'password': 'buyer_seller_7_95150364-bda3-11ef-adb5-02a6845b4b32', 'terminal': 'my terminal'}
2024-12-19 08:54:11 - be.model.user - INFO - 尝试登录用户：buyer_7_95150364-bda3-11ef-adb5-02a6845b4b32，终端：my terminal
2024-12-19 08:54:11 - be.model.user - INFO - 为用户 buyer_7_95150364-bda3-11ef-adb5-02a6845b4b32 生成新token，终端：my terminal
2024-12-19 08:54:11 - be.model.user - INFO - 用户登录成功：buyer_7_95150364-bda3-11ef-adb5-02a6845b4b32
2024-12-19 08:54:11 - be.view.auth - INFO - 登录处理结果: 200
2024-12-19 08:54:11 - werkzeug - INFO - 127.0.0.1 - - [19/Dec/2024 08:54:11] "POST /auth/login HTTP/1.1" 200 -
2024-12-19 08:54:11 - be.view.auth - INFO - 收到登录请求: {'user_id': 'buyer_4_95150364-bda3-11ef-adb5-02a6845b4b32', 'password': 'buyer_seller_4_95150364-bda3-11ef-adb5-02a6845b4b32', 'terminal': 'my terminal'}
2024-12-19 08:54:11 - be.model.user - INFO - 尝试登录用户：buyer_4_95150364-bda3-11ef-adb5-02a6845b4b32，终端：my terminal
2024-12-19 08:54:11 - be.model.user - INFO - 为用户 buyer_4_95150364-bda3-11ef-adb5-02a6845b4b32 生成新token，终端：my terminal
2024-12-19 08:54:11 - be.model.user - INFO - 用户登录成功：buyer_4_95150364-bda3-11ef-adb5-02a6845b4b32
2024-12-19 08:54:12 - be.view.auth - INFO - 登录处理结果: 200
2024-12-19 08:54:12 - werkzeug - INFO - 127.0.0.1 - - [19/Dec/2024 08:54:12] "POST /auth/login HTTP/1.1" 200 -
2024-12-19 08:54:12 - be.view.auth - INFO - 收到登录请求: {'user_id': 'buyer_5_95150364-bda3-11ef-adb5-02a6845b4b32', 'password': 'buyer_seller_5_95150364-bda3-11ef-adb5-02a6845b4b32', 'terminal': 'my terminal'}
2024-12-19 08:54:12 - be.model.user - INFO - 尝试登录用户：buyer_5_95150364-bda3-11ef-adb5-02a6845b4b32，终端：my terminal
2024-12-19 08:54:12 - be.model.user - INFO - 为用户 buyer_5_95150364-bda3-11ef-adb5-02a6845b4b32 生成新token，终端：my terminal
2024-12-19 08:54:12 - be.model.user - INFO - 用户登录成功：buyer_5_95150364-bda3-11ef-adb5-02a6845b4b32
2024-12-19 08:54:12 - be.view.auth - INFO - 登录处理结果: 200
2024-12-19 08:54:12 - werkzeug - INFO - 127.0.0.1 - - [19/Dec/2024 08:54:12] "POST /auth/login HTTP/1.1" 200 -
2024-12-19 08:54:12 - be.view.auth - INFO - 收到登录请求: {'user_id': 'buyer_2_95150364-bda3-11ef-adb5-02a6845b4b32', 'password': 'buyer_seller_2_95150364-bda3-11ef-adb5-02a6845b4b32', 'terminal': 'my terminal'}
2024-12-19 08:54:12 - be.model.user - INFO - 尝试登录用户：buyer_2_95150364-bda3-11ef-adb5-02a6845b4b32，终端：my terminal
2024-12-19 08:54:12 - be.model.user - INFO - 为用户 buyer_2_95150364-bda3-11ef-adb5-02a6845b4b32 生成新token，终端：my terminal
2024-12-19 08:54:12 - be.model.user - INFO - 用户登录成功：buyer_2_95150364-bda3-11ef-adb5-02a6845b4b32
2024-12-19 08:54:12 - be.view.auth - INFO - 登录处理结果: 200
2024-12-19 08:54:12 - werkzeug - INFO - 127.0.0.1 - - [19/Dec/2024 08:54:12] "POST /auth/login HTTP/1.1" 200 -
2024-12-19 08:54:12 - be.view.auth - INFO - 收到登录请求: {'user_id': 'buyer_1_95150364-bda3-11ef-adb5-02a6845b4b32', 'password': 'buyer_seller_1_95150364-bda3-11ef-adb5-02a6845b4b32', 'terminal': 'my terminal'}
2024-12-19 08:54:12 - be.model.user - INFO - 尝试登录用户：buyer_1_95150364-bda3-11ef-adb5-02a6845b4b32，终端：my terminal
2024-12-19 08:54:12 - be.model.user - INFO - 为用户 buyer_1_95150364-bda3-11ef-adb5-02a6845b4b32 生成新token，终端：my terminal
2024-12-19 08:54:12 - be.model.user - INFO - 用户登录成功：buyer_1_95150364-bda3-11ef-adb5-02a6845b4b32
2024-12-19 08:54:12 - be.view.auth - INFO - 登录处理结果: 200
2024-12-19 08:54:12 - werkzeug - INFO - 127.0.0.1 - - [19/Dec/2024 08:54:12] "POST /auth/login HTTP/1.1" 200 -
2024-12-19 08:54:12 - be.view.auth - INFO - 收到登录请求: {'user_id': 'buyer_6_95150364-bda3-11ef-adb5-02a6845b4b32', 'password': 'buyer_seller_6_95150364-bda3-11ef-adb5-02a6845b4b32', 'terminal': 'my terminal'}
2024-12-19 08:54:12 - be.model.user - INFO - 尝试登录用户：buyer_6_95150364-bda3-11ef-adb5-02a6845b4b32，终端：my terminal
2024-12-19 08:54:12 - be.model.user - INFO - 为用户 buyer_6_95150364-bda3-11ef-adb5-02a6845b4b32 生成新token，终端：my terminal
2024-12-19 08:54:12 - be.model.user - INFO - 用户登录成功：buyer_6_95150364-bda3-11ef-adb5-02a6845b4b32
2024-12-19 08:54:13 - be.view.auth - INFO - 登录处理结果: 200
2024-12-19 08:54:13 - werkzeug - INFO - 127.0.0.1 - - [19/Dec/2024 08:54:13] "POST /auth/login HTTP/1.1" 200 -
2024-12-19 08:54:13 - be.view.auth - INFO - 收到登录请求: {'user_id': 'buyer_6_95150364-bda3-11ef-adb5-02a6845b4b32', 'password': 'buyer_seller_6_95150364-bda3-11ef-adb5-02a6845b4b32', 'terminal': 'my terminal'}
2024-12-19 08:54:13 - be.model.user - INFO - 尝试登录用户：buyer_6_95150364-bda3-11ef-adb5-02a6845b4b32，终端：my terminal
2024-12-19 08:54:13 - be.model.user - INFO - 为用户 buyer_6_95150364-bda3-11ef-adb5-02a6845b4b32 生成新token，终端：my terminal
2024-12-19 08:54:13 - be.model.user - INFO - 用户登录成功：buyer_6_95150364-bda3-11ef-adb5-02a6845b4b32
2024-12-19 08:54:13 - be.view.auth - INFO - 登录处理结果: 200
2024-12-19 08:54:13 - werkzeug - INFO - 127.0.0.1 - - [19/Dec/2024 08:54:13] "POST /auth/login HTTP/1.1" 200 -
2024-12-19 08:54:13 - be.view.auth - INFO - 收到登录请求: {'user_id': 'buyer_7_95150364-bda3-11ef-adb5-02a6845b4b32', 'password': 'buyer_seller_7_95150364-bda3-11ef-adb5-02a6845b4b32', 'terminal': 'my terminal'}
2024-12-19 08:54:13 - be.model.user - INFO - 尝试登录用户：buyer_7_95150364-bda3-11ef-adb5-02a6845b4b32，终端：my terminal
2024-12-19 08:54:13 - be.model.user - INFO - 为用户 buyer_7_95150364-bda3-11ef-adb5-02a6845b4b32 生成新token，终端：my terminal
2024-12-19 08:54:13 - be.model.user - INFO - 用户登录成功：buyer_7_95150364-bda3-11ef-adb5-02a6845b4b32
2024-12-19 08:54:13 - be.view.auth - INFO - 登录处理结果: 200
2024-12-19 08:54:13 - werkzeug - INFO - 127.0.0.1 - - [19/Dec/2024 08:54:13] "POST /auth/login HTTP/1.1" 200 -
2024-12-19 08:54:13 - be.view.auth - INFO - 收到登录请求: {'user_id': 'buyer_8_95150364-bda3-11ef-adb5-02a6845b4b32', 'password': 'buyer_seller_8_95150364-bda3-11ef-adb5-02a6845b4b32', 'terminal': 'my terminal'}
2024-12-19 08:54:13 - be.model.user - INFO - 尝试登录用户：buyer_8_95150364-bda3-11ef-adb5-02a6845b4b32，终端：my terminal
2024-12-19 08:54:13 - be.model.user - INFO - 为用户 buyer_8_95150364-bda3-11ef-adb5-02a6845b4b32 生成新token，终端：my terminal
2024-12-19 08:54:13 - be.model.user - INFO - 用户登录成功：buyer_8_95150364-bda3-11ef-adb5-02a6845b4b32
2024-12-19 08:54:13 - be.view.auth - INFO - 登录处理结果: 200
2024-12-19 08:54:13 - werkzeug - INFO - 127.0.0.1 - - [19/Dec/2024 08:54:13] "POST /auth/login HTTP/1.1" 200 -
2024-12-19 08:54:13 - be.view.auth - INFO - 收到登录请求: {'user_id': 'buyer_8_95150364-bda3-11ef-adb5-02a6845b4b32', 'password': 'buyer_seller_8_95150364-bda3-11ef-adb5-02a6845b4b32', 'terminal': 'my terminal'}
2024-12-19 08:54:13 - be.model.user - INFO - 尝试登录用户：buyer_8_95150364-bda3-11ef-adb5-02a6845b4b32，终端：my terminal
2024-12-19 08:54:13 - be.model.user - INFO - 为用户 buyer_8_95150364-bda3-11ef-adb5-02a6845b4b32 生成新token，终端：my terminal
2024-12-19 08:54:13 - be.model.user - INFO - 用户登录成功：buyer_8_95150364-bda3-11ef-adb5-02a6845b4b32
2024-12-19 08:54:13 - be.view.auth - INFO - 登录处理结果: 200
2024-12-19 08:54:13 - werkzeug - INFO - 127.0.0.1 - - [19/Dec/2024 08:54:13] "POST /auth/login HTTP/1.1" 200 -
2024-12-19 08:54:13 - be.view.auth - INFO - 收到登录请求: {'user_id': 'buyer_9_95150364-bda3-11ef-adb5-02a6845b4b32', 'password': 'buyer_seller_9_95150364-bda3-11ef-adb5-02a6845b4b32', 'terminal': 'my terminal'}
2024-12-19 08:54:13 - be.model.user - INFO - 尝试登录用户：buyer_9_95150364-bda3-11ef-adb5-02a6845b4b32，终端：my terminal
2024-12-19 08:54:14 - be.model.user - INFO - 为用户 buyer_9_95150364-bda3-11ef-adb5-02a6845b4b32 生成新token，终端：my terminal
2024-12-19 08:54:14 - be.model.user - INFO - 用户登录成功：buyer_9_95150364-bda3-11ef-adb5-02a6845b4b32
2024-12-19 08:54:14 - be.view.auth - INFO - 登录处理结果: 200
2024-12-19 08:54:14 - werkzeug - INFO - 127.0.0.1 - - [19/Dec/2024 08:54:14] "POST /auth/login HTTP/1.1" 200 -
2024-12-19 08:54:14 - be.view.auth - INFO - 收到登录请求: {'user_id': 'buyer_2_95150364-bda3-11ef-adb5-02a6845b4b32', 'password': 'buyer_seller_2_95150364-bda3-11ef-adb5-02a6845b4b32', 'terminal': 'my terminal'}
2024-12-19 08:54:14 - be.model.user - INFO - 尝试登录用户：buyer_2_95150364-bda3-11ef-adb5-02a6845b4b32，终端：my terminal
2024-12-19 08:54:14 - be.model.user - INFO - 为用户 buyer_2_95150364-bda3-11ef-adb5-02a6845b4b32 生成新token，终端：my terminal
2024-12-19 08:54:14 - be.model.user - INFO - 用户登录成功：buyer_2_95150364-bda3-11ef-adb5-02a6845b4b32
2024-12-19 08:54:14 - be.view.auth - INFO - 登录处理结果: 200
2024-12-19 08:54:14 - werkzeug - INFO - 127.0.0.1 - - [19/Dec/2024 08:54:14] "POST /auth/login HTTP/1.1" 200 -
2024-12-19 08:54:14 - be.view.auth - INFO - 收到登录请求: {'user_id': 'buyer_9_95150364-bda3-11ef-adb5-02a6845b4b32', 'password': 'buyer_seller_9_95150364-bda3-11ef-adb5-02a6845b4b32', 'terminal': 'my terminal'}
2024-12-19 08:54:14 - be.model.user - INFO - 尝试登录用户：buyer_9_95150364-bda3-11ef-adb5-02a6845b4b32，终端：my terminal
2024-12-19 08:54:14 - be.model.user - INFO - 为用户 buyer_9_95150364-bda3-11ef-adb5-02a6845b4b32 生成新token，终端：my terminal
2024-12-19 08:54:14 - be.model.user - INFO - 用户登录成功：buyer_9_95150364-bda3-11ef-adb5-02a6845b4b32
2024-12-19 08:54:14 - be.view.auth - INFO - 登录处理结果: 200
2024-12-19 08:54:14 - werkzeug - INFO - 127.0.0.1 - - [19/Dec/2024 08:54:14] "POST /auth/login HTTP/1.1" 200 -
2024-12-19 08:54:14 - be.view.auth - INFO - 收到登录请求: {'user_id': 'buyer_10_95150364-bda3-11ef-adb5-02a6845b4b32', 'password': 'buyer_seller_10_95150364-bda3-11ef-adb5-02a6845b4b32', 'terminal': 'my terminal'}
2024-12-19 08:54:14 - be.model.user - INFO - 尝试登录用户：buyer_10_95150364-bda3-11ef-adb5-02a6845b4b32，终端：my terminal
2024-12-19 08:54:14 - be.model.user - INFO - 为用户 buyer_10_95150364-bda3-11ef-adb5-02a6845b4b32 生成新token，终端：my terminal
2024-12-19 08:54:14 - be.model.user - INFO - 用户登录成功：buyer_10_95150364-bda3-11ef-adb5-02a6845b4b32
2024-12-19 08:54:14 - be.view.auth - INFO - 登录处理结果: 200
2024-12-19 08:54:14 - werkzeug - INFO - 127.0.0.1 - - [19/Dec/2024 08:54:14] "POST /auth/login HTTP/1.1" 200 -
2024-12-19 08:54:14 - be.view.auth - INFO - 收到登录请求: {'user_id': 'buyer_2_95150364-bda3-11ef-adb5-02a6845b4b32', 'password': 'buyer_seller_2_95150364-bda3-11ef-adb5-02a6845b4b32', 'terminal': 'my terminal'}
2024-12-19 08:54:14 - be.model.user - INFO - 尝试登录用户：buyer_2_95150364-bda3-11ef-adb5-02a6845b4b32，终端：my terminal
2024-12-19 08:54:15 - be.model.user - INFO - 为用户 buyer_2_95150364-bda3-11ef-adb5-02a6845b4b32 生成新token，终端：my terminal
2024-12-19 08:54:15 - be.model.user - INFO - 用户登录成功：buyer_2_95150364-bda3-11ef-adb5-02a6845b4b32
2024-12-19 08:54:15 - be.view.auth - INFO - 登录处理结果: 200
2024-12-19 08:54:15 - werkzeug - INFO - 127.0.0.1 - - [19/Dec/2024 08:54:15] "POST /auth/login HTTP/1.1" 200 -
2024-12-19 08:54:15 - be.view.auth - INFO - 收到登录请求: {'user_id': 'buyer_8_95150364-bda3-11ef-adb5-02a6845b4b32', 'password': 'buyer_seller_8_95150364-bda3-11ef-adb5-02a6845b4b32', 'terminal': 'my terminal'}
2024-12-19 08:54:15 - be.model.user - INFO - 尝试登录用户：buyer_8_95150364-bda3-11ef-adb5-02a6845b4b32，终端：my terminal
2024-12-19 08:54:15 - be.model.user - INFO - 为用户 buyer_8_95150364-bda3-11ef-adb5-02a6845b4b32 生成新token，终端：my terminal
2024-12-19 08:54:15 - be.model.user - INFO - 用户登录成功：buyer_8_95150364-bda3-11ef-adb5-02a6845b4b32
2024-12-19 08:54:15 - be.view.auth - INFO - 登录处理结果: 200
2024-12-19 08:54:15 - werkzeug - INFO - 127.0.0.1 - - [19/Dec/2024 08:54:15] "POST /auth/login HTTP/1.1" 200 -
2024-12-19 08:54:15 - be.view.auth - INFO - 收到登录请求: {'user_id': 'buyer_10_95150364-bda3-11ef-adb5-02a6845b4b32', 'password': 'buyer_seller_10_95150364-bda3-11ef-adb5-02a6845b4b32', 'terminal': 'my terminal'}
2024-12-19 08:54:15 - be.model.user - INFO - 尝试登录用户：buyer_10_95150364-bda3-11ef-adb5-02a6845b4b32，终端：my terminal
2024-12-19 08:54:15 - be.model.user - INFO - 为用户 buyer_10_95150364-bda3-11ef-adb5-02a6845b4b32 生成新token，终端：my terminal
2024-12-19 08:54:15 - be.model.user - INFO - 用户登录成功：buyer_10_95150364-bda3-11ef-adb5-02a6845b4b32
2024-12-19 08:54:15 - be.view.auth - INFO - 登录处理结果: 200
2024-12-19 08:54:15 - werkzeug - INFO - 127.0.0.1 - - [19/Dec/2024 08:54:15] "POST /auth/login HTTP/1.1" 200 -
2024-12-19 08:54:15 - be.view.auth - INFO - 收到登录请求: {'user_id': 'buyer_7_95150364-bda3-11ef-adb5-02a6845b4b32', 'password': 'buyer_seller_7_95150364-bda3-11ef-adb5-02a6845b4b32', 'terminal': 'my terminal'}
2024-12-19 08:54:15 - be.model.user - INFO - 尝试登录用户：buyer_7_95150364-bda3-11ef-adb5-02a6845b4b32，终端：my terminal
2024-12-19 08:54:15 - be.model.user - INFO - 为用户 buyer_7_95150364-bda3-11ef-adb5-02a6845b4b32 生成新token，终端：my terminal
2024-12-19 08:54:15 - be.model.user - INFO - 用户登录成功：buyer_7_95150364-bda3-11ef-adb5-02a6845b4b32
2024-12-19 08:54:15 - be.view.auth - INFO - 登录处理结果: 200
2024-12-19 08:54:15 - werkzeug - INFO - 127.0.0.1 - - [19/Dec/2024 08:54:15] "POST /auth/login HTTP/1.1" 200 -
2024-12-19 08:54:15 - be.view.auth - INFO - 收到登录请求: {'user_id': 'buyer_10_95150364-bda3-11ef-adb5-02a6845b4b32', 'password': 'buyer_seller_10_95150364-bda3-11ef-adb5-02a6845b4b32', 'terminal': 'my terminal'}
2024-12-19 08:54:15 - be.model.user - INFO - 尝试登录用户：buyer_10_95150364-bda3-11ef-adb5-02a6845b4b32，终端：my terminal
2024-12-19 08:54:16 - be.model.user - INFO - 为用户 buyer_10_95150364-bda3-11ef-adb5-02a6845b4b32 生成新token，终端：my terminal
2024-12-19 08:54:16 - be.model.user - INFO - 用户登录成功：buyer_10_95150364-bda3-11ef-adb5-02a6845b4b32
2024-12-19 08:54:16 - be.view.auth - INFO - 登录处理结果: 200
2024-12-19 08:54:16 - werkzeug - INFO - 127.0.0.1 - - [19/Dec/2024 08:54:16] "POST /auth/login HTTP/1.1" 200 -
2024-12-19 08:54:16 - be.view.auth - INFO - 收到登录请求: {'user_id': 'buyer_2_95150364-bda3-11ef-adb5-02a6845b4b32', 'password': 'buyer_seller_2_95150364-bda3-11ef-adb5-02a6845b4b32', 'terminal': 'my terminal'}
2024-12-19 08:54:16 - be.model.user - INFO - 尝试登录用户：buyer_2_95150364-bda3-11ef-adb5-02a6845b4b32，终端：my terminal
2024-12-19 08:54:16 - be.model.user - INFO - 为用户 buyer_2_95150364-bda3-11ef-adb5-02a6845b4b32 生成新token，终端：my terminal
2024-12-19 08:54:16 - be.model.user - INFO - 用户登录成功：buyer_2_95150364-bda3-11ef-adb5-02a6845b4b32
2024-12-19 08:54:16 - be.view.auth - INFO - 登录处理结果: 200
2024-12-19 08:54:16 - werkzeug - INFO - 127.0.0.1 - - [19/Dec/2024 08:54:16] "POST /auth/login HTTP/1.1" 200 -
2024-12-19 08:54:16 - be.view.auth - INFO - 收到登录请求: {'user_id': 'buyer_4_95150364-bda3-11ef-adb5-02a6845b4b32', 'password': 'buyer_seller_4_95150364-bda3-11ef-adb5-02a6845b4b32', 'terminal': 'my terminal'}
2024-12-19 08:54:16 - be.model.user - INFO - 尝试登录用户：buyer_4_95150364-bda3-11ef-adb5-02a6845b4b32，终端：my terminal
2024-12-19 08:54:16 - be.model.user - INFO - 为用户 buyer_4_95150364-bda3-11ef-adb5-02a6845b4b32 生成新token，终端：my terminal
2024-12-19 08:54:16 - be.model.user - INFO - 用户登录成功：buyer_4_95150364-bda3-11ef-adb5-02a6845b4b32
2024-12-19 08:54:16 - be.view.auth - INFO - 登录处理结果: 200
2024-12-19 08:54:16 - werkzeug - INFO - 127.0.0.1 - - [19/Dec/2024 08:54:16] "POST /auth/login HTTP/1.1" 200 -
2024-12-19 08:54:16 - be.view.auth - INFO - 收到登录请求: {'user_id': 'buyer_2_95150364-bda3-11ef-adb5-02a6845b4b32', 'password': 'buyer_seller_2_95150364-bda3-11ef-adb5-02a6845b4b32', 'terminal': 'my terminal'}
2024-12-19 08:54:16 - be.model.user - INFO - 尝试登录用户：buyer_2_95150364-bda3-11ef-adb5-02a6845b4b32，终端：my terminal
2024-12-19 08:54:16 - be.model.user - INFO - 为用户 buyer_2_95150364-bda3-11ef-adb5-02a6845b4b32 生成新token，终端：my terminal
2024-12-19 08:54:16 - be.model.user - INFO - 用户登录成功：buyer_2_95150364-bda3-11ef-adb5-02a6845b4b32
2024-12-19 08:54:16 - be.view.auth - INFO - 登录处理结果: 200
2024-12-19 08:54:16 - werkzeug - INFO - 127.0.0.1 - - [19/Dec/2024 08:54:16] "POST /auth/login HTTP/1.1" 200 -
2024-12-19 08:54:16 - be.view.auth - INFO - 收到登录请求: {'user_id': 'buyer_2_95150364-bda3-11ef-adb5-02a6845b4b32', 'password': 'buyer_seller_2_95150364-bda3-11ef-adb5-02a6845b4b32', 'terminal': 'my terminal'}
2024-12-19 08:54:16 - be.model.user - INFO - 尝试登录用户：buyer_2_95150364-bda3-11ef-adb5-02a6845b4b32，终端：my terminal
2024-12-19 08:54:17 - be.model.user - INFO - 为用户 buyer_2_95150364-bda3-11ef-adb5-02a6845b4b32 生成新token，终端：my terminal
2024-12-19 08:54:17 - be.model.user - INFO - 用户登录成功：buyer_2_95150364-bda3-11ef-adb5-02a6845b4b32
2024-12-19 08:54:17 - be.view.auth - INFO - 登录处理结果: 200
2024-12-19 08:54:17 - werkzeug - INFO - 127.0.0.1 - - [19/Dec/2024 08:54:17] "POST /auth/login HTTP/1.1" 200 -
2024-12-19 08:54:17 - be.view.auth - INFO - 收到登录请求: {'user_id': 'buyer_2_95150364-bda3-11ef-adb5-02a6845b4b32', 'password': 'buyer_seller_2_95150364-bda3-11ef-adb5-02a6845b4b32', 'terminal': 'my terminal'}
2024-12-19 08:54:17 - be.model.user - INFO - 尝试登录用户：buyer_2_95150364-bda3-11ef-adb5-02a6845b4b32，终端：my terminal
2024-12-19 08:54:17 - be.model.user - INFO - 为用户 buyer_2_95150364-bda3-11ef-adb5-02a6845b4b32 生成新token，终端：my terminal
2024-12-19 08:54:17 - be.model.user - INFO - 用户登录成功：buyer_2_95150364-bda3-11ef-adb5-02a6845b4b32
2024-12-19 08:54:17 - be.view.auth - INFO - 登录处理结果: 200
2024-12-19 08:54:17 - werkzeug - INFO - 127.0.0.1 - - [19/Dec/2024 08:54:17] "POST /auth/login HTTP/1.1" 200 -
2024-12-19 08:54:17 - be.view.auth - INFO - 收到登录请求: {'user_id': 'buyer_4_95150364-bda3-11ef-adb5-02a6845b4b32', 'password': 'buyer_seller_4_95150364-bda3-11ef-adb5-02a6845b4b32', 'terminal': 'my terminal'}
2024-12-19 08:54:17 - be.model.user - INFO - 尝试登录用户：buyer_4_95150364-bda3-11ef-adb5-02a6845b4b32，终端：my terminal
2024-12-19 08:54:17 - be.model.user - INFO - 为用户 buyer_4_95150364-bda3-11ef-adb5-02a6845b4b32 生成新token，终端：my terminal
2024-12-19 08:54:17 - be.model.user - INFO - 用户登录成功：buyer_4_95150364-bda3-11ef-adb5-02a6845b4b32
2024-12-19 08:54:17 - be.view.auth - INFO - 登录处理结果: 200
2024-12-19 08:54:17 - werkzeug - INFO - 127.0.0.1 - - [19/Dec/2024 08:54:17] "POST /auth/login HTTP/1.1" 200 -
2024-12-19 08:54:17 - be.view.auth - INFO - 收到登录请求: {'user_id': 'buyer_6_95150364-bda3-11ef-adb5-02a6845b4b32', 'password': 'buyer_seller_6_95150364-bda3-11ef-adb5-02a6845b4b32', 'terminal': 'my terminal'}
2024-12-19 08:54:17 - be.model.user - INFO - 尝试登录用户：buyer_6_95150364-bda3-11ef-adb5-02a6845b4b32，终端：my terminal
2024-12-19 08:54:17 - be.model.user - INFO - 为用户 buyer_6_95150364-bda3-11ef-adb5-02a6845b4b32 生成新token，终端：my terminal
2024-12-19 08:54:17 - be.model.user - INFO - 用户登录成功：buyer_6_95150364-bda3-11ef-adb5-02a6845b4b32
2024-12-19 08:54:17 - be.view.auth - INFO - 登录处理结果: 200
2024-12-19 08:54:17 - werkzeug - INFO - 127.0.0.1 - - [19/Dec/2024 08:54:17] "POST /auth/login HTTP/1.1" 200 -
2024-12-19 08:54:17 - be.view.auth - INFO - 收到登录请求: {'user_id': 'buyer_5_95150364-bda3-11ef-adb5-02a6845b4b32', 'password': 'buyer_seller_5_95150364-bda3-11ef-adb5-02a6845b4b32', 'terminal': 'my terminal'}
2024-12-19 08:54:17 - be.model.user - INFO - 尝试登录用户：buyer_5_95150364-bda3-11ef-adb5-02a6845b4b32，终端：my terminal
2024-12-19 08:54:18 - be.model.user - INFO - 为用户 buyer_5_95150364-bda3-11ef-adb5-02a6845b4b32 生成新token，终端：my terminal
2024-12-19 08:54:18 - be.model.user - INFO - 用户登录成功：buyer_5_95150364-bda3-11ef-adb5-02a6845b4b32
2024-12-19 08:54:18 - be.view.auth - INFO - 登录处理结果: 200
2024-12-19 08:54:18 - werkzeug - INFO - 127.0.0.1 - - [19/Dec/2024 08:54:18] "POST /auth/login HTTP/1.1" 200 -
2024-12-19 08:54:18 - be.view.auth - INFO - 收到登录请求: {'user_id': 'buyer_5_95150364-bda3-11ef-adb5-02a6845b4b32', 'password': 'buyer_seller_5_95150364-bda3-11ef-adb5-02a6845b4b32', 'terminal': 'my terminal'}
2024-12-19 08:54:18 - be.model.user - INFO - 尝试登录用户：buyer_5_95150364-bda3-11ef-adb5-02a6845b4b32，终端：my terminal
2024-12-19 08:54:18 - be.model.user - INFO - 为用户 buyer_5_95150364-bda3-11ef-adb5-02a6845b4b32 生成新token，终端：my terminal
2024-12-19 08:54:18 - be.model.user - INFO - 用户登录成功：buyer_5_95150364-bda3-11ef-adb5-02a6845b4b32
2024-12-19 08:54:18 - be.view.auth - INFO - 登录处理结果: 200
2024-12-19 08:54:18 - werkzeug - INFO - 127.0.0.1 - - [19/Dec/2024 08:54:18] "POST /auth/login HTTP/1.1" 200 -
2024-12-19 08:54:18 - be.view.auth - INFO - 收到登录请求: {'user_id': 'buyer_6_95150364-bda3-11ef-adb5-02a6845b4b32', 'password': 'buyer_seller_6_95150364-bda3-11ef-adb5-02a6845b4b32', 'terminal': 'my terminal'}
2024-12-19 08:54:18 - be.model.user - INFO - 尝试登录用户：buyer_6_95150364-bda3-11ef-adb5-02a6845b4b32，终端：my terminal
2024-12-19 08:54:18 - be.model.user - INFO - 为用户 buyer_6_95150364-bda3-11ef-adb5-02a6845b4b32 生成新token，终端：my terminal
2024-12-19 08:54:18 - be.model.user - INFO - 用户登录成功：buyer_6_95150364-bda3-11ef-adb5-02a6845b4b32
2024-12-19 08:54:18 - be.view.auth - INFO - 登录处理结果: 200
2024-12-19 08:54:18 - werkzeug - INFO - 127.0.0.1 - - [19/Dec/2024 08:54:18] "POST /auth/login HTTP/1.1" 200 -
2024-12-19 08:54:18 - be.view.auth - INFO - 收到登录请求: {'user_id': 'buyer_5_95150364-bda3-11ef-adb5-02a6845b4b32', 'password': 'buyer_seller_5_95150364-bda3-11ef-adb5-02a6845b4b32', 'terminal': 'my terminal'}
2024-12-19 08:54:18 - be.model.user - INFO - 尝试登录用户：buyer_5_95150364-bda3-11ef-adb5-02a6845b4b32，终端：my terminal
2024-12-19 08:54:18 - be.model.user - INFO - 为用户 buyer_5_95150364-bda3-11ef-adb5-02a6845b4b32 生成新token，终端：my terminal
2024-12-19 08:54:18 - be.model.user - INFO - 用户登录成功：buyer_5_95150364-bda3-11ef-adb5-02a6845b4b32
2024-12-19 08:54:18 - be.view.auth - INFO - 登录处理结果: 200
2024-12-19 08:54:18 - werkzeug - INFO - 127.0.0.1 - - [19/Dec/2024 08:54:18] "POST /auth/login HTTP/1.1" 200 -
2024-12-19 08:54:18 - be.view.auth - INFO - 收到登录请求: {'user_id': 'buyer_6_95150364-bda3-11ef-adb5-02a6845b4b32', 'password': 'buyer_seller_6_95150364-bda3-11ef-adb5-02a6845b4b32', 'terminal': 'my terminal'}
2024-12-19 08:54:18 - be.model.user - INFO - 尝试登录用户：buyer_6_95150364-bda3-11ef-adb5-02a6845b4b32，终端：my terminal
2024-12-19 08:54:19 - be.model.user - INFO - 为用户 buyer_6_95150364-bda3-11ef-adb5-02a6845b4b32 生成新token，终端：my terminal
2024-12-19 08:54:19 - be.model.user - INFO - 用户登录成功：buyer_6_95150364-bda3-11ef-adb5-02a6845b4b32
2024-12-19 08:54:19 - be.view.auth - INFO - 登录处理结果: 200
2024-12-19 08:54:19 - werkzeug - INFO - 127.0.0.1 - - [19/Dec/2024 08:54:19] "POST /auth/login HTTP/1.1" 200 -
2024-12-19 08:54:19 - be.view.auth - INFO - 收到登录请求: {'user_id': 'buyer_9_95150364-bda3-11ef-adb5-02a6845b4b32', 'password': 'buyer_seller_9_95150364-bda3-11ef-adb5-02a6845b4b32', 'terminal': 'my terminal'}
2024-12-19 08:54:19 - be.model.user - INFO - 尝试登录用户：buyer_9_95150364-bda3-11ef-adb5-02a6845b4b32，终端：my terminal
2024-12-19 08:54:19 - be.model.user - INFO - 为用户 buyer_9_95150364-bda3-11ef-adb5-02a6845b4b32 生成新token，终端：my terminal
2024-12-19 08:54:19 - be.model.user - INFO - 用户登录成功：buyer_9_95150364-bda3-11ef-adb5-02a6845b4b32
2024-12-19 08:54:19 - be.view.auth - INFO - 登录处理结果: 200
2024-12-19 08:54:19 - werkzeug - INFO - 127.0.0.1 - - [19/Dec/2024 08:54:19] "POST /auth/login HTTP/1.1" 200 -
2024-12-19 08:54:19 - be.view.auth - INFO - 收到登录请求: {'user_id': 'buyer_4_95150364-bda3-11ef-adb5-02a6845b4b32', 'password': 'buyer_seller_4_95150364-bda3-11ef-adb5-02a6845b4b32', 'terminal': 'my terminal'}
2024-12-19 08:54:19 - be.model.user - INFO - 尝试登录用户：buyer_4_95150364-bda3-11ef-adb5-02a6845b4b32，终端：my terminal
2024-12-19 08:54:19 - be.model.user - INFO - 为用户 buyer_4_95150364-bda3-11ef-adb5-02a6845b4b32 生成新token，终端：my terminal
2024-12-19 08:54:19 - be.model.user - INFO - 用户登录成功：buyer_4_95150364-bda3-11ef-adb5-02a6845b4b32
2024-12-19 08:54:19 - be.view.auth - INFO - 登录处理结果: 200
2024-12-19 08:54:19 - werkzeug - INFO - 127.0.0.1 - - [19/Dec/2024 08:54:19] "POST /auth/login HTTP/1.1" 200 -
2024-12-19 08:54:19 - be.view.auth - INFO - 收到登录请求: {'user_id': 'buyer_6_95150364-bda3-11ef-adb5-02a6845b4b32', 'password': 'buyer_seller_6_95150364-bda3-11ef-adb5-02a6845b4b32', 'terminal': 'my terminal'}
2024-12-19 08:54:19 - be.model.user - INFO - 尝试登录用户：buyer_6_95150364-bda3-11ef-adb5-02a6845b4b32，终端：my terminal
2024-12-19 08:54:19 - be.model.user - INFO - 为用户 buyer_6_95150364-bda3-11ef-adb5-02a6845b4b32 生成新token，终端：my terminal
2024-12-19 08:54:19 - be.model.user - INFO - 用户登录成功：buyer_6_95150364-bda3-11ef-adb5-02a6845b4b32
2024-12-19 08:54:19 - be.view.auth - INFO - 登录处理结果: 200
2024-12-19 08:54:19 - werkzeug - INFO - 127.0.0.1 - - [19/Dec/2024 08:54:19] "POST /auth/login HTTP/1.1" 200 -
2024-12-19 08:54:19 - be.view.auth - INFO - 收到登录请求: {'user_id': 'buyer_3_95150364-bda3-11ef-adb5-02a6845b4b32', 'password': 'buyer_seller_3_95150364-bda3-11ef-adb5-02a6845b4b32', 'terminal': 'my terminal'}
2024-12-19 08:54:19 - be.model.user - INFO - 尝试登录用户：buyer_3_95150364-bda3-11ef-adb5-02a6845b4b32，终端：my terminal
2024-12-19 08:54:20 - be.model.user - INFO - 为用户 buyer_3_95150364-bda3-11ef-adb5-02a6845b4b32 生成新token，终端：my terminal
2024-12-19 08:54:20 - be.model.user - INFO - 用户登录成功：buyer_3_95150364-bda3-11ef-adb5-02a6845b4b32
2024-12-19 08:54:20 - be.view.auth - INFO - 登录处理结果: 200
2024-12-19 08:54:20 - werkzeug - INFO - 127.0.0.1 - - [19/Dec/2024 08:54:20] "POST /auth/login HTTP/1.1" 200 -
2024-12-19 08:54:20 - be.view.auth - INFO - 收到登录请求: {'user_id': 'buyer_2_95150364-bda3-11ef-adb5-02a6845b4b32', 'password': 'buyer_seller_2_95150364-bda3-11ef-adb5-02a6845b4b32', 'terminal': 'my terminal'}
2024-12-19 08:54:20 - be.model.user - INFO - 尝试登录用户：buyer_2_95150364-bda3-11ef-adb5-02a6845b4b32，终端：my terminal
2024-12-19 08:54:20 - be.model.user - INFO - 为用户 buyer_2_95150364-bda3-11ef-adb5-02a6845b4b32 生成新token，终端：my terminal
2024-12-19 08:54:20 - be.model.user - INFO - 用户登录成功：buyer_2_95150364-bda3-11ef-adb5-02a6845b4b32
2024-12-19 08:54:20 - be.view.auth - INFO - 登录处理结果: 200
2024-12-19 08:54:20 - werkzeug - INFO - 127.0.0.1 - - [19/Dec/2024 08:54:20] "POST /auth/login HTTP/1.1" 200 -
2024-12-19 08:54:20 - be.view.auth - INFO - 收到登录请求: {'user_id': 'buyer_8_95150364-bda3-11ef-adb5-02a6845b4b32', 'password': 'buyer_seller_8_95150364-bda3-11ef-adb5-02a6845b4b32', 'terminal': 'my terminal'}
2024-12-19 08:54:20 - be.model.user - INFO - 尝试登录用户：buyer_8_95150364-bda3-11ef-adb5-02a6845b4b32，终端：my terminal
2024-12-19 08:54:20 - be.model.user - INFO - 为用户 buyer_8_95150364-bda3-11ef-adb5-02a6845b4b32 生成新token，终端：my terminal
2024-12-19 08:54:20 - be.model.user - INFO - 用户登录成功：buyer_8_95150364-bda3-11ef-adb5-02a6845b4b32
2024-12-19 08:54:20 - be.view.auth - INFO - 登录处理结果: 200
2024-12-19 08:54:20 - werkzeug - INFO - 127.0.0.1 - - [19/Dec/2024 08:54:20] "POST /auth/login HTTP/1.1" 200 -
2024-12-19 08:54:20 - be.view.auth - INFO - 收到登录请求: {'user_id': 'buyer_1_95150364-bda3-11ef-adb5-02a6845b4b32', 'password': 'buyer_seller_1_95150364-bda3-11ef-adb5-02a6845b4b32', 'terminal': 'my terminal'}
2024-12-19 08:54:20 - be.model.user - INFO - 尝试登录用户：buyer_1_95150364-bda3-11ef-adb5-02a6845b4b32，终端：my terminal
2024-12-19 08:54:20 - be.model.user - INFO - 为用户 buyer_1_95150364-bda3-11ef-adb5-02a6845b4b32 生成新token，终端：my terminal
2024-12-19 08:54:20 - be.model.user - INFO - 用户登录成功：buyer_1_95150364-bda3-11ef-adb5-02a6845b4b32
2024-12-19 08:54:20 - be.view.auth - INFO - 登录处理结果: 200
2024-12-19 08:54:20 - werkzeug - INFO - 127.0.0.1 - - [19/Dec/2024 08:54:20] "POST /auth/login HTTP/1.1" 200 -
2024-12-19 08:54:20 - be.view.auth - INFO - 收到登录请求: {'user_id': 'buyer_1_95150364-bda3-11ef-adb5-02a6845b4b32', 'password': 'buyer_seller_1_95150364-bda3-11ef-adb5-02a6845b4b32', 'terminal': 'my terminal'}
2024-12-19 08:54:20 - be.model.user - INFO - 尝试登录用户：buyer_1_95150364-bda3-11ef-adb5-02a6845b4b32，终端：my terminal
2024-12-19 08:54:20 - be.model.user - INFO - 为用户 buyer_1_95150364-bda3-11ef-adb5-02a6845b4b32 生成新token，终端：my terminal
2024-12-19 08:54:20 - be.model.user - INFO - 用户登录成功：buyer_1_95150364-bda3-11ef-adb5-02a6845b4b32
2024-12-19 08:54:21 - be.view.auth - INFO - 登录处理结果: 200
2024-12-19 08:54:21 - werkzeug - INFO - 127.0.0.1 - - [19/Dec/2024 08:54:21] "POST /auth/login HTTP/1.1" 200 -
2024-12-19 08:54:21 - be.view.auth - INFO - 收到登录请求: {'user_id': 'buyer_7_95150364-bda3-11ef-adb5-02a6845b4b32', 'password': 'buyer_seller_7_95150364-bda3-11ef-adb5-02a6845b4b32', 'terminal': 'my terminal'}
2024-12-19 08:54:21 - be.model.user - INFO - 尝试登录用户：buyer_7_95150364-bda3-11ef-adb5-02a6845b4b32，终端：my terminal
2024-12-19 08:54:21 - be.model.user - INFO - 为用户 buyer_7_95150364-bda3-11ef-adb5-02a6845b4b32 生成新token，终端：my terminal
2024-12-19 08:54:21 - be.model.user - INFO - 用户登录成功：buyer_7_95150364-bda3-11ef-adb5-02a6845b4b32
2024-12-19 08:54:21 - be.view.auth - INFO - 登录处理结果: 200
2024-12-19 08:54:21 - werkzeug - INFO - 127.0.0.1 - - [19/Dec/2024 08:54:21] "POST /auth/login HTTP/1.1" 200 -
2024-12-19 08:54:21 - be.view.auth - INFO - 收到登录请求: {'user_id': 'buyer_2_95150364-bda3-11ef-adb5-02a6845b4b32', 'password': 'buyer_seller_2_95150364-bda3-11ef-adb5-02a6845b4b32', 'terminal': 'my terminal'}
2024-12-19 08:54:21 - be.model.user - INFO - 尝试登录用户：buyer_2_95150364-bda3-11ef-adb5-02a6845b4b32，终端：my terminal
2024-12-19 08:54:21 - be.model.user - INFO - 为用户 buyer_2_95150364-bda3-11ef-adb5-02a6845b4b32 生成新token，终端：my terminal
2024-12-19 08:54:21 - be.model.user - INFO - 用户登录成功：buyer_2_95150364-bda3-11ef-adb5-02a6845b4b32
2024-12-19 08:54:21 - be.view.auth - INFO - 登录处理结果: 200
2024-12-19 08:54:21 - werkzeug - INFO - 127.0.0.1 - - [19/Dec/2024 08:54:21] "POST /auth/login HTTP/1.1" 200 -
2024-12-19 08:54:21 - be.view.auth - INFO - 收到登录请求: {'user_id': 'buyer_10_95150364-bda3-11ef-adb5-02a6845b4b32', 'password': 'buyer_seller_10_95150364-bda3-11ef-adb5-02a6845b4b32', 'terminal': 'my terminal'}
2024-12-19 08:54:21 - be.model.user - INFO - 尝试登录用户：buyer_10_95150364-bda3-11ef-adb5-02a6845b4b32，终端：my terminal
2024-12-19 08:54:21 - be.model.user - INFO - 为用户 buyer_10_95150364-bda3-11ef-adb5-02a6845b4b32 生成新token，终端：my terminal
2024-12-19 08:54:21 - be.model.user - INFO - 用户登录成功：buyer_10_95150364-bda3-11ef-adb5-02a6845b4b32
2024-12-19 08:54:21 - be.view.auth - INFO - 登录处理结果: 200
2024-12-19 08:54:21 - werkzeug - INFO - 127.0.0.1 - - [19/Dec/2024 08:54:21] "POST /auth/login HTTP/1.1" 200 -
2024-12-19 08:54:21 - be.view.auth - INFO - 收到登录请求: {'user_id': 'buyer_1_95150364-bda3-11ef-adb5-02a6845b4b32', 'password': 'buyer_seller_1_95150364-bda3-11ef-adb5-02a6845b4b32', 'terminal': 'my terminal'}
2024-12-19 08:54:21 - be.model.user - INFO - 尝试登录用户：buyer_1_95150364-bda3-11ef-adb5-02a6845b4b32，终端：my terminal
2024-12-19 08:54:22 - be.model.user - INFO - 为用户 buyer_1_95150364-bda3-11ef-adb5-02a6845b4b32 生成新token，终端：my terminal
2024-12-19 08:54:22 - be.model.user - INFO - 用户登录成功：buyer_1_95150364-bda3-11ef-adb5-02a6845b4b32
2024-12-19 08:54:22 - be.view.auth - INFO - 登录处理结果: 200
2024-12-19 08:54:22 - werkzeug - INFO - 127.0.0.1 - - [19/Dec/2024 08:54:22] "POST /auth/login HTTP/1.1" 200 -
2024-12-19 08:54:22 - be.view.auth - INFO - 收到登录请求: {'user_id': 'buyer_2_95150364-bda3-11ef-adb5-02a6845b4b32', 'password': 'buyer_seller_2_95150364-bda3-11ef-adb5-02a6845b4b32', 'terminal': 'my terminal'}
2024-12-19 08:54:22 - be.model.user - INFO - 尝试登录用户：buyer_2_95150364-bda3-11ef-adb5-02a6845b4b32，终端：my terminal
2024-12-19 08:54:22 - be.model.user - INFO - 为用户 buyer_2_95150364-bda3-11ef-adb5-02a6845b4b32 生成新token，终端：my terminal
2024-12-19 08:54:22 - be.model.user - INFO - 用户登录成功：buyer_2_95150364-bda3-11ef-adb5-02a6845b4b32
2024-12-19 08:54:22 - be.view.auth - INFO - 登录处理结果: 200
2024-12-19 08:54:22 - werkzeug - INFO - 127.0.0.1 - - [19/Dec/2024 08:54:22] "POST /auth/login HTTP/1.1" 200 -
2024-12-19 08:54:22 - be.view.auth - INFO - 收到登录请求: {'user_id': 'buyer_1_95150364-bda3-11ef-adb5-02a6845b4b32', 'password': 'buyer_seller_1_95150364-bda3-11ef-adb5-02a6845b4b32', 'terminal': 'my terminal'}
2024-12-19 08:54:22 - be.model.user - INFO - 尝试登录用户：buyer_1_95150364-bda3-11ef-adb5-02a6845b4b32，终端：my terminal
2024-12-19 08:54:22 - be.model.user - INFO - 为用户 buyer_1_95150364-bda3-11ef-adb5-02a6845b4b32 生成新token，终端：my terminal
2024-12-19 08:54:22 - be.model.user - INFO - 用户登录成功：buyer_1_95150364-bda3-11ef-adb5-02a6845b4b32
2024-12-19 08:54:22 - be.view.auth - INFO - 登录处理结果: 200
2024-12-19 08:54:22 - werkzeug - INFO - 127.0.0.1 - - [19/Dec/2024 08:54:22] "POST /auth/login HTTP/1.1" 200 -
2024-12-19 08:54:22 - be.view.auth - INFO - 收到登录请求: {'user_id': 'buyer_4_95150364-bda3-11ef-adb5-02a6845b4b32', 'password': 'buyer_seller_4_95150364-bda3-11ef-adb5-02a6845b4b32', 'terminal': 'my terminal'}
2024-12-19 08:54:22 - be.model.user - INFO - 尝试登录用户：buyer_4_95150364-bda3-11ef-adb5-02a6845b4b32，终端：my terminal
2024-12-19 08:54:22 - be.model.user - INFO - 为用户 buyer_4_95150364-bda3-11ef-adb5-02a6845b4b32 生成新token，终端：my terminal
2024-12-19 08:54:22 - be.model.user - INFO - 用户登录成功：buyer_4_95150364-bda3-11ef-adb5-02a6845b4b32
2024-12-19 08:54:22 - be.view.auth - INFO - 登录处理结果: 200
2024-12-19 08:54:22 - werkzeug - INFO - 127.0.0.1 - - [19/Dec/2024 08:54:22] "POST /auth/login HTTP/1.1" 200 -
2024-12-19 08:54:23 - be.view.auth - INFO - 收到登录请求: {'user_id': 'buyer_4_95150364-bda3-11ef-adb5-02a6845b4b32', 'password': 'buyer_seller_4_95150364-bda3-11ef-adb5-02a6845b4b32', 'terminal': 'my terminal'}
2024-12-19 08:54:23 - be.model.user - INFO - 尝试登录用户：buyer_4_95150364-bda3-11ef-adb5-02a6845b4b32，终端：my terminal
2024-12-19 08:54:23 - be.model.user - INFO - 为用户 buyer_4_95150364-bda3-11ef-adb5-02a6845b4b32 生成新token，终端：my terminal
2024-12-19 08:54:23 - be.model.user - INFO - 用户登录成功：buyer_4_95150364-bda3-11ef-adb5-02a6845b4b32
2024-12-19 08:54:23 - be.view.auth - INFO - 登录处理结果: 200
2024-12-19 08:54:23 - werkzeug - INFO - 127.0.0.1 - - [19/Dec/2024 08:54:23] "POST /auth/login HTTP/1.1" 200 -
2024-12-19 08:54:23 - be.view.auth - INFO - 收到登录请求: {'user_id': 'buyer_9_95150364-bda3-11ef-adb5-02a6845b4b32', 'password': 'buyer_seller_9_95150364-bda3-11ef-adb5-02a6845b4b32', 'terminal': 'my terminal'}
2024-12-19 08:54:23 - be.model.user - INFO - 尝试登录用户：buyer_9_95150364-bda3-11ef-adb5-02a6845b4b32，终端：my terminal
2024-12-19 08:54:23 - be.model.user - INFO - 为用户 buyer_9_95150364-bda3-11ef-adb5-02a6845b4b32 生成新token，终端：my terminal
2024-12-19 08:54:23 - be.model.user - INFO - 用户登录成功：buyer_9_95150364-bda3-11ef-adb5-02a6845b4b32
2024-12-19 08:54:23 - be.view.auth - INFO - 登录处理结果: 200
2024-12-19 08:54:23 - werkzeug - INFO - 127.0.0.1 - - [19/Dec/2024 08:54:23] "POST /auth/login HTTP/1.1" 200 -
2024-12-19 08:54:23 - be.view.auth - INFO - 收到登录请求: {'user_id': 'buyer_8_95150364-bda3-11ef-adb5-02a6845b4b32', 'password': 'buyer_seller_8_95150364-bda3-11ef-adb5-02a6845b4b32', 'terminal': 'my terminal'}
2024-12-19 08:54:23 - be.model.user - INFO - 尝试登录用户：buyer_8_95150364-bda3-11ef-adb5-02a6845b4b32，终端：my terminal
2024-12-19 08:54:23 - be.model.user - INFO - 为用户 buyer_8_95150364-bda3-11ef-adb5-02a6845b4b32 生成新token，终端：my terminal
2024-12-19 08:54:23 - be.model.user - INFO - 用户登录成功：buyer_8_95150364-bda3-11ef-adb5-02a6845b4b32
2024-12-19 08:54:23 - be.view.auth - INFO - 登录处理结果: 200
2024-12-19 08:54:23 - werkzeug - INFO - 127.0.0.1 - - [19/Dec/2024 08:54:23] "POST /auth/login HTTP/1.1" 200 -
2024-12-19 08:54:23 - be.view.auth - INFO - 收到登录请求: {'user_id': 'buyer_3_95150364-bda3-11ef-adb5-02a6845b4b32', 'password': 'buyer_seller_3_95150364-bda3-11ef-adb5-02a6845b4b32', 'terminal': 'my terminal'}
2024-12-19 08:54:23 - be.model.user - INFO - 尝试登录用户：buyer_3_95150364-bda3-11ef-adb5-02a6845b4b32，终端：my terminal
2024-12-19 08:54:23 - be.model.user - INFO - 为用户 buyer_3_95150364-bda3-11ef-adb5-02a6845b4b32 生成新token，终端：my terminal
2024-12-19 08:54:23 - be.model.user - INFO - 用户登录成功：buyer_3_95150364-bda3-11ef-adb5-02a6845b4b32
2024-12-19 08:54:24 - be.view.auth - INFO - 登录处理结果: 200
2024-12-19 08:54:24 - werkzeug - INFO - 127.0.0.1 - - [19/Dec/2024 08:54:24] "POST /auth/login HTTP/1.1" 200 -
2024-12-19 08:54:24 - be.view.auth - INFO - 收到登录请求: {'user_id': 'buyer_1_95150364-bda3-11ef-adb5-02a6845b4b32', 'password': 'buyer_seller_1_95150364-bda3-11ef-adb5-02a6845b4b32', 'terminal': 'my terminal'}
2024-12-19 08:54:24 - be.model.user - INFO - 尝试登录用户：buyer_1_95150364-bda3-11ef-adb5-02a6845b4b32，终端：my terminal
2024-12-19 08:54:24 - be.model.user - INFO - 为用户 buyer_1_95150364-bda3-11ef-adb5-02a6845b4b32 生成新token，终端：my terminal
2024-12-19 08:54:24 - be.model.user - INFO - 用户登录成功：buyer_1_95150364-bda3-11ef-adb5-02a6845b4b32
2024-12-19 08:54:24 - be.view.auth - INFO - 登录处理结果: 200
2024-12-19 08:54:24 - werkzeug - INFO - 127.0.0.1 - - [19/Dec/2024 08:54:24] "POST /auth/login HTTP/1.1" 200 -
2024-12-19 08:54:24 - be.view.auth - INFO - 收到登录请求: {'user_id': 'buyer_10_95150364-bda3-11ef-adb5-02a6845b4b32', 'password': 'buyer_seller_10_95150364-bda3-11ef-adb5-02a6845b4b32', 'terminal': 'my terminal'}
2024-12-19 08:54:24 - be.model.user - INFO - 尝试登录用户：buyer_10_95150364-bda3-11ef-adb5-02a6845b4b32，终端：my terminal
2024-12-19 08:54:24 - be.model.user - INFO - 为用户 buyer_10_95150364-bda3-11ef-adb5-02a6845b4b32 生成新token，终端：my terminal
2024-12-19 08:54:24 - be.model.user - INFO - 用户登录成功：buyer_10_95150364-bda3-11ef-adb5-02a6845b4b32
2024-12-19 08:54:24 - be.view.auth - INFO - 登录处理结果: 200
2024-12-19 08:54:24 - werkzeug - INFO - 127.0.0.1 - - [19/Dec/2024 08:54:24] "POST /auth/login HTTP/1.1" 200 -
2024-12-19 08:54:24 - be.view.auth - INFO - 收到登录请求: {'user_id': 'buyer_5_95150364-bda3-11ef-adb5-02a6845b4b32', 'password': 'buyer_seller_5_95150364-bda3-11ef-adb5-02a6845b4b32', 'terminal': 'my terminal'}
2024-12-19 08:54:24 - be.model.user - INFO - 尝试登录用户：buyer_5_95150364-bda3-11ef-adb5-02a6845b4b32，终端：my terminal
2024-12-19 08:54:24 - be.model.user - INFO - 为用户 buyer_5_95150364-bda3-11ef-adb5-02a6845b4b32 生成新token，终端：my terminal
2024-12-19 08:54:24 - be.model.user - INFO - 用户登录成功：buyer_5_95150364-bda3-11ef-adb5-02a6845b4b32
2024-12-19 08:54:24 - be.view.auth - INFO - 登录处理结果: 200
2024-12-19 08:54:24 - werkzeug - INFO - 127.0.0.1 - - [19/Dec/2024 08:54:24] "POST /auth/login HTTP/1.1" 200 -
2024-12-19 08:54:24 - be.view.auth - INFO - 收到登录请求: {'user_id': 'buyer_3_95150364-bda3-11ef-adb5-02a6845b4b32', 'password': 'buyer_seller_3_95150364-bda3-11ef-adb5-02a6845b4b32', 'terminal': 'my terminal'}
2024-12-19 08:54:24 - be.model.user - INFO - 尝试登录用户：buyer_3_95150364-bda3-11ef-adb5-02a6845b4b32，终端：my terminal
2024-12-19 08:54:24 - be.model.user - INFO - 为用户 buyer_3_95150364-bda3-11ef-adb5-02a6845b4b32 生成新token，终端：my terminal
2024-12-19 08:54:24 - be.model.user - INFO - 用户登录成功：buyer_3_95150364-bda3-11ef-adb5-02a6845b4b32
2024-12-19 08:54:24 - be.view.auth - INFO - 登录处理结果: 200
2024-12-19 08:54:24 - werkzeug - INFO - 127.0.0.1 - - [19/Dec/2024 08:54:24] "POST /auth/login HTTP/1.1" 200 -
2024-12-19 08:54:24 - be.view.auth - INFO - 收到登录请求: {'user_id': 'buyer_4_95150364-bda3-11ef-adb5-02a6845b4b32', 'password': 'buyer_seller_4_95150364-bda3-11ef-adb5-02a6845b4b32', 'terminal': 'my terminal'}
2024-12-19 08:54:24 - be.model.user - INFO - 尝试登录用户：buyer_4_95150364-bda3-11ef-adb5-02a6845b4b32，终端：my terminal
2024-12-19 08:54:25 - be.model.user - INFO - 为用户 buyer_4_95150364-bda3-11ef-adb5-02a6845b4b32 生成新token，终端：my terminal
2024-12-19 08:54:25 - be.model.user - INFO - 用户登录成功：buyer_4_95150364-bda3-11ef-adb5-02a6845b4b32
2024-12-19 08:54:25 - be.view.auth - INFO - 登录处理结果: 200
2024-12-19 08:54:25 - werkzeug - INFO - 127.0.0.1 - - [19/Dec/2024 08:54:25] "POST /auth/login HTTP/1.1" 200 -
2024-12-19 08:54:25 - be.view.auth - INFO - 收到登录请求: {'user_id': 'buyer_1_95150364-bda3-11ef-adb5-02a6845b4b32', 'password': 'buyer_seller_1_95150364-bda3-11ef-adb5-02a6845b4b32', 'terminal': 'my terminal'}
2024-12-19 08:54:25 - be.model.user - INFO - 尝试登录用户：buyer_1_95150364-bda3-11ef-adb5-02a6845b4b32，终端：my terminal
2024-12-19 08:54:25 - be.model.user - INFO - 为用户 buyer_1_95150364-bda3-11ef-adb5-02a6845b4b32 生成新token，终端：my terminal
2024-12-19 08:54:25 - be.model.user - INFO - 用户登录成功：buyer_1_95150364-bda3-11ef-adb5-02a6845b4b32
2024-12-19 08:54:25 - be.view.auth - INFO - 登录处理结果: 200
2024-12-19 08:54:25 - werkzeug - INFO - 127.0.0.1 - - [19/Dec/2024 08:54:25] "POST /auth/login HTTP/1.1" 200 -
2024-12-19 08:54:25 - be.view.auth - INFO - 收到登录请求: {'user_id': 'buyer_9_95150364-bda3-11ef-adb5-02a6845b4b32', 'password': 'buyer_seller_9_95150364-bda3-11ef-adb5-02a6845b4b32', 'terminal': 'my terminal'}
2024-12-19 08:54:25 - be.model.user - INFO - 尝试登录用户：buyer_9_95150364-bda3-11ef-adb5-02a6845b4b32，终端：my terminal
2024-12-19 08:54:25 - be.model.user - INFO - 为用户 buyer_9_95150364-bda3-11ef-adb5-02a6845b4b32 生成新token，终端：my terminal
2024-12-19 08:54:25 - be.model.user - INFO - 用户登录成功：buyer_9_95150364-bda3-11ef-adb5-02a6845b4b32
2024-12-19 08:54:25 - be.view.auth - INFO - 登录处理结果: 200
2024-12-19 08:54:25 - werkzeug - INFO - 127.0.0.1 - - [19/Dec/2024 08:54:25] "POST /auth/login HTTP/1.1" 200 -
2024-12-19 08:54:25 - be.view.auth - INFO - 收到登录请求: {'user_id': 'buyer_7_95150364-bda3-11ef-adb5-02a6845b4b32', 'password': 'buyer_seller_7_95150364-bda3-11ef-adb5-02a6845b4b32', 'terminal': 'my terminal'}
2024-12-19 08:54:25 - be.model.user - INFO - 尝试登录用户：buyer_7_95150364-bda3-11ef-adb5-02a6845b4b32，终端：my terminal
2024-12-19 08:54:25 - be.model.user - INFO - 为用户 buyer_7_95150364-bda3-11ef-adb5-02a6845b4b32 生成新token，终端：my terminal
2024-12-19 08:54:25 - be.model.user - INFO - 用户登录成功：buyer_7_95150364-bda3-11ef-adb5-02a6845b4b32
2024-12-19 08:54:25 - be.view.auth - INFO - 登录处理结果: 200
2024-12-19 08:54:25 - werkzeug - INFO - 127.0.0.1 - - [19/Dec/2024 08:54:25] "POST /auth/login HTTP/1.1" 200 -
2024-12-19 08:54:25 - be.view.auth - INFO - 收到登录请求: {'user_id': 'buyer_3_95150364-bda3-11ef-adb5-02a6845b4b32', 'password': 'buyer_seller_3_95150364-bda3-11ef-adb5-02a6845b4b32', 'terminal': 'my terminal'}
2024-12-19 08:54:25 - be.model.user - INFO - 尝试登录用户：buyer_3_95150364-bda3-11ef-adb5-02a6845b4b32，终端：my terminal
2024-12-19 08:54:26 - be.model.user - INFO - 为用户 buyer_3_95150364-bda3-11ef-adb5-02a6845b4b32 生成新token，终端：my terminal
2024-12-19 08:54:26 - be.model.user - INFO - 用户登录成功：buyer_3_95150364-bda3-11ef-adb5-02a6845b4b32
2024-12-19 08:54:26 - be.view.auth - INFO - 登录处理结果: 200
2024-12-19 08:54:26 - werkzeug - INFO - 127.0.0.1 - - [19/Dec/2024 08:54:26] "POST /auth/login HTTP/1.1" 200 -
2024-12-19 08:54:26 - be.view.auth - INFO - 收到登录请求: {'user_id': 'buyer_8_95150364-bda3-11ef-adb5-02a6845b4b32', 'password': 'buyer_seller_8_95150364-bda3-11ef-adb5-02a6845b4b32', 'terminal': 'my terminal'}
2024-12-19 08:54:26 - be.model.user - INFO - 尝试登录用户：buyer_8_95150364-bda3-11ef-adb5-02a6845b4b32，终端：my terminal
2024-12-19 08:54:26 - be.model.user - INFO - 为用户 buyer_8_95150364-bda3-11ef-adb5-02a6845b4b32 生成新token，终端：my terminal
2024-12-19 08:54:26 - be.model.user - INFO - 用户登录成功：buyer_8_95150364-bda3-11ef-adb5-02a6845b4b32
2024-12-19 08:54:26 - be.view.auth - INFO - 登录处理结果: 200
2024-12-19 08:54:26 - werkzeug - INFO - 127.0.0.1 - - [19/Dec/2024 08:54:26] "POST /auth/login HTTP/1.1" 200 -
2024-12-19 08:54:26 - be.view.auth - INFO - 收到登录请求: {'user_id': 'buyer_10_95150364-bda3-11ef-adb5-02a6845b4b32', 'password': 'buyer_seller_10_95150364-bda3-11ef-adb5-02a6845b4b32', 'terminal': 'my terminal'}
2024-12-19 08:54:26 - be.model.user - INFO - 尝试登录用户：buyer_10_95150364-bda3-11ef-adb5-02a6845b4b32，终端：my terminal
2024-12-19 08:54:26 - be.model.user - INFO - 为用户 buyer_10_95150364-bda3-11ef-adb5-02a6845b4b32 生成新token，终端：my terminal
2024-12-19 08:54:26 - be.model.user - INFO - 用户登录成功：buyer_10_95150364-bda3-11ef-adb5-02a6845b4b32
2024-12-19 08:54:26 - be.view.auth - INFO - 登录处理结果: 200
2024-12-19 08:54:26 - werkzeug - INFO - 127.0.0.1 - - [19/Dec/2024 08:54:26] "POST /auth/login HTTP/1.1" 200 -
2024-12-19 08:54:26 - be.view.auth - INFO - 收到登录请求: {'user_id': 'buyer_5_95150364-bda3-11ef-adb5-02a6845b4b32', 'password': 'buyer_seller_5_95150364-bda3-11ef-adb5-02a6845b4b32', 'terminal': 'my terminal'}
2024-12-19 08:54:26 - be.model.user - INFO - 尝试登录用户：buyer_5_95150364-bda3-11ef-adb5-02a6845b4b32，终端：my terminal
2024-12-19 08:54:26 - be.model.user - INFO - 为用户 buyer_5_95150364-bda3-11ef-adb5-02a6845b4b32 生成新token，终端：my terminal
2024-12-19 08:54:26 - be.model.user - INFO - 用户登录成功：buyer_5_95150364-bda3-11ef-adb5-02a6845b4b32
2024-12-19 08:54:26 - be.view.auth - INFO - 登录处理结果: 200
2024-12-19 08:54:26 - werkzeug - INFO - 127.0.0.1 - - [19/Dec/2024 08:54:26] "POST /auth/login HTTP/1.1" 200 -
2024-12-19 08:54:26 - be.view.auth - INFO - 收到登录请求: {'user_id': 'buyer_9_95150364-bda3-11ef-adb5-02a6845b4b32', 'password': 'buyer_seller_9_95150364-bda3-11ef-adb5-02a6845b4b32', 'terminal': 'my terminal'}
2024-12-19 08:54:26 - be.model.user - INFO - 尝试登录用户：buyer_9_95150364-bda3-11ef-adb5-02a6845b4b32，终端：my terminal
2024-12-19 08:54:26 - be.model.user - INFO - 为用户 buyer_9_95150364-bda3-11ef-adb5-02a6845b4b32 生成新token，终端：my terminal
2024-12-19 08:54:26 - be.model.user - INFO - 用户登录成功：buyer_9_95150364-bda3-11ef-adb5-02a6845b4b32
2024-12-19 08:54:27 - be.view.auth - INFO - 登录处理结果: 200
2024-12-19 08:54:27 - werkzeug - INFO - 127.0.0.1 - - [19/Dec/2024 08:54:27] "POST /auth/login HTTP/1.1" 200 -
2024-12-19 08:54:27 - be.view.auth - INFO - 收到登录请求: {'user_id': 'buyer_10_95150364-bda3-11ef-adb5-02a6845b4b32', 'password': 'buyer_seller_10_95150364-bda3-11ef-adb5-02a6845b4b32', 'terminal': 'my terminal'}
2024-12-19 08:54:27 - be.model.user - INFO - 尝试登录用户：buyer_10_95150364-bda3-11ef-adb5-02a6845b4b32，终端：my terminal
2024-12-19 08:54:27 - be.model.user - INFO - 为用户 buyer_10_95150364-bda3-11ef-adb5-02a6845b4b32 生成新token，终端：my terminal
2024-12-19 08:54:27 - be.model.user - INFO - 用户登录成功：buyer_10_95150364-bda3-11ef-adb5-02a6845b4b32
2024-12-19 08:54:27 - be.view.auth - INFO - 登录处理结果: 200
2024-12-19 08:54:27 - werkzeug - INFO - 127.0.0.1 - - [19/Dec/2024 08:54:27] "POST /auth/login HTTP/1.1" 200 -
2024-12-19 08:54:27 - be.view.auth - INFO - 收到登录请求: {'user_id': 'buyer_7_95150364-bda3-11ef-adb5-02a6845b4b32', 'password': 'buyer_seller_7_95150364-bda3-11ef-adb5-02a6845b4b32', 'terminal': 'my terminal'}
2024-12-19 08:54:27 - be.model.user - INFO - 尝试登录用户：buyer_7_95150364-bda3-11ef-adb5-02a6845b4b32，终端：my terminal
2024-12-19 08:54:27 - be.model.user - INFO - 为用户 buyer_7_95150364-bda3-11ef-adb5-02a6845b4b32 生成新token，终端：my terminal
2024-12-19 08:54:27 - be.model.user - INFO - 用户登录成功：buyer_7_95150364-bda3-11ef-adb5-02a6845b4b32
2024-12-19 08:54:27 - be.view.auth - INFO - 登录处理结果: 200
2024-12-19 08:54:27 - werkzeug - INFO - 127.0.0.1 - - [19/Dec/2024 08:54:27] "POST /auth/login HTTP/1.1" 200 -
2024-12-19 08:54:27 - be.view.auth - INFO - 收到登录请求: {'user_id': 'buyer_9_95150364-bda3-11ef-adb5-02a6845b4b32', 'password': 'buyer_seller_9_95150364-bda3-11ef-adb5-02a6845b4b32', 'terminal': 'my terminal'}
2024-12-19 08:54:27 - be.model.user - INFO - 尝试登录用户：buyer_9_95150364-bda3-11ef-adb5-02a6845b4b32，终端：my terminal
2024-12-19 08:54:27 - be.model.user - INFO - 为用户 buyer_9_95150364-bda3-11ef-adb5-02a6845b4b32 生成新token，终端：my terminal
2024-12-19 08:54:27 - be.model.user - INFO - 用户登录成功：buyer_9_95150364-bda3-11ef-adb5-02a6845b4b32
2024-12-19 08:54:27 - be.view.auth - INFO - 登录处理结果: 200
2024-12-19 08:54:27 - werkzeug - INFO - 127.0.0.1 - - [19/Dec/2024 08:54:27] "POST /auth/login HTTP/1.1" 200 -
2024-12-19 08:54:27 - be.view.auth - INFO - 收到登录请求: {'user_id': 'buyer_6_95150364-bda3-11ef-adb5-02a6845b4b32', 'password': 'buyer_seller_6_95150364-bda3-11ef-adb5-02a6845b4b32', 'terminal': 'my terminal'}
2024-12-19 08:54:27 - be.model.user - INFO - 尝试登录用户：buyer_6_95150364-bda3-11ef-adb5-02a6845b4b32，终端：my terminal
2024-12-19 08:54:27 - be.model.user - INFO - 为用户 buyer_6_95150364-bda3-11ef-adb5-02a6845b4b32 生成新token，终端：my terminal
2024-12-19 08:54:27 - be.model.user - INFO - 用户登录成功：buyer_6_95150364-bda3-11ef-adb5-02a6845b4b32
2024-12-19 08:54:28 - be.view.auth - INFO - 登录处理结果: 200
2024-12-19 08:54:28 - werkzeug - INFO - 127.0.0.1 - - [19/Dec/2024 08:54:28] "POST /auth/login HTTP/1.1" 200 -
2024-12-19 08:54:28 - be.view.auth - INFO - 收到登录请求: {'user_id': 'buyer_5_95150364-bda3-11ef-adb5-02a6845b4b32', 'password': 'buyer_seller_5_95150364-bda3-11ef-adb5-02a6845b4b32', 'terminal': 'my terminal'}
2024-12-19 08:54:28 - be.model.user - INFO - 尝试登录用户：buyer_5_95150364-bda3-11ef-adb5-02a6845b4b32，终端：my terminal
2024-12-19 08:54:28 - be.model.user - INFO - 为用户 buyer_5_95150364-bda3-11ef-adb5-02a6845b4b32 生成新token，终端：my terminal
2024-12-19 08:54:28 - be.model.user - INFO - 用户登录成功：buyer_5_95150364-bda3-11ef-adb5-02a6845b4b32
2024-12-19 08:54:28 - be.view.auth - INFO - 登录处理结果: 200
2024-12-19 08:54:28 - werkzeug - INFO - 127.0.0.1 - - [19/Dec/2024 08:54:28] "POST /auth/login HTTP/1.1" 200 -
2024-12-19 08:54:28 - be.view.auth - INFO - 收到登录请求: {'user_id': 'buyer_6_95150364-bda3-11ef-adb5-02a6845b4b32', 'password': 'buyer_seller_6_95150364-bda3-11ef-adb5-02a6845b4b32', 'terminal': 'my terminal'}
2024-12-19 08:54:28 - be.model.user - INFO - 尝试登录用户：buyer_6_95150364-bda3-11ef-adb5-02a6845b4b32，终端：my terminal
2024-12-19 08:54:28 - be.model.user - INFO - 为用户 buyer_6_95150364-bda3-11ef-adb5-02a6845b4b32 生成新token，终端：my terminal
2024-12-19 08:54:28 - be.model.user - INFO - 用户登录成功：buyer_6_95150364-bda3-11ef-adb5-02a6845b4b32
2024-12-19 08:54:28 - be.view.auth - INFO - 登录处理结果: 200
2024-12-19 08:54:28 - werkzeug - INFO - 127.0.0.1 - - [19/Dec/2024 08:54:28] "POST /auth/login HTTP/1.1" 200 -
2024-12-19 08:54:28 - be.view.auth - INFO - 收到登录请求: {'user_id': 'buyer_7_95150364-bda3-11ef-adb5-02a6845b4b32', 'password': 'buyer_seller_7_95150364-bda3-11ef-adb5-02a6845b4b32', 'terminal': 'my terminal'}
2024-12-19 08:54:28 - be.model.user - INFO - 尝试登录用户：buyer_7_95150364-bda3-11ef-adb5-02a6845b4b32，终端：my terminal
2024-12-19 08:54:28 - be.model.user - INFO - 为用户 buyer_7_95150364-bda3-11ef-adb5-02a6845b4b32 生成新token，终端：my terminal
2024-12-19 08:54:28 - be.model.user - INFO - 用户登录成功：buyer_7_95150364-bda3-11ef-adb5-02a6845b4b32
2024-12-19 08:54:28 - be.view.auth - INFO - 登录处理结果: 200
2024-12-19 08:54:28 - werkzeug - INFO - 127.0.0.1 - - [19/Dec/2024 08:54:28] "POST /auth/login HTTP/1.1" 200 -
2024-12-19 08:54:28 - be.view.auth - INFO - 收到登录请求: {'user_id': 'buyer_3_95150364-bda3-11ef-adb5-02a6845b4b32', 'password': 'buyer_seller_3_95150364-bda3-11ef-adb5-02a6845b4b32', 'terminal': 'my terminal'}
2024-12-19 08:54:28 - be.model.user - INFO - 尝试登录用户：buyer_3_95150364-bda3-11ef-adb5-02a6845b4b32，终端：my terminal
2024-12-19 08:54:28 - be.model.user - INFO - 为用户 buyer_3_95150364-bda3-11ef-adb5-02a6845b4b32 生成新token，终端：my terminal
2024-12-19 08:54:28 - be.model.user - INFO - 用户登录成功：buyer_3_95150364-bda3-11ef-adb5-02a6845b4b32
2024-12-19 08:54:28 - be.view.auth - INFO - 登录处理结果: 200
2024-12-19 08:54:28 - werkzeug - INFO - 127.0.0.1 - - [19/Dec/2024 08:54:28] "POST /auth/login HTTP/1.1" 200 -
2024-12-19 08:54:28 - be.view.auth - INFO - 收到登录请求: {'user_id': 'buyer_6_95150364-bda3-11ef-adb5-02a6845b4b32', 'password': 'buyer_seller_6_95150364-bda3-11ef-adb5-02a6845b4b32', 'terminal': 'my terminal'}
2024-12-19 08:54:28 - be.model.user - INFO - 尝试登录用户：buyer_6_95150364-bda3-11ef-adb5-02a6845b4b32，终端：my terminal
2024-12-19 08:54:29 - be.model.user - INFO - 为用户 buyer_6_95150364-bda3-11ef-adb5-02a6845b4b32 生成新token，终端：my terminal
2024-12-19 08:54:29 - be.model.user - INFO - 用户登录成功：buyer_6_95150364-bda3-11ef-adb5-02a6845b4b32
2024-12-19 08:54:29 - be.view.auth - INFO - 登录处理结果: 200
2024-12-19 08:54:29 - werkzeug - INFO - 127.0.0.1 - - [19/Dec/2024 08:54:29] "POST /auth/login HTTP/1.1" 200 -
2024-12-19 08:54:29 - be.view.auth - INFO - 收到登录请求: {'user_id': 'buyer_6_95150364-bda3-11ef-adb5-02a6845b4b32', 'password': 'buyer_seller_6_95150364-bda3-11ef-adb5-02a6845b4b32', 'terminal': 'my terminal'}
2024-12-19 08:54:29 - be.model.user - INFO - 尝试登录用户：buyer_6_95150364-bda3-11ef-adb5-02a6845b4b32，终端：my terminal
2024-12-19 08:54:29 - be.model.user - INFO - 为用户 buyer_6_95150364-bda3-11ef-adb5-02a6845b4b32 生成新token，终端：my terminal
2024-12-19 08:54:29 - be.model.user - INFO - 用户登录成功：buyer_6_95150364-bda3-11ef-adb5-02a6845b4b32
2024-12-19 08:54:29 - be.view.auth - INFO - 登录处理结果: 200
2024-12-19 08:54:29 - werkzeug - INFO - 127.0.0.1 - - [19/Dec/2024 08:54:29] "POST /auth/login HTTP/1.1" 200 -
2024-12-19 08:54:29 - be.view.auth - INFO - 收到登录请求: {'user_id': 'buyer_4_95150364-bda3-11ef-adb5-02a6845b4b32', 'password': 'buyer_seller_4_95150364-bda3-11ef-adb5-02a6845b4b32', 'terminal': 'my terminal'}
2024-12-19 08:54:29 - be.model.user - INFO - 尝试登录用户：buyer_4_95150364-bda3-11ef-adb5-02a6845b4b32，终端：my terminal
2024-12-19 08:54:29 - be.model.user - INFO - 为用户 buyer_4_95150364-bda3-11ef-adb5-02a6845b4b32 生成新token，终端：my terminal
2024-12-19 08:54:29 - be.model.user - INFO - 用户登录成功：buyer_4_95150364-bda3-11ef-adb5-02a6845b4b32
2024-12-19 08:54:29 - be.view.auth - INFO - 登录处理结果: 200
2024-12-19 08:54:29 - werkzeug - INFO - 127.0.0.1 - - [19/Dec/2024 08:54:29] "POST /auth/login HTTP/1.1" 200 -
2024-12-19 08:54:29 - be.view.auth - INFO - 收到登录请求: {'user_id': 'buyer_9_95150364-bda3-11ef-adb5-02a6845b4b32', 'password': 'buyer_seller_9_95150364-bda3-11ef-adb5-02a6845b4b32', 'terminal': 'my terminal'}
2024-12-19 08:54:29 - be.model.user - INFO - 尝试登录用户：buyer_9_95150364-bda3-11ef-adb5-02a6845b4b32，终端：my terminal
2024-12-19 08:54:29 - be.model.user - INFO - 为用户 buyer_9_95150364-bda3-11ef-adb5-02a6845b4b32 生成新token，终端：my terminal
2024-12-19 08:54:29 - be.model.user - INFO - 用户登录成功：buyer_9_95150364-bda3-11ef-adb5-02a6845b4b32
2024-12-19 08:54:29 - be.view.auth - INFO - 登录处理结果: 200
2024-12-19 08:54:29 - werkzeug - INFO - 127.0.0.1 - - [19/Dec/2024 08:54:29] "POST /auth/login HTTP/1.1" 200 -
2024-12-19 08:54:29 - be.view.auth - INFO - 收到登录请求: {'user_id': 'buyer_6_95150364-bda3-11ef-adb5-02a6845b4b32', 'password': 'buyer_seller_6_95150364-bda3-11ef-adb5-02a6845b4b32', 'terminal': 'my terminal'}
2024-12-19 08:54:29 - be.model.user - INFO - 尝试登录用户：buyer_6_95150364-bda3-11ef-adb5-02a6845b4b32，终端：my terminal
2024-12-19 08:54:29 - be.model.user - INFO - 为用户 buyer_6_95150364-bda3-11ef-adb5-02a6845b4b32 生成新token，终端：my terminal
2024-12-19 08:54:29 - be.model.user - INFO - 用户登录成功：buyer_6_95150364-bda3-11ef-adb5-02a6845b4b32
2024-12-19 08:54:30 - be.view.auth - INFO - 登录处理结果: 200
2024-12-19 08:54:30 - werkzeug - INFO - 127.0.0.1 - - [19/Dec/2024 08:54:30] "POST /auth/login HTTP/1.1" 200 -
2024-12-19 08:54:30 - be.view.auth - INFO - 收到登录请求: {'user_id': 'buyer_2_95150364-bda3-11ef-adb5-02a6845b4b32', 'password': 'buyer_seller_2_95150364-bda3-11ef-adb5-02a6845b4b32', 'terminal': 'my terminal'}
2024-12-19 08:54:30 - be.model.user - INFO - 尝试登录用户：buyer_2_95150364-bda3-11ef-adb5-02a6845b4b32，终端：my terminal
2024-12-19 08:54:30 - be.model.user - INFO - 为用户 buyer_2_95150364-bda3-11ef-adb5-02a6845b4b32 生成新token，终端：my terminal
2024-12-19 08:54:30 - be.model.user - INFO - 用户登录成功：buyer_2_95150364-bda3-11ef-adb5-02a6845b4b32
2024-12-19 08:54:30 - be.view.auth - INFO - 登录处理结果: 200
2024-12-19 08:54:30 - werkzeug - INFO - 127.0.0.1 - - [19/Dec/2024 08:54:30] "POST /auth/login HTTP/1.1" 200 -
2024-12-19 08:54:30 - be.view.auth - INFO - 收到登录请求: {'user_id': 'buyer_5_95150364-bda3-11ef-adb5-02a6845b4b32', 'password': 'buyer_seller_5_95150364-bda3-11ef-adb5-02a6845b4b32', 'terminal': 'my terminal'}
2024-12-19 08:54:30 - be.model.user - INFO - 尝试登录用户：buyer_5_95150364-bda3-11ef-adb5-02a6845b4b32，终端：my terminal
2024-12-19 08:54:30 - be.model.user - INFO - 为用户 buyer_5_95150364-bda3-11ef-adb5-02a6845b4b32 生成新token，终端：my terminal
2024-12-19 08:54:30 - be.model.user - INFO - 用户登录成功：buyer_5_95150364-bda3-11ef-adb5-02a6845b4b32
2024-12-19 08:54:30 - be.view.auth - INFO - 登录处理结果: 200
2024-12-19 08:54:30 - werkzeug - INFO - 127.0.0.1 - - [19/Dec/2024 08:54:30] "POST /auth/login HTTP/1.1" 200 -
2024-12-19 08:54:30 - be.view.auth - INFO - 收到登录请求: {'user_id': 'buyer_9_95150364-bda3-11ef-adb5-02a6845b4b32', 'password': 'buyer_seller_9_95150364-bda3-11ef-adb5-02a6845b4b32', 'terminal': 'my terminal'}
2024-12-19 08:54:30 - be.model.user - INFO - 尝试登录用户：buyer_9_95150364-bda3-11ef-adb5-02a6845b4b32，终端：my terminal
2024-12-19 08:54:30 - be.model.user - INFO - 为用户 buyer_9_95150364-bda3-11ef-adb5-02a6845b4b32 生成新token，终端：my terminal
2024-12-19 08:54:30 - be.model.user - INFO - 用户登录成功：buyer_9_95150364-bda3-11ef-adb5-02a6845b4b32
2024-12-19 08:54:30 - be.view.auth - INFO - 登录处理结果: 200
2024-12-19 08:54:30 - werkzeug - INFO - 127.0.0.1 - - [19/Dec/2024 08:54:30] "POST /auth/login HTTP/1.1" 200 -
2024-12-19 08:54:30 - be.view.auth - INFO - 收到登录请求: {'user_id': 'buyer_10_95150364-bda3-11ef-adb5-02a6845b4b32', 'password': 'buyer_seller_10_95150364-bda3-11ef-adb5-02a6845b4b32', 'terminal': 'my terminal'}
2024-12-19 08:54:30 - be.model.user - INFO - 尝试登录用户：buyer_10_95150364-bda3-11ef-adb5-02a6845b4b32，终端：my terminal
2024-12-19 08:54:30 - be.model.user - INFO - 为用户 buyer_10_95150364-bda3-11ef-adb5-02a6845b4b32 生成新token，终端：my terminal
2024-12-19 08:54:30 - be.model.user - INFO - 用户登录成功：buyer_10_95150364-bda3-11ef-adb5-02a6845b4b32
2024-12-19 08:54:31 - be.view.auth - INFO - 登录处理结果: 200
2024-12-19 08:54:31 - werkzeug - INFO - 127.0.0.1 - - [19/Dec/2024 08:54:31] "POST /auth/login HTTP/1.1" 200 -
2024-12-19 08:54:31 - be.view.auth - INFO - 收到登录请求: {'user_id': 'buyer_9_95150364-bda3-11ef-adb5-02a6845b4b32', 'password': 'buyer_seller_9_95150364-bda3-11ef-adb5-02a6845b4b32', 'terminal': 'my terminal'}
2024-12-19 08:54:31 - be.model.user - INFO - 尝试登录用户：buyer_9_95150364-bda3-11ef-adb5-02a6845b4b32，终端：my terminal
2024-12-19 08:54:31 - be.model.user - INFO - 为用户 buyer_9_95150364-bda3-11ef-adb5-02a6845b4b32 生成新token，终端：my terminal
2024-12-19 08:54:31 - be.model.user - INFO - 用户登录成功：buyer_9_95150364-bda3-11ef-adb5-02a6845b4b32
2024-12-19 08:54:31 - be.view.auth - INFO - 登录处理结果: 200
2024-12-19 08:54:31 - werkzeug - INFO - 127.0.0.1 - - [19/Dec/2024 08:54:31] "POST /auth/login HTTP/1.1" 200 -
2024-12-19 08:54:31 - be.view.auth - INFO - 收到登录请求: {'user_id': 'buyer_2_95150364-bda3-11ef-adb5-02a6845b4b32', 'password': 'buyer_seller_2_95150364-bda3-11ef-adb5-02a6845b4b32', 'terminal': 'my terminal'}
2024-12-19 08:54:31 - be.model.user - INFO - 尝试登录用户：buyer_2_95150364-bda3-11ef-adb5-02a6845b4b32，终端：my terminal
2024-12-19 08:54:31 - be.model.user - INFO - 为用户 buyer_2_95150364-bda3-11ef-adb5-02a6845b4b32 生成新token，终端：my terminal
2024-12-19 08:54:31 - be.model.user - INFO - 用户登录成功：buyer_2_95150364-bda3-11ef-adb5-02a6845b4b32
2024-12-19 08:54:31 - be.view.auth - INFO - 登录处理结果: 200
2024-12-19 08:54:31 - werkzeug - INFO - 127.0.0.1 - - [19/Dec/2024 08:54:31] "POST /auth/login HTTP/1.1" 200 -
2024-12-19 08:54:31 - be.view.auth - INFO - 收到登录请求: {'user_id': 'buyer_4_95150364-bda3-11ef-adb5-02a6845b4b32', 'password': 'buyer_seller_4_95150364-bda3-11ef-adb5-02a6845b4b32', 'terminal': 'my terminal'}
2024-12-19 08:54:31 - be.model.user - INFO - 尝试登录用户：buyer_4_95150364-bda3-11ef-adb5-02a6845b4b32，终端：my terminal
2024-12-19 08:54:31 - be.model.user - INFO - 为用户 buyer_4_95150364-bda3-11ef-adb5-02a6845b4b32 生成新token，终端：my terminal
2024-12-19 08:54:31 - be.model.user - INFO - 用户登录成功：buyer_4_95150364-bda3-11ef-adb5-02a6845b4b32
2024-12-19 08:54:31 - be.view.auth - INFO - 登录处理结果: 200
2024-12-19 08:54:31 - werkzeug - INFO - 127.0.0.1 - - [19/Dec/2024 08:54:31] "POST /auth/login HTTP/1.1" 200 -
2024-12-19 08:54:31 - be.view.auth - INFO - 收到登录请求: {'user_id': 'buyer_3_95150364-bda3-11ef-adb5-02a6845b4b32', 'password': 'buyer_seller_3_95150364-bda3-11ef-adb5-02a6845b4b32', 'terminal': 'my terminal'}
2024-12-19 08:54:31 - be.model.user - INFO - 尝试登录用户：buyer_3_95150364-bda3-11ef-adb5-02a6845b4b32，终端：my terminal
2024-12-19 08:54:31 - be.model.user - INFO - 为用户 buyer_3_95150364-bda3-11ef-adb5-02a6845b4b32 生成新token，终端：my terminal
2024-12-19 08:54:31 - be.model.user - INFO - 用户登录成功：buyer_3_95150364-bda3-11ef-adb5-02a6845b4b32
2024-12-19 08:54:32 - be.view.auth - INFO - 登录处理结果: 200
2024-12-19 08:54:32 - werkzeug - INFO - 127.0.0.1 - - [19/Dec/2024 08:54:32] "POST /auth/login HTTP/1.1" 200 -
2024-12-19 08:54:32 - be.serve - INFO - 正在关闭服务器...
2024-12-19 08:54:32 - be.serve - ERROR - 关闭服务器失败: Not running with the Werkzeug Server
2024-12-19 08:56:31 - __main__ - INFO - 
{'='*20} 开始运行所有测试 {'='*20}
2024-12-19 08:56:31 - be.model.db_config - INFO - 清理数据库...
2024-12-19 08:56:35 - be.model.db_config - INFO - 数据库清理完成
2024-12-19 08:56:36 - be.model.db_config - INFO - 已创建的表: ['book', 'book_images', 'books', 'order_items', 'orders', 'stores', 'users']
2024-12-19 08:56:36 - be.model.user - INFO - 创建 UserManager 实例
2024-12-19 08:56:36 - be.serve - INFO - 正在启动服务器...
2024-12-19 08:56:36 - be.serve - INFO - 创建Flask应用...
2024-12-19 08:56:36 - be.serve - INFO - 初始化数据库...
2024-12-19 08:56:36 - be.model.db_config - INFO - 清理数据库...
2024-12-19 08:56:39 - be.model.db_config - INFO - 数据库清理完成
2024-12-19 08:56:39 - be.model.db_config - INFO - 已创建的表: ['book', 'book_images', 'books', 'order_items', 'orders', 'stores', 'users']
2024-12-19 08:56:39 - be.model.db_config - INFO - 删除所有表...
2024-12-19 08:56:43 - be.model.db_config - INFO - 数据库初始化完成
2024-12-19 08:56:43 - be.model.db_config - INFO - 已创建的表: ['book', 'book_images', 'books', 'order_items', 'orders', 'stores', 'users']
2024-12-19 08:56:43 - be.serve - INFO - 数据库初始化成功
2024-12-19 08:56:43 - be.serve - INFO - 注册蓝图...
2024-12-19 08:56:43 - be.serve - INFO - 启动服务器...
2024-12-19 08:56:43 - werkzeug - INFO - [31m[1mWARNING: This is a development server. Do not use it in a production deployment. Use a production WSGI server instead.[0m
 * Running on http://127.0.0.1:5555
2024-12-19 08:56:43 - werkzeug - INFO - [33mPress CTRL+C to quit[0m
2024-12-19 08:56:43 - be.view.auth - INFO - 收到注册请求: {'user_id': 'test_register_user_1734569803.494161', 'password': 'test_register_password_1734569803.494166'}
2024-12-19 08:56:43 - be.model.user - INFO - 尝试注册新用户：test_register_user_1734569803.494161
2024-12-19 08:56:43 - be.model.user - INFO - 加密密码...
2024-12-19 08:56:43 - be.model.user - INFO - 创建新用户...
2024-12-19 08:56:43 - be.model.user - INFO - 添加用户到数据库...
2024-12-19 08:56:43 - be.model.user - INFO - 用户注册成功：test_register_user_1734569803.494161
2024-12-19 08:56:43 - be.view.auth - INFO - 注册处理结果: 200
2024-12-19 08:56:43 - werkzeug - INFO - 127.0.0.1 - - [19/Dec/2024 08:56:43] "POST /auth/register HTTP/1.1" 200 -
2024-12-19 08:56:43 - be.view.auth - INFO - 收到注册请求: {'user_id': 'test_register_user_1734569803.8094761', 'password': 'test_register_password_1734569803.809484'}
2024-12-19 08:56:43 - be.model.user - INFO - 尝试注册新用户：test_register_user_1734569803.8094761
2024-12-19 08:56:43 - be.model.user - INFO - 加密密码...
2024-12-19 08:56:43 - be.model.user - INFO - 创建新用户...
2024-12-19 08:56:43 - be.model.user - INFO - 添加用户到数据库...
2024-12-19 08:56:44 - be.model.user - INFO - 用户注册成功：test_register_user_1734569803.8094761
2024-12-19 08:56:44 - be.view.auth - INFO - 注册处理结果: 200
2024-12-19 08:56:44 - werkzeug - INFO - 127.0.0.1 - - [19/Dec/2024 08:56:44] "POST /auth/register HTTP/1.1" 200 -
2024-12-19 08:56:44 - be.view.auth - INFO - 收到注销请求: {'user_id': 'test_register_user_1734569803.8094761', 'password': 'test_register_password_1734569803.809484'}
2024-12-19 08:56:44 - be.model.user - INFO - 尝试注销用户：test_register_user_1734569803.8094761
2024-12-19 08:56:44 - be.model.user - INFO - 用户注销成功：test_register_user_1734569803.8094761
2024-12-19 08:56:44 - be.view.auth - INFO - 注销处理结果: 200
2024-12-19 08:56:44 - werkzeug - INFO - 127.0.0.1 - - [19/Dec/2024 08:56:44] "POST /auth/unregister HTTP/1.1" 200 -
2024-12-19 08:56:44 - be.view.auth - INFO - 收到注册请求: {'user_id': 'test_register_user_1734569804.5505779', 'password': 'test_register_password_1734569804.550595'}
2024-12-19 08:56:44 - be.model.user - INFO - 尝试注册新用户：test_register_user_1734569804.5505779
2024-12-19 08:56:44 - be.model.user - INFO - 加密密码...
2024-12-19 08:56:44 - be.model.user - INFO - 创建新用户...
2024-12-19 08:56:44 - be.model.user - INFO - 添加用户到数据库...
2024-12-19 08:56:44 - be.model.user - INFO - 用户注册成功：test_register_user_1734569804.5505779
2024-12-19 08:56:44 - be.view.auth - INFO - 注册处理结果: 200
2024-12-19 08:56:44 - werkzeug - INFO - 127.0.0.1 - - [19/Dec/2024 08:56:44] "POST /auth/register HTTP/1.1" 200 -
2024-12-19 08:56:44 - be.view.auth - INFO - 收到注销请求: {'user_id': 'test_register_user_1734569804.5505779_x', 'password': 'test_register_password_1734569804.550595'}
2024-12-19 08:56:44 - be.model.user - INFO - 尝试注销用户：test_register_user_1734569804.5505779_x
2024-12-19 08:56:44 - be.model.user - WARNING - 用户不存在：test_register_user_1734569804.5505779_x
2024-12-19 08:56:45 - be.view.auth - INFO - 注销处理结果: 401
2024-12-19 08:56:45 - werkzeug - INFO - 127.0.0.1 - - [19/Dec/2024 08:56:45] "[31m[1mPOST /auth/unregister HTTP/1.1[0m" 401 -
2024-12-19 08:56:45 - be.view.auth - INFO - 收到注销请求: {'user_id': 'test_register_user_1734569804.5505779', 'password': 'test_register_password_1734569804.550595_x'}
2024-12-19 08:56:45 - be.model.user - INFO - 尝试注销用户：test_register_user_1734569804.5505779
2024-12-19 08:56:45 - be.model.user - WARNING - 密码错误：test_register_user_1734569804.5505779
2024-12-19 08:56:45 - be.view.auth - INFO - 注销处理结果: 401
2024-12-19 08:56:45 - werkzeug - INFO - 127.0.0.1 - - [19/Dec/2024 08:56:45] "[31m[1mPOST /auth/unregister HTTP/1.1[0m" 401 -
2024-12-19 08:56:45 - be.view.auth - INFO - 收到注册请求: {'user_id': 'test_register_user_1734569805.362627', 'password': 'test_register_password_1734569805.362635'}
2024-12-19 08:56:45 - be.model.user - INFO - 尝试注册新用户：test_register_user_1734569805.362627
2024-12-19 08:56:45 - be.model.user - INFO - 加密密码...
2024-12-19 08:56:45 - be.model.user - INFO - 创建新用户...
2024-12-19 08:56:45 - be.model.user - INFO - 添加用户到数据库...
2024-12-19 08:56:45 - be.model.user - INFO - 用户注册成功：test_register_user_1734569805.362627
2024-12-19 08:56:45 - be.view.auth - INFO - 注册处理结果: 200
2024-12-19 08:56:45 - werkzeug - INFO - 127.0.0.1 - - [19/Dec/2024 08:56:45] "POST /auth/register HTTP/1.1" 200 -
2024-12-19 08:56:45 - be.view.auth - INFO - 收到注册请求: {'user_id': 'test_register_user_1734569805.362627', 'password': 'test_register_password_1734569805.362635'}
2024-12-19 08:56:45 - be.model.user - INFO - 尝试注册新用户：test_register_user_1734569805.362627
2024-12-19 08:56:45 - be.model.user - WARNING - 用户已存在：test_register_user_1734569805.362627
2024-12-19 08:56:45 - be.view.auth - INFO - 注册处理结果: 401
2024-12-19 08:56:45 - werkzeug - INFO - 127.0.0.1 - - [19/Dec/2024 08:56:45] "[31m[1mPOST /auth/register HTTP/1.1[0m" 401 -
2024-12-19 08:56:45 - be.view.auth - INFO - 收到注册请求: {'user_id': 'test_login_1734569805.969561', 'password': 'password_test_login_1734569805.969561'}
2024-12-19 08:56:45 - be.model.user - INFO - 尝试注册新用户：test_login_1734569805.969561
2024-12-19 08:56:46 - be.model.user - INFO - 加密密码...
2024-12-19 08:56:46 - be.model.user - INFO - 创建新用户...
2024-12-19 08:56:46 - be.model.user - INFO - 添加用户到数据库...
2024-12-19 08:56:46 - be.model.user - INFO - 用户注册成功：test_login_1734569805.969561
2024-12-19 08:56:46 - be.view.auth - INFO - 注册处理结果: 200
2024-12-19 08:56:46 - werkzeug - INFO - 127.0.0.1 - - [19/Dec/2024 08:56:46] "POST /auth/register HTTP/1.1" 200 -
2024-12-19 08:56:46 - be.view.auth - INFO - 收到登录请求: {'user_id': 'test_login_1734569805.969561', 'password': 'password_test_login_1734569805.969561', 'terminal': 'terminal_test_login_1734569805.969561'}
2024-12-19 08:56:46 - be.model.user - INFO - 尝试登录用户：test_login_1734569805.969561，终端：terminal_test_login_1734569805.969561
2024-12-19 08:56:46 - be.model.user - INFO - 为用户 test_login_1734569805.969561 生成新token，终端：terminal_test_login_1734569805.969561
2024-12-19 08:56:46 - be.model.user - INFO - 用户登录成功：test_login_1734569805.969561
2024-12-19 08:56:46 - be.view.auth - INFO - 登录处理结果: 200
2024-12-19 08:56:46 - werkzeug - INFO - 127.0.0.1 - - [19/Dec/2024 08:56:46] "POST /auth/login HTTP/1.1" 200 -
2024-12-19 08:56:46 - be.view.auth - INFO - 收到登出请求: {'user_id': 'test_login_1734569805.969561_x'}
2024-12-19 08:56:46 - be.model.user - INFO - 尝试登出用户：test_login_1734569805.969561_x
2024-12-19 08:56:46 - be.model.user - WARNING - token用户ID不匹配: expected=test_login_1734569805.969561_x, actual=test_login_1734569805.969561
2024-12-19 08:56:46 - be.model.user - WARNING - token验证失败：test_login_1734569805.969561_x
2024-12-19 08:56:46 - be.view.auth - INFO - 登出处理结果: 401
2024-12-19 08:56:46 - werkzeug - INFO - 127.0.0.1 - - [19/Dec/2024 08:56:46] "[31m[1mPOST /auth/logout HTTP/1.1[0m" 401 -
2024-12-19 08:56:46 - be.view.auth - INFO - 收到登出请求: {'user_id': 'test_login_1734569805.969561'}
2024-12-19 08:56:46 - be.model.user - INFO - 尝试登出用户：test_login_1734569805.969561
2024-12-19 08:56:46 - be.model.user - WARNING - 无效的token：eyJhbGciOiJIUzI1NiIsInR5cCI6IkpXVCJ9.eyJ1c2VyX2lkIjoidGVzdF9sb2dpbl8xNzM0NTY5ODA1Ljk2OTU2MSIsInRlcm1pbmFsIjoidGVybWluYWxfdGVzdF9sb2dpbl8xNzM0NTY5ODA1Ljk2OTU2MSIsImV4cCI6MTczNTE3NDYwNiwiaWF0IjoxNzM0NTY5ODA2fQ.GWGXjuliaTksVsaHc35UlwEoqSzGF7hz6EK9EIHOtzQ_x
2024-12-19 08:56:46 - be.model.user - WARNING - token验证失败：test_login_1734569805.969561
2024-12-19 08:56:46 - be.view.auth - INFO - 登出处理结果: 401
2024-12-19 08:56:46 - werkzeug - INFO - 127.0.0.1 - - [19/Dec/2024 08:56:46] "[31m[1mPOST /auth/logout HTTP/1.1[0m" 401 -
2024-12-19 08:56:46 - be.view.auth - INFO - 收到登出请求: {'user_id': 'test_login_1734569805.969561'}
2024-12-19 08:56:46 - be.model.user - INFO - 尝试登出用户：test_login_1734569805.969561
2024-12-19 08:56:46 - be.model.user - INFO - token验证成功：test_login_1734569805.969561
2024-12-19 08:56:46 - be.model.user - INFO - 用户登出成功：test_login_1734569805.969561
2024-12-19 08:56:46 - be.view.auth - INFO - 登出处理结果: 200
2024-12-19 08:56:46 - werkzeug - INFO - 127.0.0.1 - - [19/Dec/2024 08:56:46] "POST /auth/logout HTTP/1.1" 200 -
2024-12-19 08:56:46 - be.view.auth - INFO - 收到注册请求: {'user_id': 'test_login_1734569806.7705102', 'password': 'password_test_login_1734569806.7705102'}
2024-12-19 08:56:46 - be.model.user - INFO - 尝试注册新用户：test_login_1734569806.7705102
2024-12-19 08:56:46 - be.model.user - INFO - 加密密码...
2024-12-19 08:56:46 - be.model.user - INFO - 创建新用户...
2024-12-19 08:56:46 - be.model.user - INFO - 添加用户到数据库...
2024-12-19 08:56:47 - be.model.user - INFO - 用户注册成功：test_login_1734569806.7705102
2024-12-19 08:56:47 - be.view.auth - INFO - 注册处理结果: 200
2024-12-19 08:56:47 - werkzeug - INFO - 127.0.0.1 - - [19/Dec/2024 08:56:47] "POST /auth/register HTTP/1.1" 200 -
2024-12-19 08:56:47 - be.view.auth - INFO - 收到登录请求: {'user_id': 'test_login_1734569806.7705102_x', 'password': 'password_test_login_1734569806.7705102', 'terminal': 'terminal_test_login_1734569806.7705102'}
2024-12-19 08:56:47 - be.model.user - INFO - 尝试登录用户：test_login_1734569806.7705102_x，终端：terminal_test_login_1734569806.7705102
2024-12-19 08:56:47 - be.model.user - WARNING - 用户不存在：test_login_1734569806.7705102_x
2024-12-19 08:56:47 - be.view.auth - INFO - 登录处理结果: 401
2024-12-19 08:56:47 - werkzeug - INFO - 127.0.0.1 - - [19/Dec/2024 08:56:47] "[31m[1mPOST /auth/login HTTP/1.1[0m" 401 -
2024-12-19 08:56:47 - be.view.auth - INFO - 收到注册请求: {'user_id': 'test_login_1734569807.319422', 'password': 'password_test_login_1734569807.319422'}
2024-12-19 08:56:47 - be.model.user - INFO - 尝试注册新用户：test_login_1734569807.319422
2024-12-19 08:56:47 - be.model.user - INFO - 加密密码...
2024-12-19 08:56:47 - be.model.user - INFO - 创建新用户...
2024-12-19 08:56:47 - be.model.user - INFO - 添加用户到数据库...
2024-12-19 08:56:47 - be.model.user - INFO - 用户注册成功：test_login_1734569807.319422
2024-12-19 08:56:47 - be.view.auth - INFO - 注册处理结果: 200
2024-12-19 08:56:47 - werkzeug - INFO - 127.0.0.1 - - [19/Dec/2024 08:56:47] "POST /auth/register HTTP/1.1" 200 -
2024-12-19 08:56:47 - be.view.auth - INFO - 收到登录请求: {'user_id': 'test_login_1734569807.319422', 'password': 'password_test_login_1734569807.319422_x', 'terminal': 'terminal_test_login_1734569807.319422'}
2024-12-19 08:56:47 - be.model.user - INFO - 尝试登录用户：test_login_1734569807.319422，终端：terminal_test_login_1734569807.319422
2024-12-19 08:56:47 - be.model.user - WARNING - 密码错误：test_login_1734569807.319422
2024-12-19 08:56:47 - be.view.auth - INFO - 登录处理结果: 401
2024-12-19 08:56:47 - werkzeug - INFO - 127.0.0.1 - - [19/Dec/2024 08:56:47] "[31m[1mPOST /auth/login HTTP/1.1[0m" 401 -
2024-12-19 08:56:47 - be.view.auth - INFO - 收到注册请求: {'user_id': 'test_password_1fdd8962-bda4-11ef-87d8-02a6845b4b32', 'password': 'old_password_test_password_1fdd8962-bda4-11ef-87d8-02a6845b4b32'}
2024-12-19 08:56:47 - be.model.user - INFO - 尝试注册新用户：test_password_1fdd8962-bda4-11ef-87d8-02a6845b4b32
2024-12-19 08:56:47 - be.model.user - INFO - 加密密码...
2024-12-19 08:56:47 - be.model.user - INFO - 创建新用户...
2024-12-19 08:56:47 - be.model.user - INFO - 添加用户到数据库...
2024-12-19 08:56:48 - be.model.user - INFO - 用户注册成功：test_password_1fdd8962-bda4-11ef-87d8-02a6845b4b32
2024-12-19 08:56:48 - be.view.auth - INFO - 注册处理结果: 200
2024-12-19 08:56:48 - werkzeug - INFO - 127.0.0.1 - - [19/Dec/2024 08:56:48] "POST /auth/register HTTP/1.1" 200 -
2024-12-19 08:56:48 - be.view.auth - INFO - 收到修改密码请求: {'user_id': 'test_password_1fdd8962-bda4-11ef-87d8-02a6845b4b32', 'oldPassword': 'old_password_test_password_1fdd8962-bda4-11ef-87d8-02a6845b4b32', 'newPassword': 'new_password_test_password_1fdd8962-bda4-11ef-87d8-02a6845b4b32'}
2024-12-19 08:56:48 - be.model.user - INFO - 尝试修改密码：test_password_1fdd8962-bda4-11ef-87d8-02a6845b4b32
2024-12-19 08:56:48 - be.model.user - INFO - 密码修改成功：test_password_1fdd8962-bda4-11ef-87d8-02a6845b4b32
2024-12-19 08:56:48 - be.view.auth - INFO - 修改密码处理结果: 200
2024-12-19 08:56:48 - werkzeug - INFO - 127.0.0.1 - - [19/Dec/2024 08:56:48] "POST /auth/password HTTP/1.1" 200 -
2024-12-19 08:56:48 - be.view.auth - INFO - 收到登录请求: {'user_id': 'test_password_1fdd8962-bda4-11ef-87d8-02a6845b4b32', 'password': 'old_password_test_password_1fdd8962-bda4-11ef-87d8-02a6845b4b32', 'terminal': 'terminal_test_password_1fdd8962-bda4-11ef-87d8-02a6845b4b32'}
2024-12-19 08:56:48 - be.model.user - INFO - 尝试登录用户：test_password_1fdd8962-bda4-11ef-87d8-02a6845b4b32，终端：terminal_test_password_1fdd8962-bda4-11ef-87d8-02a6845b4b32
2024-12-19 08:56:48 - be.model.user - WARNING - 密码错误：test_password_1fdd8962-bda4-11ef-87d8-02a6845b4b32
2024-12-19 08:56:48 - be.view.auth - INFO - 登录处理结果: 401
2024-12-19 08:56:48 - werkzeug - INFO - 127.0.0.1 - - [19/Dec/2024 08:56:48] "[31m[1mPOST /auth/login HTTP/1.1[0m" 401 -
2024-12-19 08:56:48 - be.view.auth - INFO - 收到登录请求: {'user_id': 'test_password_1fdd8962-bda4-11ef-87d8-02a6845b4b32', 'password': 'new_password_test_password_1fdd8962-bda4-11ef-87d8-02a6845b4b32', 'terminal': 'terminal_test_password_1fdd8962-bda4-11ef-87d8-02a6845b4b32'}
2024-12-19 08:56:48 - be.model.user - INFO - 尝试登录用户：test_password_1fdd8962-bda4-11ef-87d8-02a6845b4b32，终端：terminal_test_password_1fdd8962-bda4-11ef-87d8-02a6845b4b32
2024-12-19 08:56:48 - be.model.user - INFO - 为用户 test_password_1fdd8962-bda4-11ef-87d8-02a6845b4b32 生成新token，终端：terminal_test_password_1fdd8962-bda4-11ef-87d8-02a6845b4b32
2024-12-19 08:56:48 - be.model.user - INFO - 用户登录成功：test_password_1fdd8962-bda4-11ef-87d8-02a6845b4b32
2024-12-19 08:56:48 - be.view.auth - INFO - 登录处理结果: 200
2024-12-19 08:56:48 - werkzeug - INFO - 127.0.0.1 - - [19/Dec/2024 08:56:48] "POST /auth/login HTTP/1.1" 200 -
2024-12-19 08:56:48 - be.view.auth - INFO - 收到登出请求: {'user_id': 'test_password_1fdd8962-bda4-11ef-87d8-02a6845b4b32'}
2024-12-19 08:56:48 - be.model.user - INFO - 尝试登出用户：test_password_1fdd8962-bda4-11ef-87d8-02a6845b4b32
2024-12-19 08:56:49 - be.model.user - INFO - token验证成功：test_password_1fdd8962-bda4-11ef-87d8-02a6845b4b32
2024-12-19 08:56:49 - be.model.user - INFO - 用户登出成功：test_password_1fdd8962-bda4-11ef-87d8-02a6845b4b32
2024-12-19 08:56:49 - be.view.auth - INFO - 登出处理结果: 200
2024-12-19 08:56:49 - werkzeug - INFO - 127.0.0.1 - - [19/Dec/2024 08:56:49] "POST /auth/logout HTTP/1.1" 200 -
2024-12-19 08:56:49 - be.view.auth - INFO - 收到注册请求: {'user_id': 'test_password_20aa4448-bda4-11ef-87d8-02a6845b4b32', 'password': 'old_password_test_password_20aa4448-bda4-11ef-87d8-02a6845b4b32'}
2024-12-19 08:56:49 - be.model.user - INFO - 尝试注册新用户：test_password_20aa4448-bda4-11ef-87d8-02a6845b4b32
2024-12-19 08:56:49 - be.model.user - INFO - 加密密码...
2024-12-19 08:56:49 - be.model.user - INFO - 创建新用户...
2024-12-19 08:56:49 - be.model.user - INFO - 添加用户到数据库...
2024-12-19 08:56:49 - be.model.user - INFO - 用户注册成功：test_password_20aa4448-bda4-11ef-87d8-02a6845b4b32
2024-12-19 08:56:49 - be.view.auth - INFO - 注册处理结果: 200
2024-12-19 08:56:49 - werkzeug - INFO - 127.0.0.1 - - [19/Dec/2024 08:56:49] "POST /auth/register HTTP/1.1" 200 -
2024-12-19 08:56:49 - be.view.auth - INFO - 收到修改密码请求: {'user_id': 'test_password_20aa4448-bda4-11ef-87d8-02a6845b4b32', 'oldPassword': 'old_password_test_password_20aa4448-bda4-11ef-87d8-02a6845b4b32_x', 'newPassword': 'new_password_test_password_20aa4448-bda4-11ef-87d8-02a6845b4b32'}
2024-12-19 08:56:49 - be.model.user - INFO - 尝试修改密码：test_password_20aa4448-bda4-11ef-87d8-02a6845b4b32
2024-12-19 08:56:49 - be.model.user - WARNING - 旧密码错误：test_password_20aa4448-bda4-11ef-87d8-02a6845b4b32
2024-12-19 08:56:49 - be.view.auth - INFO - 修改密码处理结果: 401
2024-12-19 08:56:49 - werkzeug - INFO - 127.0.0.1 - - [19/Dec/2024 08:56:49] "[31m[1mPOST /auth/password HTTP/1.1[0m" 401 -
2024-12-19 08:56:49 - be.view.auth - INFO - 收到登录请求: {'user_id': 'test_password_20aa4448-bda4-11ef-87d8-02a6845b4b32', 'password': 'new_password_test_password_20aa4448-bda4-11ef-87d8-02a6845b4b32', 'terminal': 'terminal_test_password_20aa4448-bda4-11ef-87d8-02a6845b4b32'}
2024-12-19 08:56:49 - be.model.user - INFO - 尝试登录用户：test_password_20aa4448-bda4-11ef-87d8-02a6845b4b32，终端：terminal_test_password_20aa4448-bda4-11ef-87d8-02a6845b4b32
2024-12-19 08:56:49 - be.model.user - WARNING - 密码错误：test_password_20aa4448-bda4-11ef-87d8-02a6845b4b32
2024-12-19 08:56:49 - be.view.auth - INFO - 登录处理结果: 401
2024-12-19 08:56:49 - werkzeug - INFO - 127.0.0.1 - - [19/Dec/2024 08:56:49] "[31m[1mPOST /auth/login HTTP/1.1[0m" 401 -
2024-12-19 08:56:49 - be.view.auth - INFO - 收到注册请求: {'user_id': 'test_password_212278a0-bda4-11ef-87d8-02a6845b4b32', 'password': 'old_password_test_password_212278a0-bda4-11ef-87d8-02a6845b4b32'}
2024-12-19 08:56:49 - be.model.user - INFO - 尝试注册新用户：test_password_212278a0-bda4-11ef-87d8-02a6845b4b32
2024-12-19 08:56:50 - be.model.user - INFO - 加密密码...
2024-12-19 08:56:50 - be.model.user - INFO - 创建新用户...
2024-12-19 08:56:50 - be.model.user - INFO - 添加用户到数据库...
2024-12-19 08:56:50 - be.model.user - INFO - 用户注册成功：test_password_212278a0-bda4-11ef-87d8-02a6845b4b32
2024-12-19 08:56:50 - be.view.auth - INFO - 注册处理结果: 200
2024-12-19 08:56:50 - werkzeug - INFO - 127.0.0.1 - - [19/Dec/2024 08:56:50] "POST /auth/register HTTP/1.1" 200 -
2024-12-19 08:56:50 - be.view.auth - INFO - 收到修改密码请求: {'user_id': 'test_password_212278a0-bda4-11ef-87d8-02a6845b4b32_x', 'oldPassword': 'old_password_test_password_212278a0-bda4-11ef-87d8-02a6845b4b32', 'newPassword': 'new_password_test_password_212278a0-bda4-11ef-87d8-02a6845b4b32'}
2024-12-19 08:56:50 - be.model.user - INFO - 尝试修改密码：test_password_212278a0-bda4-11ef-87d8-02a6845b4b32_x
2024-12-19 08:56:50 - be.model.user - WARNING - 用户不存在：test_password_212278a0-bda4-11ef-87d8-02a6845b4b32_x
2024-12-19 08:56:50 - be.view.auth - INFO - 修改密码处理结果: 401
2024-12-19 08:56:50 - werkzeug - INFO - 127.0.0.1 - - [19/Dec/2024 08:56:50] "[31m[1mPOST /auth/password HTTP/1.1[0m" 401 -
2024-12-19 08:56:50 - be.view.auth - INFO - 收到登录请求: {'user_id': 'test_password_212278a0-bda4-11ef-87d8-02a6845b4b32', 'password': 'new_password_test_password_212278a0-bda4-11ef-87d8-02a6845b4b32', 'terminal': 'terminal_test_password_212278a0-bda4-11ef-87d8-02a6845b4b32'}
2024-12-19 08:56:50 - be.model.user - INFO - 尝试登录用户：test_password_212278a0-bda4-11ef-87d8-02a6845b4b32，终端：terminal_test_password_212278a0-bda4-11ef-87d8-02a6845b4b32
2024-12-19 08:56:50 - be.model.user - WARNING - 密码错误：test_password_212278a0-bda4-11ef-87d8-02a6845b4b32
2024-12-19 08:56:50 - be.view.auth - INFO - 登录处理结果: 401
2024-12-19 08:56:50 - werkzeug - INFO - 127.0.0.1 - - [19/Dec/2024 08:56:50] "[31m[1mPOST /auth/login HTTP/1.1[0m" 401 -
2024-12-19 08:56:50 - be.view.auth - INFO - 收到注册请求: {'user_id': 'test_add_funds_2199f92a-bda4-11ef-87d8-02a6845b4b32', 'password': 'test_add_funds_2199f92a-bda4-11ef-87d8-02a6845b4b32'}
2024-12-19 08:56:50 - be.model.user - INFO - 尝试注册新用户：test_add_funds_2199f92a-bda4-11ef-87d8-02a6845b4b32
2024-12-19 08:56:50 - be.model.user - INFO - 加密密码...
2024-12-19 08:56:50 - be.model.user - INFO - 创建新用户...
2024-12-19 08:56:50 - be.model.user - INFO - 添加用户到数据库...
2024-12-19 08:56:51 - be.model.user - INFO - 用户注册成功：test_add_funds_2199f92a-bda4-11ef-87d8-02a6845b4b32
2024-12-19 08:56:51 - be.view.auth - INFO - 注册处理结果: 200
2024-12-19 08:56:51 - werkzeug - INFO - 127.0.0.1 - - [19/Dec/2024 08:56:51] "POST /auth/register HTTP/1.1" 200 -
2024-12-19 08:56:51 - be.view.auth - INFO - 收到登录请求: {'user_id': 'test_add_funds_2199f92a-bda4-11ef-87d8-02a6845b4b32', 'password': 'test_add_funds_2199f92a-bda4-11ef-87d8-02a6845b4b32', 'terminal': 'my terminal'}
2024-12-19 08:56:51 - be.model.user - INFO - 尝试登录用户：test_add_funds_2199f92a-bda4-11ef-87d8-02a6845b4b32，终端：my terminal
2024-12-19 08:56:51 - be.model.user - INFO - 为用户 test_add_funds_2199f92a-bda4-11ef-87d8-02a6845b4b32 生成新token，终端：my terminal
2024-12-19 08:56:51 - be.model.user - INFO - 用户登录成功：test_add_funds_2199f92a-bda4-11ef-87d8-02a6845b4b32
2024-12-19 08:56:51 - be.view.auth - INFO - 登录处理结果: 200
2024-12-19 08:56:51 - werkzeug - INFO - 127.0.0.1 - - [19/Dec/2024 08:56:51] "POST /auth/login HTTP/1.1" 200 -
2024-12-19 08:56:51 - werkzeug - INFO - 127.0.0.1 - - [19/Dec/2024 08:56:51] "POST /buyer/add_funds HTTP/1.1" 200 -
2024-12-19 08:56:51 - werkzeug - INFO - 127.0.0.1 - - [19/Dec/2024 08:56:51] "POST /buyer/add_funds HTTP/1.1" 200 -
2024-12-19 08:56:51 - be.view.auth - INFO - 收到注册请求: {'user_id': 'test_add_funds_2238fc8c-bda4-11ef-87d8-02a6845b4b32', 'password': 'test_add_funds_2238fc8c-bda4-11ef-87d8-02a6845b4b32'}
2024-12-19 08:56:51 - be.model.user - INFO - 尝试注册新用户：test_add_funds_2238fc8c-bda4-11ef-87d8-02a6845b4b32
2024-12-19 08:56:51 - be.model.user - INFO - 加密密码...
2024-12-19 08:56:51 - be.model.user - INFO - 创建新用户...
2024-12-19 08:56:51 - be.model.user - INFO - 添加用户到数据库...
2024-12-19 08:56:52 - be.model.user - INFO - 用户注册成功：test_add_funds_2238fc8c-bda4-11ef-87d8-02a6845b4b32
2024-12-19 08:56:52 - be.view.auth - INFO - 注册处理结果: 200
2024-12-19 08:56:52 - werkzeug - INFO - 127.0.0.1 - - [19/Dec/2024 08:56:52] "POST /auth/register HTTP/1.1" 200 -
2024-12-19 08:56:52 - be.view.auth - INFO - 收到登录请求: {'user_id': 'test_add_funds_2238fc8c-bda4-11ef-87d8-02a6845b4b32', 'password': 'test_add_funds_2238fc8c-bda4-11ef-87d8-02a6845b4b32', 'terminal': 'my terminal'}
2024-12-19 08:56:52 - be.model.user - INFO - 尝试登录用户：test_add_funds_2238fc8c-bda4-11ef-87d8-02a6845b4b32，终端：my terminal
2024-12-19 08:56:52 - be.model.user - INFO - 为用户 test_add_funds_2238fc8c-bda4-11ef-87d8-02a6845b4b32 生成新token，终端：my terminal
2024-12-19 08:56:52 - be.model.user - INFO - 用户登录成功：test_add_funds_2238fc8c-bda4-11ef-87d8-02a6845b4b32
2024-12-19 08:56:52 - be.view.auth - INFO - 登录处理结果: 200
2024-12-19 08:56:52 - werkzeug - INFO - 127.0.0.1 - - [19/Dec/2024 08:56:52] "POST /auth/login HTTP/1.1" 200 -
2024-12-19 08:56:52 - werkzeug - INFO - 127.0.0.1 - - [19/Dec/2024 08:56:52] "[31m[1mPOST /buyer/add_funds HTTP/1.1[0m" 401 -
2024-12-19 08:56:52 - be.view.auth - INFO - 收到注册请求: {'user_id': 'test_add_funds_22a4c200-bda4-11ef-87d8-02a6845b4b32', 'password': 'test_add_funds_22a4c200-bda4-11ef-87d8-02a6845b4b32'}
2024-12-19 08:56:52 - be.model.user - INFO - 尝试注册新用户：test_add_funds_22a4c200-bda4-11ef-87d8-02a6845b4b32
2024-12-19 08:56:52 - be.model.user - INFO - 加密密码...
2024-12-19 08:56:52 - be.model.user - INFO - 创建新用户...
2024-12-19 08:56:52 - be.model.user - INFO - 添加用户到数据库...
2024-12-19 08:56:53 - be.model.user - INFO - 用户注册成功：test_add_funds_22a4c200-bda4-11ef-87d8-02a6845b4b32
2024-12-19 08:56:53 - be.view.auth - INFO - 注册处理结果: 200
2024-12-19 08:56:53 - werkzeug - INFO - 127.0.0.1 - - [19/Dec/2024 08:56:53] "POST /auth/register HTTP/1.1" 200 -
2024-12-19 08:56:53 - be.view.auth - INFO - 收到登录请求: {'user_id': 'test_add_funds_22a4c200-bda4-11ef-87d8-02a6845b4b32', 'password': 'test_add_funds_22a4c200-bda4-11ef-87d8-02a6845b4b32', 'terminal': 'my terminal'}
2024-12-19 08:56:53 - be.model.user - INFO - 尝试登录用户：test_add_funds_22a4c200-bda4-11ef-87d8-02a6845b4b32，终端：my terminal
2024-12-19 08:56:53 - be.model.user - INFO - 为用户 test_add_funds_22a4c200-bda4-11ef-87d8-02a6845b4b32 生成新token，终端：my terminal
2024-12-19 08:56:53 - be.model.user - INFO - 用户登录成功：test_add_funds_22a4c200-bda4-11ef-87d8-02a6845b4b32
2024-12-19 08:56:53 - be.view.auth - INFO - 登录处理结果: 200
2024-12-19 08:56:53 - werkzeug - INFO - 127.0.0.1 - - [19/Dec/2024 08:56:53] "POST /auth/login HTTP/1.1" 200 -
2024-12-19 08:56:53 - werkzeug - INFO - 127.0.0.1 - - [19/Dec/2024 08:56:53] "[31m[1mPOST /buyer/add_funds HTTP/1.1[0m" 401 -
2024-12-19 08:56:53 - be.view.auth - INFO - 收到注册请求: {'user_id': 'test_create_store_user_2333f09c-bda4-11ef-87d8-02a6845b4b32', 'password': 'test_create_store_user_2333f09c-bda4-11ef-87d8-02a6845b4b32'}
2024-12-19 08:56:53 - be.model.user - INFO - 尝试注册新用户：test_create_store_user_2333f09c-bda4-11ef-87d8-02a6845b4b32
2024-12-19 08:56:53 - be.model.user - INFO - 加密密码...
2024-12-19 08:56:53 - be.model.user - INFO - 创建新用户...
2024-12-19 08:56:53 - be.model.user - INFO - 添加用户到数据库...
2024-12-19 08:56:53 - be.model.user - INFO - 用户注册成功：test_create_store_user_2333f09c-bda4-11ef-87d8-02a6845b4b32
2024-12-19 08:56:53 - be.view.auth - INFO - 注册处理结果: 200
2024-12-19 08:56:53 - werkzeug - INFO - 127.0.0.1 - - [19/Dec/2024 08:56:53] "POST /auth/register HTTP/1.1" 200 -
2024-12-19 08:56:53 - be.view.auth - INFO - 收到登录请求: {'user_id': 'test_create_store_user_2333f09c-bda4-11ef-87d8-02a6845b4b32', 'password': 'test_create_store_user_2333f09c-bda4-11ef-87d8-02a6845b4b32', 'terminal': 'my terminal'}
2024-12-19 08:56:53 - be.model.user - INFO - 尝试登录用户：test_create_store_user_2333f09c-bda4-11ef-87d8-02a6845b4b32，终端：my terminal
2024-12-19 08:56:53 - be.model.user - INFO - 为用户 test_create_store_user_2333f09c-bda4-11ef-87d8-02a6845b4b32 生成新token，终端：my terminal
2024-12-19 08:56:53 - be.model.user - INFO - 用户登录成功：test_create_store_user_2333f09c-bda4-11ef-87d8-02a6845b4b32
2024-12-19 08:56:53 - be.view.auth - INFO - 登录处理结果: 200
2024-12-19 08:56:53 - werkzeug - INFO - 127.0.0.1 - - [19/Dec/2024 08:56:53] "POST /auth/login HTTP/1.1" 200 -
2024-12-19 08:56:54 - werkzeug - INFO - 127.0.0.1 - - [19/Dec/2024 08:56:54] "POST /seller/create_store HTTP/1.1" 200 -
2024-12-19 08:56:54 - be.view.auth - INFO - 收到注册请求: {'user_id': 'test_create_store_user_23bafb46-bda4-11ef-87d8-02a6845b4b32', 'password': 'test_create_store_user_23bafb46-bda4-11ef-87d8-02a6845b4b32'}
2024-12-19 08:56:54 - be.model.user - INFO - 尝试注册新用户：test_create_store_user_23bafb46-bda4-11ef-87d8-02a6845b4b32
2024-12-19 08:56:54 - be.model.user - INFO - 加密密码...
2024-12-19 08:56:54 - be.model.user - INFO - 创建新用户...
2024-12-19 08:56:54 - be.model.user - INFO - 添加用户到数据库...
2024-12-19 08:56:54 - be.model.user - INFO - 用户注册成功：test_create_store_user_23bafb46-bda4-11ef-87d8-02a6845b4b32
2024-12-19 08:56:54 - be.view.auth - INFO - 注册处理结果: 200
2024-12-19 08:56:54 - werkzeug - INFO - 127.0.0.1 - - [19/Dec/2024 08:56:54] "POST /auth/register HTTP/1.1" 200 -
2024-12-19 08:56:54 - be.view.auth - INFO - 收到登录请求: {'user_id': 'test_create_store_user_23bafb46-bda4-11ef-87d8-02a6845b4b32', 'password': 'test_create_store_user_23bafb46-bda4-11ef-87d8-02a6845b4b32', 'terminal': 'my terminal'}
2024-12-19 08:56:54 - be.model.user - INFO - 尝试登录用户：test_create_store_user_23bafb46-bda4-11ef-87d8-02a6845b4b32，终端：my terminal
2024-12-19 08:56:54 - be.model.user - INFO - 为用户 test_create_store_user_23bafb46-bda4-11ef-87d8-02a6845b4b32 生成新token，终端：my terminal
2024-12-19 08:56:54 - be.model.user - INFO - 用户登录成功：test_create_store_user_23bafb46-bda4-11ef-87d8-02a6845b4b32
2024-12-19 08:56:54 - be.view.auth - INFO - 登录处理结果: 200
2024-12-19 08:56:54 - werkzeug - INFO - 127.0.0.1 - - [19/Dec/2024 08:56:54] "POST /auth/login HTTP/1.1" 200 -
2024-12-19 08:56:55 - werkzeug - INFO - 127.0.0.1 - - [19/Dec/2024 08:56:55] "POST /seller/create_store HTTP/1.1" 200 -
2024-12-19 08:56:55 - werkzeug - INFO - 127.0.0.1 - - [19/Dec/2024 08:56:55] "POST /seller/create_store HTTP/1.1" 200 -
2024-12-19 08:56:55 - be.view.auth - INFO - 收到注册请求: {'user_id': 'test_add_books_seller_id_2462a95e-bda4-11ef-87d8-02a6845b4b32', 'password': 'test_add_books_seller_id_2462a95e-bda4-11ef-87d8-02a6845b4b32'}
2024-12-19 08:56:55 - be.model.user - INFO - 尝试注册新用户：test_add_books_seller_id_2462a95e-bda4-11ef-87d8-02a6845b4b32
2024-12-19 08:56:55 - be.model.user - INFO - 加密密码...
2024-12-19 08:56:55 - be.model.user - INFO - 创建新用户...
2024-12-19 08:56:55 - be.model.user - INFO - 添加用户到数据库...
2024-12-19 08:56:56 - be.model.user - INFO - 用户注册成功：test_add_books_seller_id_2462a95e-bda4-11ef-87d8-02a6845b4b32
2024-12-19 08:56:56 - be.view.auth - INFO - 注册处理结果: 200
2024-12-19 08:56:56 - werkzeug - INFO - 127.0.0.1 - - [19/Dec/2024 08:56:56] "POST /auth/register HTTP/1.1" 200 -
2024-12-19 08:56:56 - be.view.auth - INFO - 收到登录请求: {'user_id': 'test_add_books_seller_id_2462a95e-bda4-11ef-87d8-02a6845b4b32', 'password': 'test_add_books_seller_id_2462a95e-bda4-11ef-87d8-02a6845b4b32', 'terminal': 'my terminal'}
2024-12-19 08:56:56 - be.model.user - INFO - 尝试登录用户：test_add_books_seller_id_2462a95e-bda4-11ef-87d8-02a6845b4b32，终端：my terminal
2024-12-19 08:56:56 - be.model.user - INFO - 为用户 test_add_books_seller_id_2462a95e-bda4-11ef-87d8-02a6845b4b32 生成新token，终端：my terminal
2024-12-19 08:56:56 - be.model.user - INFO - 用户登录成功：test_add_books_seller_id_2462a95e-bda4-11ef-87d8-02a6845b4b32
2024-12-19 08:56:56 - be.view.auth - INFO - 登录处理结果: 200
2024-12-19 08:56:56 - werkzeug - INFO - 127.0.0.1 - - [19/Dec/2024 08:56:56] "POST /auth/login HTTP/1.1" 200 -
2024-12-19 08:56:56 - werkzeug - INFO - 127.0.0.1 - - [19/Dec/2024 08:56:56] "POST /seller/create_store HTTP/1.1" 200 -
2024-12-19 08:56:57 - werkzeug - INFO - 127.0.0.1 - - [19/Dec/2024 08:56:57] "POST /seller/add_book HTTP/1.1" 200 -
2024-12-19 08:56:57 - werkzeug - INFO - 127.0.0.1 - - [19/Dec/2024 08:56:57] "POST /seller/add_book HTTP/1.1" 200 -
2024-12-19 08:56:57 - be.view.auth - INFO - 收到注册请求: {'user_id': 'test_add_books_seller_id_257d3642-bda4-11ef-87d8-02a6845b4b32', 'password': 'test_add_books_seller_id_257d3642-bda4-11ef-87d8-02a6845b4b32'}
2024-12-19 08:56:57 - be.model.user - INFO - 尝试注册新用户：test_add_books_seller_id_257d3642-bda4-11ef-87d8-02a6845b4b32
2024-12-19 08:56:57 - be.model.user - INFO - 加密密码...
2024-12-19 08:56:57 - be.model.user - INFO - 创建新用户...
2024-12-19 08:56:57 - be.model.user - INFO - 添加用户到数据库...
2024-12-19 08:56:57 - be.model.user - INFO - 用户注册成功：test_add_books_seller_id_257d3642-bda4-11ef-87d8-02a6845b4b32
2024-12-19 08:56:57 - be.view.auth - INFO - 注册处理结果: 200
2024-12-19 08:56:57 - werkzeug - INFO - 127.0.0.1 - - [19/Dec/2024 08:56:57] "POST /auth/register HTTP/1.1" 200 -
2024-12-19 08:56:57 - be.view.auth - INFO - 收到登录请求: {'user_id': 'test_add_books_seller_id_257d3642-bda4-11ef-87d8-02a6845b4b32', 'password': 'test_add_books_seller_id_257d3642-bda4-11ef-87d8-02a6845b4b32', 'terminal': 'my terminal'}
2024-12-19 08:56:57 - be.model.user - INFO - 尝试登录用户：test_add_books_seller_id_257d3642-bda4-11ef-87d8-02a6845b4b32，终端：my terminal
2024-12-19 08:56:57 - be.model.user - INFO - 为用户 test_add_books_seller_id_257d3642-bda4-11ef-87d8-02a6845b4b32 生成新token，终端：my terminal
2024-12-19 08:56:57 - be.model.user - INFO - 用户登录成功：test_add_books_seller_id_257d3642-bda4-11ef-87d8-02a6845b4b32
2024-12-19 08:56:57 - be.view.auth - INFO - 登录处理结果: 200
2024-12-19 08:56:57 - werkzeug - INFO - 127.0.0.1 - - [19/Dec/2024 08:56:57] "POST /auth/login HTTP/1.1" 200 -
2024-12-19 08:56:57 - werkzeug - INFO - 127.0.0.1 - - [19/Dec/2024 08:56:57] "POST /seller/create_store HTTP/1.1" 200 -
2024-12-19 08:56:58 - werkzeug - INFO - 127.0.0.1 - - [19/Dec/2024 08:56:58] "POST /seller/add_book HTTP/1.1" 200 -
2024-12-19 08:56:58 - be.view.auth - INFO - 收到注册请求: {'user_id': 'test_add_books_seller_id_267fea08-bda4-11ef-87d8-02a6845b4b32', 'password': 'test_add_books_seller_id_267fea08-bda4-11ef-87d8-02a6845b4b32'}
2024-12-19 08:56:58 - be.model.user - INFO - 尝试注册新用户：test_add_books_seller_id_267fea08-bda4-11ef-87d8-02a6845b4b32
2024-12-19 08:56:59 - be.model.user - INFO - 加密密码...
2024-12-19 08:56:59 - be.model.user - INFO - 创建新用户...
2024-12-19 08:56:59 - be.model.user - INFO - 添加用户到数据库...
2024-12-19 08:56:59 - be.model.user - INFO - 用户注册成功：test_add_books_seller_id_267fea08-bda4-11ef-87d8-02a6845b4b32
2024-12-19 08:56:59 - be.view.auth - INFO - 注册处理结果: 200
2024-12-19 08:56:59 - werkzeug - INFO - 127.0.0.1 - - [19/Dec/2024 08:56:59] "POST /auth/register HTTP/1.1" 200 -
2024-12-19 08:56:59 - be.view.auth - INFO - 收到登录请求: {'user_id': 'test_add_books_seller_id_267fea08-bda4-11ef-87d8-02a6845b4b32', 'password': 'test_add_books_seller_id_267fea08-bda4-11ef-87d8-02a6845b4b32', 'terminal': 'my terminal'}
2024-12-19 08:56:59 - be.model.user - INFO - 尝试登录用户：test_add_books_seller_id_267fea08-bda4-11ef-87d8-02a6845b4b32，终端：my terminal
2024-12-19 08:56:59 - be.model.user - INFO - 为用户 test_add_books_seller_id_267fea08-bda4-11ef-87d8-02a6845b4b32 生成新token，终端：my terminal
2024-12-19 08:56:59 - be.model.user - INFO - 用户登录成功：test_add_books_seller_id_267fea08-bda4-11ef-87d8-02a6845b4b32
2024-12-19 08:56:59 - be.view.auth - INFO - 登录处理结果: 200
2024-12-19 08:56:59 - werkzeug - INFO - 127.0.0.1 - - [19/Dec/2024 08:56:59] "POST /auth/login HTTP/1.1" 200 -
2024-12-19 08:56:59 - werkzeug - INFO - 127.0.0.1 - - [19/Dec/2024 08:56:59] "POST /seller/create_store HTTP/1.1" 200 -
2024-12-19 08:57:00 - werkzeug - INFO - 127.0.0.1 - - [19/Dec/2024 08:57:00] "POST /seller/add_book HTTP/1.1" 200 -
2024-12-19 08:57:00 - werkzeug - INFO - 127.0.0.1 - - [19/Dec/2024 08:57:00] "POST /seller/add_book HTTP/1.1" 200 -
2024-12-19 08:57:00 - werkzeug - INFO - 127.0.0.1 - - [19/Dec/2024 08:57:00] "POST /seller/add_book HTTP/1.1" 200 -
2024-12-19 08:57:00 - be.view.auth - INFO - 收到注册请求: {'user_id': 'test_add_books_seller_id_27898b66-bda4-11ef-87d8-02a6845b4b32', 'password': 'test_add_books_seller_id_27898b66-bda4-11ef-87d8-02a6845b4b32'}
2024-12-19 08:57:00 - be.model.user - INFO - 尝试注册新用户：test_add_books_seller_id_27898b66-bda4-11ef-87d8-02a6845b4b32
2024-12-19 08:57:00 - be.model.user - INFO - 加密密码...
2024-12-19 08:57:00 - be.model.user - INFO - 创建新用户...
2024-12-19 08:57:00 - be.model.user - INFO - 添加用户到数据库...
2024-12-19 08:57:01 - be.model.user - INFO - 用户注册成功：test_add_books_seller_id_27898b66-bda4-11ef-87d8-02a6845b4b32
2024-12-19 08:57:01 - be.view.auth - INFO - 注册处理结果: 200
2024-12-19 08:57:01 - werkzeug - INFO - 127.0.0.1 - - [19/Dec/2024 08:57:01] "POST /auth/register HTTP/1.1" 200 -
2024-12-19 08:57:01 - be.view.auth - INFO - 收到登录请求: {'user_id': 'test_add_books_seller_id_27898b66-bda4-11ef-87d8-02a6845b4b32', 'password': 'test_add_books_seller_id_27898b66-bda4-11ef-87d8-02a6845b4b32', 'terminal': 'my terminal'}
2024-12-19 08:57:01 - be.model.user - INFO - 尝试登录用户：test_add_books_seller_id_27898b66-bda4-11ef-87d8-02a6845b4b32，终端：my terminal
2024-12-19 08:57:01 - be.model.user - INFO - 为用户 test_add_books_seller_id_27898b66-bda4-11ef-87d8-02a6845b4b32 生成新token，终端：my terminal
2024-12-19 08:57:01 - be.model.user - INFO - 用户登录成功：test_add_books_seller_id_27898b66-bda4-11ef-87d8-02a6845b4b32
2024-12-19 08:57:01 - be.view.auth - INFO - 登录处理结果: 200
2024-12-19 08:57:01 - werkzeug - INFO - 127.0.0.1 - - [19/Dec/2024 08:57:01] "POST /auth/login HTTP/1.1" 200 -
2024-12-19 08:57:01 - werkzeug - INFO - 127.0.0.1 - - [19/Dec/2024 08:57:01] "POST /seller/create_store HTTP/1.1" 200 -
2024-12-19 08:57:02 - werkzeug - INFO - 127.0.0.1 - - [19/Dec/2024 08:57:02] "POST /seller/add_book HTTP/1.1" 200 -
2024-12-19 08:57:02 - be.view.auth - INFO - 收到注册请求: {'user_id': 'test_add_book_stock_level1_user_287d36b2-bda4-11ef-87d8-02a6845b4b32', 'password': 'test_add_book_stock_level1_user_287d36b2-bda4-11ef-87d8-02a6845b4b32'}
2024-12-19 08:57:02 - be.model.user - INFO - 尝试注册新用户：test_add_book_stock_level1_user_287d36b2-bda4-11ef-87d8-02a6845b4b32
2024-12-19 08:57:02 - be.model.user - INFO - 加密密码...
2024-12-19 08:57:02 - be.model.user - INFO - 创建新用户...
2024-12-19 08:57:02 - be.model.user - INFO - 添加用户到数据库...
2024-12-19 08:57:02 - be.model.user - INFO - 用户注册成功：test_add_book_stock_level1_user_287d36b2-bda4-11ef-87d8-02a6845b4b32
2024-12-19 08:57:02 - be.view.auth - INFO - 注册处理结果: 200
2024-12-19 08:57:02 - werkzeug - INFO - 127.0.0.1 - - [19/Dec/2024 08:57:02] "POST /auth/register HTTP/1.1" 200 -
2024-12-19 08:57:02 - be.view.auth - INFO - 收到登录请求: {'user_id': 'test_add_book_stock_level1_user_287d36b2-bda4-11ef-87d8-02a6845b4b32', 'password': 'test_add_book_stock_level1_user_287d36b2-bda4-11ef-87d8-02a6845b4b32', 'terminal': 'my terminal'}
2024-12-19 08:57:02 - be.model.user - INFO - 尝试登录用户：test_add_book_stock_level1_user_287d36b2-bda4-11ef-87d8-02a6845b4b32，终端：my terminal
2024-12-19 08:57:02 - be.model.user - INFO - 为用户 test_add_book_stock_level1_user_287d36b2-bda4-11ef-87d8-02a6845b4b32 生成新token，终端：my terminal
2024-12-19 08:57:02 - be.model.user - INFO - 用户登录成功：test_add_book_stock_level1_user_287d36b2-bda4-11ef-87d8-02a6845b4b32
2024-12-19 08:57:02 - be.view.auth - INFO - 登录处理结果: 200
2024-12-19 08:57:02 - werkzeug - INFO - 127.0.0.1 - - [19/Dec/2024 08:57:02] "POST /auth/login HTTP/1.1" 200 -
2024-12-19 08:57:02 - werkzeug - INFO - 127.0.0.1 - - [19/Dec/2024 08:57:02] "POST /seller/create_store HTTP/1.1" 200 -
2024-12-19 08:57:04 - werkzeug - INFO - 127.0.0.1 - - [19/Dec/2024 08:57:04] "POST /seller/add_book HTTP/1.1" 200 -
2024-12-19 08:57:04 - werkzeug - INFO - 127.0.0.1 - - [19/Dec/2024 08:57:04] "POST /seller/add_book HTTP/1.1" 200 -
2024-12-19 08:57:04 - werkzeug - INFO - 127.0.0.1 - - [19/Dec/2024 08:57:04] "POST /seller/add_book HTTP/1.1" 200 -
2024-12-19 08:57:04 - werkzeug - INFO - 127.0.0.1 - - [19/Dec/2024 08:57:04] "POST /seller/add_book HTTP/1.1" 200 -
2024-12-19 08:57:04 - werkzeug - INFO - 127.0.0.1 - - [19/Dec/2024 08:57:04] "POST /seller/add_book HTTP/1.1" 200 -
2024-12-19 08:57:04 - werkzeug - INFO - 127.0.0.1 - - [19/Dec/2024 08:57:04] "POST /seller/add_stock_level HTTP/1.1" 200 -
2024-12-19 08:57:04 - be.view.auth - INFO - 收到注册请求: {'user_id': 'test_add_book_stock_level1_user_29b8b39e-bda4-11ef-87d8-02a6845b4b32', 'password': 'test_add_book_stock_level1_user_29b8b39e-bda4-11ef-87d8-02a6845b4b32'}
2024-12-19 08:57:04 - be.model.user - INFO - 尝试注册新用户：test_add_book_stock_level1_user_29b8b39e-bda4-11ef-87d8-02a6845b4b32
2024-12-19 08:57:04 - be.model.user - INFO - 加密密码...
2024-12-19 08:57:04 - be.model.user - INFO - 创建新用户...
2024-12-19 08:57:04 - be.model.user - INFO - 添加用户到数据库...
2024-12-19 08:57:04 - be.model.user - INFO - 用户注册成功：test_add_book_stock_level1_user_29b8b39e-bda4-11ef-87d8-02a6845b4b32
2024-12-19 08:57:04 - be.view.auth - INFO - 注册处理结果: 200
2024-12-19 08:57:04 - werkzeug - INFO - 127.0.0.1 - - [19/Dec/2024 08:57:04] "POST /auth/register HTTP/1.1" 200 -
2024-12-19 08:57:04 - be.view.auth - INFO - 收到登录请求: {'user_id': 'test_add_book_stock_level1_user_29b8b39e-bda4-11ef-87d8-02a6845b4b32', 'password': 'test_add_book_stock_level1_user_29b8b39e-bda4-11ef-87d8-02a6845b4b32', 'terminal': 'my terminal'}
2024-12-19 08:57:04 - be.model.user - INFO - 尝试登录用户：test_add_book_stock_level1_user_29b8b39e-bda4-11ef-87d8-02a6845b4b32，终端：my terminal
2024-12-19 08:57:04 - be.model.user - INFO - 为用户 test_add_book_stock_level1_user_29b8b39e-bda4-11ef-87d8-02a6845b4b32 生成新token，终端：my terminal
2024-12-19 08:57:04 - be.model.user - INFO - 用户登录成功：test_add_book_stock_level1_user_29b8b39e-bda4-11ef-87d8-02a6845b4b32
2024-12-19 08:57:04 - be.view.auth - INFO - 登录处理结果: 200
2024-12-19 08:57:04 - werkzeug - INFO - 127.0.0.1 - - [19/Dec/2024 08:57:04] "POST /auth/login HTTP/1.1" 200 -
2024-12-19 08:57:05 - werkzeug - INFO - 127.0.0.1 - - [19/Dec/2024 08:57:05] "POST /seller/create_store HTTP/1.1" 200 -
2024-12-19 08:57:06 - werkzeug - INFO - 127.0.0.1 - - [19/Dec/2024 08:57:06] "POST /seller/add_book HTTP/1.1" 200 -
2024-12-19 08:57:06 - werkzeug - INFO - 127.0.0.1 - - [19/Dec/2024 08:57:06] "POST /seller/add_book HTTP/1.1" 200 -
2024-12-19 08:57:06 - werkzeug - INFO - 127.0.0.1 - - [19/Dec/2024 08:57:06] "POST /seller/add_book HTTP/1.1" 200 -
2024-12-19 08:57:06 - werkzeug - INFO - 127.0.0.1 - - [19/Dec/2024 08:57:06] "POST /seller/add_book HTTP/1.1" 200 -
2024-12-19 08:57:06 - werkzeug - INFO - 127.0.0.1 - - [19/Dec/2024 08:57:06] "POST /seller/add_book HTTP/1.1" 200 -
2024-12-19 08:57:06 - werkzeug - INFO - 127.0.0.1 - - [19/Dec/2024 08:57:06] "POST /seller/add_stock_level HTTP/1.1" 200 -
2024-12-19 08:57:06 - be.view.auth - INFO - 收到注册请求: {'user_id': 'test_add_book_stock_level1_user_2aecc8a4-bda4-11ef-87d8-02a6845b4b32', 'password': 'test_add_book_stock_level1_user_2aecc8a4-bda4-11ef-87d8-02a6845b4b32'}
2024-12-19 08:57:06 - be.model.user - INFO - 尝试注册新用户：test_add_book_stock_level1_user_2aecc8a4-bda4-11ef-87d8-02a6845b4b32
2024-12-19 08:57:06 - be.model.user - INFO - 加密密码...
2024-12-19 08:57:06 - be.model.user - INFO - 创建新用户...
2024-12-19 08:57:06 - be.model.user - INFO - 添加用户到数据库...
2024-12-19 08:57:06 - be.model.user - INFO - 用户注册成功：test_add_book_stock_level1_user_2aecc8a4-bda4-11ef-87d8-02a6845b4b32
2024-12-19 08:57:06 - be.view.auth - INFO - 注册处理结果: 200
2024-12-19 08:57:06 - werkzeug - INFO - 127.0.0.1 - - [19/Dec/2024 08:57:06] "POST /auth/register HTTP/1.1" 200 -
2024-12-19 08:57:06 - be.view.auth - INFO - 收到登录请求: {'user_id': 'test_add_book_stock_level1_user_2aecc8a4-bda4-11ef-87d8-02a6845b4b32', 'password': 'test_add_book_stock_level1_user_2aecc8a4-bda4-11ef-87d8-02a6845b4b32', 'terminal': 'my terminal'}
2024-12-19 08:57:06 - be.model.user - INFO - 尝试登录用户：test_add_book_stock_level1_user_2aecc8a4-bda4-11ef-87d8-02a6845b4b32，终端：my terminal
2024-12-19 08:57:06 - be.model.user - INFO - 为用户 test_add_book_stock_level1_user_2aecc8a4-bda4-11ef-87d8-02a6845b4b32 生成新token，终端：my terminal
2024-12-19 08:57:06 - be.model.user - INFO - 用户登录成功：test_add_book_stock_level1_user_2aecc8a4-bda4-11ef-87d8-02a6845b4b32
2024-12-19 08:57:06 - be.view.auth - INFO - 登录处理结果: 200
2024-12-19 08:57:06 - werkzeug - INFO - 127.0.0.1 - - [19/Dec/2024 08:57:06] "POST /auth/login HTTP/1.1" 200 -
2024-12-19 08:57:07 - werkzeug - INFO - 127.0.0.1 - - [19/Dec/2024 08:57:07] "POST /seller/create_store HTTP/1.1" 200 -
2024-12-19 08:57:08 - werkzeug - INFO - 127.0.0.1 - - [19/Dec/2024 08:57:08] "POST /seller/add_book HTTP/1.1" 200 -
2024-12-19 08:57:08 - werkzeug - INFO - 127.0.0.1 - - [19/Dec/2024 08:57:08] "POST /seller/add_book HTTP/1.1" 200 -
2024-12-19 08:57:08 - werkzeug - INFO - 127.0.0.1 - - [19/Dec/2024 08:57:08] "POST /seller/add_book HTTP/1.1" 200 -
2024-12-19 08:57:08 - werkzeug - INFO - 127.0.0.1 - - [19/Dec/2024 08:57:08] "POST /seller/add_book HTTP/1.1" 200 -
2024-12-19 08:57:08 - werkzeug - INFO - 127.0.0.1 - - [19/Dec/2024 08:57:08] "POST /seller/add_book HTTP/1.1" 200 -
2024-12-19 08:57:08 - werkzeug - INFO - 127.0.0.1 - - [19/Dec/2024 08:57:08] "POST /seller/add_stock_level HTTP/1.1" 200 -
2024-12-19 08:57:08 - be.view.auth - INFO - 收到注册请求: {'user_id': 'test_add_book_stock_level1_user_2c275784-bda4-11ef-87d8-02a6845b4b32', 'password': 'test_add_book_stock_level1_user_2c275784-bda4-11ef-87d8-02a6845b4b32'}
2024-12-19 08:57:08 - be.model.user - INFO - 尝试注册新用户：test_add_book_stock_level1_user_2c275784-bda4-11ef-87d8-02a6845b4b32
2024-12-19 08:57:08 - be.model.user - INFO - 加密密码...
2024-12-19 08:57:08 - be.model.user - INFO - 创建新用户...
2024-12-19 08:57:08 - be.model.user - INFO - 添加用户到数据库...
2024-12-19 08:57:08 - be.model.user - INFO - 用户注册成功：test_add_book_stock_level1_user_2c275784-bda4-11ef-87d8-02a6845b4b32
2024-12-19 08:57:08 - be.view.auth - INFO - 注册处理结果: 200
2024-12-19 08:57:08 - werkzeug - INFO - 127.0.0.1 - - [19/Dec/2024 08:57:08] "POST /auth/register HTTP/1.1" 200 -
2024-12-19 08:57:08 - be.view.auth - INFO - 收到登录请求: {'user_id': 'test_add_book_stock_level1_user_2c275784-bda4-11ef-87d8-02a6845b4b32', 'password': 'test_add_book_stock_level1_user_2c275784-bda4-11ef-87d8-02a6845b4b32', 'terminal': 'my terminal'}
2024-12-19 08:57:08 - be.model.user - INFO - 尝试登录用户：test_add_book_stock_level1_user_2c275784-bda4-11ef-87d8-02a6845b4b32，终端：my terminal
2024-12-19 08:57:08 - be.model.user - INFO - 为用户 test_add_book_stock_level1_user_2c275784-bda4-11ef-87d8-02a6845b4b32 生成新token，终端：my terminal
2024-12-19 08:57:08 - be.model.user - INFO - 用户登录成功：test_add_book_stock_level1_user_2c275784-bda4-11ef-87d8-02a6845b4b32
2024-12-19 08:57:09 - be.view.auth - INFO - 登录处理结果: 200
2024-12-19 08:57:09 - werkzeug - INFO - 127.0.0.1 - - [19/Dec/2024 08:57:09] "POST /auth/login HTTP/1.1" 200 -
2024-12-19 08:57:09 - werkzeug - INFO - 127.0.0.1 - - [19/Dec/2024 08:57:09] "POST /seller/create_store HTTP/1.1" 200 -
2024-12-19 08:57:10 - werkzeug - INFO - 127.0.0.1 - - [19/Dec/2024 08:57:10] "POST /seller/add_book HTTP/1.1" 200 -
2024-12-19 08:57:10 - werkzeug - INFO - 127.0.0.1 - - [19/Dec/2024 08:57:10] "POST /seller/add_book HTTP/1.1" 200 -
2024-12-19 08:57:10 - werkzeug - INFO - 127.0.0.1 - - [19/Dec/2024 08:57:10] "POST /seller/add_book HTTP/1.1" 200 -
2024-12-19 08:57:10 - werkzeug - INFO - 127.0.0.1 - - [19/Dec/2024 08:57:10] "POST /seller/add_book HTTP/1.1" 200 -
2024-12-19 08:57:10 - werkzeug - INFO - 127.0.0.1 - - [19/Dec/2024 08:57:10] "POST /seller/add_book HTTP/1.1" 200 -
2024-12-19 08:57:10 - werkzeug - INFO - 127.0.0.1 - - [19/Dec/2024 08:57:10] "POST /seller/add_stock_level HTTP/1.1" 200 -
2024-12-19 08:57:10 - werkzeug - INFO - 127.0.0.1 - - [19/Dec/2024 08:57:10] "POST /seller/add_stock_level HTTP/1.1" 200 -
2024-12-19 08:57:10 - werkzeug - INFO - 127.0.0.1 - - [19/Dec/2024 08:57:10] "POST /seller/add_stock_level HTTP/1.1" 200 -
2024-12-19 08:57:10 - werkzeug - INFO - 127.0.0.1 - - [19/Dec/2024 08:57:10] "POST /seller/add_stock_level HTTP/1.1" 200 -
2024-12-19 08:57:10 - werkzeug - INFO - 127.0.0.1 - - [19/Dec/2024 08:57:10] "POST /seller/add_stock_level HTTP/1.1" 200 -
2024-12-19 08:57:10 - be.view.auth - INFO - 收到注册请求: {'user_id': 'test_new_order_buyer_id_2d76cfca-bda4-11ef-87d8-02a6845b4b32', 'password': 'test_new_order_seller_id_2d76ce94-bda4-11ef-87d8-02a6845b4b32'}
2024-12-19 08:57:10 - be.model.user - INFO - 尝试注册新用户：test_new_order_buyer_id_2d76cfca-bda4-11ef-87d8-02a6845b4b32
2024-12-19 08:57:10 - be.model.user - INFO - 加密密码...
2024-12-19 08:57:10 - be.model.user - INFO - 创建新用户...
2024-12-19 08:57:10 - be.model.user - INFO - 添加用户到数据库...
2024-12-19 08:57:10 - be.model.user - INFO - 用户注册成功：test_new_order_buyer_id_2d76cfca-bda4-11ef-87d8-02a6845b4b32
2024-12-19 08:57:10 - be.view.auth - INFO - 注册处理结果: 200
2024-12-19 08:57:10 - werkzeug - INFO - 127.0.0.1 - - [19/Dec/2024 08:57:10] "POST /auth/register HTTP/1.1" 200 -
2024-12-19 08:57:10 - be.view.auth - INFO - 收到登录请求: {'user_id': 'test_new_order_buyer_id_2d76cfca-bda4-11ef-87d8-02a6845b4b32', 'password': 'test_new_order_seller_id_2d76ce94-bda4-11ef-87d8-02a6845b4b32', 'terminal': 'my terminal'}
2024-12-19 08:57:10 - be.model.user - INFO - 尝试登录用户：test_new_order_buyer_id_2d76cfca-bda4-11ef-87d8-02a6845b4b32，终端：my terminal
2024-12-19 08:57:11 - be.model.user - INFO - 为用户 test_new_order_buyer_id_2d76cfca-bda4-11ef-87d8-02a6845b4b32 生成新token，终端：my terminal
2024-12-19 08:57:11 - be.model.user - INFO - 用户登录成功：test_new_order_buyer_id_2d76cfca-bda4-11ef-87d8-02a6845b4b32
2024-12-19 08:57:11 - be.view.auth - INFO - 登录处理结果: 200
2024-12-19 08:57:11 - werkzeug - INFO - 127.0.0.1 - - [19/Dec/2024 08:57:11] "POST /auth/login HTTP/1.1" 200 -
2024-12-19 08:57:11 - be.view.auth - INFO - 收到注册请求: {'user_id': 'test_new_order_seller_id_2d76ce94-bda4-11ef-87d8-02a6845b4b32', 'password': 'test_new_order_seller_id_2d76ce94-bda4-11ef-87d8-02a6845b4b32'}
2024-12-19 08:57:11 - be.model.user - INFO - 尝试注册新用户：test_new_order_seller_id_2d76ce94-bda4-11ef-87d8-02a6845b4b32
2024-12-19 08:57:11 - be.model.user - INFO - 加密密码...
2024-12-19 08:57:11 - be.model.user - INFO - 创建新用户...
2024-12-19 08:57:11 - be.model.user - INFO - 添加用户到数据库...
2024-12-19 08:57:11 - be.model.user - INFO - 用户注册成功：test_new_order_seller_id_2d76ce94-bda4-11ef-87d8-02a6845b4b32
2024-12-19 08:57:11 - be.view.auth - INFO - 注册处理结果: 200
2024-12-19 08:57:11 - werkzeug - INFO - 127.0.0.1 - - [19/Dec/2024 08:57:11] "POST /auth/register HTTP/1.1" 200 -
2024-12-19 08:57:11 - be.view.auth - INFO - 收到登录请求: {'user_id': 'test_new_order_seller_id_2d76ce94-bda4-11ef-87d8-02a6845b4b32', 'password': 'test_new_order_seller_id_2d76ce94-bda4-11ef-87d8-02a6845b4b32', 'terminal': 'my terminal'}
2024-12-19 08:57:11 - be.model.user - INFO - 尝试登录用户：test_new_order_seller_id_2d76ce94-bda4-11ef-87d8-02a6845b4b32，终端：my terminal
2024-12-19 08:57:11 - be.model.user - INFO - 为用户 test_new_order_seller_id_2d76ce94-bda4-11ef-87d8-02a6845b4b32 生成新token，终端：my terminal
2024-12-19 08:57:11 - be.model.user - INFO - 用户登录成功：test_new_order_seller_id_2d76ce94-bda4-11ef-87d8-02a6845b4b32
2024-12-19 08:57:11 - be.view.auth - INFO - 登录处理结果: 200
2024-12-19 08:57:11 - werkzeug - INFO - 127.0.0.1 - - [19/Dec/2024 08:57:11] "POST /auth/login HTTP/1.1" 200 -
2024-12-19 08:57:11 - werkzeug - INFO - 127.0.0.1 - - [19/Dec/2024 08:57:11] "POST /seller/create_store HTTP/1.1" 200 -
2024-12-19 08:57:14 - werkzeug - INFO - 127.0.0.1 - - [19/Dec/2024 08:57:14] "POST /seller/add_book HTTP/1.1" 200 -
2024-12-19 08:57:14 - werkzeug - INFO - 127.0.0.1 - - [19/Dec/2024 08:57:14] "POST /seller/add_book HTTP/1.1" 200 -
2024-12-19 08:57:14 - werkzeug - INFO - 127.0.0.1 - - [19/Dec/2024 08:57:14] "POST /seller/add_book HTTP/1.1" 200 -
2024-12-19 08:57:14 - werkzeug - INFO - 127.0.0.1 - - [19/Dec/2024 08:57:14] "POST /seller/add_book HTTP/1.1" 200 -
2024-12-19 08:57:14 - werkzeug - INFO - 127.0.0.1 - - [19/Dec/2024 08:57:14] "POST /seller/add_book HTTP/1.1" 200 -
2024-12-19 08:57:14 - werkzeug - INFO - 127.0.0.1 - - [19/Dec/2024 08:57:14] "POST /seller/add_book HTTP/1.1" 200 -
2024-12-19 08:57:14 - werkzeug - INFO - 127.0.0.1 - - [19/Dec/2024 08:57:14] "POST /seller/add_book HTTP/1.1" 200 -
2024-12-19 08:57:14 - werkzeug - INFO - 127.0.0.1 - - [19/Dec/2024 08:57:14] "POST /seller/add_book HTTP/1.1" 200 -
2024-12-19 08:57:14 - werkzeug - INFO - 127.0.0.1 - - [19/Dec/2024 08:57:14] "POST /seller/add_book HTTP/1.1" 200 -
2024-12-19 08:57:14 - werkzeug - INFO - 127.0.0.1 - - [19/Dec/2024 08:57:14] "POST /seller/add_book HTTP/1.1" 200 -
2024-12-19 08:57:14 - werkzeug - INFO - 127.0.0.1 - - [19/Dec/2024 08:57:14] "POST /seller/add_book HTTP/1.1" 200 -
2024-12-19 08:57:14 - werkzeug - INFO - 127.0.0.1 - - [19/Dec/2024 08:57:14] "POST /seller/add_book HTTP/1.1" 200 -
2024-12-19 08:57:14 - werkzeug - INFO - 127.0.0.1 - - [19/Dec/2024 08:57:14] "POST /seller/add_book HTTP/1.1" 200 -
2024-12-19 08:57:15 - werkzeug - INFO - 127.0.0.1 - - [19/Dec/2024 08:57:15] "POST /seller/add_book HTTP/1.1" 200 -
2024-12-19 08:57:15 - werkzeug - INFO - 127.0.0.1 - - [19/Dec/2024 08:57:15] "POST /seller/add_book HTTP/1.1" 200 -
2024-12-19 08:57:15 - werkzeug - INFO - 127.0.0.1 - - [19/Dec/2024 08:57:15] "POST /seller/add_book HTTP/1.1" 200 -
2024-12-19 08:57:15 - werkzeug - INFO - 127.0.0.1 - - [19/Dec/2024 08:57:15] "POST /seller/add_book HTTP/1.1" 200 -
2024-12-19 08:57:15 - werkzeug - INFO - 127.0.0.1 - - [19/Dec/2024 08:57:15] "POST /seller/add_book HTTP/1.1" 200 -
2024-12-19 08:57:15 - werkzeug - INFO - 127.0.0.1 - - [19/Dec/2024 08:57:15] "POST /seller/add_book HTTP/1.1" 200 -
2024-12-19 08:57:15 - werkzeug - INFO - 127.0.0.1 - - [19/Dec/2024 08:57:15] "POST /seller/add_book HTTP/1.1" 200 -
2024-12-19 08:57:15 - werkzeug - INFO - 127.0.0.1 - - [19/Dec/2024 08:57:15] "POST /seller/add_book HTTP/1.1" 200 -
2024-12-19 08:57:15 - werkzeug - INFO - 127.0.0.1 - - [19/Dec/2024 08:57:15] "POST /seller/add_book HTTP/1.1" 200 -
2024-12-19 08:57:15 - werkzeug - INFO - 127.0.0.1 - - [19/Dec/2024 08:57:15] "POST /seller/add_book HTTP/1.1" 200 -
2024-12-19 08:57:15 - werkzeug - INFO - 127.0.0.1 - - [19/Dec/2024 08:57:15] "POST /seller/add_book HTTP/1.1" 200 -
2024-12-19 08:57:15 - werkzeug - INFO - 127.0.0.1 - - [19/Dec/2024 08:57:15] "POST /seller/add_book HTTP/1.1" 200 -
2024-12-19 08:57:15 - werkzeug - INFO - 127.0.0.1 - - [19/Dec/2024 08:57:15] "POST /seller/add_book HTTP/1.1" 200 -
2024-12-19 08:57:15 - werkzeug - INFO - 127.0.0.1 - - [19/Dec/2024 08:57:15] "POST /seller/add_book HTTP/1.1" 200 -
2024-12-19 08:57:15 - werkzeug - INFO - 127.0.0.1 - - [19/Dec/2024 08:57:15] "POST /seller/add_book HTTP/1.1" 200 -
2024-12-19 08:57:15 - werkzeug - INFO - 127.0.0.1 - - [19/Dec/2024 08:57:15] "POST /seller/add_book HTTP/1.1" 200 -
2024-12-19 08:57:16 - werkzeug - INFO - 127.0.0.1 - - [19/Dec/2024 08:57:16] "POST /seller/add_book HTTP/1.1" 200 -
2024-12-19 08:57:16 - werkzeug - INFO - 127.0.0.1 - - [19/Dec/2024 08:57:16] "POST /seller/add_book HTTP/1.1" 200 -
2024-12-19 08:57:16 - werkzeug - INFO - 127.0.0.1 - - [19/Dec/2024 08:57:16] "POST /seller/add_book HTTP/1.1" 200 -
2024-12-19 08:57:16 - werkzeug - INFO - 127.0.0.1 - - [19/Dec/2024 08:57:16] "POST /seller/add_book HTTP/1.1" 200 -
2024-12-19 08:57:16 - werkzeug - INFO - 127.0.0.1 - - [19/Dec/2024 08:57:16] "POST /seller/add_book HTTP/1.1" 200 -
2024-12-19 08:57:16 - werkzeug - INFO - 127.0.0.1 - - [19/Dec/2024 08:57:16] "POST /seller/add_book HTTP/1.1" 200 -
2024-12-19 08:57:16 - werkzeug - INFO - 127.0.0.1 - - [19/Dec/2024 08:57:16] "POST /seller/add_book HTTP/1.1" 200 -
2024-12-19 08:57:16 - werkzeug - INFO - 127.0.0.1 - - [19/Dec/2024 08:57:16] "POST /seller/add_book HTTP/1.1" 200 -
2024-12-19 08:57:16 - werkzeug - INFO - 127.0.0.1 - - [19/Dec/2024 08:57:16] "POST /seller/add_book HTTP/1.1" 200 -
2024-12-19 08:57:16 - werkzeug - INFO - 127.0.0.1 - - [19/Dec/2024 08:57:16] "POST /seller/add_book HTTP/1.1" 200 -
2024-12-19 08:57:17 - werkzeug - INFO - 127.0.0.1 - - [19/Dec/2024 08:57:17] "POST /seller/add_book HTTP/1.1" 200 -
2024-12-19 08:57:17 - werkzeug - INFO - 127.0.0.1 - - [19/Dec/2024 08:57:17] "POST /buyer/new_order HTTP/1.1" 200 -
2024-12-19 08:57:17 - be.view.auth - INFO - 收到注册请求: {'user_id': 'test_new_order_buyer_id_31480254-bda4-11ef-87d8-02a6845b4b32', 'password': 'test_new_order_seller_id_314800a6-bda4-11ef-87d8-02a6845b4b32'}
2024-12-19 08:57:17 - be.model.user - INFO - 尝试注册新用户：test_new_order_buyer_id_31480254-bda4-11ef-87d8-02a6845b4b32
2024-12-19 08:57:17 - be.model.user - INFO - 加密密码...
2024-12-19 08:57:17 - be.model.user - INFO - 创建新用户...
2024-12-19 08:57:17 - be.model.user - INFO - 添加用户到数据库...
2024-12-19 08:57:17 - be.model.user - INFO - 用户注册成功：test_new_order_buyer_id_31480254-bda4-11ef-87d8-02a6845b4b32
2024-12-19 08:57:17 - be.view.auth - INFO - 注册处理结果: 200
2024-12-19 08:57:17 - werkzeug - INFO - 127.0.0.1 - - [19/Dec/2024 08:57:17] "POST /auth/register HTTP/1.1" 200 -
2024-12-19 08:57:17 - be.view.auth - INFO - 收到登录请求: {'user_id': 'test_new_order_buyer_id_31480254-bda4-11ef-87d8-02a6845b4b32', 'password': 'test_new_order_seller_id_314800a6-bda4-11ef-87d8-02a6845b4b32', 'terminal': 'my terminal'}
2024-12-19 08:57:17 - be.model.user - INFO - 尝试登录用户：test_new_order_buyer_id_31480254-bda4-11ef-87d8-02a6845b4b32，终端：my terminal
2024-12-19 08:57:17 - be.model.user - INFO - 为用户 test_new_order_buyer_id_31480254-bda4-11ef-87d8-02a6845b4b32 生成新token，终端：my terminal
2024-12-19 08:57:17 - be.model.user - INFO - 用户登录成功：test_new_order_buyer_id_31480254-bda4-11ef-87d8-02a6845b4b32
2024-12-19 08:57:17 - be.view.auth - INFO - 登录处理结果: 200
2024-12-19 08:57:17 - werkzeug - INFO - 127.0.0.1 - - [19/Dec/2024 08:57:17] "POST /auth/login HTTP/1.1" 200 -
2024-12-19 08:57:17 - be.view.auth - INFO - 收到注册请求: {'user_id': 'test_new_order_seller_id_314800a6-bda4-11ef-87d8-02a6845b4b32', 'password': 'test_new_order_seller_id_314800a6-bda4-11ef-87d8-02a6845b4b32'}
2024-12-19 08:57:17 - be.model.user - INFO - 尝试注册新用户：test_new_order_seller_id_314800a6-bda4-11ef-87d8-02a6845b4b32
2024-12-19 08:57:17 - be.model.user - INFO - 加密密码...
2024-12-19 08:57:17 - be.model.user - INFO - 创建新用户...
2024-12-19 08:57:17 - be.model.user - INFO - 添加用户到数据库...
2024-12-19 08:57:17 - be.model.user - INFO - 用户注册成功：test_new_order_seller_id_314800a6-bda4-11ef-87d8-02a6845b4b32
2024-12-19 08:57:17 - be.view.auth - INFO - 注册处理结果: 200
2024-12-19 08:57:17 - werkzeug - INFO - 127.0.0.1 - - [19/Dec/2024 08:57:17] "POST /auth/register HTTP/1.1" 200 -
2024-12-19 08:57:17 - be.view.auth - INFO - 收到登录请求: {'user_id': 'test_new_order_seller_id_314800a6-bda4-11ef-87d8-02a6845b4b32', 'password': 'test_new_order_seller_id_314800a6-bda4-11ef-87d8-02a6845b4b32', 'terminal': 'my terminal'}
2024-12-19 08:57:17 - be.model.user - INFO - 尝试登录用户：test_new_order_seller_id_314800a6-bda4-11ef-87d8-02a6845b4b32，终端：my terminal
2024-12-19 08:57:18 - be.model.user - INFO - 为用户 test_new_order_seller_id_314800a6-bda4-11ef-87d8-02a6845b4b32 生成新token，终端：my terminal
2024-12-19 08:57:18 - be.model.user - INFO - 用户登录成功：test_new_order_seller_id_314800a6-bda4-11ef-87d8-02a6845b4b32
2024-12-19 08:57:18 - be.view.auth - INFO - 登录处理结果: 200
2024-12-19 08:57:18 - werkzeug - INFO - 127.0.0.1 - - [19/Dec/2024 08:57:18] "POST /auth/login HTTP/1.1" 200 -
2024-12-19 08:57:18 - werkzeug - INFO - 127.0.0.1 - - [19/Dec/2024 08:57:18] "POST /seller/create_store HTTP/1.1" 200 -
2024-12-19 08:57:20 - werkzeug - INFO - 127.0.0.1 - - [19/Dec/2024 08:57:20] "POST /seller/add_book HTTP/1.1" 200 -
2024-12-19 08:57:20 - werkzeug - INFO - 127.0.0.1 - - [19/Dec/2024 08:57:20] "POST /seller/add_book HTTP/1.1" 200 -
2024-12-19 08:57:20 - werkzeug - INFO - 127.0.0.1 - - [19/Dec/2024 08:57:20] "POST /seller/add_book HTTP/1.1" 200 -
2024-12-19 08:57:20 - werkzeug - INFO - 127.0.0.1 - - [19/Dec/2024 08:57:20] "POST /seller/add_book HTTP/1.1" 200 -
2024-12-19 08:57:20 - werkzeug - INFO - 127.0.0.1 - - [19/Dec/2024 08:57:20] "POST /seller/add_book HTTP/1.1" 200 -
2024-12-19 08:57:20 - werkzeug - INFO - 127.0.0.1 - - [19/Dec/2024 08:57:20] "POST /seller/add_book HTTP/1.1" 200 -
2024-12-19 08:57:21 - werkzeug - INFO - 127.0.0.1 - - [19/Dec/2024 08:57:21] "POST /seller/add_book HTTP/1.1" 200 -
2024-12-19 08:57:21 - werkzeug - INFO - 127.0.0.1 - - [19/Dec/2024 08:57:21] "POST /seller/add_book HTTP/1.1" 200 -
2024-12-19 08:57:21 - werkzeug - INFO - 127.0.0.1 - - [19/Dec/2024 08:57:21] "POST /seller/add_book HTTP/1.1" 200 -
2024-12-19 08:57:21 - werkzeug - INFO - 127.0.0.1 - - [19/Dec/2024 08:57:21] "POST /seller/add_book HTTP/1.1" 200 -
2024-12-19 08:57:21 - werkzeug - INFO - 127.0.0.1 - - [19/Dec/2024 08:57:21] "POST /seller/add_book HTTP/1.1" 200 -
2024-12-19 08:57:21 - werkzeug - INFO - 127.0.0.1 - - [19/Dec/2024 08:57:21] "POST /seller/add_book HTTP/1.1" 200 -
2024-12-19 08:57:21 - werkzeug - INFO - 127.0.0.1 - - [19/Dec/2024 08:57:21] "POST /seller/add_book HTTP/1.1" 200 -
2024-12-19 08:57:21 - werkzeug - INFO - 127.0.0.1 - - [19/Dec/2024 08:57:21] "POST /seller/add_book HTTP/1.1" 200 -
2024-12-19 08:57:21 - werkzeug - INFO - 127.0.0.1 - - [19/Dec/2024 08:57:21] "POST /seller/add_book HTTP/1.1" 200 -
2024-12-19 08:57:21 - werkzeug - INFO - 127.0.0.1 - - [19/Dec/2024 08:57:21] "POST /seller/add_book HTTP/1.1" 200 -
2024-12-19 08:57:21 - werkzeug - INFO - 127.0.0.1 - - [19/Dec/2024 08:57:21] "POST /seller/add_book HTTP/1.1" 200 -
2024-12-19 08:57:21 - werkzeug - INFO - 127.0.0.1 - - [19/Dec/2024 08:57:21] "POST /seller/add_book HTTP/1.1" 200 -
2024-12-19 08:57:21 - werkzeug - INFO - 127.0.0.1 - - [19/Dec/2024 08:57:21] "POST /seller/add_book HTTP/1.1" 200 -
2024-12-19 08:57:21 - werkzeug - INFO - 127.0.0.1 - - [19/Dec/2024 08:57:21] "POST /seller/add_book HTTP/1.1" 200 -
2024-12-19 08:57:21 - werkzeug - INFO - 127.0.0.1 - - [19/Dec/2024 08:57:21] "POST /seller/add_book HTTP/1.1" 200 -
2024-12-19 08:57:21 - werkzeug - INFO - 127.0.0.1 - - [19/Dec/2024 08:57:21] "POST /seller/add_book HTTP/1.1" 200 -
2024-12-19 08:57:22 - werkzeug - INFO - 127.0.0.1 - - [19/Dec/2024 08:57:22] "POST /seller/add_book HTTP/1.1" 200 -
2024-12-19 08:57:22 - werkzeug - INFO - 127.0.0.1 - - [19/Dec/2024 08:57:22] "POST /seller/add_book HTTP/1.1" 200 -
2024-12-19 08:57:22 - werkzeug - INFO - 127.0.0.1 - - [19/Dec/2024 08:57:22] "POST /seller/add_book HTTP/1.1" 200 -
2024-12-19 08:57:22 - werkzeug - INFO - 127.0.0.1 - - [19/Dec/2024 08:57:22] "POST /seller/add_book HTTP/1.1" 200 -
2024-12-19 08:57:22 - werkzeug - INFO - 127.0.0.1 - - [19/Dec/2024 08:57:22] "POST /seller/add_book HTTP/1.1" 200 -
2024-12-19 08:57:22 - werkzeug - INFO - 127.0.0.1 - - [19/Dec/2024 08:57:22] "POST /seller/add_book HTTP/1.1" 200 -
2024-12-19 08:57:22 - werkzeug - INFO - 127.0.0.1 - - [19/Dec/2024 08:57:22] "POST /seller/add_book HTTP/1.1" 200 -
2024-12-19 08:57:22 - werkzeug - INFO - 127.0.0.1 - - [19/Dec/2024 08:57:22] "POST /seller/add_book HTTP/1.1" 200 -
2024-12-19 08:57:22 - werkzeug - INFO - 127.0.0.1 - - [19/Dec/2024 08:57:22] "POST /seller/add_book HTTP/1.1" 200 -
2024-12-19 08:57:22 - werkzeug - INFO - 127.0.0.1 - - [19/Dec/2024 08:57:22] "POST /seller/add_book HTTP/1.1" 200 -
2024-12-19 08:57:22 - werkzeug - INFO - 127.0.0.1 - - [19/Dec/2024 08:57:22] "POST /seller/add_book HTTP/1.1" 200 -
2024-12-19 08:57:22 - werkzeug - INFO - 127.0.0.1 - - [19/Dec/2024 08:57:22] "POST /seller/add_book HTTP/1.1" 200 -
2024-12-19 08:57:22 - werkzeug - INFO - 127.0.0.1 - - [19/Dec/2024 08:57:22] "POST /seller/add_book HTTP/1.1" 200 -
2024-12-19 08:57:22 - werkzeug - INFO - 127.0.0.1 - - [19/Dec/2024 08:57:22] "POST /seller/add_book HTTP/1.1" 200 -
2024-12-19 08:57:22 - werkzeug - INFO - 127.0.0.1 - - [19/Dec/2024 08:57:22] "POST /seller/add_book HTTP/1.1" 200 -
2024-12-19 08:57:22 - werkzeug - INFO - 127.0.0.1 - - [19/Dec/2024 08:57:22] "POST /seller/add_book HTTP/1.1" 200 -
2024-12-19 08:57:23 - werkzeug - INFO - 127.0.0.1 - - [19/Dec/2024 08:57:23] "POST /seller/add_book HTTP/1.1" 200 -
2024-12-19 08:57:23 - werkzeug - INFO - 127.0.0.1 - - [19/Dec/2024 08:57:23] "POST /seller/add_book HTTP/1.1" 200 -
2024-12-19 08:57:23 - werkzeug - INFO - 127.0.0.1 - - [19/Dec/2024 08:57:23] "POST /buyer/new_order HTTP/1.1" 200 -
2024-12-19 08:57:23 - be.view.auth - INFO - 收到注册请求: {'user_id': 'test_new_order_buyer_id_34e76b16-bda4-11ef-87d8-02a6845b4b32', 'password': 'test_new_order_seller_id_34e769e0-bda4-11ef-87d8-02a6845b4b32'}
2024-12-19 08:57:23 - be.model.user - INFO - 尝试注册新用户：test_new_order_buyer_id_34e76b16-bda4-11ef-87d8-02a6845b4b32
2024-12-19 08:57:23 - be.model.user - INFO - 加密密码...
2024-12-19 08:57:23 - be.model.user - INFO - 创建新用户...
2024-12-19 08:57:23 - be.model.user - INFO - 添加用户到数据库...
2024-12-19 08:57:23 - be.model.user - INFO - 用户注册成功：test_new_order_buyer_id_34e76b16-bda4-11ef-87d8-02a6845b4b32
2024-12-19 08:57:23 - be.view.auth - INFO - 注册处理结果: 200
2024-12-19 08:57:23 - werkzeug - INFO - 127.0.0.1 - - [19/Dec/2024 08:57:23] "POST /auth/register HTTP/1.1" 200 -
2024-12-19 08:57:23 - be.view.auth - INFO - 收到登录请求: {'user_id': 'test_new_order_buyer_id_34e76b16-bda4-11ef-87d8-02a6845b4b32', 'password': 'test_new_order_seller_id_34e769e0-bda4-11ef-87d8-02a6845b4b32', 'terminal': 'my terminal'}
2024-12-19 08:57:23 - be.model.user - INFO - 尝试登录用户：test_new_order_buyer_id_34e76b16-bda4-11ef-87d8-02a6845b4b32，终端：my terminal
2024-12-19 08:57:23 - be.model.user - INFO - 为用户 test_new_order_buyer_id_34e76b16-bda4-11ef-87d8-02a6845b4b32 生成新token，终端：my terminal
2024-12-19 08:57:23 - be.model.user - INFO - 用户登录成功：test_new_order_buyer_id_34e76b16-bda4-11ef-87d8-02a6845b4b32
2024-12-19 08:57:23 - be.view.auth - INFO - 登录处理结果: 200
2024-12-19 08:57:23 - werkzeug - INFO - 127.0.0.1 - - [19/Dec/2024 08:57:23] "POST /auth/login HTTP/1.1" 200 -
2024-12-19 08:57:23 - be.view.auth - INFO - 收到注册请求: {'user_id': 'test_new_order_seller_id_34e769e0-bda4-11ef-87d8-02a6845b4b32', 'password': 'test_new_order_seller_id_34e769e0-bda4-11ef-87d8-02a6845b4b32'}
2024-12-19 08:57:23 - be.model.user - INFO - 尝试注册新用户：test_new_order_seller_id_34e769e0-bda4-11ef-87d8-02a6845b4b32
2024-12-19 08:57:23 - be.model.user - INFO - 加密密码...
2024-12-19 08:57:23 - be.model.user - INFO - 创建新用户...
2024-12-19 08:57:23 - be.model.user - INFO - 添加用户到数据库...
2024-12-19 08:57:24 - be.model.user - INFO - 用户注册成功：test_new_order_seller_id_34e769e0-bda4-11ef-87d8-02a6845b4b32
2024-12-19 08:57:24 - be.view.auth - INFO - 注册处理结果: 200
2024-12-19 08:57:24 - werkzeug - INFO - 127.0.0.1 - - [19/Dec/2024 08:57:24] "POST /auth/register HTTP/1.1" 200 -
2024-12-19 08:57:24 - be.view.auth - INFO - 收到登录请求: {'user_id': 'test_new_order_seller_id_34e769e0-bda4-11ef-87d8-02a6845b4b32', 'password': 'test_new_order_seller_id_34e769e0-bda4-11ef-87d8-02a6845b4b32', 'terminal': 'my terminal'}
2024-12-19 08:57:24 - be.model.user - INFO - 尝试登录用户：test_new_order_seller_id_34e769e0-bda4-11ef-87d8-02a6845b4b32，终端：my terminal
2024-12-19 08:57:24 - be.model.user - INFO - 为用户 test_new_order_seller_id_34e769e0-bda4-11ef-87d8-02a6845b4b32 生成新token，终端：my terminal
2024-12-19 08:57:24 - be.model.user - INFO - 用户登录成功：test_new_order_seller_id_34e769e0-bda4-11ef-87d8-02a6845b4b32
2024-12-19 08:57:24 - be.view.auth - INFO - 登录处理结果: 200
2024-12-19 08:57:24 - werkzeug - INFO - 127.0.0.1 - - [19/Dec/2024 08:57:24] "POST /auth/login HTTP/1.1" 200 -
2024-12-19 08:57:24 - werkzeug - INFO - 127.0.0.1 - - [19/Dec/2024 08:57:24] "POST /seller/create_store HTTP/1.1" 200 -
2024-12-19 08:57:26 - werkzeug - INFO - 127.0.0.1 - - [19/Dec/2024 08:57:26] "POST /seller/add_book HTTP/1.1" 200 -
2024-12-19 08:57:26 - werkzeug - INFO - 127.0.0.1 - - [19/Dec/2024 08:57:26] "POST /seller/add_book HTTP/1.1" 200 -
2024-12-19 08:57:26 - werkzeug - INFO - 127.0.0.1 - - [19/Dec/2024 08:57:26] "POST /seller/add_book HTTP/1.1" 200 -
2024-12-19 08:57:26 - werkzeug - INFO - 127.0.0.1 - - [19/Dec/2024 08:57:26] "POST /seller/add_book HTTP/1.1" 200 -
2024-12-19 08:57:26 - werkzeug - INFO - 127.0.0.1 - - [19/Dec/2024 08:57:26] "POST /seller/add_book HTTP/1.1" 200 -
2024-12-19 08:57:26 - werkzeug - INFO - 127.0.0.1 - - [19/Dec/2024 08:57:26] "POST /seller/add_book HTTP/1.1" 200 -
2024-12-19 08:57:26 - werkzeug - INFO - 127.0.0.1 - - [19/Dec/2024 08:57:26] "POST /seller/add_book HTTP/1.1" 200 -
2024-12-19 08:57:26 - werkzeug - INFO - 127.0.0.1 - - [19/Dec/2024 08:57:26] "POST /seller/add_book HTTP/1.1" 200 -
2024-12-19 08:57:26 - werkzeug - INFO - 127.0.0.1 - - [19/Dec/2024 08:57:26] "POST /seller/add_book HTTP/1.1" 200 -
2024-12-19 08:57:26 - werkzeug - INFO - 127.0.0.1 - - [19/Dec/2024 08:57:26] "POST /seller/add_book HTTP/1.1" 200 -
2024-12-19 08:57:26 - werkzeug - INFO - 127.0.0.1 - - [19/Dec/2024 08:57:26] "POST /seller/add_book HTTP/1.1" 200 -
2024-12-19 08:57:27 - werkzeug - INFO - 127.0.0.1 - - [19/Dec/2024 08:57:27] "POST /seller/add_book HTTP/1.1" 200 -
2024-12-19 08:57:27 - werkzeug - INFO - 127.0.0.1 - - [19/Dec/2024 08:57:27] "POST /seller/add_book HTTP/1.1" 200 -
2024-12-19 08:57:27 - werkzeug - INFO - 127.0.0.1 - - [19/Dec/2024 08:57:27] "POST /seller/add_book HTTP/1.1" 200 -
2024-12-19 08:57:27 - werkzeug - INFO - 127.0.0.1 - - [19/Dec/2024 08:57:27] "POST /seller/add_book HTTP/1.1" 200 -
2024-12-19 08:57:27 - werkzeug - INFO - 127.0.0.1 - - [19/Dec/2024 08:57:27] "POST /seller/add_book HTTP/1.1" 200 -
2024-12-19 08:57:27 - werkzeug - INFO - 127.0.0.1 - - [19/Dec/2024 08:57:27] "POST /seller/add_book HTTP/1.1" 200 -
2024-12-19 08:57:27 - werkzeug - INFO - 127.0.0.1 - - [19/Dec/2024 08:57:27] "POST /seller/add_book HTTP/1.1" 200 -
2024-12-19 08:57:27 - werkzeug - INFO - 127.0.0.1 - - [19/Dec/2024 08:57:27] "POST /seller/add_book HTTP/1.1" 200 -
2024-12-19 08:57:27 - werkzeug - INFO - 127.0.0.1 - - [19/Dec/2024 08:57:27] "POST /seller/add_book HTTP/1.1" 200 -
2024-12-19 08:57:27 - werkzeug - INFO - 127.0.0.1 - - [19/Dec/2024 08:57:27] "POST /seller/add_book HTTP/1.1" 200 -
2024-12-19 08:57:27 - werkzeug - INFO - 127.0.0.1 - - [19/Dec/2024 08:57:27] "POST /seller/add_book HTTP/1.1" 200 -
2024-12-19 08:57:27 - werkzeug - INFO - 127.0.0.1 - - [19/Dec/2024 08:57:27] "POST /seller/add_book HTTP/1.1" 200 -
2024-12-19 08:57:27 - werkzeug - INFO - 127.0.0.1 - - [19/Dec/2024 08:57:27] "POST /seller/add_book HTTP/1.1" 200 -
2024-12-19 08:57:27 - werkzeug - INFO - 127.0.0.1 - - [19/Dec/2024 08:57:27] "POST /seller/add_book HTTP/1.1" 200 -
2024-12-19 08:57:27 - werkzeug - INFO - 127.0.0.1 - - [19/Dec/2024 08:57:27] "POST /seller/add_book HTTP/1.1" 200 -
2024-12-19 08:57:27 - werkzeug - INFO - 127.0.0.1 - - [19/Dec/2024 08:57:27] "POST /seller/add_book HTTP/1.1" 200 -
2024-12-19 08:57:28 - werkzeug - INFO - 127.0.0.1 - - [19/Dec/2024 08:57:28] "POST /seller/add_book HTTP/1.1" 200 -
2024-12-19 08:57:28 - werkzeug - INFO - 127.0.0.1 - - [19/Dec/2024 08:57:28] "POST /seller/add_book HTTP/1.1" 200 -
2024-12-19 08:57:28 - werkzeug - INFO - 127.0.0.1 - - [19/Dec/2024 08:57:28] "POST /seller/add_book HTTP/1.1" 200 -
2024-12-19 08:57:28 - werkzeug - INFO - 127.0.0.1 - - [19/Dec/2024 08:57:28] "POST /seller/add_book HTTP/1.1" 200 -
2024-12-19 08:57:28 - werkzeug - INFO - 127.0.0.1 - - [19/Dec/2024 08:57:28] "POST /buyer/new_order HTTP/1.1" 200 -
2024-12-19 08:57:28 - be.view.auth - INFO - 收到注册请求: {'user_id': 'test_new_order_buyer_id_37f062fe-bda4-11ef-87d8-02a6845b4b32', 'password': 'test_new_order_seller_id_37f06204-bda4-11ef-87d8-02a6845b4b32'}
2024-12-19 08:57:28 - be.model.user - INFO - 尝试注册新用户：test_new_order_buyer_id_37f062fe-bda4-11ef-87d8-02a6845b4b32
2024-12-19 08:57:28 - be.model.user - INFO - 加密密码...
2024-12-19 08:57:28 - be.model.user - INFO - 创建新用户...
2024-12-19 08:57:28 - be.model.user - INFO - 添加用户到数据库...
2024-12-19 08:57:28 - be.model.user - INFO - 用户注册成功：test_new_order_buyer_id_37f062fe-bda4-11ef-87d8-02a6845b4b32
2024-12-19 08:57:28 - be.view.auth - INFO - 注册处理结果: 200
2024-12-19 08:57:28 - werkzeug - INFO - 127.0.0.1 - - [19/Dec/2024 08:57:28] "POST /auth/register HTTP/1.1" 200 -
2024-12-19 08:57:28 - be.view.auth - INFO - 收到登录请求: {'user_id': 'test_new_order_buyer_id_37f062fe-bda4-11ef-87d8-02a6845b4b32', 'password': 'test_new_order_seller_id_37f06204-bda4-11ef-87d8-02a6845b4b32', 'terminal': 'my terminal'}
2024-12-19 08:57:28 - be.model.user - INFO - 尝试登录用户：test_new_order_buyer_id_37f062fe-bda4-11ef-87d8-02a6845b4b32，终端：my terminal
2024-12-19 08:57:28 - be.model.user - INFO - 为用户 test_new_order_buyer_id_37f062fe-bda4-11ef-87d8-02a6845b4b32 生成新token，终端：my terminal
2024-12-19 08:57:28 - be.model.user - INFO - 用户登录成功：test_new_order_buyer_id_37f062fe-bda4-11ef-87d8-02a6845b4b32
2024-12-19 08:57:28 - be.view.auth - INFO - 登录处理结果: 200
2024-12-19 08:57:28 - werkzeug - INFO - 127.0.0.1 - - [19/Dec/2024 08:57:28] "POST /auth/login HTTP/1.1" 200 -
2024-12-19 08:57:28 - be.view.auth - INFO - 收到注册请求: {'user_id': 'test_new_order_seller_id_37f06204-bda4-11ef-87d8-02a6845b4b32', 'password': 'test_new_order_seller_id_37f06204-bda4-11ef-87d8-02a6845b4b32'}
2024-12-19 08:57:28 - be.model.user - INFO - 尝试注册新用户：test_new_order_seller_id_37f06204-bda4-11ef-87d8-02a6845b4b32
2024-12-19 08:57:28 - be.model.user - INFO - 加密密码...
2024-12-19 08:57:28 - be.model.user - INFO - 创建新用户...
2024-12-19 08:57:28 - be.model.user - INFO - 添加用户到数据库...
2024-12-19 08:57:29 - be.model.user - INFO - 用户注册成功：test_new_order_seller_id_37f06204-bda4-11ef-87d8-02a6845b4b32
2024-12-19 08:57:29 - be.view.auth - INFO - 注册处理结果: 200
2024-12-19 08:57:29 - werkzeug - INFO - 127.0.0.1 - - [19/Dec/2024 08:57:29] "POST /auth/register HTTP/1.1" 200 -
2024-12-19 08:57:29 - be.view.auth - INFO - 收到登录请求: {'user_id': 'test_new_order_seller_id_37f06204-bda4-11ef-87d8-02a6845b4b32', 'password': 'test_new_order_seller_id_37f06204-bda4-11ef-87d8-02a6845b4b32', 'terminal': 'my terminal'}
2024-12-19 08:57:29 - be.model.user - INFO - 尝试登录用户：test_new_order_seller_id_37f06204-bda4-11ef-87d8-02a6845b4b32，终端：my terminal
2024-12-19 08:57:29 - be.model.user - INFO - 为用户 test_new_order_seller_id_37f06204-bda4-11ef-87d8-02a6845b4b32 生成新token，终端：my terminal
2024-12-19 08:57:29 - be.model.user - INFO - 用户登录成功：test_new_order_seller_id_37f06204-bda4-11ef-87d8-02a6845b4b32
2024-12-19 08:57:29 - be.view.auth - INFO - 登录处理结果: 200
2024-12-19 08:57:29 - werkzeug - INFO - 127.0.0.1 - - [19/Dec/2024 08:57:29] "POST /auth/login HTTP/1.1" 200 -
2024-12-19 08:57:29 - werkzeug - INFO - 127.0.0.1 - - [19/Dec/2024 08:57:29] "POST /seller/create_store HTTP/1.1" 200 -
2024-12-19 08:57:32 - werkzeug - INFO - 127.0.0.1 - - [19/Dec/2024 08:57:32] "POST /seller/add_book HTTP/1.1" 200 -
2024-12-19 08:57:32 - werkzeug - INFO - 127.0.0.1 - - [19/Dec/2024 08:57:32] "POST /seller/add_book HTTP/1.1" 200 -
2024-12-19 08:57:32 - werkzeug - INFO - 127.0.0.1 - - [19/Dec/2024 08:57:32] "POST /seller/add_book HTTP/1.1" 200 -
2024-12-19 08:57:32 - werkzeug - INFO - 127.0.0.1 - - [19/Dec/2024 08:57:32] "POST /seller/add_book HTTP/1.1" 200 -
2024-12-19 08:57:32 - werkzeug - INFO - 127.0.0.1 - - [19/Dec/2024 08:57:32] "POST /seller/add_book HTTP/1.1" 200 -
2024-12-19 08:57:32 - werkzeug - INFO - 127.0.0.1 - - [19/Dec/2024 08:57:32] "POST /seller/add_book HTTP/1.1" 200 -
2024-12-19 08:57:32 - werkzeug - INFO - 127.0.0.1 - - [19/Dec/2024 08:57:32] "POST /seller/add_book HTTP/1.1" 200 -
2024-12-19 08:57:32 - werkzeug - INFO - 127.0.0.1 - - [19/Dec/2024 08:57:32] "POST /seller/add_book HTTP/1.1" 200 -
2024-12-19 08:57:32 - werkzeug - INFO - 127.0.0.1 - - [19/Dec/2024 08:57:32] "POST /seller/add_book HTTP/1.1" 200 -
2024-12-19 08:57:32 - werkzeug - INFO - 127.0.0.1 - - [19/Dec/2024 08:57:32] "POST /seller/add_book HTTP/1.1" 200 -
2024-12-19 08:57:32 - werkzeug - INFO - 127.0.0.1 - - [19/Dec/2024 08:57:32] "POST /seller/add_book HTTP/1.1" 200 -
2024-12-19 08:57:32 - werkzeug - INFO - 127.0.0.1 - - [19/Dec/2024 08:57:32] "POST /seller/add_book HTTP/1.1" 200 -
2024-12-19 08:57:32 - werkzeug - INFO - 127.0.0.1 - - [19/Dec/2024 08:57:32] "POST /seller/add_book HTTP/1.1" 200 -
2024-12-19 08:57:32 - werkzeug - INFO - 127.0.0.1 - - [19/Dec/2024 08:57:32] "POST /seller/add_book HTTP/1.1" 200 -
2024-12-19 08:57:33 - werkzeug - INFO - 127.0.0.1 - - [19/Dec/2024 08:57:33] "POST /seller/add_book HTTP/1.1" 200 -
2024-12-19 08:57:33 - werkzeug - INFO - 127.0.0.1 - - [19/Dec/2024 08:57:33] "POST /seller/add_book HTTP/1.1" 200 -
2024-12-19 08:57:33 - werkzeug - INFO - 127.0.0.1 - - [19/Dec/2024 08:57:33] "POST /seller/add_book HTTP/1.1" 200 -
2024-12-19 08:57:33 - werkzeug - INFO - 127.0.0.1 - - [19/Dec/2024 08:57:33] "POST /seller/add_book HTTP/1.1" 200 -
2024-12-19 08:57:33 - werkzeug - INFO - 127.0.0.1 - - [19/Dec/2024 08:57:33] "POST /seller/add_book HTTP/1.1" 200 -
2024-12-19 08:57:33 - werkzeug - INFO - 127.0.0.1 - - [19/Dec/2024 08:57:33] "POST /seller/add_book HTTP/1.1" 200 -
2024-12-19 08:57:33 - werkzeug - INFO - 127.0.0.1 - - [19/Dec/2024 08:57:33] "POST /seller/add_book HTTP/1.1" 200 -
2024-12-19 08:57:33 - werkzeug - INFO - 127.0.0.1 - - [19/Dec/2024 08:57:33] "POST /seller/add_book HTTP/1.1" 200 -
2024-12-19 08:57:33 - werkzeug - INFO - 127.0.0.1 - - [19/Dec/2024 08:57:33] "POST /seller/add_book HTTP/1.1" 200 -
2024-12-19 08:57:33 - werkzeug - INFO - 127.0.0.1 - - [19/Dec/2024 08:57:33] "POST /seller/add_book HTTP/1.1" 200 -
2024-12-19 08:57:33 - werkzeug - INFO - 127.0.0.1 - - [19/Dec/2024 08:57:33] "POST /seller/add_book HTTP/1.1" 200 -
2024-12-19 08:57:33 - werkzeug - INFO - 127.0.0.1 - - [19/Dec/2024 08:57:33] "POST /seller/add_book HTTP/1.1" 200 -
2024-12-19 08:57:33 - werkzeug - INFO - 127.0.0.1 - - [19/Dec/2024 08:57:33] "POST /seller/add_book HTTP/1.1" 200 -
2024-12-19 08:57:33 - werkzeug - INFO - 127.0.0.1 - - [19/Dec/2024 08:57:33] "POST /seller/add_book HTTP/1.1" 200 -
2024-12-19 08:57:33 - werkzeug - INFO - 127.0.0.1 - - [19/Dec/2024 08:57:33] "POST /seller/add_book HTTP/1.1" 200 -
2024-12-19 08:57:33 - werkzeug - INFO - 127.0.0.1 - - [19/Dec/2024 08:57:33] "POST /seller/add_book HTTP/1.1" 200 -
2024-12-19 08:57:34 - werkzeug - INFO - 127.0.0.1 - - [19/Dec/2024 08:57:34] "POST /seller/add_book HTTP/1.1" 200 -
2024-12-19 08:57:34 - werkzeug - INFO - 127.0.0.1 - - [19/Dec/2024 08:57:34] "POST /seller/add_book HTTP/1.1" 200 -
2024-12-19 08:57:34 - werkzeug - INFO - 127.0.0.1 - - [19/Dec/2024 08:57:34] "POST /seller/add_book HTTP/1.1" 200 -
2024-12-19 08:57:34 - werkzeug - INFO - 127.0.0.1 - - [19/Dec/2024 08:57:34] "POST /seller/add_book HTTP/1.1" 200 -
2024-12-19 08:57:34 - werkzeug - INFO - 127.0.0.1 - - [19/Dec/2024 08:57:34] "POST /seller/add_book HTTP/1.1" 200 -
2024-12-19 08:57:34 - werkzeug - INFO - 127.0.0.1 - - [19/Dec/2024 08:57:34] "POST /seller/add_book HTTP/1.1" 200 -
2024-12-19 08:57:34 - werkzeug - INFO - 127.0.0.1 - - [19/Dec/2024 08:57:34] "POST /seller/add_book HTTP/1.1" 200 -
2024-12-19 08:57:34 - werkzeug - INFO - 127.0.0.1 - - [19/Dec/2024 08:57:34] "POST /seller/add_book HTTP/1.1" 200 -
2024-12-19 08:57:34 - werkzeug - INFO - 127.0.0.1 - - [19/Dec/2024 08:57:34] "POST /seller/add_book HTTP/1.1" 200 -
2024-12-19 08:57:34 - werkzeug - INFO - 127.0.0.1 - - [19/Dec/2024 08:57:34] "POST /seller/add_book HTTP/1.1" 200 -
2024-12-19 08:57:34 - werkzeug - INFO - 127.0.0.1 - - [19/Dec/2024 08:57:34] "POST /seller/add_book HTTP/1.1" 200 -
2024-12-19 08:57:34 - werkzeug - INFO - 127.0.0.1 - - [19/Dec/2024 08:57:34] "POST /seller/add_book HTTP/1.1" 200 -
2024-12-19 08:57:34 - werkzeug - INFO - 127.0.0.1 - - [19/Dec/2024 08:57:34] "POST /seller/add_book HTTP/1.1" 200 -
2024-12-19 08:57:34 - werkzeug - INFO - 127.0.0.1 - - [19/Dec/2024 08:57:34] "POST /seller/add_book HTTP/1.1" 200 -
2024-12-19 08:57:34 - werkzeug - INFO - 127.0.0.1 - - [19/Dec/2024 08:57:34] "POST /seller/add_book HTTP/1.1" 200 -
2024-12-19 08:57:34 - werkzeug - INFO - 127.0.0.1 - - [19/Dec/2024 08:57:34] "POST /seller/add_book HTTP/1.1" 200 -
2024-12-19 08:57:35 - werkzeug - INFO - 127.0.0.1 - - [19/Dec/2024 08:57:35] "POST /seller/add_book HTTP/1.1" 200 -
2024-12-19 08:57:35 - werkzeug - INFO - 127.0.0.1 - - [19/Dec/2024 08:57:35] "POST /seller/add_book HTTP/1.1" 200 -
2024-12-19 08:57:35 - werkzeug - INFO - 127.0.0.1 - - [19/Dec/2024 08:57:35] "POST /seller/add_book HTTP/1.1" 200 -
2024-12-19 08:57:35 - werkzeug - INFO - 127.0.0.1 - - [19/Dec/2024 08:57:35] "POST /seller/add_book HTTP/1.1" 200 -
2024-12-19 08:57:35 - werkzeug - INFO - 127.0.0.1 - - [19/Dec/2024 08:57:35] "POST /seller/add_book HTTP/1.1" 200 -
2024-12-19 08:57:35 - werkzeug - INFO - 127.0.0.1 - - [19/Dec/2024 08:57:35] "POST /seller/add_book HTTP/1.1" 200 -
2024-12-19 08:57:35 - werkzeug - INFO - 127.0.0.1 - - [19/Dec/2024 08:57:35] "POST /seller/add_book HTTP/1.1" 200 -
2024-12-19 08:57:35 - werkzeug - INFO - 127.0.0.1 - - [19/Dec/2024 08:57:35] "POST /buyer/new_order HTTP/1.1" 200 -
2024-12-19 08:57:35 - be.view.auth - INFO - 收到注册请求: {'user_id': 'test_new_order_buyer_id_3c3a4eb0-bda4-11ef-87d8-02a6845b4b32', 'password': 'test_new_order_seller_id_3c3a4cda-bda4-11ef-87d8-02a6845b4b32'}
2024-12-19 08:57:35 - be.model.user - INFO - 尝试注册新用户：test_new_order_buyer_id_3c3a4eb0-bda4-11ef-87d8-02a6845b4b32
2024-12-19 08:57:35 - be.model.user - INFO - 加密密码...
2024-12-19 08:57:35 - be.model.user - INFO - 创建新用户...
2024-12-19 08:57:35 - be.model.user - INFO - 添加用户到数据库...
2024-12-19 08:57:35 - be.model.user - INFO - 用户注册成功：test_new_order_buyer_id_3c3a4eb0-bda4-11ef-87d8-02a6845b4b32
2024-12-19 08:57:35 - be.view.auth - INFO - 注册处理结果: 200
2024-12-19 08:57:35 - werkzeug - INFO - 127.0.0.1 - - [19/Dec/2024 08:57:35] "POST /auth/register HTTP/1.1" 200 -
2024-12-19 08:57:35 - be.view.auth - INFO - 收到登录请求: {'user_id': 'test_new_order_buyer_id_3c3a4eb0-bda4-11ef-87d8-02a6845b4b32', 'password': 'test_new_order_seller_id_3c3a4cda-bda4-11ef-87d8-02a6845b4b32', 'terminal': 'my terminal'}
2024-12-19 08:57:35 - be.model.user - INFO - 尝试登录用户：test_new_order_buyer_id_3c3a4eb0-bda4-11ef-87d8-02a6845b4b32，终端：my terminal
2024-12-19 08:57:35 - be.model.user - INFO - 为用户 test_new_order_buyer_id_3c3a4eb0-bda4-11ef-87d8-02a6845b4b32 生成新token，终端：my terminal
2024-12-19 08:57:35 - be.model.user - INFO - 用户登录成功：test_new_order_buyer_id_3c3a4eb0-bda4-11ef-87d8-02a6845b4b32
2024-12-19 08:57:35 - be.view.auth - INFO - 登录处理结果: 200
2024-12-19 08:57:35 - werkzeug - INFO - 127.0.0.1 - - [19/Dec/2024 08:57:35] "POST /auth/login HTTP/1.1" 200 -
2024-12-19 08:57:35 - be.view.auth - INFO - 收到注册请求: {'user_id': 'test_new_order_seller_id_3c3a4cda-bda4-11ef-87d8-02a6845b4b32', 'password': 'test_new_order_seller_id_3c3a4cda-bda4-11ef-87d8-02a6845b4b32'}
2024-12-19 08:57:35 - be.model.user - INFO - 尝试注册新用户：test_new_order_seller_id_3c3a4cda-bda4-11ef-87d8-02a6845b4b32
2024-12-19 08:57:36 - be.model.user - INFO - 加密密码...
2024-12-19 08:57:36 - be.model.user - INFO - 创建新用户...
2024-12-19 08:57:36 - be.model.user - INFO - 添加用户到数据库...
2024-12-19 08:57:36 - be.model.user - INFO - 用户注册成功：test_new_order_seller_id_3c3a4cda-bda4-11ef-87d8-02a6845b4b32
2024-12-19 08:57:36 - be.view.auth - INFO - 注册处理结果: 200
2024-12-19 08:57:36 - werkzeug - INFO - 127.0.0.1 - - [19/Dec/2024 08:57:36] "POST /auth/register HTTP/1.1" 200 -
2024-12-19 08:57:36 - be.view.auth - INFO - 收到登录请求: {'user_id': 'test_new_order_seller_id_3c3a4cda-bda4-11ef-87d8-02a6845b4b32', 'password': 'test_new_order_seller_id_3c3a4cda-bda4-11ef-87d8-02a6845b4b32', 'terminal': 'my terminal'}
2024-12-19 08:57:36 - be.model.user - INFO - 尝试登录用户：test_new_order_seller_id_3c3a4cda-bda4-11ef-87d8-02a6845b4b32，终端：my terminal
2024-12-19 08:57:36 - be.model.user - INFO - 为用户 test_new_order_seller_id_3c3a4cda-bda4-11ef-87d8-02a6845b4b32 生成新token，终端：my terminal
2024-12-19 08:57:36 - be.model.user - INFO - 用户登录成功：test_new_order_seller_id_3c3a4cda-bda4-11ef-87d8-02a6845b4b32
2024-12-19 08:57:36 - be.view.auth - INFO - 登录处理结果: 200
2024-12-19 08:57:36 - werkzeug - INFO - 127.0.0.1 - - [19/Dec/2024 08:57:36] "POST /auth/login HTTP/1.1" 200 -
2024-12-19 08:57:36 - werkzeug - INFO - 127.0.0.1 - - [19/Dec/2024 08:57:36] "POST /seller/create_store HTTP/1.1" 200 -
2024-12-19 08:57:39 - werkzeug - INFO - 127.0.0.1 - - [19/Dec/2024 08:57:39] "POST /seller/add_book HTTP/1.1" 200 -
2024-12-19 08:57:39 - werkzeug - INFO - 127.0.0.1 - - [19/Dec/2024 08:57:39] "POST /seller/add_book HTTP/1.1" 200 -
2024-12-19 08:57:39 - werkzeug - INFO - 127.0.0.1 - - [19/Dec/2024 08:57:39] "POST /seller/add_book HTTP/1.1" 200 -
2024-12-19 08:57:39 - werkzeug - INFO - 127.0.0.1 - - [19/Dec/2024 08:57:39] "POST /seller/add_book HTTP/1.1" 200 -
2024-12-19 08:57:39 - werkzeug - INFO - 127.0.0.1 - - [19/Dec/2024 08:57:39] "POST /seller/add_book HTTP/1.1" 200 -
2024-12-19 08:57:39 - werkzeug - INFO - 127.0.0.1 - - [19/Dec/2024 08:57:39] "POST /seller/add_book HTTP/1.1" 200 -
2024-12-19 08:57:39 - werkzeug - INFO - 127.0.0.1 - - [19/Dec/2024 08:57:39] "POST /seller/add_book HTTP/1.1" 200 -
2024-12-19 08:57:39 - werkzeug - INFO - 127.0.0.1 - - [19/Dec/2024 08:57:39] "POST /seller/add_book HTTP/1.1" 200 -
2024-12-19 08:57:39 - werkzeug - INFO - 127.0.0.1 - - [19/Dec/2024 08:57:39] "POST /seller/add_book HTTP/1.1" 200 -
2024-12-19 08:57:39 - werkzeug - INFO - 127.0.0.1 - - [19/Dec/2024 08:57:39] "POST /seller/add_book HTTP/1.1" 200 -
2024-12-19 08:57:39 - werkzeug - INFO - 127.0.0.1 - - [19/Dec/2024 08:57:39] "POST /seller/add_book HTTP/1.1" 200 -
2024-12-19 08:57:39 - werkzeug - INFO - 127.0.0.1 - - [19/Dec/2024 08:57:39] "POST /seller/add_book HTTP/1.1" 200 -
2024-12-19 08:57:39 - werkzeug - INFO - 127.0.0.1 - - [19/Dec/2024 08:57:39] "POST /seller/add_book HTTP/1.1" 200 -
2024-12-19 08:57:39 - werkzeug - INFO - 127.0.0.1 - - [19/Dec/2024 08:57:39] "POST /seller/add_book HTTP/1.1" 200 -
2024-12-19 08:57:39 - werkzeug - INFO - 127.0.0.1 - - [19/Dec/2024 08:57:39] "POST /seller/add_book HTTP/1.1" 200 -
2024-12-19 08:57:39 - werkzeug - INFO - 127.0.0.1 - - [19/Dec/2024 08:57:39] "POST /seller/add_book HTTP/1.1" 200 -
2024-12-19 08:57:40 - werkzeug - INFO - 127.0.0.1 - - [19/Dec/2024 08:57:40] "POST /seller/add_book HTTP/1.1" 200 -
2024-12-19 08:57:40 - werkzeug - INFO - 127.0.0.1 - - [19/Dec/2024 08:57:40] "POST /seller/add_book HTTP/1.1" 200 -
2024-12-19 08:57:40 - werkzeug - INFO - 127.0.0.1 - - [19/Dec/2024 08:57:40] "POST /seller/add_book HTTP/1.1" 200 -
2024-12-19 08:57:40 - werkzeug - INFO - 127.0.0.1 - - [19/Dec/2024 08:57:40] "POST /seller/add_book HTTP/1.1" 200 -
2024-12-19 08:57:40 - werkzeug - INFO - 127.0.0.1 - - [19/Dec/2024 08:57:40] "POST /seller/add_book HTTP/1.1" 200 -
2024-12-19 08:57:40 - werkzeug - INFO - 127.0.0.1 - - [19/Dec/2024 08:57:40] "POST /seller/add_book HTTP/1.1" 200 -
2024-12-19 08:57:40 - werkzeug - INFO - 127.0.0.1 - - [19/Dec/2024 08:57:40] "POST /seller/add_book HTTP/1.1" 200 -
2024-12-19 08:57:40 - werkzeug - INFO - 127.0.0.1 - - [19/Dec/2024 08:57:40] "POST /seller/add_book HTTP/1.1" 200 -
2024-12-19 08:57:40 - werkzeug - INFO - 127.0.0.1 - - [19/Dec/2024 08:57:40] "POST /seller/add_book HTTP/1.1" 200 -
2024-12-19 08:57:40 - werkzeug - INFO - 127.0.0.1 - - [19/Dec/2024 08:57:40] "POST /seller/add_book HTTP/1.1" 200 -
2024-12-19 08:57:40 - werkzeug - INFO - 127.0.0.1 - - [19/Dec/2024 08:57:40] "POST /seller/add_book HTTP/1.1" 200 -
2024-12-19 08:57:40 - werkzeug - INFO - 127.0.0.1 - - [19/Dec/2024 08:57:40] "POST /seller/add_book HTTP/1.1" 200 -
2024-12-19 08:57:40 - werkzeug - INFO - 127.0.0.1 - - [19/Dec/2024 08:57:40] "POST /seller/add_book HTTP/1.1" 200 -
2024-12-19 08:57:40 - werkzeug - INFO - 127.0.0.1 - - [19/Dec/2024 08:57:40] "POST /seller/add_book HTTP/1.1" 200 -
2024-12-19 08:57:40 - werkzeug - INFO - 127.0.0.1 - - [19/Dec/2024 08:57:40] "POST /seller/add_book HTTP/1.1" 200 -
2024-12-19 08:57:40 - werkzeug - INFO - 127.0.0.1 - - [19/Dec/2024 08:57:40] "POST /seller/add_book HTTP/1.1" 200 -
2024-12-19 08:57:41 - werkzeug - INFO - 127.0.0.1 - - [19/Dec/2024 08:57:41] "POST /seller/add_book HTTP/1.1" 200 -
2024-12-19 08:57:41 - werkzeug - INFO - 127.0.0.1 - - [19/Dec/2024 08:57:41] "POST /seller/add_book HTTP/1.1" 200 -
2024-12-19 08:57:41 - werkzeug - INFO - 127.0.0.1 - - [19/Dec/2024 08:57:41] "POST /seller/add_book HTTP/1.1" 200 -
2024-12-19 08:57:41 - werkzeug - INFO - 127.0.0.1 - - [19/Dec/2024 08:57:41] "POST /seller/add_book HTTP/1.1" 200 -
2024-12-19 08:57:41 - werkzeug - INFO - 127.0.0.1 - - [19/Dec/2024 08:57:41] "POST /seller/add_book HTTP/1.1" 200 -
2024-12-19 08:57:41 - werkzeug - INFO - 127.0.0.1 - - [19/Dec/2024 08:57:41] "POST /seller/add_book HTTP/1.1" 200 -
2024-12-19 08:57:41 - werkzeug - INFO - 127.0.0.1 - - [19/Dec/2024 08:57:41] "POST /seller/add_book HTTP/1.1" 200 -
2024-12-19 08:57:41 - werkzeug - INFO - 127.0.0.1 - - [19/Dec/2024 08:57:41] "POST /seller/add_book HTTP/1.1" 200 -
2024-12-19 08:57:41 - werkzeug - INFO - 127.0.0.1 - - [19/Dec/2024 08:57:41] "POST /seller/add_book HTTP/1.1" 200 -
2024-12-19 08:57:41 - werkzeug - INFO - 127.0.0.1 - - [19/Dec/2024 08:57:41] "POST /seller/add_book HTTP/1.1" 200 -
2024-12-19 08:57:41 - werkzeug - INFO - 127.0.0.1 - - [19/Dec/2024 08:57:41] "POST /seller/add_book HTTP/1.1" 200 -
2024-12-19 08:57:41 - werkzeug - INFO - 127.0.0.1 - - [19/Dec/2024 08:57:41] "POST /seller/add_book HTTP/1.1" 200 -
2024-12-19 08:57:41 - werkzeug - INFO - 127.0.0.1 - - [19/Dec/2024 08:57:41] "POST /seller/add_book HTTP/1.1" 200 -
2024-12-19 08:57:41 - werkzeug - INFO - 127.0.0.1 - - [19/Dec/2024 08:57:41] "POST /seller/add_book HTTP/1.1" 200 -
2024-12-19 08:57:41 - werkzeug - INFO - 127.0.0.1 - - [19/Dec/2024 08:57:41] "POST /seller/add_book HTTP/1.1" 200 -
2024-12-19 08:57:42 - werkzeug - INFO - 127.0.0.1 - - [19/Dec/2024 08:57:42] "POST /seller/add_book HTTP/1.1" 200 -
2024-12-19 08:57:42 - werkzeug - INFO - 127.0.0.1 - - [19/Dec/2024 08:57:42] "POST /seller/add_book HTTP/1.1" 200 -
2024-12-19 08:57:42 - werkzeug - INFO - 127.0.0.1 - - [19/Dec/2024 08:57:42] "POST /seller/add_book HTTP/1.1" 200 -
2024-12-19 08:57:42 - werkzeug - INFO - 127.0.0.1 - - [19/Dec/2024 08:57:42] "POST /buyer/new_order HTTP/1.1" 200 -
2024-12-19 08:57:42 - be.view.auth - INFO - 收到注册请求: {'user_id': 'test_payment_seller_id_404c26f4-bda4-11ef-87d8-02a6845b4b32', 'password': 'test_payment_seller_id_404c26f4-bda4-11ef-87d8-02a6845b4b32'}
2024-12-19 08:57:42 - be.model.user - INFO - 尝试注册新用户：test_payment_seller_id_404c26f4-bda4-11ef-87d8-02a6845b4b32
2024-12-19 08:57:42 - be.model.user - INFO - 加密密码...
2024-12-19 08:57:42 - be.model.user - INFO - 创建新用户...
2024-12-19 08:57:42 - be.model.user - INFO - 添加用户到数据库...
2024-12-19 08:57:42 - be.model.user - INFO - 用户注册成功：test_payment_seller_id_404c26f4-bda4-11ef-87d8-02a6845b4b32
2024-12-19 08:57:42 - be.view.auth - INFO - 注册处理结果: 200
2024-12-19 08:57:42 - werkzeug - INFO - 127.0.0.1 - - [19/Dec/2024 08:57:42] "POST /auth/register HTTP/1.1" 200 -
2024-12-19 08:57:42 - be.view.auth - INFO - 收到登录请求: {'user_id': 'test_payment_seller_id_404c26f4-bda4-11ef-87d8-02a6845b4b32', 'password': 'test_payment_seller_id_404c26f4-bda4-11ef-87d8-02a6845b4b32', 'terminal': 'my terminal'}
2024-12-19 08:57:42 - be.model.user - INFO - 尝试登录用户：test_payment_seller_id_404c26f4-bda4-11ef-87d8-02a6845b4b32，终端：my terminal
2024-12-19 08:57:42 - be.model.user - INFO - 为用户 test_payment_seller_id_404c26f4-bda4-11ef-87d8-02a6845b4b32 生成新token，终端：my terminal
2024-12-19 08:57:42 - be.model.user - INFO - 用户登录成功：test_payment_seller_id_404c26f4-bda4-11ef-87d8-02a6845b4b32
2024-12-19 08:57:42 - be.view.auth - INFO - 登录处理结果: 200
2024-12-19 08:57:42 - werkzeug - INFO - 127.0.0.1 - - [19/Dec/2024 08:57:42] "POST /auth/login HTTP/1.1" 200 -
2024-12-19 08:57:42 - werkzeug - INFO - 127.0.0.1 - - [19/Dec/2024 08:57:42] "POST /seller/create_store HTTP/1.1" 200 -
2024-12-19 08:57:44 - werkzeug - INFO - 127.0.0.1 - - [19/Dec/2024 08:57:44] "POST /seller/add_book HTTP/1.1" 200 -
2024-12-19 08:57:44 - werkzeug - INFO - 127.0.0.1 - - [19/Dec/2024 08:57:44] "POST /seller/add_book HTTP/1.1" 200 -
2024-12-19 08:57:44 - werkzeug - INFO - 127.0.0.1 - - [19/Dec/2024 08:57:44] "POST /seller/add_book HTTP/1.1" 200 -
2024-12-19 08:57:44 - be.view.auth - INFO - 收到注册请求: {'user_id': 'test_payment_buyer_id_404c27b2-bda4-11ef-87d8-02a6845b4b32', 'password': 'test_payment_seller_id_404c26f4-bda4-11ef-87d8-02a6845b4b32'}
2024-12-19 08:57:44 - be.model.user - INFO - 尝试注册新用户：test_payment_buyer_id_404c27b2-bda4-11ef-87d8-02a6845b4b32
2024-12-19 08:57:44 - be.model.user - INFO - 加密密码...
2024-12-19 08:57:44 - be.model.user - INFO - 创建新用户...
2024-12-19 08:57:44 - be.model.user - INFO - 添加用户到数据库...
2024-12-19 08:57:44 - be.model.user - INFO - 用户注册成功：test_payment_buyer_id_404c27b2-bda4-11ef-87d8-02a6845b4b32
2024-12-19 08:57:44 - be.view.auth - INFO - 注册处理结果: 200
2024-12-19 08:57:44 - werkzeug - INFO - 127.0.0.1 - - [19/Dec/2024 08:57:44] "POST /auth/register HTTP/1.1" 200 -
2024-12-19 08:57:44 - be.view.auth - INFO - 收到登录请求: {'user_id': 'test_payment_buyer_id_404c27b2-bda4-11ef-87d8-02a6845b4b32', 'password': 'test_payment_seller_id_404c26f4-bda4-11ef-87d8-02a6845b4b32', 'terminal': 'my terminal'}
2024-12-19 08:57:44 - be.model.user - INFO - 尝试登录用户：test_payment_buyer_id_404c27b2-bda4-11ef-87d8-02a6845b4b32，终端：my terminal
2024-12-19 08:57:44 - be.model.user - INFO - 为用户 test_payment_buyer_id_404c27b2-bda4-11ef-87d8-02a6845b4b32 生成新token，终端：my terminal
2024-12-19 08:57:44 - be.model.user - INFO - 用户登录成功：test_payment_buyer_id_404c27b2-bda4-11ef-87d8-02a6845b4b32
2024-12-19 08:57:44 - be.view.auth - INFO - 登录处理结果: 200
2024-12-19 08:57:44 - werkzeug - INFO - 127.0.0.1 - - [19/Dec/2024 08:57:44] "POST /auth/login HTTP/1.1" 200 -
2024-12-19 08:57:44 - werkzeug - INFO - 127.0.0.1 - - [19/Dec/2024 08:57:44] "POST /buyer/new_order HTTP/1.1" 200 -
2024-12-19 08:57:45 - werkzeug - INFO - 127.0.0.1 - - [19/Dec/2024 08:57:45] "[31m[1mPOST /buyer/add_funds HTTP/1.1[0m" 401 -
2024-12-19 08:57:45 - be.view.auth - INFO - 收到注册请求: {'user_id': 'test_payment_seller_id_41f7ad16-bda4-11ef-87d8-02a6845b4b32', 'password': 'test_payment_seller_id_41f7ad16-bda4-11ef-87d8-02a6845b4b32'}
2024-12-19 08:57:45 - be.model.user - INFO - 尝试注册新用户：test_payment_seller_id_41f7ad16-bda4-11ef-87d8-02a6845b4b32
2024-12-19 08:57:45 - be.model.user - INFO - 加密密码...
2024-12-19 08:57:45 - be.model.user - INFO - 创建新用户...
2024-12-19 08:57:45 - be.model.user - INFO - 添加用户到数据库...
2024-12-19 08:57:45 - be.model.user - INFO - 用户注册成功：test_payment_seller_id_41f7ad16-bda4-11ef-87d8-02a6845b4b32
2024-12-19 08:57:45 - be.view.auth - INFO - 注册处理结果: 200
2024-12-19 08:57:45 - werkzeug - INFO - 127.0.0.1 - - [19/Dec/2024 08:57:45] "POST /auth/register HTTP/1.1" 200 -
2024-12-19 08:57:45 - be.view.auth - INFO - 收到登录请求: {'user_id': 'test_payment_seller_id_41f7ad16-bda4-11ef-87d8-02a6845b4b32', 'password': 'test_payment_seller_id_41f7ad16-bda4-11ef-87d8-02a6845b4b32', 'terminal': 'my terminal'}
2024-12-19 08:57:45 - be.model.user - INFO - 尝试登录用户：test_payment_seller_id_41f7ad16-bda4-11ef-87d8-02a6845b4b32，终端：my terminal
2024-12-19 08:57:45 - be.model.user - INFO - 为用户 test_payment_seller_id_41f7ad16-bda4-11ef-87d8-02a6845b4b32 生成新token，终端：my terminal
2024-12-19 08:57:45 - be.model.user - INFO - 用户登录成功：test_payment_seller_id_41f7ad16-bda4-11ef-87d8-02a6845b4b32
2024-12-19 08:57:45 - be.view.auth - INFO - 登录处理结果: 200
2024-12-19 08:57:45 - werkzeug - INFO - 127.0.0.1 - - [19/Dec/2024 08:57:45] "POST /auth/login HTTP/1.1" 200 -
2024-12-19 08:57:45 - werkzeug - INFO - 127.0.0.1 - - [19/Dec/2024 08:57:45] "POST /seller/create_store HTTP/1.1" 200 -
2024-12-19 08:57:46 - werkzeug - INFO - 127.0.0.1 - - [19/Dec/2024 08:57:46] "POST /seller/add_book HTTP/1.1" 200 -
2024-12-19 08:57:46 - werkzeug - INFO - 127.0.0.1 - - [19/Dec/2024 08:57:46] "POST /seller/add_book HTTP/1.1" 200 -
2024-12-19 08:57:46 - werkzeug - INFO - 127.0.0.1 - - [19/Dec/2024 08:57:46] "POST /seller/add_book HTTP/1.1" 200 -
2024-12-19 08:57:46 - werkzeug - INFO - 127.0.0.1 - - [19/Dec/2024 08:57:46] "POST /seller/add_book HTTP/1.1" 200 -
2024-12-19 08:57:47 - werkzeug - INFO - 127.0.0.1 - - [19/Dec/2024 08:57:47] "POST /seller/add_book HTTP/1.1" 200 -
2024-12-19 08:57:47 - be.view.auth - INFO - 收到注册请求: {'user_id': 'test_payment_buyer_id_41f7ae38-bda4-11ef-87d8-02a6845b4b32', 'password': 'test_payment_seller_id_41f7ad16-bda4-11ef-87d8-02a6845b4b32'}
2024-12-19 08:57:47 - be.model.user - INFO - 尝试注册新用户：test_payment_buyer_id_41f7ae38-bda4-11ef-87d8-02a6845b4b32
2024-12-19 08:57:47 - be.model.user - INFO - 加密密码...
2024-12-19 08:57:47 - be.model.user - INFO - 创建新用户...
2024-12-19 08:57:47 - be.model.user - INFO - 添加用户到数据库...
2024-12-19 08:57:47 - be.model.user - INFO - 用户注册成功：test_payment_buyer_id_41f7ae38-bda4-11ef-87d8-02a6845b4b32
2024-12-19 08:57:47 - be.view.auth - INFO - 注册处理结果: 200
2024-12-19 08:57:47 - werkzeug - INFO - 127.0.0.1 - - [19/Dec/2024 08:57:47] "POST /auth/register HTTP/1.1" 200 -
2024-12-19 08:57:47 - be.view.auth - INFO - 收到登录请求: {'user_id': 'test_payment_buyer_id_41f7ae38-bda4-11ef-87d8-02a6845b4b32', 'password': 'test_payment_seller_id_41f7ad16-bda4-11ef-87d8-02a6845b4b32', 'terminal': 'my terminal'}
2024-12-19 08:57:47 - be.model.user - INFO - 尝试登录用户：test_payment_buyer_id_41f7ae38-bda4-11ef-87d8-02a6845b4b32，终端：my terminal
2024-12-19 08:57:47 - be.model.user - INFO - 为用户 test_payment_buyer_id_41f7ae38-bda4-11ef-87d8-02a6845b4b32 生成新token，终端：my terminal
2024-12-19 08:57:47 - be.model.user - INFO - 用户登录成功：test_payment_buyer_id_41f7ae38-bda4-11ef-87d8-02a6845b4b32
2024-12-19 08:57:47 - be.view.auth - INFO - 登录处理结果: 200
2024-12-19 08:57:47 - werkzeug - INFO - 127.0.0.1 - - [19/Dec/2024 08:57:47] "POST /auth/login HTTP/1.1" 200 -
2024-12-19 08:57:47 - werkzeug - INFO - 127.0.0.1 - - [19/Dec/2024 08:57:47] "POST /buyer/new_order HTTP/1.1" 200 -
2024-12-19 08:57:47 - werkzeug - INFO - 127.0.0.1 - - [19/Dec/2024 08:57:47] "[31m[1mPOST /buyer/add_funds HTTP/1.1[0m" 401 -
2024-12-19 08:57:47 - be.view.auth - INFO - 收到注册请求: {'user_id': 'test_payment_seller_id_4396c468-bda4-11ef-87d8-02a6845b4b32', 'password': 'test_payment_seller_id_4396c468-bda4-11ef-87d8-02a6845b4b32'}
2024-12-19 08:57:47 - be.model.user - INFO - 尝试注册新用户：test_payment_seller_id_4396c468-bda4-11ef-87d8-02a6845b4b32
2024-12-19 08:57:47 - be.model.user - INFO - 加密密码...
2024-12-19 08:57:47 - be.model.user - INFO - 创建新用户...
2024-12-19 08:57:47 - be.model.user - INFO - 添加用户到数据库...
2024-12-19 08:57:48 - be.model.user - INFO - 用户注册成功：test_payment_seller_id_4396c468-bda4-11ef-87d8-02a6845b4b32
2024-12-19 08:57:48 - be.view.auth - INFO - 注册处理结果: 200
2024-12-19 08:57:48 - werkzeug - INFO - 127.0.0.1 - - [19/Dec/2024 08:57:48] "POST /auth/register HTTP/1.1" 200 -
2024-12-19 08:57:48 - be.view.auth - INFO - 收到登录请求: {'user_id': 'test_payment_seller_id_4396c468-bda4-11ef-87d8-02a6845b4b32', 'password': 'test_payment_seller_id_4396c468-bda4-11ef-87d8-02a6845b4b32', 'terminal': 'my terminal'}
2024-12-19 08:57:48 - be.model.user - INFO - 尝试登录用户：test_payment_seller_id_4396c468-bda4-11ef-87d8-02a6845b4b32，终端：my terminal
2024-12-19 08:57:48 - be.model.user - INFO - 为用户 test_payment_seller_id_4396c468-bda4-11ef-87d8-02a6845b4b32 生成新token，终端：my terminal
2024-12-19 08:57:48 - be.model.user - INFO - 用户登录成功：test_payment_seller_id_4396c468-bda4-11ef-87d8-02a6845b4b32
2024-12-19 08:57:48 - be.view.auth - INFO - 登录处理结果: 200
2024-12-19 08:57:48 - werkzeug - INFO - 127.0.0.1 - - [19/Dec/2024 08:57:48] "POST /auth/login HTTP/1.1" 200 -
2024-12-19 08:57:48 - werkzeug - INFO - 127.0.0.1 - - [19/Dec/2024 08:57:48] "POST /seller/create_store HTTP/1.1" 200 -
2024-12-19 08:57:49 - werkzeug - INFO - 127.0.0.1 - - [19/Dec/2024 08:57:49] "POST /seller/add_book HTTP/1.1" 200 -
2024-12-19 08:57:49 - werkzeug - INFO - 127.0.0.1 - - [19/Dec/2024 08:57:49] "POST /seller/add_book HTTP/1.1" 200 -
2024-12-19 08:57:49 - werkzeug - INFO - 127.0.0.1 - - [19/Dec/2024 08:57:49] "POST /seller/add_book HTTP/1.1" 200 -
2024-12-19 08:57:49 - be.view.auth - INFO - 收到注册请求: {'user_id': 'test_payment_buyer_id_4396c5d0-bda4-11ef-87d8-02a6845b4b32', 'password': 'test_payment_seller_id_4396c468-bda4-11ef-87d8-02a6845b4b32'}
2024-12-19 08:57:49 - be.model.user - INFO - 尝试注册新用户：test_payment_buyer_id_4396c5d0-bda4-11ef-87d8-02a6845b4b32
2024-12-19 08:57:49 - be.model.user - INFO - 加密密码...
2024-12-19 08:57:49 - be.model.user - INFO - 创建新用户...
2024-12-19 08:57:49 - be.model.user - INFO - 添加用户到数据库...
2024-12-19 08:57:50 - be.model.user - INFO - 用户注册成功：test_payment_buyer_id_4396c5d0-bda4-11ef-87d8-02a6845b4b32
2024-12-19 08:57:50 - be.view.auth - INFO - 注册处理结果: 200
2024-12-19 08:57:50 - werkzeug - INFO - 127.0.0.1 - - [19/Dec/2024 08:57:50] "POST /auth/register HTTP/1.1" 200 -
2024-12-19 08:57:50 - be.view.auth - INFO - 收到登录请求: {'user_id': 'test_payment_buyer_id_4396c5d0-bda4-11ef-87d8-02a6845b4b32', 'password': 'test_payment_seller_id_4396c468-bda4-11ef-87d8-02a6845b4b32', 'terminal': 'my terminal'}
2024-12-19 08:57:50 - be.model.user - INFO - 尝试登录用户：test_payment_buyer_id_4396c5d0-bda4-11ef-87d8-02a6845b4b32，终端：my terminal
2024-12-19 08:57:50 - be.model.user - INFO - 为用户 test_payment_buyer_id_4396c5d0-bda4-11ef-87d8-02a6845b4b32 生成新token，终端：my terminal
2024-12-19 08:57:50 - be.model.user - INFO - 用户登录成功：test_payment_buyer_id_4396c5d0-bda4-11ef-87d8-02a6845b4b32
2024-12-19 08:57:50 - be.view.auth - INFO - 登录处理结果: 200
2024-12-19 08:57:50 - werkzeug - INFO - 127.0.0.1 - - [19/Dec/2024 08:57:50] "POST /auth/login HTTP/1.1" 200 -
2024-12-19 08:57:50 - werkzeug - INFO - 127.0.0.1 - - [19/Dec/2024 08:57:50] "POST /buyer/new_order HTTP/1.1" 200 -
2024-12-19 08:57:50 - werkzeug - INFO - 127.0.0.1 - - [19/Dec/2024 08:57:50] "[31m[1mPOST /buyer/add_funds HTTP/1.1[0m" 401 -
2024-12-19 08:57:50 - be.view.auth - INFO - 收到注册请求: {'user_id': 'test_payment_seller_id_452d9bee-bda4-11ef-87d8-02a6845b4b32', 'password': 'test_payment_seller_id_452d9bee-bda4-11ef-87d8-02a6845b4b32'}
2024-12-19 08:57:50 - be.model.user - INFO - 尝试注册新用户：test_payment_seller_id_452d9bee-bda4-11ef-87d8-02a6845b4b32
2024-12-19 08:57:50 - be.model.user - INFO - 加密密码...
2024-12-19 08:57:50 - be.model.user - INFO - 创建新用户...
2024-12-19 08:57:50 - be.model.user - INFO - 添加用户到数据库...
2024-12-19 08:57:50 - be.model.user - INFO - 用户注册成功：test_payment_seller_id_452d9bee-bda4-11ef-87d8-02a6845b4b32
2024-12-19 08:57:50 - be.view.auth - INFO - 注册处理结果: 200
2024-12-19 08:57:50 - werkzeug - INFO - 127.0.0.1 - - [19/Dec/2024 08:57:50] "POST /auth/register HTTP/1.1" 200 -
2024-12-19 08:57:50 - be.view.auth - INFO - 收到登录请求: {'user_id': 'test_payment_seller_id_452d9bee-bda4-11ef-87d8-02a6845b4b32', 'password': 'test_payment_seller_id_452d9bee-bda4-11ef-87d8-02a6845b4b32', 'terminal': 'my terminal'}
2024-12-19 08:57:50 - be.model.user - INFO - 尝试登录用户：test_payment_seller_id_452d9bee-bda4-11ef-87d8-02a6845b4b32，终端：my terminal
2024-12-19 08:57:50 - be.model.user - INFO - 为用户 test_payment_seller_id_452d9bee-bda4-11ef-87d8-02a6845b4b32 生成新token，终端：my terminal
2024-12-19 08:57:50 - be.model.user - INFO - 用户登录成功：test_payment_seller_id_452d9bee-bda4-11ef-87d8-02a6845b4b32
2024-12-19 08:57:51 - be.view.auth - INFO - 登录处理结果: 200
2024-12-19 08:57:51 - werkzeug - INFO - 127.0.0.1 - - [19/Dec/2024 08:57:51] "POST /auth/login HTTP/1.1" 200 -
2024-12-19 08:57:51 - werkzeug - INFO - 127.0.0.1 - - [19/Dec/2024 08:57:51] "POST /seller/create_store HTTP/1.1" 200 -
2024-12-19 08:57:52 - werkzeug - INFO - 127.0.0.1 - - [19/Dec/2024 08:57:52] "POST /seller/add_book HTTP/1.1" 200 -
2024-12-19 08:57:52 - werkzeug - INFO - 127.0.0.1 - - [19/Dec/2024 08:57:52] "POST /seller/add_book HTTP/1.1" 200 -
2024-12-19 08:57:52 - be.view.auth - INFO - 收到注册请求: {'user_id': 'test_payment_buyer_id_452d9e46-bda4-11ef-87d8-02a6845b4b32', 'password': 'test_payment_seller_id_452d9bee-bda4-11ef-87d8-02a6845b4b32'}
2024-12-19 08:57:52 - be.model.user - INFO - 尝试注册新用户：test_payment_buyer_id_452d9e46-bda4-11ef-87d8-02a6845b4b32
2024-12-19 08:57:52 - be.model.user - INFO - 加密密码...
2024-12-19 08:57:52 - be.model.user - INFO - 创建新用户...
2024-12-19 08:57:52 - be.model.user - INFO - 添加用户到数据库...
2024-12-19 08:57:52 - be.model.user - INFO - 用户注册成功：test_payment_buyer_id_452d9e46-bda4-11ef-87d8-02a6845b4b32
2024-12-19 08:57:52 - be.view.auth - INFO - 注册处理结果: 200
2024-12-19 08:57:52 - werkzeug - INFO - 127.0.0.1 - - [19/Dec/2024 08:57:52] "POST /auth/register HTTP/1.1" 200 -
2024-12-19 08:57:52 - be.view.auth - INFO - 收到登录请求: {'user_id': 'test_payment_buyer_id_452d9e46-bda4-11ef-87d8-02a6845b4b32', 'password': 'test_payment_seller_id_452d9bee-bda4-11ef-87d8-02a6845b4b32', 'terminal': 'my terminal'}
2024-12-19 08:57:52 - be.model.user - INFO - 尝试登录用户：test_payment_buyer_id_452d9e46-bda4-11ef-87d8-02a6845b4b32，终端：my terminal
2024-12-19 08:57:52 - be.model.user - INFO - 为用户 test_payment_buyer_id_452d9e46-bda4-11ef-87d8-02a6845b4b32 生成新token，终端：my terminal
2024-12-19 08:57:52 - be.model.user - INFO - 用户登录成功：test_payment_buyer_id_452d9e46-bda4-11ef-87d8-02a6845b4b32
2024-12-19 08:57:52 - be.view.auth - INFO - 登录处理结果: 200
2024-12-19 08:57:52 - werkzeug - INFO - 127.0.0.1 - - [19/Dec/2024 08:57:52] "POST /auth/login HTTP/1.1" 200 -
2024-12-19 08:57:52 - werkzeug - INFO - 127.0.0.1 - - [19/Dec/2024 08:57:52] "POST /buyer/new_order HTTP/1.1" 200 -
2024-12-19 08:57:52 - werkzeug - INFO - 127.0.0.1 - - [19/Dec/2024 08:57:52] "[31m[1mPOST /buyer/add_funds HTTP/1.1[0m" 401 -
2024-12-19 08:57:53 - root - INFO - load data
2024-12-19 08:57:53 - be.view.auth - INFO - 收到注册请求: {'user_id': 'seller_1_46abceaa-bda4-11ef-87d8-02a6845b4b32', 'password': 'password_seller_1_46abceaa-bda4-11ef-87d8-02a6845b4b32'}
2024-12-19 08:57:53 - be.model.user - INFO - 尝试注册新用户：seller_1_46abceaa-bda4-11ef-87d8-02a6845b4b32
2024-12-19 08:57:53 - be.model.user - INFO - 加密密码...
2024-12-19 08:57:53 - be.model.user - INFO - 创建新用户...
2024-12-19 08:57:53 - be.model.user - INFO - 添加用户到数据库...
2024-12-19 08:57:54 - be.model.user - INFO - 用户注册成功：seller_1_46abceaa-bda4-11ef-87d8-02a6845b4b32
2024-12-19 08:57:54 - be.view.auth - INFO - 注册处理结果: 200
2024-12-19 08:57:54 - werkzeug - INFO - 127.0.0.1 - - [19/Dec/2024 08:57:54] "POST /auth/register HTTP/1.1" 200 -
2024-12-19 08:57:54 - be.view.auth - INFO - 收到登录请求: {'user_id': 'seller_1_46abceaa-bda4-11ef-87d8-02a6845b4b32', 'password': 'password_seller_1_46abceaa-bda4-11ef-87d8-02a6845b4b32', 'terminal': 'my terminal'}
2024-12-19 08:57:54 - be.model.user - INFO - 尝试登录用户：seller_1_46abceaa-bda4-11ef-87d8-02a6845b4b32，终端：my terminal
2024-12-19 08:57:54 - be.model.user - INFO - 为用户 seller_1_46abceaa-bda4-11ef-87d8-02a6845b4b32 生成新token，终端：my terminal
2024-12-19 08:57:54 - be.model.user - INFO - 用户登录成功：seller_1_46abceaa-bda4-11ef-87d8-02a6845b4b32
2024-12-19 08:57:54 - be.view.auth - INFO - 登录处理结果: 200
2024-12-19 08:57:54 - werkzeug - INFO - 127.0.0.1 - - [19/Dec/2024 08:57:54] "POST /auth/login HTTP/1.1" 200 -
2024-12-19 08:57:54 - werkzeug - INFO - 127.0.0.1 - - [19/Dec/2024 08:57:54] "POST /seller/create_store HTTP/1.1" 200 -
2024-12-19 08:57:57 - werkzeug - INFO - 127.0.0.1 - - [19/Dec/2024 08:57:57] "POST /seller/add_book HTTP/1.1" 200 -
2024-12-19 08:57:57 - werkzeug - INFO - 127.0.0.1 - - [19/Dec/2024 08:57:57] "POST /seller/add_book HTTP/1.1" 200 -
2024-12-19 08:57:57 - werkzeug - INFO - 127.0.0.1 - - [19/Dec/2024 08:57:57] "POST /seller/add_book HTTP/1.1" 200 -
2024-12-19 08:57:57 - werkzeug - INFO - 127.0.0.1 - - [19/Dec/2024 08:57:57] "POST /seller/add_book HTTP/1.1" 200 -
2024-12-19 08:57:58 - werkzeug - INFO - 127.0.0.1 - - [19/Dec/2024 08:57:58] "POST /seller/add_book HTTP/1.1" 200 -
2024-12-19 08:57:58 - werkzeug - INFO - 127.0.0.1 - - [19/Dec/2024 08:57:58] "POST /seller/add_book HTTP/1.1" 200 -
2024-12-19 08:57:58 - werkzeug - INFO - 127.0.0.1 - - [19/Dec/2024 08:57:58] "POST /seller/add_book HTTP/1.1" 200 -
2024-12-19 08:57:58 - werkzeug - INFO - 127.0.0.1 - - [19/Dec/2024 08:57:58] "POST /seller/add_book HTTP/1.1" 200 -
2024-12-19 08:57:58 - werkzeug - INFO - 127.0.0.1 - - [19/Dec/2024 08:57:58] "POST /seller/add_book HTTP/1.1" 200 -
2024-12-19 08:57:58 - werkzeug - INFO - 127.0.0.1 - - [19/Dec/2024 08:57:58] "POST /seller/add_book HTTP/1.1" 200 -
2024-12-19 08:57:58 - werkzeug - INFO - 127.0.0.1 - - [19/Dec/2024 08:57:58] "POST /seller/add_book HTTP/1.1" 200 -
2024-12-19 08:57:58 - werkzeug - INFO - 127.0.0.1 - - [19/Dec/2024 08:57:58] "POST /seller/add_book HTTP/1.1" 200 -
2024-12-19 08:57:58 - werkzeug - INFO - 127.0.0.1 - - [19/Dec/2024 08:57:58] "POST /seller/add_book HTTP/1.1" 200 -
2024-12-19 08:57:58 - werkzeug - INFO - 127.0.0.1 - - [19/Dec/2024 08:57:58] "POST /seller/add_book HTTP/1.1" 200 -
2024-12-19 08:57:58 - werkzeug - INFO - 127.0.0.1 - - [19/Dec/2024 08:57:58] "POST /seller/add_book HTTP/1.1" 200 -
2024-12-19 08:57:58 - werkzeug - INFO - 127.0.0.1 - - [19/Dec/2024 08:57:58] "POST /seller/add_book HTTP/1.1" 200 -
2024-12-19 08:57:58 - werkzeug - INFO - 127.0.0.1 - - [19/Dec/2024 08:57:58] "POST /seller/add_book HTTP/1.1" 200 -
2024-12-19 08:57:58 - werkzeug - INFO - 127.0.0.1 - - [19/Dec/2024 08:57:58] "POST /seller/add_book HTTP/1.1" 200 -
2024-12-19 08:57:58 - werkzeug - INFO - 127.0.0.1 - - [19/Dec/2024 08:57:58] "POST /seller/add_book HTTP/1.1" 200 -
2024-12-19 08:57:58 - werkzeug - INFO - 127.0.0.1 - - [19/Dec/2024 08:57:58] "POST /seller/add_book HTTP/1.1" 200 -
2024-12-19 08:57:59 - werkzeug - INFO - 127.0.0.1 - - [19/Dec/2024 08:57:59] "POST /seller/add_book HTTP/1.1" 200 -
2024-12-19 08:57:59 - werkzeug - INFO - 127.0.0.1 - - [19/Dec/2024 08:57:59] "POST /seller/add_book HTTP/1.1" 200 -
2024-12-19 08:57:59 - werkzeug - INFO - 127.0.0.1 - - [19/Dec/2024 08:57:59] "POST /seller/add_book HTTP/1.1" 200 -
2024-12-19 08:57:59 - werkzeug - INFO - 127.0.0.1 - - [19/Dec/2024 08:57:59] "POST /seller/add_book HTTP/1.1" 200 -
2024-12-19 08:57:59 - werkzeug - INFO - 127.0.0.1 - - [19/Dec/2024 08:57:59] "POST /seller/add_book HTTP/1.1" 200 -
2024-12-19 08:57:59 - werkzeug - INFO - 127.0.0.1 - - [19/Dec/2024 08:57:59] "POST /seller/add_book HTTP/1.1" 200 -
2024-12-19 08:57:59 - werkzeug - INFO - 127.0.0.1 - - [19/Dec/2024 08:57:59] "POST /seller/add_book HTTP/1.1" 200 -
2024-12-19 08:57:59 - werkzeug - INFO - 127.0.0.1 - - [19/Dec/2024 08:57:59] "POST /seller/add_book HTTP/1.1" 200 -
2024-12-19 08:57:59 - werkzeug - INFO - 127.0.0.1 - - [19/Dec/2024 08:57:59] "POST /seller/add_book HTTP/1.1" 200 -
2024-12-19 08:57:59 - werkzeug - INFO - 127.0.0.1 - - [19/Dec/2024 08:57:59] "POST /seller/add_book HTTP/1.1" 200 -
2024-12-19 08:57:59 - werkzeug - INFO - 127.0.0.1 - - [19/Dec/2024 08:57:59] "POST /seller/add_book HTTP/1.1" 200 -
2024-12-19 08:57:59 - werkzeug - INFO - 127.0.0.1 - - [19/Dec/2024 08:57:59] "POST /seller/add_book HTTP/1.1" 200 -
2024-12-19 08:57:59 - werkzeug - INFO - 127.0.0.1 - - [19/Dec/2024 08:57:59] "POST /seller/add_book HTTP/1.1" 200 -
2024-12-19 08:57:59 - werkzeug - INFO - 127.0.0.1 - - [19/Dec/2024 08:57:59] "POST /seller/add_book HTTP/1.1" 200 -
2024-12-19 08:57:59 - werkzeug - INFO - 127.0.0.1 - - [19/Dec/2024 08:57:59] "POST /seller/add_book HTTP/1.1" 200 -
2024-12-19 08:58:00 - werkzeug - INFO - 127.0.0.1 - - [19/Dec/2024 08:58:00] "POST /seller/add_book HTTP/1.1" 200 -
2024-12-19 08:58:00 - werkzeug - INFO - 127.0.0.1 - - [19/Dec/2024 08:58:00] "POST /seller/add_book HTTP/1.1" 200 -
2024-12-19 08:58:00 - werkzeug - INFO - 127.0.0.1 - - [19/Dec/2024 08:58:00] "POST /seller/add_book HTTP/1.1" 200 -
2024-12-19 08:58:00 - werkzeug - INFO - 127.0.0.1 - - [19/Dec/2024 08:58:00] "POST /seller/add_book HTTP/1.1" 200 -
2024-12-19 08:58:00 - werkzeug - INFO - 127.0.0.1 - - [19/Dec/2024 08:58:00] "POST /seller/add_book HTTP/1.1" 200 -
2024-12-19 08:58:00 - werkzeug - INFO - 127.0.0.1 - - [19/Dec/2024 08:58:00] "POST /seller/add_book HTTP/1.1" 200 -
2024-12-19 08:58:00 - werkzeug - INFO - 127.0.0.1 - - [19/Dec/2024 08:58:00] "POST /seller/add_book HTTP/1.1" 200 -
2024-12-19 08:58:00 - werkzeug - INFO - 127.0.0.1 - - [19/Dec/2024 08:58:00] "POST /seller/add_book HTTP/1.1" 200 -
2024-12-19 08:58:00 - werkzeug - INFO - 127.0.0.1 - - [19/Dec/2024 08:58:00] "POST /seller/add_book HTTP/1.1" 200 -
2024-12-19 08:58:00 - werkzeug - INFO - 127.0.0.1 - - [19/Dec/2024 08:58:00] "POST /seller/add_book HTTP/1.1" 200 -
2024-12-19 08:58:00 - werkzeug - INFO - 127.0.0.1 - - [19/Dec/2024 08:58:00] "POST /seller/add_book HTTP/1.1" 200 -
2024-12-19 08:58:00 - werkzeug - INFO - 127.0.0.1 - - [19/Dec/2024 08:58:00] "POST /seller/add_book HTTP/1.1" 200 -
2024-12-19 08:58:00 - werkzeug - INFO - 127.0.0.1 - - [19/Dec/2024 08:58:00] "POST /seller/add_book HTTP/1.1" 200 -
2024-12-19 08:58:00 - werkzeug - INFO - 127.0.0.1 - - [19/Dec/2024 08:58:00] "POST /seller/add_book HTTP/1.1" 200 -
2024-12-19 08:58:00 - werkzeug - INFO - 127.0.0.1 - - [19/Dec/2024 08:58:00] "POST /seller/add_book HTTP/1.1" 200 -
2024-12-19 08:58:00 - werkzeug - INFO - 127.0.0.1 - - [19/Dec/2024 08:58:00] "POST /seller/add_book HTTP/1.1" 200 -
2024-12-19 08:58:01 - werkzeug - INFO - 127.0.0.1 - - [19/Dec/2024 08:58:01] "POST /seller/add_book HTTP/1.1" 200 -
2024-12-19 08:58:01 - werkzeug - INFO - 127.0.0.1 - - [19/Dec/2024 08:58:01] "POST /seller/add_book HTTP/1.1" 200 -
2024-12-19 08:58:01 - werkzeug - INFO - 127.0.0.1 - - [19/Dec/2024 08:58:01] "POST /seller/add_book HTTP/1.1" 200 -
2024-12-19 08:58:01 - werkzeug - INFO - 127.0.0.1 - - [19/Dec/2024 08:58:01] "POST /seller/add_book HTTP/1.1" 200 -
2024-12-19 08:58:01 - werkzeug - INFO - 127.0.0.1 - - [19/Dec/2024 08:58:01] "POST /seller/add_book HTTP/1.1" 200 -
2024-12-19 08:58:01 - werkzeug - INFO - 127.0.0.1 - - [19/Dec/2024 08:58:01] "POST /seller/add_book HTTP/1.1" 200 -
2024-12-19 08:58:01 - werkzeug - INFO - 127.0.0.1 - - [19/Dec/2024 08:58:01] "POST /seller/add_book HTTP/1.1" 200 -
2024-12-19 08:58:01 - werkzeug - INFO - 127.0.0.1 - - [19/Dec/2024 08:58:01] "POST /seller/add_book HTTP/1.1" 200 -
2024-12-19 08:58:01 - werkzeug - INFO - 127.0.0.1 - - [19/Dec/2024 08:58:01] "POST /seller/add_book HTTP/1.1" 200 -
2024-12-19 08:58:01 - werkzeug - INFO - 127.0.0.1 - - [19/Dec/2024 08:58:01] "POST /seller/add_book HTTP/1.1" 200 -
2024-12-19 08:58:01 - werkzeug - INFO - 127.0.0.1 - - [19/Dec/2024 08:58:01] "POST /seller/add_book HTTP/1.1" 200 -
2024-12-19 08:58:01 - werkzeug - INFO - 127.0.0.1 - - [19/Dec/2024 08:58:01] "POST /seller/add_book HTTP/1.1" 200 -
2024-12-19 08:58:01 - werkzeug - INFO - 127.0.0.1 - - [19/Dec/2024 08:58:01] "POST /seller/add_book HTTP/1.1" 200 -
2024-12-19 08:58:01 - werkzeug - INFO - 127.0.0.1 - - [19/Dec/2024 08:58:01] "POST /seller/add_book HTTP/1.1" 200 -
2024-12-19 08:58:01 - werkzeug - INFO - 127.0.0.1 - - [19/Dec/2024 08:58:01] "POST /seller/add_book HTTP/1.1" 200 -
2024-12-19 08:58:02 - werkzeug - INFO - 127.0.0.1 - - [19/Dec/2024 08:58:02] "POST /seller/add_book HTTP/1.1" 200 -
2024-12-19 08:58:02 - werkzeug - INFO - 127.0.0.1 - - [19/Dec/2024 08:58:02] "POST /seller/add_book HTTP/1.1" 200 -
2024-12-19 08:58:02 - werkzeug - INFO - 127.0.0.1 - - [19/Dec/2024 08:58:02] "POST /seller/add_book HTTP/1.1" 200 -
2024-12-19 08:58:02 - werkzeug - INFO - 127.0.0.1 - - [19/Dec/2024 08:58:02] "POST /seller/add_book HTTP/1.1" 200 -
2024-12-19 08:58:02 - werkzeug - INFO - 127.0.0.1 - - [19/Dec/2024 08:58:02] "POST /seller/add_book HTTP/1.1" 200 -
2024-12-19 08:58:02 - werkzeug - INFO - 127.0.0.1 - - [19/Dec/2024 08:58:02] "POST /seller/add_book HTTP/1.1" 200 -
2024-12-19 08:58:02 - werkzeug - INFO - 127.0.0.1 - - [19/Dec/2024 08:58:02] "POST /seller/add_book HTTP/1.1" 200 -
2024-12-19 08:58:02 - werkzeug - INFO - 127.0.0.1 - - [19/Dec/2024 08:58:02] "POST /seller/add_book HTTP/1.1" 200 -
2024-12-19 08:58:02 - werkzeug - INFO - 127.0.0.1 - - [19/Dec/2024 08:58:02] "POST /seller/add_book HTTP/1.1" 200 -
2024-12-19 08:58:02 - werkzeug - INFO - 127.0.0.1 - - [19/Dec/2024 08:58:02] "POST /seller/add_book HTTP/1.1" 200 -
2024-12-19 08:58:02 - werkzeug - INFO - 127.0.0.1 - - [19/Dec/2024 08:58:02] "POST /seller/add_book HTTP/1.1" 200 -
2024-12-19 08:58:02 - werkzeug - INFO - 127.0.0.1 - - [19/Dec/2024 08:58:02] "POST /seller/add_book HTTP/1.1" 200 -
2024-12-19 08:58:02 - werkzeug - INFO - 127.0.0.1 - - [19/Dec/2024 08:58:02] "POST /seller/add_book HTTP/1.1" 200 -
2024-12-19 08:58:02 - werkzeug - INFO - 127.0.0.1 - - [19/Dec/2024 08:58:02] "POST /seller/add_book HTTP/1.1" 200 -
2024-12-19 08:58:02 - werkzeug - INFO - 127.0.0.1 - - [19/Dec/2024 08:58:02] "POST /seller/add_book HTTP/1.1" 200 -
2024-12-19 08:58:02 - werkzeug - INFO - 127.0.0.1 - - [19/Dec/2024 08:58:02] "POST /seller/add_book HTTP/1.1" 200 -
2024-12-19 08:58:03 - werkzeug - INFO - 127.0.0.1 - - [19/Dec/2024 08:58:03] "POST /seller/add_book HTTP/1.1" 200 -
2024-12-19 08:58:03 - werkzeug - INFO - 127.0.0.1 - - [19/Dec/2024 08:58:03] "POST /seller/add_book HTTP/1.1" 200 -
2024-12-19 08:58:03 - werkzeug - INFO - 127.0.0.1 - - [19/Dec/2024 08:58:03] "POST /seller/add_book HTTP/1.1" 200 -
2024-12-19 08:58:03 - werkzeug - INFO - 127.0.0.1 - - [19/Dec/2024 08:58:03] "POST /seller/add_book HTTP/1.1" 200 -
2024-12-19 08:58:03 - werkzeug - INFO - 127.0.0.1 - - [19/Dec/2024 08:58:03] "POST /seller/add_book HTTP/1.1" 200 -
2024-12-19 08:58:03 - werkzeug - INFO - 127.0.0.1 - - [19/Dec/2024 08:58:03] "POST /seller/add_book HTTP/1.1" 200 -
2024-12-19 08:58:03 - werkzeug - INFO - 127.0.0.1 - - [19/Dec/2024 08:58:03] "POST /seller/add_book HTTP/1.1" 200 -
2024-12-19 08:58:03 - werkzeug - INFO - 127.0.0.1 - - [19/Dec/2024 08:58:03] "POST /seller/add_book HTTP/1.1" 200 -
2024-12-19 08:58:03 - werkzeug - INFO - 127.0.0.1 - - [19/Dec/2024 08:58:03] "POST /seller/add_book HTTP/1.1" 200 -
2024-12-19 08:58:03 - werkzeug - INFO - 127.0.0.1 - - [19/Dec/2024 08:58:03] "POST /seller/add_book HTTP/1.1" 200 -
2024-12-19 08:58:03 - werkzeug - INFO - 127.0.0.1 - - [19/Dec/2024 08:58:03] "POST /seller/add_book HTTP/1.1" 200 -
2024-12-19 08:58:03 - werkzeug - INFO - 127.0.0.1 - - [19/Dec/2024 08:58:03] "POST /seller/add_book HTTP/1.1" 200 -
2024-12-19 08:58:03 - werkzeug - INFO - 127.0.0.1 - - [19/Dec/2024 08:58:03] "POST /seller/add_book HTTP/1.1" 200 -
2024-12-19 08:58:03 - werkzeug - INFO - 127.0.0.1 - - [19/Dec/2024 08:58:03] "POST /seller/add_book HTTP/1.1" 200 -
2024-12-19 08:58:03 - werkzeug - INFO - 127.0.0.1 - - [19/Dec/2024 08:58:03] "POST /seller/add_book HTTP/1.1" 200 -
2024-12-19 08:58:03 - werkzeug - INFO - 127.0.0.1 - - [19/Dec/2024 08:58:03] "POST /seller/add_book HTTP/1.1" 200 -
2024-12-19 08:58:04 - werkzeug - INFO - 127.0.0.1 - - [19/Dec/2024 08:58:04] "POST /seller/add_book HTTP/1.1" 200 -
2024-12-19 08:58:04 - werkzeug - INFO - 127.0.0.1 - - [19/Dec/2024 08:58:04] "POST /seller/add_book HTTP/1.1" 200 -
2024-12-19 08:58:04 - werkzeug - INFO - 127.0.0.1 - - [19/Dec/2024 08:58:04] "POST /seller/create_store HTTP/1.1" 200 -
2024-12-19 08:58:07 - werkzeug - INFO - 127.0.0.1 - - [19/Dec/2024 08:58:07] "POST /seller/add_book HTTP/1.1" 200 -
2024-12-19 08:58:07 - werkzeug - INFO - 127.0.0.1 - - [19/Dec/2024 08:58:07] "POST /seller/add_book HTTP/1.1" 200 -
2024-12-19 08:58:07 - werkzeug - INFO - 127.0.0.1 - - [19/Dec/2024 08:58:07] "POST /seller/add_book HTTP/1.1" 200 -
2024-12-19 08:58:07 - werkzeug - INFO - 127.0.0.1 - - [19/Dec/2024 08:58:07] "POST /seller/add_book HTTP/1.1" 200 -
2024-12-19 08:58:07 - werkzeug - INFO - 127.0.0.1 - - [19/Dec/2024 08:58:07] "POST /seller/add_book HTTP/1.1" 200 -
2024-12-19 08:58:07 - werkzeug - INFO - 127.0.0.1 - - [19/Dec/2024 08:58:07] "POST /seller/add_book HTTP/1.1" 200 -
2024-12-19 08:58:07 - werkzeug - INFO - 127.0.0.1 - - [19/Dec/2024 08:58:07] "POST /seller/add_book HTTP/1.1" 200 -
2024-12-19 08:58:08 - werkzeug - INFO - 127.0.0.1 - - [19/Dec/2024 08:58:08] "POST /seller/add_book HTTP/1.1" 200 -
2024-12-19 08:58:08 - werkzeug - INFO - 127.0.0.1 - - [19/Dec/2024 08:58:08] "POST /seller/add_book HTTP/1.1" 200 -
2024-12-19 08:58:08 - werkzeug - INFO - 127.0.0.1 - - [19/Dec/2024 08:58:08] "POST /seller/add_book HTTP/1.1" 200 -
2024-12-19 08:58:08 - werkzeug - INFO - 127.0.0.1 - - [19/Dec/2024 08:58:08] "POST /seller/add_book HTTP/1.1" 200 -
2024-12-19 08:58:08 - werkzeug - INFO - 127.0.0.1 - - [19/Dec/2024 08:58:08] "POST /seller/add_book HTTP/1.1" 200 -
2024-12-19 08:58:08 - werkzeug - INFO - 127.0.0.1 - - [19/Dec/2024 08:58:08] "POST /seller/add_book HTTP/1.1" 200 -
2024-12-19 08:58:08 - werkzeug - INFO - 127.0.0.1 - - [19/Dec/2024 08:58:08] "POST /seller/add_book HTTP/1.1" 200 -
2024-12-19 08:58:08 - werkzeug - INFO - 127.0.0.1 - - [19/Dec/2024 08:58:08] "POST /seller/add_book HTTP/1.1" 200 -
2024-12-19 08:58:08 - werkzeug - INFO - 127.0.0.1 - - [19/Dec/2024 08:58:08] "POST /seller/add_book HTTP/1.1" 200 -
2024-12-19 08:58:08 - werkzeug - INFO - 127.0.0.1 - - [19/Dec/2024 08:58:08] "POST /seller/add_book HTTP/1.1" 200 -
2024-12-19 08:58:08 - werkzeug - INFO - 127.0.0.1 - - [19/Dec/2024 08:58:08] "POST /seller/add_book HTTP/1.1" 200 -
2024-12-19 08:58:08 - werkzeug - INFO - 127.0.0.1 - - [19/Dec/2024 08:58:08] "POST /seller/add_book HTTP/1.1" 200 -
2024-12-19 08:58:08 - werkzeug - INFO - 127.0.0.1 - - [19/Dec/2024 08:58:08] "POST /seller/add_book HTTP/1.1" 200 -
2024-12-19 08:58:08 - werkzeug - INFO - 127.0.0.1 - - [19/Dec/2024 08:58:08] "POST /seller/add_book HTTP/1.1" 200 -
2024-12-19 08:58:08 - werkzeug - INFO - 127.0.0.1 - - [19/Dec/2024 08:58:08] "POST /seller/add_book HTTP/1.1" 200 -
2024-12-19 08:58:08 - werkzeug - INFO - 127.0.0.1 - - [19/Dec/2024 08:58:08] "POST /seller/add_book HTTP/1.1" 200 -
2024-12-19 08:58:09 - werkzeug - INFO - 127.0.0.1 - - [19/Dec/2024 08:58:09] "POST /seller/add_book HTTP/1.1" 200 -
2024-12-19 08:58:09 - werkzeug - INFO - 127.0.0.1 - - [19/Dec/2024 08:58:09] "POST /seller/add_book HTTP/1.1" 200 -
2024-12-19 08:58:09 - werkzeug - INFO - 127.0.0.1 - - [19/Dec/2024 08:58:09] "POST /seller/add_book HTTP/1.1" 200 -
2024-12-19 08:58:09 - werkzeug - INFO - 127.0.0.1 - - [19/Dec/2024 08:58:09] "POST /seller/add_book HTTP/1.1" 200 -
2024-12-19 08:58:09 - werkzeug - INFO - 127.0.0.1 - - [19/Dec/2024 08:58:09] "POST /seller/add_book HTTP/1.1" 200 -
2024-12-19 08:58:09 - werkzeug - INFO - 127.0.0.1 - - [19/Dec/2024 08:58:09] "POST /seller/add_book HTTP/1.1" 200 -
2024-12-19 08:58:09 - werkzeug - INFO - 127.0.0.1 - - [19/Dec/2024 08:58:09] "POST /seller/add_book HTTP/1.1" 200 -
2024-12-19 08:58:09 - werkzeug - INFO - 127.0.0.1 - - [19/Dec/2024 08:58:09] "POST /seller/add_book HTTP/1.1" 200 -
2024-12-19 08:58:09 - werkzeug - INFO - 127.0.0.1 - - [19/Dec/2024 08:58:09] "POST /seller/add_book HTTP/1.1" 200 -
2024-12-19 08:58:09 - werkzeug - INFO - 127.0.0.1 - - [19/Dec/2024 08:58:09] "POST /seller/add_book HTTP/1.1" 200 -
2024-12-19 08:58:09 - werkzeug - INFO - 127.0.0.1 - - [19/Dec/2024 08:58:09] "POST /seller/add_book HTTP/1.1" 200 -
2024-12-19 08:58:09 - werkzeug - INFO - 127.0.0.1 - - [19/Dec/2024 08:58:09] "POST /seller/add_book HTTP/1.1" 200 -
2024-12-19 08:58:09 - werkzeug - INFO - 127.0.0.1 - - [19/Dec/2024 08:58:09] "POST /seller/add_book HTTP/1.1" 200 -
2024-12-19 08:58:09 - werkzeug - INFO - 127.0.0.1 - - [19/Dec/2024 08:58:09] "POST /seller/add_book HTTP/1.1" 200 -
2024-12-19 08:58:09 - werkzeug - INFO - 127.0.0.1 - - [19/Dec/2024 08:58:09] "POST /seller/add_book HTTP/1.1" 200 -
2024-12-19 08:58:09 - werkzeug - INFO - 127.0.0.1 - - [19/Dec/2024 08:58:09] "POST /seller/add_book HTTP/1.1" 200 -
2024-12-19 08:58:10 - werkzeug - INFO - 127.0.0.1 - - [19/Dec/2024 08:58:10] "POST /seller/add_book HTTP/1.1" 200 -
2024-12-19 08:58:10 - werkzeug - INFO - 127.0.0.1 - - [19/Dec/2024 08:58:10] "POST /seller/add_book HTTP/1.1" 200 -
2024-12-19 08:58:10 - werkzeug - INFO - 127.0.0.1 - - [19/Dec/2024 08:58:10] "POST /seller/add_book HTTP/1.1" 200 -
2024-12-19 08:58:10 - werkzeug - INFO - 127.0.0.1 - - [19/Dec/2024 08:58:10] "POST /seller/add_book HTTP/1.1" 200 -
2024-12-19 08:58:10 - werkzeug - INFO - 127.0.0.1 - - [19/Dec/2024 08:58:10] "POST /seller/add_book HTTP/1.1" 200 -
2024-12-19 08:58:10 - werkzeug - INFO - 127.0.0.1 - - [19/Dec/2024 08:58:10] "POST /seller/add_book HTTP/1.1" 200 -
2024-12-19 08:58:10 - werkzeug - INFO - 127.0.0.1 - - [19/Dec/2024 08:58:10] "POST /seller/add_book HTTP/1.1" 200 -
2024-12-19 08:58:10 - werkzeug - INFO - 127.0.0.1 - - [19/Dec/2024 08:58:10] "POST /seller/add_book HTTP/1.1" 200 -
2024-12-19 08:58:10 - werkzeug - INFO - 127.0.0.1 - - [19/Dec/2024 08:58:10] "POST /seller/add_book HTTP/1.1" 200 -
2024-12-19 08:58:10 - werkzeug - INFO - 127.0.0.1 - - [19/Dec/2024 08:58:10] "POST /seller/add_book HTTP/1.1" 200 -
2024-12-19 08:58:10 - werkzeug - INFO - 127.0.0.1 - - [19/Dec/2024 08:58:10] "POST /seller/add_book HTTP/1.1" 200 -
2024-12-19 08:58:10 - werkzeug - INFO - 127.0.0.1 - - [19/Dec/2024 08:58:10] "POST /seller/add_book HTTP/1.1" 200 -
2024-12-19 08:58:10 - werkzeug - INFO - 127.0.0.1 - - [19/Dec/2024 08:58:10] "POST /seller/add_book HTTP/1.1" 200 -
2024-12-19 08:58:10 - werkzeug - INFO - 127.0.0.1 - - [19/Dec/2024 08:58:10] "POST /seller/add_book HTTP/1.1" 200 -
2024-12-19 08:58:10 - werkzeug - INFO - 127.0.0.1 - - [19/Dec/2024 08:58:10] "POST /seller/add_book HTTP/1.1" 200 -
2024-12-19 08:58:10 - werkzeug - INFO - 127.0.0.1 - - [19/Dec/2024 08:58:10] "POST /seller/add_book HTTP/1.1" 200 -
2024-12-19 08:58:11 - werkzeug - INFO - 127.0.0.1 - - [19/Dec/2024 08:58:11] "POST /seller/add_book HTTP/1.1" 200 -
2024-12-19 08:58:11 - werkzeug - INFO - 127.0.0.1 - - [19/Dec/2024 08:58:11] "POST /seller/add_book HTTP/1.1" 200 -
2024-12-19 08:58:11 - werkzeug - INFO - 127.0.0.1 - - [19/Dec/2024 08:58:11] "POST /seller/add_book HTTP/1.1" 200 -
2024-12-19 08:58:11 - werkzeug - INFO - 127.0.0.1 - - [19/Dec/2024 08:58:11] "POST /seller/add_book HTTP/1.1" 200 -
2024-12-19 08:58:11 - werkzeug - INFO - 127.0.0.1 - - [19/Dec/2024 08:58:11] "POST /seller/add_book HTTP/1.1" 200 -
2024-12-19 08:58:11 - werkzeug - INFO - 127.0.0.1 - - [19/Dec/2024 08:58:11] "POST /seller/add_book HTTP/1.1" 200 -
2024-12-19 08:58:11 - werkzeug - INFO - 127.0.0.1 - - [19/Dec/2024 08:58:11] "POST /seller/add_book HTTP/1.1" 200 -
2024-12-19 08:58:11 - werkzeug - INFO - 127.0.0.1 - - [19/Dec/2024 08:58:11] "POST /seller/add_book HTTP/1.1" 200 -
2024-12-19 08:58:11 - werkzeug - INFO - 127.0.0.1 - - [19/Dec/2024 08:58:11] "POST /seller/add_book HTTP/1.1" 200 -
2024-12-19 08:58:11 - werkzeug - INFO - 127.0.0.1 - - [19/Dec/2024 08:58:11] "POST /seller/add_book HTTP/1.1" 200 -
2024-12-19 08:58:11 - werkzeug - INFO - 127.0.0.1 - - [19/Dec/2024 08:58:11] "POST /seller/add_book HTTP/1.1" 200 -
2024-12-19 08:58:11 - werkzeug - INFO - 127.0.0.1 - - [19/Dec/2024 08:58:11] "POST /seller/add_book HTTP/1.1" 200 -
2024-12-19 08:58:11 - werkzeug - INFO - 127.0.0.1 - - [19/Dec/2024 08:58:11] "POST /seller/add_book HTTP/1.1" 200 -
2024-12-19 08:58:11 - werkzeug - INFO - 127.0.0.1 - - [19/Dec/2024 08:58:11] "POST /seller/add_book HTTP/1.1" 200 -
2024-12-19 08:58:11 - werkzeug - INFO - 127.0.0.1 - - [19/Dec/2024 08:58:11] "POST /seller/add_book HTTP/1.1" 200 -
2024-12-19 08:58:12 - werkzeug - INFO - 127.0.0.1 - - [19/Dec/2024 08:58:12] "POST /seller/add_book HTTP/1.1" 200 -
2024-12-19 08:58:12 - werkzeug - INFO - 127.0.0.1 - - [19/Dec/2024 08:58:12] "POST /seller/add_book HTTP/1.1" 200 -
2024-12-19 08:58:12 - werkzeug - INFO - 127.0.0.1 - - [19/Dec/2024 08:58:12] "POST /seller/add_book HTTP/1.1" 200 -
2024-12-19 08:58:12 - werkzeug - INFO - 127.0.0.1 - - [19/Dec/2024 08:58:12] "POST /seller/add_book HTTP/1.1" 200 -
2024-12-19 08:58:12 - werkzeug - INFO - 127.0.0.1 - - [19/Dec/2024 08:58:12] "POST /seller/add_book HTTP/1.1" 200 -
2024-12-19 08:58:12 - werkzeug - INFO - 127.0.0.1 - - [19/Dec/2024 08:58:12] "POST /seller/add_book HTTP/1.1" 200 -
2024-12-19 08:58:12 - werkzeug - INFO - 127.0.0.1 - - [19/Dec/2024 08:58:12] "POST /seller/add_book HTTP/1.1" 200 -
2024-12-19 08:58:12 - werkzeug - INFO - 127.0.0.1 - - [19/Dec/2024 08:58:12] "POST /seller/add_book HTTP/1.1" 200 -
2024-12-19 08:58:12 - werkzeug - INFO - 127.0.0.1 - - [19/Dec/2024 08:58:12] "POST /seller/add_book HTTP/1.1" 200 -
2024-12-19 08:58:12 - werkzeug - INFO - 127.0.0.1 - - [19/Dec/2024 08:58:12] "POST /seller/add_book HTTP/1.1" 200 -
2024-12-19 08:58:12 - werkzeug - INFO - 127.0.0.1 - - [19/Dec/2024 08:58:12] "POST /seller/add_book HTTP/1.1" 200 -
2024-12-19 08:58:12 - werkzeug - INFO - 127.0.0.1 - - [19/Dec/2024 08:58:12] "POST /seller/add_book HTTP/1.1" 200 -
2024-12-19 08:58:12 - werkzeug - INFO - 127.0.0.1 - - [19/Dec/2024 08:58:12] "POST /seller/add_book HTTP/1.1" 200 -
2024-12-19 08:58:12 - werkzeug - INFO - 127.0.0.1 - - [19/Dec/2024 08:58:12] "POST /seller/add_book HTTP/1.1" 200 -
2024-12-19 08:58:12 - werkzeug - INFO - 127.0.0.1 - - [19/Dec/2024 08:58:12] "POST /seller/add_book HTTP/1.1" 200 -
2024-12-19 08:58:12 - werkzeug - INFO - 127.0.0.1 - - [19/Dec/2024 08:58:12] "POST /seller/add_book HTTP/1.1" 200 -
2024-12-19 08:58:13 - werkzeug - INFO - 127.0.0.1 - - [19/Dec/2024 08:58:13] "POST /seller/add_book HTTP/1.1" 200 -
2024-12-19 08:58:13 - werkzeug - INFO - 127.0.0.1 - - [19/Dec/2024 08:58:13] "POST /seller/add_book HTTP/1.1" 200 -
2024-12-19 08:58:13 - werkzeug - INFO - 127.0.0.1 - - [19/Dec/2024 08:58:13] "POST /seller/add_book HTTP/1.1" 200 -
2024-12-19 08:58:13 - werkzeug - INFO - 127.0.0.1 - - [19/Dec/2024 08:58:13] "POST /seller/add_book HTTP/1.1" 200 -
2024-12-19 08:58:13 - werkzeug - INFO - 127.0.0.1 - - [19/Dec/2024 08:58:13] "POST /seller/add_book HTTP/1.1" 200 -
2024-12-19 08:58:13 - werkzeug - INFO - 127.0.0.1 - - [19/Dec/2024 08:58:13] "POST /seller/add_book HTTP/1.1" 200 -
2024-12-19 08:58:13 - werkzeug - INFO - 127.0.0.1 - - [19/Dec/2024 08:58:13] "POST /seller/add_book HTTP/1.1" 200 -
2024-12-19 08:58:13 - werkzeug - INFO - 127.0.0.1 - - [19/Dec/2024 08:58:13] "POST /seller/add_book HTTP/1.1" 200 -
2024-12-19 08:58:13 - werkzeug - INFO - 127.0.0.1 - - [19/Dec/2024 08:58:13] "POST /seller/add_book HTTP/1.1" 200 -
2024-12-19 08:58:13 - werkzeug - INFO - 127.0.0.1 - - [19/Dec/2024 08:58:13] "POST /seller/add_book HTTP/1.1" 200 -
2024-12-19 08:58:13 - werkzeug - INFO - 127.0.0.1 - - [19/Dec/2024 08:58:13] "POST /seller/add_book HTTP/1.1" 200 -
2024-12-19 08:58:13 - werkzeug - INFO - 127.0.0.1 - - [19/Dec/2024 08:58:13] "POST /seller/add_book HTTP/1.1" 200 -
2024-12-19 08:58:13 - werkzeug - INFO - 127.0.0.1 - - [19/Dec/2024 08:58:13] "POST /seller/add_book HTTP/1.1" 200 -
2024-12-19 08:58:13 - werkzeug - INFO - 127.0.0.1 - - [19/Dec/2024 08:58:13] "POST /seller/add_book HTTP/1.1" 200 -
2024-12-19 08:58:13 - be.view.auth - INFO - 收到注册请求: {'user_id': 'seller_2_46abceaa-bda4-11ef-87d8-02a6845b4b32', 'password': 'password_seller_2_46abceaa-bda4-11ef-87d8-02a6845b4b32'}
2024-12-19 08:58:13 - be.model.user - INFO - 尝试注册新用户：seller_2_46abceaa-bda4-11ef-87d8-02a6845b4b32
2024-12-19 08:58:14 - be.model.user - INFO - 加密密码...
2024-12-19 08:58:14 - be.model.user - INFO - 创建新用户...
2024-12-19 08:58:14 - be.model.user - INFO - 添加用户到数据库...
2024-12-19 08:58:14 - be.model.user - INFO - 用户注册成功：seller_2_46abceaa-bda4-11ef-87d8-02a6845b4b32
2024-12-19 08:58:14 - be.view.auth - INFO - 注册处理结果: 200
2024-12-19 08:58:14 - werkzeug - INFO - 127.0.0.1 - - [19/Dec/2024 08:58:14] "POST /auth/register HTTP/1.1" 200 -
2024-12-19 08:58:14 - be.view.auth - INFO - 收到登录请求: {'user_id': 'seller_2_46abceaa-bda4-11ef-87d8-02a6845b4b32', 'password': 'password_seller_2_46abceaa-bda4-11ef-87d8-02a6845b4b32', 'terminal': 'my terminal'}
2024-12-19 08:58:14 - be.model.user - INFO - 尝试登录用户：seller_2_46abceaa-bda4-11ef-87d8-02a6845b4b32，终端：my terminal
2024-12-19 08:58:14 - be.model.user - INFO - 为用户 seller_2_46abceaa-bda4-11ef-87d8-02a6845b4b32 生成新token，终端：my terminal
2024-12-19 08:58:14 - be.model.user - INFO - 用户登录成功：seller_2_46abceaa-bda4-11ef-87d8-02a6845b4b32
2024-12-19 08:58:14 - be.view.auth - INFO - 登录处理结果: 200
2024-12-19 08:58:14 - werkzeug - INFO - 127.0.0.1 - - [19/Dec/2024 08:58:14] "POST /auth/login HTTP/1.1" 200 -
2024-12-19 08:58:14 - werkzeug - INFO - 127.0.0.1 - - [19/Dec/2024 08:58:14] "POST /seller/create_store HTTP/1.1" 200 -
2024-12-19 08:58:17 - werkzeug - INFO - 127.0.0.1 - - [19/Dec/2024 08:58:17] "POST /seller/add_book HTTP/1.1" 200 -
2024-12-19 08:58:17 - werkzeug - INFO - 127.0.0.1 - - [19/Dec/2024 08:58:17] "POST /seller/add_book HTTP/1.1" 200 -
2024-12-19 08:58:17 - werkzeug - INFO - 127.0.0.1 - - [19/Dec/2024 08:58:17] "POST /seller/add_book HTTP/1.1" 200 -
2024-12-19 08:58:18 - werkzeug - INFO - 127.0.0.1 - - [19/Dec/2024 08:58:18] "POST /seller/add_book HTTP/1.1" 200 -
2024-12-19 08:58:18 - werkzeug - INFO - 127.0.0.1 - - [19/Dec/2024 08:58:18] "POST /seller/add_book HTTP/1.1" 200 -
2024-12-19 08:58:18 - werkzeug - INFO - 127.0.0.1 - - [19/Dec/2024 08:58:18] "POST /seller/add_book HTTP/1.1" 200 -
2024-12-19 08:58:18 - werkzeug - INFO - 127.0.0.1 - - [19/Dec/2024 08:58:18] "POST /seller/add_book HTTP/1.1" 200 -
2024-12-19 08:58:18 - werkzeug - INFO - 127.0.0.1 - - [19/Dec/2024 08:58:18] "POST /seller/add_book HTTP/1.1" 200 -
2024-12-19 08:58:18 - werkzeug - INFO - 127.0.0.1 - - [19/Dec/2024 08:58:18] "POST /seller/add_book HTTP/1.1" 200 -
2024-12-19 08:58:18 - werkzeug - INFO - 127.0.0.1 - - [19/Dec/2024 08:58:18] "POST /seller/add_book HTTP/1.1" 200 -
2024-12-19 08:58:18 - werkzeug - INFO - 127.0.0.1 - - [19/Dec/2024 08:58:18] "POST /seller/add_book HTTP/1.1" 200 -
2024-12-19 08:58:18 - werkzeug - INFO - 127.0.0.1 - - [19/Dec/2024 08:58:18] "POST /seller/add_book HTTP/1.1" 200 -
2024-12-19 08:58:18 - werkzeug - INFO - 127.0.0.1 - - [19/Dec/2024 08:58:18] "POST /seller/add_book HTTP/1.1" 200 -
2024-12-19 08:58:18 - werkzeug - INFO - 127.0.0.1 - - [19/Dec/2024 08:58:18] "POST /seller/add_book HTTP/1.1" 200 -
2024-12-19 08:58:18 - werkzeug - INFO - 127.0.0.1 - - [19/Dec/2024 08:58:18] "POST /seller/add_book HTTP/1.1" 200 -
2024-12-19 08:58:18 - werkzeug - INFO - 127.0.0.1 - - [19/Dec/2024 08:58:18] "POST /seller/add_book HTTP/1.1" 200 -
2024-12-19 08:58:18 - werkzeug - INFO - 127.0.0.1 - - [19/Dec/2024 08:58:18] "POST /seller/add_book HTTP/1.1" 200 -
2024-12-19 08:58:18 - werkzeug - INFO - 127.0.0.1 - - [19/Dec/2024 08:58:18] "POST /seller/add_book HTTP/1.1" 200 -
2024-12-19 08:58:18 - werkzeug - INFO - 127.0.0.1 - - [19/Dec/2024 08:58:18] "POST /seller/add_book HTTP/1.1" 200 -
2024-12-19 08:58:19 - werkzeug - INFO - 127.0.0.1 - - [19/Dec/2024 08:58:19] "POST /seller/add_book HTTP/1.1" 200 -
2024-12-19 08:58:19 - werkzeug - INFO - 127.0.0.1 - - [19/Dec/2024 08:58:19] "POST /seller/add_book HTTP/1.1" 200 -
2024-12-19 08:58:19 - werkzeug - INFO - 127.0.0.1 - - [19/Dec/2024 08:58:19] "POST /seller/add_book HTTP/1.1" 200 -
2024-12-19 08:58:19 - werkzeug - INFO - 127.0.0.1 - - [19/Dec/2024 08:58:19] "POST /seller/add_book HTTP/1.1" 200 -
2024-12-19 08:58:19 - werkzeug - INFO - 127.0.0.1 - - [19/Dec/2024 08:58:19] "POST /seller/add_book HTTP/1.1" 200 -
2024-12-19 08:58:19 - werkzeug - INFO - 127.0.0.1 - - [19/Dec/2024 08:58:19] "POST /seller/add_book HTTP/1.1" 200 -
2024-12-19 08:58:19 - werkzeug - INFO - 127.0.0.1 - - [19/Dec/2024 08:58:19] "POST /seller/add_book HTTP/1.1" 200 -
2024-12-19 08:58:19 - werkzeug - INFO - 127.0.0.1 - - [19/Dec/2024 08:58:19] "POST /seller/add_book HTTP/1.1" 200 -
2024-12-19 08:58:19 - werkzeug - INFO - 127.0.0.1 - - [19/Dec/2024 08:58:19] "POST /seller/add_book HTTP/1.1" 200 -
2024-12-19 08:58:19 - werkzeug - INFO - 127.0.0.1 - - [19/Dec/2024 08:58:19] "POST /seller/add_book HTTP/1.1" 200 -
2024-12-19 08:58:19 - werkzeug - INFO - 127.0.0.1 - - [19/Dec/2024 08:58:19] "POST /seller/add_book HTTP/1.1" 200 -
2024-12-19 08:58:19 - werkzeug - INFO - 127.0.0.1 - - [19/Dec/2024 08:58:19] "POST /seller/add_book HTTP/1.1" 200 -
2024-12-19 08:58:19 - werkzeug - INFO - 127.0.0.1 - - [19/Dec/2024 08:58:19] "POST /seller/add_book HTTP/1.1" 200 -
2024-12-19 08:58:19 - werkzeug - INFO - 127.0.0.1 - - [19/Dec/2024 08:58:19] "POST /seller/add_book HTTP/1.1" 200 -
2024-12-19 08:58:19 - werkzeug - INFO - 127.0.0.1 - - [19/Dec/2024 08:58:19] "POST /seller/add_book HTTP/1.1" 200 -
2024-12-19 08:58:20 - werkzeug - INFO - 127.0.0.1 - - [19/Dec/2024 08:58:20] "POST /seller/add_book HTTP/1.1" 200 -
2024-12-19 08:58:20 - werkzeug - INFO - 127.0.0.1 - - [19/Dec/2024 08:58:20] "POST /seller/add_book HTTP/1.1" 200 -
2024-12-19 08:58:20 - werkzeug - INFO - 127.0.0.1 - - [19/Dec/2024 08:58:20] "POST /seller/add_book HTTP/1.1" 200 -
2024-12-19 08:58:20 - werkzeug - INFO - 127.0.0.1 - - [19/Dec/2024 08:58:20] "POST /seller/add_book HTTP/1.1" 200 -
2024-12-19 08:58:20 - werkzeug - INFO - 127.0.0.1 - - [19/Dec/2024 08:58:20] "POST /seller/add_book HTTP/1.1" 200 -
2024-12-19 08:58:20 - werkzeug - INFO - 127.0.0.1 - - [19/Dec/2024 08:58:20] "POST /seller/add_book HTTP/1.1" 200 -
2024-12-19 08:58:20 - werkzeug - INFO - 127.0.0.1 - - [19/Dec/2024 08:58:20] "POST /seller/add_book HTTP/1.1" 200 -
2024-12-19 08:58:20 - werkzeug - INFO - 127.0.0.1 - - [19/Dec/2024 08:58:20] "POST /seller/add_book HTTP/1.1" 200 -
2024-12-19 08:58:20 - werkzeug - INFO - 127.0.0.1 - - [19/Dec/2024 08:58:20] "POST /seller/add_book HTTP/1.1" 200 -
2024-12-19 08:58:20 - werkzeug - INFO - 127.0.0.1 - - [19/Dec/2024 08:58:20] "POST /seller/add_book HTTP/1.1" 200 -
2024-12-19 08:58:20 - werkzeug - INFO - 127.0.0.1 - - [19/Dec/2024 08:58:20] "POST /seller/add_book HTTP/1.1" 200 -
2024-12-19 08:58:20 - werkzeug - INFO - 127.0.0.1 - - [19/Dec/2024 08:58:20] "POST /seller/add_book HTTP/1.1" 200 -
2024-12-19 08:58:20 - werkzeug - INFO - 127.0.0.1 - - [19/Dec/2024 08:58:20] "POST /seller/add_book HTTP/1.1" 200 -
2024-12-19 08:58:21 - werkzeug - INFO - 127.0.0.1 - - [19/Dec/2024 08:58:21] "POST /seller/add_book HTTP/1.1" 200 -
2024-12-19 08:58:21 - werkzeug - INFO - 127.0.0.1 - - [19/Dec/2024 08:58:21] "POST /seller/add_book HTTP/1.1" 200 -
2024-12-19 08:58:21 - werkzeug - INFO - 127.0.0.1 - - [19/Dec/2024 08:58:21] "POST /seller/add_book HTTP/1.1" 200 -
2024-12-19 08:58:21 - werkzeug - INFO - 127.0.0.1 - - [19/Dec/2024 08:58:21] "POST /seller/add_book HTTP/1.1" 200 -
2024-12-19 08:58:21 - werkzeug - INFO - 127.0.0.1 - - [19/Dec/2024 08:58:21] "POST /seller/add_book HTTP/1.1" 200 -
2024-12-19 08:58:21 - werkzeug - INFO - 127.0.0.1 - - [19/Dec/2024 08:58:21] "POST /seller/add_book HTTP/1.1" 200 -
2024-12-19 08:58:21 - werkzeug - INFO - 127.0.0.1 - - [19/Dec/2024 08:58:21] "POST /seller/add_book HTTP/1.1" 200 -
2024-12-19 08:58:21 - werkzeug - INFO - 127.0.0.1 - - [19/Dec/2024 08:58:21] "POST /seller/add_book HTTP/1.1" 200 -
2024-12-19 08:58:21 - werkzeug - INFO - 127.0.0.1 - - [19/Dec/2024 08:58:21] "POST /seller/add_book HTTP/1.1" 200 -
2024-12-19 08:58:21 - werkzeug - INFO - 127.0.0.1 - - [19/Dec/2024 08:58:21] "POST /seller/add_book HTTP/1.1" 200 -
2024-12-19 08:58:21 - werkzeug - INFO - 127.0.0.1 - - [19/Dec/2024 08:58:21] "POST /seller/add_book HTTP/1.1" 200 -
2024-12-19 08:58:21 - werkzeug - INFO - 127.0.0.1 - - [19/Dec/2024 08:58:21] "POST /seller/add_book HTTP/1.1" 200 -
2024-12-19 08:58:21 - werkzeug - INFO - 127.0.0.1 - - [19/Dec/2024 08:58:21] "POST /seller/add_book HTTP/1.1" 200 -
2024-12-19 08:58:21 - werkzeug - INFO - 127.0.0.1 - - [19/Dec/2024 08:58:21] "POST /seller/add_book HTTP/1.1" 200 -
2024-12-19 08:58:21 - werkzeug - INFO - 127.0.0.1 - - [19/Dec/2024 08:58:21] "POST /seller/add_book HTTP/1.1" 200 -
2024-12-19 08:58:22 - werkzeug - INFO - 127.0.0.1 - - [19/Dec/2024 08:58:22] "POST /seller/add_book HTTP/1.1" 200 -
2024-12-19 08:58:22 - werkzeug - INFO - 127.0.0.1 - - [19/Dec/2024 08:58:22] "POST /seller/add_book HTTP/1.1" 200 -
2024-12-19 08:58:22 - werkzeug - INFO - 127.0.0.1 - - [19/Dec/2024 08:58:22] "POST /seller/add_book HTTP/1.1" 200 -
2024-12-19 08:58:22 - werkzeug - INFO - 127.0.0.1 - - [19/Dec/2024 08:58:22] "POST /seller/add_book HTTP/1.1" 200 -
2024-12-19 08:58:22 - werkzeug - INFO - 127.0.0.1 - - [19/Dec/2024 08:58:22] "POST /seller/add_book HTTP/1.1" 200 -
2024-12-19 08:58:22 - werkzeug - INFO - 127.0.0.1 - - [19/Dec/2024 08:58:22] "POST /seller/add_book HTTP/1.1" 200 -
2024-12-19 08:58:22 - werkzeug - INFO - 127.0.0.1 - - [19/Dec/2024 08:58:22] "POST /seller/add_book HTTP/1.1" 200 -
2024-12-19 08:58:22 - werkzeug - INFO - 127.0.0.1 - - [19/Dec/2024 08:58:22] "POST /seller/add_book HTTP/1.1" 200 -
2024-12-19 08:58:22 - werkzeug - INFO - 127.0.0.1 - - [19/Dec/2024 08:58:22] "POST /seller/add_book HTTP/1.1" 200 -
2024-12-19 08:58:22 - werkzeug - INFO - 127.0.0.1 - - [19/Dec/2024 08:58:22] "POST /seller/add_book HTTP/1.1" 200 -
2024-12-19 08:58:22 - werkzeug - INFO - 127.0.0.1 - - [19/Dec/2024 08:58:22] "POST /seller/add_book HTTP/1.1" 200 -
2024-12-19 08:58:22 - werkzeug - INFO - 127.0.0.1 - - [19/Dec/2024 08:58:22] "POST /seller/add_book HTTP/1.1" 200 -
2024-12-19 08:58:22 - werkzeug - INFO - 127.0.0.1 - - [19/Dec/2024 08:58:22] "POST /seller/add_book HTTP/1.1" 200 -
2024-12-19 08:58:22 - werkzeug - INFO - 127.0.0.1 - - [19/Dec/2024 08:58:22] "POST /seller/add_book HTTP/1.1" 200 -
2024-12-19 08:58:22 - werkzeug - INFO - 127.0.0.1 - - [19/Dec/2024 08:58:22] "POST /seller/add_book HTTP/1.1" 200 -
2024-12-19 08:58:23 - werkzeug - INFO - 127.0.0.1 - - [19/Dec/2024 08:58:23] "POST /seller/add_book HTTP/1.1" 200 -
2024-12-19 08:58:23 - werkzeug - INFO - 127.0.0.1 - - [19/Dec/2024 08:58:23] "POST /seller/add_book HTTP/1.1" 200 -
2024-12-19 08:58:23 - werkzeug - INFO - 127.0.0.1 - - [19/Dec/2024 08:58:23] "POST /seller/add_book HTTP/1.1" 200 -
2024-12-19 08:58:23 - werkzeug - INFO - 127.0.0.1 - - [19/Dec/2024 08:58:23] "POST /seller/add_book HTTP/1.1" 200 -
2024-12-19 08:58:23 - werkzeug - INFO - 127.0.0.1 - - [19/Dec/2024 08:58:23] "POST /seller/add_book HTTP/1.1" 200 -
2024-12-19 08:58:23 - werkzeug - INFO - 127.0.0.1 - - [19/Dec/2024 08:58:23] "POST /seller/add_book HTTP/1.1" 200 -
2024-12-19 08:58:23 - werkzeug - INFO - 127.0.0.1 - - [19/Dec/2024 08:58:23] "POST /seller/add_book HTTP/1.1" 200 -
2024-12-19 08:58:23 - werkzeug - INFO - 127.0.0.1 - - [19/Dec/2024 08:58:23] "POST /seller/add_book HTTP/1.1" 200 -
2024-12-19 08:58:23 - werkzeug - INFO - 127.0.0.1 - - [19/Dec/2024 08:58:23] "POST /seller/add_book HTTP/1.1" 200 -
2024-12-19 08:58:23 - werkzeug - INFO - 127.0.0.1 - - [19/Dec/2024 08:58:23] "POST /seller/add_book HTTP/1.1" 200 -
2024-12-19 08:58:23 - werkzeug - INFO - 127.0.0.1 - - [19/Dec/2024 08:58:23] "POST /seller/add_book HTTP/1.1" 200 -
2024-12-19 08:58:23 - werkzeug - INFO - 127.0.0.1 - - [19/Dec/2024 08:58:23] "POST /seller/add_book HTTP/1.1" 200 -
2024-12-19 08:58:23 - werkzeug - INFO - 127.0.0.1 - - [19/Dec/2024 08:58:23] "POST /seller/add_book HTTP/1.1" 200 -
2024-12-19 08:58:23 - werkzeug - INFO - 127.0.0.1 - - [19/Dec/2024 08:58:23] "POST /seller/add_book HTTP/1.1" 200 -
2024-12-19 08:58:23 - werkzeug - INFO - 127.0.0.1 - - [19/Dec/2024 08:58:23] "POST /seller/add_book HTTP/1.1" 200 -
2024-12-19 08:58:23 - werkzeug - INFO - 127.0.0.1 - - [19/Dec/2024 08:58:23] "POST /seller/add_book HTTP/1.1" 200 -
2024-12-19 08:58:24 - werkzeug - INFO - 127.0.0.1 - - [19/Dec/2024 08:58:24] "POST /seller/add_book HTTP/1.1" 200 -
2024-12-19 08:58:24 - werkzeug - INFO - 127.0.0.1 - - [19/Dec/2024 08:58:24] "POST /seller/add_book HTTP/1.1" 200 -
2024-12-19 08:58:24 - werkzeug - INFO - 127.0.0.1 - - [19/Dec/2024 08:58:24] "POST /seller/add_book HTTP/1.1" 200 -
2024-12-19 08:58:24 - werkzeug - INFO - 127.0.0.1 - - [19/Dec/2024 08:58:24] "POST /seller/add_book HTTP/1.1" 200 -
2024-12-19 08:58:24 - werkzeug - INFO - 127.0.0.1 - - [19/Dec/2024 08:58:24] "POST /seller/add_book HTTP/1.1" 200 -
2024-12-19 08:58:24 - werkzeug - INFO - 127.0.0.1 - - [19/Dec/2024 08:58:24] "POST /seller/add_book HTTP/1.1" 200 -
2024-12-19 08:58:24 - werkzeug - INFO - 127.0.0.1 - - [19/Dec/2024 08:58:24] "POST /seller/add_book HTTP/1.1" 200 -
2024-12-19 08:58:24 - werkzeug - INFO - 127.0.0.1 - - [19/Dec/2024 08:58:24] "POST /seller/create_store HTTP/1.1" 200 -
2024-12-19 08:58:27 - werkzeug - INFO - 127.0.0.1 - - [19/Dec/2024 08:58:27] "POST /seller/add_book HTTP/1.1" 200 -
2024-12-19 08:58:28 - werkzeug - INFO - 127.0.0.1 - - [19/Dec/2024 08:58:28] "POST /seller/add_book HTTP/1.1" 200 -
2024-12-19 08:58:28 - werkzeug - INFO - 127.0.0.1 - - [19/Dec/2024 08:58:28] "POST /seller/add_book HTTP/1.1" 200 -
2024-12-19 08:58:28 - werkzeug - INFO - 127.0.0.1 - - [19/Dec/2024 08:58:28] "POST /seller/add_book HTTP/1.1" 200 -
2024-12-19 08:58:28 - werkzeug - INFO - 127.0.0.1 - - [19/Dec/2024 08:58:28] "POST /seller/add_book HTTP/1.1" 200 -
2024-12-19 08:58:28 - werkzeug - INFO - 127.0.0.1 - - [19/Dec/2024 08:58:28] "POST /seller/add_book HTTP/1.1" 200 -
2024-12-19 08:58:28 - werkzeug - INFO - 127.0.0.1 - - [19/Dec/2024 08:58:28] "POST /seller/add_book HTTP/1.1" 200 -
2024-12-19 08:58:28 - werkzeug - INFO - 127.0.0.1 - - [19/Dec/2024 08:58:28] "POST /seller/add_book HTTP/1.1" 200 -
2024-12-19 08:58:28 - werkzeug - INFO - 127.0.0.1 - - [19/Dec/2024 08:58:28] "POST /seller/add_book HTTP/1.1" 200 -
2024-12-19 08:58:28 - werkzeug - INFO - 127.0.0.1 - - [19/Dec/2024 08:58:28] "POST /seller/add_book HTTP/1.1" 200 -
2024-12-19 08:58:28 - werkzeug - INFO - 127.0.0.1 - - [19/Dec/2024 08:58:28] "POST /seller/add_book HTTP/1.1" 200 -
2024-12-19 08:58:28 - werkzeug - INFO - 127.0.0.1 - - [19/Dec/2024 08:58:28] "POST /seller/add_book HTTP/1.1" 200 -
2024-12-19 08:58:28 - werkzeug - INFO - 127.0.0.1 - - [19/Dec/2024 08:58:28] "POST /seller/add_book HTTP/1.1" 200 -
2024-12-19 08:58:28 - werkzeug - INFO - 127.0.0.1 - - [19/Dec/2024 08:58:28] "POST /seller/add_book HTTP/1.1" 200 -
2024-12-19 08:58:28 - werkzeug - INFO - 127.0.0.1 - - [19/Dec/2024 08:58:28] "POST /seller/add_book HTTP/1.1" 200 -
2024-12-19 08:58:28 - werkzeug - INFO - 127.0.0.1 - - [19/Dec/2024 08:58:28] "POST /seller/add_book HTTP/1.1" 200 -
2024-12-19 08:58:29 - werkzeug - INFO - 127.0.0.1 - - [19/Dec/2024 08:58:29] "POST /seller/add_book HTTP/1.1" 200 -
2024-12-19 08:58:29 - werkzeug - INFO - 127.0.0.1 - - [19/Dec/2024 08:58:29] "POST /seller/add_book HTTP/1.1" 200 -
2024-12-19 08:58:29 - werkzeug - INFO - 127.0.0.1 - - [19/Dec/2024 08:58:29] "POST /seller/add_book HTTP/1.1" 200 -
2024-12-19 08:58:29 - werkzeug - INFO - 127.0.0.1 - - [19/Dec/2024 08:58:29] "POST /seller/add_book HTTP/1.1" 200 -
2024-12-19 08:58:29 - werkzeug - INFO - 127.0.0.1 - - [19/Dec/2024 08:58:29] "POST /seller/add_book HTTP/1.1" 200 -
2024-12-19 08:58:29 - werkzeug - INFO - 127.0.0.1 - - [19/Dec/2024 08:58:29] "POST /seller/add_book HTTP/1.1" 200 -
2024-12-19 08:58:29 - werkzeug - INFO - 127.0.0.1 - - [19/Dec/2024 08:58:29] "POST /seller/add_book HTTP/1.1" 200 -
2024-12-19 08:58:29 - werkzeug - INFO - 127.0.0.1 - - [19/Dec/2024 08:58:29] "POST /seller/add_book HTTP/1.1" 200 -
2024-12-19 08:58:29 - werkzeug - INFO - 127.0.0.1 - - [19/Dec/2024 08:58:29] "POST /seller/add_book HTTP/1.1" 200 -
2024-12-19 08:58:29 - werkzeug - INFO - 127.0.0.1 - - [19/Dec/2024 08:58:29] "POST /seller/add_book HTTP/1.1" 200 -
2024-12-19 08:58:29 - werkzeug - INFO - 127.0.0.1 - - [19/Dec/2024 08:58:29] "POST /seller/add_book HTTP/1.1" 200 -
2024-12-19 08:58:29 - werkzeug - INFO - 127.0.0.1 - - [19/Dec/2024 08:58:29] "POST /seller/add_book HTTP/1.1" 200 -
2024-12-19 08:58:29 - werkzeug - INFO - 127.0.0.1 - - [19/Dec/2024 08:58:29] "POST /seller/add_book HTTP/1.1" 200 -
2024-12-19 08:58:30 - werkzeug - INFO - 127.0.0.1 - - [19/Dec/2024 08:58:30] "POST /seller/add_book HTTP/1.1" 200 -
2024-12-19 08:58:30 - werkzeug - INFO - 127.0.0.1 - - [19/Dec/2024 08:58:30] "POST /seller/add_book HTTP/1.1" 200 -
2024-12-19 08:58:30 - werkzeug - INFO - 127.0.0.1 - - [19/Dec/2024 08:58:30] "POST /seller/add_book HTTP/1.1" 200 -
2024-12-19 08:58:30 - werkzeug - INFO - 127.0.0.1 - - [19/Dec/2024 08:58:30] "POST /seller/add_book HTTP/1.1" 200 -
2024-12-19 08:58:30 - werkzeug - INFO - 127.0.0.1 - - [19/Dec/2024 08:58:30] "POST /seller/add_book HTTP/1.1" 200 -
2024-12-19 08:58:30 - werkzeug - INFO - 127.0.0.1 - - [19/Dec/2024 08:58:30] "POST /seller/add_book HTTP/1.1" 200 -
2024-12-19 08:58:30 - werkzeug - INFO - 127.0.0.1 - - [19/Dec/2024 08:58:30] "POST /seller/add_book HTTP/1.1" 200 -
2024-12-19 08:58:30 - werkzeug - INFO - 127.0.0.1 - - [19/Dec/2024 08:58:30] "POST /seller/add_book HTTP/1.1" 200 -
2024-12-19 08:58:30 - werkzeug - INFO - 127.0.0.1 - - [19/Dec/2024 08:58:30] "POST /seller/add_book HTTP/1.1" 200 -
2024-12-19 08:58:30 - werkzeug - INFO - 127.0.0.1 - - [19/Dec/2024 08:58:30] "POST /seller/add_book HTTP/1.1" 200 -
2024-12-19 08:58:30 - werkzeug - INFO - 127.0.0.1 - - [19/Dec/2024 08:58:30] "POST /seller/add_book HTTP/1.1" 200 -
2024-12-19 08:58:30 - werkzeug - INFO - 127.0.0.1 - - [19/Dec/2024 08:58:30] "POST /seller/add_book HTTP/1.1" 200 -
2024-12-19 08:58:30 - werkzeug - INFO - 127.0.0.1 - - [19/Dec/2024 08:58:30] "POST /seller/add_book HTTP/1.1" 200 -
2024-12-19 08:58:30 - werkzeug - INFO - 127.0.0.1 - - [19/Dec/2024 08:58:30] "POST /seller/add_book HTTP/1.1" 200 -
2024-12-19 08:58:31 - werkzeug - INFO - 127.0.0.1 - - [19/Dec/2024 08:58:31] "POST /seller/add_book HTTP/1.1" 200 -
2024-12-19 08:58:31 - werkzeug - INFO - 127.0.0.1 - - [19/Dec/2024 08:58:31] "POST /seller/add_book HTTP/1.1" 200 -
2024-12-19 08:58:31 - werkzeug - INFO - 127.0.0.1 - - [19/Dec/2024 08:58:31] "POST /seller/add_book HTTP/1.1" 200 -
2024-12-19 08:58:31 - werkzeug - INFO - 127.0.0.1 - - [19/Dec/2024 08:58:31] "POST /seller/add_book HTTP/1.1" 200 -
2024-12-19 08:58:31 - werkzeug - INFO - 127.0.0.1 - - [19/Dec/2024 08:58:31] "POST /seller/add_book HTTP/1.1" 200 -
2024-12-19 08:58:31 - werkzeug - INFO - 127.0.0.1 - - [19/Dec/2024 08:58:31] "POST /seller/add_book HTTP/1.1" 200 -
2024-12-19 08:58:31 - werkzeug - INFO - 127.0.0.1 - - [19/Dec/2024 08:58:31] "POST /seller/add_book HTTP/1.1" 200 -
2024-12-19 08:58:31 - werkzeug - INFO - 127.0.0.1 - - [19/Dec/2024 08:58:31] "POST /seller/add_book HTTP/1.1" 200 -
2024-12-19 08:58:31 - werkzeug - INFO - 127.0.0.1 - - [19/Dec/2024 08:58:31] "POST /seller/add_book HTTP/1.1" 200 -
2024-12-19 08:58:31 - werkzeug - INFO - 127.0.0.1 - - [19/Dec/2024 08:58:31] "POST /seller/add_book HTTP/1.1" 200 -
2024-12-19 08:58:31 - werkzeug - INFO - 127.0.0.1 - - [19/Dec/2024 08:58:31] "POST /seller/add_book HTTP/1.1" 200 -
2024-12-19 08:58:31 - werkzeug - INFO - 127.0.0.1 - - [19/Dec/2024 08:58:31] "POST /seller/add_book HTTP/1.1" 200 -
2024-12-19 08:58:31 - werkzeug - INFO - 127.0.0.1 - - [19/Dec/2024 08:58:31] "POST /seller/add_book HTTP/1.1" 200 -
2024-12-19 08:58:31 - werkzeug - INFO - 127.0.0.1 - - [19/Dec/2024 08:58:31] "POST /seller/add_book HTTP/1.1" 200 -
2024-12-19 08:58:32 - werkzeug - INFO - 127.0.0.1 - - [19/Dec/2024 08:58:32] "POST /seller/add_book HTTP/1.1" 200 -
2024-12-19 08:58:32 - werkzeug - INFO - 127.0.0.1 - - [19/Dec/2024 08:58:32] "POST /seller/add_book HTTP/1.1" 200 -
2024-12-19 08:58:32 - werkzeug - INFO - 127.0.0.1 - - [19/Dec/2024 08:58:32] "POST /seller/add_book HTTP/1.1" 200 -
2024-12-19 08:58:32 - werkzeug - INFO - 127.0.0.1 - - [19/Dec/2024 08:58:32] "POST /seller/add_book HTTP/1.1" 200 -
2024-12-19 08:58:32 - werkzeug - INFO - 127.0.0.1 - - [19/Dec/2024 08:58:32] "POST /seller/add_book HTTP/1.1" 200 -
2024-12-19 08:58:32 - werkzeug - INFO - 127.0.0.1 - - [19/Dec/2024 08:58:32] "POST /seller/add_book HTTP/1.1" 200 -
2024-12-19 08:58:32 - werkzeug - INFO - 127.0.0.1 - - [19/Dec/2024 08:58:32] "POST /seller/add_book HTTP/1.1" 200 -
2024-12-19 08:58:32 - werkzeug - INFO - 127.0.0.1 - - [19/Dec/2024 08:58:32] "POST /seller/add_book HTTP/1.1" 200 -
2024-12-19 08:58:32 - werkzeug - INFO - 127.0.0.1 - - [19/Dec/2024 08:58:32] "POST /seller/add_book HTTP/1.1" 200 -
2024-12-19 08:58:32 - werkzeug - INFO - 127.0.0.1 - - [19/Dec/2024 08:58:32] "POST /seller/add_book HTTP/1.1" 200 -
2024-12-19 08:58:32 - werkzeug - INFO - 127.0.0.1 - - [19/Dec/2024 08:58:32] "POST /seller/add_book HTTP/1.1" 200 -
2024-12-19 08:58:32 - werkzeug - INFO - 127.0.0.1 - - [19/Dec/2024 08:58:32] "POST /seller/add_book HTTP/1.1" 200 -
2024-12-19 08:58:32 - werkzeug - INFO - 127.0.0.1 - - [19/Dec/2024 08:58:32] "POST /seller/add_book HTTP/1.1" 200 -
2024-12-19 08:58:32 - werkzeug - INFO - 127.0.0.1 - - [19/Dec/2024 08:58:32] "POST /seller/add_book HTTP/1.1" 200 -
2024-12-19 08:58:33 - werkzeug - INFO - 127.0.0.1 - - [19/Dec/2024 08:58:33] "POST /seller/add_book HTTP/1.1" 200 -
2024-12-19 08:58:33 - werkzeug - INFO - 127.0.0.1 - - [19/Dec/2024 08:58:33] "POST /seller/add_book HTTP/1.1" 200 -
2024-12-19 08:58:33 - werkzeug - INFO - 127.0.0.1 - - [19/Dec/2024 08:58:33] "POST /seller/add_book HTTP/1.1" 200 -
2024-12-19 08:58:33 - werkzeug - INFO - 127.0.0.1 - - [19/Dec/2024 08:58:33] "POST /seller/add_book HTTP/1.1" 200 -
2024-12-19 08:58:33 - werkzeug - INFO - 127.0.0.1 - - [19/Dec/2024 08:58:33] "POST /seller/add_book HTTP/1.1" 200 -
2024-12-19 08:58:33 - werkzeug - INFO - 127.0.0.1 - - [19/Dec/2024 08:58:33] "POST /seller/add_book HTTP/1.1" 200 -
2024-12-19 08:58:33 - werkzeug - INFO - 127.0.0.1 - - [19/Dec/2024 08:58:33] "POST /seller/add_book HTTP/1.1" 200 -
2024-12-19 08:58:33 - werkzeug - INFO - 127.0.0.1 - - [19/Dec/2024 08:58:33] "POST /seller/add_book HTTP/1.1" 200 -
2024-12-19 08:58:33 - werkzeug - INFO - 127.0.0.1 - - [19/Dec/2024 08:58:33] "POST /seller/add_book HTTP/1.1" 200 -
2024-12-19 08:58:33 - werkzeug - INFO - 127.0.0.1 - - [19/Dec/2024 08:58:33] "POST /seller/add_book HTTP/1.1" 200 -
2024-12-19 08:58:33 - werkzeug - INFO - 127.0.0.1 - - [19/Dec/2024 08:58:33] "POST /seller/add_book HTTP/1.1" 200 -
2024-12-19 08:58:33 - werkzeug - INFO - 127.0.0.1 - - [19/Dec/2024 08:58:33] "POST /seller/add_book HTTP/1.1" 200 -
2024-12-19 08:58:33 - werkzeug - INFO - 127.0.0.1 - - [19/Dec/2024 08:58:33] "POST /seller/add_book HTTP/1.1" 200 -
2024-12-19 08:58:33 - werkzeug - INFO - 127.0.0.1 - - [19/Dec/2024 08:58:33] "POST /seller/add_book HTTP/1.1" 200 -
2024-12-19 08:58:33 - werkzeug - INFO - 127.0.0.1 - - [19/Dec/2024 08:58:33] "POST /seller/add_book HTTP/1.1" 200 -
2024-12-19 08:58:34 - werkzeug - INFO - 127.0.0.1 - - [19/Dec/2024 08:58:34] "POST /seller/add_book HTTP/1.1" 200 -
2024-12-19 08:58:34 - werkzeug - INFO - 127.0.0.1 - - [19/Dec/2024 08:58:34] "POST /seller/add_book HTTP/1.1" 200 -
2024-12-19 08:58:34 - werkzeug - INFO - 127.0.0.1 - - [19/Dec/2024 08:58:34] "POST /seller/add_book HTTP/1.1" 200 -
2024-12-19 08:58:34 - werkzeug - INFO - 127.0.0.1 - - [19/Dec/2024 08:58:34] "POST /seller/add_book HTTP/1.1" 200 -
2024-12-19 08:58:34 - werkzeug - INFO - 127.0.0.1 - - [19/Dec/2024 08:58:34] "POST /seller/add_book HTTP/1.1" 200 -
2024-12-19 08:58:34 - werkzeug - INFO - 127.0.0.1 - - [19/Dec/2024 08:58:34] "POST /seller/add_book HTTP/1.1" 200 -
2024-12-19 08:58:34 - werkzeug - INFO - 127.0.0.1 - - [19/Dec/2024 08:58:34] "POST /seller/add_book HTTP/1.1" 200 -
2024-12-19 08:58:34 - werkzeug - INFO - 127.0.0.1 - - [19/Dec/2024 08:58:34] "POST /seller/add_book HTTP/1.1" 200 -
2024-12-19 08:58:34 - werkzeug - INFO - 127.0.0.1 - - [19/Dec/2024 08:58:34] "POST /seller/add_book HTTP/1.1" 200 -
2024-12-19 08:58:34 - werkzeug - INFO - 127.0.0.1 - - [19/Dec/2024 08:58:34] "POST /seller/add_book HTTP/1.1" 200 -
2024-12-19 08:58:34 - werkzeug - INFO - 127.0.0.1 - - [19/Dec/2024 08:58:34] "POST /seller/add_book HTTP/1.1" 200 -
2024-12-19 08:58:34 - werkzeug - INFO - 127.0.0.1 - - [19/Dec/2024 08:58:34] "POST /seller/add_book HTTP/1.1" 200 -
2024-12-19 08:58:34 - werkzeug - INFO - 127.0.0.1 - - [19/Dec/2024 08:58:34] "POST /seller/add_book HTTP/1.1" 200 -
2024-12-19 08:58:34 - werkzeug - INFO - 127.0.0.1 - - [19/Dec/2024 08:58:34] "POST /seller/add_book HTTP/1.1" 200 -
2024-12-19 08:58:34 - root - INFO - seller data loaded.
2024-12-19 08:58:34 - be.view.auth - INFO - 收到注册请求: {'user_id': 'buyer_1_46abceaa-bda4-11ef-87d8-02a6845b4b32', 'password': 'buyer_seller_1_46abceaa-bda4-11ef-87d8-02a6845b4b32'}
2024-12-19 08:58:34 - be.model.user - INFO - 尝试注册新用户：buyer_1_46abceaa-bda4-11ef-87d8-02a6845b4b32
2024-12-19 08:58:35 - be.model.user - INFO - 加密密码...
2024-12-19 08:58:35 - be.model.user - INFO - 创建新用户...
2024-12-19 08:58:35 - be.model.user - INFO - 添加用户到数据库...
2024-12-19 08:58:35 - be.model.user - INFO - 用户注册成功：buyer_1_46abceaa-bda4-11ef-87d8-02a6845b4b32
2024-12-19 08:58:35 - be.view.auth - INFO - 注册处理结果: 200
2024-12-19 08:58:35 - werkzeug - INFO - 127.0.0.1 - - [19/Dec/2024 08:58:35] "POST /auth/register HTTP/1.1" 200 -
2024-12-19 08:58:35 - be.view.auth - INFO - 收到登录请求: {'user_id': 'buyer_1_46abceaa-bda4-11ef-87d8-02a6845b4b32', 'password': 'buyer_seller_1_46abceaa-bda4-11ef-87d8-02a6845b4b32', 'terminal': 'my terminal'}
2024-12-19 08:58:35 - be.model.user - INFO - 尝试登录用户：buyer_1_46abceaa-bda4-11ef-87d8-02a6845b4b32，终端：my terminal
2024-12-19 08:58:35 - be.model.user - INFO - 为用户 buyer_1_46abceaa-bda4-11ef-87d8-02a6845b4b32 生成新token，终端：my terminal
2024-12-19 08:58:35 - be.model.user - INFO - 用户登录成功：buyer_1_46abceaa-bda4-11ef-87d8-02a6845b4b32
2024-12-19 08:58:35 - be.view.auth - INFO - 登录处理结果: 200
2024-12-19 08:58:35 - werkzeug - INFO - 127.0.0.1 - - [19/Dec/2024 08:58:35] "POST /auth/login HTTP/1.1" 200 -
2024-12-19 08:58:35 - werkzeug - INFO - 127.0.0.1 - - [19/Dec/2024 08:58:35] "[31m[1mPOST /buyer/add_funds HTTP/1.1[0m" 401 -
2024-12-19 08:58:35 - be.view.auth - INFO - 收到注册请求: {'user_id': 'buyer_2_46abceaa-bda4-11ef-87d8-02a6845b4b32', 'password': 'buyer_seller_2_46abceaa-bda4-11ef-87d8-02a6845b4b32'}
2024-12-19 08:58:35 - be.model.user - INFO - 尝试注册新用户：buyer_2_46abceaa-bda4-11ef-87d8-02a6845b4b32
2024-12-19 08:58:35 - be.model.user - INFO - 加密密码...
2024-12-19 08:58:35 - be.model.user - INFO - 创建新用户...
2024-12-19 08:58:35 - be.model.user - INFO - 添加用户到数据库...
2024-12-19 08:58:35 - be.model.user - INFO - 用户注册成功：buyer_2_46abceaa-bda4-11ef-87d8-02a6845b4b32
2024-12-19 08:58:35 - be.view.auth - INFO - 注册处理结果: 200
2024-12-19 08:58:35 - werkzeug - INFO - 127.0.0.1 - - [19/Dec/2024 08:58:35] "POST /auth/register HTTP/1.1" 200 -
2024-12-19 08:58:35 - be.view.auth - INFO - 收到登录请求: {'user_id': 'buyer_2_46abceaa-bda4-11ef-87d8-02a6845b4b32', 'password': 'buyer_seller_2_46abceaa-bda4-11ef-87d8-02a6845b4b32', 'terminal': 'my terminal'}
2024-12-19 08:58:35 - be.model.user - INFO - 尝试登录用户：buyer_2_46abceaa-bda4-11ef-87d8-02a6845b4b32，终端：my terminal
2024-12-19 08:58:35 - be.model.user - INFO - 为用户 buyer_2_46abceaa-bda4-11ef-87d8-02a6845b4b32 生成新token，终端：my terminal
2024-12-19 08:58:35 - be.model.user - INFO - 用户登录成功：buyer_2_46abceaa-bda4-11ef-87d8-02a6845b4b32
2024-12-19 08:58:36 - be.view.auth - INFO - 登录处理结果: 200
2024-12-19 08:58:36 - werkzeug - INFO - 127.0.0.1 - - [19/Dec/2024 08:58:36] "POST /auth/login HTTP/1.1" 200 -
2024-12-19 08:58:36 - werkzeug - INFO - 127.0.0.1 - - [19/Dec/2024 08:58:36] "[31m[1mPOST /buyer/add_funds HTTP/1.1[0m" 401 -
2024-12-19 08:58:36 - be.view.auth - INFO - 收到注册请求: {'user_id': 'buyer_3_46abceaa-bda4-11ef-87d8-02a6845b4b32', 'password': 'buyer_seller_3_46abceaa-bda4-11ef-87d8-02a6845b4b32'}
2024-12-19 08:58:36 - be.model.user - INFO - 尝试注册新用户：buyer_3_46abceaa-bda4-11ef-87d8-02a6845b4b32
2024-12-19 08:58:36 - be.model.user - INFO - 加密密码...
2024-12-19 08:58:36 - be.model.user - INFO - 创建新用户...
2024-12-19 08:58:36 - be.model.user - INFO - 添加用户到数据库...
2024-12-19 08:58:36 - be.model.user - INFO - 用户注册成功：buyer_3_46abceaa-bda4-11ef-87d8-02a6845b4b32
2024-12-19 08:58:36 - be.view.auth - INFO - 注册处理结果: 200
2024-12-19 08:58:36 - werkzeug - INFO - 127.0.0.1 - - [19/Dec/2024 08:58:36] "POST /auth/register HTTP/1.1" 200 -
2024-12-19 08:58:36 - be.view.auth - INFO - 收到登录请求: {'user_id': 'buyer_3_46abceaa-bda4-11ef-87d8-02a6845b4b32', 'password': 'buyer_seller_3_46abceaa-bda4-11ef-87d8-02a6845b4b32', 'terminal': 'my terminal'}
2024-12-19 08:58:36 - be.model.user - INFO - 尝试登录用户：buyer_3_46abceaa-bda4-11ef-87d8-02a6845b4b32，终端：my terminal
2024-12-19 08:58:36 - be.model.user - INFO - 为用户 buyer_3_46abceaa-bda4-11ef-87d8-02a6845b4b32 生成新token，终端：my terminal
2024-12-19 08:58:36 - be.model.user - INFO - 用户登录成功：buyer_3_46abceaa-bda4-11ef-87d8-02a6845b4b32
2024-12-19 08:58:36 - be.view.auth - INFO - 登录处理结果: 200
2024-12-19 08:58:36 - werkzeug - INFO - 127.0.0.1 - - [19/Dec/2024 08:58:36] "POST /auth/login HTTP/1.1" 200 -
2024-12-19 08:58:36 - werkzeug - INFO - 127.0.0.1 - - [19/Dec/2024 08:58:36] "[31m[1mPOST /buyer/add_funds HTTP/1.1[0m" 401 -
2024-12-19 08:58:36 - be.view.auth - INFO - 收到注册请求: {'user_id': 'buyer_4_46abceaa-bda4-11ef-87d8-02a6845b4b32', 'password': 'buyer_seller_4_46abceaa-bda4-11ef-87d8-02a6845b4b32'}
2024-12-19 08:58:36 - be.model.user - INFO - 尝试注册新用户：buyer_4_46abceaa-bda4-11ef-87d8-02a6845b4b32
2024-12-19 08:58:36 - be.model.user - INFO - 加密密码...
2024-12-19 08:58:36 - be.model.user - INFO - 创建新用户...
2024-12-19 08:58:36 - be.model.user - INFO - 添加用户到数据库...
2024-12-19 08:58:37 - be.model.user - INFO - 用户注册成功：buyer_4_46abceaa-bda4-11ef-87d8-02a6845b4b32
2024-12-19 08:58:37 - be.view.auth - INFO - 注册处理结果: 200
2024-12-19 08:58:37 - werkzeug - INFO - 127.0.0.1 - - [19/Dec/2024 08:58:37] "POST /auth/register HTTP/1.1" 200 -
2024-12-19 08:58:37 - be.view.auth - INFO - 收到登录请求: {'user_id': 'buyer_4_46abceaa-bda4-11ef-87d8-02a6845b4b32', 'password': 'buyer_seller_4_46abceaa-bda4-11ef-87d8-02a6845b4b32', 'terminal': 'my terminal'}
2024-12-19 08:58:37 - be.model.user - INFO - 尝试登录用户：buyer_4_46abceaa-bda4-11ef-87d8-02a6845b4b32，终端：my terminal
2024-12-19 08:58:37 - be.model.user - INFO - 为用户 buyer_4_46abceaa-bda4-11ef-87d8-02a6845b4b32 生成新token，终端：my terminal
2024-12-19 08:58:37 - be.model.user - INFO - 用户登录成功：buyer_4_46abceaa-bda4-11ef-87d8-02a6845b4b32
2024-12-19 08:58:37 - be.view.auth - INFO - 登录处理结果: 200
2024-12-19 08:58:37 - werkzeug - INFO - 127.0.0.1 - - [19/Dec/2024 08:58:37] "POST /auth/login HTTP/1.1" 200 -
2024-12-19 08:58:37 - werkzeug - INFO - 127.0.0.1 - - [19/Dec/2024 08:58:37] "[31m[1mPOST /buyer/add_funds HTTP/1.1[0m" 401 -
2024-12-19 08:58:37 - be.view.auth - INFO - 收到注册请求: {'user_id': 'buyer_5_46abceaa-bda4-11ef-87d8-02a6845b4b32', 'password': 'buyer_seller_5_46abceaa-bda4-11ef-87d8-02a6845b4b32'}
2024-12-19 08:58:37 - be.model.user - INFO - 尝试注册新用户：buyer_5_46abceaa-bda4-11ef-87d8-02a6845b4b32
2024-12-19 08:58:37 - be.model.user - INFO - 加密密码...
2024-12-19 08:58:37 - be.model.user - INFO - 创建新用户...
2024-12-19 08:58:37 - be.model.user - INFO - 添加用户到数据库...
2024-12-19 08:58:37 - be.model.user - INFO - 用户注册成功：buyer_5_46abceaa-bda4-11ef-87d8-02a6845b4b32
2024-12-19 08:58:37 - be.view.auth - INFO - 注册处理结果: 200
2024-12-19 08:58:37 - werkzeug - INFO - 127.0.0.1 - - [19/Dec/2024 08:58:37] "POST /auth/register HTTP/1.1" 200 -
2024-12-19 08:58:37 - be.view.auth - INFO - 收到登录请求: {'user_id': 'buyer_5_46abceaa-bda4-11ef-87d8-02a6845b4b32', 'password': 'buyer_seller_5_46abceaa-bda4-11ef-87d8-02a6845b4b32', 'terminal': 'my terminal'}
2024-12-19 08:58:37 - be.model.user - INFO - 尝试登录用户：buyer_5_46abceaa-bda4-11ef-87d8-02a6845b4b32，终端：my terminal
2024-12-19 08:58:37 - be.model.user - INFO - 为用户 buyer_5_46abceaa-bda4-11ef-87d8-02a6845b4b32 生成新token，终端：my terminal
2024-12-19 08:58:37 - be.model.user - INFO - 用户登录成功：buyer_5_46abceaa-bda4-11ef-87d8-02a6845b4b32
2024-12-19 08:58:37 - be.view.auth - INFO - 登录处理结果: 200
2024-12-19 08:58:37 - werkzeug - INFO - 127.0.0.1 - - [19/Dec/2024 08:58:37] "POST /auth/login HTTP/1.1" 200 -
2024-12-19 08:58:37 - werkzeug - INFO - 127.0.0.1 - - [19/Dec/2024 08:58:37] "[31m[1mPOST /buyer/add_funds HTTP/1.1[0m" 401 -
2024-12-19 08:58:37 - be.view.auth - INFO - 收到注册请求: {'user_id': 'buyer_6_46abceaa-bda4-11ef-87d8-02a6845b4b32', 'password': 'buyer_seller_6_46abceaa-bda4-11ef-87d8-02a6845b4b32'}
2024-12-19 08:58:37 - be.model.user - INFO - 尝试注册新用户：buyer_6_46abceaa-bda4-11ef-87d8-02a6845b4b32
2024-12-19 08:58:38 - be.model.user - INFO - 加密密码...
2024-12-19 08:58:38 - be.model.user - INFO - 创建新用户...
2024-12-19 08:58:38 - be.model.user - INFO - 添加用户到数据库...
2024-12-19 08:58:38 - be.model.user - INFO - 用户注册成功：buyer_6_46abceaa-bda4-11ef-87d8-02a6845b4b32
2024-12-19 08:58:38 - be.view.auth - INFO - 注册处理结果: 200
2024-12-19 08:58:38 - werkzeug - INFO - 127.0.0.1 - - [19/Dec/2024 08:58:38] "POST /auth/register HTTP/1.1" 200 -
2024-12-19 08:58:38 - be.view.auth - INFO - 收到登录请求: {'user_id': 'buyer_6_46abceaa-bda4-11ef-87d8-02a6845b4b32', 'password': 'buyer_seller_6_46abceaa-bda4-11ef-87d8-02a6845b4b32', 'terminal': 'my terminal'}
2024-12-19 08:58:38 - be.model.user - INFO - 尝试登录用户：buyer_6_46abceaa-bda4-11ef-87d8-02a6845b4b32，终端：my terminal
2024-12-19 08:58:38 - be.model.user - INFO - 为用户 buyer_6_46abceaa-bda4-11ef-87d8-02a6845b4b32 生成新token，终端：my terminal
2024-12-19 08:58:38 - be.model.user - INFO - 用户登录成功：buyer_6_46abceaa-bda4-11ef-87d8-02a6845b4b32
2024-12-19 08:58:38 - be.view.auth - INFO - 登录处理结果: 200
2024-12-19 08:58:38 - werkzeug - INFO - 127.0.0.1 - - [19/Dec/2024 08:58:38] "POST /auth/login HTTP/1.1" 200 -
2024-12-19 08:58:38 - werkzeug - INFO - 127.0.0.1 - - [19/Dec/2024 08:58:38] "[31m[1mPOST /buyer/add_funds HTTP/1.1[0m" 401 -
2024-12-19 08:58:38 - be.view.auth - INFO - 收到注册请求: {'user_id': 'buyer_7_46abceaa-bda4-11ef-87d8-02a6845b4b32', 'password': 'buyer_seller_7_46abceaa-bda4-11ef-87d8-02a6845b4b32'}
2024-12-19 08:58:38 - be.model.user - INFO - 尝试注册新用户：buyer_7_46abceaa-bda4-11ef-87d8-02a6845b4b32
2024-12-19 08:58:38 - be.model.user - INFO - 加密密码...
2024-12-19 08:58:38 - be.model.user - INFO - 创建新用户...
2024-12-19 08:58:38 - be.model.user - INFO - 添加用户到数据库...
2024-12-19 08:58:38 - be.model.user - INFO - 用户注册成功：buyer_7_46abceaa-bda4-11ef-87d8-02a6845b4b32
2024-12-19 08:58:38 - be.view.auth - INFO - 注册处理结果: 200
2024-12-19 08:58:38 - werkzeug - INFO - 127.0.0.1 - - [19/Dec/2024 08:58:38] "POST /auth/register HTTP/1.1" 200 -
2024-12-19 08:58:38 - be.view.auth - INFO - 收到登录请求: {'user_id': 'buyer_7_46abceaa-bda4-11ef-87d8-02a6845b4b32', 'password': 'buyer_seller_7_46abceaa-bda4-11ef-87d8-02a6845b4b32', 'terminal': 'my terminal'}
2024-12-19 08:58:38 - be.model.user - INFO - 尝试登录用户：buyer_7_46abceaa-bda4-11ef-87d8-02a6845b4b32，终端：my terminal
2024-12-19 08:58:39 - be.model.user - INFO - 为用户 buyer_7_46abceaa-bda4-11ef-87d8-02a6845b4b32 生成新token，终端：my terminal
2024-12-19 08:58:39 - be.model.user - INFO - 用户登录成功：buyer_7_46abceaa-bda4-11ef-87d8-02a6845b4b32
2024-12-19 08:58:39 - be.view.auth - INFO - 登录处理结果: 200
2024-12-19 08:58:39 - werkzeug - INFO - 127.0.0.1 - - [19/Dec/2024 08:58:39] "POST /auth/login HTTP/1.1" 200 -
2024-12-19 08:58:39 - werkzeug - INFO - 127.0.0.1 - - [19/Dec/2024 08:58:39] "[31m[1mPOST /buyer/add_funds HTTP/1.1[0m" 401 -
2024-12-19 08:58:39 - be.view.auth - INFO - 收到注册请求: {'user_id': 'buyer_8_46abceaa-bda4-11ef-87d8-02a6845b4b32', 'password': 'buyer_seller_8_46abceaa-bda4-11ef-87d8-02a6845b4b32'}
2024-12-19 08:58:39 - be.model.user - INFO - 尝试注册新用户：buyer_8_46abceaa-bda4-11ef-87d8-02a6845b4b32
2024-12-19 08:58:39 - be.model.user - INFO - 加密密码...
2024-12-19 08:58:39 - be.model.user - INFO - 创建新用户...
2024-12-19 08:58:39 - be.model.user - INFO - 添加用户到数据库...
2024-12-19 08:58:39 - be.model.user - INFO - 用户注册成功：buyer_8_46abceaa-bda4-11ef-87d8-02a6845b4b32
2024-12-19 08:58:39 - be.view.auth - INFO - 注册处理结果: 200
2024-12-19 08:58:39 - werkzeug - INFO - 127.0.0.1 - - [19/Dec/2024 08:58:39] "POST /auth/register HTTP/1.1" 200 -
2024-12-19 08:58:39 - be.view.auth - INFO - 收到登录请求: {'user_id': 'buyer_8_46abceaa-bda4-11ef-87d8-02a6845b4b32', 'password': 'buyer_seller_8_46abceaa-bda4-11ef-87d8-02a6845b4b32', 'terminal': 'my terminal'}
2024-12-19 08:58:39 - be.model.user - INFO - 尝试登录用户：buyer_8_46abceaa-bda4-11ef-87d8-02a6845b4b32，终端：my terminal
2024-12-19 08:58:39 - be.model.user - INFO - 为用户 buyer_8_46abceaa-bda4-11ef-87d8-02a6845b4b32 生成新token，终端：my terminal
2024-12-19 08:58:39 - be.model.user - INFO - 用户登录成功：buyer_8_46abceaa-bda4-11ef-87d8-02a6845b4b32
2024-12-19 08:58:39 - be.view.auth - INFO - 登录处理结果: 200
2024-12-19 08:58:39 - werkzeug - INFO - 127.0.0.1 - - [19/Dec/2024 08:58:39] "POST /auth/login HTTP/1.1" 200 -
2024-12-19 08:58:39 - werkzeug - INFO - 127.0.0.1 - - [19/Dec/2024 08:58:39] "[31m[1mPOST /buyer/add_funds HTTP/1.1[0m" 401 -
2024-12-19 08:58:39 - be.view.auth - INFO - 收到注册请求: {'user_id': 'buyer_9_46abceaa-bda4-11ef-87d8-02a6845b4b32', 'password': 'buyer_seller_9_46abceaa-bda4-11ef-87d8-02a6845b4b32'}
2024-12-19 08:58:39 - be.model.user - INFO - 尝试注册新用户：buyer_9_46abceaa-bda4-11ef-87d8-02a6845b4b32
2024-12-19 08:58:39 - be.model.user - INFO - 加密密码...
2024-12-19 08:58:39 - be.model.user - INFO - 创建新用户...
2024-12-19 08:58:39 - be.model.user - INFO - 添加用户到数据库...
2024-12-19 08:58:40 - be.model.user - INFO - 用户注册成功：buyer_9_46abceaa-bda4-11ef-87d8-02a6845b4b32
2024-12-19 08:58:40 - be.view.auth - INFO - 注册处理结果: 200
2024-12-19 08:58:40 - werkzeug - INFO - 127.0.0.1 - - [19/Dec/2024 08:58:40] "POST /auth/register HTTP/1.1" 200 -
2024-12-19 08:58:40 - be.view.auth - INFO - 收到登录请求: {'user_id': 'buyer_9_46abceaa-bda4-11ef-87d8-02a6845b4b32', 'password': 'buyer_seller_9_46abceaa-bda4-11ef-87d8-02a6845b4b32', 'terminal': 'my terminal'}
2024-12-19 08:58:40 - be.model.user - INFO - 尝试登录用户：buyer_9_46abceaa-bda4-11ef-87d8-02a6845b4b32，终端：my terminal
2024-12-19 08:58:40 - be.model.user - INFO - 为用户 buyer_9_46abceaa-bda4-11ef-87d8-02a6845b4b32 生成新token，终端：my terminal
2024-12-19 08:58:40 - be.model.user - INFO - 用户登录成功：buyer_9_46abceaa-bda4-11ef-87d8-02a6845b4b32
2024-12-19 08:58:40 - be.view.auth - INFO - 登录处理结果: 200
2024-12-19 08:58:40 - werkzeug - INFO - 127.0.0.1 - - [19/Dec/2024 08:58:40] "POST /auth/login HTTP/1.1" 200 -
2024-12-19 08:58:40 - werkzeug - INFO - 127.0.0.1 - - [19/Dec/2024 08:58:40] "[31m[1mPOST /buyer/add_funds HTTP/1.1[0m" 401 -
2024-12-19 08:58:40 - be.view.auth - INFO - 收到注册请求: {'user_id': 'buyer_10_46abceaa-bda4-11ef-87d8-02a6845b4b32', 'password': 'buyer_seller_10_46abceaa-bda4-11ef-87d8-02a6845b4b32'}
2024-12-19 08:58:40 - be.model.user - INFO - 尝试注册新用户：buyer_10_46abceaa-bda4-11ef-87d8-02a6845b4b32
2024-12-19 08:58:40 - be.model.user - INFO - 加密密码...
2024-12-19 08:58:40 - be.model.user - INFO - 创建新用户...
2024-12-19 08:58:40 - be.model.user - INFO - 添加用户到数据库...
2024-12-19 08:58:40 - be.model.user - INFO - 用户注册成功：buyer_10_46abceaa-bda4-11ef-87d8-02a6845b4b32
2024-12-19 08:58:40 - be.view.auth - INFO - 注册处理结果: 200
2024-12-19 08:58:40 - werkzeug - INFO - 127.0.0.1 - - [19/Dec/2024 08:58:40] "POST /auth/register HTTP/1.1" 200 -
2024-12-19 08:58:40 - be.view.auth - INFO - 收到登录请求: {'user_id': 'buyer_10_46abceaa-bda4-11ef-87d8-02a6845b4b32', 'password': 'buyer_seller_10_46abceaa-bda4-11ef-87d8-02a6845b4b32', 'terminal': 'my terminal'}
2024-12-19 08:58:40 - be.model.user - INFO - 尝试登录用户：buyer_10_46abceaa-bda4-11ef-87d8-02a6845b4b32，终端：my terminal
2024-12-19 08:58:40 - be.model.user - INFO - 为用户 buyer_10_46abceaa-bda4-11ef-87d8-02a6845b4b32 生成新token，终端：my terminal
2024-12-19 08:58:40 - be.model.user - INFO - 用户登录成功：buyer_10_46abceaa-bda4-11ef-87d8-02a6845b4b32
2024-12-19 08:58:41 - be.view.auth - INFO - 登录处理结果: 200
2024-12-19 08:58:41 - werkzeug - INFO - 127.0.0.1 - - [19/Dec/2024 08:58:41] "POST /auth/login HTTP/1.1" 200 -
2024-12-19 08:58:41 - werkzeug - INFO - 127.0.0.1 - - [19/Dec/2024 08:58:41] "[31m[1mPOST /buyer/add_funds HTTP/1.1[0m" 401 -
2024-12-19 08:58:41 - root - INFO - buyer data loaded.
2024-12-19 08:58:41 - be.view.auth - INFO - 收到登录请求: {'user_id': 'buyer_6_46abceaa-bda4-11ef-87d8-02a6845b4b32', 'password': 'buyer_seller_6_46abceaa-bda4-11ef-87d8-02a6845b4b32', 'terminal': 'my terminal'}
2024-12-19 08:58:41 - be.model.user - INFO - 尝试登录用户：buyer_6_46abceaa-bda4-11ef-87d8-02a6845b4b32，终端：my terminal
2024-12-19 08:58:41 - be.model.user - INFO - 为用户 buyer_6_46abceaa-bda4-11ef-87d8-02a6845b4b32 生成新token，终端：my terminal
2024-12-19 08:58:41 - be.model.user - INFO - 用户登录成功：buyer_6_46abceaa-bda4-11ef-87d8-02a6845b4b32
2024-12-19 08:58:41 - be.view.auth - INFO - 登录处理结果: 200
2024-12-19 08:58:41 - werkzeug - INFO - 127.0.0.1 - - [19/Dec/2024 08:58:41] "POST /auth/login HTTP/1.1" 200 -
2024-12-19 08:58:41 - be.view.auth - INFO - 收到登录请求: {'user_id': 'buyer_10_46abceaa-bda4-11ef-87d8-02a6845b4b32', 'password': 'buyer_seller_10_46abceaa-bda4-11ef-87d8-02a6845b4b32', 'terminal': 'my terminal'}
2024-12-19 08:58:41 - be.model.user - INFO - 尝试登录用户：buyer_10_46abceaa-bda4-11ef-87d8-02a6845b4b32，终端：my terminal
2024-12-19 08:58:41 - be.model.user - INFO - 为用户 buyer_10_46abceaa-bda4-11ef-87d8-02a6845b4b32 生成新token，终端：my terminal
2024-12-19 08:58:41 - be.model.user - INFO - 用户登录成功：buyer_10_46abceaa-bda4-11ef-87d8-02a6845b4b32
2024-12-19 08:58:41 - be.view.auth - INFO - 登录处理结果: 200
2024-12-19 08:58:41 - werkzeug - INFO - 127.0.0.1 - - [19/Dec/2024 08:58:41] "POST /auth/login HTTP/1.1" 200 -
2024-12-19 08:58:41 - be.view.auth - INFO - 收到登录请求: {'user_id': 'buyer_4_46abceaa-bda4-11ef-87d8-02a6845b4b32', 'password': 'buyer_seller_4_46abceaa-bda4-11ef-87d8-02a6845b4b32', 'terminal': 'my terminal'}
2024-12-19 08:58:41 - be.model.user - INFO - 尝试登录用户：buyer_4_46abceaa-bda4-11ef-87d8-02a6845b4b32，终端：my terminal
2024-12-19 08:58:41 - be.model.user - INFO - 为用户 buyer_4_46abceaa-bda4-11ef-87d8-02a6845b4b32 生成新token，终端：my terminal
2024-12-19 08:58:41 - be.model.user - INFO - 用户登录成功：buyer_4_46abceaa-bda4-11ef-87d8-02a6845b4b32
2024-12-19 08:58:41 - be.view.auth - INFO - 登录处理结果: 200
2024-12-19 08:58:41 - werkzeug - INFO - 127.0.0.1 - - [19/Dec/2024 08:58:41] "POST /auth/login HTTP/1.1" 200 -
2024-12-19 08:58:41 - be.view.auth - INFO - 收到登录请求: {'user_id': 'buyer_5_46abceaa-bda4-11ef-87d8-02a6845b4b32', 'password': 'buyer_seller_5_46abceaa-bda4-11ef-87d8-02a6845b4b32', 'terminal': 'my terminal'}
2024-12-19 08:58:41 - be.model.user - INFO - 尝试登录用户：buyer_5_46abceaa-bda4-11ef-87d8-02a6845b4b32，终端：my terminal
2024-12-19 08:58:41 - be.model.user - INFO - 为用户 buyer_5_46abceaa-bda4-11ef-87d8-02a6845b4b32 生成新token，终端：my terminal
2024-12-19 08:58:41 - be.model.user - INFO - 用户登录成功：buyer_5_46abceaa-bda4-11ef-87d8-02a6845b4b32
2024-12-19 08:58:42 - be.view.auth - INFO - 登录处理结果: 200
2024-12-19 08:58:42 - werkzeug - INFO - 127.0.0.1 - - [19/Dec/2024 08:58:42] "POST /auth/login HTTP/1.1" 200 -
2024-12-19 08:58:42 - be.view.auth - INFO - 收到登录请求: {'user_id': 'buyer_4_46abceaa-bda4-11ef-87d8-02a6845b4b32', 'password': 'buyer_seller_4_46abceaa-bda4-11ef-87d8-02a6845b4b32', 'terminal': 'my terminal'}
2024-12-19 08:58:42 - be.model.user - INFO - 尝试登录用户：buyer_4_46abceaa-bda4-11ef-87d8-02a6845b4b32，终端：my terminal
2024-12-19 08:58:42 - be.model.user - INFO - 为用户 buyer_4_46abceaa-bda4-11ef-87d8-02a6845b4b32 生成新token，终端：my terminal
2024-12-19 08:58:42 - be.model.user - INFO - 用户登录成功：buyer_4_46abceaa-bda4-11ef-87d8-02a6845b4b32
2024-12-19 08:58:42 - be.view.auth - INFO - 登录处理结果: 200
2024-12-19 08:58:42 - werkzeug - INFO - 127.0.0.1 - - [19/Dec/2024 08:58:42] "POST /auth/login HTTP/1.1" 200 -
2024-12-19 08:58:42 - be.view.auth - INFO - 收到登录请求: {'user_id': 'buyer_1_46abceaa-bda4-11ef-87d8-02a6845b4b32', 'password': 'buyer_seller_1_46abceaa-bda4-11ef-87d8-02a6845b4b32', 'terminal': 'my terminal'}
2024-12-19 08:58:42 - be.model.user - INFO - 尝试登录用户：buyer_1_46abceaa-bda4-11ef-87d8-02a6845b4b32，终端：my terminal
2024-12-19 08:58:42 - be.model.user - INFO - 为用户 buyer_1_46abceaa-bda4-11ef-87d8-02a6845b4b32 生成新token，终端：my terminal
2024-12-19 08:58:42 - be.model.user - INFO - 用户登录成功：buyer_1_46abceaa-bda4-11ef-87d8-02a6845b4b32
2024-12-19 08:58:42 - be.view.auth - INFO - 登录处理结果: 200
2024-12-19 08:58:42 - werkzeug - INFO - 127.0.0.1 - - [19/Dec/2024 08:58:42] "POST /auth/login HTTP/1.1" 200 -
2024-12-19 08:58:42 - be.view.auth - INFO - 收到登录请求: {'user_id': 'buyer_9_46abceaa-bda4-11ef-87d8-02a6845b4b32', 'password': 'buyer_seller_9_46abceaa-bda4-11ef-87d8-02a6845b4b32', 'terminal': 'my terminal'}
2024-12-19 08:58:42 - be.model.user - INFO - 尝试登录用户：buyer_9_46abceaa-bda4-11ef-87d8-02a6845b4b32，终端：my terminal
2024-12-19 08:58:42 - be.model.user - INFO - 为用户 buyer_9_46abceaa-bda4-11ef-87d8-02a6845b4b32 生成新token，终端：my terminal
2024-12-19 08:58:42 - be.model.user - INFO - 用户登录成功：buyer_9_46abceaa-bda4-11ef-87d8-02a6845b4b32
2024-12-19 08:58:42 - be.view.auth - INFO - 登录处理结果: 200
2024-12-19 08:58:42 - werkzeug - INFO - 127.0.0.1 - - [19/Dec/2024 08:58:42] "POST /auth/login HTTP/1.1" 200 -
2024-12-19 08:58:42 - be.view.auth - INFO - 收到登录请求: {'user_id': 'buyer_8_46abceaa-bda4-11ef-87d8-02a6845b4b32', 'password': 'buyer_seller_8_46abceaa-bda4-11ef-87d8-02a6845b4b32', 'terminal': 'my terminal'}
2024-12-19 08:58:42 - be.model.user - INFO - 尝试登录用户：buyer_8_46abceaa-bda4-11ef-87d8-02a6845b4b32，终端：my terminal
2024-12-19 08:58:42 - be.model.user - INFO - 为用户 buyer_8_46abceaa-bda4-11ef-87d8-02a6845b4b32 生成新token，终端：my terminal
2024-12-19 08:58:42 - be.model.user - INFO - 用户登录成功：buyer_8_46abceaa-bda4-11ef-87d8-02a6845b4b32
2024-12-19 08:58:43 - be.view.auth - INFO - 登录处理结果: 200
2024-12-19 08:58:43 - werkzeug - INFO - 127.0.0.1 - - [19/Dec/2024 08:58:43] "POST /auth/login HTTP/1.1" 200 -
2024-12-19 08:58:43 - be.view.auth - INFO - 收到登录请求: {'user_id': 'buyer_5_46abceaa-bda4-11ef-87d8-02a6845b4b32', 'password': 'buyer_seller_5_46abceaa-bda4-11ef-87d8-02a6845b4b32', 'terminal': 'my terminal'}
2024-12-19 08:58:43 - be.model.user - INFO - 尝试登录用户：buyer_5_46abceaa-bda4-11ef-87d8-02a6845b4b32，终端：my terminal
2024-12-19 08:58:43 - be.model.user - INFO - 为用户 buyer_5_46abceaa-bda4-11ef-87d8-02a6845b4b32 生成新token，终端：my terminal
2024-12-19 08:58:43 - be.model.user - INFO - 用户登录成功：buyer_5_46abceaa-bda4-11ef-87d8-02a6845b4b32
2024-12-19 08:58:43 - be.view.auth - INFO - 登录处理结果: 200
2024-12-19 08:58:43 - werkzeug - INFO - 127.0.0.1 - - [19/Dec/2024 08:58:43] "POST /auth/login HTTP/1.1" 200 -
2024-12-19 08:58:43 - be.view.auth - INFO - 收到登录请求: {'user_id': 'buyer_10_46abceaa-bda4-11ef-87d8-02a6845b4b32', 'password': 'buyer_seller_10_46abceaa-bda4-11ef-87d8-02a6845b4b32', 'terminal': 'my terminal'}
2024-12-19 08:58:43 - be.model.user - INFO - 尝试登录用户：buyer_10_46abceaa-bda4-11ef-87d8-02a6845b4b32，终端：my terminal
2024-12-19 08:58:43 - be.model.user - INFO - 为用户 buyer_10_46abceaa-bda4-11ef-87d8-02a6845b4b32 生成新token，终端：my terminal
2024-12-19 08:58:43 - be.model.user - INFO - 用户登录成功：buyer_10_46abceaa-bda4-11ef-87d8-02a6845b4b32
2024-12-19 08:58:43 - be.view.auth - INFO - 登录处理结果: 200
2024-12-19 08:58:43 - werkzeug - INFO - 127.0.0.1 - - [19/Dec/2024 08:58:43] "POST /auth/login HTTP/1.1" 200 -
2024-12-19 08:58:43 - be.view.auth - INFO - 收到登录请求: {'user_id': 'buyer_10_46abceaa-bda4-11ef-87d8-02a6845b4b32', 'password': 'buyer_seller_10_46abceaa-bda4-11ef-87d8-02a6845b4b32', 'terminal': 'my terminal'}
2024-12-19 08:58:43 - be.model.user - INFO - 尝试登录用户：buyer_10_46abceaa-bda4-11ef-87d8-02a6845b4b32，终端：my terminal
2024-12-19 08:58:43 - be.model.user - INFO - 为用户 buyer_10_46abceaa-bda4-11ef-87d8-02a6845b4b32 生成新token，终端：my terminal
2024-12-19 08:58:43 - be.model.user - INFO - 用户登录成功：buyer_10_46abceaa-bda4-11ef-87d8-02a6845b4b32
2024-12-19 08:58:43 - be.view.auth - INFO - 登录处理结果: 200
2024-12-19 08:58:43 - werkzeug - INFO - 127.0.0.1 - - [19/Dec/2024 08:58:43] "POST /auth/login HTTP/1.1" 200 -
2024-12-19 08:58:43 - be.view.auth - INFO - 收到登录请求: {'user_id': 'buyer_10_46abceaa-bda4-11ef-87d8-02a6845b4b32', 'password': 'buyer_seller_10_46abceaa-bda4-11ef-87d8-02a6845b4b32', 'terminal': 'my terminal'}
2024-12-19 08:58:43 - be.model.user - INFO - 尝试登录用户：buyer_10_46abceaa-bda4-11ef-87d8-02a6845b4b32，终端：my terminal
2024-12-19 08:58:43 - be.model.user - INFO - 为用户 buyer_10_46abceaa-bda4-11ef-87d8-02a6845b4b32 生成新token，终端：my terminal
2024-12-19 08:58:43 - be.model.user - INFO - 用户登录成功：buyer_10_46abceaa-bda4-11ef-87d8-02a6845b4b32
2024-12-19 08:58:44 - be.view.auth - INFO - 登录处理结果: 200
2024-12-19 08:58:44 - werkzeug - INFO - 127.0.0.1 - - [19/Dec/2024 08:58:44] "POST /auth/login HTTP/1.1" 200 -
2024-12-19 08:58:44 - be.view.auth - INFO - 收到登录请求: {'user_id': 'buyer_10_46abceaa-bda4-11ef-87d8-02a6845b4b32', 'password': 'buyer_seller_10_46abceaa-bda4-11ef-87d8-02a6845b4b32', 'terminal': 'my terminal'}
2024-12-19 08:58:44 - be.model.user - INFO - 尝试登录用户：buyer_10_46abceaa-bda4-11ef-87d8-02a6845b4b32，终端：my terminal
2024-12-19 08:58:44 - be.model.user - INFO - 为用户 buyer_10_46abceaa-bda4-11ef-87d8-02a6845b4b32 生成新token，终端：my terminal
2024-12-19 08:58:44 - be.model.user - INFO - 用户登录成功：buyer_10_46abceaa-bda4-11ef-87d8-02a6845b4b32
2024-12-19 08:58:44 - be.view.auth - INFO - 登录处理结果: 200
2024-12-19 08:58:44 - werkzeug - INFO - 127.0.0.1 - - [19/Dec/2024 08:58:44] "POST /auth/login HTTP/1.1" 200 -
2024-12-19 08:58:44 - be.view.auth - INFO - 收到登录请求: {'user_id': 'buyer_2_46abceaa-bda4-11ef-87d8-02a6845b4b32', 'password': 'buyer_seller_2_46abceaa-bda4-11ef-87d8-02a6845b4b32', 'terminal': 'my terminal'}
2024-12-19 08:58:44 - be.model.user - INFO - 尝试登录用户：buyer_2_46abceaa-bda4-11ef-87d8-02a6845b4b32，终端：my terminal
2024-12-19 08:58:44 - be.model.user - INFO - 为用户 buyer_2_46abceaa-bda4-11ef-87d8-02a6845b4b32 生成新token，终端：my terminal
2024-12-19 08:58:44 - be.model.user - INFO - 用户登录成功：buyer_2_46abceaa-bda4-11ef-87d8-02a6845b4b32
2024-12-19 08:58:44 - be.view.auth - INFO - 登录处理结果: 200
2024-12-19 08:58:44 - werkzeug - INFO - 127.0.0.1 - - [19/Dec/2024 08:58:44] "POST /auth/login HTTP/1.1" 200 -
2024-12-19 08:58:44 - be.view.auth - INFO - 收到登录请求: {'user_id': 'buyer_7_46abceaa-bda4-11ef-87d8-02a6845b4b32', 'password': 'buyer_seller_7_46abceaa-bda4-11ef-87d8-02a6845b4b32', 'terminal': 'my terminal'}
2024-12-19 08:58:44 - be.model.user - INFO - 尝试登录用户：buyer_7_46abceaa-bda4-11ef-87d8-02a6845b4b32，终端：my terminal
2024-12-19 08:58:44 - be.model.user - INFO - 为用户 buyer_7_46abceaa-bda4-11ef-87d8-02a6845b4b32 生成新token，终端：my terminal
2024-12-19 08:58:44 - be.model.user - INFO - 用户登录成功：buyer_7_46abceaa-bda4-11ef-87d8-02a6845b4b32
2024-12-19 08:58:44 - be.view.auth - INFO - 登录处理结果: 200
2024-12-19 08:58:44 - werkzeug - INFO - 127.0.0.1 - - [19/Dec/2024 08:58:44] "POST /auth/login HTTP/1.1" 200 -
2024-12-19 08:58:44 - be.view.auth - INFO - 收到登录请求: {'user_id': 'buyer_7_46abceaa-bda4-11ef-87d8-02a6845b4b32', 'password': 'buyer_seller_7_46abceaa-bda4-11ef-87d8-02a6845b4b32', 'terminal': 'my terminal'}
2024-12-19 08:58:44 - be.model.user - INFO - 尝试登录用户：buyer_7_46abceaa-bda4-11ef-87d8-02a6845b4b32，终端：my terminal
2024-12-19 08:58:44 - be.model.user - INFO - 为用户 buyer_7_46abceaa-bda4-11ef-87d8-02a6845b4b32 生成新token，终端：my terminal
2024-12-19 08:58:44 - be.model.user - INFO - 用户登录成功：buyer_7_46abceaa-bda4-11ef-87d8-02a6845b4b32
2024-12-19 08:58:45 - be.view.auth - INFO - 登录处理结果: 200
2024-12-19 08:58:45 - werkzeug - INFO - 127.0.0.1 - - [19/Dec/2024 08:58:45] "POST /auth/login HTTP/1.1" 200 -
2024-12-19 08:58:45 - be.view.auth - INFO - 收到登录请求: {'user_id': 'buyer_4_46abceaa-bda4-11ef-87d8-02a6845b4b32', 'password': 'buyer_seller_4_46abceaa-bda4-11ef-87d8-02a6845b4b32', 'terminal': 'my terminal'}
2024-12-19 08:58:45 - be.model.user - INFO - 尝试登录用户：buyer_4_46abceaa-bda4-11ef-87d8-02a6845b4b32，终端：my terminal
2024-12-19 08:58:45 - be.model.user - INFO - 为用户 buyer_4_46abceaa-bda4-11ef-87d8-02a6845b4b32 生成新token，终端：my terminal
2024-12-19 08:58:45 - be.model.user - INFO - 用户登录成功：buyer_4_46abceaa-bda4-11ef-87d8-02a6845b4b32
2024-12-19 08:58:45 - be.view.auth - INFO - 登录处理结果: 200
2024-12-19 08:58:45 - werkzeug - INFO - 127.0.0.1 - - [19/Dec/2024 08:58:45] "POST /auth/login HTTP/1.1" 200 -
2024-12-19 08:58:45 - be.view.auth - INFO - 收到登录请求: {'user_id': 'buyer_8_46abceaa-bda4-11ef-87d8-02a6845b4b32', 'password': 'buyer_seller_8_46abceaa-bda4-11ef-87d8-02a6845b4b32', 'terminal': 'my terminal'}
2024-12-19 08:58:45 - be.model.user - INFO - 尝试登录用户：buyer_8_46abceaa-bda4-11ef-87d8-02a6845b4b32，终端：my terminal
2024-12-19 08:58:45 - be.model.user - INFO - 为用户 buyer_8_46abceaa-bda4-11ef-87d8-02a6845b4b32 生成新token，终端：my terminal
2024-12-19 08:58:45 - be.model.user - INFO - 用户登录成功：buyer_8_46abceaa-bda4-11ef-87d8-02a6845b4b32
2024-12-19 08:58:45 - be.view.auth - INFO - 登录处理结果: 200
2024-12-19 08:58:45 - werkzeug - INFO - 127.0.0.1 - - [19/Dec/2024 08:58:45] "POST /auth/login HTTP/1.1" 200 -
2024-12-19 08:58:45 - be.view.auth - INFO - 收到登录请求: {'user_id': 'buyer_10_46abceaa-bda4-11ef-87d8-02a6845b4b32', 'password': 'buyer_seller_10_46abceaa-bda4-11ef-87d8-02a6845b4b32', 'terminal': 'my terminal'}
2024-12-19 08:58:45 - be.model.user - INFO - 尝试登录用户：buyer_10_46abceaa-bda4-11ef-87d8-02a6845b4b32，终端：my terminal
2024-12-19 08:58:45 - be.model.user - INFO - 为用户 buyer_10_46abceaa-bda4-11ef-87d8-02a6845b4b32 生成新token，终端：my terminal
2024-12-19 08:58:45 - be.model.user - INFO - 用户登录成功：buyer_10_46abceaa-bda4-11ef-87d8-02a6845b4b32
2024-12-19 08:58:45 - be.view.auth - INFO - 登录处理结果: 200
2024-12-19 08:58:45 - werkzeug - INFO - 127.0.0.1 - - [19/Dec/2024 08:58:45] "POST /auth/login HTTP/1.1" 200 -
2024-12-19 08:58:45 - be.view.auth - INFO - 收到登录请求: {'user_id': 'buyer_1_46abceaa-bda4-11ef-87d8-02a6845b4b32', 'password': 'buyer_seller_1_46abceaa-bda4-11ef-87d8-02a6845b4b32', 'terminal': 'my terminal'}
2024-12-19 08:58:45 - be.model.user - INFO - 尝试登录用户：buyer_1_46abceaa-bda4-11ef-87d8-02a6845b4b32，终端：my terminal
2024-12-19 08:58:45 - be.model.user - INFO - 为用户 buyer_1_46abceaa-bda4-11ef-87d8-02a6845b4b32 生成新token，终端：my terminal
2024-12-19 08:58:45 - be.model.user - INFO - 用户登录成功：buyer_1_46abceaa-bda4-11ef-87d8-02a6845b4b32
2024-12-19 08:58:45 - be.view.auth - INFO - 登录处理结果: 200
2024-12-19 08:58:45 - werkzeug - INFO - 127.0.0.1 - - [19/Dec/2024 08:58:45] "POST /auth/login HTTP/1.1" 200 -
2024-12-19 08:58:45 - be.view.auth - INFO - 收到登录请求: {'user_id': 'buyer_5_46abceaa-bda4-11ef-87d8-02a6845b4b32', 'password': 'buyer_seller_5_46abceaa-bda4-11ef-87d8-02a6845b4b32', 'terminal': 'my terminal'}
2024-12-19 08:58:45 - be.model.user - INFO - 尝试登录用户：buyer_5_46abceaa-bda4-11ef-87d8-02a6845b4b32，终端：my terminal
2024-12-19 08:58:46 - be.model.user - INFO - 为用户 buyer_5_46abceaa-bda4-11ef-87d8-02a6845b4b32 生成新token，终端：my terminal
2024-12-19 08:58:46 - be.model.user - INFO - 用户登录成功：buyer_5_46abceaa-bda4-11ef-87d8-02a6845b4b32
2024-12-19 08:58:46 - be.view.auth - INFO - 登录处理结果: 200
2024-12-19 08:58:46 - werkzeug - INFO - 127.0.0.1 - - [19/Dec/2024 08:58:46] "POST /auth/login HTTP/1.1" 200 -
2024-12-19 08:58:46 - be.view.auth - INFO - 收到登录请求: {'user_id': 'buyer_10_46abceaa-bda4-11ef-87d8-02a6845b4b32', 'password': 'buyer_seller_10_46abceaa-bda4-11ef-87d8-02a6845b4b32', 'terminal': 'my terminal'}
2024-12-19 08:58:46 - be.model.user - INFO - 尝试登录用户：buyer_10_46abceaa-bda4-11ef-87d8-02a6845b4b32，终端：my terminal
2024-12-19 08:58:46 - be.model.user - INFO - 为用户 buyer_10_46abceaa-bda4-11ef-87d8-02a6845b4b32 生成新token，终端：my terminal
2024-12-19 08:58:46 - be.model.user - INFO - 用户登录成功：buyer_10_46abceaa-bda4-11ef-87d8-02a6845b4b32
2024-12-19 08:58:46 - be.view.auth - INFO - 登录处理结果: 200
2024-12-19 08:58:46 - werkzeug - INFO - 127.0.0.1 - - [19/Dec/2024 08:58:46] "POST /auth/login HTTP/1.1" 200 -
2024-12-19 08:58:46 - be.view.auth - INFO - 收到登录请求: {'user_id': 'buyer_9_46abceaa-bda4-11ef-87d8-02a6845b4b32', 'password': 'buyer_seller_9_46abceaa-bda4-11ef-87d8-02a6845b4b32', 'terminal': 'my terminal'}
2024-12-19 08:58:46 - be.model.user - INFO - 尝试登录用户：buyer_9_46abceaa-bda4-11ef-87d8-02a6845b4b32，终端：my terminal
2024-12-19 08:58:46 - be.model.user - INFO - 为用户 buyer_9_46abceaa-bda4-11ef-87d8-02a6845b4b32 生成新token，终端：my terminal
2024-12-19 08:58:46 - be.model.user - INFO - 用户登录成功：buyer_9_46abceaa-bda4-11ef-87d8-02a6845b4b32
2024-12-19 08:58:46 - be.view.auth - INFO - 登录处理结果: 200
2024-12-19 08:58:46 - werkzeug - INFO - 127.0.0.1 - - [19/Dec/2024 08:58:46] "POST /auth/login HTTP/1.1" 200 -
2024-12-19 08:58:46 - be.view.auth - INFO - 收到登录请求: {'user_id': 'buyer_5_46abceaa-bda4-11ef-87d8-02a6845b4b32', 'password': 'buyer_seller_5_46abceaa-bda4-11ef-87d8-02a6845b4b32', 'terminal': 'my terminal'}
2024-12-19 08:58:46 - be.model.user - INFO - 尝试登录用户：buyer_5_46abceaa-bda4-11ef-87d8-02a6845b4b32，终端：my terminal
2024-12-19 08:58:46 - be.model.user - INFO - 为用户 buyer_5_46abceaa-bda4-11ef-87d8-02a6845b4b32 生成新token，终端：my terminal
2024-12-19 08:58:46 - be.model.user - INFO - 用户登录成功：buyer_5_46abceaa-bda4-11ef-87d8-02a6845b4b32
2024-12-19 08:58:46 - be.view.auth - INFO - 登录处理结果: 200
2024-12-19 08:58:46 - werkzeug - INFO - 127.0.0.1 - - [19/Dec/2024 08:58:46] "POST /auth/login HTTP/1.1" 200 -
2024-12-19 08:58:46 - be.view.auth - INFO - 收到登录请求: {'user_id': 'buyer_2_46abceaa-bda4-11ef-87d8-02a6845b4b32', 'password': 'buyer_seller_2_46abceaa-bda4-11ef-87d8-02a6845b4b32', 'terminal': 'my terminal'}
2024-12-19 08:58:46 - be.model.user - INFO - 尝试登录用户：buyer_2_46abceaa-bda4-11ef-87d8-02a6845b4b32，终端：my terminal
2024-12-19 08:58:47 - be.model.user - INFO - 为用户 buyer_2_46abceaa-bda4-11ef-87d8-02a6845b4b32 生成新token，终端：my terminal
2024-12-19 08:58:47 - be.model.user - INFO - 用户登录成功：buyer_2_46abceaa-bda4-11ef-87d8-02a6845b4b32
2024-12-19 08:58:47 - be.view.auth - INFO - 登录处理结果: 200
2024-12-19 08:58:47 - werkzeug - INFO - 127.0.0.1 - - [19/Dec/2024 08:58:47] "POST /auth/login HTTP/1.1" 200 -
2024-12-19 08:58:47 - be.view.auth - INFO - 收到登录请求: {'user_id': 'buyer_5_46abceaa-bda4-11ef-87d8-02a6845b4b32', 'password': 'buyer_seller_5_46abceaa-bda4-11ef-87d8-02a6845b4b32', 'terminal': 'my terminal'}
2024-12-19 08:58:47 - be.model.user - INFO - 尝试登录用户：buyer_5_46abceaa-bda4-11ef-87d8-02a6845b4b32，终端：my terminal
2024-12-19 08:58:47 - be.model.user - INFO - 为用户 buyer_5_46abceaa-bda4-11ef-87d8-02a6845b4b32 生成新token，终端：my terminal
2024-12-19 08:58:47 - be.model.user - INFO - 用户登录成功：buyer_5_46abceaa-bda4-11ef-87d8-02a6845b4b32
2024-12-19 08:58:47 - be.view.auth - INFO - 登录处理结果: 200
2024-12-19 08:58:47 - werkzeug - INFO - 127.0.0.1 - - [19/Dec/2024 08:58:47] "POST /auth/login HTTP/1.1" 200 -
2024-12-19 08:58:47 - be.view.auth - INFO - 收到登录请求: {'user_id': 'buyer_9_46abceaa-bda4-11ef-87d8-02a6845b4b32', 'password': 'buyer_seller_9_46abceaa-bda4-11ef-87d8-02a6845b4b32', 'terminal': 'my terminal'}
2024-12-19 08:58:47 - be.model.user - INFO - 尝试登录用户：buyer_9_46abceaa-bda4-11ef-87d8-02a6845b4b32，终端：my terminal
2024-12-19 08:58:47 - be.model.user - INFO - 为用户 buyer_9_46abceaa-bda4-11ef-87d8-02a6845b4b32 生成新token，终端：my terminal
2024-12-19 08:58:47 - be.model.user - INFO - 用户登录成功：buyer_9_46abceaa-bda4-11ef-87d8-02a6845b4b32
2024-12-19 08:58:47 - be.view.auth - INFO - 登录处理结果: 200
2024-12-19 08:58:47 - werkzeug - INFO - 127.0.0.1 - - [19/Dec/2024 08:58:47] "POST /auth/login HTTP/1.1" 200 -
2024-12-19 08:58:47 - be.view.auth - INFO - 收到登录请求: {'user_id': 'buyer_2_46abceaa-bda4-11ef-87d8-02a6845b4b32', 'password': 'buyer_seller_2_46abceaa-bda4-11ef-87d8-02a6845b4b32', 'terminal': 'my terminal'}
2024-12-19 08:58:47 - be.model.user - INFO - 尝试登录用户：buyer_2_46abceaa-bda4-11ef-87d8-02a6845b4b32，终端：my terminal
2024-12-19 08:58:47 - be.model.user - INFO - 为用户 buyer_2_46abceaa-bda4-11ef-87d8-02a6845b4b32 生成新token，终端：my terminal
2024-12-19 08:58:47 - be.model.user - INFO - 用户登录成功：buyer_2_46abceaa-bda4-11ef-87d8-02a6845b4b32
2024-12-19 08:58:47 - be.view.auth - INFO - 登录处理结果: 200
2024-12-19 08:58:47 - werkzeug - INFO - 127.0.0.1 - - [19/Dec/2024 08:58:47] "POST /auth/login HTTP/1.1" 200 -
2024-12-19 08:58:47 - be.view.auth - INFO - 收到登录请求: {'user_id': 'buyer_2_46abceaa-bda4-11ef-87d8-02a6845b4b32', 'password': 'buyer_seller_2_46abceaa-bda4-11ef-87d8-02a6845b4b32', 'terminal': 'my terminal'}
2024-12-19 08:58:47 - be.model.user - INFO - 尝试登录用户：buyer_2_46abceaa-bda4-11ef-87d8-02a6845b4b32，终端：my terminal
2024-12-19 08:58:48 - be.model.user - INFO - 为用户 buyer_2_46abceaa-bda4-11ef-87d8-02a6845b4b32 生成新token，终端：my terminal
2024-12-19 08:58:48 - be.model.user - INFO - 用户登录成功：buyer_2_46abceaa-bda4-11ef-87d8-02a6845b4b32
2024-12-19 08:58:48 - be.view.auth - INFO - 登录处理结果: 200
2024-12-19 08:58:48 - werkzeug - INFO - 127.0.0.1 - - [19/Dec/2024 08:58:48] "POST /auth/login HTTP/1.1" 200 -
2024-12-19 08:58:48 - be.view.auth - INFO - 收到登录请求: {'user_id': 'buyer_3_46abceaa-bda4-11ef-87d8-02a6845b4b32', 'password': 'buyer_seller_3_46abceaa-bda4-11ef-87d8-02a6845b4b32', 'terminal': 'my terminal'}
2024-12-19 08:58:48 - be.model.user - INFO - 尝试登录用户：buyer_3_46abceaa-bda4-11ef-87d8-02a6845b4b32，终端：my terminal
2024-12-19 08:58:48 - be.model.user - INFO - 为用户 buyer_3_46abceaa-bda4-11ef-87d8-02a6845b4b32 生成新token，终端：my terminal
2024-12-19 08:58:48 - be.model.user - INFO - 用户登录成功：buyer_3_46abceaa-bda4-11ef-87d8-02a6845b4b32
2024-12-19 08:58:48 - be.view.auth - INFO - 登录处理结果: 200
2024-12-19 08:58:48 - werkzeug - INFO - 127.0.0.1 - - [19/Dec/2024 08:58:48] "POST /auth/login HTTP/1.1" 200 -
2024-12-19 08:58:48 - be.view.auth - INFO - 收到登录请求: {'user_id': 'buyer_4_46abceaa-bda4-11ef-87d8-02a6845b4b32', 'password': 'buyer_seller_4_46abceaa-bda4-11ef-87d8-02a6845b4b32', 'terminal': 'my terminal'}
2024-12-19 08:58:48 - be.model.user - INFO - 尝试登录用户：buyer_4_46abceaa-bda4-11ef-87d8-02a6845b4b32，终端：my terminal
2024-12-19 08:58:48 - be.model.user - INFO - 为用户 buyer_4_46abceaa-bda4-11ef-87d8-02a6845b4b32 生成新token，终端：my terminal
2024-12-19 08:58:48 - be.model.user - INFO - 用户登录成功：buyer_4_46abceaa-bda4-11ef-87d8-02a6845b4b32
2024-12-19 08:58:48 - be.view.auth - INFO - 登录处理结果: 200
2024-12-19 08:58:48 - werkzeug - INFO - 127.0.0.1 - - [19/Dec/2024 08:58:48] "POST /auth/login HTTP/1.1" 200 -
2024-12-19 08:58:48 - be.view.auth - INFO - 收到登录请求: {'user_id': 'buyer_8_46abceaa-bda4-11ef-87d8-02a6845b4b32', 'password': 'buyer_seller_8_46abceaa-bda4-11ef-87d8-02a6845b4b32', 'terminal': 'my terminal'}
2024-12-19 08:58:48 - be.model.user - INFO - 尝试登录用户：buyer_8_46abceaa-bda4-11ef-87d8-02a6845b4b32，终端：my terminal
2024-12-19 08:58:48 - be.model.user - INFO - 为用户 buyer_8_46abceaa-bda4-11ef-87d8-02a6845b4b32 生成新token，终端：my terminal
2024-12-19 08:58:48 - be.model.user - INFO - 用户登录成功：buyer_8_46abceaa-bda4-11ef-87d8-02a6845b4b32
2024-12-19 08:58:48 - be.view.auth - INFO - 登录处理结果: 200
2024-12-19 08:58:48 - werkzeug - INFO - 127.0.0.1 - - [19/Dec/2024 08:58:48] "POST /auth/login HTTP/1.1" 200 -
2024-12-19 08:58:48 - be.view.auth - INFO - 收到登录请求: {'user_id': 'buyer_10_46abceaa-bda4-11ef-87d8-02a6845b4b32', 'password': 'buyer_seller_10_46abceaa-bda4-11ef-87d8-02a6845b4b32', 'terminal': 'my terminal'}
2024-12-19 08:58:48 - be.model.user - INFO - 尝试登录用户：buyer_10_46abceaa-bda4-11ef-87d8-02a6845b4b32，终端：my terminal
2024-12-19 08:58:49 - be.model.user - INFO - 为用户 buyer_10_46abceaa-bda4-11ef-87d8-02a6845b4b32 生成新token，终端：my terminal
2024-12-19 08:58:49 - be.model.user - INFO - 用户登录成功：buyer_10_46abceaa-bda4-11ef-87d8-02a6845b4b32
2024-12-19 08:58:49 - be.view.auth - INFO - 登录处理结果: 200
2024-12-19 08:58:49 - werkzeug - INFO - 127.0.0.1 - - [19/Dec/2024 08:58:49] "POST /auth/login HTTP/1.1" 200 -
2024-12-19 08:58:49 - be.view.auth - INFO - 收到登录请求: {'user_id': 'buyer_2_46abceaa-bda4-11ef-87d8-02a6845b4b32', 'password': 'buyer_seller_2_46abceaa-bda4-11ef-87d8-02a6845b4b32', 'terminal': 'my terminal'}
2024-12-19 08:58:49 - be.model.user - INFO - 尝试登录用户：buyer_2_46abceaa-bda4-11ef-87d8-02a6845b4b32，终端：my terminal
2024-12-19 08:58:49 - be.model.user - INFO - 为用户 buyer_2_46abceaa-bda4-11ef-87d8-02a6845b4b32 生成新token，终端：my terminal
2024-12-19 08:58:49 - be.model.user - INFO - 用户登录成功：buyer_2_46abceaa-bda4-11ef-87d8-02a6845b4b32
2024-12-19 08:58:49 - be.view.auth - INFO - 登录处理结果: 200
2024-12-19 08:58:49 - werkzeug - INFO - 127.0.0.1 - - [19/Dec/2024 08:58:49] "POST /auth/login HTTP/1.1" 200 -
2024-12-19 08:58:49 - be.view.auth - INFO - 收到登录请求: {'user_id': 'buyer_2_46abceaa-bda4-11ef-87d8-02a6845b4b32', 'password': 'buyer_seller_2_46abceaa-bda4-11ef-87d8-02a6845b4b32', 'terminal': 'my terminal'}
2024-12-19 08:58:49 - be.model.user - INFO - 尝试登录用户：buyer_2_46abceaa-bda4-11ef-87d8-02a6845b4b32，终端：my terminal
2024-12-19 08:58:49 - be.model.user - INFO - 为用户 buyer_2_46abceaa-bda4-11ef-87d8-02a6845b4b32 生成新token，终端：my terminal
2024-12-19 08:58:49 - be.model.user - INFO - 用户登录成功：buyer_2_46abceaa-bda4-11ef-87d8-02a6845b4b32
2024-12-19 08:58:49 - be.view.auth - INFO - 登录处理结果: 200
2024-12-19 08:58:49 - werkzeug - INFO - 127.0.0.1 - - [19/Dec/2024 08:58:49] "POST /auth/login HTTP/1.1" 200 -
2024-12-19 08:58:49 - be.view.auth - INFO - 收到登录请求: {'user_id': 'buyer_3_46abceaa-bda4-11ef-87d8-02a6845b4b32', 'password': 'buyer_seller_3_46abceaa-bda4-11ef-87d8-02a6845b4b32', 'terminal': 'my terminal'}
2024-12-19 08:58:49 - be.model.user - INFO - 尝试登录用户：buyer_3_46abceaa-bda4-11ef-87d8-02a6845b4b32，终端：my terminal
2024-12-19 08:58:49 - be.model.user - INFO - 为用户 buyer_3_46abceaa-bda4-11ef-87d8-02a6845b4b32 生成新token，终端：my terminal
2024-12-19 08:58:49 - be.model.user - INFO - 用户登录成功：buyer_3_46abceaa-bda4-11ef-87d8-02a6845b4b32
2024-12-19 08:58:49 - be.view.auth - INFO - 登录处理结果: 200
2024-12-19 08:58:49 - werkzeug - INFO - 127.0.0.1 - - [19/Dec/2024 08:58:49] "POST /auth/login HTTP/1.1" 200 -
2024-12-19 08:58:49 - be.view.auth - INFO - 收到登录请求: {'user_id': 'buyer_5_46abceaa-bda4-11ef-87d8-02a6845b4b32', 'password': 'buyer_seller_5_46abceaa-bda4-11ef-87d8-02a6845b4b32', 'terminal': 'my terminal'}
2024-12-19 08:58:49 - be.model.user - INFO - 尝试登录用户：buyer_5_46abceaa-bda4-11ef-87d8-02a6845b4b32，终端：my terminal
2024-12-19 08:58:50 - be.model.user - INFO - 为用户 buyer_5_46abceaa-bda4-11ef-87d8-02a6845b4b32 生成新token，终端：my terminal
2024-12-19 08:58:50 - be.model.user - INFO - 用户登录成功：buyer_5_46abceaa-bda4-11ef-87d8-02a6845b4b32
2024-12-19 08:58:50 - be.view.auth - INFO - 登录处理结果: 200
2024-12-19 08:58:50 - werkzeug - INFO - 127.0.0.1 - - [19/Dec/2024 08:58:50] "POST /auth/login HTTP/1.1" 200 -
2024-12-19 08:58:50 - be.view.auth - INFO - 收到登录请求: {'user_id': 'buyer_10_46abceaa-bda4-11ef-87d8-02a6845b4b32', 'password': 'buyer_seller_10_46abceaa-bda4-11ef-87d8-02a6845b4b32', 'terminal': 'my terminal'}
2024-12-19 08:58:50 - be.model.user - INFO - 尝试登录用户：buyer_10_46abceaa-bda4-11ef-87d8-02a6845b4b32，终端：my terminal
2024-12-19 08:58:50 - be.model.user - INFO - 为用户 buyer_10_46abceaa-bda4-11ef-87d8-02a6845b4b32 生成新token，终端：my terminal
2024-12-19 08:58:50 - be.model.user - INFO - 用户登录成功：buyer_10_46abceaa-bda4-11ef-87d8-02a6845b4b32
2024-12-19 08:58:50 - be.view.auth - INFO - 登录处理结果: 200
2024-12-19 08:58:50 - werkzeug - INFO - 127.0.0.1 - - [19/Dec/2024 08:58:50] "POST /auth/login HTTP/1.1" 200 -
2024-12-19 08:58:50 - be.view.auth - INFO - 收到登录请求: {'user_id': 'buyer_5_46abceaa-bda4-11ef-87d8-02a6845b4b32', 'password': 'buyer_seller_5_46abceaa-bda4-11ef-87d8-02a6845b4b32', 'terminal': 'my terminal'}
2024-12-19 08:58:50 - be.model.user - INFO - 尝试登录用户：buyer_5_46abceaa-bda4-11ef-87d8-02a6845b4b32，终端：my terminal
2024-12-19 08:58:50 - be.model.user - INFO - 为用户 buyer_5_46abceaa-bda4-11ef-87d8-02a6845b4b32 生成新token，终端：my terminal
2024-12-19 08:58:50 - be.model.user - INFO - 用户登录成功：buyer_5_46abceaa-bda4-11ef-87d8-02a6845b4b32
2024-12-19 08:58:50 - be.view.auth - INFO - 登录处理结果: 200
2024-12-19 08:58:50 - werkzeug - INFO - 127.0.0.1 - - [19/Dec/2024 08:58:50] "POST /auth/login HTTP/1.1" 200 -
2024-12-19 08:58:50 - be.view.auth - INFO - 收到登录请求: {'user_id': 'buyer_6_46abceaa-bda4-11ef-87d8-02a6845b4b32', 'password': 'buyer_seller_6_46abceaa-bda4-11ef-87d8-02a6845b4b32', 'terminal': 'my terminal'}
2024-12-19 08:58:50 - be.model.user - INFO - 尝试登录用户：buyer_6_46abceaa-bda4-11ef-87d8-02a6845b4b32，终端：my terminal
2024-12-19 08:58:50 - be.model.user - INFO - 为用户 buyer_6_46abceaa-bda4-11ef-87d8-02a6845b4b32 生成新token，终端：my terminal
2024-12-19 08:58:50 - be.model.user - INFO - 用户登录成功：buyer_6_46abceaa-bda4-11ef-87d8-02a6845b4b32
2024-12-19 08:58:50 - be.view.auth - INFO - 登录处理结果: 200
2024-12-19 08:58:50 - werkzeug - INFO - 127.0.0.1 - - [19/Dec/2024 08:58:50] "POST /auth/login HTTP/1.1" 200 -
2024-12-19 08:58:50 - be.view.auth - INFO - 收到登录请求: {'user_id': 'buyer_3_46abceaa-bda4-11ef-87d8-02a6845b4b32', 'password': 'buyer_seller_3_46abceaa-bda4-11ef-87d8-02a6845b4b32', 'terminal': 'my terminal'}
2024-12-19 08:58:50 - be.model.user - INFO - 尝试登录用户：buyer_3_46abceaa-bda4-11ef-87d8-02a6845b4b32，终端：my terminal
2024-12-19 08:58:50 - be.model.user - INFO - 为用户 buyer_3_46abceaa-bda4-11ef-87d8-02a6845b4b32 生成新token，终端：my terminal
2024-12-19 08:58:50 - be.model.user - INFO - 用户登录成功：buyer_3_46abceaa-bda4-11ef-87d8-02a6845b4b32
2024-12-19 08:58:51 - be.view.auth - INFO - 登录处理结果: 200
2024-12-19 08:58:51 - werkzeug - INFO - 127.0.0.1 - - [19/Dec/2024 08:58:51] "POST /auth/login HTTP/1.1" 200 -
2024-12-19 08:58:51 - be.view.auth - INFO - 收到登录请求: {'user_id': 'buyer_1_46abceaa-bda4-11ef-87d8-02a6845b4b32', 'password': 'buyer_seller_1_46abceaa-bda4-11ef-87d8-02a6845b4b32', 'terminal': 'my terminal'}
2024-12-19 08:58:51 - be.model.user - INFO - 尝试登录用户：buyer_1_46abceaa-bda4-11ef-87d8-02a6845b4b32，终端：my terminal
2024-12-19 08:58:51 - be.model.user - INFO - 为用户 buyer_1_46abceaa-bda4-11ef-87d8-02a6845b4b32 生成新token，终端：my terminal
2024-12-19 08:58:51 - be.model.user - INFO - 用户登录成功：buyer_1_46abceaa-bda4-11ef-87d8-02a6845b4b32
2024-12-19 08:58:51 - be.view.auth - INFO - 登录处理结果: 200
2024-12-19 08:58:51 - werkzeug - INFO - 127.0.0.1 - - [19/Dec/2024 08:58:51] "POST /auth/login HTTP/1.1" 200 -
2024-12-19 08:58:51 - be.view.auth - INFO - 收到登录请求: {'user_id': 'buyer_8_46abceaa-bda4-11ef-87d8-02a6845b4b32', 'password': 'buyer_seller_8_46abceaa-bda4-11ef-87d8-02a6845b4b32', 'terminal': 'my terminal'}
2024-12-19 08:58:51 - be.model.user - INFO - 尝试登录用户：buyer_8_46abceaa-bda4-11ef-87d8-02a6845b4b32，终端：my terminal
2024-12-19 08:58:51 - be.model.user - INFO - 为用户 buyer_8_46abceaa-bda4-11ef-87d8-02a6845b4b32 生成新token，终端：my terminal
2024-12-19 08:58:51 - be.model.user - INFO - 用户登录成功：buyer_8_46abceaa-bda4-11ef-87d8-02a6845b4b32
2024-12-19 08:58:51 - be.view.auth - INFO - 登录处理结果: 200
2024-12-19 08:58:51 - werkzeug - INFO - 127.0.0.1 - - [19/Dec/2024 08:58:51] "POST /auth/login HTTP/1.1" 200 -
2024-12-19 08:58:51 - be.view.auth - INFO - 收到登录请求: {'user_id': 'buyer_6_46abceaa-bda4-11ef-87d8-02a6845b4b32', 'password': 'buyer_seller_6_46abceaa-bda4-11ef-87d8-02a6845b4b32', 'terminal': 'my terminal'}
2024-12-19 08:58:51 - be.model.user - INFO - 尝试登录用户：buyer_6_46abceaa-bda4-11ef-87d8-02a6845b4b32，终端：my terminal
2024-12-19 08:58:51 - be.model.user - INFO - 为用户 buyer_6_46abceaa-bda4-11ef-87d8-02a6845b4b32 生成新token，终端：my terminal
2024-12-19 08:58:51 - be.model.user - INFO - 用户登录成功：buyer_6_46abceaa-bda4-11ef-87d8-02a6845b4b32
2024-12-19 08:58:51 - be.view.auth - INFO - 登录处理结果: 200
2024-12-19 08:58:51 - werkzeug - INFO - 127.0.0.1 - - [19/Dec/2024 08:58:51] "POST /auth/login HTTP/1.1" 200 -
2024-12-19 08:58:51 - be.view.auth - INFO - 收到登录请求: {'user_id': 'buyer_5_46abceaa-bda4-11ef-87d8-02a6845b4b32', 'password': 'buyer_seller_5_46abceaa-bda4-11ef-87d8-02a6845b4b32', 'terminal': 'my terminal'}
2024-12-19 08:58:51 - be.model.user - INFO - 尝试登录用户：buyer_5_46abceaa-bda4-11ef-87d8-02a6845b4b32，终端：my terminal
2024-12-19 08:58:51 - be.model.user - INFO - 为用户 buyer_5_46abceaa-bda4-11ef-87d8-02a6845b4b32 生成新token，终端：my terminal
2024-12-19 08:58:51 - be.model.user - INFO - 用户登录成功：buyer_5_46abceaa-bda4-11ef-87d8-02a6845b4b32
2024-12-19 08:58:52 - be.view.auth - INFO - 登录处理结果: 200
2024-12-19 08:58:52 - werkzeug - INFO - 127.0.0.1 - - [19/Dec/2024 08:58:52] "POST /auth/login HTTP/1.1" 200 -
2024-12-19 08:58:52 - be.view.auth - INFO - 收到登录请求: {'user_id': 'buyer_7_46abceaa-bda4-11ef-87d8-02a6845b4b32', 'password': 'buyer_seller_7_46abceaa-bda4-11ef-87d8-02a6845b4b32', 'terminal': 'my terminal'}
2024-12-19 08:58:52 - be.model.user - INFO - 尝试登录用户：buyer_7_46abceaa-bda4-11ef-87d8-02a6845b4b32，终端：my terminal
2024-12-19 08:58:52 - be.model.user - INFO - 为用户 buyer_7_46abceaa-bda4-11ef-87d8-02a6845b4b32 生成新token，终端：my terminal
2024-12-19 08:58:52 - be.model.user - INFO - 用户登录成功：buyer_7_46abceaa-bda4-11ef-87d8-02a6845b4b32
2024-12-19 08:58:52 - be.view.auth - INFO - 登录处理结果: 200
2024-12-19 08:58:52 - werkzeug - INFO - 127.0.0.1 - - [19/Dec/2024 08:58:52] "POST /auth/login HTTP/1.1" 200 -
2024-12-19 08:58:52 - be.view.auth - INFO - 收到登录请求: {'user_id': 'buyer_10_46abceaa-bda4-11ef-87d8-02a6845b4b32', 'password': 'buyer_seller_10_46abceaa-bda4-11ef-87d8-02a6845b4b32', 'terminal': 'my terminal'}
2024-12-19 08:58:52 - be.model.user - INFO - 尝试登录用户：buyer_10_46abceaa-bda4-11ef-87d8-02a6845b4b32，终端：my terminal
2024-12-19 08:58:52 - be.model.user - INFO - 为用户 buyer_10_46abceaa-bda4-11ef-87d8-02a6845b4b32 生成新token，终端：my terminal
2024-12-19 08:58:52 - be.model.user - INFO - 用户登录成功：buyer_10_46abceaa-bda4-11ef-87d8-02a6845b4b32
2024-12-19 08:58:52 - be.view.auth - INFO - 登录处理结果: 200
2024-12-19 08:58:52 - werkzeug - INFO - 127.0.0.1 - - [19/Dec/2024 08:58:52] "POST /auth/login HTTP/1.1" 200 -
2024-12-19 08:58:52 - be.view.auth - INFO - 收到登录请求: {'user_id': 'buyer_9_46abceaa-bda4-11ef-87d8-02a6845b4b32', 'password': 'buyer_seller_9_46abceaa-bda4-11ef-87d8-02a6845b4b32', 'terminal': 'my terminal'}
2024-12-19 08:58:52 - be.model.user - INFO - 尝试登录用户：buyer_9_46abceaa-bda4-11ef-87d8-02a6845b4b32，终端：my terminal
2024-12-19 08:58:52 - be.model.user - INFO - 为用户 buyer_9_46abceaa-bda4-11ef-87d8-02a6845b4b32 生成新token，终端：my terminal
2024-12-19 08:58:52 - be.model.user - INFO - 用户登录成功：buyer_9_46abceaa-bda4-11ef-87d8-02a6845b4b32
2024-12-19 08:58:52 - be.view.auth - INFO - 登录处理结果: 200
2024-12-19 08:58:52 - werkzeug - INFO - 127.0.0.1 - - [19/Dec/2024 08:58:52] "POST /auth/login HTTP/1.1" 200 -
2024-12-19 08:58:52 - be.view.auth - INFO - 收到登录请求: {'user_id': 'buyer_10_46abceaa-bda4-11ef-87d8-02a6845b4b32', 'password': 'buyer_seller_10_46abceaa-bda4-11ef-87d8-02a6845b4b32', 'terminal': 'my terminal'}
2024-12-19 08:58:52 - be.model.user - INFO - 尝试登录用户：buyer_10_46abceaa-bda4-11ef-87d8-02a6845b4b32，终端：my terminal
2024-12-19 08:58:52 - be.model.user - INFO - 为用户 buyer_10_46abceaa-bda4-11ef-87d8-02a6845b4b32 生成新token，终端：my terminal
2024-12-19 08:58:52 - be.model.user - INFO - 用户登录成功：buyer_10_46abceaa-bda4-11ef-87d8-02a6845b4b32
2024-12-19 08:58:53 - be.view.auth - INFO - 登录处理结果: 200
2024-12-19 08:58:53 - werkzeug - INFO - 127.0.0.1 - - [19/Dec/2024 08:58:53] "POST /auth/login HTTP/1.1" 200 -
2024-12-19 08:58:53 - be.view.auth - INFO - 收到登录请求: {'user_id': 'buyer_6_46abceaa-bda4-11ef-87d8-02a6845b4b32', 'password': 'buyer_seller_6_46abceaa-bda4-11ef-87d8-02a6845b4b32', 'terminal': 'my terminal'}
2024-12-19 08:58:53 - be.model.user - INFO - 尝试登录用户：buyer_6_46abceaa-bda4-11ef-87d8-02a6845b4b32，终端：my terminal
2024-12-19 08:58:53 - be.model.user - INFO - 为用户 buyer_6_46abceaa-bda4-11ef-87d8-02a6845b4b32 生成新token，终端：my terminal
2024-12-19 08:58:53 - be.model.user - INFO - 用户登录成功：buyer_6_46abceaa-bda4-11ef-87d8-02a6845b4b32
2024-12-19 08:58:53 - be.view.auth - INFO - 登录处理结果: 200
2024-12-19 08:58:53 - werkzeug - INFO - 127.0.0.1 - - [19/Dec/2024 08:58:53] "POST /auth/login HTTP/1.1" 200 -
2024-12-19 08:58:53 - be.view.auth - INFO - 收到登录请求: {'user_id': 'buyer_10_46abceaa-bda4-11ef-87d8-02a6845b4b32', 'password': 'buyer_seller_10_46abceaa-bda4-11ef-87d8-02a6845b4b32', 'terminal': 'my terminal'}
2024-12-19 08:58:53 - be.model.user - INFO - 尝试登录用户：buyer_10_46abceaa-bda4-11ef-87d8-02a6845b4b32，终端：my terminal
2024-12-19 08:58:53 - be.model.user - INFO - 为用户 buyer_10_46abceaa-bda4-11ef-87d8-02a6845b4b32 生成新token，终端：my terminal
2024-12-19 08:58:53 - be.model.user - INFO - 用户登录成功：buyer_10_46abceaa-bda4-11ef-87d8-02a6845b4b32
2024-12-19 08:58:53 - be.view.auth - INFO - 登录处理结果: 200
2024-12-19 08:58:53 - werkzeug - INFO - 127.0.0.1 - - [19/Dec/2024 08:58:53] "POST /auth/login HTTP/1.1" 200 -
2024-12-19 08:58:53 - be.view.auth - INFO - 收到登录请求: {'user_id': 'buyer_3_46abceaa-bda4-11ef-87d8-02a6845b4b32', 'password': 'buyer_seller_3_46abceaa-bda4-11ef-87d8-02a6845b4b32', 'terminal': 'my terminal'}
2024-12-19 08:58:53 - be.model.user - INFO - 尝试登录用户：buyer_3_46abceaa-bda4-11ef-87d8-02a6845b4b32，终端：my terminal
2024-12-19 08:58:53 - be.model.user - INFO - 为用户 buyer_3_46abceaa-bda4-11ef-87d8-02a6845b4b32 生成新token，终端：my terminal
2024-12-19 08:58:53 - be.model.user - INFO - 用户登录成功：buyer_3_46abceaa-bda4-11ef-87d8-02a6845b4b32
2024-12-19 08:58:53 - be.view.auth - INFO - 登录处理结果: 200
2024-12-19 08:58:53 - werkzeug - INFO - 127.0.0.1 - - [19/Dec/2024 08:58:53] "POST /auth/login HTTP/1.1" 200 -
2024-12-19 08:58:53 - be.view.auth - INFO - 收到登录请求: {'user_id': 'buyer_5_46abceaa-bda4-11ef-87d8-02a6845b4b32', 'password': 'buyer_seller_5_46abceaa-bda4-11ef-87d8-02a6845b4b32', 'terminal': 'my terminal'}
2024-12-19 08:58:53 - be.model.user - INFO - 尝试登录用户：buyer_5_46abceaa-bda4-11ef-87d8-02a6845b4b32，终端：my terminal
2024-12-19 08:58:53 - be.model.user - INFO - 为用户 buyer_5_46abceaa-bda4-11ef-87d8-02a6845b4b32 生成新token，终端：my terminal
2024-12-19 08:58:53 - be.model.user - INFO - 用户登录成功：buyer_5_46abceaa-bda4-11ef-87d8-02a6845b4b32
2024-12-19 08:58:54 - be.view.auth - INFO - 登录处理结果: 200
2024-12-19 08:58:54 - werkzeug - INFO - 127.0.0.1 - - [19/Dec/2024 08:58:54] "POST /auth/login HTTP/1.1" 200 -
2024-12-19 08:58:54 - be.view.auth - INFO - 收到登录请求: {'user_id': 'buyer_4_46abceaa-bda4-11ef-87d8-02a6845b4b32', 'password': 'buyer_seller_4_46abceaa-bda4-11ef-87d8-02a6845b4b32', 'terminal': 'my terminal'}
2024-12-19 08:58:54 - be.model.user - INFO - 尝试登录用户：buyer_4_46abceaa-bda4-11ef-87d8-02a6845b4b32，终端：my terminal
2024-12-19 08:58:54 - be.model.user - INFO - 为用户 buyer_4_46abceaa-bda4-11ef-87d8-02a6845b4b32 生成新token，终端：my terminal
2024-12-19 08:58:54 - be.model.user - INFO - 用户登录成功：buyer_4_46abceaa-bda4-11ef-87d8-02a6845b4b32
2024-12-19 08:58:54 - be.view.auth - INFO - 登录处理结果: 200
2024-12-19 08:58:54 - werkzeug - INFO - 127.0.0.1 - - [19/Dec/2024 08:58:54] "POST /auth/login HTTP/1.1" 200 -
2024-12-19 08:58:54 - be.view.auth - INFO - 收到登录请求: {'user_id': 'buyer_3_46abceaa-bda4-11ef-87d8-02a6845b4b32', 'password': 'buyer_seller_3_46abceaa-bda4-11ef-87d8-02a6845b4b32', 'terminal': 'my terminal'}
2024-12-19 08:58:54 - be.model.user - INFO - 尝试登录用户：buyer_3_46abceaa-bda4-11ef-87d8-02a6845b4b32，终端：my terminal
2024-12-19 08:58:54 - be.model.user - INFO - 为用户 buyer_3_46abceaa-bda4-11ef-87d8-02a6845b4b32 生成新token，终端：my terminal
2024-12-19 08:58:54 - be.model.user - INFO - 用户登录成功：buyer_3_46abceaa-bda4-11ef-87d8-02a6845b4b32
2024-12-19 08:58:54 - be.view.auth - INFO - 登录处理结果: 200
2024-12-19 08:58:54 - werkzeug - INFO - 127.0.0.1 - - [19/Dec/2024 08:58:54] "POST /auth/login HTTP/1.1" 200 -
2024-12-19 08:58:54 - be.view.auth - INFO - 收到登录请求: {'user_id': 'buyer_3_46abceaa-bda4-11ef-87d8-02a6845b4b32', 'password': 'buyer_seller_3_46abceaa-bda4-11ef-87d8-02a6845b4b32', 'terminal': 'my terminal'}
2024-12-19 08:58:54 - be.model.user - INFO - 尝试登录用户：buyer_3_46abceaa-bda4-11ef-87d8-02a6845b4b32，终端：my terminal
2024-12-19 08:58:54 - be.model.user - INFO - 为用户 buyer_3_46abceaa-bda4-11ef-87d8-02a6845b4b32 生成新token，终端：my terminal
2024-12-19 08:58:54 - be.model.user - INFO - 用户登录成功：buyer_3_46abceaa-bda4-11ef-87d8-02a6845b4b32
2024-12-19 08:58:54 - be.view.auth - INFO - 登录处理结果: 200
2024-12-19 08:58:54 - werkzeug - INFO - 127.0.0.1 - - [19/Dec/2024 08:58:54] "POST /auth/login HTTP/1.1" 200 -
2024-12-19 08:58:54 - be.view.auth - INFO - 收到登录请求: {'user_id': 'buyer_8_46abceaa-bda4-11ef-87d8-02a6845b4b32', 'password': 'buyer_seller_8_46abceaa-bda4-11ef-87d8-02a6845b4b32', 'terminal': 'my terminal'}
2024-12-19 08:58:54 - be.model.user - INFO - 尝试登录用户：buyer_8_46abceaa-bda4-11ef-87d8-02a6845b4b32，终端：my terminal
2024-12-19 08:58:54 - be.model.user - INFO - 为用户 buyer_8_46abceaa-bda4-11ef-87d8-02a6845b4b32 生成新token，终端：my terminal
2024-12-19 08:58:54 - be.model.user - INFO - 用户登录成功：buyer_8_46abceaa-bda4-11ef-87d8-02a6845b4b32
2024-12-19 08:58:55 - be.view.auth - INFO - 登录处理结果: 200
2024-12-19 08:58:55 - werkzeug - INFO - 127.0.0.1 - - [19/Dec/2024 08:58:55] "POST /auth/login HTTP/1.1" 200 -
2024-12-19 08:58:55 - be.view.auth - INFO - 收到登录请求: {'user_id': 'buyer_8_46abceaa-bda4-11ef-87d8-02a6845b4b32', 'password': 'buyer_seller_8_46abceaa-bda4-11ef-87d8-02a6845b4b32', 'terminal': 'my terminal'}
2024-12-19 08:58:55 - be.model.user - INFO - 尝试登录用户：buyer_8_46abceaa-bda4-11ef-87d8-02a6845b4b32，终端：my terminal
2024-12-19 08:58:55 - be.model.user - INFO - 为用户 buyer_8_46abceaa-bda4-11ef-87d8-02a6845b4b32 生成新token，终端：my terminal
2024-12-19 08:58:55 - be.model.user - INFO - 用户登录成功：buyer_8_46abceaa-bda4-11ef-87d8-02a6845b4b32
2024-12-19 08:58:55 - be.view.auth - INFO - 登录处理结果: 200
2024-12-19 08:58:55 - werkzeug - INFO - 127.0.0.1 - - [19/Dec/2024 08:58:55] "POST /auth/login HTTP/1.1" 200 -
2024-12-19 08:58:55 - be.view.auth - INFO - 收到登录请求: {'user_id': 'buyer_8_46abceaa-bda4-11ef-87d8-02a6845b4b32', 'password': 'buyer_seller_8_46abceaa-bda4-11ef-87d8-02a6845b4b32', 'terminal': 'my terminal'}
2024-12-19 08:58:55 - be.model.user - INFO - 尝试登录用户：buyer_8_46abceaa-bda4-11ef-87d8-02a6845b4b32，终端：my terminal
2024-12-19 08:58:55 - be.model.user - INFO - 为用户 buyer_8_46abceaa-bda4-11ef-87d8-02a6845b4b32 生成新token，终端：my terminal
2024-12-19 08:58:55 - be.model.user - INFO - 用户登录成功：buyer_8_46abceaa-bda4-11ef-87d8-02a6845b4b32
2024-12-19 08:58:55 - be.view.auth - INFO - 登录处理结果: 200
2024-12-19 08:58:55 - werkzeug - INFO - 127.0.0.1 - - [19/Dec/2024 08:58:55] "POST /auth/login HTTP/1.1" 200 -
2024-12-19 08:58:55 - be.view.auth - INFO - 收到登录请求: {'user_id': 'buyer_3_46abceaa-bda4-11ef-87d8-02a6845b4b32', 'password': 'buyer_seller_3_46abceaa-bda4-11ef-87d8-02a6845b4b32', 'terminal': 'my terminal'}
2024-12-19 08:58:55 - be.model.user - INFO - 尝试登录用户：buyer_3_46abceaa-bda4-11ef-87d8-02a6845b4b32，终端：my terminal
2024-12-19 08:58:55 - be.model.user - INFO - 为用户 buyer_3_46abceaa-bda4-11ef-87d8-02a6845b4b32 生成新token，终端：my terminal
2024-12-19 08:58:55 - be.model.user - INFO - 用户登录成功：buyer_3_46abceaa-bda4-11ef-87d8-02a6845b4b32
2024-12-19 08:58:55 - be.view.auth - INFO - 登录处理结果: 200
2024-12-19 08:58:55 - werkzeug - INFO - 127.0.0.1 - - [19/Dec/2024 08:58:55] "POST /auth/login HTTP/1.1" 200 -
2024-12-19 08:58:55 - be.view.auth - INFO - 收到登录请求: {'user_id': 'buyer_4_46abceaa-bda4-11ef-87d8-02a6845b4b32', 'password': 'buyer_seller_4_46abceaa-bda4-11ef-87d8-02a6845b4b32', 'terminal': 'my terminal'}
2024-12-19 08:58:55 - be.model.user - INFO - 尝试登录用户：buyer_4_46abceaa-bda4-11ef-87d8-02a6845b4b32，终端：my terminal
2024-12-19 08:58:55 - be.model.user - INFO - 为用户 buyer_4_46abceaa-bda4-11ef-87d8-02a6845b4b32 生成新token，终端：my terminal
2024-12-19 08:58:55 - be.model.user - INFO - 用户登录成功：buyer_4_46abceaa-bda4-11ef-87d8-02a6845b4b32
2024-12-19 08:58:56 - be.view.auth - INFO - 登录处理结果: 200
2024-12-19 08:58:56 - werkzeug - INFO - 127.0.0.1 - - [19/Dec/2024 08:58:56] "POST /auth/login HTTP/1.1" 200 -
2024-12-19 08:58:56 - be.view.auth - INFO - 收到登录请求: {'user_id': 'buyer_6_46abceaa-bda4-11ef-87d8-02a6845b4b32', 'password': 'buyer_seller_6_46abceaa-bda4-11ef-87d8-02a6845b4b32', 'terminal': 'my terminal'}
2024-12-19 08:58:56 - be.model.user - INFO - 尝试登录用户：buyer_6_46abceaa-bda4-11ef-87d8-02a6845b4b32，终端：my terminal
2024-12-19 08:58:56 - be.model.user - INFO - 为用户 buyer_6_46abceaa-bda4-11ef-87d8-02a6845b4b32 生成新token，终端：my terminal
2024-12-19 08:58:56 - be.model.user - INFO - 用户登录成功：buyer_6_46abceaa-bda4-11ef-87d8-02a6845b4b32
2024-12-19 08:58:56 - be.view.auth - INFO - 登录处理结果: 200
2024-12-19 08:58:56 - werkzeug - INFO - 127.0.0.1 - - [19/Dec/2024 08:58:56] "POST /auth/login HTTP/1.1" 200 -
2024-12-19 08:58:56 - be.view.auth - INFO - 收到登录请求: {'user_id': 'buyer_5_46abceaa-bda4-11ef-87d8-02a6845b4b32', 'password': 'buyer_seller_5_46abceaa-bda4-11ef-87d8-02a6845b4b32', 'terminal': 'my terminal'}
2024-12-19 08:58:56 - be.model.user - INFO - 尝试登录用户：buyer_5_46abceaa-bda4-11ef-87d8-02a6845b4b32，终端：my terminal
2024-12-19 08:58:56 - be.model.user - INFO - 为用户 buyer_5_46abceaa-bda4-11ef-87d8-02a6845b4b32 生成新token，终端：my terminal
2024-12-19 08:58:56 - be.model.user - INFO - 用户登录成功：buyer_5_46abceaa-bda4-11ef-87d8-02a6845b4b32
2024-12-19 08:58:56 - be.view.auth - INFO - 登录处理结果: 200
2024-12-19 08:58:56 - werkzeug - INFO - 127.0.0.1 - - [19/Dec/2024 08:58:56] "POST /auth/login HTTP/1.1" 200 -
2024-12-19 08:58:56 - be.view.auth - INFO - 收到登录请求: {'user_id': 'buyer_6_46abceaa-bda4-11ef-87d8-02a6845b4b32', 'password': 'buyer_seller_6_46abceaa-bda4-11ef-87d8-02a6845b4b32', 'terminal': 'my terminal'}
2024-12-19 08:58:56 - be.model.user - INFO - 尝试登录用户：buyer_6_46abceaa-bda4-11ef-87d8-02a6845b4b32，终端：my terminal
2024-12-19 08:58:56 - be.model.user - INFO - 为用户 buyer_6_46abceaa-bda4-11ef-87d8-02a6845b4b32 生成新token，终端：my terminal
2024-12-19 08:58:56 - be.model.user - INFO - 用户登录成功：buyer_6_46abceaa-bda4-11ef-87d8-02a6845b4b32
2024-12-19 08:58:56 - be.view.auth - INFO - 登录处理结果: 200
2024-12-19 08:58:56 - werkzeug - INFO - 127.0.0.1 - - [19/Dec/2024 08:58:56] "POST /auth/login HTTP/1.1" 200 -
2024-12-19 08:58:56 - be.view.auth - INFO - 收到登录请求: {'user_id': 'buyer_6_46abceaa-bda4-11ef-87d8-02a6845b4b32', 'password': 'buyer_seller_6_46abceaa-bda4-11ef-87d8-02a6845b4b32', 'terminal': 'my terminal'}
2024-12-19 08:58:56 - be.model.user - INFO - 尝试登录用户：buyer_6_46abceaa-bda4-11ef-87d8-02a6845b4b32，终端：my terminal
2024-12-19 08:58:56 - be.model.user - INFO - 为用户 buyer_6_46abceaa-bda4-11ef-87d8-02a6845b4b32 生成新token，终端：my terminal
2024-12-19 08:58:56 - be.model.user - INFO - 用户登录成功：buyer_6_46abceaa-bda4-11ef-87d8-02a6845b4b32
2024-12-19 08:58:57 - be.view.auth - INFO - 登录处理结果: 200
2024-12-19 08:58:57 - werkzeug - INFO - 127.0.0.1 - - [19/Dec/2024 08:58:57] "POST /auth/login HTTP/1.1" 200 -
2024-12-19 08:58:57 - be.view.auth - INFO - 收到登录请求: {'user_id': 'buyer_5_46abceaa-bda4-11ef-87d8-02a6845b4b32', 'password': 'buyer_seller_5_46abceaa-bda4-11ef-87d8-02a6845b4b32', 'terminal': 'my terminal'}
2024-12-19 08:58:57 - be.model.user - INFO - 尝试登录用户：buyer_5_46abceaa-bda4-11ef-87d8-02a6845b4b32，终端：my terminal
2024-12-19 08:58:57 - be.model.user - INFO - 为用户 buyer_5_46abceaa-bda4-11ef-87d8-02a6845b4b32 生成新token，终端：my terminal
2024-12-19 08:58:57 - be.model.user - INFO - 用户登录成功：buyer_5_46abceaa-bda4-11ef-87d8-02a6845b4b32
2024-12-19 08:58:57 - be.view.auth - INFO - 登录处理结果: 200
2024-12-19 08:58:57 - werkzeug - INFO - 127.0.0.1 - - [19/Dec/2024 08:58:57] "POST /auth/login HTTP/1.1" 200 -
2024-12-19 08:58:57 - be.view.auth - INFO - 收到登录请求: {'user_id': 'buyer_3_46abceaa-bda4-11ef-87d8-02a6845b4b32', 'password': 'buyer_seller_3_46abceaa-bda4-11ef-87d8-02a6845b4b32', 'terminal': 'my terminal'}
2024-12-19 08:58:57 - be.model.user - INFO - 尝试登录用户：buyer_3_46abceaa-bda4-11ef-87d8-02a6845b4b32，终端：my terminal
2024-12-19 08:58:57 - be.model.user - INFO - 为用户 buyer_3_46abceaa-bda4-11ef-87d8-02a6845b4b32 生成新token，终端：my terminal
2024-12-19 08:58:57 - be.model.user - INFO - 用户登录成功：buyer_3_46abceaa-bda4-11ef-87d8-02a6845b4b32
2024-12-19 08:58:57 - be.view.auth - INFO - 登录处理结果: 200
2024-12-19 08:58:57 - werkzeug - INFO - 127.0.0.1 - - [19/Dec/2024 08:58:57] "POST /auth/login HTTP/1.1" 200 -
2024-12-19 08:58:57 - be.view.auth - INFO - 收到登录请求: {'user_id': 'buyer_9_46abceaa-bda4-11ef-87d8-02a6845b4b32', 'password': 'buyer_seller_9_46abceaa-bda4-11ef-87d8-02a6845b4b32', 'terminal': 'my terminal'}
2024-12-19 08:58:57 - be.model.user - INFO - 尝试登录用户：buyer_9_46abceaa-bda4-11ef-87d8-02a6845b4b32，终端：my terminal
2024-12-19 08:58:57 - be.model.user - INFO - 为用户 buyer_9_46abceaa-bda4-11ef-87d8-02a6845b4b32 生成新token，终端：my terminal
2024-12-19 08:58:57 - be.model.user - INFO - 用户登录成功：buyer_9_46abceaa-bda4-11ef-87d8-02a6845b4b32
2024-12-19 08:58:57 - be.view.auth - INFO - 登录处理结果: 200
2024-12-19 08:58:57 - werkzeug - INFO - 127.0.0.1 - - [19/Dec/2024 08:58:57] "POST /auth/login HTTP/1.1" 200 -
2024-12-19 08:58:57 - be.view.auth - INFO - 收到登录请求: {'user_id': 'buyer_2_46abceaa-bda4-11ef-87d8-02a6845b4b32', 'password': 'buyer_seller_2_46abceaa-bda4-11ef-87d8-02a6845b4b32', 'terminal': 'my terminal'}
2024-12-19 08:58:57 - be.model.user - INFO - 尝试登录用户：buyer_2_46abceaa-bda4-11ef-87d8-02a6845b4b32，终端：my terminal
2024-12-19 08:58:57 - be.model.user - INFO - 为用户 buyer_2_46abceaa-bda4-11ef-87d8-02a6845b4b32 生成新token，终端：my terminal
2024-12-19 08:58:57 - be.model.user - INFO - 用户登录成功：buyer_2_46abceaa-bda4-11ef-87d8-02a6845b4b32
2024-12-19 08:58:58 - be.view.auth - INFO - 登录处理结果: 200
2024-12-19 08:58:58 - werkzeug - INFO - 127.0.0.1 - - [19/Dec/2024 08:58:58] "POST /auth/login HTTP/1.1" 200 -
2024-12-19 08:58:58 - be.view.auth - INFO - 收到登录请求: {'user_id': 'buyer_10_46abceaa-bda4-11ef-87d8-02a6845b4b32', 'password': 'buyer_seller_10_46abceaa-bda4-11ef-87d8-02a6845b4b32', 'terminal': 'my terminal'}
2024-12-19 08:58:58 - be.model.user - INFO - 尝试登录用户：buyer_10_46abceaa-bda4-11ef-87d8-02a6845b4b32，终端：my terminal
2024-12-19 08:58:58 - be.model.user - INFO - 为用户 buyer_10_46abceaa-bda4-11ef-87d8-02a6845b4b32 生成新token，终端：my terminal
2024-12-19 08:58:58 - be.model.user - INFO - 用户登录成功：buyer_10_46abceaa-bda4-11ef-87d8-02a6845b4b32
2024-12-19 08:58:58 - be.view.auth - INFO - 登录处理结果: 200
2024-12-19 08:58:58 - werkzeug - INFO - 127.0.0.1 - - [19/Dec/2024 08:58:58] "POST /auth/login HTTP/1.1" 200 -
2024-12-19 08:58:58 - be.view.auth - INFO - 收到登录请求: {'user_id': 'buyer_4_46abceaa-bda4-11ef-87d8-02a6845b4b32', 'password': 'buyer_seller_4_46abceaa-bda4-11ef-87d8-02a6845b4b32', 'terminal': 'my terminal'}
2024-12-19 08:58:58 - be.model.user - INFO - 尝试登录用户：buyer_4_46abceaa-bda4-11ef-87d8-02a6845b4b32，终端：my terminal
2024-12-19 08:58:58 - be.model.user - INFO - 为用户 buyer_4_46abceaa-bda4-11ef-87d8-02a6845b4b32 生成新token，终端：my terminal
2024-12-19 08:58:58 - be.model.user - INFO - 用户登录成功：buyer_4_46abceaa-bda4-11ef-87d8-02a6845b4b32
2024-12-19 08:58:58 - be.view.auth - INFO - 登录处理结果: 200
2024-12-19 08:58:58 - werkzeug - INFO - 127.0.0.1 - - [19/Dec/2024 08:58:58] "POST /auth/login HTTP/1.1" 200 -
2024-12-19 08:58:58 - be.view.auth - INFO - 收到登录请求: {'user_id': 'buyer_4_46abceaa-bda4-11ef-87d8-02a6845b4b32', 'password': 'buyer_seller_4_46abceaa-bda4-11ef-87d8-02a6845b4b32', 'terminal': 'my terminal'}
2024-12-19 08:58:58 - be.model.user - INFO - 尝试登录用户：buyer_4_46abceaa-bda4-11ef-87d8-02a6845b4b32，终端：my terminal
2024-12-19 08:58:58 - be.model.user - INFO - 为用户 buyer_4_46abceaa-bda4-11ef-87d8-02a6845b4b32 生成新token，终端：my terminal
2024-12-19 08:58:58 - be.model.user - INFO - 用户登录成功：buyer_4_46abceaa-bda4-11ef-87d8-02a6845b4b32
2024-12-19 08:58:58 - be.view.auth - INFO - 登录处理结果: 200
2024-12-19 08:58:58 - werkzeug - INFO - 127.0.0.1 - - [19/Dec/2024 08:58:58] "POST /auth/login HTTP/1.1" 200 -
2024-12-19 08:58:58 - be.view.auth - INFO - 收到登录请求: {'user_id': 'buyer_9_46abceaa-bda4-11ef-87d8-02a6845b4b32', 'password': 'buyer_seller_9_46abceaa-bda4-11ef-87d8-02a6845b4b32', 'terminal': 'my terminal'}
2024-12-19 08:58:58 - be.model.user - INFO - 尝试登录用户：buyer_9_46abceaa-bda4-11ef-87d8-02a6845b4b32，终端：my terminal
2024-12-19 08:58:58 - be.model.user - INFO - 为用户 buyer_9_46abceaa-bda4-11ef-87d8-02a6845b4b32 生成新token，终端：my terminal
2024-12-19 08:58:58 - be.model.user - INFO - 用户登录成功：buyer_9_46abceaa-bda4-11ef-87d8-02a6845b4b32
2024-12-19 08:58:58 - be.view.auth - INFO - 登录处理结果: 200
2024-12-19 08:58:58 - werkzeug - INFO - 127.0.0.1 - - [19/Dec/2024 08:58:58] "POST /auth/login HTTP/1.1" 200 -
2024-12-19 08:58:58 - be.view.auth - INFO - 收到登录请求: {'user_id': 'buyer_8_46abceaa-bda4-11ef-87d8-02a6845b4b32', 'password': 'buyer_seller_8_46abceaa-bda4-11ef-87d8-02a6845b4b32', 'terminal': 'my terminal'}
2024-12-19 08:58:58 - be.model.user - INFO - 尝试登录用户：buyer_8_46abceaa-bda4-11ef-87d8-02a6845b4b32，终端：my terminal
2024-12-19 08:58:59 - be.model.user - INFO - 为用户 buyer_8_46abceaa-bda4-11ef-87d8-02a6845b4b32 生成新token，终端：my terminal
2024-12-19 08:58:59 - be.model.user - INFO - 用户登录成功：buyer_8_46abceaa-bda4-11ef-87d8-02a6845b4b32
2024-12-19 08:58:59 - be.view.auth - INFO - 登录处理结果: 200
2024-12-19 08:58:59 - werkzeug - INFO - 127.0.0.1 - - [19/Dec/2024 08:58:59] "POST /auth/login HTTP/1.1" 200 -
2024-12-19 08:58:59 - be.view.auth - INFO - 收到登录请求: {'user_id': 'buyer_5_46abceaa-bda4-11ef-87d8-02a6845b4b32', 'password': 'buyer_seller_5_46abceaa-bda4-11ef-87d8-02a6845b4b32', 'terminal': 'my terminal'}
2024-12-19 08:58:59 - be.model.user - INFO - 尝试登录用户：buyer_5_46abceaa-bda4-11ef-87d8-02a6845b4b32，终端：my terminal
2024-12-19 08:58:59 - be.model.user - INFO - 为用户 buyer_5_46abceaa-bda4-11ef-87d8-02a6845b4b32 生成新token，终端：my terminal
2024-12-19 08:58:59 - be.model.user - INFO - 用户登录成功：buyer_5_46abceaa-bda4-11ef-87d8-02a6845b4b32
2024-12-19 08:58:59 - be.view.auth - INFO - 登录处理结果: 200
2024-12-19 08:58:59 - werkzeug - INFO - 127.0.0.1 - - [19/Dec/2024 08:58:59] "POST /auth/login HTTP/1.1" 200 -
2024-12-19 08:58:59 - be.view.auth - INFO - 收到登录请求: {'user_id': 'buyer_5_46abceaa-bda4-11ef-87d8-02a6845b4b32', 'password': 'buyer_seller_5_46abceaa-bda4-11ef-87d8-02a6845b4b32', 'terminal': 'my terminal'}
2024-12-19 08:58:59 - be.model.user - INFO - 尝试登录用户：buyer_5_46abceaa-bda4-11ef-87d8-02a6845b4b32，终端：my terminal
2024-12-19 08:58:59 - be.model.user - INFO - 为用户 buyer_5_46abceaa-bda4-11ef-87d8-02a6845b4b32 生成新token，终端：my terminal
2024-12-19 08:58:59 - be.model.user - INFO - 用户登录成功：buyer_5_46abceaa-bda4-11ef-87d8-02a6845b4b32
2024-12-19 08:58:59 - be.view.auth - INFO - 登录处理结果: 200
2024-12-19 08:58:59 - werkzeug - INFO - 127.0.0.1 - - [19/Dec/2024 08:58:59] "POST /auth/login HTTP/1.1" 200 -
2024-12-19 08:58:59 - be.view.auth - INFO - 收到登录请求: {'user_id': 'buyer_4_46abceaa-bda4-11ef-87d8-02a6845b4b32', 'password': 'buyer_seller_4_46abceaa-bda4-11ef-87d8-02a6845b4b32', 'terminal': 'my terminal'}
2024-12-19 08:58:59 - be.model.user - INFO - 尝试登录用户：buyer_4_46abceaa-bda4-11ef-87d8-02a6845b4b32，终端：my terminal
2024-12-19 08:58:59 - be.model.user - INFO - 为用户 buyer_4_46abceaa-bda4-11ef-87d8-02a6845b4b32 生成新token，终端：my terminal
2024-12-19 08:58:59 - be.model.user - INFO - 用户登录成功：buyer_4_46abceaa-bda4-11ef-87d8-02a6845b4b32
2024-12-19 08:58:59 - be.view.auth - INFO - 登录处理结果: 200
2024-12-19 08:58:59 - werkzeug - INFO - 127.0.0.1 - - [19/Dec/2024 08:58:59] "POST /auth/login HTTP/1.1" 200 -
2024-12-19 08:58:59 - be.view.auth - INFO - 收到登录请求: {'user_id': 'buyer_4_46abceaa-bda4-11ef-87d8-02a6845b4b32', 'password': 'buyer_seller_4_46abceaa-bda4-11ef-87d8-02a6845b4b32', 'terminal': 'my terminal'}
2024-12-19 08:58:59 - be.model.user - INFO - 尝试登录用户：buyer_4_46abceaa-bda4-11ef-87d8-02a6845b4b32，终端：my terminal
2024-12-19 08:59:00 - be.model.user - INFO - 为用户 buyer_4_46abceaa-bda4-11ef-87d8-02a6845b4b32 生成新token，终端：my terminal
2024-12-19 08:59:00 - be.model.user - INFO - 用户登录成功：buyer_4_46abceaa-bda4-11ef-87d8-02a6845b4b32
2024-12-19 08:59:00 - be.view.auth - INFO - 登录处理结果: 200
2024-12-19 08:59:00 - werkzeug - INFO - 127.0.0.1 - - [19/Dec/2024 08:59:00] "POST /auth/login HTTP/1.1" 200 -
2024-12-19 08:59:00 - be.view.auth - INFO - 收到登录请求: {'user_id': 'buyer_5_46abceaa-bda4-11ef-87d8-02a6845b4b32', 'password': 'buyer_seller_5_46abceaa-bda4-11ef-87d8-02a6845b4b32', 'terminal': 'my terminal'}
2024-12-19 08:59:00 - be.model.user - INFO - 尝试登录用户：buyer_5_46abceaa-bda4-11ef-87d8-02a6845b4b32，终端：my terminal
2024-12-19 08:59:00 - be.model.user - INFO - 为用户 buyer_5_46abceaa-bda4-11ef-87d8-02a6845b4b32 生成新token，终端：my terminal
2024-12-19 08:59:00 - be.model.user - INFO - 用户登录成功：buyer_5_46abceaa-bda4-11ef-87d8-02a6845b4b32
2024-12-19 08:59:00 - be.view.auth - INFO - 登录处理结果: 200
2024-12-19 08:59:00 - werkzeug - INFO - 127.0.0.1 - - [19/Dec/2024 08:59:00] "POST /auth/login HTTP/1.1" 200 -
2024-12-19 08:59:00 - be.view.auth - INFO - 收到登录请求: {'user_id': 'buyer_3_46abceaa-bda4-11ef-87d8-02a6845b4b32', 'password': 'buyer_seller_3_46abceaa-bda4-11ef-87d8-02a6845b4b32', 'terminal': 'my terminal'}
2024-12-19 08:59:00 - be.model.user - INFO - 尝试登录用户：buyer_3_46abceaa-bda4-11ef-87d8-02a6845b4b32，终端：my terminal
2024-12-19 08:59:00 - be.model.user - INFO - 为用户 buyer_3_46abceaa-bda4-11ef-87d8-02a6845b4b32 生成新token，终端：my terminal
2024-12-19 08:59:00 - be.model.user - INFO - 用户登录成功：buyer_3_46abceaa-bda4-11ef-87d8-02a6845b4b32
2024-12-19 08:59:00 - be.view.auth - INFO - 登录处理结果: 200
2024-12-19 08:59:00 - werkzeug - INFO - 127.0.0.1 - - [19/Dec/2024 08:59:00] "POST /auth/login HTTP/1.1" 200 -
2024-12-19 08:59:00 - be.view.auth - INFO - 收到登录请求: {'user_id': 'buyer_7_46abceaa-bda4-11ef-87d8-02a6845b4b32', 'password': 'buyer_seller_7_46abceaa-bda4-11ef-87d8-02a6845b4b32', 'terminal': 'my terminal'}
2024-12-19 08:59:00 - be.model.user - INFO - 尝试登录用户：buyer_7_46abceaa-bda4-11ef-87d8-02a6845b4b32，终端：my terminal
2024-12-19 08:59:00 - be.model.user - INFO - 为用户 buyer_7_46abceaa-bda4-11ef-87d8-02a6845b4b32 生成新token，终端：my terminal
2024-12-19 08:59:00 - be.model.user - INFO - 用户登录成功：buyer_7_46abceaa-bda4-11ef-87d8-02a6845b4b32
2024-12-19 08:59:00 - be.view.auth - INFO - 登录处理结果: 200
2024-12-19 08:59:00 - werkzeug - INFO - 127.0.0.1 - - [19/Dec/2024 08:59:00] "POST /auth/login HTTP/1.1" 200 -
2024-12-19 08:59:00 - be.view.auth - INFO - 收到登录请求: {'user_id': 'buyer_3_46abceaa-bda4-11ef-87d8-02a6845b4b32', 'password': 'buyer_seller_3_46abceaa-bda4-11ef-87d8-02a6845b4b32', 'terminal': 'my terminal'}
2024-12-19 08:59:00 - be.model.user - INFO - 尝试登录用户：buyer_3_46abceaa-bda4-11ef-87d8-02a6845b4b32，终端：my terminal
2024-12-19 08:59:01 - be.model.user - INFO - 为用户 buyer_3_46abceaa-bda4-11ef-87d8-02a6845b4b32 生成新token，终端：my terminal
2024-12-19 08:59:01 - be.model.user - INFO - 用户登录成功：buyer_3_46abceaa-bda4-11ef-87d8-02a6845b4b32
2024-12-19 08:59:01 - be.view.auth - INFO - 登录处理结果: 200
2024-12-19 08:59:01 - werkzeug - INFO - 127.0.0.1 - - [19/Dec/2024 08:59:01] "POST /auth/login HTTP/1.1" 200 -
2024-12-19 08:59:01 - be.view.auth - INFO - 收到登录请求: {'user_id': 'buyer_8_46abceaa-bda4-11ef-87d8-02a6845b4b32', 'password': 'buyer_seller_8_46abceaa-bda4-11ef-87d8-02a6845b4b32', 'terminal': 'my terminal'}
2024-12-19 08:59:01 - be.model.user - INFO - 尝试登录用户：buyer_8_46abceaa-bda4-11ef-87d8-02a6845b4b32，终端：my terminal
2024-12-19 08:59:01 - be.model.user - INFO - 为用户 buyer_8_46abceaa-bda4-11ef-87d8-02a6845b4b32 生成新token，终端：my terminal
2024-12-19 08:59:01 - be.model.user - INFO - 用户登录成功：buyer_8_46abceaa-bda4-11ef-87d8-02a6845b4b32
2024-12-19 08:59:01 - be.view.auth - INFO - 登录处理结果: 200
2024-12-19 08:59:01 - werkzeug - INFO - 127.0.0.1 - - [19/Dec/2024 08:59:01] "POST /auth/login HTTP/1.1" 200 -
2024-12-19 08:59:01 - be.view.auth - INFO - 收到登录请求: {'user_id': 'buyer_9_46abceaa-bda4-11ef-87d8-02a6845b4b32', 'password': 'buyer_seller_9_46abceaa-bda4-11ef-87d8-02a6845b4b32', 'terminal': 'my terminal'}
2024-12-19 08:59:01 - be.model.user - INFO - 尝试登录用户：buyer_9_46abceaa-bda4-11ef-87d8-02a6845b4b32，终端：my terminal
2024-12-19 08:59:01 - be.model.user - INFO - 为用户 buyer_9_46abceaa-bda4-11ef-87d8-02a6845b4b32 生成新token，终端：my terminal
2024-12-19 08:59:01 - be.model.user - INFO - 用户登录成功：buyer_9_46abceaa-bda4-11ef-87d8-02a6845b4b32
2024-12-19 08:59:01 - be.view.auth - INFO - 登录处理结果: 200
2024-12-19 08:59:01 - werkzeug - INFO - 127.0.0.1 - - [19/Dec/2024 08:59:01] "POST /auth/login HTTP/1.1" 200 -
2024-12-19 08:59:01 - be.view.auth - INFO - 收到登录请求: {'user_id': 'buyer_4_46abceaa-bda4-11ef-87d8-02a6845b4b32', 'password': 'buyer_seller_4_46abceaa-bda4-11ef-87d8-02a6845b4b32', 'terminal': 'my terminal'}
2024-12-19 08:59:01 - be.model.user - INFO - 尝试登录用户：buyer_4_46abceaa-bda4-11ef-87d8-02a6845b4b32，终端：my terminal
2024-12-19 08:59:01 - be.model.user - INFO - 为用户 buyer_4_46abceaa-bda4-11ef-87d8-02a6845b4b32 生成新token，终端：my terminal
2024-12-19 08:59:01 - be.model.user - INFO - 用户登录成功：buyer_4_46abceaa-bda4-11ef-87d8-02a6845b4b32
2024-12-19 08:59:01 - be.view.auth - INFO - 登录处理结果: 200
2024-12-19 08:59:01 - werkzeug - INFO - 127.0.0.1 - - [19/Dec/2024 08:59:01] "POST /auth/login HTTP/1.1" 200 -
2024-12-19 08:59:01 - be.view.auth - INFO - 收到登录请求: {'user_id': 'buyer_3_46abceaa-bda4-11ef-87d8-02a6845b4b32', 'password': 'buyer_seller_3_46abceaa-bda4-11ef-87d8-02a6845b4b32', 'terminal': 'my terminal'}
2024-12-19 08:59:01 - be.model.user - INFO - 尝试登录用户：buyer_3_46abceaa-bda4-11ef-87d8-02a6845b4b32，终端：my terminal
2024-12-19 08:59:02 - be.model.user - INFO - 为用户 buyer_3_46abceaa-bda4-11ef-87d8-02a6845b4b32 生成新token，终端：my terminal
2024-12-19 08:59:02 - be.model.user - INFO - 用户登录成功：buyer_3_46abceaa-bda4-11ef-87d8-02a6845b4b32
2024-12-19 08:59:02 - be.view.auth - INFO - 登录处理结果: 200
2024-12-19 08:59:02 - werkzeug - INFO - 127.0.0.1 - - [19/Dec/2024 08:59:02] "POST /auth/login HTTP/1.1" 200 -
2024-12-19 08:59:02 - be.view.auth - INFO - 收到登录请求: {'user_id': 'buyer_3_46abceaa-bda4-11ef-87d8-02a6845b4b32', 'password': 'buyer_seller_3_46abceaa-bda4-11ef-87d8-02a6845b4b32', 'terminal': 'my terminal'}
2024-12-19 08:59:02 - be.model.user - INFO - 尝试登录用户：buyer_3_46abceaa-bda4-11ef-87d8-02a6845b4b32，终端：my terminal
2024-12-19 08:59:02 - be.model.user - INFO - 为用户 buyer_3_46abceaa-bda4-11ef-87d8-02a6845b4b32 生成新token，终端：my terminal
2024-12-19 08:59:02 - be.model.user - INFO - 用户登录成功：buyer_3_46abceaa-bda4-11ef-87d8-02a6845b4b32
2024-12-19 08:59:02 - be.view.auth - INFO - 登录处理结果: 200
2024-12-19 08:59:02 - werkzeug - INFO - 127.0.0.1 - - [19/Dec/2024 08:59:02] "POST /auth/login HTTP/1.1" 200 -
2024-12-19 08:59:02 - be.view.auth - INFO - 收到登录请求: {'user_id': 'buyer_1_46abceaa-bda4-11ef-87d8-02a6845b4b32', 'password': 'buyer_seller_1_46abceaa-bda4-11ef-87d8-02a6845b4b32', 'terminal': 'my terminal'}
2024-12-19 08:59:02 - be.model.user - INFO - 尝试登录用户：buyer_1_46abceaa-bda4-11ef-87d8-02a6845b4b32，终端：my terminal
2024-12-19 08:59:02 - be.model.user - INFO - 为用户 buyer_1_46abceaa-bda4-11ef-87d8-02a6845b4b32 生成新token，终端：my terminal
2024-12-19 08:59:02 - be.model.user - INFO - 用户登录成功：buyer_1_46abceaa-bda4-11ef-87d8-02a6845b4b32
2024-12-19 08:59:02 - be.view.auth - INFO - 登录处理结果: 200
2024-12-19 08:59:02 - werkzeug - INFO - 127.0.0.1 - - [19/Dec/2024 08:59:02] "POST /auth/login HTTP/1.1" 200 -
2024-12-19 08:59:02 - be.view.auth - INFO - 收到登录请求: {'user_id': 'buyer_5_46abceaa-bda4-11ef-87d8-02a6845b4b32', 'password': 'buyer_seller_5_46abceaa-bda4-11ef-87d8-02a6845b4b32', 'terminal': 'my terminal'}
2024-12-19 08:59:02 - be.model.user - INFO - 尝试登录用户：buyer_5_46abceaa-bda4-11ef-87d8-02a6845b4b32，终端：my terminal
2024-12-19 08:59:02 - be.model.user - INFO - 为用户 buyer_5_46abceaa-bda4-11ef-87d8-02a6845b4b32 生成新token，终端：my terminal
2024-12-19 08:59:02 - be.model.user - INFO - 用户登录成功：buyer_5_46abceaa-bda4-11ef-87d8-02a6845b4b32
2024-12-19 08:59:02 - be.view.auth - INFO - 登录处理结果: 200
2024-12-19 08:59:02 - werkzeug - INFO - 127.0.0.1 - - [19/Dec/2024 08:59:02] "POST /auth/login HTTP/1.1" 200 -
2024-12-19 08:59:02 - be.view.auth - INFO - 收到登录请求: {'user_id': 'buyer_6_46abceaa-bda4-11ef-87d8-02a6845b4b32', 'password': 'buyer_seller_6_46abceaa-bda4-11ef-87d8-02a6845b4b32', 'terminal': 'my terminal'}
2024-12-19 08:59:02 - be.model.user - INFO - 尝试登录用户：buyer_6_46abceaa-bda4-11ef-87d8-02a6845b4b32，终端：my terminal
2024-12-19 08:59:03 - be.model.user - INFO - 为用户 buyer_6_46abceaa-bda4-11ef-87d8-02a6845b4b32 生成新token，终端：my terminal
2024-12-19 08:59:03 - be.model.user - INFO - 用户登录成功：buyer_6_46abceaa-bda4-11ef-87d8-02a6845b4b32
2024-12-19 08:59:03 - be.view.auth - INFO - 登录处理结果: 200
2024-12-19 08:59:03 - werkzeug - INFO - 127.0.0.1 - - [19/Dec/2024 08:59:03] "POST /auth/login HTTP/1.1" 200 -
2024-12-19 08:59:03 - be.view.auth - INFO - 收到登录请求: {'user_id': 'buyer_7_46abceaa-bda4-11ef-87d8-02a6845b4b32', 'password': 'buyer_seller_7_46abceaa-bda4-11ef-87d8-02a6845b4b32', 'terminal': 'my terminal'}
2024-12-19 08:59:03 - be.model.user - INFO - 尝试登录用户：buyer_7_46abceaa-bda4-11ef-87d8-02a6845b4b32，终端：my terminal
2024-12-19 08:59:03 - be.model.user - INFO - 为用户 buyer_7_46abceaa-bda4-11ef-87d8-02a6845b4b32 生成新token，终端：my terminal
2024-12-19 08:59:03 - be.model.user - INFO - 用户登录成功：buyer_7_46abceaa-bda4-11ef-87d8-02a6845b4b32
2024-12-19 08:59:03 - be.view.auth - INFO - 登录处理结果: 200
2024-12-19 08:59:03 - werkzeug - INFO - 127.0.0.1 - - [19/Dec/2024 08:59:03] "POST /auth/login HTTP/1.1" 200 -
2024-12-19 08:59:03 - be.view.auth - INFO - 收到登录请求: {'user_id': 'buyer_4_46abceaa-bda4-11ef-87d8-02a6845b4b32', 'password': 'buyer_seller_4_46abceaa-bda4-11ef-87d8-02a6845b4b32', 'terminal': 'my terminal'}
2024-12-19 08:59:03 - be.model.user - INFO - 尝试登录用户：buyer_4_46abceaa-bda4-11ef-87d8-02a6845b4b32，终端：my terminal
2024-12-19 08:59:03 - be.model.user - INFO - 为用户 buyer_4_46abceaa-bda4-11ef-87d8-02a6845b4b32 生成新token，终端：my terminal
2024-12-19 08:59:03 - be.model.user - INFO - 用户登录成功：buyer_4_46abceaa-bda4-11ef-87d8-02a6845b4b32
2024-12-19 08:59:03 - be.view.auth - INFO - 登录处理结果: 200
2024-12-19 08:59:03 - werkzeug - INFO - 127.0.0.1 - - [19/Dec/2024 08:59:03] "POST /auth/login HTTP/1.1" 200 -
2024-12-19 08:59:03 - be.view.auth - INFO - 收到登录请求: {'user_id': 'buyer_7_46abceaa-bda4-11ef-87d8-02a6845b4b32', 'password': 'buyer_seller_7_46abceaa-bda4-11ef-87d8-02a6845b4b32', 'terminal': 'my terminal'}
2024-12-19 08:59:03 - be.model.user - INFO - 尝试登录用户：buyer_7_46abceaa-bda4-11ef-87d8-02a6845b4b32，终端：my terminal
2024-12-19 08:59:03 - be.model.user - INFO - 为用户 buyer_7_46abceaa-bda4-11ef-87d8-02a6845b4b32 生成新token，终端：my terminal
2024-12-19 08:59:03 - be.model.user - INFO - 用户登录成功：buyer_7_46abceaa-bda4-11ef-87d8-02a6845b4b32
2024-12-19 08:59:03 - be.view.auth - INFO - 登录处理结果: 200
2024-12-19 08:59:03 - werkzeug - INFO - 127.0.0.1 - - [19/Dec/2024 08:59:03] "POST /auth/login HTTP/1.1" 200 -
2024-12-19 08:59:03 - be.view.auth - INFO - 收到登录请求: {'user_id': 'buyer_7_46abceaa-bda4-11ef-87d8-02a6845b4b32', 'password': 'buyer_seller_7_46abceaa-bda4-11ef-87d8-02a6845b4b32', 'terminal': 'my terminal'}
2024-12-19 08:59:03 - be.model.user - INFO - 尝试登录用户：buyer_7_46abceaa-bda4-11ef-87d8-02a6845b4b32，终端：my terminal
2024-12-19 08:59:04 - be.model.user - INFO - 为用户 buyer_7_46abceaa-bda4-11ef-87d8-02a6845b4b32 生成新token，终端：my terminal
2024-12-19 08:59:04 - be.model.user - INFO - 用户登录成功：buyer_7_46abceaa-bda4-11ef-87d8-02a6845b4b32
2024-12-19 08:59:04 - be.view.auth - INFO - 登录处理结果: 200
2024-12-19 08:59:04 - werkzeug - INFO - 127.0.0.1 - - [19/Dec/2024 08:59:04] "POST /auth/login HTTP/1.1" 200 -
2024-12-19 08:59:04 - be.view.auth - INFO - 收到登录请求: {'user_id': 'buyer_9_46abceaa-bda4-11ef-87d8-02a6845b4b32', 'password': 'buyer_seller_9_46abceaa-bda4-11ef-87d8-02a6845b4b32', 'terminal': 'my terminal'}
2024-12-19 08:59:04 - be.model.user - INFO - 尝试登录用户：buyer_9_46abceaa-bda4-11ef-87d8-02a6845b4b32，终端：my terminal
2024-12-19 08:59:04 - be.model.user - INFO - 为用户 buyer_9_46abceaa-bda4-11ef-87d8-02a6845b4b32 生成新token，终端：my terminal
2024-12-19 08:59:04 - be.model.user - INFO - 用户登录成功：buyer_9_46abceaa-bda4-11ef-87d8-02a6845b4b32
2024-12-19 08:59:04 - be.view.auth - INFO - 登录处理结果: 200
2024-12-19 08:59:04 - werkzeug - INFO - 127.0.0.1 - - [19/Dec/2024 08:59:04] "POST /auth/login HTTP/1.1" 200 -
2024-12-19 08:59:04 - be.view.auth - INFO - 收到登录请求: {'user_id': 'buyer_9_46abceaa-bda4-11ef-87d8-02a6845b4b32', 'password': 'buyer_seller_9_46abceaa-bda4-11ef-87d8-02a6845b4b32', 'terminal': 'my terminal'}
2024-12-19 08:59:04 - be.model.user - INFO - 尝试登录用户：buyer_9_46abceaa-bda4-11ef-87d8-02a6845b4b32，终端：my terminal
2024-12-19 08:59:04 - be.model.user - INFO - 为用户 buyer_9_46abceaa-bda4-11ef-87d8-02a6845b4b32 生成新token，终端：my terminal
2024-12-19 08:59:04 - be.model.user - INFO - 用户登录成功：buyer_9_46abceaa-bda4-11ef-87d8-02a6845b4b32
2024-12-19 08:59:04 - be.view.auth - INFO - 登录处理结果: 200
2024-12-19 08:59:04 - werkzeug - INFO - 127.0.0.1 - - [19/Dec/2024 08:59:04] "POST /auth/login HTTP/1.1" 200 -
2024-12-19 08:59:04 - be.view.auth - INFO - 收到登录请求: {'user_id': 'buyer_6_46abceaa-bda4-11ef-87d8-02a6845b4b32', 'password': 'buyer_seller_6_46abceaa-bda4-11ef-87d8-02a6845b4b32', 'terminal': 'my terminal'}
2024-12-19 08:59:04 - be.model.user - INFO - 尝试登录用户：buyer_6_46abceaa-bda4-11ef-87d8-02a6845b4b32，终端：my terminal
2024-12-19 08:59:04 - be.model.user - INFO - 为用户 buyer_6_46abceaa-bda4-11ef-87d8-02a6845b4b32 生成新token，终端：my terminal
2024-12-19 08:59:04 - be.model.user - INFO - 用户登录成功：buyer_6_46abceaa-bda4-11ef-87d8-02a6845b4b32
2024-12-19 08:59:04 - be.view.auth - INFO - 登录处理结果: 200
2024-12-19 08:59:04 - werkzeug - INFO - 127.0.0.1 - - [19/Dec/2024 08:59:04] "POST /auth/login HTTP/1.1" 200 -
2024-12-19 08:59:04 - be.view.auth - INFO - 收到登录请求: {'user_id': 'buyer_2_46abceaa-bda4-11ef-87d8-02a6845b4b32', 'password': 'buyer_seller_2_46abceaa-bda4-11ef-87d8-02a6845b4b32', 'terminal': 'my terminal'}
2024-12-19 08:59:04 - be.model.user - INFO - 尝试登录用户：buyer_2_46abceaa-bda4-11ef-87d8-02a6845b4b32，终端：my terminal
2024-12-19 08:59:05 - be.model.user - INFO - 为用户 buyer_2_46abceaa-bda4-11ef-87d8-02a6845b4b32 生成新token，终端：my terminal
2024-12-19 08:59:05 - be.model.user - INFO - 用户登录成功：buyer_2_46abceaa-bda4-11ef-87d8-02a6845b4b32
2024-12-19 08:59:05 - be.view.auth - INFO - 登录处理结果: 200
2024-12-19 08:59:05 - werkzeug - INFO - 127.0.0.1 - - [19/Dec/2024 08:59:05] "POST /auth/login HTTP/1.1" 200 -
2024-12-19 08:59:05 - be.view.auth - INFO - 收到登录请求: {'user_id': 'buyer_7_46abceaa-bda4-11ef-87d8-02a6845b4b32', 'password': 'buyer_seller_7_46abceaa-bda4-11ef-87d8-02a6845b4b32', 'terminal': 'my terminal'}
2024-12-19 08:59:05 - be.model.user - INFO - 尝试登录用户：buyer_7_46abceaa-bda4-11ef-87d8-02a6845b4b32，终端：my terminal
2024-12-19 08:59:05 - be.model.user - INFO - 为用户 buyer_7_46abceaa-bda4-11ef-87d8-02a6845b4b32 生成新token，终端：my terminal
2024-12-19 08:59:05 - be.model.user - INFO - 用户登录成功：buyer_7_46abceaa-bda4-11ef-87d8-02a6845b4b32
2024-12-19 08:59:05 - be.view.auth - INFO - 登录处理结果: 200
2024-12-19 08:59:05 - werkzeug - INFO - 127.0.0.1 - - [19/Dec/2024 08:59:05] "POST /auth/login HTTP/1.1" 200 -
2024-12-19 08:59:05 - be.view.auth - INFO - 收到登录请求: {'user_id': 'buyer_6_46abceaa-bda4-11ef-87d8-02a6845b4b32', 'password': 'buyer_seller_6_46abceaa-bda4-11ef-87d8-02a6845b4b32', 'terminal': 'my terminal'}
2024-12-19 08:59:05 - be.model.user - INFO - 尝试登录用户：buyer_6_46abceaa-bda4-11ef-87d8-02a6845b4b32，终端：my terminal
2024-12-19 08:59:05 - be.model.user - INFO - 为用户 buyer_6_46abceaa-bda4-11ef-87d8-02a6845b4b32 生成新token，终端：my terminal
2024-12-19 08:59:05 - be.model.user - INFO - 用户登录成功：buyer_6_46abceaa-bda4-11ef-87d8-02a6845b4b32
2024-12-19 08:59:05 - be.view.auth - INFO - 登录处理结果: 200
2024-12-19 08:59:05 - werkzeug - INFO - 127.0.0.1 - - [19/Dec/2024 08:59:05] "POST /auth/login HTTP/1.1" 200 -
2024-12-19 08:59:05 - be.view.auth - INFO - 收到登录请求: {'user_id': 'buyer_4_46abceaa-bda4-11ef-87d8-02a6845b4b32', 'password': 'buyer_seller_4_46abceaa-bda4-11ef-87d8-02a6845b4b32', 'terminal': 'my terminal'}
2024-12-19 08:59:05 - be.model.user - INFO - 尝试登录用户：buyer_4_46abceaa-bda4-11ef-87d8-02a6845b4b32，终端：my terminal
2024-12-19 08:59:05 - be.model.user - INFO - 为用户 buyer_4_46abceaa-bda4-11ef-87d8-02a6845b4b32 生成新token，终端：my terminal
2024-12-19 08:59:05 - be.model.user - INFO - 用户登录成功：buyer_4_46abceaa-bda4-11ef-87d8-02a6845b4b32
2024-12-19 08:59:05 - be.view.auth - INFO - 登录处理结果: 200
2024-12-19 08:59:05 - werkzeug - INFO - 127.0.0.1 - - [19/Dec/2024 08:59:05] "POST /auth/login HTTP/1.1" 200 -
2024-12-19 08:59:05 - be.view.auth - INFO - 收到登录请求: {'user_id': 'buyer_10_46abceaa-bda4-11ef-87d8-02a6845b4b32', 'password': 'buyer_seller_10_46abceaa-bda4-11ef-87d8-02a6845b4b32', 'terminal': 'my terminal'}
2024-12-19 08:59:05 - be.model.user - INFO - 尝试登录用户：buyer_10_46abceaa-bda4-11ef-87d8-02a6845b4b32，终端：my terminal
2024-12-19 08:59:06 - be.model.user - INFO - 为用户 buyer_10_46abceaa-bda4-11ef-87d8-02a6845b4b32 生成新token，终端：my terminal
2024-12-19 08:59:06 - be.model.user - INFO - 用户登录成功：buyer_10_46abceaa-bda4-11ef-87d8-02a6845b4b32
2024-12-19 08:59:06 - be.view.auth - INFO - 登录处理结果: 200
2024-12-19 08:59:06 - werkzeug - INFO - 127.0.0.1 - - [19/Dec/2024 08:59:06] "POST /auth/login HTTP/1.1" 200 -
2024-12-19 08:59:06 - be.view.auth - INFO - 收到登录请求: {'user_id': 'buyer_8_46abceaa-bda4-11ef-87d8-02a6845b4b32', 'password': 'buyer_seller_8_46abceaa-bda4-11ef-87d8-02a6845b4b32', 'terminal': 'my terminal'}
2024-12-19 08:59:06 - be.model.user - INFO - 尝试登录用户：buyer_8_46abceaa-bda4-11ef-87d8-02a6845b4b32，终端：my terminal
2024-12-19 08:59:06 - be.model.user - INFO - 为用户 buyer_8_46abceaa-bda4-11ef-87d8-02a6845b4b32 生成新token，终端：my terminal
2024-12-19 08:59:06 - be.model.user - INFO - 用户登录成功：buyer_8_46abceaa-bda4-11ef-87d8-02a6845b4b32
2024-12-19 08:59:06 - be.view.auth - INFO - 登录处理结果: 200
2024-12-19 08:59:06 - werkzeug - INFO - 127.0.0.1 - - [19/Dec/2024 08:59:06] "POST /auth/login HTTP/1.1" 200 -
2024-12-19 08:59:06 - be.view.auth - INFO - 收到登录请求: {'user_id': 'buyer_1_46abceaa-bda4-11ef-87d8-02a6845b4b32', 'password': 'buyer_seller_1_46abceaa-bda4-11ef-87d8-02a6845b4b32', 'terminal': 'my terminal'}
2024-12-19 08:59:06 - be.model.user - INFO - 尝试登录用户：buyer_1_46abceaa-bda4-11ef-87d8-02a6845b4b32，终端：my terminal
2024-12-19 08:59:06 - be.model.user - INFO - 为用户 buyer_1_46abceaa-bda4-11ef-87d8-02a6845b4b32 生成新token，终端：my terminal
2024-12-19 08:59:06 - be.model.user - INFO - 用户登录成功：buyer_1_46abceaa-bda4-11ef-87d8-02a6845b4b32
2024-12-19 08:59:06 - be.view.auth - INFO - 登录处理结果: 200
2024-12-19 08:59:06 - werkzeug - INFO - 127.0.0.1 - - [19/Dec/2024 08:59:06] "POST /auth/login HTTP/1.1" 200 -
2024-12-19 08:59:06 - be.view.auth - INFO - 收到登录请求: {'user_id': 'buyer_10_46abceaa-bda4-11ef-87d8-02a6845b4b32', 'password': 'buyer_seller_10_46abceaa-bda4-11ef-87d8-02a6845b4b32', 'terminal': 'my terminal'}
2024-12-19 08:59:06 - be.model.user - INFO - 尝试登录用户：buyer_10_46abceaa-bda4-11ef-87d8-02a6845b4b32，终端：my terminal
2024-12-19 08:59:06 - be.model.user - INFO - 为用户 buyer_10_46abceaa-bda4-11ef-87d8-02a6845b4b32 生成新token，终端：my terminal
2024-12-19 08:59:06 - be.model.user - INFO - 用户登录成功：buyer_10_46abceaa-bda4-11ef-87d8-02a6845b4b32
2024-12-19 08:59:06 - be.view.auth - INFO - 登录处理结果: 200
2024-12-19 08:59:06 - werkzeug - INFO - 127.0.0.1 - - [19/Dec/2024 08:59:06] "POST /auth/login HTTP/1.1" 200 -
2024-12-19 08:59:06 - be.view.auth - INFO - 收到登录请求: {'user_id': 'buyer_1_46abceaa-bda4-11ef-87d8-02a6845b4b32', 'password': 'buyer_seller_1_46abceaa-bda4-11ef-87d8-02a6845b4b32', 'terminal': 'my terminal'}
2024-12-19 08:59:06 - be.model.user - INFO - 尝试登录用户：buyer_1_46abceaa-bda4-11ef-87d8-02a6845b4b32，终端：my terminal
2024-12-19 08:59:07 - be.model.user - INFO - 为用户 buyer_1_46abceaa-bda4-11ef-87d8-02a6845b4b32 生成新token，终端：my terminal
2024-12-19 08:59:07 - be.model.user - INFO - 用户登录成功：buyer_1_46abceaa-bda4-11ef-87d8-02a6845b4b32
2024-12-19 08:59:07 - be.view.auth - INFO - 登录处理结果: 200
2024-12-19 08:59:07 - werkzeug - INFO - 127.0.0.1 - - [19/Dec/2024 08:59:07] "POST /auth/login HTTP/1.1" 200 -
2024-12-19 08:59:07 - be.view.auth - INFO - 收到登录请求: {'user_id': 'buyer_10_46abceaa-bda4-11ef-87d8-02a6845b4b32', 'password': 'buyer_seller_10_46abceaa-bda4-11ef-87d8-02a6845b4b32', 'terminal': 'my terminal'}
2024-12-19 08:59:07 - be.model.user - INFO - 尝试登录用户：buyer_10_46abceaa-bda4-11ef-87d8-02a6845b4b32，终端：my terminal
2024-12-19 08:59:07 - be.model.user - INFO - 为用户 buyer_10_46abceaa-bda4-11ef-87d8-02a6845b4b32 生成新token，终端：my terminal
2024-12-19 08:59:07 - be.model.user - INFO - 用户登录成功：buyer_10_46abceaa-bda4-11ef-87d8-02a6845b4b32
2024-12-19 08:59:07 - be.view.auth - INFO - 登录处理结果: 200
2024-12-19 08:59:07 - werkzeug - INFO - 127.0.0.1 - - [19/Dec/2024 08:59:07] "POST /auth/login HTTP/1.1" 200 -
2024-12-19 08:59:07 - be.view.auth - INFO - 收到登录请求: {'user_id': 'buyer_9_46abceaa-bda4-11ef-87d8-02a6845b4b32', 'password': 'buyer_seller_9_46abceaa-bda4-11ef-87d8-02a6845b4b32', 'terminal': 'my terminal'}
2024-12-19 08:59:07 - be.model.user - INFO - 尝试登录用户：buyer_9_46abceaa-bda4-11ef-87d8-02a6845b4b32，终端：my terminal
2024-12-19 08:59:07 - be.model.user - INFO - 为用户 buyer_9_46abceaa-bda4-11ef-87d8-02a6845b4b32 生成新token，终端：my terminal
2024-12-19 08:59:07 - be.model.user - INFO - 用户登录成功：buyer_9_46abceaa-bda4-11ef-87d8-02a6845b4b32
2024-12-19 08:59:07 - be.view.auth - INFO - 登录处理结果: 200
2024-12-19 08:59:07 - werkzeug - INFO - 127.0.0.1 - - [19/Dec/2024 08:59:07] "POST /auth/login HTTP/1.1" 200 -
2024-12-19 08:59:07 - be.view.auth - INFO - 收到登录请求: {'user_id': 'buyer_6_46abceaa-bda4-11ef-87d8-02a6845b4b32', 'password': 'buyer_seller_6_46abceaa-bda4-11ef-87d8-02a6845b4b32', 'terminal': 'my terminal'}
2024-12-19 08:59:07 - be.model.user - INFO - 尝试登录用户：buyer_6_46abceaa-bda4-11ef-87d8-02a6845b4b32，终端：my terminal
2024-12-19 08:59:07 - be.model.user - INFO - 为用户 buyer_6_46abceaa-bda4-11ef-87d8-02a6845b4b32 生成新token，终端：my terminal
2024-12-19 08:59:07 - be.model.user - INFO - 用户登录成功：buyer_6_46abceaa-bda4-11ef-87d8-02a6845b4b32
2024-12-19 08:59:07 - be.view.auth - INFO - 登录处理结果: 200
2024-12-19 08:59:07 - werkzeug - INFO - 127.0.0.1 - - [19/Dec/2024 08:59:07] "POST /auth/login HTTP/1.1" 200 -
2024-12-19 08:59:07 - be.view.auth - INFO - 收到登录请求: {'user_id': 'buyer_8_46abceaa-bda4-11ef-87d8-02a6845b4b32', 'password': 'buyer_seller_8_46abceaa-bda4-11ef-87d8-02a6845b4b32', 'terminal': 'my terminal'}
2024-12-19 08:59:07 - be.model.user - INFO - 尝试登录用户：buyer_8_46abceaa-bda4-11ef-87d8-02a6845b4b32，终端：my terminal
2024-12-19 08:59:07 - be.model.user - INFO - 为用户 buyer_8_46abceaa-bda4-11ef-87d8-02a6845b4b32 生成新token，终端：my terminal
2024-12-19 08:59:07 - be.model.user - INFO - 用户登录成功：buyer_8_46abceaa-bda4-11ef-87d8-02a6845b4b32
2024-12-19 08:59:08 - be.view.auth - INFO - 登录处理结果: 200
2024-12-19 08:59:08 - werkzeug - INFO - 127.0.0.1 - - [19/Dec/2024 08:59:08] "POST /auth/login HTTP/1.1" 200 -
2024-12-19 08:59:08 - be.view.auth - INFO - 收到登录请求: {'user_id': 'buyer_1_46abceaa-bda4-11ef-87d8-02a6845b4b32', 'password': 'buyer_seller_1_46abceaa-bda4-11ef-87d8-02a6845b4b32', 'terminal': 'my terminal'}
2024-12-19 08:59:08 - be.model.user - INFO - 尝试登录用户：buyer_1_46abceaa-bda4-11ef-87d8-02a6845b4b32，终端：my terminal
2024-12-19 08:59:08 - be.model.user - INFO - 为用户 buyer_1_46abceaa-bda4-11ef-87d8-02a6845b4b32 生成新token，终端：my terminal
2024-12-19 08:59:08 - be.model.user - INFO - 用户登录成功：buyer_1_46abceaa-bda4-11ef-87d8-02a6845b4b32
2024-12-19 08:59:08 - be.view.auth - INFO - 登录处理结果: 200
2024-12-19 08:59:08 - werkzeug - INFO - 127.0.0.1 - - [19/Dec/2024 08:59:08] "POST /auth/login HTTP/1.1" 200 -
2024-12-19 08:59:08 - be.view.auth - INFO - 收到登录请求: {'user_id': 'buyer_1_46abceaa-bda4-11ef-87d8-02a6845b4b32', 'password': 'buyer_seller_1_46abceaa-bda4-11ef-87d8-02a6845b4b32', 'terminal': 'my terminal'}
2024-12-19 08:59:08 - be.model.user - INFO - 尝试登录用户：buyer_1_46abceaa-bda4-11ef-87d8-02a6845b4b32，终端：my terminal
2024-12-19 08:59:08 - be.model.user - INFO - 为用户 buyer_1_46abceaa-bda4-11ef-87d8-02a6845b4b32 生成新token，终端：my terminal
2024-12-19 08:59:08 - be.model.user - INFO - 用户登录成功：buyer_1_46abceaa-bda4-11ef-87d8-02a6845b4b32
2024-12-19 08:59:08 - be.view.auth - INFO - 登录处理结果: 200
2024-12-19 08:59:08 - werkzeug - INFO - 127.0.0.1 - - [19/Dec/2024 08:59:08] "POST /auth/login HTTP/1.1" 200 -
2024-12-19 08:59:08 - be.view.auth - INFO - 收到登录请求: {'user_id': 'buyer_3_46abceaa-bda4-11ef-87d8-02a6845b4b32', 'password': 'buyer_seller_3_46abceaa-bda4-11ef-87d8-02a6845b4b32', 'terminal': 'my terminal'}
2024-12-19 08:59:08 - be.model.user - INFO - 尝试登录用户：buyer_3_46abceaa-bda4-11ef-87d8-02a6845b4b32，终端：my terminal
2024-12-19 08:59:08 - be.model.user - INFO - 为用户 buyer_3_46abceaa-bda4-11ef-87d8-02a6845b4b32 生成新token，终端：my terminal
2024-12-19 08:59:08 - be.model.user - INFO - 用户登录成功：buyer_3_46abceaa-bda4-11ef-87d8-02a6845b4b32
2024-12-19 08:59:08 - be.view.auth - INFO - 登录处理结果: 200
2024-12-19 08:59:08 - werkzeug - INFO - 127.0.0.1 - - [19/Dec/2024 08:59:08] "POST /auth/login HTTP/1.1" 200 -
2024-12-19 08:59:08 - be.view.auth - INFO - 收到登录请求: {'user_id': 'buyer_9_46abceaa-bda4-11ef-87d8-02a6845b4b32', 'password': 'buyer_seller_9_46abceaa-bda4-11ef-87d8-02a6845b4b32', 'terminal': 'my terminal'}
2024-12-19 08:59:08 - be.model.user - INFO - 尝试登录用户：buyer_9_46abceaa-bda4-11ef-87d8-02a6845b4b32，终端：my terminal
2024-12-19 08:59:08 - be.model.user - INFO - 为用户 buyer_9_46abceaa-bda4-11ef-87d8-02a6845b4b32 生成新token，终端：my terminal
2024-12-19 08:59:08 - be.model.user - INFO - 用户登录成功：buyer_9_46abceaa-bda4-11ef-87d8-02a6845b4b32
2024-12-19 08:59:09 - be.view.auth - INFO - 登录处理结果: 200
2024-12-19 08:59:09 - werkzeug - INFO - 127.0.0.1 - - [19/Dec/2024 08:59:09] "POST /auth/login HTTP/1.1" 200 -
2024-12-19 08:59:09 - be.view.auth - INFO - 收到登录请求: {'user_id': 'buyer_3_46abceaa-bda4-11ef-87d8-02a6845b4b32', 'password': 'buyer_seller_3_46abceaa-bda4-11ef-87d8-02a6845b4b32', 'terminal': 'my terminal'}
2024-12-19 08:59:09 - be.model.user - INFO - 尝试登录用户：buyer_3_46abceaa-bda4-11ef-87d8-02a6845b4b32，终端：my terminal
2024-12-19 08:59:09 - be.model.user - INFO - 为用户 buyer_3_46abceaa-bda4-11ef-87d8-02a6845b4b32 生成新token，终端：my terminal
2024-12-19 08:59:09 - be.model.user - INFO - 用户登录成功：buyer_3_46abceaa-bda4-11ef-87d8-02a6845b4b32
2024-12-19 08:59:09 - be.view.auth - INFO - 登录处理结果: 200
2024-12-19 08:59:09 - werkzeug - INFO - 127.0.0.1 - - [19/Dec/2024 08:59:09] "POST /auth/login HTTP/1.1" 200 -
2024-12-19 08:59:09 - be.view.auth - INFO - 收到登录请求: {'user_id': 'buyer_5_46abceaa-bda4-11ef-87d8-02a6845b4b32', 'password': 'buyer_seller_5_46abceaa-bda4-11ef-87d8-02a6845b4b32', 'terminal': 'my terminal'}
2024-12-19 08:59:09 - be.model.user - INFO - 尝试登录用户：buyer_5_46abceaa-bda4-11ef-87d8-02a6845b4b32，终端：my terminal
2024-12-19 08:59:09 - be.model.user - INFO - 为用户 buyer_5_46abceaa-bda4-11ef-87d8-02a6845b4b32 生成新token，终端：my terminal
2024-12-19 08:59:09 - be.model.user - INFO - 用户登录成功：buyer_5_46abceaa-bda4-11ef-87d8-02a6845b4b32
2024-12-19 08:59:09 - be.view.auth - INFO - 登录处理结果: 200
2024-12-19 08:59:09 - werkzeug - INFO - 127.0.0.1 - - [19/Dec/2024 08:59:09] "POST /auth/login HTTP/1.1" 200 -
2024-12-19 08:59:09 - be.view.auth - INFO - 收到登录请求: {'user_id': 'buyer_5_46abceaa-bda4-11ef-87d8-02a6845b4b32', 'password': 'buyer_seller_5_46abceaa-bda4-11ef-87d8-02a6845b4b32', 'terminal': 'my terminal'}
2024-12-19 08:59:09 - be.model.user - INFO - 尝试登录用户：buyer_5_46abceaa-bda4-11ef-87d8-02a6845b4b32，终端：my terminal
2024-12-19 08:59:09 - be.model.user - INFO - 为用户 buyer_5_46abceaa-bda4-11ef-87d8-02a6845b4b32 生成新token，终端：my terminal
2024-12-19 08:59:09 - be.model.user - INFO - 用户登录成功：buyer_5_46abceaa-bda4-11ef-87d8-02a6845b4b32
2024-12-19 08:59:09 - be.view.auth - INFO - 登录处理结果: 200
2024-12-19 08:59:09 - werkzeug - INFO - 127.0.0.1 - - [19/Dec/2024 08:59:09] "POST /auth/login HTTP/1.1" 200 -
2024-12-19 08:59:09 - be.view.auth - INFO - 收到登录请求: {'user_id': 'buyer_2_46abceaa-bda4-11ef-87d8-02a6845b4b32', 'password': 'buyer_seller_2_46abceaa-bda4-11ef-87d8-02a6845b4b32', 'terminal': 'my terminal'}
2024-12-19 08:59:09 - be.model.user - INFO - 尝试登录用户：buyer_2_46abceaa-bda4-11ef-87d8-02a6845b4b32，终端：my terminal
2024-12-19 08:59:09 - be.model.user - INFO - 为用户 buyer_2_46abceaa-bda4-11ef-87d8-02a6845b4b32 生成新token，终端：my terminal
2024-12-19 08:59:09 - be.model.user - INFO - 用户登录成功：buyer_2_46abceaa-bda4-11ef-87d8-02a6845b4b32
2024-12-19 08:59:10 - be.view.auth - INFO - 登录处理结果: 200
2024-12-19 08:59:10 - werkzeug - INFO - 127.0.0.1 - - [19/Dec/2024 08:59:10] "POST /auth/login HTTP/1.1" 200 -
2024-12-19 08:59:10 - be.view.auth - INFO - 收到登录请求: {'user_id': 'buyer_6_46abceaa-bda4-11ef-87d8-02a6845b4b32', 'password': 'buyer_seller_6_46abceaa-bda4-11ef-87d8-02a6845b4b32', 'terminal': 'my terminal'}
2024-12-19 08:59:10 - be.model.user - INFO - 尝试登录用户：buyer_6_46abceaa-bda4-11ef-87d8-02a6845b4b32，终端：my terminal
2024-12-19 08:59:10 - be.model.user - INFO - 为用户 buyer_6_46abceaa-bda4-11ef-87d8-02a6845b4b32 生成新token，终端：my terminal
2024-12-19 08:59:10 - be.model.user - INFO - 用户登录成功：buyer_6_46abceaa-bda4-11ef-87d8-02a6845b4b32
2024-12-19 08:59:10 - be.view.auth - INFO - 登录处理结果: 200
2024-12-19 08:59:10 - werkzeug - INFO - 127.0.0.1 - - [19/Dec/2024 08:59:10] "POST /auth/login HTTP/1.1" 200 -
2024-12-19 08:59:10 - be.view.auth - INFO - 收到登录请求: {'user_id': 'buyer_9_46abceaa-bda4-11ef-87d8-02a6845b4b32', 'password': 'buyer_seller_9_46abceaa-bda4-11ef-87d8-02a6845b4b32', 'terminal': 'my terminal'}
2024-12-19 08:59:10 - be.model.user - INFO - 尝试登录用户：buyer_9_46abceaa-bda4-11ef-87d8-02a6845b4b32，终端：my terminal
2024-12-19 08:59:10 - be.model.user - INFO - 为用户 buyer_9_46abceaa-bda4-11ef-87d8-02a6845b4b32 生成新token，终端：my terminal
2024-12-19 08:59:10 - be.model.user - INFO - 用户登录成功：buyer_9_46abceaa-bda4-11ef-87d8-02a6845b4b32
2024-12-19 08:59:10 - be.view.auth - INFO - 登录处理结果: 200
2024-12-19 08:59:10 - werkzeug - INFO - 127.0.0.1 - - [19/Dec/2024 08:59:10] "POST /auth/login HTTP/1.1" 200 -
2024-12-19 08:59:10 - be.view.auth - INFO - 收到登录请求: {'user_id': 'buyer_4_46abceaa-bda4-11ef-87d8-02a6845b4b32', 'password': 'buyer_seller_4_46abceaa-bda4-11ef-87d8-02a6845b4b32', 'terminal': 'my terminal'}
2024-12-19 08:59:10 - be.model.user - INFO - 尝试登录用户：buyer_4_46abceaa-bda4-11ef-87d8-02a6845b4b32，终端：my terminal
2024-12-19 08:59:10 - be.model.user - INFO - 为用户 buyer_4_46abceaa-bda4-11ef-87d8-02a6845b4b32 生成新token，终端：my terminal
2024-12-19 08:59:10 - be.model.user - INFO - 用户登录成功：buyer_4_46abceaa-bda4-11ef-87d8-02a6845b4b32
2024-12-19 08:59:10 - be.view.auth - INFO - 登录处理结果: 200
2024-12-19 08:59:10 - werkzeug - INFO - 127.0.0.1 - - [19/Dec/2024 08:59:10] "POST /auth/login HTTP/1.1" 200 -
2024-12-19 08:59:10 - be.view.auth - INFO - 收到登录请求: {'user_id': 'buyer_3_46abceaa-bda4-11ef-87d8-02a6845b4b32', 'password': 'buyer_seller_3_46abceaa-bda4-11ef-87d8-02a6845b4b32', 'terminal': 'my terminal'}
2024-12-19 08:59:10 - be.model.user - INFO - 尝试登录用户：buyer_3_46abceaa-bda4-11ef-87d8-02a6845b4b32，终端：my terminal
2024-12-19 08:59:10 - be.model.user - INFO - 为用户 buyer_3_46abceaa-bda4-11ef-87d8-02a6845b4b32 生成新token，终端：my terminal
2024-12-19 08:59:10 - be.model.user - INFO - 用户登录成功：buyer_3_46abceaa-bda4-11ef-87d8-02a6845b4b32
2024-12-19 08:59:10 - be.view.auth - INFO - 登录处理结果: 200
2024-12-19 08:59:10 - werkzeug - INFO - 127.0.0.1 - - [19/Dec/2024 08:59:10] "POST /auth/login HTTP/1.1" 200 -
2024-12-19 08:59:11 - be.view.auth - INFO - 收到登录请求: {'user_id': 'buyer_10_46abceaa-bda4-11ef-87d8-02a6845b4b32', 'password': 'buyer_seller_10_46abceaa-bda4-11ef-87d8-02a6845b4b32', 'terminal': 'my terminal'}
2024-12-19 08:59:11 - be.model.user - INFO - 尝试登录用户：buyer_10_46abceaa-bda4-11ef-87d8-02a6845b4b32，终端：my terminal
2024-12-19 08:59:11 - be.model.user - INFO - 为用户 buyer_10_46abceaa-bda4-11ef-87d8-02a6845b4b32 生成新token，终端：my terminal
2024-12-19 08:59:11 - be.model.user - INFO - 用户登录成功：buyer_10_46abceaa-bda4-11ef-87d8-02a6845b4b32
2024-12-19 08:59:11 - be.view.auth - INFO - 登录处理结果: 200
2024-12-19 08:59:11 - werkzeug - INFO - 127.0.0.1 - - [19/Dec/2024 08:59:11] "POST /auth/login HTTP/1.1" 200 -
2024-12-19 08:59:11 - be.view.auth - INFO - 收到登录请求: {'user_id': 'buyer_4_46abceaa-bda4-11ef-87d8-02a6845b4b32', 'password': 'buyer_seller_4_46abceaa-bda4-11ef-87d8-02a6845b4b32', 'terminal': 'my terminal'}
2024-12-19 08:59:11 - be.model.user - INFO - 尝试登录用户：buyer_4_46abceaa-bda4-11ef-87d8-02a6845b4b32，终端：my terminal
2024-12-19 08:59:11 - be.model.user - INFO - 为用户 buyer_4_46abceaa-bda4-11ef-87d8-02a6845b4b32 生成新token，终端：my terminal
2024-12-19 08:59:11 - be.model.user - INFO - 用户登录成功：buyer_4_46abceaa-bda4-11ef-87d8-02a6845b4b32
2024-12-19 08:59:11 - be.view.auth - INFO - 登录处理结果: 200
2024-12-19 08:59:11 - werkzeug - INFO - 127.0.0.1 - - [19/Dec/2024 08:59:11] "POST /auth/login HTTP/1.1" 200 -
2024-12-19 08:59:11 - be.view.auth - INFO - 收到登录请求: {'user_id': 'buyer_9_46abceaa-bda4-11ef-87d8-02a6845b4b32', 'password': 'buyer_seller_9_46abceaa-bda4-11ef-87d8-02a6845b4b32', 'terminal': 'my terminal'}
2024-12-19 08:59:11 - be.model.user - INFO - 尝试登录用户：buyer_9_46abceaa-bda4-11ef-87d8-02a6845b4b32，终端：my terminal
2024-12-19 08:59:11 - be.model.user - INFO - 为用户 buyer_9_46abceaa-bda4-11ef-87d8-02a6845b4b32 生成新token，终端：my terminal
2024-12-19 08:59:11 - be.model.user - INFO - 用户登录成功：buyer_9_46abceaa-bda4-11ef-87d8-02a6845b4b32
2024-12-19 08:59:11 - be.view.auth - INFO - 登录处理结果: 200
2024-12-19 08:59:11 - werkzeug - INFO - 127.0.0.1 - - [19/Dec/2024 08:59:11] "POST /auth/login HTTP/1.1" 200 -
2024-12-19 08:59:11 - be.view.auth - INFO - 收到登录请求: {'user_id': 'buyer_8_46abceaa-bda4-11ef-87d8-02a6845b4b32', 'password': 'buyer_seller_8_46abceaa-bda4-11ef-87d8-02a6845b4b32', 'terminal': 'my terminal'}
2024-12-19 08:59:11 - be.model.user - INFO - 尝试登录用户：buyer_8_46abceaa-bda4-11ef-87d8-02a6845b4b32，终端：my terminal
2024-12-19 08:59:11 - be.model.user - INFO - 为用户 buyer_8_46abceaa-bda4-11ef-87d8-02a6845b4b32 生成新token，终端：my terminal
2024-12-19 08:59:11 - be.model.user - INFO - 用户登录成功：buyer_8_46abceaa-bda4-11ef-87d8-02a6845b4b32
2024-12-19 08:59:12 - be.view.auth - INFO - 登录处理结果: 200
2024-12-19 08:59:12 - werkzeug - INFO - 127.0.0.1 - - [19/Dec/2024 08:59:12] "POST /auth/login HTTP/1.1" 200 -
2024-12-19 08:59:12 - be.view.auth - INFO - 收到登录请求: {'user_id': 'buyer_3_46abceaa-bda4-11ef-87d8-02a6845b4b32', 'password': 'buyer_seller_3_46abceaa-bda4-11ef-87d8-02a6845b4b32', 'terminal': 'my terminal'}
2024-12-19 08:59:12 - be.model.user - INFO - 尝试登录用户：buyer_3_46abceaa-bda4-11ef-87d8-02a6845b4b32，终端：my terminal
2024-12-19 08:59:12 - be.model.user - INFO - 为用户 buyer_3_46abceaa-bda4-11ef-87d8-02a6845b4b32 生成新token，终端：my terminal
2024-12-19 08:59:12 - be.model.user - INFO - 用户登录成功：buyer_3_46abceaa-bda4-11ef-87d8-02a6845b4b32
2024-12-19 08:59:12 - be.view.auth - INFO - 登录处理结果: 200
2024-12-19 08:59:12 - werkzeug - INFO - 127.0.0.1 - - [19/Dec/2024 08:59:12] "POST /auth/login HTTP/1.1" 200 -
2024-12-19 08:59:12 - be.view.auth - INFO - 收到登录请求: {'user_id': 'buyer_10_46abceaa-bda4-11ef-87d8-02a6845b4b32', 'password': 'buyer_seller_10_46abceaa-bda4-11ef-87d8-02a6845b4b32', 'terminal': 'my terminal'}
2024-12-19 08:59:12 - be.model.user - INFO - 尝试登录用户：buyer_10_46abceaa-bda4-11ef-87d8-02a6845b4b32，终端：my terminal
2024-12-19 08:59:12 - be.model.user - INFO - 为用户 buyer_10_46abceaa-bda4-11ef-87d8-02a6845b4b32 生成新token，终端：my terminal
2024-12-19 08:59:12 - be.model.user - INFO - 用户登录成功：buyer_10_46abceaa-bda4-11ef-87d8-02a6845b4b32
2024-12-19 08:59:21 - sqlalchemy.pool.impl.QueuePool - ERROR - Exception during reset or similar
Traceback (most recent call last):
  File "/Users/root1/Desktop/12-18-1/.venv/lib/python3.10/site-packages/pymysql/connections.py", line 782, in _read_bytes
    data = self._rfile.read(num_bytes)
  File "/Library/Frameworks/Python.framework/Versions/3.10/lib/python3.10/socket.py", line 705, in readinto
    return self._sock.recv_into(b)
ConnectionResetError: [Errno 54] Connection reset by peer

During handling of the above exception, another exception occurred:

Traceback (most recent call last):
  File "/Users/root1/Desktop/12-18-1/.venv/lib/python3.10/site-packages/sqlalchemy/pool/base.py", line 986, in _finalize_fairy
    fairy._reset(
  File "/Users/root1/Desktop/12-18-1/.venv/lib/python3.10/site-packages/sqlalchemy/pool/base.py", line 1432, in _reset
    pool._dialect.do_rollback(self)
  File "/Users/root1/Desktop/12-18-1/.venv/lib/python3.10/site-packages/sqlalchemy/engine/default.py", line 699, in do_rollback
    dbapi_connection.rollback()
  File "/Users/root1/Desktop/12-18-1/.venv/lib/python3.10/site-packages/pymysql/connections.py", line 493, in rollback
    self._read_ok_packet()
  File "/Users/root1/Desktop/12-18-1/.venv/lib/python3.10/site-packages/pymysql/connections.py", line 453, in _read_ok_packet
    pkt = self._read_packet()
  File "/Users/root1/Desktop/12-18-1/.venv/lib/python3.10/site-packages/pymysql/connections.py", line 744, in _read_packet
    packet_header = self._read_bytes(4)
  File "/Users/root1/Desktop/12-18-1/.venv/lib/python3.10/site-packages/pymysql/connections.py", line 788, in _read_bytes
    raise err.OperationalError(
pymysql.err.OperationalError: (2013, 'Lost connection to MySQL server during query ([Errno 54] Connection reset by peer)')
2024-12-19 08:59:21 - be.view.auth - INFO - 登录处理结果: 200
2024-12-19 08:59:21 - werkzeug - INFO - 127.0.0.1 - - [19/Dec/2024 08:59:21] "POST /auth/login HTTP/1.1" 200 -
2024-12-19 08:59:21 - be.view.auth - INFO - 收到登录请求: {'user_id': 'buyer_3_46abceaa-bda4-11ef-87d8-02a6845b4b32', 'password': 'buyer_seller_3_46abceaa-bda4-11ef-87d8-02a6845b4b32', 'terminal': 'my terminal'}
2024-12-19 08:59:21 - be.model.user - INFO - 尝试登录用户：buyer_3_46abceaa-bda4-11ef-87d8-02a6845b4b32，终端：my terminal
2024-12-19 08:59:29 - be.model.user - INFO - 为用户 buyer_3_46abceaa-bda4-11ef-87d8-02a6845b4b32 生成新token，终端：my terminal
2024-12-19 08:59:29 - be.model.user - INFO - 用户登录成功：buyer_3_46abceaa-bda4-11ef-87d8-02a6845b4b32
2024-12-19 08:59:29 - be.view.auth - INFO - 登录处理结果: 200
2024-12-19 08:59:29 - werkzeug - INFO - 127.0.0.1 - - [19/Dec/2024 08:59:29] "POST /auth/login HTTP/1.1" 200 -
2024-12-19 08:59:29 - be.view.auth - INFO - 收到登录请求: {'user_id': 'buyer_9_46abceaa-bda4-11ef-87d8-02a6845b4b32', 'password': 'buyer_seller_9_46abceaa-bda4-11ef-87d8-02a6845b4b32', 'terminal': 'my terminal'}
2024-12-19 08:59:29 - be.model.user - INFO - 尝试登录用户：buyer_9_46abceaa-bda4-11ef-87d8-02a6845b4b32，终端：my terminal
2024-12-19 08:59:29 - be.model.user - INFO - 为用户 buyer_9_46abceaa-bda4-11ef-87d8-02a6845b4b32 生成新token，终端：my terminal
2024-12-19 08:59:29 - be.model.user - INFO - 用户登录成功：buyer_9_46abceaa-bda4-11ef-87d8-02a6845b4b32
2024-12-19 08:59:30 - be.view.auth - INFO - 登录处理结果: 200
2024-12-19 08:59:30 - werkzeug - INFO - 127.0.0.1 - - [19/Dec/2024 08:59:30] "POST /auth/login HTTP/1.1" 200 -
2024-12-19 08:59:30 - be.view.auth - INFO - 收到登录请求: {'user_id': 'buyer_7_46abceaa-bda4-11ef-87d8-02a6845b4b32', 'password': 'buyer_seller_7_46abceaa-bda4-11ef-87d8-02a6845b4b32', 'terminal': 'my terminal'}
2024-12-19 08:59:30 - be.model.user - INFO - 尝试登录用户：buyer_7_46abceaa-bda4-11ef-87d8-02a6845b4b32，终端：my terminal
2024-12-19 08:59:30 - be.model.user - INFO - 为用户 buyer_7_46abceaa-bda4-11ef-87d8-02a6845b4b32 生成新token，终端：my terminal
2024-12-19 08:59:30 - be.model.user - INFO - 用户登录成功：buyer_7_46abceaa-bda4-11ef-87d8-02a6845b4b32
2024-12-19 08:59:30 - be.view.auth - INFO - 登录处理结果: 200
2024-12-19 08:59:30 - werkzeug - INFO - 127.0.0.1 - - [19/Dec/2024 08:59:30] "POST /auth/login HTTP/1.1" 200 -
2024-12-19 08:59:30 - be.view.auth - INFO - 收到登录请求: {'user_id': 'buyer_4_46abceaa-bda4-11ef-87d8-02a6845b4b32', 'password': 'buyer_seller_4_46abceaa-bda4-11ef-87d8-02a6845b4b32', 'terminal': 'my terminal'}
2024-12-19 08:59:30 - be.model.user - INFO - 尝试登录用户：buyer_4_46abceaa-bda4-11ef-87d8-02a6845b4b32，终端：my terminal
2024-12-19 08:59:30 - be.model.user - INFO - 为用户 buyer_4_46abceaa-bda4-11ef-87d8-02a6845b4b32 生成新token，终端：my terminal
2024-12-19 08:59:30 - be.model.user - INFO - 用户登录成功：buyer_4_46abceaa-bda4-11ef-87d8-02a6845b4b32
2024-12-19 08:59:30 - be.view.auth - INFO - 登录处理结果: 200
2024-12-19 08:59:30 - werkzeug - INFO - 127.0.0.1 - - [19/Dec/2024 08:59:30] "POST /auth/login HTTP/1.1" 200 -
2024-12-19 08:59:30 - be.view.auth - INFO - 收到登录请求: {'user_id': 'buyer_10_46abceaa-bda4-11ef-87d8-02a6845b4b32', 'password': 'buyer_seller_10_46abceaa-bda4-11ef-87d8-02a6845b4b32', 'terminal': 'my terminal'}
2024-12-19 08:59:30 - be.model.user - INFO - 尝试登录用户：buyer_10_46abceaa-bda4-11ef-87d8-02a6845b4b32，终端：my terminal
2024-12-19 08:59:30 - be.model.user - INFO - 为用户 buyer_10_46abceaa-bda4-11ef-87d8-02a6845b4b32 生成新token，终端：my terminal
2024-12-19 08:59:30 - be.model.user - INFO - 用户登录成功：buyer_10_46abceaa-bda4-11ef-87d8-02a6845b4b32
2024-12-19 08:59:30 - be.view.auth - INFO - 登录处理结果: 200
2024-12-19 08:59:30 - werkzeug - INFO - 127.0.0.1 - - [19/Dec/2024 08:59:30] "POST /auth/login HTTP/1.1" 200 -
2024-12-19 08:59:30 - be.view.auth - INFO - 收到登录请求: {'user_id': 'buyer_9_46abceaa-bda4-11ef-87d8-02a6845b4b32', 'password': 'buyer_seller_9_46abceaa-bda4-11ef-87d8-02a6845b4b32', 'terminal': 'my terminal'}
2024-12-19 08:59:30 - be.model.user - INFO - 尝试登录用户：buyer_9_46abceaa-bda4-11ef-87d8-02a6845b4b32，终端：my terminal
2024-12-19 08:59:30 - be.model.user - INFO - 为用户 buyer_9_46abceaa-bda4-11ef-87d8-02a6845b4b32 生成新token，终端：my terminal
2024-12-19 08:59:30 - be.model.user - INFO - 用户登录成功：buyer_9_46abceaa-bda4-11ef-87d8-02a6845b4b32
2024-12-19 08:59:31 - be.view.auth - INFO - 登录处理结果: 200
2024-12-19 08:59:31 - werkzeug - INFO - 127.0.0.1 - - [19/Dec/2024 08:59:31] "POST /auth/login HTTP/1.1" 200 -
2024-12-19 08:59:31 - be.view.auth - INFO - 收到登录请求: {'user_id': 'buyer_9_46abceaa-bda4-11ef-87d8-02a6845b4b32', 'password': 'buyer_seller_9_46abceaa-bda4-11ef-87d8-02a6845b4b32', 'terminal': 'my terminal'}
2024-12-19 08:59:31 - be.model.user - INFO - 尝试登录用户：buyer_9_46abceaa-bda4-11ef-87d8-02a6845b4b32，终端：my terminal
2024-12-19 08:59:31 - be.model.user - INFO - 为用户 buyer_9_46abceaa-bda4-11ef-87d8-02a6845b4b32 生成新token，终端：my terminal
2024-12-19 08:59:31 - be.model.user - INFO - 用户登录成功：buyer_9_46abceaa-bda4-11ef-87d8-02a6845b4b32
2024-12-19 08:59:31 - be.view.auth - INFO - 登录处理结果: 200
2024-12-19 08:59:31 - werkzeug - INFO - 127.0.0.1 - - [19/Dec/2024 08:59:31] "POST /auth/login HTTP/1.1" 200 -
2024-12-19 08:59:31 - be.view.auth - INFO - 收到登录请求: {'user_id': 'buyer_5_46abceaa-bda4-11ef-87d8-02a6845b4b32', 'password': 'buyer_seller_5_46abceaa-bda4-11ef-87d8-02a6845b4b32', 'terminal': 'my terminal'}
2024-12-19 08:59:31 - be.model.user - INFO - 尝试登录用户：buyer_5_46abceaa-bda4-11ef-87d8-02a6845b4b32，终端：my terminal
2024-12-19 08:59:31 - be.model.user - INFO - 为用户 buyer_5_46abceaa-bda4-11ef-87d8-02a6845b4b32 生成新token，终端：my terminal
2024-12-19 08:59:31 - be.model.user - INFO - 用户登录成功：buyer_5_46abceaa-bda4-11ef-87d8-02a6845b4b32
2024-12-19 08:59:31 - be.view.auth - INFO - 登录处理结果: 200
2024-12-19 08:59:31 - werkzeug - INFO - 127.0.0.1 - - [19/Dec/2024 08:59:31] "POST /auth/login HTTP/1.1" 200 -
2024-12-19 08:59:31 - be.view.auth - INFO - 收到登录请求: {'user_id': 'buyer_3_46abceaa-bda4-11ef-87d8-02a6845b4b32', 'password': 'buyer_seller_3_46abceaa-bda4-11ef-87d8-02a6845b4b32', 'terminal': 'my terminal'}
2024-12-19 08:59:31 - be.model.user - INFO - 尝试登录用户：buyer_3_46abceaa-bda4-11ef-87d8-02a6845b4b32，终端：my terminal
2024-12-19 08:59:31 - be.model.user - INFO - 为用户 buyer_3_46abceaa-bda4-11ef-87d8-02a6845b4b32 生成新token，终端：my terminal
2024-12-19 08:59:31 - be.model.user - INFO - 用户登录成功：buyer_3_46abceaa-bda4-11ef-87d8-02a6845b4b32
2024-12-19 08:59:31 - be.view.auth - INFO - 登录处理结果: 200
2024-12-19 08:59:31 - werkzeug - INFO - 127.0.0.1 - - [19/Dec/2024 08:59:31] "POST /auth/login HTTP/1.1" 200 -
2024-12-19 08:59:31 - be.view.auth - INFO - 收到登录请求: {'user_id': 'buyer_6_46abceaa-bda4-11ef-87d8-02a6845b4b32', 'password': 'buyer_seller_6_46abceaa-bda4-11ef-87d8-02a6845b4b32', 'terminal': 'my terminal'}
2024-12-19 08:59:31 - be.model.user - INFO - 尝试登录用户：buyer_6_46abceaa-bda4-11ef-87d8-02a6845b4b32，终端：my terminal
2024-12-19 08:59:32 - be.model.user - INFO - 为用户 buyer_6_46abceaa-bda4-11ef-87d8-02a6845b4b32 生成新token，终端：my terminal
2024-12-19 08:59:32 - be.model.user - INFO - 用户登录成功：buyer_6_46abceaa-bda4-11ef-87d8-02a6845b4b32
2024-12-19 08:59:32 - be.view.auth - INFO - 登录处理结果: 200
2024-12-19 08:59:32 - werkzeug - INFO - 127.0.0.1 - - [19/Dec/2024 08:59:32] "POST /auth/login HTTP/1.1" 200 -
2024-12-19 08:59:32 - be.view.auth - INFO - 收到登录请求: {'user_id': 'buyer_3_46abceaa-bda4-11ef-87d8-02a6845b4b32', 'password': 'buyer_seller_3_46abceaa-bda4-11ef-87d8-02a6845b4b32', 'terminal': 'my terminal'}
2024-12-19 08:59:32 - be.model.user - INFO - 尝试登录用户：buyer_3_46abceaa-bda4-11ef-87d8-02a6845b4b32，终端：my terminal
2024-12-19 08:59:32 - be.model.user - INFO - 为用户 buyer_3_46abceaa-bda4-11ef-87d8-02a6845b4b32 生成新token，终端：my terminal
2024-12-19 08:59:32 - be.model.user - INFO - 用户登录成功：buyer_3_46abceaa-bda4-11ef-87d8-02a6845b4b32
2024-12-19 08:59:32 - be.view.auth - INFO - 登录处理结果: 200
2024-12-19 08:59:32 - werkzeug - INFO - 127.0.0.1 - - [19/Dec/2024 08:59:32] "POST /auth/login HTTP/1.1" 200 -
2024-12-19 08:59:32 - be.view.auth - INFO - 收到登录请求: {'user_id': 'buyer_4_46abceaa-bda4-11ef-87d8-02a6845b4b32', 'password': 'buyer_seller_4_46abceaa-bda4-11ef-87d8-02a6845b4b32', 'terminal': 'my terminal'}
2024-12-19 08:59:32 - be.model.user - INFO - 尝试登录用户：buyer_4_46abceaa-bda4-11ef-87d8-02a6845b4b32，终端：my terminal
2024-12-19 08:59:32 - be.model.user - INFO - 为用户 buyer_4_46abceaa-bda4-11ef-87d8-02a6845b4b32 生成新token，终端：my terminal
2024-12-19 08:59:32 - be.model.user - INFO - 用户登录成功：buyer_4_46abceaa-bda4-11ef-87d8-02a6845b4b32
2024-12-19 08:59:32 - be.view.auth - INFO - 登录处理结果: 200
2024-12-19 08:59:32 - werkzeug - INFO - 127.0.0.1 - - [19/Dec/2024 08:59:32] "POST /auth/login HTTP/1.1" 200 -
2024-12-19 08:59:32 - be.view.auth - INFO - 收到登录请求: {'user_id': 'buyer_6_46abceaa-bda4-11ef-87d8-02a6845b4b32', 'password': 'buyer_seller_6_46abceaa-bda4-11ef-87d8-02a6845b4b32', 'terminal': 'my terminal'}
2024-12-19 08:59:32 - be.model.user - INFO - 尝试登录用户：buyer_6_46abceaa-bda4-11ef-87d8-02a6845b4b32，终端：my terminal
2024-12-19 08:59:32 - be.model.user - INFO - 为用户 buyer_6_46abceaa-bda4-11ef-87d8-02a6845b4b32 生成新token，终端：my terminal
2024-12-19 08:59:32 - be.model.user - INFO - 用户登录成功：buyer_6_46abceaa-bda4-11ef-87d8-02a6845b4b32
2024-12-19 08:59:32 - be.view.auth - INFO - 登录处理结果: 200
2024-12-19 08:59:32 - werkzeug - INFO - 127.0.0.1 - - [19/Dec/2024 08:59:32] "POST /auth/login HTTP/1.1" 200 -
2024-12-19 08:59:32 - be.view.auth - INFO - 收到登录请求: {'user_id': 'buyer_10_46abceaa-bda4-11ef-87d8-02a6845b4b32', 'password': 'buyer_seller_10_46abceaa-bda4-11ef-87d8-02a6845b4b32', 'terminal': 'my terminal'}
2024-12-19 08:59:32 - be.model.user - INFO - 尝试登录用户：buyer_10_46abceaa-bda4-11ef-87d8-02a6845b4b32，终端：my terminal
2024-12-19 08:59:32 - be.model.user - INFO - 为用户 buyer_10_46abceaa-bda4-11ef-87d8-02a6845b4b32 生成新token，终端：my terminal
2024-12-19 08:59:32 - be.model.user - INFO - 用户登录成功：buyer_10_46abceaa-bda4-11ef-87d8-02a6845b4b32
2024-12-19 08:59:33 - be.view.auth - INFO - 登录处理结果: 200
2024-12-19 08:59:33 - werkzeug - INFO - 127.0.0.1 - - [19/Dec/2024 08:59:33] "POST /auth/login HTTP/1.1" 200 -
2024-12-19 08:59:33 - be.view.auth - INFO - 收到登录请求: {'user_id': 'buyer_4_46abceaa-bda4-11ef-87d8-02a6845b4b32', 'password': 'buyer_seller_4_46abceaa-bda4-11ef-87d8-02a6845b4b32', 'terminal': 'my terminal'}
2024-12-19 08:59:33 - be.model.user - INFO - 尝试登录用户：buyer_4_46abceaa-bda4-11ef-87d8-02a6845b4b32，终端：my terminal
2024-12-19 08:59:33 - be.model.user - INFO - 为用户 buyer_4_46abceaa-bda4-11ef-87d8-02a6845b4b32 生成新token，终端：my terminal
2024-12-19 08:59:33 - be.model.user - INFO - 用户登录成功：buyer_4_46abceaa-bda4-11ef-87d8-02a6845b4b32
2024-12-19 08:59:33 - be.view.auth - INFO - 登录处理结果: 200
2024-12-19 08:59:33 - werkzeug - INFO - 127.0.0.1 - - [19/Dec/2024 08:59:33] "POST /auth/login HTTP/1.1" 200 -
2024-12-19 08:59:33 - be.view.auth - INFO - 收到登录请求: {'user_id': 'buyer_9_46abceaa-bda4-11ef-87d8-02a6845b4b32', 'password': 'buyer_seller_9_46abceaa-bda4-11ef-87d8-02a6845b4b32', 'terminal': 'my terminal'}
2024-12-19 08:59:33 - be.model.user - INFO - 尝试登录用户：buyer_9_46abceaa-bda4-11ef-87d8-02a6845b4b32，终端：my terminal
2024-12-19 08:59:33 - be.model.user - INFO - 为用户 buyer_9_46abceaa-bda4-11ef-87d8-02a6845b4b32 生成新token，终端：my terminal
2024-12-19 08:59:33 - be.model.user - INFO - 用户登录成功：buyer_9_46abceaa-bda4-11ef-87d8-02a6845b4b32
2024-12-19 08:59:33 - be.view.auth - INFO - 登录处理结果: 200
2024-12-19 08:59:33 - werkzeug - INFO - 127.0.0.1 - - [19/Dec/2024 08:59:33] "POST /auth/login HTTP/1.1" 200 -
2024-12-19 08:59:33 - be.view.auth - INFO - 收到登录请求: {'user_id': 'buyer_2_46abceaa-bda4-11ef-87d8-02a6845b4b32', 'password': 'buyer_seller_2_46abceaa-bda4-11ef-87d8-02a6845b4b32', 'terminal': 'my terminal'}
2024-12-19 08:59:33 - be.model.user - INFO - 尝试登录用户：buyer_2_46abceaa-bda4-11ef-87d8-02a6845b4b32，终端：my terminal
2024-12-19 08:59:33 - be.model.user - INFO - 为用户 buyer_2_46abceaa-bda4-11ef-87d8-02a6845b4b32 生成新token，终端：my terminal
2024-12-19 08:59:33 - be.model.user - INFO - 用户登录成功：buyer_2_46abceaa-bda4-11ef-87d8-02a6845b4b32
2024-12-19 08:59:33 - be.view.auth - INFO - 登录处理结果: 200
2024-12-19 08:59:33 - werkzeug - INFO - 127.0.0.1 - - [19/Dec/2024 08:59:33] "POST /auth/login HTTP/1.1" 200 -
2024-12-19 08:59:33 - be.view.auth - INFO - 收到登录请求: {'user_id': 'buyer_6_46abceaa-bda4-11ef-87d8-02a6845b4b32', 'password': 'buyer_seller_6_46abceaa-bda4-11ef-87d8-02a6845b4b32', 'terminal': 'my terminal'}
2024-12-19 08:59:33 - be.model.user - INFO - 尝试登录用户：buyer_6_46abceaa-bda4-11ef-87d8-02a6845b4b32，终端：my terminal
2024-12-19 08:59:33 - be.model.user - INFO - 为用户 buyer_6_46abceaa-bda4-11ef-87d8-02a6845b4b32 生成新token，终端：my terminal
2024-12-19 08:59:33 - be.model.user - INFO - 用户登录成功：buyer_6_46abceaa-bda4-11ef-87d8-02a6845b4b32
2024-12-19 08:59:33 - be.view.auth - INFO - 登录处理结果: 200
2024-12-19 08:59:33 - werkzeug - INFO - 127.0.0.1 - - [19/Dec/2024 08:59:33] "POST /auth/login HTTP/1.1" 200 -
2024-12-19 08:59:33 - be.view.auth - INFO - 收到登录请求: {'user_id': 'buyer_1_46abceaa-bda4-11ef-87d8-02a6845b4b32', 'password': 'buyer_seller_1_46abceaa-bda4-11ef-87d8-02a6845b4b32', 'terminal': 'my terminal'}
2024-12-19 08:59:33 - be.model.user - INFO - 尝试登录用户：buyer_1_46abceaa-bda4-11ef-87d8-02a6845b4b32，终端：my terminal
2024-12-19 08:59:34 - be.model.user - INFO - 为用户 buyer_1_46abceaa-bda4-11ef-87d8-02a6845b4b32 生成新token，终端：my terminal
2024-12-19 08:59:34 - be.model.user - INFO - 用户登录成功：buyer_1_46abceaa-bda4-11ef-87d8-02a6845b4b32
2024-12-19 08:59:34 - be.view.auth - INFO - 登录处理结果: 200
2024-12-19 08:59:34 - werkzeug - INFO - 127.0.0.1 - - [19/Dec/2024 08:59:34] "POST /auth/login HTTP/1.1" 200 -
2024-12-19 08:59:34 - be.view.auth - INFO - 收到登录请求: {'user_id': 'buyer_2_46abceaa-bda4-11ef-87d8-02a6845b4b32', 'password': 'buyer_seller_2_46abceaa-bda4-11ef-87d8-02a6845b4b32', 'terminal': 'my terminal'}
2024-12-19 08:59:34 - be.model.user - INFO - 尝试登录用户：buyer_2_46abceaa-bda4-11ef-87d8-02a6845b4b32，终端：my terminal
2024-12-19 08:59:34 - be.model.user - INFO - 为用户 buyer_2_46abceaa-bda4-11ef-87d8-02a6845b4b32 生成新token，终端：my terminal
2024-12-19 08:59:34 - be.model.user - INFO - 用户登录成功：buyer_2_46abceaa-bda4-11ef-87d8-02a6845b4b32
2024-12-19 08:59:34 - be.view.auth - INFO - 登录处理结果: 200
2024-12-19 08:59:34 - werkzeug - INFO - 127.0.0.1 - - [19/Dec/2024 08:59:34] "POST /auth/login HTTP/1.1" 200 -
2024-12-19 08:59:34 - be.view.auth - INFO - 收到登录请求: {'user_id': 'buyer_3_46abceaa-bda4-11ef-87d8-02a6845b4b32', 'password': 'buyer_seller_3_46abceaa-bda4-11ef-87d8-02a6845b4b32', 'terminal': 'my terminal'}
2024-12-19 08:59:34 - be.model.user - INFO - 尝试登录用户：buyer_3_46abceaa-bda4-11ef-87d8-02a6845b4b32，终端：my terminal
2024-12-19 08:59:34 - be.model.user - INFO - 为用户 buyer_3_46abceaa-bda4-11ef-87d8-02a6845b4b32 生成新token，终端：my terminal
2024-12-19 08:59:34 - be.model.user - INFO - 用户登录成功：buyer_3_46abceaa-bda4-11ef-87d8-02a6845b4b32
2024-12-19 08:59:34 - be.view.auth - INFO - 登录处理结果: 200
2024-12-19 08:59:34 - werkzeug - INFO - 127.0.0.1 - - [19/Dec/2024 08:59:34] "POST /auth/login HTTP/1.1" 200 -
2024-12-19 08:59:34 - be.view.auth - INFO - 收到登录请求: {'user_id': 'buyer_7_46abceaa-bda4-11ef-87d8-02a6845b4b32', 'password': 'buyer_seller_7_46abceaa-bda4-11ef-87d8-02a6845b4b32', 'terminal': 'my terminal'}
2024-12-19 08:59:34 - be.model.user - INFO - 尝试登录用户：buyer_7_46abceaa-bda4-11ef-87d8-02a6845b4b32，终端：my terminal
2024-12-19 08:59:34 - be.model.user - INFO - 为用户 buyer_7_46abceaa-bda4-11ef-87d8-02a6845b4b32 生成新token，终端：my terminal
2024-12-19 08:59:34 - be.model.user - INFO - 用户登录成功：buyer_7_46abceaa-bda4-11ef-87d8-02a6845b4b32
2024-12-19 08:59:34 - be.view.auth - INFO - 登录处理结果: 200
2024-12-19 08:59:34 - werkzeug - INFO - 127.0.0.1 - - [19/Dec/2024 08:59:34] "POST /auth/login HTTP/1.1" 200 -
2024-12-19 08:59:34 - be.view.auth - INFO - 收到登录请求: {'user_id': 'buyer_2_46abceaa-bda4-11ef-87d8-02a6845b4b32', 'password': 'buyer_seller_2_46abceaa-bda4-11ef-87d8-02a6845b4b32', 'terminal': 'my terminal'}
2024-12-19 08:59:34 - be.model.user - INFO - 尝试登录用户：buyer_2_46abceaa-bda4-11ef-87d8-02a6845b4b32，终端：my terminal
2024-12-19 08:59:34 - be.model.user - INFO - 为用户 buyer_2_46abceaa-bda4-11ef-87d8-02a6845b4b32 生成新token，终端：my terminal
2024-12-19 08:59:34 - be.model.user - INFO - 用户登录成功：buyer_2_46abceaa-bda4-11ef-87d8-02a6845b4b32
2024-12-19 08:59:35 - be.view.auth - INFO - 登录处理结果: 200
2024-12-19 08:59:35 - werkzeug - INFO - 127.0.0.1 - - [19/Dec/2024 08:59:35] "POST /auth/login HTTP/1.1" 200 -
2024-12-19 08:59:35 - be.view.auth - INFO - 收到登录请求: {'user_id': 'buyer_1_46abceaa-bda4-11ef-87d8-02a6845b4b32', 'password': 'buyer_seller_1_46abceaa-bda4-11ef-87d8-02a6845b4b32', 'terminal': 'my terminal'}
2024-12-19 08:59:35 - be.model.user - INFO - 尝试登录用户：buyer_1_46abceaa-bda4-11ef-87d8-02a6845b4b32，终端：my terminal
2024-12-19 08:59:35 - be.model.user - INFO - 为用户 buyer_1_46abceaa-bda4-11ef-87d8-02a6845b4b32 生成新token，终端：my terminal
2024-12-19 08:59:35 - be.model.user - INFO - 用户登录成功：buyer_1_46abceaa-bda4-11ef-87d8-02a6845b4b32
2024-12-19 08:59:35 - be.view.auth - INFO - 登录处理结果: 200
2024-12-19 08:59:35 - werkzeug - INFO - 127.0.0.1 - - [19/Dec/2024 08:59:35] "POST /auth/login HTTP/1.1" 200 -
2024-12-19 08:59:35 - be.view.auth - INFO - 收到登录请求: {'user_id': 'buyer_4_46abceaa-bda4-11ef-87d8-02a6845b4b32', 'password': 'buyer_seller_4_46abceaa-bda4-11ef-87d8-02a6845b4b32', 'terminal': 'my terminal'}
2024-12-19 08:59:35 - be.model.user - INFO - 尝试登录用户：buyer_4_46abceaa-bda4-11ef-87d8-02a6845b4b32，终端：my terminal
2024-12-19 08:59:35 - be.model.user - INFO - 为用户 buyer_4_46abceaa-bda4-11ef-87d8-02a6845b4b32 生成新token，终端：my terminal
2024-12-19 08:59:35 - be.model.user - INFO - 用户登录成功：buyer_4_46abceaa-bda4-11ef-87d8-02a6845b4b32
2024-12-19 08:59:35 - be.view.auth - INFO - 登录处理结果: 200
2024-12-19 08:59:35 - werkzeug - INFO - 127.0.0.1 - - [19/Dec/2024 08:59:35] "POST /auth/login HTTP/1.1" 200 -
2024-12-19 08:59:35 - be.view.auth - INFO - 收到登录请求: {'user_id': 'buyer_5_46abceaa-bda4-11ef-87d8-02a6845b4b32', 'password': 'buyer_seller_5_46abceaa-bda4-11ef-87d8-02a6845b4b32', 'terminal': 'my terminal'}
2024-12-19 08:59:35 - be.model.user - INFO - 尝试登录用户：buyer_5_46abceaa-bda4-11ef-87d8-02a6845b4b32，终端：my terminal
2024-12-19 08:59:35 - be.model.user - INFO - 为用户 buyer_5_46abceaa-bda4-11ef-87d8-02a6845b4b32 生成新token，终端：my terminal
2024-12-19 08:59:35 - be.model.user - INFO - 用户登录成功：buyer_5_46abceaa-bda4-11ef-87d8-02a6845b4b32
2024-12-19 08:59:35 - be.view.auth - INFO - 登录处理结果: 200
2024-12-19 08:59:35 - werkzeug - INFO - 127.0.0.1 - - [19/Dec/2024 08:59:35] "POST /auth/login HTTP/1.1" 200 -
2024-12-19 08:59:35 - be.view.auth - INFO - 收到登录请求: {'user_id': 'buyer_2_46abceaa-bda4-11ef-87d8-02a6845b4b32', 'password': 'buyer_seller_2_46abceaa-bda4-11ef-87d8-02a6845b4b32', 'terminal': 'my terminal'}
2024-12-19 08:59:35 - be.model.user - INFO - 尝试登录用户：buyer_2_46abceaa-bda4-11ef-87d8-02a6845b4b32，终端：my terminal
2024-12-19 08:59:35 - be.model.user - INFO - 为用户 buyer_2_46abceaa-bda4-11ef-87d8-02a6845b4b32 生成新token，终端：my terminal
2024-12-19 08:59:35 - be.model.user - INFO - 用户登录成功：buyer_2_46abceaa-bda4-11ef-87d8-02a6845b4b32
2024-12-19 08:59:35 - be.view.auth - INFO - 登录处理结果: 200
2024-12-19 08:59:35 - werkzeug - INFO - 127.0.0.1 - - [19/Dec/2024 08:59:35] "POST /auth/login HTTP/1.1" 200 -
2024-12-19 08:59:35 - be.view.auth - INFO - 收到登录请求: {'user_id': 'buyer_8_46abceaa-bda4-11ef-87d8-02a6845b4b32', 'password': 'buyer_seller_8_46abceaa-bda4-11ef-87d8-02a6845b4b32', 'terminal': 'my terminal'}
2024-12-19 08:59:35 - be.model.user - INFO - 尝试登录用户：buyer_8_46abceaa-bda4-11ef-87d8-02a6845b4b32，终端：my terminal
2024-12-19 08:59:36 - be.model.user - INFO - 为用户 buyer_8_46abceaa-bda4-11ef-87d8-02a6845b4b32 生成新token，终端：my terminal
2024-12-19 08:59:36 - be.model.user - INFO - 用户登录成功：buyer_8_46abceaa-bda4-11ef-87d8-02a6845b4b32
2024-12-19 08:59:36 - be.view.auth - INFO - 登录处理结果: 200
2024-12-19 08:59:36 - werkzeug - INFO - 127.0.0.1 - - [19/Dec/2024 08:59:36] "POST /auth/login HTTP/1.1" 200 -
2024-12-19 08:59:36 - be.view.auth - INFO - 收到登录请求: {'user_id': 'buyer_3_46abceaa-bda4-11ef-87d8-02a6845b4b32', 'password': 'buyer_seller_3_46abceaa-bda4-11ef-87d8-02a6845b4b32', 'terminal': 'my terminal'}
2024-12-19 08:59:36 - be.model.user - INFO - 尝试登录用户：buyer_3_46abceaa-bda4-11ef-87d8-02a6845b4b32，终端：my terminal
2024-12-19 08:59:36 - be.model.user - INFO - 为用户 buyer_3_46abceaa-bda4-11ef-87d8-02a6845b4b32 生成新token，终端：my terminal
2024-12-19 08:59:36 - be.model.user - INFO - 用户登录成功：buyer_3_46abceaa-bda4-11ef-87d8-02a6845b4b32
2024-12-19 08:59:36 - be.view.auth - INFO - 登录处理结果: 200
2024-12-19 08:59:36 - werkzeug - INFO - 127.0.0.1 - - [19/Dec/2024 08:59:36] "POST /auth/login HTTP/1.1" 200 -
2024-12-19 08:59:36 - be.view.auth - INFO - 收到登录请求: {'user_id': 'buyer_4_46abceaa-bda4-11ef-87d8-02a6845b4b32', 'password': 'buyer_seller_4_46abceaa-bda4-11ef-87d8-02a6845b4b32', 'terminal': 'my terminal'}
2024-12-19 08:59:36 - be.model.user - INFO - 尝试登录用户：buyer_4_46abceaa-bda4-11ef-87d8-02a6845b4b32，终端：my terminal
2024-12-19 08:59:36 - be.model.user - INFO - 为用户 buyer_4_46abceaa-bda4-11ef-87d8-02a6845b4b32 生成新token，终端：my terminal
2024-12-19 08:59:36 - be.model.user - INFO - 用户登录成功：buyer_4_46abceaa-bda4-11ef-87d8-02a6845b4b32
2024-12-19 08:59:36 - be.view.auth - INFO - 登录处理结果: 200
2024-12-19 08:59:36 - werkzeug - INFO - 127.0.0.1 - - [19/Dec/2024 08:59:36] "POST /auth/login HTTP/1.1" 200 -
2024-12-19 08:59:36 - be.view.auth - INFO - 收到登录请求: {'user_id': 'buyer_3_46abceaa-bda4-11ef-87d8-02a6845b4b32', 'password': 'buyer_seller_3_46abceaa-bda4-11ef-87d8-02a6845b4b32', 'terminal': 'my terminal'}
2024-12-19 08:59:36 - be.model.user - INFO - 尝试登录用户：buyer_3_46abceaa-bda4-11ef-87d8-02a6845b4b32，终端：my terminal
2024-12-19 08:59:36 - be.model.user - INFO - 为用户 buyer_3_46abceaa-bda4-11ef-87d8-02a6845b4b32 生成新token，终端：my terminal
2024-12-19 08:59:36 - be.model.user - INFO - 用户登录成功：buyer_3_46abceaa-bda4-11ef-87d8-02a6845b4b32
2024-12-19 08:59:36 - be.view.auth - INFO - 登录处理结果: 200
2024-12-19 08:59:36 - werkzeug - INFO - 127.0.0.1 - - [19/Dec/2024 08:59:36] "POST /auth/login HTTP/1.1" 200 -
2024-12-19 08:59:36 - be.view.auth - INFO - 收到登录请求: {'user_id': 'buyer_6_46abceaa-bda4-11ef-87d8-02a6845b4b32', 'password': 'buyer_seller_6_46abceaa-bda4-11ef-87d8-02a6845b4b32', 'terminal': 'my terminal'}
2024-12-19 08:59:36 - be.model.user - INFO - 尝试登录用户：buyer_6_46abceaa-bda4-11ef-87d8-02a6845b4b32，终端：my terminal
2024-12-19 08:59:36 - be.model.user - INFO - 为用户 buyer_6_46abceaa-bda4-11ef-87d8-02a6845b4b32 生成新token，终端：my terminal
2024-12-19 08:59:36 - be.model.user - INFO - 用户登录成功：buyer_6_46abceaa-bda4-11ef-87d8-02a6845b4b32
2024-12-19 08:59:37 - be.view.auth - INFO - 登录处理结果: 200
2024-12-19 08:59:37 - werkzeug - INFO - 127.0.0.1 - - [19/Dec/2024 08:59:37] "POST /auth/login HTTP/1.1" 200 -
2024-12-19 08:59:37 - be.view.auth - INFO - 收到登录请求: {'user_id': 'buyer_8_46abceaa-bda4-11ef-87d8-02a6845b4b32', 'password': 'buyer_seller_8_46abceaa-bda4-11ef-87d8-02a6845b4b32', 'terminal': 'my terminal'}
2024-12-19 08:59:37 - be.model.user - INFO - 尝试登录用户：buyer_8_46abceaa-bda4-11ef-87d8-02a6845b4b32，终端：my terminal
2024-12-19 08:59:37 - be.model.user - INFO - 为用户 buyer_8_46abceaa-bda4-11ef-87d8-02a6845b4b32 生成新token，终端：my terminal
2024-12-19 08:59:37 - be.model.user - INFO - 用户登录成功：buyer_8_46abceaa-bda4-11ef-87d8-02a6845b4b32
2024-12-19 08:59:37 - be.view.auth - INFO - 登录处理结果: 200
2024-12-19 08:59:37 - werkzeug - INFO - 127.0.0.1 - - [19/Dec/2024 08:59:37] "POST /auth/login HTTP/1.1" 200 -
2024-12-19 08:59:37 - be.view.auth - INFO - 收到登录请求: {'user_id': 'buyer_7_46abceaa-bda4-11ef-87d8-02a6845b4b32', 'password': 'buyer_seller_7_46abceaa-bda4-11ef-87d8-02a6845b4b32', 'terminal': 'my terminal'}
2024-12-19 08:59:37 - be.model.user - INFO - 尝试登录用户：buyer_7_46abceaa-bda4-11ef-87d8-02a6845b4b32，终端：my terminal
2024-12-19 08:59:37 - be.model.user - INFO - 为用户 buyer_7_46abceaa-bda4-11ef-87d8-02a6845b4b32 生成新token，终端：my terminal
2024-12-19 08:59:37 - be.model.user - INFO - 用户登录成功：buyer_7_46abceaa-bda4-11ef-87d8-02a6845b4b32
2024-12-19 08:59:37 - be.view.auth - INFO - 登录处理结果: 200
2024-12-19 08:59:37 - werkzeug - INFO - 127.0.0.1 - - [19/Dec/2024 08:59:37] "POST /auth/login HTTP/1.1" 200 -
2024-12-19 08:59:37 - be.view.auth - INFO - 收到登录请求: {'user_id': 'buyer_4_46abceaa-bda4-11ef-87d8-02a6845b4b32', 'password': 'buyer_seller_4_46abceaa-bda4-11ef-87d8-02a6845b4b32', 'terminal': 'my terminal'}
2024-12-19 08:59:37 - be.model.user - INFO - 尝试登录用户：buyer_4_46abceaa-bda4-11ef-87d8-02a6845b4b32，终端：my terminal
2024-12-19 08:59:37 - be.model.user - INFO - 为用户 buyer_4_46abceaa-bda4-11ef-87d8-02a6845b4b32 生成新token，终端：my terminal
2024-12-19 08:59:37 - be.model.user - INFO - 用户登录成功：buyer_4_46abceaa-bda4-11ef-87d8-02a6845b4b32
2024-12-19 08:59:37 - be.view.auth - INFO - 登录处理结果: 200
2024-12-19 08:59:37 - werkzeug - INFO - 127.0.0.1 - - [19/Dec/2024 08:59:37] "POST /auth/login HTTP/1.1" 200 -
2024-12-19 08:59:37 - be.view.auth - INFO - 收到登录请求: {'user_id': 'buyer_7_46abceaa-bda4-11ef-87d8-02a6845b4b32', 'password': 'buyer_seller_7_46abceaa-bda4-11ef-87d8-02a6845b4b32', 'terminal': 'my terminal'}
2024-12-19 08:59:37 - be.model.user - INFO - 尝试登录用户：buyer_7_46abceaa-bda4-11ef-87d8-02a6845b4b32，终端：my terminal
2024-12-19 08:59:37 - be.model.user - INFO - 为用户 buyer_7_46abceaa-bda4-11ef-87d8-02a6845b4b32 生成新token，终端：my terminal
2024-12-19 08:59:37 - be.model.user - INFO - 用户登录成功：buyer_7_46abceaa-bda4-11ef-87d8-02a6845b4b32
2024-12-19 08:59:37 - be.view.auth - INFO - 登录处理结果: 200
2024-12-19 08:59:37 - werkzeug - INFO - 127.0.0.1 - - [19/Dec/2024 08:59:37] "POST /auth/login HTTP/1.1" 200 -
2024-12-19 08:59:37 - be.view.auth - INFO - 收到登录请求: {'user_id': 'buyer_10_46abceaa-bda4-11ef-87d8-02a6845b4b32', 'password': 'buyer_seller_10_46abceaa-bda4-11ef-87d8-02a6845b4b32', 'terminal': 'my terminal'}
2024-12-19 08:59:37 - be.model.user - INFO - 尝试登录用户：buyer_10_46abceaa-bda4-11ef-87d8-02a6845b4b32，终端：my terminal
2024-12-19 08:59:38 - be.model.user - INFO - 为用户 buyer_10_46abceaa-bda4-11ef-87d8-02a6845b4b32 生成新token，终端：my terminal
2024-12-19 08:59:38 - be.model.user - INFO - 用户登录成功：buyer_10_46abceaa-bda4-11ef-87d8-02a6845b4b32
2024-12-19 08:59:38 - be.view.auth - INFO - 登录处理结果: 200
2024-12-19 08:59:38 - werkzeug - INFO - 127.0.0.1 - - [19/Dec/2024 08:59:38] "POST /auth/login HTTP/1.1" 200 -
2024-12-19 08:59:38 - be.view.auth - INFO - 收到登录请求: {'user_id': 'buyer_5_46abceaa-bda4-11ef-87d8-02a6845b4b32', 'password': 'buyer_seller_5_46abceaa-bda4-11ef-87d8-02a6845b4b32', 'terminal': 'my terminal'}
2024-12-19 08:59:38 - be.model.user - INFO - 尝试登录用户：buyer_5_46abceaa-bda4-11ef-87d8-02a6845b4b32，终端：my terminal
2024-12-19 08:59:38 - be.model.user - INFO - 为用户 buyer_5_46abceaa-bda4-11ef-87d8-02a6845b4b32 生成新token，终端：my terminal
2024-12-19 08:59:38 - be.model.user - INFO - 用户登录成功：buyer_5_46abceaa-bda4-11ef-87d8-02a6845b4b32
2024-12-19 08:59:38 - be.view.auth - INFO - 登录处理结果: 200
2024-12-19 08:59:38 - werkzeug - INFO - 127.0.0.1 - - [19/Dec/2024 08:59:38] "POST /auth/login HTTP/1.1" 200 -
2024-12-19 08:59:38 - be.view.auth - INFO - 收到登录请求: {'user_id': 'buyer_3_46abceaa-bda4-11ef-87d8-02a6845b4b32', 'password': 'buyer_seller_3_46abceaa-bda4-11ef-87d8-02a6845b4b32', 'terminal': 'my terminal'}
2024-12-19 08:59:38 - be.model.user - INFO - 尝试登录用户：buyer_3_46abceaa-bda4-11ef-87d8-02a6845b4b32，终端：my terminal
2024-12-19 08:59:38 - be.model.user - INFO - 为用户 buyer_3_46abceaa-bda4-11ef-87d8-02a6845b4b32 生成新token，终端：my terminal
2024-12-19 08:59:38 - be.model.user - INFO - 用户登录成功：buyer_3_46abceaa-bda4-11ef-87d8-02a6845b4b32
2024-12-19 08:59:38 - be.view.auth - INFO - 登录处理结果: 200
2024-12-19 08:59:38 - werkzeug - INFO - 127.0.0.1 - - [19/Dec/2024 08:59:38] "POST /auth/login HTTP/1.1" 200 -
2024-12-19 08:59:38 - be.view.auth - INFO - 收到登录请求: {'user_id': 'buyer_8_46abceaa-bda4-11ef-87d8-02a6845b4b32', 'password': 'buyer_seller_8_46abceaa-bda4-11ef-87d8-02a6845b4b32', 'terminal': 'my terminal'}
2024-12-19 08:59:38 - be.model.user - INFO - 尝试登录用户：buyer_8_46abceaa-bda4-11ef-87d8-02a6845b4b32，终端：my terminal
2024-12-19 08:59:38 - be.model.user - INFO - 为用户 buyer_8_46abceaa-bda4-11ef-87d8-02a6845b4b32 生成新token，终端：my terminal
2024-12-19 08:59:38 - be.model.user - INFO - 用户登录成功：buyer_8_46abceaa-bda4-11ef-87d8-02a6845b4b32
2024-12-19 08:59:38 - be.view.auth - INFO - 登录处理结果: 200
2024-12-19 08:59:38 - werkzeug - INFO - 127.0.0.1 - - [19/Dec/2024 08:59:38] "POST /auth/login HTTP/1.1" 200 -
2024-12-19 08:59:38 - be.view.auth - INFO - 收到登录请求: {'user_id': 'buyer_9_46abceaa-bda4-11ef-87d8-02a6845b4b32', 'password': 'buyer_seller_9_46abceaa-bda4-11ef-87d8-02a6845b4b32', 'terminal': 'my terminal'}
2024-12-19 08:59:38 - be.model.user - INFO - 尝试登录用户：buyer_9_46abceaa-bda4-11ef-87d8-02a6845b4b32，终端：my terminal
2024-12-19 08:59:39 - be.model.user - INFO - 为用户 buyer_9_46abceaa-bda4-11ef-87d8-02a6845b4b32 生成新token，终端：my terminal
2024-12-19 08:59:39 - be.model.user - INFO - 用户登录成功：buyer_9_46abceaa-bda4-11ef-87d8-02a6845b4b32
2024-12-19 08:59:39 - be.view.auth - INFO - 登录处理结果: 200
2024-12-19 08:59:39 - werkzeug - INFO - 127.0.0.1 - - [19/Dec/2024 08:59:39] "POST /auth/login HTTP/1.1" 200 -
2024-12-19 08:59:39 - be.view.auth - INFO - 收到登录请求: {'user_id': 'buyer_1_46abceaa-bda4-11ef-87d8-02a6845b4b32', 'password': 'buyer_seller_1_46abceaa-bda4-11ef-87d8-02a6845b4b32', 'terminal': 'my terminal'}
2024-12-19 08:59:39 - be.model.user - INFO - 尝试登录用户：buyer_1_46abceaa-bda4-11ef-87d8-02a6845b4b32，终端：my terminal
2024-12-19 08:59:39 - be.model.user - INFO - 为用户 buyer_1_46abceaa-bda4-11ef-87d8-02a6845b4b32 生成新token，终端：my terminal
2024-12-19 08:59:39 - be.model.user - INFO - 用户登录成功：buyer_1_46abceaa-bda4-11ef-87d8-02a6845b4b32
2024-12-19 08:59:39 - be.view.auth - INFO - 登录处理结果: 200
2024-12-19 08:59:39 - werkzeug - INFO - 127.0.0.1 - - [19/Dec/2024 08:59:39] "POST /auth/login HTTP/1.1" 200 -
2024-12-19 08:59:39 - be.view.auth - INFO - 收到登录请求: {'user_id': 'buyer_9_46abceaa-bda4-11ef-87d8-02a6845b4b32', 'password': 'buyer_seller_9_46abceaa-bda4-11ef-87d8-02a6845b4b32', 'terminal': 'my terminal'}
2024-12-19 08:59:39 - be.model.user - INFO - 尝试登录用户：buyer_9_46abceaa-bda4-11ef-87d8-02a6845b4b32，终端：my terminal
2024-12-19 08:59:39 - be.model.user - INFO - 为用户 buyer_9_46abceaa-bda4-11ef-87d8-02a6845b4b32 生成新token，终端：my terminal
2024-12-19 08:59:39 - be.model.user - INFO - 用户登录成功：buyer_9_46abceaa-bda4-11ef-87d8-02a6845b4b32
2024-12-19 08:59:39 - be.view.auth - INFO - 登录处理结果: 200
2024-12-19 08:59:39 - werkzeug - INFO - 127.0.0.1 - - [19/Dec/2024 08:59:39] "POST /auth/login HTTP/1.1" 200 -
2024-12-19 08:59:39 - be.view.auth - INFO - 收到登录请求: {'user_id': 'buyer_4_46abceaa-bda4-11ef-87d8-02a6845b4b32', 'password': 'buyer_seller_4_46abceaa-bda4-11ef-87d8-02a6845b4b32', 'terminal': 'my terminal'}
2024-12-19 08:59:39 - be.model.user - INFO - 尝试登录用户：buyer_4_46abceaa-bda4-11ef-87d8-02a6845b4b32，终端：my terminal
2024-12-19 08:59:39 - be.model.user - INFO - 为用户 buyer_4_46abceaa-bda4-11ef-87d8-02a6845b4b32 生成新token，终端：my terminal
2024-12-19 08:59:39 - be.model.user - INFO - 用户登录成功：buyer_4_46abceaa-bda4-11ef-87d8-02a6845b4b32
2024-12-19 08:59:39 - be.view.auth - INFO - 登录处理结果: 200
2024-12-19 08:59:39 - werkzeug - INFO - 127.0.0.1 - - [19/Dec/2024 08:59:39] "POST /auth/login HTTP/1.1" 200 -
2024-12-19 08:59:39 - be.view.auth - INFO - 收到登录请求: {'user_id': 'buyer_1_46abceaa-bda4-11ef-87d8-02a6845b4b32', 'password': 'buyer_seller_1_46abceaa-bda4-11ef-87d8-02a6845b4b32', 'terminal': 'my terminal'}
2024-12-19 08:59:39 - be.model.user - INFO - 尝试登录用户：buyer_1_46abceaa-bda4-11ef-87d8-02a6845b4b32，终端：my terminal
2024-12-19 08:59:39 - be.model.user - INFO - 为用户 buyer_1_46abceaa-bda4-11ef-87d8-02a6845b4b32 生成新token，终端：my terminal
2024-12-19 08:59:39 - be.model.user - INFO - 用户登录成功：buyer_1_46abceaa-bda4-11ef-87d8-02a6845b4b32
2024-12-19 08:59:40 - be.view.auth - INFO - 登录处理结果: 200
2024-12-19 08:59:40 - werkzeug - INFO - 127.0.0.1 - - [19/Dec/2024 08:59:40] "POST /auth/login HTTP/1.1" 200 -
2024-12-19 08:59:40 - be.view.auth - INFO - 收到登录请求: {'user_id': 'buyer_1_46abceaa-bda4-11ef-87d8-02a6845b4b32', 'password': 'buyer_seller_1_46abceaa-bda4-11ef-87d8-02a6845b4b32', 'terminal': 'my terminal'}
2024-12-19 08:59:40 - be.model.user - INFO - 尝试登录用户：buyer_1_46abceaa-bda4-11ef-87d8-02a6845b4b32，终端：my terminal
2024-12-19 08:59:40 - be.model.user - INFO - 为用户 buyer_1_46abceaa-bda4-11ef-87d8-02a6845b4b32 生成新token，终端：my terminal
2024-12-19 08:59:40 - be.model.user - INFO - 用户登录成功：buyer_1_46abceaa-bda4-11ef-87d8-02a6845b4b32
2024-12-19 08:59:40 - be.view.auth - INFO - 登录处理结果: 200
2024-12-19 08:59:40 - werkzeug - INFO - 127.0.0.1 - - [19/Dec/2024 08:59:40] "POST /auth/login HTTP/1.1" 200 -
2024-12-19 08:59:40 - be.view.auth - INFO - 收到登录请求: {'user_id': 'buyer_10_46abceaa-bda4-11ef-87d8-02a6845b4b32', 'password': 'buyer_seller_10_46abceaa-bda4-11ef-87d8-02a6845b4b32', 'terminal': 'my terminal'}
2024-12-19 08:59:40 - be.model.user - INFO - 尝试登录用户：buyer_10_46abceaa-bda4-11ef-87d8-02a6845b4b32，终端：my terminal
2024-12-19 08:59:40 - be.model.user - INFO - 为用户 buyer_10_46abceaa-bda4-11ef-87d8-02a6845b4b32 生成新token，终端：my terminal
2024-12-19 08:59:40 - be.model.user - INFO - 用户登录成功：buyer_10_46abceaa-bda4-11ef-87d8-02a6845b4b32
2024-12-19 08:59:40 - be.view.auth - INFO - 登录处理结果: 200
2024-12-19 08:59:40 - werkzeug - INFO - 127.0.0.1 - - [19/Dec/2024 08:59:40] "POST /auth/login HTTP/1.1" 200 -
2024-12-19 08:59:40 - be.view.auth - INFO - 收到登录请求: {'user_id': 'buyer_3_46abceaa-bda4-11ef-87d8-02a6845b4b32', 'password': 'buyer_seller_3_46abceaa-bda4-11ef-87d8-02a6845b4b32', 'terminal': 'my terminal'}
2024-12-19 08:59:40 - be.model.user - INFO - 尝试登录用户：buyer_3_46abceaa-bda4-11ef-87d8-02a6845b4b32，终端：my terminal
2024-12-19 08:59:40 - be.model.user - INFO - 为用户 buyer_3_46abceaa-bda4-11ef-87d8-02a6845b4b32 生成新token，终端：my terminal
2024-12-19 08:59:40 - be.model.user - INFO - 用户登录成功：buyer_3_46abceaa-bda4-11ef-87d8-02a6845b4b32
2024-12-19 08:59:40 - be.view.auth - INFO - 登录处理结果: 200
2024-12-19 08:59:40 - werkzeug - INFO - 127.0.0.1 - - [19/Dec/2024 08:59:40] "POST /auth/login HTTP/1.1" 200 -
2024-12-19 08:59:40 - be.view.auth - INFO - 收到登录请求: {'user_id': 'buyer_6_46abceaa-bda4-11ef-87d8-02a6845b4b32', 'password': 'buyer_seller_6_46abceaa-bda4-11ef-87d8-02a6845b4b32', 'terminal': 'my terminal'}
2024-12-19 08:59:40 - be.model.user - INFO - 尝试登录用户：buyer_6_46abceaa-bda4-11ef-87d8-02a6845b4b32，终端：my terminal
2024-12-19 08:59:40 - be.model.user - INFO - 为用户 buyer_6_46abceaa-bda4-11ef-87d8-02a6845b4b32 生成新token，终端：my terminal
2024-12-19 08:59:40 - be.model.user - INFO - 用户登录成功：buyer_6_46abceaa-bda4-11ef-87d8-02a6845b4b32
2024-12-19 08:59:40 - be.view.auth - INFO - 登录处理结果: 200
2024-12-19 08:59:40 - werkzeug - INFO - 127.0.0.1 - - [19/Dec/2024 08:59:40] "POST /auth/login HTTP/1.1" 200 -
2024-12-19 08:59:40 - be.view.auth - INFO - 收到登录请求: {'user_id': 'buyer_1_46abceaa-bda4-11ef-87d8-02a6845b4b32', 'password': 'buyer_seller_1_46abceaa-bda4-11ef-87d8-02a6845b4b32', 'terminal': 'my terminal'}
2024-12-19 08:59:40 - be.model.user - INFO - 尝试登录用户：buyer_1_46abceaa-bda4-11ef-87d8-02a6845b4b32，终端：my terminal
2024-12-19 08:59:41 - be.model.user - INFO - 为用户 buyer_1_46abceaa-bda4-11ef-87d8-02a6845b4b32 生成新token，终端：my terminal
2024-12-19 08:59:41 - be.model.user - INFO - 用户登录成功：buyer_1_46abceaa-bda4-11ef-87d8-02a6845b4b32
2024-12-19 08:59:41 - be.view.auth - INFO - 登录处理结果: 200
2024-12-19 08:59:41 - werkzeug - INFO - 127.0.0.1 - - [19/Dec/2024 08:59:41] "POST /auth/login HTTP/1.1" 200 -
2024-12-19 08:59:41 - be.view.auth - INFO - 收到登录请求: {'user_id': 'buyer_4_46abceaa-bda4-11ef-87d8-02a6845b4b32', 'password': 'buyer_seller_4_46abceaa-bda4-11ef-87d8-02a6845b4b32', 'terminal': 'my terminal'}
2024-12-19 08:59:41 - be.model.user - INFO - 尝试登录用户：buyer_4_46abceaa-bda4-11ef-87d8-02a6845b4b32，终端：my terminal
2024-12-19 08:59:41 - be.model.user - INFO - 为用户 buyer_4_46abceaa-bda4-11ef-87d8-02a6845b4b32 生成新token，终端：my terminal
2024-12-19 08:59:41 - be.model.user - INFO - 用户登录成功：buyer_4_46abceaa-bda4-11ef-87d8-02a6845b4b32
2024-12-19 08:59:41 - be.view.auth - INFO - 登录处理结果: 200
2024-12-19 08:59:41 - werkzeug - INFO - 127.0.0.1 - - [19/Dec/2024 08:59:41] "POST /auth/login HTTP/1.1" 200 -
2024-12-19 08:59:41 - be.view.auth - INFO - 收到登录请求: {'user_id': 'buyer_8_46abceaa-bda4-11ef-87d8-02a6845b4b32', 'password': 'buyer_seller_8_46abceaa-bda4-11ef-87d8-02a6845b4b32', 'terminal': 'my terminal'}
2024-12-19 08:59:41 - be.model.user - INFO - 尝试登录用户：buyer_8_46abceaa-bda4-11ef-87d8-02a6845b4b32，终端：my terminal
2024-12-19 08:59:41 - be.model.user - INFO - 为用户 buyer_8_46abceaa-bda4-11ef-87d8-02a6845b4b32 生成新token，终端：my terminal
2024-12-19 08:59:41 - be.model.user - INFO - 用户登录成功：buyer_8_46abceaa-bda4-11ef-87d8-02a6845b4b32
2024-12-19 08:59:41 - be.view.auth - INFO - 登录处理结果: 200
2024-12-19 08:59:41 - werkzeug - INFO - 127.0.0.1 - - [19/Dec/2024 08:59:41] "POST /auth/login HTTP/1.1" 200 -
2024-12-19 08:59:41 - be.view.auth - INFO - 收到登录请求: {'user_id': 'buyer_6_46abceaa-bda4-11ef-87d8-02a6845b4b32', 'password': 'buyer_seller_6_46abceaa-bda4-11ef-87d8-02a6845b4b32', 'terminal': 'my terminal'}
2024-12-19 08:59:41 - be.model.user - INFO - 尝试登录用户：buyer_6_46abceaa-bda4-11ef-87d8-02a6845b4b32，终端：my terminal
2024-12-19 08:59:41 - be.model.user - INFO - 为用户 buyer_6_46abceaa-bda4-11ef-87d8-02a6845b4b32 生成新token，终端：my terminal
2024-12-19 08:59:41 - be.model.user - INFO - 用户登录成功：buyer_6_46abceaa-bda4-11ef-87d8-02a6845b4b32
2024-12-19 08:59:41 - be.view.auth - INFO - 登录处理结果: 200
2024-12-19 08:59:41 - werkzeug - INFO - 127.0.0.1 - - [19/Dec/2024 08:59:41] "POST /auth/login HTTP/1.1" 200 -
2024-12-19 08:59:41 - be.view.auth - INFO - 收到登录请求: {'user_id': 'buyer_10_46abceaa-bda4-11ef-87d8-02a6845b4b32', 'password': 'buyer_seller_10_46abceaa-bda4-11ef-87d8-02a6845b4b32', 'terminal': 'my terminal'}
2024-12-19 08:59:41 - be.model.user - INFO - 尝试登录用户：buyer_10_46abceaa-bda4-11ef-87d8-02a6845b4b32，终端：my terminal
2024-12-19 08:59:42 - be.model.user - INFO - 为用户 buyer_10_46abceaa-bda4-11ef-87d8-02a6845b4b32 生成新token，终端：my terminal
2024-12-19 08:59:42 - be.model.user - INFO - 用户登录成功：buyer_10_46abceaa-bda4-11ef-87d8-02a6845b4b32
2024-12-19 08:59:42 - be.view.auth - INFO - 登录处理结果: 200
2024-12-19 08:59:42 - werkzeug - INFO - 127.0.0.1 - - [19/Dec/2024 08:59:42] "POST /auth/login HTTP/1.1" 200 -
2024-12-19 08:59:42 - be.view.auth - INFO - 收到登录请求: {'user_id': 'buyer_7_46abceaa-bda4-11ef-87d8-02a6845b4b32', 'password': 'buyer_seller_7_46abceaa-bda4-11ef-87d8-02a6845b4b32', 'terminal': 'my terminal'}
2024-12-19 08:59:42 - be.model.user - INFO - 尝试登录用户：buyer_7_46abceaa-bda4-11ef-87d8-02a6845b4b32，终端：my terminal
2024-12-19 08:59:42 - be.model.user - INFO - 为用户 buyer_7_46abceaa-bda4-11ef-87d8-02a6845b4b32 生成新token，终端：my terminal
2024-12-19 08:59:42 - be.model.user - INFO - 用户登录成功：buyer_7_46abceaa-bda4-11ef-87d8-02a6845b4b32
2024-12-19 08:59:42 - be.view.auth - INFO - 登录处理结果: 200
2024-12-19 08:59:42 - werkzeug - INFO - 127.0.0.1 - - [19/Dec/2024 08:59:42] "POST /auth/login HTTP/1.1" 200 -
2024-12-19 08:59:42 - be.view.auth - INFO - 收到登录请求: {'user_id': 'buyer_2_46abceaa-bda4-11ef-87d8-02a6845b4b32', 'password': 'buyer_seller_2_46abceaa-bda4-11ef-87d8-02a6845b4b32', 'terminal': 'my terminal'}
2024-12-19 08:59:42 - be.model.user - INFO - 尝试登录用户：buyer_2_46abceaa-bda4-11ef-87d8-02a6845b4b32，终端：my terminal
2024-12-19 08:59:42 - be.model.user - INFO - 为用户 buyer_2_46abceaa-bda4-11ef-87d8-02a6845b4b32 生成新token，终端：my terminal
2024-12-19 08:59:42 - be.model.user - INFO - 用户登录成功：buyer_2_46abceaa-bda4-11ef-87d8-02a6845b4b32
2024-12-19 08:59:42 - be.view.auth - INFO - 登录处理结果: 200
2024-12-19 08:59:42 - werkzeug - INFO - 127.0.0.1 - - [19/Dec/2024 08:59:42] "POST /auth/login HTTP/1.1" 200 -
2024-12-19 08:59:42 - be.view.auth - INFO - 收到登录请求: {'user_id': 'buyer_4_46abceaa-bda4-11ef-87d8-02a6845b4b32', 'password': 'buyer_seller_4_46abceaa-bda4-11ef-87d8-02a6845b4b32', 'terminal': 'my terminal'}
2024-12-19 08:59:42 - be.model.user - INFO - 尝试登录用户：buyer_4_46abceaa-bda4-11ef-87d8-02a6845b4b32，终端：my terminal
2024-12-19 08:59:42 - be.model.user - INFO - 为用户 buyer_4_46abceaa-bda4-11ef-87d8-02a6845b4b32 生成新token，终端：my terminal
2024-12-19 08:59:42 - be.model.user - INFO - 用户登录成功：buyer_4_46abceaa-bda4-11ef-87d8-02a6845b4b32
2024-12-19 08:59:42 - be.view.auth - INFO - 登录处理结果: 200
2024-12-19 08:59:42 - werkzeug - INFO - 127.0.0.1 - - [19/Dec/2024 08:59:42] "POST /auth/login HTTP/1.1" 200 -
2024-12-19 08:59:42 - be.view.auth - INFO - 收到登录请求: {'user_id': 'buyer_4_46abceaa-bda4-11ef-87d8-02a6845b4b32', 'password': 'buyer_seller_4_46abceaa-bda4-11ef-87d8-02a6845b4b32', 'terminal': 'my terminal'}
2024-12-19 08:59:42 - be.model.user - INFO - 尝试登录用户：buyer_4_46abceaa-bda4-11ef-87d8-02a6845b4b32，终端：my terminal
2024-12-19 08:59:42 - be.model.user - INFO - 为用户 buyer_4_46abceaa-bda4-11ef-87d8-02a6845b4b32 生成新token，终端：my terminal
2024-12-19 08:59:42 - be.model.user - INFO - 用户登录成功：buyer_4_46abceaa-bda4-11ef-87d8-02a6845b4b32
2024-12-19 08:59:43 - be.view.auth - INFO - 登录处理结果: 200
2024-12-19 08:59:43 - werkzeug - INFO - 127.0.0.1 - - [19/Dec/2024 08:59:43] "POST /auth/login HTTP/1.1" 200 -
2024-12-19 08:59:43 - be.view.auth - INFO - 收到登录请求: {'user_id': 'buyer_5_46abceaa-bda4-11ef-87d8-02a6845b4b32', 'password': 'buyer_seller_5_46abceaa-bda4-11ef-87d8-02a6845b4b32', 'terminal': 'my terminal'}
2024-12-19 08:59:43 - be.model.user - INFO - 尝试登录用户：buyer_5_46abceaa-bda4-11ef-87d8-02a6845b4b32，终端：my terminal
2024-12-19 08:59:43 - be.model.user - INFO - 为用户 buyer_5_46abceaa-bda4-11ef-87d8-02a6845b4b32 生成新token，终端：my terminal
2024-12-19 08:59:43 - be.model.user - INFO - 用户登录成功：buyer_5_46abceaa-bda4-11ef-87d8-02a6845b4b32
2024-12-19 08:59:43 - be.view.auth - INFO - 登录处理结果: 200
2024-12-19 08:59:43 - werkzeug - INFO - 127.0.0.1 - - [19/Dec/2024 08:59:43] "POST /auth/login HTTP/1.1" 200 -
2024-12-19 08:59:43 - be.view.auth - INFO - 收到登录请求: {'user_id': 'buyer_1_46abceaa-bda4-11ef-87d8-02a6845b4b32', 'password': 'buyer_seller_1_46abceaa-bda4-11ef-87d8-02a6845b4b32', 'terminal': 'my terminal'}
2024-12-19 08:59:43 - be.model.user - INFO - 尝试登录用户：buyer_1_46abceaa-bda4-11ef-87d8-02a6845b4b32，终端：my terminal
2024-12-19 08:59:43 - be.model.user - INFO - 为用户 buyer_1_46abceaa-bda4-11ef-87d8-02a6845b4b32 生成新token，终端：my terminal
2024-12-19 08:59:43 - be.model.user - INFO - 用户登录成功：buyer_1_46abceaa-bda4-11ef-87d8-02a6845b4b32
2024-12-19 08:59:43 - be.view.auth - INFO - 登录处理结果: 200
2024-12-19 08:59:43 - werkzeug - INFO - 127.0.0.1 - - [19/Dec/2024 08:59:43] "POST /auth/login HTTP/1.1" 200 -
2024-12-19 08:59:43 - be.view.auth - INFO - 收到登录请求: {'user_id': 'buyer_6_46abceaa-bda4-11ef-87d8-02a6845b4b32', 'password': 'buyer_seller_6_46abceaa-bda4-11ef-87d8-02a6845b4b32', 'terminal': 'my terminal'}
2024-12-19 08:59:43 - be.model.user - INFO - 尝试登录用户：buyer_6_46abceaa-bda4-11ef-87d8-02a6845b4b32，终端：my terminal
2024-12-19 08:59:43 - be.model.user - INFO - 为用户 buyer_6_46abceaa-bda4-11ef-87d8-02a6845b4b32 生成新token，终端：my terminal
2024-12-19 08:59:43 - be.model.user - INFO - 用户登录成功：buyer_6_46abceaa-bda4-11ef-87d8-02a6845b4b32
2024-12-19 08:59:43 - be.view.auth - INFO - 登录处理结果: 200
2024-12-19 08:59:43 - werkzeug - INFO - 127.0.0.1 - - [19/Dec/2024 08:59:43] "POST /auth/login HTTP/1.1" 200 -
2024-12-19 08:59:43 - be.view.auth - INFO - 收到登录请求: {'user_id': 'buyer_3_46abceaa-bda4-11ef-87d8-02a6845b4b32', 'password': 'buyer_seller_3_46abceaa-bda4-11ef-87d8-02a6845b4b32', 'terminal': 'my terminal'}
2024-12-19 08:59:43 - be.model.user - INFO - 尝试登录用户：buyer_3_46abceaa-bda4-11ef-87d8-02a6845b4b32，终端：my terminal
2024-12-19 08:59:43 - be.model.user - INFO - 为用户 buyer_3_46abceaa-bda4-11ef-87d8-02a6845b4b32 生成新token，终端：my terminal
2024-12-19 08:59:43 - be.model.user - INFO - 用户登录成功：buyer_3_46abceaa-bda4-11ef-87d8-02a6845b4b32
2024-12-19 08:59:43 - be.view.auth - INFO - 登录处理结果: 200
2024-12-19 08:59:43 - werkzeug - INFO - 127.0.0.1 - - [19/Dec/2024 08:59:43] "POST /auth/login HTTP/1.1" 200 -
2024-12-19 08:59:43 - be.view.auth - INFO - 收到登录请求: {'user_id': 'buyer_7_46abceaa-bda4-11ef-87d8-02a6845b4b32', 'password': 'buyer_seller_7_46abceaa-bda4-11ef-87d8-02a6845b4b32', 'terminal': 'my terminal'}
2024-12-19 08:59:43 - be.model.user - INFO - 尝试登录用户：buyer_7_46abceaa-bda4-11ef-87d8-02a6845b4b32，终端：my terminal
2024-12-19 08:59:44 - be.model.user - INFO - 为用户 buyer_7_46abceaa-bda4-11ef-87d8-02a6845b4b32 生成新token，终端：my terminal
2024-12-19 08:59:44 - be.model.user - INFO - 用户登录成功：buyer_7_46abceaa-bda4-11ef-87d8-02a6845b4b32
2024-12-19 08:59:44 - be.view.auth - INFO - 登录处理结果: 200
2024-12-19 08:59:44 - werkzeug - INFO - 127.0.0.1 - - [19/Dec/2024 08:59:44] "POST /auth/login HTTP/1.1" 200 -
2024-12-19 08:59:44 - be.view.auth - INFO - 收到登录请求: {'user_id': 'buyer_3_46abceaa-bda4-11ef-87d8-02a6845b4b32', 'password': 'buyer_seller_3_46abceaa-bda4-11ef-87d8-02a6845b4b32', 'terminal': 'my terminal'}
2024-12-19 08:59:44 - be.model.user - INFO - 尝试登录用户：buyer_3_46abceaa-bda4-11ef-87d8-02a6845b4b32，终端：my terminal
2024-12-19 08:59:44 - be.model.user - INFO - 为用户 buyer_3_46abceaa-bda4-11ef-87d8-02a6845b4b32 生成新token，终端：my terminal
2024-12-19 08:59:44 - be.model.user - INFO - 用户登录成功：buyer_3_46abceaa-bda4-11ef-87d8-02a6845b4b32
2024-12-19 08:59:44 - be.view.auth - INFO - 登录处理结果: 200
2024-12-19 08:59:44 - werkzeug - INFO - 127.0.0.1 - - [19/Dec/2024 08:59:44] "POST /auth/login HTTP/1.1" 200 -
2024-12-19 08:59:44 - be.view.auth - INFO - 收到登录请求: {'user_id': 'buyer_7_46abceaa-bda4-11ef-87d8-02a6845b4b32', 'password': 'buyer_seller_7_46abceaa-bda4-11ef-87d8-02a6845b4b32', 'terminal': 'my terminal'}
2024-12-19 08:59:44 - be.model.user - INFO - 尝试登录用户：buyer_7_46abceaa-bda4-11ef-87d8-02a6845b4b32，终端：my terminal
2024-12-19 08:59:44 - be.model.user - INFO - 为用户 buyer_7_46abceaa-bda4-11ef-87d8-02a6845b4b32 生成新token，终端：my terminal
2024-12-19 08:59:44 - be.model.user - INFO - 用户登录成功：buyer_7_46abceaa-bda4-11ef-87d8-02a6845b4b32
2024-12-19 08:59:44 - be.view.auth - INFO - 登录处理结果: 200
2024-12-19 08:59:44 - werkzeug - INFO - 127.0.0.1 - - [19/Dec/2024 08:59:44] "POST /auth/login HTTP/1.1" 200 -
2024-12-19 08:59:44 - be.view.auth - INFO - 收到登录请求: {'user_id': 'buyer_3_46abceaa-bda4-11ef-87d8-02a6845b4b32', 'password': 'buyer_seller_3_46abceaa-bda4-11ef-87d8-02a6845b4b32', 'terminal': 'my terminal'}
2024-12-19 08:59:44 - be.model.user - INFO - 尝试登录用户：buyer_3_46abceaa-bda4-11ef-87d8-02a6845b4b32，终端：my terminal
2024-12-19 08:59:44 - be.model.user - INFO - 为用户 buyer_3_46abceaa-bda4-11ef-87d8-02a6845b4b32 生成新token，终端：my terminal
2024-12-19 08:59:44 - be.model.user - INFO - 用户登录成功：buyer_3_46abceaa-bda4-11ef-87d8-02a6845b4b32
2024-12-19 08:59:44 - be.view.auth - INFO - 登录处理结果: 200
2024-12-19 08:59:44 - werkzeug - INFO - 127.0.0.1 - - [19/Dec/2024 08:59:44] "POST /auth/login HTTP/1.1" 200 -
2024-12-19 08:59:44 - be.view.auth - INFO - 收到登录请求: {'user_id': 'buyer_2_46abceaa-bda4-11ef-87d8-02a6845b4b32', 'password': 'buyer_seller_2_46abceaa-bda4-11ef-87d8-02a6845b4b32', 'terminal': 'my terminal'}
2024-12-19 08:59:44 - be.model.user - INFO - 尝试登录用户：buyer_2_46abceaa-bda4-11ef-87d8-02a6845b4b32，终端：my terminal
2024-12-19 08:59:45 - be.model.user - INFO - 为用户 buyer_2_46abceaa-bda4-11ef-87d8-02a6845b4b32 生成新token，终端：my terminal
2024-12-19 08:59:45 - be.model.user - INFO - 用户登录成功：buyer_2_46abceaa-bda4-11ef-87d8-02a6845b4b32
2024-12-19 08:59:45 - be.view.auth - INFO - 登录处理结果: 200
2024-12-19 08:59:45 - werkzeug - INFO - 127.0.0.1 - - [19/Dec/2024 08:59:45] "POST /auth/login HTTP/1.1" 200 -
2024-12-19 08:59:45 - be.view.auth - INFO - 收到登录请求: {'user_id': 'buyer_4_46abceaa-bda4-11ef-87d8-02a6845b4b32', 'password': 'buyer_seller_4_46abceaa-bda4-11ef-87d8-02a6845b4b32', 'terminal': 'my terminal'}
2024-12-19 08:59:45 - be.model.user - INFO - 尝试登录用户：buyer_4_46abceaa-bda4-11ef-87d8-02a6845b4b32，终端：my terminal
2024-12-19 08:59:45 - be.model.user - INFO - 为用户 buyer_4_46abceaa-bda4-11ef-87d8-02a6845b4b32 生成新token，终端：my terminal
2024-12-19 08:59:45 - be.model.user - INFO - 用户登录成功：buyer_4_46abceaa-bda4-11ef-87d8-02a6845b4b32
2024-12-19 08:59:45 - be.view.auth - INFO - 登录处理结果: 200
2024-12-19 08:59:45 - werkzeug - INFO - 127.0.0.1 - - [19/Dec/2024 08:59:45] "POST /auth/login HTTP/1.1" 200 -
2024-12-19 08:59:45 - be.view.auth - INFO - 收到登录请求: {'user_id': 'buyer_10_46abceaa-bda4-11ef-87d8-02a6845b4b32', 'password': 'buyer_seller_10_46abceaa-bda4-11ef-87d8-02a6845b4b32', 'terminal': 'my terminal'}
2024-12-19 08:59:45 - be.model.user - INFO - 尝试登录用户：buyer_10_46abceaa-bda4-11ef-87d8-02a6845b4b32，终端：my terminal
2024-12-19 08:59:45 - be.model.user - INFO - 为用户 buyer_10_46abceaa-bda4-11ef-87d8-02a6845b4b32 生成新token，终端：my terminal
2024-12-19 08:59:45 - be.model.user - INFO - 用户登录成功：buyer_10_46abceaa-bda4-11ef-87d8-02a6845b4b32
2024-12-19 08:59:45 - be.view.auth - INFO - 登录处理结果: 200
2024-12-19 08:59:45 - werkzeug - INFO - 127.0.0.1 - - [19/Dec/2024 08:59:45] "POST /auth/login HTTP/1.1" 200 -
2024-12-19 08:59:45 - be.view.auth - INFO - 收到登录请求: {'user_id': 'buyer_5_46abceaa-bda4-11ef-87d8-02a6845b4b32', 'password': 'buyer_seller_5_46abceaa-bda4-11ef-87d8-02a6845b4b32', 'terminal': 'my terminal'}
2024-12-19 08:59:45 - be.model.user - INFO - 尝试登录用户：buyer_5_46abceaa-bda4-11ef-87d8-02a6845b4b32，终端：my terminal
2024-12-19 08:59:45 - be.model.user - INFO - 为用户 buyer_5_46abceaa-bda4-11ef-87d8-02a6845b4b32 生成新token，终端：my terminal
2024-12-19 08:59:45 - be.model.user - INFO - 用户登录成功：buyer_5_46abceaa-bda4-11ef-87d8-02a6845b4b32
2024-12-19 08:59:45 - be.view.auth - INFO - 登录处理结果: 200
2024-12-19 08:59:45 - werkzeug - INFO - 127.0.0.1 - - [19/Dec/2024 08:59:45] "POST /auth/login HTTP/1.1" 200 -
2024-12-19 08:59:45 - be.view.auth - INFO - 收到登录请求: {'user_id': 'buyer_1_46abceaa-bda4-11ef-87d8-02a6845b4b32', 'password': 'buyer_seller_1_46abceaa-bda4-11ef-87d8-02a6845b4b32', 'terminal': 'my terminal'}
2024-12-19 08:59:45 - be.model.user - INFO - 尝试登录用户：buyer_1_46abceaa-bda4-11ef-87d8-02a6845b4b32，终端：my terminal
2024-12-19 08:59:45 - be.model.user - INFO - 为用户 buyer_1_46abceaa-bda4-11ef-87d8-02a6845b4b32 生成新token，终端：my terminal
2024-12-19 08:59:45 - be.model.user - INFO - 用户登录成功：buyer_1_46abceaa-bda4-11ef-87d8-02a6845b4b32
2024-12-19 08:59:46 - be.view.auth - INFO - 登录处理结果: 200
2024-12-19 08:59:46 - werkzeug - INFO - 127.0.0.1 - - [19/Dec/2024 08:59:46] "POST /auth/login HTTP/1.1" 200 -
2024-12-19 08:59:46 - be.view.auth - INFO - 收到登录请求: {'user_id': 'buyer_2_46abceaa-bda4-11ef-87d8-02a6845b4b32', 'password': 'buyer_seller_2_46abceaa-bda4-11ef-87d8-02a6845b4b32', 'terminal': 'my terminal'}
2024-12-19 08:59:46 - be.model.user - INFO - 尝试登录用户：buyer_2_46abceaa-bda4-11ef-87d8-02a6845b4b32，终端：my terminal
2024-12-19 08:59:46 - be.model.user - INFO - 为用户 buyer_2_46abceaa-bda4-11ef-87d8-02a6845b4b32 生成新token，终端：my terminal
2024-12-19 08:59:46 - be.model.user - INFO - 用户登录成功：buyer_2_46abceaa-bda4-11ef-87d8-02a6845b4b32
2024-12-19 08:59:46 - be.view.auth - INFO - 登录处理结果: 200
2024-12-19 08:59:46 - werkzeug - INFO - 127.0.0.1 - - [19/Dec/2024 08:59:46] "POST /auth/login HTTP/1.1" 200 -
2024-12-19 08:59:46 - be.view.auth - INFO - 收到登录请求: {'user_id': 'buyer_7_46abceaa-bda4-11ef-87d8-02a6845b4b32', 'password': 'buyer_seller_7_46abceaa-bda4-11ef-87d8-02a6845b4b32', 'terminal': 'my terminal'}
2024-12-19 08:59:46 - be.model.user - INFO - 尝试登录用户：buyer_7_46abceaa-bda4-11ef-87d8-02a6845b4b32，终端：my terminal
2024-12-19 08:59:46 - be.model.user - INFO - 为用户 buyer_7_46abceaa-bda4-11ef-87d8-02a6845b4b32 生成新token，终端：my terminal
2024-12-19 08:59:46 - be.model.user - INFO - 用户登录成功：buyer_7_46abceaa-bda4-11ef-87d8-02a6845b4b32
2024-12-19 08:59:46 - be.view.auth - INFO - 登录处理结果: 200
2024-12-19 08:59:46 - werkzeug - INFO - 127.0.0.1 - - [19/Dec/2024 08:59:46] "POST /auth/login HTTP/1.1" 200 -
2024-12-19 08:59:46 - be.view.auth - INFO - 收到登录请求: {'user_id': 'buyer_10_46abceaa-bda4-11ef-87d8-02a6845b4b32', 'password': 'buyer_seller_10_46abceaa-bda4-11ef-87d8-02a6845b4b32', 'terminal': 'my terminal'}
2024-12-19 08:59:46 - be.model.user - INFO - 尝试登录用户：buyer_10_46abceaa-bda4-11ef-87d8-02a6845b4b32，终端：my terminal
2024-12-19 08:59:46 - be.model.user - INFO - 为用户 buyer_10_46abceaa-bda4-11ef-87d8-02a6845b4b32 生成新token，终端：my terminal
2024-12-19 08:59:46 - be.model.user - INFO - 用户登录成功：buyer_10_46abceaa-bda4-11ef-87d8-02a6845b4b32
2024-12-19 08:59:46 - be.view.auth - INFO - 登录处理结果: 200
2024-12-19 08:59:46 - werkzeug - INFO - 127.0.0.1 - - [19/Dec/2024 08:59:46] "POST /auth/login HTTP/1.1" 200 -
2024-12-19 08:59:46 - be.view.auth - INFO - 收到登录请求: {'user_id': 'buyer_9_46abceaa-bda4-11ef-87d8-02a6845b4b32', 'password': 'buyer_seller_9_46abceaa-bda4-11ef-87d8-02a6845b4b32', 'terminal': 'my terminal'}
2024-12-19 08:59:46 - be.model.user - INFO - 尝试登录用户：buyer_9_46abceaa-bda4-11ef-87d8-02a6845b4b32，终端：my terminal
2024-12-19 08:59:46 - be.model.user - INFO - 为用户 buyer_9_46abceaa-bda4-11ef-87d8-02a6845b4b32 生成新token，终端：my terminal
2024-12-19 08:59:46 - be.model.user - INFO - 用户登录成功：buyer_9_46abceaa-bda4-11ef-87d8-02a6845b4b32
2024-12-19 08:59:46 - be.view.auth - INFO - 登录处理结果: 200
2024-12-19 08:59:46 - werkzeug - INFO - 127.0.0.1 - - [19/Dec/2024 08:59:46] "POST /auth/login HTTP/1.1" 200 -
2024-12-19 08:59:46 - be.view.auth - INFO - 收到登录请求: {'user_id': 'buyer_8_46abceaa-bda4-11ef-87d8-02a6845b4b32', 'password': 'buyer_seller_8_46abceaa-bda4-11ef-87d8-02a6845b4b32', 'terminal': 'my terminal'}
2024-12-19 08:59:46 - be.model.user - INFO - 尝试登录用户：buyer_8_46abceaa-bda4-11ef-87d8-02a6845b4b32，终端：my terminal
2024-12-19 08:59:47 - be.model.user - INFO - 为用户 buyer_8_46abceaa-bda4-11ef-87d8-02a6845b4b32 生成新token，终端：my terminal
2024-12-19 08:59:47 - be.model.user - INFO - 用户登录成功：buyer_8_46abceaa-bda4-11ef-87d8-02a6845b4b32
2024-12-19 08:59:47 - be.view.auth - INFO - 登录处理结果: 200
2024-12-19 08:59:47 - werkzeug - INFO - 127.0.0.1 - - [19/Dec/2024 08:59:47] "POST /auth/login HTTP/1.1" 200 -
2024-12-19 08:59:47 - be.view.auth - INFO - 收到登录请求: {'user_id': 'buyer_9_46abceaa-bda4-11ef-87d8-02a6845b4b32', 'password': 'buyer_seller_9_46abceaa-bda4-11ef-87d8-02a6845b4b32', 'terminal': 'my terminal'}
2024-12-19 08:59:47 - be.model.user - INFO - 尝试登录用户：buyer_9_46abceaa-bda4-11ef-87d8-02a6845b4b32，终端：my terminal
2024-12-19 08:59:47 - be.model.user - INFO - 为用户 buyer_9_46abceaa-bda4-11ef-87d8-02a6845b4b32 生成新token，终端：my terminal
2024-12-19 08:59:47 - be.model.user - INFO - 用户登录成功：buyer_9_46abceaa-bda4-11ef-87d8-02a6845b4b32
2024-12-19 08:59:47 - be.view.auth - INFO - 登录处理结果: 200
2024-12-19 08:59:47 - werkzeug - INFO - 127.0.0.1 - - [19/Dec/2024 08:59:47] "POST /auth/login HTTP/1.1" 200 -
2024-12-19 08:59:47 - be.view.auth - INFO - 收到登录请求: {'user_id': 'buyer_10_46abceaa-bda4-11ef-87d8-02a6845b4b32', 'password': 'buyer_seller_10_46abceaa-bda4-11ef-87d8-02a6845b4b32', 'terminal': 'my terminal'}
2024-12-19 08:59:47 - be.model.user - INFO - 尝试登录用户：buyer_10_46abceaa-bda4-11ef-87d8-02a6845b4b32，终端：my terminal
2024-12-19 08:59:47 - be.model.user - INFO - 为用户 buyer_10_46abceaa-bda4-11ef-87d8-02a6845b4b32 生成新token，终端：my terminal
2024-12-19 08:59:47 - be.model.user - INFO - 用户登录成功：buyer_10_46abceaa-bda4-11ef-87d8-02a6845b4b32
2024-12-19 08:59:47 - be.view.auth - INFO - 登录处理结果: 200
2024-12-19 08:59:47 - werkzeug - INFO - 127.0.0.1 - - [19/Dec/2024 08:59:47] "POST /auth/login HTTP/1.1" 200 -
2024-12-19 08:59:47 - be.view.auth - INFO - 收到登录请求: {'user_id': 'buyer_9_46abceaa-bda4-11ef-87d8-02a6845b4b32', 'password': 'buyer_seller_9_46abceaa-bda4-11ef-87d8-02a6845b4b32', 'terminal': 'my terminal'}
2024-12-19 08:59:47 - be.model.user - INFO - 尝试登录用户：buyer_9_46abceaa-bda4-11ef-87d8-02a6845b4b32，终端：my terminal
2024-12-19 08:59:47 - be.model.user - INFO - 为用户 buyer_9_46abceaa-bda4-11ef-87d8-02a6845b4b32 生成新token，终端：my terminal
2024-12-19 08:59:47 - be.model.user - INFO - 用户登录成功：buyer_9_46abceaa-bda4-11ef-87d8-02a6845b4b32
2024-12-19 08:59:47 - be.view.auth - INFO - 登录处理结果: 200
2024-12-19 08:59:47 - werkzeug - INFO - 127.0.0.1 - - [19/Dec/2024 08:59:47] "POST /auth/login HTTP/1.1" 200 -
2024-12-19 08:59:47 - be.view.auth - INFO - 收到登录请求: {'user_id': 'buyer_6_46abceaa-bda4-11ef-87d8-02a6845b4b32', 'password': 'buyer_seller_6_46abceaa-bda4-11ef-87d8-02a6845b4b32', 'terminal': 'my terminal'}
2024-12-19 08:59:47 - be.model.user - INFO - 尝试登录用户：buyer_6_46abceaa-bda4-11ef-87d8-02a6845b4b32，终端：my terminal
2024-12-19 08:59:48 - be.model.user - INFO - 为用户 buyer_6_46abceaa-bda4-11ef-87d8-02a6845b4b32 生成新token，终端：my terminal
2024-12-19 08:59:48 - be.model.user - INFO - 用户登录成功：buyer_6_46abceaa-bda4-11ef-87d8-02a6845b4b32
2024-12-19 08:59:48 - be.view.auth - INFO - 登录处理结果: 200
2024-12-19 08:59:48 - werkzeug - INFO - 127.0.0.1 - - [19/Dec/2024 08:59:48] "POST /auth/login HTTP/1.1" 200 -
2024-12-19 08:59:48 - be.view.auth - INFO - 收到登录请求: {'user_id': 'buyer_5_46abceaa-bda4-11ef-87d8-02a6845b4b32', 'password': 'buyer_seller_5_46abceaa-bda4-11ef-87d8-02a6845b4b32', 'terminal': 'my terminal'}
2024-12-19 08:59:48 - be.model.user - INFO - 尝试登录用户：buyer_5_46abceaa-bda4-11ef-87d8-02a6845b4b32，终端：my terminal
2024-12-19 08:59:48 - be.model.user - INFO - 为用户 buyer_5_46abceaa-bda4-11ef-87d8-02a6845b4b32 生成新token，终端：my terminal
2024-12-19 08:59:48 - be.model.user - INFO - 用户登录成功：buyer_5_46abceaa-bda4-11ef-87d8-02a6845b4b32
2024-12-19 08:59:48 - be.view.auth - INFO - 登录处理结果: 200
2024-12-19 08:59:48 - werkzeug - INFO - 127.0.0.1 - - [19/Dec/2024 08:59:48] "POST /auth/login HTTP/1.1" 200 -
2024-12-19 08:59:48 - be.view.auth - INFO - 收到登录请求: {'user_id': 'buyer_6_46abceaa-bda4-11ef-87d8-02a6845b4b32', 'password': 'buyer_seller_6_46abceaa-bda4-11ef-87d8-02a6845b4b32', 'terminal': 'my terminal'}
2024-12-19 08:59:48 - be.model.user - INFO - 尝试登录用户：buyer_6_46abceaa-bda4-11ef-87d8-02a6845b4b32，终端：my terminal
2024-12-19 08:59:48 - be.model.user - INFO - 为用户 buyer_6_46abceaa-bda4-11ef-87d8-02a6845b4b32 生成新token，终端：my terminal
2024-12-19 08:59:48 - be.model.user - INFO - 用户登录成功：buyer_6_46abceaa-bda4-11ef-87d8-02a6845b4b32
2024-12-19 08:59:48 - be.view.auth - INFO - 登录处理结果: 200
2024-12-19 08:59:48 - werkzeug - INFO - 127.0.0.1 - - [19/Dec/2024 08:59:48] "POST /auth/login HTTP/1.1" 200 -
2024-12-19 08:59:48 - be.view.auth - INFO - 收到登录请求: {'user_id': 'buyer_9_46abceaa-bda4-11ef-87d8-02a6845b4b32', 'password': 'buyer_seller_9_46abceaa-bda4-11ef-87d8-02a6845b4b32', 'terminal': 'my terminal'}
2024-12-19 08:59:48 - be.model.user - INFO - 尝试登录用户：buyer_9_46abceaa-bda4-11ef-87d8-02a6845b4b32，终端：my terminal
2024-12-19 08:59:48 - be.model.user - INFO - 为用户 buyer_9_46abceaa-bda4-11ef-87d8-02a6845b4b32 生成新token，终端：my terminal
2024-12-19 08:59:48 - be.model.user - INFO - 用户登录成功：buyer_9_46abceaa-bda4-11ef-87d8-02a6845b4b32
2024-12-19 08:59:48 - be.view.auth - INFO - 登录处理结果: 200
2024-12-19 08:59:48 - werkzeug - INFO - 127.0.0.1 - - [19/Dec/2024 08:59:48] "POST /auth/login HTTP/1.1" 200 -
2024-12-19 08:59:48 - be.view.auth - INFO - 收到登录请求: {'user_id': 'buyer_4_46abceaa-bda4-11ef-87d8-02a6845b4b32', 'password': 'buyer_seller_4_46abceaa-bda4-11ef-87d8-02a6845b4b32', 'terminal': 'my terminal'}
2024-12-19 08:59:48 - be.model.user - INFO - 尝试登录用户：buyer_4_46abceaa-bda4-11ef-87d8-02a6845b4b32，终端：my terminal
2024-12-19 08:59:48 - be.model.user - INFO - 为用户 buyer_4_46abceaa-bda4-11ef-87d8-02a6845b4b32 生成新token，终端：my terminal
2024-12-19 08:59:48 - be.model.user - INFO - 用户登录成功：buyer_4_46abceaa-bda4-11ef-87d8-02a6845b4b32
2024-12-19 08:59:49 - be.view.auth - INFO - 登录处理结果: 200
2024-12-19 08:59:49 - werkzeug - INFO - 127.0.0.1 - - [19/Dec/2024 08:59:49] "POST /auth/login HTTP/1.1" 200 -
2024-12-19 08:59:49 - be.view.auth - INFO - 收到登录请求: {'user_id': 'buyer_5_46abceaa-bda4-11ef-87d8-02a6845b4b32', 'password': 'buyer_seller_5_46abceaa-bda4-11ef-87d8-02a6845b4b32', 'terminal': 'my terminal'}
2024-12-19 08:59:49 - be.model.user - INFO - 尝试登录用户：buyer_5_46abceaa-bda4-11ef-87d8-02a6845b4b32，终端：my terminal
2024-12-19 08:59:49 - be.model.user - INFO - 为用户 buyer_5_46abceaa-bda4-11ef-87d8-02a6845b4b32 生成新token，终端：my terminal
2024-12-19 08:59:49 - be.model.user - INFO - 用户登录成功：buyer_5_46abceaa-bda4-11ef-87d8-02a6845b4b32
2024-12-19 08:59:49 - be.view.auth - INFO - 登录处理结果: 200
2024-12-19 08:59:49 - werkzeug - INFO - 127.0.0.1 - - [19/Dec/2024 08:59:49] "POST /auth/login HTTP/1.1" 200 -
2024-12-19 08:59:49 - be.view.auth - INFO - 收到登录请求: {'user_id': 'buyer_4_46abceaa-bda4-11ef-87d8-02a6845b4b32', 'password': 'buyer_seller_4_46abceaa-bda4-11ef-87d8-02a6845b4b32', 'terminal': 'my terminal'}
2024-12-19 08:59:49 - be.model.user - INFO - 尝试登录用户：buyer_4_46abceaa-bda4-11ef-87d8-02a6845b4b32，终端：my terminal
2024-12-19 08:59:49 - be.model.user - INFO - 为用户 buyer_4_46abceaa-bda4-11ef-87d8-02a6845b4b32 生成新token，终端：my terminal
2024-12-19 08:59:49 - be.model.user - INFO - 用户登录成功：buyer_4_46abceaa-bda4-11ef-87d8-02a6845b4b32
2024-12-19 08:59:49 - be.view.auth - INFO - 登录处理结果: 200
2024-12-19 08:59:49 - werkzeug - INFO - 127.0.0.1 - - [19/Dec/2024 08:59:49] "POST /auth/login HTTP/1.1" 200 -
2024-12-19 08:59:49 - be.view.auth - INFO - 收到登录请求: {'user_id': 'buyer_9_46abceaa-bda4-11ef-87d8-02a6845b4b32', 'password': 'buyer_seller_9_46abceaa-bda4-11ef-87d8-02a6845b4b32', 'terminal': 'my terminal'}
2024-12-19 08:59:49 - be.model.user - INFO - 尝试登录用户：buyer_9_46abceaa-bda4-11ef-87d8-02a6845b4b32，终端：my terminal
2024-12-19 08:59:49 - be.model.user - INFO - 为用户 buyer_9_46abceaa-bda4-11ef-87d8-02a6845b4b32 生成新token，终端：my terminal
2024-12-19 08:59:49 - be.model.user - INFO - 用户登录成功：buyer_9_46abceaa-bda4-11ef-87d8-02a6845b4b32
2024-12-19 08:59:49 - be.view.auth - INFO - 登录处理结果: 200
2024-12-19 08:59:49 - werkzeug - INFO - 127.0.0.1 - - [19/Dec/2024 08:59:49] "POST /auth/login HTTP/1.1" 200 -
2024-12-19 08:59:49 - be.view.auth - INFO - 收到登录请求: {'user_id': 'buyer_7_46abceaa-bda4-11ef-87d8-02a6845b4b32', 'password': 'buyer_seller_7_46abceaa-bda4-11ef-87d8-02a6845b4b32', 'terminal': 'my terminal'}
2024-12-19 08:59:49 - be.model.user - INFO - 尝试登录用户：buyer_7_46abceaa-bda4-11ef-87d8-02a6845b4b32，终端：my terminal
2024-12-19 08:59:49 - be.model.user - INFO - 为用户 buyer_7_46abceaa-bda4-11ef-87d8-02a6845b4b32 生成新token，终端：my terminal
2024-12-19 08:59:49 - be.model.user - INFO - 用户登录成功：buyer_7_46abceaa-bda4-11ef-87d8-02a6845b4b32
2024-12-19 08:59:50 - be.view.auth - INFO - 登录处理结果: 200
2024-12-19 08:59:50 - werkzeug - INFO - 127.0.0.1 - - [19/Dec/2024 08:59:50] "POST /auth/login HTTP/1.1" 200 -
2024-12-19 08:59:50 - be.view.auth - INFO - 收到登录请求: {'user_id': 'buyer_7_46abceaa-bda4-11ef-87d8-02a6845b4b32', 'password': 'buyer_seller_7_46abceaa-bda4-11ef-87d8-02a6845b4b32', 'terminal': 'my terminal'}
2024-12-19 08:59:50 - be.model.user - INFO - 尝试登录用户：buyer_7_46abceaa-bda4-11ef-87d8-02a6845b4b32，终端：my terminal
2024-12-19 08:59:50 - be.model.user - INFO - 为用户 buyer_7_46abceaa-bda4-11ef-87d8-02a6845b4b32 生成新token，终端：my terminal
2024-12-19 08:59:50 - be.model.user - INFO - 用户登录成功：buyer_7_46abceaa-bda4-11ef-87d8-02a6845b4b32
2024-12-19 08:59:50 - be.view.auth - INFO - 登录处理结果: 200
2024-12-19 08:59:50 - werkzeug - INFO - 127.0.0.1 - - [19/Dec/2024 08:59:50] "POST /auth/login HTTP/1.1" 200 -
2024-12-19 08:59:50 - be.view.auth - INFO - 收到登录请求: {'user_id': 'buyer_2_46abceaa-bda4-11ef-87d8-02a6845b4b32', 'password': 'buyer_seller_2_46abceaa-bda4-11ef-87d8-02a6845b4b32', 'terminal': 'my terminal'}
2024-12-19 08:59:50 - be.model.user - INFO - 尝试登录用户：buyer_2_46abceaa-bda4-11ef-87d8-02a6845b4b32，终端：my terminal
2024-12-19 08:59:50 - be.model.user - INFO - 为用户 buyer_2_46abceaa-bda4-11ef-87d8-02a6845b4b32 生成新token，终端：my terminal
2024-12-19 08:59:50 - be.model.user - INFO - 用户登录成功：buyer_2_46abceaa-bda4-11ef-87d8-02a6845b4b32
2024-12-19 08:59:50 - be.view.auth - INFO - 登录处理结果: 200
2024-12-19 08:59:50 - werkzeug - INFO - 127.0.0.1 - - [19/Dec/2024 08:59:50] "POST /auth/login HTTP/1.1" 200 -
2024-12-19 08:59:50 - be.view.auth - INFO - 收到登录请求: {'user_id': 'buyer_4_46abceaa-bda4-11ef-87d8-02a6845b4b32', 'password': 'buyer_seller_4_46abceaa-bda4-11ef-87d8-02a6845b4b32', 'terminal': 'my terminal'}
2024-12-19 08:59:50 - be.model.user - INFO - 尝试登录用户：buyer_4_46abceaa-bda4-11ef-87d8-02a6845b4b32，终端：my terminal
2024-12-19 08:59:50 - be.model.user - INFO - 为用户 buyer_4_46abceaa-bda4-11ef-87d8-02a6845b4b32 生成新token，终端：my terminal
2024-12-19 08:59:50 - be.model.user - INFO - 用户登录成功：buyer_4_46abceaa-bda4-11ef-87d8-02a6845b4b32
2024-12-19 08:59:50 - be.view.auth - INFO - 登录处理结果: 200
2024-12-19 08:59:50 - werkzeug - INFO - 127.0.0.1 - - [19/Dec/2024 08:59:50] "POST /auth/login HTTP/1.1" 200 -
2024-12-19 08:59:50 - be.view.auth - INFO - 收到登录请求: {'user_id': 'buyer_6_46abceaa-bda4-11ef-87d8-02a6845b4b32', 'password': 'buyer_seller_6_46abceaa-bda4-11ef-87d8-02a6845b4b32', 'terminal': 'my terminal'}
2024-12-19 08:59:50 - be.model.user - INFO - 尝试登录用户：buyer_6_46abceaa-bda4-11ef-87d8-02a6845b4b32，终端：my terminal
2024-12-19 08:59:50 - be.model.user - INFO - 为用户 buyer_6_46abceaa-bda4-11ef-87d8-02a6845b4b32 生成新token，终端：my terminal
2024-12-19 08:59:50 - be.model.user - INFO - 用户登录成功：buyer_6_46abceaa-bda4-11ef-87d8-02a6845b4b32
2024-12-19 08:59:50 - be.view.auth - INFO - 登录处理结果: 200
2024-12-19 08:59:50 - werkzeug - INFO - 127.0.0.1 - - [19/Dec/2024 08:59:50] "POST /auth/login HTTP/1.1" 200 -
2024-12-19 08:59:51 - be.view.auth - INFO - 收到登录请求: {'user_id': 'buyer_1_46abceaa-bda4-11ef-87d8-02a6845b4b32', 'password': 'buyer_seller_1_46abceaa-bda4-11ef-87d8-02a6845b4b32', 'terminal': 'my terminal'}
2024-12-19 08:59:51 - be.model.user - INFO - 尝试登录用户：buyer_1_46abceaa-bda4-11ef-87d8-02a6845b4b32，终端：my terminal
2024-12-19 08:59:51 - be.model.user - INFO - 为用户 buyer_1_46abceaa-bda4-11ef-87d8-02a6845b4b32 生成新token，终端：my terminal
2024-12-19 08:59:51 - be.model.user - INFO - 用户登录成功：buyer_1_46abceaa-bda4-11ef-87d8-02a6845b4b32
2024-12-19 08:59:51 - be.view.auth - INFO - 登录处理结果: 200
2024-12-19 08:59:51 - werkzeug - INFO - 127.0.0.1 - - [19/Dec/2024 08:59:51] "POST /auth/login HTTP/1.1" 200 -
2024-12-19 08:59:51 - be.view.auth - INFO - 收到登录请求: {'user_id': 'buyer_10_46abceaa-bda4-11ef-87d8-02a6845b4b32', 'password': 'buyer_seller_10_46abceaa-bda4-11ef-87d8-02a6845b4b32', 'terminal': 'my terminal'}
2024-12-19 08:59:51 - be.model.user - INFO - 尝试登录用户：buyer_10_46abceaa-bda4-11ef-87d8-02a6845b4b32，终端：my terminal
2024-12-19 08:59:51 - be.model.user - INFO - 为用户 buyer_10_46abceaa-bda4-11ef-87d8-02a6845b4b32 生成新token，终端：my terminal
2024-12-19 08:59:51 - be.model.user - INFO - 用户登录成功：buyer_10_46abceaa-bda4-11ef-87d8-02a6845b4b32
2024-12-19 08:59:51 - be.view.auth - INFO - 登录处理结果: 200
2024-12-19 08:59:51 - werkzeug - INFO - 127.0.0.1 - - [19/Dec/2024 08:59:51] "POST /auth/login HTTP/1.1" 200 -
2024-12-19 08:59:51 - be.view.auth - INFO - 收到登录请求: {'user_id': 'buyer_7_46abceaa-bda4-11ef-87d8-02a6845b4b32', 'password': 'buyer_seller_7_46abceaa-bda4-11ef-87d8-02a6845b4b32', 'terminal': 'my terminal'}
2024-12-19 08:59:51 - be.model.user - INFO - 尝试登录用户：buyer_7_46abceaa-bda4-11ef-87d8-02a6845b4b32，终端：my terminal
2024-12-19 08:59:51 - be.model.user - INFO - 为用户 buyer_7_46abceaa-bda4-11ef-87d8-02a6845b4b32 生成新token，终端：my terminal
2024-12-19 08:59:51 - be.model.user - INFO - 用户登录成功：buyer_7_46abceaa-bda4-11ef-87d8-02a6845b4b32
2024-12-19 08:59:51 - be.view.auth - INFO - 登录处理结果: 200
2024-12-19 08:59:51 - werkzeug - INFO - 127.0.0.1 - - [19/Dec/2024 08:59:51] "POST /auth/login HTTP/1.1" 200 -
2024-12-19 08:59:51 - be.view.auth - INFO - 收到登录请求: {'user_id': 'buyer_3_46abceaa-bda4-11ef-87d8-02a6845b4b32', 'password': 'buyer_seller_3_46abceaa-bda4-11ef-87d8-02a6845b4b32', 'terminal': 'my terminal'}
2024-12-19 08:59:51 - be.model.user - INFO - 尝试登录用户：buyer_3_46abceaa-bda4-11ef-87d8-02a6845b4b32，终端：my terminal
2024-12-19 08:59:51 - be.model.user - INFO - 为用户 buyer_3_46abceaa-bda4-11ef-87d8-02a6845b4b32 生成新token，终端：my terminal
2024-12-19 08:59:51 - be.model.user - INFO - 用户登录成功：buyer_3_46abceaa-bda4-11ef-87d8-02a6845b4b32
2024-12-19 08:59:51 - be.view.auth - INFO - 登录处理结果: 200
2024-12-19 08:59:51 - werkzeug - INFO - 127.0.0.1 - - [19/Dec/2024 08:59:51] "POST /auth/login HTTP/1.1" 200 -
2024-12-19 08:59:51 - be.view.auth - INFO - 收到登录请求: {'user_id': 'buyer_2_46abceaa-bda4-11ef-87d8-02a6845b4b32', 'password': 'buyer_seller_2_46abceaa-bda4-11ef-87d8-02a6845b4b32', 'terminal': 'my terminal'}
2024-12-19 08:59:51 - be.model.user - INFO - 尝试登录用户：buyer_2_46abceaa-bda4-11ef-87d8-02a6845b4b32，终端：my terminal
2024-12-19 08:59:52 - be.model.user - INFO - 为用户 buyer_2_46abceaa-bda4-11ef-87d8-02a6845b4b32 生成新token，终端：my terminal
2024-12-19 08:59:52 - be.model.user - INFO - 用户登录成功：buyer_2_46abceaa-bda4-11ef-87d8-02a6845b4b32
2024-12-19 08:59:52 - be.view.auth - INFO - 登录处理结果: 200
2024-12-19 08:59:52 - werkzeug - INFO - 127.0.0.1 - - [19/Dec/2024 08:59:52] "POST /auth/login HTTP/1.1" 200 -
2024-12-19 08:59:52 - be.view.auth - INFO - 收到登录请求: {'user_id': 'buyer_8_46abceaa-bda4-11ef-87d8-02a6845b4b32', 'password': 'buyer_seller_8_46abceaa-bda4-11ef-87d8-02a6845b4b32', 'terminal': 'my terminal'}
2024-12-19 08:59:52 - be.model.user - INFO - 尝试登录用户：buyer_8_46abceaa-bda4-11ef-87d8-02a6845b4b32，终端：my terminal
2024-12-19 08:59:52 - be.model.user - INFO - 为用户 buyer_8_46abceaa-bda4-11ef-87d8-02a6845b4b32 生成新token，终端：my terminal
2024-12-19 08:59:52 - be.model.user - INFO - 用户登录成功：buyer_8_46abceaa-bda4-11ef-87d8-02a6845b4b32
2024-12-19 08:59:52 - be.view.auth - INFO - 登录处理结果: 200
2024-12-19 08:59:52 - werkzeug - INFO - 127.0.0.1 - - [19/Dec/2024 08:59:52] "POST /auth/login HTTP/1.1" 200 -
2024-12-19 08:59:52 - be.view.auth - INFO - 收到登录请求: {'user_id': 'buyer_10_46abceaa-bda4-11ef-87d8-02a6845b4b32', 'password': 'buyer_seller_10_46abceaa-bda4-11ef-87d8-02a6845b4b32', 'terminal': 'my terminal'}
2024-12-19 08:59:52 - be.model.user - INFO - 尝试登录用户：buyer_10_46abceaa-bda4-11ef-87d8-02a6845b4b32，终端：my terminal
2024-12-19 08:59:52 - be.model.user - INFO - 为用户 buyer_10_46abceaa-bda4-11ef-87d8-02a6845b4b32 生成新token，终端：my terminal
2024-12-19 08:59:52 - be.model.user - INFO - 用户登录成功：buyer_10_46abceaa-bda4-11ef-87d8-02a6845b4b32
2024-12-19 08:59:52 - be.view.auth - INFO - 登录处理结果: 200
2024-12-19 08:59:52 - werkzeug - INFO - 127.0.0.1 - - [19/Dec/2024 08:59:52] "POST /auth/login HTTP/1.1" 200 -
2024-12-19 08:59:52 - be.view.auth - INFO - 收到登录请求: {'user_id': 'buyer_7_46abceaa-bda4-11ef-87d8-02a6845b4b32', 'password': 'buyer_seller_7_46abceaa-bda4-11ef-87d8-02a6845b4b32', 'terminal': 'my terminal'}
2024-12-19 08:59:52 - be.model.user - INFO - 尝试登录用户：buyer_7_46abceaa-bda4-11ef-87d8-02a6845b4b32，终端：my terminal
2024-12-19 08:59:52 - be.model.user - INFO - 为用户 buyer_7_46abceaa-bda4-11ef-87d8-02a6845b4b32 生成新token，终端：my terminal
2024-12-19 08:59:52 - be.model.user - INFO - 用户登录成功：buyer_7_46abceaa-bda4-11ef-87d8-02a6845b4b32
2024-12-19 08:59:52 - be.view.auth - INFO - 登录处理结果: 200
2024-12-19 08:59:52 - werkzeug - INFO - 127.0.0.1 - - [19/Dec/2024 08:59:52] "POST /auth/login HTTP/1.1" 200 -
2024-12-19 08:59:52 - be.view.auth - INFO - 收到登录请求: {'user_id': 'buyer_7_46abceaa-bda4-11ef-87d8-02a6845b4b32', 'password': 'buyer_seller_7_46abceaa-bda4-11ef-87d8-02a6845b4b32', 'terminal': 'my terminal'}
2024-12-19 08:59:52 - be.model.user - INFO - 尝试登录用户：buyer_7_46abceaa-bda4-11ef-87d8-02a6845b4b32，终端：my terminal
2024-12-19 08:59:52 - be.model.user - INFO - 为用户 buyer_7_46abceaa-bda4-11ef-87d8-02a6845b4b32 生成新token，终端：my terminal
2024-12-19 08:59:52 - be.model.user - INFO - 用户登录成功：buyer_7_46abceaa-bda4-11ef-87d8-02a6845b4b32
2024-12-19 08:59:53 - be.view.auth - INFO - 登录处理结果: 200
2024-12-19 08:59:53 - werkzeug - INFO - 127.0.0.1 - - [19/Dec/2024 08:59:53] "POST /auth/login HTTP/1.1" 200 -
2024-12-19 08:59:53 - be.view.auth - INFO - 收到登录请求: {'user_id': 'buyer_7_46abceaa-bda4-11ef-87d8-02a6845b4b32', 'password': 'buyer_seller_7_46abceaa-bda4-11ef-87d8-02a6845b4b32', 'terminal': 'my terminal'}
2024-12-19 08:59:53 - be.model.user - INFO - 尝试登录用户：buyer_7_46abceaa-bda4-11ef-87d8-02a6845b4b32，终端：my terminal
2024-12-19 08:59:53 - be.model.user - INFO - 为用户 buyer_7_46abceaa-bda4-11ef-87d8-02a6845b4b32 生成新token，终端：my terminal
2024-12-19 08:59:53 - be.model.user - INFO - 用户登录成功：buyer_7_46abceaa-bda4-11ef-87d8-02a6845b4b32
2024-12-19 08:59:53 - be.view.auth - INFO - 登录处理结果: 200
2024-12-19 08:59:53 - werkzeug - INFO - 127.0.0.1 - - [19/Dec/2024 08:59:53] "POST /auth/login HTTP/1.1" 200 -
2024-12-19 08:59:53 - be.view.auth - INFO - 收到登录请求: {'user_id': 'buyer_7_46abceaa-bda4-11ef-87d8-02a6845b4b32', 'password': 'buyer_seller_7_46abceaa-bda4-11ef-87d8-02a6845b4b32', 'terminal': 'my terminal'}
2024-12-19 08:59:53 - be.model.user - INFO - 尝试登录用户：buyer_7_46abceaa-bda4-11ef-87d8-02a6845b4b32，终端：my terminal
2024-12-19 08:59:53 - be.model.user - INFO - 为用户 buyer_7_46abceaa-bda4-11ef-87d8-02a6845b4b32 生成新token，终端：my terminal
2024-12-19 08:59:53 - be.model.user - INFO - 用户登录成功：buyer_7_46abceaa-bda4-11ef-87d8-02a6845b4b32
2024-12-19 08:59:53 - be.view.auth - INFO - 登录处理结果: 200
2024-12-19 08:59:53 - werkzeug - INFO - 127.0.0.1 - - [19/Dec/2024 08:59:53] "POST /auth/login HTTP/1.1" 200 -
2024-12-19 08:59:53 - be.view.auth - INFO - 收到登录请求: {'user_id': 'buyer_4_46abceaa-bda4-11ef-87d8-02a6845b4b32', 'password': 'buyer_seller_4_46abceaa-bda4-11ef-87d8-02a6845b4b32', 'terminal': 'my terminal'}
2024-12-19 08:59:53 - be.model.user - INFO - 尝试登录用户：buyer_4_46abceaa-bda4-11ef-87d8-02a6845b4b32，终端：my terminal
2024-12-19 08:59:53 - be.model.user - INFO - 为用户 buyer_4_46abceaa-bda4-11ef-87d8-02a6845b4b32 生成新token，终端：my terminal
2024-12-19 08:59:53 - be.model.user - INFO - 用户登录成功：buyer_4_46abceaa-bda4-11ef-87d8-02a6845b4b32
2024-12-19 08:59:53 - be.view.auth - INFO - 登录处理结果: 200
2024-12-19 08:59:53 - werkzeug - INFO - 127.0.0.1 - - [19/Dec/2024 08:59:53] "POST /auth/login HTTP/1.1" 200 -
2024-12-19 08:59:53 - be.view.auth - INFO - 收到登录请求: {'user_id': 'buyer_4_46abceaa-bda4-11ef-87d8-02a6845b4b32', 'password': 'buyer_seller_4_46abceaa-bda4-11ef-87d8-02a6845b4b32', 'terminal': 'my terminal'}
2024-12-19 08:59:53 - be.model.user - INFO - 尝试登录用户：buyer_4_46abceaa-bda4-11ef-87d8-02a6845b4b32，终端：my terminal
2024-12-19 08:59:53 - be.model.user - INFO - 为用户 buyer_4_46abceaa-bda4-11ef-87d8-02a6845b4b32 生成新token，终端：my terminal
2024-12-19 08:59:53 - be.model.user - INFO - 用户登录成功：buyer_4_46abceaa-bda4-11ef-87d8-02a6845b4b32
2024-12-19 08:59:53 - be.view.auth - INFO - 登录处理结果: 200
2024-12-19 08:59:53 - werkzeug - INFO - 127.0.0.1 - - [19/Dec/2024 08:59:53] "POST /auth/login HTTP/1.1" 200 -
2024-12-19 08:59:53 - be.view.auth - INFO - 收到登录请求: {'user_id': 'buyer_4_46abceaa-bda4-11ef-87d8-02a6845b4b32', 'password': 'buyer_seller_4_46abceaa-bda4-11ef-87d8-02a6845b4b32', 'terminal': 'my terminal'}
2024-12-19 08:59:53 - be.model.user - INFO - 尝试登录用户：buyer_4_46abceaa-bda4-11ef-87d8-02a6845b4b32，终端：my terminal
2024-12-19 08:59:54 - be.model.user - INFO - 为用户 buyer_4_46abceaa-bda4-11ef-87d8-02a6845b4b32 生成新token，终端：my terminal
2024-12-19 08:59:54 - be.model.user - INFO - 用户登录成功：buyer_4_46abceaa-bda4-11ef-87d8-02a6845b4b32
2024-12-19 08:59:54 - be.view.auth - INFO - 登录处理结果: 200
2024-12-19 08:59:54 - werkzeug - INFO - 127.0.0.1 - - [19/Dec/2024 08:59:54] "POST /auth/login HTTP/1.1" 200 -
2024-12-19 08:59:54 - be.view.auth - INFO - 收到登录请求: {'user_id': 'buyer_5_46abceaa-bda4-11ef-87d8-02a6845b4b32', 'password': 'buyer_seller_5_46abceaa-bda4-11ef-87d8-02a6845b4b32', 'terminal': 'my terminal'}
2024-12-19 08:59:54 - be.model.user - INFO - 尝试登录用户：buyer_5_46abceaa-bda4-11ef-87d8-02a6845b4b32，终端：my terminal
2024-12-19 08:59:54 - be.model.user - INFO - 为用户 buyer_5_46abceaa-bda4-11ef-87d8-02a6845b4b32 生成新token，终端：my terminal
2024-12-19 08:59:54 - be.model.user - INFO - 用户登录成功：buyer_5_46abceaa-bda4-11ef-87d8-02a6845b4b32
2024-12-19 08:59:54 - be.view.auth - INFO - 登录处理结果: 200
2024-12-19 08:59:54 - werkzeug - INFO - 127.0.0.1 - - [19/Dec/2024 08:59:54] "POST /auth/login HTTP/1.1" 200 -
2024-12-19 08:59:54 - be.view.auth - INFO - 收到登录请求: {'user_id': 'buyer_3_46abceaa-bda4-11ef-87d8-02a6845b4b32', 'password': 'buyer_seller_3_46abceaa-bda4-11ef-87d8-02a6845b4b32', 'terminal': 'my terminal'}
2024-12-19 08:59:54 - be.model.user - INFO - 尝试登录用户：buyer_3_46abceaa-bda4-11ef-87d8-02a6845b4b32，终端：my terminal
2024-12-19 08:59:54 - be.model.user - INFO - 为用户 buyer_3_46abceaa-bda4-11ef-87d8-02a6845b4b32 生成新token，终端：my terminal
2024-12-19 08:59:54 - be.model.user - INFO - 用户登录成功：buyer_3_46abceaa-bda4-11ef-87d8-02a6845b4b32
2024-12-19 08:59:54 - be.view.auth - INFO - 登录处理结果: 200
2024-12-19 08:59:54 - werkzeug - INFO - 127.0.0.1 - - [19/Dec/2024 08:59:54] "POST /auth/login HTTP/1.1" 200 -
2024-12-19 08:59:54 - be.view.auth - INFO - 收到登录请求: {'user_id': 'buyer_10_46abceaa-bda4-11ef-87d8-02a6845b4b32', 'password': 'buyer_seller_10_46abceaa-bda4-11ef-87d8-02a6845b4b32', 'terminal': 'my terminal'}
2024-12-19 08:59:54 - be.model.user - INFO - 尝试登录用户：buyer_10_46abceaa-bda4-11ef-87d8-02a6845b4b32，终端：my terminal
2024-12-19 08:59:54 - be.model.user - INFO - 为用户 buyer_10_46abceaa-bda4-11ef-87d8-02a6845b4b32 生成新token，终端：my terminal
2024-12-19 08:59:54 - be.model.user - INFO - 用户登录成功：buyer_10_46abceaa-bda4-11ef-87d8-02a6845b4b32
2024-12-19 08:59:54 - be.view.auth - INFO - 登录处理结果: 200
2024-12-19 08:59:54 - werkzeug - INFO - 127.0.0.1 - - [19/Dec/2024 08:59:54] "POST /auth/login HTTP/1.1" 200 -
2024-12-19 08:59:54 - be.view.auth - INFO - 收到登录请求: {'user_id': 'buyer_9_46abceaa-bda4-11ef-87d8-02a6845b4b32', 'password': 'buyer_seller_9_46abceaa-bda4-11ef-87d8-02a6845b4b32', 'terminal': 'my terminal'}
2024-12-19 08:59:54 - be.model.user - INFO - 尝试登录用户：buyer_9_46abceaa-bda4-11ef-87d8-02a6845b4b32，终端：my terminal
2024-12-19 08:59:54 - be.model.user - INFO - 为用户 buyer_9_46abceaa-bda4-11ef-87d8-02a6845b4b32 生成新token，终端：my terminal
2024-12-19 08:59:54 - be.model.user - INFO - 用户登录成功：buyer_9_46abceaa-bda4-11ef-87d8-02a6845b4b32
2024-12-19 08:59:55 - be.view.auth - INFO - 登录处理结果: 200
2024-12-19 08:59:55 - werkzeug - INFO - 127.0.0.1 - - [19/Dec/2024 08:59:55] "POST /auth/login HTTP/1.1" 200 -
2024-12-19 08:59:55 - be.view.auth - INFO - 收到登录请求: {'user_id': 'buyer_5_46abceaa-bda4-11ef-87d8-02a6845b4b32', 'password': 'buyer_seller_5_46abceaa-bda4-11ef-87d8-02a6845b4b32', 'terminal': 'my terminal'}
2024-12-19 08:59:55 - be.model.user - INFO - 尝试登录用户：buyer_5_46abceaa-bda4-11ef-87d8-02a6845b4b32，终端：my terminal
2024-12-19 08:59:55 - be.model.user - INFO - 为用户 buyer_5_46abceaa-bda4-11ef-87d8-02a6845b4b32 生成新token，终端：my terminal
2024-12-19 08:59:55 - be.model.user - INFO - 用户登录成功：buyer_5_46abceaa-bda4-11ef-87d8-02a6845b4b32
2024-12-19 08:59:55 - be.view.auth - INFO - 登录处理结果: 200
2024-12-19 08:59:55 - werkzeug - INFO - 127.0.0.1 - - [19/Dec/2024 08:59:55] "POST /auth/login HTTP/1.1" 200 -
2024-12-19 08:59:55 - be.view.auth - INFO - 收到登录请求: {'user_id': 'buyer_6_46abceaa-bda4-11ef-87d8-02a6845b4b32', 'password': 'buyer_seller_6_46abceaa-bda4-11ef-87d8-02a6845b4b32', 'terminal': 'my terminal'}
2024-12-19 08:59:55 - be.model.user - INFO - 尝试登录用户：buyer_6_46abceaa-bda4-11ef-87d8-02a6845b4b32，终端：my terminal
2024-12-19 08:59:55 - be.model.user - INFO - 为用户 buyer_6_46abceaa-bda4-11ef-87d8-02a6845b4b32 生成新token，终端：my terminal
2024-12-19 08:59:55 - be.model.user - INFO - 用户登录成功：buyer_6_46abceaa-bda4-11ef-87d8-02a6845b4b32
2024-12-19 08:59:55 - be.view.auth - INFO - 登录处理结果: 200
2024-12-19 08:59:55 - werkzeug - INFO - 127.0.0.1 - - [19/Dec/2024 08:59:55] "POST /auth/login HTTP/1.1" 200 -
2024-12-19 08:59:55 - be.view.auth - INFO - 收到登录请求: {'user_id': 'buyer_5_46abceaa-bda4-11ef-87d8-02a6845b4b32', 'password': 'buyer_seller_5_46abceaa-bda4-11ef-87d8-02a6845b4b32', 'terminal': 'my terminal'}
2024-12-19 08:59:55 - be.model.user - INFO - 尝试登录用户：buyer_5_46abceaa-bda4-11ef-87d8-02a6845b4b32，终端：my terminal
2024-12-19 08:59:55 - be.model.user - INFO - 为用户 buyer_5_46abceaa-bda4-11ef-87d8-02a6845b4b32 生成新token，终端：my terminal
2024-12-19 08:59:55 - be.model.user - INFO - 用户登录成功：buyer_5_46abceaa-bda4-11ef-87d8-02a6845b4b32
2024-12-19 08:59:55 - be.view.auth - INFO - 登录处理结果: 200
2024-12-19 08:59:55 - werkzeug - INFO - 127.0.0.1 - - [19/Dec/2024 08:59:55] "POST /auth/login HTTP/1.1" 200 -
2024-12-19 08:59:55 - be.view.auth - INFO - 收到登录请求: {'user_id': 'buyer_4_46abceaa-bda4-11ef-87d8-02a6845b4b32', 'password': 'buyer_seller_4_46abceaa-bda4-11ef-87d8-02a6845b4b32', 'terminal': 'my terminal'}
2024-12-19 08:59:55 - be.model.user - INFO - 尝试登录用户：buyer_4_46abceaa-bda4-11ef-87d8-02a6845b4b32，终端：my terminal
2024-12-19 08:59:55 - be.model.user - INFO - 为用户 buyer_4_46abceaa-bda4-11ef-87d8-02a6845b4b32 生成新token，终端：my terminal
2024-12-19 08:59:55 - be.model.user - INFO - 用户登录成功：buyer_4_46abceaa-bda4-11ef-87d8-02a6845b4b32
2024-12-19 08:59:55 - be.view.auth - INFO - 登录处理结果: 200
2024-12-19 08:59:55 - werkzeug - INFO - 127.0.0.1 - - [19/Dec/2024 08:59:55] "POST /auth/login HTTP/1.1" 200 -
2024-12-19 08:59:55 - be.view.auth - INFO - 收到登录请求: {'user_id': 'buyer_9_46abceaa-bda4-11ef-87d8-02a6845b4b32', 'password': 'buyer_seller_9_46abceaa-bda4-11ef-87d8-02a6845b4b32', 'terminal': 'my terminal'}
2024-12-19 08:59:55 - be.model.user - INFO - 尝试登录用户：buyer_9_46abceaa-bda4-11ef-87d8-02a6845b4b32，终端：my terminal
2024-12-19 08:59:56 - be.model.user - INFO - 为用户 buyer_9_46abceaa-bda4-11ef-87d8-02a6845b4b32 生成新token，终端：my terminal
2024-12-19 08:59:56 - be.model.user - INFO - 用户登录成功：buyer_9_46abceaa-bda4-11ef-87d8-02a6845b4b32
2024-12-19 08:59:56 - be.view.auth - INFO - 登录处理结果: 200
2024-12-19 08:59:56 - werkzeug - INFO - 127.0.0.1 - - [19/Dec/2024 08:59:56] "POST /auth/login HTTP/1.1" 200 -
2024-12-19 08:59:56 - be.view.auth - INFO - 收到登录请求: {'user_id': 'buyer_8_46abceaa-bda4-11ef-87d8-02a6845b4b32', 'password': 'buyer_seller_8_46abceaa-bda4-11ef-87d8-02a6845b4b32', 'terminal': 'my terminal'}
2024-12-19 08:59:56 - be.model.user - INFO - 尝试登录用户：buyer_8_46abceaa-bda4-11ef-87d8-02a6845b4b32，终端：my terminal
2024-12-19 08:59:56 - be.model.user - INFO - 为用户 buyer_8_46abceaa-bda4-11ef-87d8-02a6845b4b32 生成新token，终端：my terminal
2024-12-19 08:59:56 - be.model.user - INFO - 用户登录成功：buyer_8_46abceaa-bda4-11ef-87d8-02a6845b4b32
2024-12-19 08:59:56 - be.view.auth - INFO - 登录处理结果: 200
2024-12-19 08:59:56 - werkzeug - INFO - 127.0.0.1 - - [19/Dec/2024 08:59:56] "POST /auth/login HTTP/1.1" 200 -
2024-12-19 08:59:56 - be.view.auth - INFO - 收到登录请求: {'user_id': 'buyer_1_46abceaa-bda4-11ef-87d8-02a6845b4b32', 'password': 'buyer_seller_1_46abceaa-bda4-11ef-87d8-02a6845b4b32', 'terminal': 'my terminal'}
2024-12-19 08:59:56 - be.model.user - INFO - 尝试登录用户：buyer_1_46abceaa-bda4-11ef-87d8-02a6845b4b32，终端：my terminal
2024-12-19 08:59:56 - be.model.user - INFO - 为用户 buyer_1_46abceaa-bda4-11ef-87d8-02a6845b4b32 生成新token，终端：my terminal
2024-12-19 08:59:56 - be.model.user - INFO - 用户登录成功：buyer_1_46abceaa-bda4-11ef-87d8-02a6845b4b32
2024-12-19 08:59:56 - be.view.auth - INFO - 登录处理结果: 200
2024-12-19 08:59:56 - werkzeug - INFO - 127.0.0.1 - - [19/Dec/2024 08:59:56] "POST /auth/login HTTP/1.1" 200 -
2024-12-19 08:59:56 - be.view.auth - INFO - 收到登录请求: {'user_id': 'buyer_3_46abceaa-bda4-11ef-87d8-02a6845b4b32', 'password': 'buyer_seller_3_46abceaa-bda4-11ef-87d8-02a6845b4b32', 'terminal': 'my terminal'}
2024-12-19 08:59:56 - be.model.user - INFO - 尝试登录用户：buyer_3_46abceaa-bda4-11ef-87d8-02a6845b4b32，终端：my terminal
2024-12-19 08:59:56 - be.model.user - INFO - 为用户 buyer_3_46abceaa-bda4-11ef-87d8-02a6845b4b32 生成新token，终端：my terminal
2024-12-19 08:59:56 - be.model.user - INFO - 用户登录成功：buyer_3_46abceaa-bda4-11ef-87d8-02a6845b4b32
2024-12-19 08:59:56 - be.view.auth - INFO - 登录处理结果: 200
2024-12-19 08:59:56 - werkzeug - INFO - 127.0.0.1 - - [19/Dec/2024 08:59:56] "POST /auth/login HTTP/1.1" 200 -
2024-12-19 08:59:56 - be.view.auth - INFO - 收到登录请求: {'user_id': 'buyer_2_46abceaa-bda4-11ef-87d8-02a6845b4b32', 'password': 'buyer_seller_2_46abceaa-bda4-11ef-87d8-02a6845b4b32', 'terminal': 'my terminal'}
2024-12-19 08:59:56 - be.model.user - INFO - 尝试登录用户：buyer_2_46abceaa-bda4-11ef-87d8-02a6845b4b32，终端：my terminal
2024-12-19 08:59:57 - be.model.user - INFO - 为用户 buyer_2_46abceaa-bda4-11ef-87d8-02a6845b4b32 生成新token，终端：my terminal
2024-12-19 08:59:57 - be.model.user - INFO - 用户登录成功：buyer_2_46abceaa-bda4-11ef-87d8-02a6845b4b32
2024-12-19 08:59:57 - be.view.auth - INFO - 登录处理结果: 200
2024-12-19 08:59:57 - werkzeug - INFO - 127.0.0.1 - - [19/Dec/2024 08:59:57] "POST /auth/login HTTP/1.1" 200 -
2024-12-19 08:59:57 - be.view.auth - INFO - 收到登录请求: {'user_id': 'buyer_6_46abceaa-bda4-11ef-87d8-02a6845b4b32', 'password': 'buyer_seller_6_46abceaa-bda4-11ef-87d8-02a6845b4b32', 'terminal': 'my terminal'}
2024-12-19 08:59:57 - be.model.user - INFO - 尝试登录用户：buyer_6_46abceaa-bda4-11ef-87d8-02a6845b4b32，终端：my terminal
2024-12-19 08:59:57 - be.model.user - INFO - 为用户 buyer_6_46abceaa-bda4-11ef-87d8-02a6845b4b32 生成新token，终端：my terminal
2024-12-19 08:59:57 - be.model.user - INFO - 用户登录成功：buyer_6_46abceaa-bda4-11ef-87d8-02a6845b4b32
2024-12-19 08:59:57 - be.view.auth - INFO - 登录处理结果: 200
2024-12-19 08:59:57 - werkzeug - INFO - 127.0.0.1 - - [19/Dec/2024 08:59:57] "POST /auth/login HTTP/1.1" 200 -
2024-12-19 08:59:57 - be.view.auth - INFO - 收到登录请求: {'user_id': 'buyer_9_46abceaa-bda4-11ef-87d8-02a6845b4b32', 'password': 'buyer_seller_9_46abceaa-bda4-11ef-87d8-02a6845b4b32', 'terminal': 'my terminal'}
2024-12-19 08:59:57 - be.model.user - INFO - 尝试登录用户：buyer_9_46abceaa-bda4-11ef-87d8-02a6845b4b32，终端：my terminal
2024-12-19 08:59:57 - be.model.user - INFO - 为用户 buyer_9_46abceaa-bda4-11ef-87d8-02a6845b4b32 生成新token，终端：my terminal
2024-12-19 08:59:57 - be.model.user - INFO - 用户登录成功：buyer_9_46abceaa-bda4-11ef-87d8-02a6845b4b32
2024-12-19 08:59:57 - be.view.auth - INFO - 登录处理结果: 200
2024-12-19 08:59:57 - werkzeug - INFO - 127.0.0.1 - - [19/Dec/2024 08:59:57] "POST /auth/login HTTP/1.1" 200 -
2024-12-19 08:59:57 - be.view.auth - INFO - 收到登录请求: {'user_id': 'buyer_1_46abceaa-bda4-11ef-87d8-02a6845b4b32', 'password': 'buyer_seller_1_46abceaa-bda4-11ef-87d8-02a6845b4b32', 'terminal': 'my terminal'}
2024-12-19 08:59:57 - be.model.user - INFO - 尝试登录用户：buyer_1_46abceaa-bda4-11ef-87d8-02a6845b4b32，终端：my terminal
2024-12-19 08:59:57 - be.model.user - INFO - 为用户 buyer_1_46abceaa-bda4-11ef-87d8-02a6845b4b32 生成新token，终端：my terminal
2024-12-19 08:59:57 - be.model.user - INFO - 用户登录成功：buyer_1_46abceaa-bda4-11ef-87d8-02a6845b4b32
2024-12-19 08:59:57 - be.view.auth - INFO - 登录处理结果: 200
2024-12-19 08:59:57 - werkzeug - INFO - 127.0.0.1 - - [19/Dec/2024 08:59:57] "POST /auth/login HTTP/1.1" 200 -
2024-12-19 08:59:57 - be.view.auth - INFO - 收到登录请求: {'user_id': 'buyer_5_46abceaa-bda4-11ef-87d8-02a6845b4b32', 'password': 'buyer_seller_5_46abceaa-bda4-11ef-87d8-02a6845b4b32', 'terminal': 'my terminal'}
2024-12-19 08:59:57 - be.model.user - INFO - 尝试登录用户：buyer_5_46abceaa-bda4-11ef-87d8-02a6845b4b32，终端：my terminal
2024-12-19 08:59:57 - be.model.user - INFO - 为用户 buyer_5_46abceaa-bda4-11ef-87d8-02a6845b4b32 生成新token，终端：my terminal
2024-12-19 08:59:57 - be.model.user - INFO - 用户登录成功：buyer_5_46abceaa-bda4-11ef-87d8-02a6845b4b32
2024-12-19 08:59:58 - be.view.auth - INFO - 登录处理结果: 200
2024-12-19 08:59:58 - werkzeug - INFO - 127.0.0.1 - - [19/Dec/2024 08:59:58] "POST /auth/login HTTP/1.1" 200 -
2024-12-19 08:59:58 - be.view.auth - INFO - 收到登录请求: {'user_id': 'buyer_6_46abceaa-bda4-11ef-87d8-02a6845b4b32', 'password': 'buyer_seller_6_46abceaa-bda4-11ef-87d8-02a6845b4b32', 'terminal': 'my terminal'}
2024-12-19 08:59:58 - be.model.user - INFO - 尝试登录用户：buyer_6_46abceaa-bda4-11ef-87d8-02a6845b4b32，终端：my terminal
2024-12-19 08:59:58 - be.model.user - INFO - 为用户 buyer_6_46abceaa-bda4-11ef-87d8-02a6845b4b32 生成新token，终端：my terminal
2024-12-19 08:59:58 - be.model.user - INFO - 用户登录成功：buyer_6_46abceaa-bda4-11ef-87d8-02a6845b4b32
2024-12-19 08:59:58 - be.view.auth - INFO - 登录处理结果: 200
2024-12-19 08:59:58 - werkzeug - INFO - 127.0.0.1 - - [19/Dec/2024 08:59:58] "POST /auth/login HTTP/1.1" 200 -
2024-12-19 08:59:58 - be.view.auth - INFO - 收到登录请求: {'user_id': 'buyer_1_46abceaa-bda4-11ef-87d8-02a6845b4b32', 'password': 'buyer_seller_1_46abceaa-bda4-11ef-87d8-02a6845b4b32', 'terminal': 'my terminal'}
2024-12-19 08:59:58 - be.model.user - INFO - 尝试登录用户：buyer_1_46abceaa-bda4-11ef-87d8-02a6845b4b32，终端：my terminal
2024-12-19 08:59:58 - be.model.user - INFO - 为用户 buyer_1_46abceaa-bda4-11ef-87d8-02a6845b4b32 生成新token，终端：my terminal
2024-12-19 08:59:58 - be.model.user - INFO - 用户登录成功：buyer_1_46abceaa-bda4-11ef-87d8-02a6845b4b32
2024-12-19 08:59:58 - be.view.auth - INFO - 登录处理结果: 200
2024-12-19 08:59:58 - werkzeug - INFO - 127.0.0.1 - - [19/Dec/2024 08:59:58] "POST /auth/login HTTP/1.1" 200 -
2024-12-19 08:59:58 - be.view.auth - INFO - 收到登录请求: {'user_id': 'buyer_3_46abceaa-bda4-11ef-87d8-02a6845b4b32', 'password': 'buyer_seller_3_46abceaa-bda4-11ef-87d8-02a6845b4b32', 'terminal': 'my terminal'}
2024-12-19 08:59:58 - be.model.user - INFO - 尝试登录用户：buyer_3_46abceaa-bda4-11ef-87d8-02a6845b4b32，终端：my terminal
2024-12-19 08:59:58 - be.model.user - INFO - 为用户 buyer_3_46abceaa-bda4-11ef-87d8-02a6845b4b32 生成新token，终端：my terminal
2024-12-19 08:59:58 - be.model.user - INFO - 用户登录成功：buyer_3_46abceaa-bda4-11ef-87d8-02a6845b4b32
2024-12-19 08:59:58 - be.view.auth - INFO - 登录处理结果: 200
2024-12-19 08:59:58 - werkzeug - INFO - 127.0.0.1 - - [19/Dec/2024 08:59:58] "POST /auth/login HTTP/1.1" 200 -
2024-12-19 08:59:58 - be.view.auth - INFO - 收到登录请求: {'user_id': 'buyer_1_46abceaa-bda4-11ef-87d8-02a6845b4b32', 'password': 'buyer_seller_1_46abceaa-bda4-11ef-87d8-02a6845b4b32', 'terminal': 'my terminal'}
2024-12-19 08:59:58 - be.model.user - INFO - 尝试登录用户：buyer_1_46abceaa-bda4-11ef-87d8-02a6845b4b32，终端：my terminal
2024-12-19 08:59:58 - be.model.user - INFO - 为用户 buyer_1_46abceaa-bda4-11ef-87d8-02a6845b4b32 生成新token，终端：my terminal
2024-12-19 08:59:58 - be.model.user - INFO - 用户登录成功：buyer_1_46abceaa-bda4-11ef-87d8-02a6845b4b32
2024-12-19 08:59:59 - be.view.auth - INFO - 登录处理结果: 200
2024-12-19 08:59:59 - werkzeug - INFO - 127.0.0.1 - - [19/Dec/2024 08:59:59] "POST /auth/login HTTP/1.1" 200 -
2024-12-19 08:59:59 - be.view.auth - INFO - 收到登录请求: {'user_id': 'buyer_5_46abceaa-bda4-11ef-87d8-02a6845b4b32', 'password': 'buyer_seller_5_46abceaa-bda4-11ef-87d8-02a6845b4b32', 'terminal': 'my terminal'}
2024-12-19 08:59:59 - be.model.user - INFO - 尝试登录用户：buyer_5_46abceaa-bda4-11ef-87d8-02a6845b4b32，终端：my terminal
2024-12-19 08:59:59 - be.model.user - INFO - 为用户 buyer_5_46abceaa-bda4-11ef-87d8-02a6845b4b32 生成新token，终端：my terminal
2024-12-19 08:59:59 - be.model.user - INFO - 用户登录成功：buyer_5_46abceaa-bda4-11ef-87d8-02a6845b4b32
2024-12-19 08:59:59 - be.view.auth - INFO - 登录处理结果: 200
2024-12-19 08:59:59 - werkzeug - INFO - 127.0.0.1 - - [19/Dec/2024 08:59:59] "POST /auth/login HTTP/1.1" 200 -
2024-12-19 08:59:59 - be.view.auth - INFO - 收到登录请求: {'user_id': 'buyer_7_46abceaa-bda4-11ef-87d8-02a6845b4b32', 'password': 'buyer_seller_7_46abceaa-bda4-11ef-87d8-02a6845b4b32', 'terminal': 'my terminal'}
2024-12-19 08:59:59 - be.model.user - INFO - 尝试登录用户：buyer_7_46abceaa-bda4-11ef-87d8-02a6845b4b32，终端：my terminal
2024-12-19 08:59:59 - be.model.user - INFO - 为用户 buyer_7_46abceaa-bda4-11ef-87d8-02a6845b4b32 生成新token，终端：my terminal
2024-12-19 08:59:59 - be.model.user - INFO - 用户登录成功：buyer_7_46abceaa-bda4-11ef-87d8-02a6845b4b32
2024-12-19 08:59:59 - be.view.auth - INFO - 登录处理结果: 200
2024-12-19 08:59:59 - werkzeug - INFO - 127.0.0.1 - - [19/Dec/2024 08:59:59] "POST /auth/login HTTP/1.1" 200 -
2024-12-19 08:59:59 - be.view.auth - INFO - 收到登录请求: {'user_id': 'buyer_1_46abceaa-bda4-11ef-87d8-02a6845b4b32', 'password': 'buyer_seller_1_46abceaa-bda4-11ef-87d8-02a6845b4b32', 'terminal': 'my terminal'}
2024-12-19 08:59:59 - be.model.user - INFO - 尝试登录用户：buyer_1_46abceaa-bda4-11ef-87d8-02a6845b4b32，终端：my terminal
2024-12-19 08:59:59 - be.model.user - INFO - 为用户 buyer_1_46abceaa-bda4-11ef-87d8-02a6845b4b32 生成新token，终端：my terminal
2024-12-19 08:59:59 - be.model.user - INFO - 用户登录成功：buyer_1_46abceaa-bda4-11ef-87d8-02a6845b4b32
2024-12-19 08:59:59 - be.view.auth - INFO - 登录处理结果: 200
2024-12-19 08:59:59 - werkzeug - INFO - 127.0.0.1 - - [19/Dec/2024 08:59:59] "POST /auth/login HTTP/1.1" 200 -
2024-12-19 08:59:59 - be.view.auth - INFO - 收到登录请求: {'user_id': 'buyer_2_46abceaa-bda4-11ef-87d8-02a6845b4b32', 'password': 'buyer_seller_2_46abceaa-bda4-11ef-87d8-02a6845b4b32', 'terminal': 'my terminal'}
2024-12-19 08:59:59 - be.model.user - INFO - 尝试登录用户：buyer_2_46abceaa-bda4-11ef-87d8-02a6845b4b32，终端：my terminal
2024-12-19 08:59:59 - be.model.user - INFO - 为用户 buyer_2_46abceaa-bda4-11ef-87d8-02a6845b4b32 生成新token，终端：my terminal
2024-12-19 08:59:59 - be.model.user - INFO - 用户登录成功：buyer_2_46abceaa-bda4-11ef-87d8-02a6845b4b32
2024-12-19 08:59:59 - be.view.auth - INFO - 登录处理结果: 200
2024-12-19 08:59:59 - werkzeug - INFO - 127.0.0.1 - - [19/Dec/2024 08:59:59] "POST /auth/login HTTP/1.1" 200 -
2024-12-19 08:59:59 - be.view.auth - INFO - 收到登录请求: {'user_id': 'buyer_2_46abceaa-bda4-11ef-87d8-02a6845b4b32', 'password': 'buyer_seller_2_46abceaa-bda4-11ef-87d8-02a6845b4b32', 'terminal': 'my terminal'}
2024-12-19 08:59:59 - be.model.user - INFO - 尝试登录用户：buyer_2_46abceaa-bda4-11ef-87d8-02a6845b4b32，终端：my terminal
2024-12-19 09:00:00 - be.model.user - INFO - 为用户 buyer_2_46abceaa-bda4-11ef-87d8-02a6845b4b32 生成新token，终端：my terminal
2024-12-19 09:00:00 - be.model.user - INFO - 用户登录成功：buyer_2_46abceaa-bda4-11ef-87d8-02a6845b4b32
2024-12-19 09:00:00 - be.view.auth - INFO - 登录处理结果: 200
2024-12-19 09:00:00 - werkzeug - INFO - 127.0.0.1 - - [19/Dec/2024 09:00:00] "POST /auth/login HTTP/1.1" 200 -
2024-12-19 09:00:00 - be.view.auth - INFO - 收到登录请求: {'user_id': 'buyer_6_46abceaa-bda4-11ef-87d8-02a6845b4b32', 'password': 'buyer_seller_6_46abceaa-bda4-11ef-87d8-02a6845b4b32', 'terminal': 'my terminal'}
2024-12-19 09:00:00 - be.model.user - INFO - 尝试登录用户：buyer_6_46abceaa-bda4-11ef-87d8-02a6845b4b32，终端：my terminal
2024-12-19 09:00:00 - be.model.user - INFO - 为用户 buyer_6_46abceaa-bda4-11ef-87d8-02a6845b4b32 生成新token，终端：my terminal
2024-12-19 09:00:00 - be.model.user - INFO - 用户登录成功：buyer_6_46abceaa-bda4-11ef-87d8-02a6845b4b32
2024-12-19 09:00:00 - be.view.auth - INFO - 登录处理结果: 200
2024-12-19 09:00:00 - werkzeug - INFO - 127.0.0.1 - - [19/Dec/2024 09:00:00] "POST /auth/login HTTP/1.1" 200 -
2024-12-19 09:00:00 - be.view.auth - INFO - 收到登录请求: {'user_id': 'buyer_2_46abceaa-bda4-11ef-87d8-02a6845b4b32', 'password': 'buyer_seller_2_46abceaa-bda4-11ef-87d8-02a6845b4b32', 'terminal': 'my terminal'}
2024-12-19 09:00:00 - be.model.user - INFO - 尝试登录用户：buyer_2_46abceaa-bda4-11ef-87d8-02a6845b4b32，终端：my terminal
2024-12-19 09:00:00 - be.model.user - INFO - 为用户 buyer_2_46abceaa-bda4-11ef-87d8-02a6845b4b32 生成新token，终端：my terminal
2024-12-19 09:00:00 - be.model.user - INFO - 用户登录成功：buyer_2_46abceaa-bda4-11ef-87d8-02a6845b4b32
2024-12-19 09:00:00 - be.view.auth - INFO - 登录处理结果: 200
2024-12-19 09:00:00 - werkzeug - INFO - 127.0.0.1 - - [19/Dec/2024 09:00:00] "POST /auth/login HTTP/1.1" 200 -
2024-12-19 09:00:00 - be.view.auth - INFO - 收到登录请求: {'user_id': 'buyer_5_46abceaa-bda4-11ef-87d8-02a6845b4b32', 'password': 'buyer_seller_5_46abceaa-bda4-11ef-87d8-02a6845b4b32', 'terminal': 'my terminal'}
2024-12-19 09:00:00 - be.model.user - INFO - 尝试登录用户：buyer_5_46abceaa-bda4-11ef-87d8-02a6845b4b32，终端：my terminal
2024-12-19 09:00:00 - be.model.user - INFO - 为用户 buyer_5_46abceaa-bda4-11ef-87d8-02a6845b4b32 生成新token，终端：my terminal
2024-12-19 09:00:00 - be.model.user - INFO - 用户登录成功：buyer_5_46abceaa-bda4-11ef-87d8-02a6845b4b32
2024-12-19 09:00:00 - be.view.auth - INFO - 登录处理结果: 200
2024-12-19 09:00:00 - werkzeug - INFO - 127.0.0.1 - - [19/Dec/2024 09:00:00] "POST /auth/login HTTP/1.1" 200 -
2024-12-19 09:00:00 - be.view.auth - INFO - 收到登录请求: {'user_id': 'buyer_2_46abceaa-bda4-11ef-87d8-02a6845b4b32', 'password': 'buyer_seller_2_46abceaa-bda4-11ef-87d8-02a6845b4b32', 'terminal': 'my terminal'}
2024-12-19 09:00:00 - be.model.user - INFO - 尝试登录用户：buyer_2_46abceaa-bda4-11ef-87d8-02a6845b4b32，终端：my terminal
2024-12-19 09:00:00 - be.model.user - INFO - 为用户 buyer_2_46abceaa-bda4-11ef-87d8-02a6845b4b32 生成新token，终端：my terminal
2024-12-19 09:00:00 - be.model.user - INFO - 用户登录成功：buyer_2_46abceaa-bda4-11ef-87d8-02a6845b4b32
2024-12-19 09:00:01 - be.view.auth - INFO - 登录处理结果: 200
2024-12-19 09:00:01 - werkzeug - INFO - 127.0.0.1 - - [19/Dec/2024 09:00:01] "POST /auth/login HTTP/1.1" 200 -
2024-12-19 09:00:01 - be.view.auth - INFO - 收到登录请求: {'user_id': 'buyer_3_46abceaa-bda4-11ef-87d8-02a6845b4b32', 'password': 'buyer_seller_3_46abceaa-bda4-11ef-87d8-02a6845b4b32', 'terminal': 'my terminal'}
2024-12-19 09:00:01 - be.model.user - INFO - 尝试登录用户：buyer_3_46abceaa-bda4-11ef-87d8-02a6845b4b32，终端：my terminal
2024-12-19 09:00:01 - be.model.user - INFO - 为用户 buyer_3_46abceaa-bda4-11ef-87d8-02a6845b4b32 生成新token，终端：my terminal
2024-12-19 09:00:01 - be.model.user - INFO - 用户登录成功：buyer_3_46abceaa-bda4-11ef-87d8-02a6845b4b32
2024-12-19 09:00:01 - be.view.auth - INFO - 登录处理结果: 200
2024-12-19 09:00:01 - werkzeug - INFO - 127.0.0.1 - - [19/Dec/2024 09:00:01] "POST /auth/login HTTP/1.1" 200 -
2024-12-19 09:00:01 - be.view.auth - INFO - 收到登录请求: {'user_id': 'buyer_2_46abceaa-bda4-11ef-87d8-02a6845b4b32', 'password': 'buyer_seller_2_46abceaa-bda4-11ef-87d8-02a6845b4b32', 'terminal': 'my terminal'}
2024-12-19 09:00:01 - be.model.user - INFO - 尝试登录用户：buyer_2_46abceaa-bda4-11ef-87d8-02a6845b4b32，终端：my terminal
2024-12-19 09:00:01 - be.model.user - INFO - 为用户 buyer_2_46abceaa-bda4-11ef-87d8-02a6845b4b32 生成新token，终端：my terminal
2024-12-19 09:00:01 - be.model.user - INFO - 用户登录成功：buyer_2_46abceaa-bda4-11ef-87d8-02a6845b4b32
2024-12-19 09:00:01 - be.view.auth - INFO - 登录处理结果: 200
2024-12-19 09:00:01 - werkzeug - INFO - 127.0.0.1 - - [19/Dec/2024 09:00:01] "POST /auth/login HTTP/1.1" 200 -
2024-12-19 09:00:01 - be.view.auth - INFO - 收到登录请求: {'user_id': 'buyer_3_46abceaa-bda4-11ef-87d8-02a6845b4b32', 'password': 'buyer_seller_3_46abceaa-bda4-11ef-87d8-02a6845b4b32', 'terminal': 'my terminal'}
2024-12-19 09:00:01 - be.model.user - INFO - 尝试登录用户：buyer_3_46abceaa-bda4-11ef-87d8-02a6845b4b32，终端：my terminal
2024-12-19 09:00:01 - be.model.user - INFO - 为用户 buyer_3_46abceaa-bda4-11ef-87d8-02a6845b4b32 生成新token，终端：my terminal
2024-12-19 09:00:01 - be.model.user - INFO - 用户登录成功：buyer_3_46abceaa-bda4-11ef-87d8-02a6845b4b32
2024-12-19 09:00:01 - be.view.auth - INFO - 登录处理结果: 200
2024-12-19 09:00:01 - werkzeug - INFO - 127.0.0.1 - - [19/Dec/2024 09:00:01] "POST /auth/login HTTP/1.1" 200 -
2024-12-19 09:00:01 - be.view.auth - INFO - 收到登录请求: {'user_id': 'buyer_3_46abceaa-bda4-11ef-87d8-02a6845b4b32', 'password': 'buyer_seller_3_46abceaa-bda4-11ef-87d8-02a6845b4b32', 'terminal': 'my terminal'}
2024-12-19 09:00:01 - be.model.user - INFO - 尝试登录用户：buyer_3_46abceaa-bda4-11ef-87d8-02a6845b4b32，终端：my terminal
2024-12-19 09:00:01 - be.model.user - INFO - 为用户 buyer_3_46abceaa-bda4-11ef-87d8-02a6845b4b32 生成新token，终端：my terminal
2024-12-19 09:00:01 - be.model.user - INFO - 用户登录成功：buyer_3_46abceaa-bda4-11ef-87d8-02a6845b4b32
2024-12-19 09:00:02 - be.view.auth - INFO - 登录处理结果: 200
2024-12-19 09:00:02 - werkzeug - INFO - 127.0.0.1 - - [19/Dec/2024 09:00:02] "POST /auth/login HTTP/1.1" 200 -
2024-12-19 09:00:02 - be.view.auth - INFO - 收到登录请求: {'user_id': 'buyer_10_46abceaa-bda4-11ef-87d8-02a6845b4b32', 'password': 'buyer_seller_10_46abceaa-bda4-11ef-87d8-02a6845b4b32', 'terminal': 'my terminal'}
2024-12-19 09:00:02 - be.model.user - INFO - 尝试登录用户：buyer_10_46abceaa-bda4-11ef-87d8-02a6845b4b32，终端：my terminal
2024-12-19 09:00:02 - be.model.user - INFO - 为用户 buyer_10_46abceaa-bda4-11ef-87d8-02a6845b4b32 生成新token，终端：my terminal
2024-12-19 09:00:02 - be.model.user - INFO - 用户登录成功：buyer_10_46abceaa-bda4-11ef-87d8-02a6845b4b32
2024-12-19 09:00:02 - be.view.auth - INFO - 登录处理结果: 200
2024-12-19 09:00:02 - werkzeug - INFO - 127.0.0.1 - - [19/Dec/2024 09:00:02] "POST /auth/login HTTP/1.1" 200 -
2024-12-19 09:00:02 - be.view.auth - INFO - 收到登录请求: {'user_id': 'buyer_6_46abceaa-bda4-11ef-87d8-02a6845b4b32', 'password': 'buyer_seller_6_46abceaa-bda4-11ef-87d8-02a6845b4b32', 'terminal': 'my terminal'}
2024-12-19 09:00:02 - be.model.user - INFO - 尝试登录用户：buyer_6_46abceaa-bda4-11ef-87d8-02a6845b4b32，终端：my terminal
2024-12-19 09:00:02 - be.model.user - INFO - 为用户 buyer_6_46abceaa-bda4-11ef-87d8-02a6845b4b32 生成新token，终端：my terminal
2024-12-19 09:00:02 - be.model.user - INFO - 用户登录成功：buyer_6_46abceaa-bda4-11ef-87d8-02a6845b4b32
2024-12-19 09:00:02 - be.view.auth - INFO - 登录处理结果: 200
2024-12-19 09:00:02 - werkzeug - INFO - 127.0.0.1 - - [19/Dec/2024 09:00:02] "POST /auth/login HTTP/1.1" 200 -
2024-12-19 09:00:02 - be.view.auth - INFO - 收到登录请求: {'user_id': 'buyer_8_46abceaa-bda4-11ef-87d8-02a6845b4b32', 'password': 'buyer_seller_8_46abceaa-bda4-11ef-87d8-02a6845b4b32', 'terminal': 'my terminal'}
2024-12-19 09:00:02 - be.model.user - INFO - 尝试登录用户：buyer_8_46abceaa-bda4-11ef-87d8-02a6845b4b32，终端：my terminal
2024-12-19 09:00:02 - be.model.user - INFO - 为用户 buyer_8_46abceaa-bda4-11ef-87d8-02a6845b4b32 生成新token，终端：my terminal
2024-12-19 09:00:02 - be.model.user - INFO - 用户登录成功：buyer_8_46abceaa-bda4-11ef-87d8-02a6845b4b32
2024-12-19 09:00:02 - be.view.auth - INFO - 登录处理结果: 200
2024-12-19 09:00:02 - werkzeug - INFO - 127.0.0.1 - - [19/Dec/2024 09:00:02] "POST /auth/login HTTP/1.1" 200 -
2024-12-19 09:00:02 - be.view.auth - INFO - 收到登录请求: {'user_id': 'buyer_3_46abceaa-bda4-11ef-87d8-02a6845b4b32', 'password': 'buyer_seller_3_46abceaa-bda4-11ef-87d8-02a6845b4b32', 'terminal': 'my terminal'}
2024-12-19 09:00:02 - be.model.user - INFO - 尝试登录用户：buyer_3_46abceaa-bda4-11ef-87d8-02a6845b4b32，终端：my terminal
2024-12-19 09:00:02 - be.model.user - INFO - 为用户 buyer_3_46abceaa-bda4-11ef-87d8-02a6845b4b32 生成新token，终端：my terminal
2024-12-19 09:00:02 - be.model.user - INFO - 用户登录成功：buyer_3_46abceaa-bda4-11ef-87d8-02a6845b4b32
2024-12-19 09:00:02 - be.view.auth - INFO - 登录处理结果: 200
2024-12-19 09:00:02 - werkzeug - INFO - 127.0.0.1 - - [19/Dec/2024 09:00:02] "POST /auth/login HTTP/1.1" 200 -
2024-12-19 09:00:02 - be.view.auth - INFO - 收到登录请求: {'user_id': 'buyer_10_46abceaa-bda4-11ef-87d8-02a6845b4b32', 'password': 'buyer_seller_10_46abceaa-bda4-11ef-87d8-02a6845b4b32', 'terminal': 'my terminal'}
2024-12-19 09:00:02 - be.model.user - INFO - 尝试登录用户：buyer_10_46abceaa-bda4-11ef-87d8-02a6845b4b32，终端：my terminal
2024-12-19 09:00:03 - be.model.user - INFO - 为用户 buyer_10_46abceaa-bda4-11ef-87d8-02a6845b4b32 生成新token，终端：my terminal
2024-12-19 09:00:03 - be.model.user - INFO - 用户登录成功：buyer_10_46abceaa-bda4-11ef-87d8-02a6845b4b32
2024-12-19 09:00:03 - be.view.auth - INFO - 登录处理结果: 200
2024-12-19 09:00:03 - werkzeug - INFO - 127.0.0.1 - - [19/Dec/2024 09:00:03] "POST /auth/login HTTP/1.1" 200 -
2024-12-19 09:00:03 - be.view.auth - INFO - 收到登录请求: {'user_id': 'buyer_2_46abceaa-bda4-11ef-87d8-02a6845b4b32', 'password': 'buyer_seller_2_46abceaa-bda4-11ef-87d8-02a6845b4b32', 'terminal': 'my terminal'}
2024-12-19 09:00:03 - be.model.user - INFO - 尝试登录用户：buyer_2_46abceaa-bda4-11ef-87d8-02a6845b4b32，终端：my terminal
2024-12-19 09:00:03 - be.model.user - INFO - 为用户 buyer_2_46abceaa-bda4-11ef-87d8-02a6845b4b32 生成新token，终端：my terminal
2024-12-19 09:00:03 - be.model.user - INFO - 用户登录成功：buyer_2_46abceaa-bda4-11ef-87d8-02a6845b4b32
2024-12-19 09:00:03 - be.view.auth - INFO - 登录处理结果: 200
2024-12-19 09:00:03 - werkzeug - INFO - 127.0.0.1 - - [19/Dec/2024 09:00:03] "POST /auth/login HTTP/1.1" 200 -
2024-12-19 09:00:03 - be.view.auth - INFO - 收到登录请求: {'user_id': 'buyer_4_46abceaa-bda4-11ef-87d8-02a6845b4b32', 'password': 'buyer_seller_4_46abceaa-bda4-11ef-87d8-02a6845b4b32', 'terminal': 'my terminal'}
2024-12-19 09:00:03 - be.model.user - INFO - 尝试登录用户：buyer_4_46abceaa-bda4-11ef-87d8-02a6845b4b32，终端：my terminal
2024-12-19 09:00:03 - be.model.user - INFO - 为用户 buyer_4_46abceaa-bda4-11ef-87d8-02a6845b4b32 生成新token，终端：my terminal
2024-12-19 09:00:03 - be.model.user - INFO - 用户登录成功：buyer_4_46abceaa-bda4-11ef-87d8-02a6845b4b32
2024-12-19 09:00:03 - be.view.auth - INFO - 登录处理结果: 200
2024-12-19 09:00:03 - werkzeug - INFO - 127.0.0.1 - - [19/Dec/2024 09:00:03] "POST /auth/login HTTP/1.1" 200 -
2024-12-19 09:00:03 - be.view.auth - INFO - 收到登录请求: {'user_id': 'buyer_5_46abceaa-bda4-11ef-87d8-02a6845b4b32', 'password': 'buyer_seller_5_46abceaa-bda4-11ef-87d8-02a6845b4b32', 'terminal': 'my terminal'}
2024-12-19 09:00:03 - be.model.user - INFO - 尝试登录用户：buyer_5_46abceaa-bda4-11ef-87d8-02a6845b4b32，终端：my terminal
2024-12-19 09:00:03 - be.model.user - INFO - 为用户 buyer_5_46abceaa-bda4-11ef-87d8-02a6845b4b32 生成新token，终端：my terminal
2024-12-19 09:00:03 - be.model.user - INFO - 用户登录成功：buyer_5_46abceaa-bda4-11ef-87d8-02a6845b4b32
2024-12-19 09:00:03 - be.view.auth - INFO - 登录处理结果: 200
2024-12-19 09:00:03 - werkzeug - INFO - 127.0.0.1 - - [19/Dec/2024 09:00:03] "POST /auth/login HTTP/1.1" 200 -
2024-12-19 09:00:03 - be.view.auth - INFO - 收到登录请求: {'user_id': 'buyer_5_46abceaa-bda4-11ef-87d8-02a6845b4b32', 'password': 'buyer_seller_5_46abceaa-bda4-11ef-87d8-02a6845b4b32', 'terminal': 'my terminal'}
2024-12-19 09:00:03 - be.model.user - INFO - 尝试登录用户：buyer_5_46abceaa-bda4-11ef-87d8-02a6845b4b32，终端：my terminal
2024-12-19 09:00:04 - be.model.user - INFO - 为用户 buyer_5_46abceaa-bda4-11ef-87d8-02a6845b4b32 生成新token，终端：my terminal
2024-12-19 09:00:04 - be.model.user - INFO - 用户登录成功：buyer_5_46abceaa-bda4-11ef-87d8-02a6845b4b32
2024-12-19 09:00:04 - be.view.auth - INFO - 登录处理结果: 200
2024-12-19 09:00:04 - werkzeug - INFO - 127.0.0.1 - - [19/Dec/2024 09:00:04] "POST /auth/login HTTP/1.1" 200 -
2024-12-19 09:00:04 - be.view.auth - INFO - 收到登录请求: {'user_id': 'buyer_5_46abceaa-bda4-11ef-87d8-02a6845b4b32', 'password': 'buyer_seller_5_46abceaa-bda4-11ef-87d8-02a6845b4b32', 'terminal': 'my terminal'}
2024-12-19 09:00:04 - be.model.user - INFO - 尝试登录用户：buyer_5_46abceaa-bda4-11ef-87d8-02a6845b4b32，终端：my terminal
2024-12-19 09:00:04 - be.model.user - INFO - 为用户 buyer_5_46abceaa-bda4-11ef-87d8-02a6845b4b32 生成新token，终端：my terminal
2024-12-19 09:00:04 - be.model.user - INFO - 用户登录成功：buyer_5_46abceaa-bda4-11ef-87d8-02a6845b4b32
2024-12-19 09:00:04 - be.view.auth - INFO - 登录处理结果: 200
2024-12-19 09:00:04 - werkzeug - INFO - 127.0.0.1 - - [19/Dec/2024 09:00:04] "POST /auth/login HTTP/1.1" 200 -
2024-12-19 09:00:04 - be.view.auth - INFO - 收到登录请求: {'user_id': 'buyer_2_46abceaa-bda4-11ef-87d8-02a6845b4b32', 'password': 'buyer_seller_2_46abceaa-bda4-11ef-87d8-02a6845b4b32', 'terminal': 'my terminal'}
2024-12-19 09:00:04 - be.model.user - INFO - 尝试登录用户：buyer_2_46abceaa-bda4-11ef-87d8-02a6845b4b32，终端：my terminal
2024-12-19 09:00:04 - be.model.user - INFO - 为用户 buyer_2_46abceaa-bda4-11ef-87d8-02a6845b4b32 生成新token，终端：my terminal
2024-12-19 09:00:04 - be.model.user - INFO - 用户登录成功：buyer_2_46abceaa-bda4-11ef-87d8-02a6845b4b32
2024-12-19 09:00:04 - be.view.auth - INFO - 登录处理结果: 200
2024-12-19 09:00:04 - werkzeug - INFO - 127.0.0.1 - - [19/Dec/2024 09:00:04] "POST /auth/login HTTP/1.1" 200 -
2024-12-19 09:00:04 - be.view.auth - INFO - 收到登录请求: {'user_id': 'buyer_10_46abceaa-bda4-11ef-87d8-02a6845b4b32', 'password': 'buyer_seller_10_46abceaa-bda4-11ef-87d8-02a6845b4b32', 'terminal': 'my terminal'}
2024-12-19 09:00:04 - be.model.user - INFO - 尝试登录用户：buyer_10_46abceaa-bda4-11ef-87d8-02a6845b4b32，终端：my terminal
2024-12-19 09:00:04 - be.model.user - INFO - 为用户 buyer_10_46abceaa-bda4-11ef-87d8-02a6845b4b32 生成新token，终端：my terminal
2024-12-19 09:00:04 - be.model.user - INFO - 用户登录成功：buyer_10_46abceaa-bda4-11ef-87d8-02a6845b4b32
2024-12-19 09:00:04 - be.view.auth - INFO - 登录处理结果: 200
2024-12-19 09:00:04 - werkzeug - INFO - 127.0.0.1 - - [19/Dec/2024 09:00:04] "POST /auth/login HTTP/1.1" 200 -
2024-12-19 09:00:04 - be.view.auth - INFO - 收到登录请求: {'user_id': 'buyer_6_46abceaa-bda4-11ef-87d8-02a6845b4b32', 'password': 'buyer_seller_6_46abceaa-bda4-11ef-87d8-02a6845b4b32', 'terminal': 'my terminal'}
2024-12-19 09:00:04 - be.model.user - INFO - 尝试登录用户：buyer_6_46abceaa-bda4-11ef-87d8-02a6845b4b32，终端：my terminal
2024-12-19 09:00:04 - be.model.user - INFO - 为用户 buyer_6_46abceaa-bda4-11ef-87d8-02a6845b4b32 生成新token，终端：my terminal
2024-12-19 09:00:04 - be.model.user - INFO - 用户登录成功：buyer_6_46abceaa-bda4-11ef-87d8-02a6845b4b32
2024-12-19 09:00:05 - be.view.auth - INFO - 登录处理结果: 200
2024-12-19 09:00:05 - werkzeug - INFO - 127.0.0.1 - - [19/Dec/2024 09:00:05] "POST /auth/login HTTP/1.1" 200 -
2024-12-19 09:00:05 - be.view.auth - INFO - 收到登录请求: {'user_id': 'buyer_8_46abceaa-bda4-11ef-87d8-02a6845b4b32', 'password': 'buyer_seller_8_46abceaa-bda4-11ef-87d8-02a6845b4b32', 'terminal': 'my terminal'}
2024-12-19 09:00:05 - be.model.user - INFO - 尝试登录用户：buyer_8_46abceaa-bda4-11ef-87d8-02a6845b4b32，终端：my terminal
2024-12-19 09:00:05 - be.model.user - INFO - 为用户 buyer_8_46abceaa-bda4-11ef-87d8-02a6845b4b32 生成新token，终端：my terminal
2024-12-19 09:00:05 - be.model.user - INFO - 用户登录成功：buyer_8_46abceaa-bda4-11ef-87d8-02a6845b4b32
2024-12-19 09:00:05 - be.view.auth - INFO - 登录处理结果: 200
2024-12-19 09:00:05 - werkzeug - INFO - 127.0.0.1 - - [19/Dec/2024 09:00:05] "POST /auth/login HTTP/1.1" 200 -
2024-12-19 09:00:05 - be.view.auth - INFO - 收到登录请求: {'user_id': 'buyer_9_46abceaa-bda4-11ef-87d8-02a6845b4b32', 'password': 'buyer_seller_9_46abceaa-bda4-11ef-87d8-02a6845b4b32', 'terminal': 'my terminal'}
2024-12-19 09:00:05 - be.model.user - INFO - 尝试登录用户：buyer_9_46abceaa-bda4-11ef-87d8-02a6845b4b32，终端：my terminal
2024-12-19 09:00:05 - be.model.user - INFO - 为用户 buyer_9_46abceaa-bda4-11ef-87d8-02a6845b4b32 生成新token，终端：my terminal
2024-12-19 09:00:05 - be.model.user - INFO - 用户登录成功：buyer_9_46abceaa-bda4-11ef-87d8-02a6845b4b32
2024-12-19 09:00:05 - be.view.auth - INFO - 登录处理结果: 200
2024-12-19 09:00:05 - werkzeug - INFO - 127.0.0.1 - - [19/Dec/2024 09:00:05] "POST /auth/login HTTP/1.1" 200 -
2024-12-19 09:00:05 - be.view.auth - INFO - 收到登录请求: {'user_id': 'buyer_3_46abceaa-bda4-11ef-87d8-02a6845b4b32', 'password': 'buyer_seller_3_46abceaa-bda4-11ef-87d8-02a6845b4b32', 'terminal': 'my terminal'}
2024-12-19 09:00:05 - be.model.user - INFO - 尝试登录用户：buyer_3_46abceaa-bda4-11ef-87d8-02a6845b4b32，终端：my terminal
2024-12-19 09:00:05 - be.model.user - INFO - 为用户 buyer_3_46abceaa-bda4-11ef-87d8-02a6845b4b32 生成新token，终端：my terminal
2024-12-19 09:00:05 - be.model.user - INFO - 用户登录成功：buyer_3_46abceaa-bda4-11ef-87d8-02a6845b4b32
2024-12-19 09:00:05 - be.view.auth - INFO - 登录处理结果: 200
2024-12-19 09:00:05 - werkzeug - INFO - 127.0.0.1 - - [19/Dec/2024 09:00:05] "POST /auth/login HTTP/1.1" 200 -
2024-12-19 09:00:05 - be.view.auth - INFO - 收到登录请求: {'user_id': 'buyer_5_46abceaa-bda4-11ef-87d8-02a6845b4b32', 'password': 'buyer_seller_5_46abceaa-bda4-11ef-87d8-02a6845b4b32', 'terminal': 'my terminal'}
2024-12-19 09:00:05 - be.model.user - INFO - 尝试登录用户：buyer_5_46abceaa-bda4-11ef-87d8-02a6845b4b32，终端：my terminal
2024-12-19 09:00:05 - be.model.user - INFO - 为用户 buyer_5_46abceaa-bda4-11ef-87d8-02a6845b4b32 生成新token，终端：my terminal
2024-12-19 09:00:05 - be.model.user - INFO - 用户登录成功：buyer_5_46abceaa-bda4-11ef-87d8-02a6845b4b32
2024-12-19 09:00:05 - be.view.auth - INFO - 登录处理结果: 200
2024-12-19 09:00:05 - werkzeug - INFO - 127.0.0.1 - - [19/Dec/2024 09:00:05] "POST /auth/login HTTP/1.1" 200 -
2024-12-19 09:00:05 - be.view.auth - INFO - 收到登录请求: {'user_id': 'buyer_10_46abceaa-bda4-11ef-87d8-02a6845b4b32', 'password': 'buyer_seller_10_46abceaa-bda4-11ef-87d8-02a6845b4b32', 'terminal': 'my terminal'}
2024-12-19 09:00:05 - be.model.user - INFO - 尝试登录用户：buyer_10_46abceaa-bda4-11ef-87d8-02a6845b4b32，终端：my terminal
2024-12-19 09:00:06 - be.model.user - INFO - 为用户 buyer_10_46abceaa-bda4-11ef-87d8-02a6845b4b32 生成新token，终端：my terminal
2024-12-19 09:00:06 - be.model.user - INFO - 用户登录成功：buyer_10_46abceaa-bda4-11ef-87d8-02a6845b4b32
2024-12-19 09:00:06 - be.view.auth - INFO - 登录处理结果: 200
2024-12-19 09:00:06 - werkzeug - INFO - 127.0.0.1 - - [19/Dec/2024 09:00:06] "POST /auth/login HTTP/1.1" 200 -
2024-12-19 09:00:06 - be.view.auth - INFO - 收到登录请求: {'user_id': 'buyer_2_46abceaa-bda4-11ef-87d8-02a6845b4b32', 'password': 'buyer_seller_2_46abceaa-bda4-11ef-87d8-02a6845b4b32', 'terminal': 'my terminal'}
2024-12-19 09:00:06 - be.model.user - INFO - 尝试登录用户：buyer_2_46abceaa-bda4-11ef-87d8-02a6845b4b32，终端：my terminal
2024-12-19 09:00:06 - be.model.user - INFO - 为用户 buyer_2_46abceaa-bda4-11ef-87d8-02a6845b4b32 生成新token，终端：my terminal
2024-12-19 09:00:06 - be.model.user - INFO - 用户登录成功：buyer_2_46abceaa-bda4-11ef-87d8-02a6845b4b32
2024-12-19 09:00:06 - be.view.auth - INFO - 登录处理结果: 200
2024-12-19 09:00:06 - werkzeug - INFO - 127.0.0.1 - - [19/Dec/2024 09:00:06] "POST /auth/login HTTP/1.1" 200 -
2024-12-19 09:00:06 - be.view.auth - INFO - 收到登录请求: {'user_id': 'buyer_3_46abceaa-bda4-11ef-87d8-02a6845b4b32', 'password': 'buyer_seller_3_46abceaa-bda4-11ef-87d8-02a6845b4b32', 'terminal': 'my terminal'}
2024-12-19 09:00:06 - be.model.user - INFO - 尝试登录用户：buyer_3_46abceaa-bda4-11ef-87d8-02a6845b4b32，终端：my terminal
2024-12-19 09:00:06 - be.model.user - INFO - 为用户 buyer_3_46abceaa-bda4-11ef-87d8-02a6845b4b32 生成新token，终端：my terminal
2024-12-19 09:00:06 - be.model.user - INFO - 用户登录成功：buyer_3_46abceaa-bda4-11ef-87d8-02a6845b4b32
2024-12-19 09:00:06 - be.view.auth - INFO - 登录处理结果: 200
2024-12-19 09:00:06 - werkzeug - INFO - 127.0.0.1 - - [19/Dec/2024 09:00:06] "POST /auth/login HTTP/1.1" 200 -
2024-12-19 09:00:06 - be.view.auth - INFO - 收到登录请求: {'user_id': 'buyer_4_46abceaa-bda4-11ef-87d8-02a6845b4b32', 'password': 'buyer_seller_4_46abceaa-bda4-11ef-87d8-02a6845b4b32', 'terminal': 'my terminal'}
2024-12-19 09:00:06 - be.model.user - INFO - 尝试登录用户：buyer_4_46abceaa-bda4-11ef-87d8-02a6845b4b32，终端：my terminal
2024-12-19 09:00:06 - be.model.user - INFO - 为用户 buyer_4_46abceaa-bda4-11ef-87d8-02a6845b4b32 生成新token，终端：my terminal
2024-12-19 09:00:06 - be.model.user - INFO - 用户登录成功：buyer_4_46abceaa-bda4-11ef-87d8-02a6845b4b32
2024-12-19 09:00:07 - be.view.auth - INFO - 登录处理结果: 200
2024-12-19 09:00:07 - werkzeug - INFO - 127.0.0.1 - - [19/Dec/2024 09:00:07] "POST /auth/login HTTP/1.1" 200 -
2024-12-19 09:00:07 - be.view.auth - INFO - 收到登录请求: {'user_id': 'buyer_4_46abceaa-bda4-11ef-87d8-02a6845b4b32', 'password': 'buyer_seller_4_46abceaa-bda4-11ef-87d8-02a6845b4b32', 'terminal': 'my terminal'}
2024-12-19 09:00:07 - be.model.user - INFO - 尝试登录用户：buyer_4_46abceaa-bda4-11ef-87d8-02a6845b4b32，终端：my terminal
2024-12-19 09:00:07 - be.model.user - INFO - 为用户 buyer_4_46abceaa-bda4-11ef-87d8-02a6845b4b32 生成新token，终端：my terminal
2024-12-19 09:00:07 - be.model.user - INFO - 用户登录成功：buyer_4_46abceaa-bda4-11ef-87d8-02a6845b4b32
2024-12-19 09:00:07 - be.view.auth - INFO - 登录处理结果: 200
2024-12-19 09:00:07 - werkzeug - INFO - 127.0.0.1 - - [19/Dec/2024 09:00:07] "POST /auth/login HTTP/1.1" 200 -
2024-12-19 09:00:07 - be.view.auth - INFO - 收到登录请求: {'user_id': 'buyer_1_46abceaa-bda4-11ef-87d8-02a6845b4b32', 'password': 'buyer_seller_1_46abceaa-bda4-11ef-87d8-02a6845b4b32', 'terminal': 'my terminal'}
2024-12-19 09:00:07 - be.model.user - INFO - 尝试登录用户：buyer_1_46abceaa-bda4-11ef-87d8-02a6845b4b32，终端：my terminal
2024-12-19 09:00:07 - be.model.user - INFO - 为用户 buyer_1_46abceaa-bda4-11ef-87d8-02a6845b4b32 生成新token，终端：my terminal
2024-12-19 09:00:07 - be.model.user - INFO - 用户登录成功：buyer_1_46abceaa-bda4-11ef-87d8-02a6845b4b32
2024-12-19 09:00:07 - be.view.auth - INFO - 登录处理结果: 200
2024-12-19 09:00:07 - werkzeug - INFO - 127.0.0.1 - - [19/Dec/2024 09:00:07] "POST /auth/login HTTP/1.1" 200 -
2024-12-19 09:00:07 - be.view.auth - INFO - 收到登录请求: {'user_id': 'buyer_5_46abceaa-bda4-11ef-87d8-02a6845b4b32', 'password': 'buyer_seller_5_46abceaa-bda4-11ef-87d8-02a6845b4b32', 'terminal': 'my terminal'}
2024-12-19 09:00:07 - be.model.user - INFO - 尝试登录用户：buyer_5_46abceaa-bda4-11ef-87d8-02a6845b4b32，终端：my terminal
2024-12-19 09:00:07 - be.model.user - INFO - 为用户 buyer_5_46abceaa-bda4-11ef-87d8-02a6845b4b32 生成新token，终端：my terminal
2024-12-19 09:00:07 - be.model.user - INFO - 用户登录成功：buyer_5_46abceaa-bda4-11ef-87d8-02a6845b4b32
2024-12-19 09:00:07 - be.view.auth - INFO - 登录处理结果: 200
2024-12-19 09:00:07 - werkzeug - INFO - 127.0.0.1 - - [19/Dec/2024 09:00:07] "POST /auth/login HTTP/1.1" 200 -
2024-12-19 09:00:07 - be.view.auth - INFO - 收到登录请求: {'user_id': 'buyer_2_46abceaa-bda4-11ef-87d8-02a6845b4b32', 'password': 'buyer_seller_2_46abceaa-bda4-11ef-87d8-02a6845b4b32', 'terminal': 'my terminal'}
2024-12-19 09:00:07 - be.model.user - INFO - 尝试登录用户：buyer_2_46abceaa-bda4-11ef-87d8-02a6845b4b32，终端：my terminal
2024-12-19 09:00:07 - be.model.user - INFO - 为用户 buyer_2_46abceaa-bda4-11ef-87d8-02a6845b4b32 生成新token，终端：my terminal
2024-12-19 09:00:07 - be.model.user - INFO - 用户登录成功：buyer_2_46abceaa-bda4-11ef-87d8-02a6845b4b32
2024-12-19 09:00:07 - be.view.auth - INFO - 登录处理结果: 200
2024-12-19 09:00:07 - werkzeug - INFO - 127.0.0.1 - - [19/Dec/2024 09:00:07] "POST /auth/login HTTP/1.1" 200 -
2024-12-19 09:00:07 - be.view.auth - INFO - 收到登录请求: {'user_id': 'buyer_7_46abceaa-bda4-11ef-87d8-02a6845b4b32', 'password': 'buyer_seller_7_46abceaa-bda4-11ef-87d8-02a6845b4b32', 'terminal': 'my terminal'}
2024-12-19 09:00:07 - be.model.user - INFO - 尝试登录用户：buyer_7_46abceaa-bda4-11ef-87d8-02a6845b4b32，终端：my terminal
2024-12-19 09:00:08 - be.model.user - INFO - 为用户 buyer_7_46abceaa-bda4-11ef-87d8-02a6845b4b32 生成新token，终端：my terminal
2024-12-19 09:00:08 - be.model.user - INFO - 用户登录成功：buyer_7_46abceaa-bda4-11ef-87d8-02a6845b4b32
2024-12-19 09:00:08 - be.view.auth - INFO - 登录处理结果: 200
2024-12-19 09:00:08 - werkzeug - INFO - 127.0.0.1 - - [19/Dec/2024 09:00:08] "POST /auth/login HTTP/1.1" 200 -
2024-12-19 09:00:08 - be.view.auth - INFO - 收到登录请求: {'user_id': 'buyer_3_46abceaa-bda4-11ef-87d8-02a6845b4b32', 'password': 'buyer_seller_3_46abceaa-bda4-11ef-87d8-02a6845b4b32', 'terminal': 'my terminal'}
2024-12-19 09:00:08 - be.model.user - INFO - 尝试登录用户：buyer_3_46abceaa-bda4-11ef-87d8-02a6845b4b32，终端：my terminal
2024-12-19 09:00:08 - be.model.user - INFO - 为用户 buyer_3_46abceaa-bda4-11ef-87d8-02a6845b4b32 生成新token，终端：my terminal
2024-12-19 09:00:08 - be.model.user - INFO - 用户登录成功：buyer_3_46abceaa-bda4-11ef-87d8-02a6845b4b32
2024-12-19 09:00:08 - be.view.auth - INFO - 登录处理结果: 200
2024-12-19 09:00:08 - werkzeug - INFO - 127.0.0.1 - - [19/Dec/2024 09:00:08] "POST /auth/login HTTP/1.1" 200 -
2024-12-19 09:00:08 - be.view.auth - INFO - 收到登录请求: {'user_id': 'buyer_5_46abceaa-bda4-11ef-87d8-02a6845b4b32', 'password': 'buyer_seller_5_46abceaa-bda4-11ef-87d8-02a6845b4b32', 'terminal': 'my terminal'}
2024-12-19 09:00:08 - be.model.user - INFO - 尝试登录用户：buyer_5_46abceaa-bda4-11ef-87d8-02a6845b4b32，终端：my terminal
2024-12-19 09:00:08 - be.model.user - INFO - 为用户 buyer_5_46abceaa-bda4-11ef-87d8-02a6845b4b32 生成新token，终端：my terminal
2024-12-19 09:00:08 - be.model.user - INFO - 用户登录成功：buyer_5_46abceaa-bda4-11ef-87d8-02a6845b4b32
2024-12-19 09:00:08 - be.view.auth - INFO - 登录处理结果: 200
2024-12-19 09:00:08 - werkzeug - INFO - 127.0.0.1 - - [19/Dec/2024 09:00:08] "POST /auth/login HTTP/1.1" 200 -
2024-12-19 09:00:08 - be.view.auth - INFO - 收到登录请求: {'user_id': 'buyer_2_46abceaa-bda4-11ef-87d8-02a6845b4b32', 'password': 'buyer_seller_2_46abceaa-bda4-11ef-87d8-02a6845b4b32', 'terminal': 'my terminal'}
2024-12-19 09:00:08 - be.model.user - INFO - 尝试登录用户：buyer_2_46abceaa-bda4-11ef-87d8-02a6845b4b32，终端：my terminal
2024-12-19 09:00:08 - be.model.user - INFO - 为用户 buyer_2_46abceaa-bda4-11ef-87d8-02a6845b4b32 生成新token，终端：my terminal
2024-12-19 09:00:08 - be.model.user - INFO - 用户登录成功：buyer_2_46abceaa-bda4-11ef-87d8-02a6845b4b32
2024-12-19 09:00:08 - be.view.auth - INFO - 登录处理结果: 200
2024-12-19 09:00:08 - werkzeug - INFO - 127.0.0.1 - - [19/Dec/2024 09:00:08] "POST /auth/login HTTP/1.1" 200 -
2024-12-19 09:00:08 - be.view.auth - INFO - 收到登录请求: {'user_id': 'buyer_6_46abceaa-bda4-11ef-87d8-02a6845b4b32', 'password': 'buyer_seller_6_46abceaa-bda4-11ef-87d8-02a6845b4b32', 'terminal': 'my terminal'}
2024-12-19 09:00:08 - be.model.user - INFO - 尝试登录用户：buyer_6_46abceaa-bda4-11ef-87d8-02a6845b4b32，终端：my terminal
2024-12-19 09:00:08 - be.model.user - INFO - 为用户 buyer_6_46abceaa-bda4-11ef-87d8-02a6845b4b32 生成新token，终端：my terminal
2024-12-19 09:00:08 - be.model.user - INFO - 用户登录成功：buyer_6_46abceaa-bda4-11ef-87d8-02a6845b4b32
2024-12-19 09:00:09 - be.view.auth - INFO - 登录处理结果: 200
2024-12-19 09:00:09 - werkzeug - INFO - 127.0.0.1 - - [19/Dec/2024 09:00:09] "POST /auth/login HTTP/1.1" 200 -
2024-12-19 09:00:09 - be.view.auth - INFO - 收到登录请求: {'user_id': 'buyer_9_46abceaa-bda4-11ef-87d8-02a6845b4b32', 'password': 'buyer_seller_9_46abceaa-bda4-11ef-87d8-02a6845b4b32', 'terminal': 'my terminal'}
2024-12-19 09:00:09 - be.model.user - INFO - 尝试登录用户：buyer_9_46abceaa-bda4-11ef-87d8-02a6845b4b32，终端：my terminal
2024-12-19 09:00:09 - be.model.user - INFO - 为用户 buyer_9_46abceaa-bda4-11ef-87d8-02a6845b4b32 生成新token，终端：my terminal
2024-12-19 09:00:09 - be.model.user - INFO - 用户登录成功：buyer_9_46abceaa-bda4-11ef-87d8-02a6845b4b32
2024-12-19 09:00:09 - be.view.auth - INFO - 登录处理结果: 200
2024-12-19 09:00:09 - werkzeug - INFO - 127.0.0.1 - - [19/Dec/2024 09:00:09] "POST /auth/login HTTP/1.1" 200 -
2024-12-19 09:00:09 - be.view.auth - INFO - 收到登录请求: {'user_id': 'buyer_2_46abceaa-bda4-11ef-87d8-02a6845b4b32', 'password': 'buyer_seller_2_46abceaa-bda4-11ef-87d8-02a6845b4b32', 'terminal': 'my terminal'}
2024-12-19 09:00:09 - be.model.user - INFO - 尝试登录用户：buyer_2_46abceaa-bda4-11ef-87d8-02a6845b4b32，终端：my terminal
2024-12-19 09:00:09 - be.model.user - INFO - 为用户 buyer_2_46abceaa-bda4-11ef-87d8-02a6845b4b32 生成新token，终端：my terminal
2024-12-19 09:00:09 - be.model.user - INFO - 用户登录成功：buyer_2_46abceaa-bda4-11ef-87d8-02a6845b4b32
2024-12-19 09:00:09 - be.view.auth - INFO - 登录处理结果: 200
2024-12-19 09:00:09 - werkzeug - INFO - 127.0.0.1 - - [19/Dec/2024 09:00:09] "POST /auth/login HTTP/1.1" 200 -
2024-12-19 09:00:09 - be.view.auth - INFO - 收到登录请求: {'user_id': 'buyer_9_46abceaa-bda4-11ef-87d8-02a6845b4b32', 'password': 'buyer_seller_9_46abceaa-bda4-11ef-87d8-02a6845b4b32', 'terminal': 'my terminal'}
2024-12-19 09:00:09 - be.model.user - INFO - 尝试登录用户：buyer_9_46abceaa-bda4-11ef-87d8-02a6845b4b32，终端：my terminal
2024-12-19 09:00:09 - be.model.user - INFO - 为用户 buyer_9_46abceaa-bda4-11ef-87d8-02a6845b4b32 生成新token，终端：my terminal
2024-12-19 09:00:09 - be.model.user - INFO - 用户登录成功：buyer_9_46abceaa-bda4-11ef-87d8-02a6845b4b32
2024-12-19 09:00:09 - be.view.auth - INFO - 登录处理结果: 200
2024-12-19 09:00:09 - werkzeug - INFO - 127.0.0.1 - - [19/Dec/2024 09:00:09] "POST /auth/login HTTP/1.1" 200 -
2024-12-19 09:00:09 - be.view.auth - INFO - 收到登录请求: {'user_id': 'buyer_9_46abceaa-bda4-11ef-87d8-02a6845b4b32', 'password': 'buyer_seller_9_46abceaa-bda4-11ef-87d8-02a6845b4b32', 'terminal': 'my terminal'}
2024-12-19 09:00:09 - be.model.user - INFO - 尝试登录用户：buyer_9_46abceaa-bda4-11ef-87d8-02a6845b4b32，终端：my terminal
2024-12-19 09:00:09 - be.model.user - INFO - 为用户 buyer_9_46abceaa-bda4-11ef-87d8-02a6845b4b32 生成新token，终端：my terminal
2024-12-19 09:00:09 - be.model.user - INFO - 用户登录成功：buyer_9_46abceaa-bda4-11ef-87d8-02a6845b4b32
2024-12-19 09:00:09 - be.view.auth - INFO - 登录处理结果: 200
2024-12-19 09:00:09 - werkzeug - INFO - 127.0.0.1 - - [19/Dec/2024 09:00:09] "POST /auth/login HTTP/1.1" 200 -
2024-12-19 09:00:09 - be.view.auth - INFO - 收到登录请求: {'user_id': 'buyer_2_46abceaa-bda4-11ef-87d8-02a6845b4b32', 'password': 'buyer_seller_2_46abceaa-bda4-11ef-87d8-02a6845b4b32', 'terminal': 'my terminal'}
2024-12-19 09:00:09 - be.model.user - INFO - 尝试登录用户：buyer_2_46abceaa-bda4-11ef-87d8-02a6845b4b32，终端：my terminal
2024-12-19 09:00:10 - be.model.user - INFO - 为用户 buyer_2_46abceaa-bda4-11ef-87d8-02a6845b4b32 生成新token，终端：my terminal
2024-12-19 09:00:10 - be.model.user - INFO - 用户登录成功：buyer_2_46abceaa-bda4-11ef-87d8-02a6845b4b32
2024-12-19 09:00:10 - be.view.auth - INFO - 登录处理结果: 200
2024-12-19 09:00:10 - werkzeug - INFO - 127.0.0.1 - - [19/Dec/2024 09:00:10] "POST /auth/login HTTP/1.1" 200 -
2024-12-19 09:00:10 - be.view.auth - INFO - 收到登录请求: {'user_id': 'buyer_6_46abceaa-bda4-11ef-87d8-02a6845b4b32', 'password': 'buyer_seller_6_46abceaa-bda4-11ef-87d8-02a6845b4b32', 'terminal': 'my terminal'}
2024-12-19 09:00:10 - be.model.user - INFO - 尝试登录用户：buyer_6_46abceaa-bda4-11ef-87d8-02a6845b4b32，终端：my terminal
2024-12-19 09:00:10 - be.model.user - INFO - 为用户 buyer_6_46abceaa-bda4-11ef-87d8-02a6845b4b32 生成新token，终端：my terminal
2024-12-19 09:00:10 - be.model.user - INFO - 用户登录成功：buyer_6_46abceaa-bda4-11ef-87d8-02a6845b4b32
2024-12-19 09:00:10 - be.view.auth - INFO - 登录处理结果: 200
2024-12-19 09:00:10 - werkzeug - INFO - 127.0.0.1 - - [19/Dec/2024 09:00:10] "POST /auth/login HTTP/1.1" 200 -
2024-12-19 09:00:10 - be.view.auth - INFO - 收到登录请求: {'user_id': 'buyer_1_46abceaa-bda4-11ef-87d8-02a6845b4b32', 'password': 'buyer_seller_1_46abceaa-bda4-11ef-87d8-02a6845b4b32', 'terminal': 'my terminal'}
2024-12-19 09:00:10 - be.model.user - INFO - 尝试登录用户：buyer_1_46abceaa-bda4-11ef-87d8-02a6845b4b32，终端：my terminal
2024-12-19 09:00:10 - be.model.user - INFO - 为用户 buyer_1_46abceaa-bda4-11ef-87d8-02a6845b4b32 生成新token，终端：my terminal
2024-12-19 09:00:10 - be.model.user - INFO - 用户登录成功：buyer_1_46abceaa-bda4-11ef-87d8-02a6845b4b32
2024-12-19 09:00:10 - be.view.auth - INFO - 登录处理结果: 200
2024-12-19 09:00:10 - werkzeug - INFO - 127.0.0.1 - - [19/Dec/2024 09:00:10] "POST /auth/login HTTP/1.1" 200 -
2024-12-19 09:00:10 - be.view.auth - INFO - 收到登录请求: {'user_id': 'buyer_1_46abceaa-bda4-11ef-87d8-02a6845b4b32', 'password': 'buyer_seller_1_46abceaa-bda4-11ef-87d8-02a6845b4b32', 'terminal': 'my terminal'}
2024-12-19 09:00:10 - be.model.user - INFO - 尝试登录用户：buyer_1_46abceaa-bda4-11ef-87d8-02a6845b4b32，终端：my terminal
2024-12-19 09:00:10 - be.model.user - INFO - 为用户 buyer_1_46abceaa-bda4-11ef-87d8-02a6845b4b32 生成新token，终端：my terminal
2024-12-19 09:00:10 - be.model.user - INFO - 用户登录成功：buyer_1_46abceaa-bda4-11ef-87d8-02a6845b4b32
2024-12-19 09:00:10 - be.view.auth - INFO - 登录处理结果: 200
2024-12-19 09:00:10 - werkzeug - INFO - 127.0.0.1 - - [19/Dec/2024 09:00:10] "POST /auth/login HTTP/1.1" 200 -
2024-12-19 09:00:10 - be.view.auth - INFO - 收到登录请求: {'user_id': 'buyer_7_46abceaa-bda4-11ef-87d8-02a6845b4b32', 'password': 'buyer_seller_7_46abceaa-bda4-11ef-87d8-02a6845b4b32', 'terminal': 'my terminal'}
2024-12-19 09:00:10 - be.model.user - INFO - 尝试登录用户：buyer_7_46abceaa-bda4-11ef-87d8-02a6845b4b32，终端：my terminal
2024-12-19 09:00:10 - be.model.user - INFO - 为用户 buyer_7_46abceaa-bda4-11ef-87d8-02a6845b4b32 生成新token，终端：my terminal
2024-12-19 09:00:10 - be.model.user - INFO - 用户登录成功：buyer_7_46abceaa-bda4-11ef-87d8-02a6845b4b32
2024-12-19 09:00:11 - be.view.auth - INFO - 登录处理结果: 200
2024-12-19 09:00:11 - werkzeug - INFO - 127.0.0.1 - - [19/Dec/2024 09:00:11] "POST /auth/login HTTP/1.1" 200 -
2024-12-19 09:00:11 - be.view.auth - INFO - 收到登录请求: {'user_id': 'buyer_10_46abceaa-bda4-11ef-87d8-02a6845b4b32', 'password': 'buyer_seller_10_46abceaa-bda4-11ef-87d8-02a6845b4b32', 'terminal': 'my terminal'}
2024-12-19 09:00:11 - be.model.user - INFO - 尝试登录用户：buyer_10_46abceaa-bda4-11ef-87d8-02a6845b4b32，终端：my terminal
2024-12-19 09:00:11 - be.model.user - INFO - 为用户 buyer_10_46abceaa-bda4-11ef-87d8-02a6845b4b32 生成新token，终端：my terminal
2024-12-19 09:00:11 - be.model.user - INFO - 用户登录成功：buyer_10_46abceaa-bda4-11ef-87d8-02a6845b4b32
2024-12-19 09:00:11 - be.view.auth - INFO - 登录处理结果: 200
2024-12-19 09:00:11 - werkzeug - INFO - 127.0.0.1 - - [19/Dec/2024 09:00:11] "POST /auth/login HTTP/1.1" 200 -
2024-12-19 09:00:11 - be.view.auth - INFO - 收到登录请求: {'user_id': 'buyer_1_46abceaa-bda4-11ef-87d8-02a6845b4b32', 'password': 'buyer_seller_1_46abceaa-bda4-11ef-87d8-02a6845b4b32', 'terminal': 'my terminal'}
2024-12-19 09:00:11 - be.model.user - INFO - 尝试登录用户：buyer_1_46abceaa-bda4-11ef-87d8-02a6845b4b32，终端：my terminal
2024-12-19 09:00:11 - be.model.user - INFO - 为用户 buyer_1_46abceaa-bda4-11ef-87d8-02a6845b4b32 生成新token，终端：my terminal
2024-12-19 09:00:11 - be.model.user - INFO - 用户登录成功：buyer_1_46abceaa-bda4-11ef-87d8-02a6845b4b32
2024-12-19 09:00:11 - be.view.auth - INFO - 登录处理结果: 200
2024-12-19 09:00:11 - werkzeug - INFO - 127.0.0.1 - - [19/Dec/2024 09:00:11] "POST /auth/login HTTP/1.1" 200 -
2024-12-19 09:00:11 - be.view.auth - INFO - 收到登录请求: {'user_id': 'buyer_9_46abceaa-bda4-11ef-87d8-02a6845b4b32', 'password': 'buyer_seller_9_46abceaa-bda4-11ef-87d8-02a6845b4b32', 'terminal': 'my terminal'}
2024-12-19 09:00:11 - be.model.user - INFO - 尝试登录用户：buyer_9_46abceaa-bda4-11ef-87d8-02a6845b4b32，终端：my terminal
2024-12-19 09:00:11 - be.model.user - INFO - 为用户 buyer_9_46abceaa-bda4-11ef-87d8-02a6845b4b32 生成新token，终端：my terminal
2024-12-19 09:00:11 - be.model.user - INFO - 用户登录成功：buyer_9_46abceaa-bda4-11ef-87d8-02a6845b4b32
2024-12-19 09:00:11 - be.view.auth - INFO - 登录处理结果: 200
2024-12-19 09:00:11 - werkzeug - INFO - 127.0.0.1 - - [19/Dec/2024 09:00:11] "POST /auth/login HTTP/1.1" 200 -
2024-12-19 09:00:11 - be.view.auth - INFO - 收到登录请求: {'user_id': 'buyer_9_46abceaa-bda4-11ef-87d8-02a6845b4b32', 'password': 'buyer_seller_9_46abceaa-bda4-11ef-87d8-02a6845b4b32', 'terminal': 'my terminal'}
2024-12-19 09:00:11 - be.model.user - INFO - 尝试登录用户：buyer_9_46abceaa-bda4-11ef-87d8-02a6845b4b32，终端：my terminal
2024-12-19 09:00:11 - be.model.user - INFO - 为用户 buyer_9_46abceaa-bda4-11ef-87d8-02a6845b4b32 生成新token，终端：my terminal
2024-12-19 09:00:11 - be.model.user - INFO - 用户登录成功：buyer_9_46abceaa-bda4-11ef-87d8-02a6845b4b32
2024-12-19 09:00:12 - be.view.auth - INFO - 登录处理结果: 200
2024-12-19 09:00:12 - werkzeug - INFO - 127.0.0.1 - - [19/Dec/2024 09:00:12] "POST /auth/login HTTP/1.1" 200 -
2024-12-19 09:00:12 - be.view.auth - INFO - 收到登录请求: {'user_id': 'buyer_2_46abceaa-bda4-11ef-87d8-02a6845b4b32', 'password': 'buyer_seller_2_46abceaa-bda4-11ef-87d8-02a6845b4b32', 'terminal': 'my terminal'}
2024-12-19 09:00:12 - be.model.user - INFO - 尝试登录用户：buyer_2_46abceaa-bda4-11ef-87d8-02a6845b4b32，终端：my terminal
2024-12-19 09:00:12 - be.model.user - INFO - 为用户 buyer_2_46abceaa-bda4-11ef-87d8-02a6845b4b32 生成新token，终端：my terminal
2024-12-19 09:00:12 - be.model.user - INFO - 用户登录成功：buyer_2_46abceaa-bda4-11ef-87d8-02a6845b4b32
2024-12-19 09:00:12 - be.view.auth - INFO - 登录处理结果: 200
2024-12-19 09:00:12 - werkzeug - INFO - 127.0.0.1 - - [19/Dec/2024 09:00:12] "POST /auth/login HTTP/1.1" 200 -
2024-12-19 09:00:12 - be.view.auth - INFO - 收到登录请求: {'user_id': 'buyer_1_46abceaa-bda4-11ef-87d8-02a6845b4b32', 'password': 'buyer_seller_1_46abceaa-bda4-11ef-87d8-02a6845b4b32', 'terminal': 'my terminal'}
2024-12-19 09:00:12 - be.model.user - INFO - 尝试登录用户：buyer_1_46abceaa-bda4-11ef-87d8-02a6845b4b32，终端：my terminal
2024-12-19 09:00:12 - be.model.user - INFO - 为用户 buyer_1_46abceaa-bda4-11ef-87d8-02a6845b4b32 生成新token，终端：my terminal
2024-12-19 09:00:12 - be.model.user - INFO - 用户登录成功：buyer_1_46abceaa-bda4-11ef-87d8-02a6845b4b32
2024-12-19 09:00:12 - be.view.auth - INFO - 登录处理结果: 200
2024-12-19 09:00:12 - werkzeug - INFO - 127.0.0.1 - - [19/Dec/2024 09:00:12] "POST /auth/login HTTP/1.1" 200 -
2024-12-19 09:00:12 - be.view.auth - INFO - 收到登录请求: {'user_id': 'buyer_3_46abceaa-bda4-11ef-87d8-02a6845b4b32', 'password': 'buyer_seller_3_46abceaa-bda4-11ef-87d8-02a6845b4b32', 'terminal': 'my terminal'}
2024-12-19 09:00:12 - be.model.user - INFO - 尝试登录用户：buyer_3_46abceaa-bda4-11ef-87d8-02a6845b4b32，终端：my terminal
2024-12-19 09:00:12 - be.model.user - INFO - 为用户 buyer_3_46abceaa-bda4-11ef-87d8-02a6845b4b32 生成新token，终端：my terminal
2024-12-19 09:00:12 - be.model.user - INFO - 用户登录成功：buyer_3_46abceaa-bda4-11ef-87d8-02a6845b4b32
2024-12-19 09:00:12 - be.view.auth - INFO - 登录处理结果: 200
2024-12-19 09:00:12 - werkzeug - INFO - 127.0.0.1 - - [19/Dec/2024 09:00:12] "POST /auth/login HTTP/1.1" 200 -
2024-12-19 09:00:12 - be.view.auth - INFO - 收到登录请求: {'user_id': 'buyer_3_46abceaa-bda4-11ef-87d8-02a6845b4b32', 'password': 'buyer_seller_3_46abceaa-bda4-11ef-87d8-02a6845b4b32', 'terminal': 'my terminal'}
2024-12-19 09:00:12 - be.model.user - INFO - 尝试登录用户：buyer_3_46abceaa-bda4-11ef-87d8-02a6845b4b32，终端：my terminal
2024-12-19 09:00:12 - be.model.user - INFO - 为用户 buyer_3_46abceaa-bda4-11ef-87d8-02a6845b4b32 生成新token，终端：my terminal
2024-12-19 09:00:12 - be.model.user - INFO - 用户登录成功：buyer_3_46abceaa-bda4-11ef-87d8-02a6845b4b32
2024-12-19 09:00:12 - be.view.auth - INFO - 登录处理结果: 200
2024-12-19 09:00:12 - werkzeug - INFO - 127.0.0.1 - - [19/Dec/2024 09:00:12] "POST /auth/login HTTP/1.1" 200 -
2024-12-19 09:00:12 - be.view.auth - INFO - 收到登录请求: {'user_id': 'buyer_2_46abceaa-bda4-11ef-87d8-02a6845b4b32', 'password': 'buyer_seller_2_46abceaa-bda4-11ef-87d8-02a6845b4b32', 'terminal': 'my terminal'}
2024-12-19 09:00:12 - be.model.user - INFO - 尝试登录用户：buyer_2_46abceaa-bda4-11ef-87d8-02a6845b4b32，终端：my terminal
2024-12-19 09:00:13 - be.model.user - INFO - 为用户 buyer_2_46abceaa-bda4-11ef-87d8-02a6845b4b32 生成新token，终端：my terminal
2024-12-19 09:00:13 - be.model.user - INFO - 用户登录成功：buyer_2_46abceaa-bda4-11ef-87d8-02a6845b4b32
2024-12-19 09:00:13 - be.view.auth - INFO - 登录处理结果: 200
2024-12-19 09:00:13 - werkzeug - INFO - 127.0.0.1 - - [19/Dec/2024 09:00:13] "POST /auth/login HTTP/1.1" 200 -
2024-12-19 09:00:13 - be.view.auth - INFO - 收到登录请求: {'user_id': 'buyer_8_46abceaa-bda4-11ef-87d8-02a6845b4b32', 'password': 'buyer_seller_8_46abceaa-bda4-11ef-87d8-02a6845b4b32', 'terminal': 'my terminal'}
2024-12-19 09:00:13 - be.model.user - INFO - 尝试登录用户：buyer_8_46abceaa-bda4-11ef-87d8-02a6845b4b32，终端：my terminal
2024-12-19 09:00:13 - be.model.user - INFO - 为用户 buyer_8_46abceaa-bda4-11ef-87d8-02a6845b4b32 生成新token，终端：my terminal
2024-12-19 09:00:13 - be.model.user - INFO - 用户登录成功：buyer_8_46abceaa-bda4-11ef-87d8-02a6845b4b32
2024-12-19 09:00:13 - be.view.auth - INFO - 登录处理结果: 200
2024-12-19 09:00:13 - werkzeug - INFO - 127.0.0.1 - - [19/Dec/2024 09:00:13] "POST /auth/login HTTP/1.1" 200 -
2024-12-19 09:00:13 - be.view.auth - INFO - 收到登录请求: {'user_id': 'buyer_8_46abceaa-bda4-11ef-87d8-02a6845b4b32', 'password': 'buyer_seller_8_46abceaa-bda4-11ef-87d8-02a6845b4b32', 'terminal': 'my terminal'}
2024-12-19 09:00:13 - be.model.user - INFO - 尝试登录用户：buyer_8_46abceaa-bda4-11ef-87d8-02a6845b4b32，终端：my terminal
2024-12-19 09:00:13 - be.model.user - INFO - 为用户 buyer_8_46abceaa-bda4-11ef-87d8-02a6845b4b32 生成新token，终端：my terminal
2024-12-19 09:00:13 - be.model.user - INFO - 用户登录成功：buyer_8_46abceaa-bda4-11ef-87d8-02a6845b4b32
2024-12-19 09:00:13 - be.view.auth - INFO - 登录处理结果: 200
2024-12-19 09:00:13 - werkzeug - INFO - 127.0.0.1 - - [19/Dec/2024 09:00:13] "POST /auth/login HTTP/1.1" 200 -
2024-12-19 09:00:13 - be.view.auth - INFO - 收到登录请求: {'user_id': 'buyer_1_46abceaa-bda4-11ef-87d8-02a6845b4b32', 'password': 'buyer_seller_1_46abceaa-bda4-11ef-87d8-02a6845b4b32', 'terminal': 'my terminal'}
2024-12-19 09:00:13 - be.model.user - INFO - 尝试登录用户：buyer_1_46abceaa-bda4-11ef-87d8-02a6845b4b32，终端：my terminal
2024-12-19 09:00:13 - be.model.user - INFO - 为用户 buyer_1_46abceaa-bda4-11ef-87d8-02a6845b4b32 生成新token，终端：my terminal
2024-12-19 09:00:13 - be.model.user - INFO - 用户登录成功：buyer_1_46abceaa-bda4-11ef-87d8-02a6845b4b32
2024-12-19 09:00:13 - be.view.auth - INFO - 登录处理结果: 200
2024-12-19 09:00:13 - werkzeug - INFO - 127.0.0.1 - - [19/Dec/2024 09:00:13] "POST /auth/login HTTP/1.1" 200 -
2024-12-19 09:00:13 - be.view.auth - INFO - 收到登录请求: {'user_id': 'buyer_4_46abceaa-bda4-11ef-87d8-02a6845b4b32', 'password': 'buyer_seller_4_46abceaa-bda4-11ef-87d8-02a6845b4b32', 'terminal': 'my terminal'}
2024-12-19 09:00:13 - be.model.user - INFO - 尝试登录用户：buyer_4_46abceaa-bda4-11ef-87d8-02a6845b4b32，终端：my terminal
2024-12-19 09:00:13 - be.model.user - INFO - 为用户 buyer_4_46abceaa-bda4-11ef-87d8-02a6845b4b32 生成新token，终端：my terminal
2024-12-19 09:00:13 - be.model.user - INFO - 用户登录成功：buyer_4_46abceaa-bda4-11ef-87d8-02a6845b4b32
2024-12-19 09:00:14 - be.view.auth - INFO - 登录处理结果: 200
2024-12-19 09:00:14 - werkzeug - INFO - 127.0.0.1 - - [19/Dec/2024 09:00:14] "POST /auth/login HTTP/1.1" 200 -
2024-12-19 09:00:14 - be.view.auth - INFO - 收到登录请求: {'user_id': 'buyer_9_46abceaa-bda4-11ef-87d8-02a6845b4b32', 'password': 'buyer_seller_9_46abceaa-bda4-11ef-87d8-02a6845b4b32', 'terminal': 'my terminal'}
2024-12-19 09:00:14 - be.model.user - INFO - 尝试登录用户：buyer_9_46abceaa-bda4-11ef-87d8-02a6845b4b32，终端：my terminal
2024-12-19 09:00:14 - be.model.user - INFO - 为用户 buyer_9_46abceaa-bda4-11ef-87d8-02a6845b4b32 生成新token，终端：my terminal
2024-12-19 09:00:14 - be.model.user - INFO - 用户登录成功：buyer_9_46abceaa-bda4-11ef-87d8-02a6845b4b32
2024-12-19 09:00:14 - be.view.auth - INFO - 登录处理结果: 200
2024-12-19 09:00:14 - werkzeug - INFO - 127.0.0.1 - - [19/Dec/2024 09:00:14] "POST /auth/login HTTP/1.1" 200 -
2024-12-19 09:00:14 - be.view.auth - INFO - 收到登录请求: {'user_id': 'buyer_6_46abceaa-bda4-11ef-87d8-02a6845b4b32', 'password': 'buyer_seller_6_46abceaa-bda4-11ef-87d8-02a6845b4b32', 'terminal': 'my terminal'}
2024-12-19 09:00:14 - be.model.user - INFO - 尝试登录用户：buyer_6_46abceaa-bda4-11ef-87d8-02a6845b4b32，终端：my terminal
2024-12-19 09:00:14 - be.model.user - INFO - 为用户 buyer_6_46abceaa-bda4-11ef-87d8-02a6845b4b32 生成新token，终端：my terminal
2024-12-19 09:00:14 - be.model.user - INFO - 用户登录成功：buyer_6_46abceaa-bda4-11ef-87d8-02a6845b4b32
2024-12-19 09:00:14 - be.view.auth - INFO - 登录处理结果: 200
2024-12-19 09:00:14 - werkzeug - INFO - 127.0.0.1 - - [19/Dec/2024 09:00:14] "POST /auth/login HTTP/1.1" 200 -
2024-12-19 09:00:14 - be.view.auth - INFO - 收到登录请求: {'user_id': 'buyer_3_46abceaa-bda4-11ef-87d8-02a6845b4b32', 'password': 'buyer_seller_3_46abceaa-bda4-11ef-87d8-02a6845b4b32', 'terminal': 'my terminal'}
2024-12-19 09:00:14 - be.model.user - INFO - 尝试登录用户：buyer_3_46abceaa-bda4-11ef-87d8-02a6845b4b32，终端：my terminal
2024-12-19 09:00:14 - be.model.user - INFO - 为用户 buyer_3_46abceaa-bda4-11ef-87d8-02a6845b4b32 生成新token，终端：my terminal
2024-12-19 09:00:14 - be.model.user - INFO - 用户登录成功：buyer_3_46abceaa-bda4-11ef-87d8-02a6845b4b32
2024-12-19 09:00:14 - be.view.auth - INFO - 登录处理结果: 200
2024-12-19 09:00:14 - werkzeug - INFO - 127.0.0.1 - - [19/Dec/2024 09:00:14] "POST /auth/login HTTP/1.1" 200 -
2024-12-19 09:00:14 - be.view.auth - INFO - 收到登录请求: {'user_id': 'buyer_6_46abceaa-bda4-11ef-87d8-02a6845b4b32', 'password': 'buyer_seller_6_46abceaa-bda4-11ef-87d8-02a6845b4b32', 'terminal': 'my terminal'}
2024-12-19 09:00:14 - be.model.user - INFO - 尝试登录用户：buyer_6_46abceaa-bda4-11ef-87d8-02a6845b4b32，终端：my terminal
2024-12-19 09:00:14 - be.model.user - INFO - 为用户 buyer_6_46abceaa-bda4-11ef-87d8-02a6845b4b32 生成新token，终端：my terminal
2024-12-19 09:00:14 - be.model.user - INFO - 用户登录成功：buyer_6_46abceaa-bda4-11ef-87d8-02a6845b4b32
2024-12-19 09:00:15 - be.view.auth - INFO - 登录处理结果: 200
2024-12-19 09:00:15 - werkzeug - INFO - 127.0.0.1 - - [19/Dec/2024 09:00:15] "POST /auth/login HTTP/1.1" 200 -
2024-12-19 09:00:15 - be.view.auth - INFO - 收到登录请求: {'user_id': 'buyer_9_46abceaa-bda4-11ef-87d8-02a6845b4b32', 'password': 'buyer_seller_9_46abceaa-bda4-11ef-87d8-02a6845b4b32', 'terminal': 'my terminal'}
2024-12-19 09:00:15 - be.model.user - INFO - 尝试登录用户：buyer_9_46abceaa-bda4-11ef-87d8-02a6845b4b32，终端：my terminal
2024-12-19 09:00:15 - be.model.user - INFO - 为用户 buyer_9_46abceaa-bda4-11ef-87d8-02a6845b4b32 生成新token，终端：my terminal
2024-12-19 09:00:15 - be.model.user - INFO - 用户登录成功：buyer_9_46abceaa-bda4-11ef-87d8-02a6845b4b32
2024-12-19 09:00:15 - be.view.auth - INFO - 登录处理结果: 200
2024-12-19 09:00:15 - werkzeug - INFO - 127.0.0.1 - - [19/Dec/2024 09:00:15] "POST /auth/login HTTP/1.1" 200 -
2024-12-19 09:00:15 - be.view.auth - INFO - 收到登录请求: {'user_id': 'buyer_9_46abceaa-bda4-11ef-87d8-02a6845b4b32', 'password': 'buyer_seller_9_46abceaa-bda4-11ef-87d8-02a6845b4b32', 'terminal': 'my terminal'}
2024-12-19 09:00:15 - be.model.user - INFO - 尝试登录用户：buyer_9_46abceaa-bda4-11ef-87d8-02a6845b4b32，终端：my terminal
2024-12-19 09:00:15 - be.model.user - INFO - 为用户 buyer_9_46abceaa-bda4-11ef-87d8-02a6845b4b32 生成新token，终端：my terminal
2024-12-19 09:00:15 - be.model.user - INFO - 用户登录成功：buyer_9_46abceaa-bda4-11ef-87d8-02a6845b4b32
2024-12-19 09:00:15 - be.view.auth - INFO - 登录处理结果: 200
2024-12-19 09:00:15 - werkzeug - INFO - 127.0.0.1 - - [19/Dec/2024 09:00:15] "POST /auth/login HTTP/1.1" 200 -
2024-12-19 09:00:15 - be.view.auth - INFO - 收到登录请求: {'user_id': 'buyer_2_46abceaa-bda4-11ef-87d8-02a6845b4b32', 'password': 'buyer_seller_2_46abceaa-bda4-11ef-87d8-02a6845b4b32', 'terminal': 'my terminal'}
2024-12-19 09:00:15 - be.model.user - INFO - 尝试登录用户：buyer_2_46abceaa-bda4-11ef-87d8-02a6845b4b32，终端：my terminal
2024-12-19 09:00:15 - be.model.user - INFO - 为用户 buyer_2_46abceaa-bda4-11ef-87d8-02a6845b4b32 生成新token，终端：my terminal
2024-12-19 09:00:15 - be.model.user - INFO - 用户登录成功：buyer_2_46abceaa-bda4-11ef-87d8-02a6845b4b32
2024-12-19 09:00:15 - be.view.auth - INFO - 登录处理结果: 200
2024-12-19 09:00:15 - werkzeug - INFO - 127.0.0.1 - - [19/Dec/2024 09:00:15] "POST /auth/login HTTP/1.1" 200 -
2024-12-19 09:00:15 - be.view.auth - INFO - 收到登录请求: {'user_id': 'buyer_10_46abceaa-bda4-11ef-87d8-02a6845b4b32', 'password': 'buyer_seller_10_46abceaa-bda4-11ef-87d8-02a6845b4b32', 'terminal': 'my terminal'}
2024-12-19 09:00:15 - be.model.user - INFO - 尝试登录用户：buyer_10_46abceaa-bda4-11ef-87d8-02a6845b4b32，终端：my terminal
2024-12-19 09:00:15 - be.model.user - INFO - 为用户 buyer_10_46abceaa-bda4-11ef-87d8-02a6845b4b32 生成新token，终端：my terminal
2024-12-19 09:00:15 - be.model.user - INFO - 用户登录成功：buyer_10_46abceaa-bda4-11ef-87d8-02a6845b4b32
2024-12-19 09:00:15 - be.view.auth - INFO - 登录处理结果: 200
2024-12-19 09:00:15 - werkzeug - INFO - 127.0.0.1 - - [19/Dec/2024 09:00:15] "POST /auth/login HTTP/1.1" 200 -
2024-12-19 09:00:15 - be.view.auth - INFO - 收到登录请求: {'user_id': 'buyer_2_46abceaa-bda4-11ef-87d8-02a6845b4b32', 'password': 'buyer_seller_2_46abceaa-bda4-11ef-87d8-02a6845b4b32', 'terminal': 'my terminal'}
2024-12-19 09:00:15 - be.model.user - INFO - 尝试登录用户：buyer_2_46abceaa-bda4-11ef-87d8-02a6845b4b32，终端：my terminal
2024-12-19 09:00:16 - be.model.user - INFO - 为用户 buyer_2_46abceaa-bda4-11ef-87d8-02a6845b4b32 生成新token，终端：my terminal
2024-12-19 09:00:16 - be.model.user - INFO - 用户登录成功：buyer_2_46abceaa-bda4-11ef-87d8-02a6845b4b32
2024-12-19 09:00:16 - be.view.auth - INFO - 登录处理结果: 200
2024-12-19 09:00:16 - werkzeug - INFO - 127.0.0.1 - - [19/Dec/2024 09:00:16] "POST /auth/login HTTP/1.1" 200 -
2024-12-19 09:00:16 - be.view.auth - INFO - 收到登录请求: {'user_id': 'buyer_3_46abceaa-bda4-11ef-87d8-02a6845b4b32', 'password': 'buyer_seller_3_46abceaa-bda4-11ef-87d8-02a6845b4b32', 'terminal': 'my terminal'}
2024-12-19 09:00:16 - be.model.user - INFO - 尝试登录用户：buyer_3_46abceaa-bda4-11ef-87d8-02a6845b4b32，终端：my terminal
2024-12-19 09:00:16 - be.model.user - INFO - 为用户 buyer_3_46abceaa-bda4-11ef-87d8-02a6845b4b32 生成新token，终端：my terminal
2024-12-19 09:00:16 - be.model.user - INFO - 用户登录成功：buyer_3_46abceaa-bda4-11ef-87d8-02a6845b4b32
2024-12-19 09:00:16 - be.view.auth - INFO - 登录处理结果: 200
2024-12-19 09:00:16 - werkzeug - INFO - 127.0.0.1 - - [19/Dec/2024 09:00:16] "POST /auth/login HTTP/1.1" 200 -
2024-12-19 09:00:16 - be.view.auth - INFO - 收到登录请求: {'user_id': 'buyer_10_46abceaa-bda4-11ef-87d8-02a6845b4b32', 'password': 'buyer_seller_10_46abceaa-bda4-11ef-87d8-02a6845b4b32', 'terminal': 'my terminal'}
2024-12-19 09:00:16 - be.model.user - INFO - 尝试登录用户：buyer_10_46abceaa-bda4-11ef-87d8-02a6845b4b32，终端：my terminal
2024-12-19 09:00:16 - be.model.user - INFO - 为用户 buyer_10_46abceaa-bda4-11ef-87d8-02a6845b4b32 生成新token，终端：my terminal
2024-12-19 09:00:16 - be.model.user - INFO - 用户登录成功：buyer_10_46abceaa-bda4-11ef-87d8-02a6845b4b32
2024-12-19 09:00:16 - be.view.auth - INFO - 登录处理结果: 200
2024-12-19 09:00:16 - werkzeug - INFO - 127.0.0.1 - - [19/Dec/2024 09:00:16] "POST /auth/login HTTP/1.1" 200 -
2024-12-19 09:00:16 - be.view.auth - INFO - 收到登录请求: {'user_id': 'buyer_4_46abceaa-bda4-11ef-87d8-02a6845b4b32', 'password': 'buyer_seller_4_46abceaa-bda4-11ef-87d8-02a6845b4b32', 'terminal': 'my terminal'}
2024-12-19 09:00:16 - be.model.user - INFO - 尝试登录用户：buyer_4_46abceaa-bda4-11ef-87d8-02a6845b4b32，终端：my terminal
2024-12-19 09:00:16 - be.model.user - INFO - 为用户 buyer_4_46abceaa-bda4-11ef-87d8-02a6845b4b32 生成新token，终端：my terminal
2024-12-19 09:00:16 - be.model.user - INFO - 用户登录成功：buyer_4_46abceaa-bda4-11ef-87d8-02a6845b4b32
2024-12-19 09:00:16 - be.view.auth - INFO - 登录处理结果: 200
2024-12-19 09:00:16 - werkzeug - INFO - 127.0.0.1 - - [19/Dec/2024 09:00:16] "POST /auth/login HTTP/1.1" 200 -
2024-12-19 09:00:16 - be.view.auth - INFO - 收到登录请求: {'user_id': 'buyer_7_46abceaa-bda4-11ef-87d8-02a6845b4b32', 'password': 'buyer_seller_7_46abceaa-bda4-11ef-87d8-02a6845b4b32', 'terminal': 'my terminal'}
2024-12-19 09:00:16 - be.model.user - INFO - 尝试登录用户：buyer_7_46abceaa-bda4-11ef-87d8-02a6845b4b32，终端：my terminal
2024-12-19 09:00:16 - be.model.user - INFO - 为用户 buyer_7_46abceaa-bda4-11ef-87d8-02a6845b4b32 生成新token，终端：my terminal
2024-12-19 09:00:16 - be.model.user - INFO - 用户登录成功：buyer_7_46abceaa-bda4-11ef-87d8-02a6845b4b32
2024-12-19 09:00:17 - be.view.auth - INFO - 登录处理结果: 200
2024-12-19 09:00:17 - werkzeug - INFO - 127.0.0.1 - - [19/Dec/2024 09:00:17] "POST /auth/login HTTP/1.1" 200 -
2024-12-19 09:00:17 - be.view.auth - INFO - 收到登录请求: {'user_id': 'buyer_8_46abceaa-bda4-11ef-87d8-02a6845b4b32', 'password': 'buyer_seller_8_46abceaa-bda4-11ef-87d8-02a6845b4b32', 'terminal': 'my terminal'}
2024-12-19 09:00:17 - be.model.user - INFO - 尝试登录用户：buyer_8_46abceaa-bda4-11ef-87d8-02a6845b4b32，终端：my terminal
2024-12-19 09:00:17 - be.model.user - INFO - 为用户 buyer_8_46abceaa-bda4-11ef-87d8-02a6845b4b32 生成新token，终端：my terminal
2024-12-19 09:00:17 - be.model.user - INFO - 用户登录成功：buyer_8_46abceaa-bda4-11ef-87d8-02a6845b4b32
2024-12-19 09:00:17 - be.view.auth - INFO - 登录处理结果: 200
2024-12-19 09:00:17 - werkzeug - INFO - 127.0.0.1 - - [19/Dec/2024 09:00:17] "POST /auth/login HTTP/1.1" 200 -
2024-12-19 09:00:17 - be.view.auth - INFO - 收到登录请求: {'user_id': 'buyer_3_46abceaa-bda4-11ef-87d8-02a6845b4b32', 'password': 'buyer_seller_3_46abceaa-bda4-11ef-87d8-02a6845b4b32', 'terminal': 'my terminal'}
2024-12-19 09:00:17 - be.model.user - INFO - 尝试登录用户：buyer_3_46abceaa-bda4-11ef-87d8-02a6845b4b32，终端：my terminal
2024-12-19 09:00:17 - be.model.user - INFO - 为用户 buyer_3_46abceaa-bda4-11ef-87d8-02a6845b4b32 生成新token，终端：my terminal
2024-12-19 09:00:17 - be.model.user - INFO - 用户登录成功：buyer_3_46abceaa-bda4-11ef-87d8-02a6845b4b32
2024-12-19 09:00:17 - be.view.auth - INFO - 登录处理结果: 200
2024-12-19 09:00:17 - werkzeug - INFO - 127.0.0.1 - - [19/Dec/2024 09:00:17] "POST /auth/login HTTP/1.1" 200 -
2024-12-19 09:00:17 - be.view.auth - INFO - 收到登录请求: {'user_id': 'buyer_9_46abceaa-bda4-11ef-87d8-02a6845b4b32', 'password': 'buyer_seller_9_46abceaa-bda4-11ef-87d8-02a6845b4b32', 'terminal': 'my terminal'}
2024-12-19 09:00:17 - be.model.user - INFO - 尝试登录用户：buyer_9_46abceaa-bda4-11ef-87d8-02a6845b4b32，终端：my terminal
2024-12-19 09:00:17 - be.model.user - INFO - 为用户 buyer_9_46abceaa-bda4-11ef-87d8-02a6845b4b32 生成新token，终端：my terminal
2024-12-19 09:00:17 - be.model.user - INFO - 用户登录成功：buyer_9_46abceaa-bda4-11ef-87d8-02a6845b4b32
2024-12-19 09:00:17 - be.view.auth - INFO - 登录处理结果: 200
2024-12-19 09:00:17 - werkzeug - INFO - 127.0.0.1 - - [19/Dec/2024 09:00:17] "POST /auth/login HTTP/1.1" 200 -
2024-12-19 09:00:17 - be.view.auth - INFO - 收到登录请求: {'user_id': 'buyer_4_46abceaa-bda4-11ef-87d8-02a6845b4b32', 'password': 'buyer_seller_4_46abceaa-bda4-11ef-87d8-02a6845b4b32', 'terminal': 'my terminal'}
2024-12-19 09:00:17 - be.model.user - INFO - 尝试登录用户：buyer_4_46abceaa-bda4-11ef-87d8-02a6845b4b32，终端：my terminal
2024-12-19 09:00:17 - be.model.user - INFO - 为用户 buyer_4_46abceaa-bda4-11ef-87d8-02a6845b4b32 生成新token，终端：my terminal
2024-12-19 09:00:17 - be.model.user - INFO - 用户登录成功：buyer_4_46abceaa-bda4-11ef-87d8-02a6845b4b32
2024-12-19 09:00:17 - be.view.auth - INFO - 登录处理结果: 200
2024-12-19 09:00:17 - werkzeug - INFO - 127.0.0.1 - - [19/Dec/2024 09:00:17] "POST /auth/login HTTP/1.1" 200 -
2024-12-19 09:00:17 - be.view.auth - INFO - 收到登录请求: {'user_id': 'buyer_1_46abceaa-bda4-11ef-87d8-02a6845b4b32', 'password': 'buyer_seller_1_46abceaa-bda4-11ef-87d8-02a6845b4b32', 'terminal': 'my terminal'}
2024-12-19 09:00:17 - be.model.user - INFO - 尝试登录用户：buyer_1_46abceaa-bda4-11ef-87d8-02a6845b4b32，终端：my terminal
2024-12-19 09:00:18 - be.model.user - INFO - 为用户 buyer_1_46abceaa-bda4-11ef-87d8-02a6845b4b32 生成新token，终端：my terminal
2024-12-19 09:00:18 - be.model.user - INFO - 用户登录成功：buyer_1_46abceaa-bda4-11ef-87d8-02a6845b4b32
2024-12-19 09:00:18 - be.view.auth - INFO - 登录处理结果: 200
2024-12-19 09:00:18 - werkzeug - INFO - 127.0.0.1 - - [19/Dec/2024 09:00:18] "POST /auth/login HTTP/1.1" 200 -
2024-12-19 09:00:18 - be.view.auth - INFO - 收到登录请求: {'user_id': 'buyer_7_46abceaa-bda4-11ef-87d8-02a6845b4b32', 'password': 'buyer_seller_7_46abceaa-bda4-11ef-87d8-02a6845b4b32', 'terminal': 'my terminal'}
2024-12-19 09:00:18 - be.model.user - INFO - 尝试登录用户：buyer_7_46abceaa-bda4-11ef-87d8-02a6845b4b32，终端：my terminal
2024-12-19 09:00:18 - be.model.user - INFO - 为用户 buyer_7_46abceaa-bda4-11ef-87d8-02a6845b4b32 生成新token，终端：my terminal
2024-12-19 09:00:18 - be.model.user - INFO - 用户登录成功：buyer_7_46abceaa-bda4-11ef-87d8-02a6845b4b32
2024-12-19 09:00:18 - be.view.auth - INFO - 登录处理结果: 200
2024-12-19 09:00:18 - werkzeug - INFO - 127.0.0.1 - - [19/Dec/2024 09:00:18] "POST /auth/login HTTP/1.1" 200 -
2024-12-19 09:00:18 - be.view.auth - INFO - 收到登录请求: {'user_id': 'buyer_9_46abceaa-bda4-11ef-87d8-02a6845b4b32', 'password': 'buyer_seller_9_46abceaa-bda4-11ef-87d8-02a6845b4b32', 'terminal': 'my terminal'}
2024-12-19 09:00:18 - be.model.user - INFO - 尝试登录用户：buyer_9_46abceaa-bda4-11ef-87d8-02a6845b4b32，终端：my terminal
2024-12-19 09:00:18 - be.model.user - INFO - 为用户 buyer_9_46abceaa-bda4-11ef-87d8-02a6845b4b32 生成新token，终端：my terminal
2024-12-19 09:00:18 - be.model.user - INFO - 用户登录成功：buyer_9_46abceaa-bda4-11ef-87d8-02a6845b4b32
2024-12-19 09:00:18 - be.view.auth - INFO - 登录处理结果: 200
2024-12-19 09:00:18 - werkzeug - INFO - 127.0.0.1 - - [19/Dec/2024 09:00:18] "POST /auth/login HTTP/1.1" 200 -
2024-12-19 09:00:18 - be.view.auth - INFO - 收到登录请求: {'user_id': 'buyer_8_46abceaa-bda4-11ef-87d8-02a6845b4b32', 'password': 'buyer_seller_8_46abceaa-bda4-11ef-87d8-02a6845b4b32', 'terminal': 'my terminal'}
2024-12-19 09:00:18 - be.model.user - INFO - 尝试登录用户：buyer_8_46abceaa-bda4-11ef-87d8-02a6845b4b32，终端：my terminal
2024-12-19 09:00:18 - be.model.user - INFO - 为用户 buyer_8_46abceaa-bda4-11ef-87d8-02a6845b4b32 生成新token，终端：my terminal
2024-12-19 09:00:18 - be.model.user - INFO - 用户登录成功：buyer_8_46abceaa-bda4-11ef-87d8-02a6845b4b32
2024-12-19 09:00:18 - be.view.auth - INFO - 登录处理结果: 200
2024-12-19 09:00:18 - werkzeug - INFO - 127.0.0.1 - - [19/Dec/2024 09:00:18] "POST /auth/login HTTP/1.1" 200 -
2024-12-19 09:00:18 - be.view.auth - INFO - 收到登录请求: {'user_id': 'buyer_10_46abceaa-bda4-11ef-87d8-02a6845b4b32', 'password': 'buyer_seller_10_46abceaa-bda4-11ef-87d8-02a6845b4b32', 'terminal': 'my terminal'}
2024-12-19 09:00:18 - be.model.user - INFO - 尝试登录用户：buyer_10_46abceaa-bda4-11ef-87d8-02a6845b4b32，终端：my terminal
2024-12-19 09:00:19 - be.model.user - INFO - 为用户 buyer_10_46abceaa-bda4-11ef-87d8-02a6845b4b32 生成新token，终端：my terminal
2024-12-19 09:00:19 - be.model.user - INFO - 用户登录成功：buyer_10_46abceaa-bda4-11ef-87d8-02a6845b4b32
2024-12-19 09:00:19 - be.view.auth - INFO - 登录处理结果: 200
2024-12-19 09:00:19 - werkzeug - INFO - 127.0.0.1 - - [19/Dec/2024 09:00:19] "POST /auth/login HTTP/1.1" 200 -
2024-12-19 09:00:19 - be.view.auth - INFO - 收到登录请求: {'user_id': 'buyer_10_46abceaa-bda4-11ef-87d8-02a6845b4b32', 'password': 'buyer_seller_10_46abceaa-bda4-11ef-87d8-02a6845b4b32', 'terminal': 'my terminal'}
2024-12-19 09:00:19 - be.model.user - INFO - 尝试登录用户：buyer_10_46abceaa-bda4-11ef-87d8-02a6845b4b32，终端：my terminal
2024-12-19 09:00:19 - be.model.user - INFO - 为用户 buyer_10_46abceaa-bda4-11ef-87d8-02a6845b4b32 生成新token，终端：my terminal
2024-12-19 09:00:19 - be.model.user - INFO - 用户登录成功：buyer_10_46abceaa-bda4-11ef-87d8-02a6845b4b32
2024-12-19 09:00:19 - be.view.auth - INFO - 登录处理结果: 200
2024-12-19 09:00:19 - werkzeug - INFO - 127.0.0.1 - - [19/Dec/2024 09:00:19] "POST /auth/login HTTP/1.1" 200 -
2024-12-19 09:00:19 - be.view.auth - INFO - 收到登录请求: {'user_id': 'buyer_8_46abceaa-bda4-11ef-87d8-02a6845b4b32', 'password': 'buyer_seller_8_46abceaa-bda4-11ef-87d8-02a6845b4b32', 'terminal': 'my terminal'}
2024-12-19 09:00:19 - be.model.user - INFO - 尝试登录用户：buyer_8_46abceaa-bda4-11ef-87d8-02a6845b4b32，终端：my terminal
2024-12-19 09:00:19 - be.model.user - INFO - 为用户 buyer_8_46abceaa-bda4-11ef-87d8-02a6845b4b32 生成新token，终端：my terminal
2024-12-19 09:00:19 - be.model.user - INFO - 用户登录成功：buyer_8_46abceaa-bda4-11ef-87d8-02a6845b4b32
2024-12-19 09:00:19 - be.view.auth - INFO - 登录处理结果: 200
2024-12-19 09:00:19 - werkzeug - INFO - 127.0.0.1 - - [19/Dec/2024 09:00:19] "POST /auth/login HTTP/1.1" 200 -
2024-12-19 09:00:19 - be.view.auth - INFO - 收到登录请求: {'user_id': 'buyer_9_46abceaa-bda4-11ef-87d8-02a6845b4b32', 'password': 'buyer_seller_9_46abceaa-bda4-11ef-87d8-02a6845b4b32', 'terminal': 'my terminal'}
2024-12-19 09:00:19 - be.model.user - INFO - 尝试登录用户：buyer_9_46abceaa-bda4-11ef-87d8-02a6845b4b32，终端：my terminal
2024-12-19 09:00:19 - be.model.user - INFO - 为用户 buyer_9_46abceaa-bda4-11ef-87d8-02a6845b4b32 生成新token，终端：my terminal
2024-12-19 09:00:19 - be.model.user - INFO - 用户登录成功：buyer_9_46abceaa-bda4-11ef-87d8-02a6845b4b32
2024-12-19 09:00:19 - be.view.auth - INFO - 登录处理结果: 200
2024-12-19 09:00:19 - werkzeug - INFO - 127.0.0.1 - - [19/Dec/2024 09:00:19] "POST /auth/login HTTP/1.1" 200 -
2024-12-19 09:00:19 - be.view.auth - INFO - 收到登录请求: {'user_id': 'buyer_1_46abceaa-bda4-11ef-87d8-02a6845b4b32', 'password': 'buyer_seller_1_46abceaa-bda4-11ef-87d8-02a6845b4b32', 'terminal': 'my terminal'}
2024-12-19 09:00:19 - be.model.user - INFO - 尝试登录用户：buyer_1_46abceaa-bda4-11ef-87d8-02a6845b4b32，终端：my terminal
2024-12-19 09:00:19 - be.model.user - INFO - 为用户 buyer_1_46abceaa-bda4-11ef-87d8-02a6845b4b32 生成新token，终端：my terminal
2024-12-19 09:00:19 - be.model.user - INFO - 用户登录成功：buyer_1_46abceaa-bda4-11ef-87d8-02a6845b4b32
2024-12-19 09:00:20 - be.view.auth - INFO - 登录处理结果: 200
2024-12-19 09:00:20 - werkzeug - INFO - 127.0.0.1 - - [19/Dec/2024 09:00:20] "POST /auth/login HTTP/1.1" 200 -
2024-12-19 09:00:20 - be.view.auth - INFO - 收到登录请求: {'user_id': 'buyer_4_46abceaa-bda4-11ef-87d8-02a6845b4b32', 'password': 'buyer_seller_4_46abceaa-bda4-11ef-87d8-02a6845b4b32', 'terminal': 'my terminal'}
2024-12-19 09:00:20 - be.model.user - INFO - 尝试登录用户：buyer_4_46abceaa-bda4-11ef-87d8-02a6845b4b32，终端：my terminal
2024-12-19 09:00:20 - be.model.user - INFO - 为用户 buyer_4_46abceaa-bda4-11ef-87d8-02a6845b4b32 生成新token，终端：my terminal
2024-12-19 09:00:20 - be.model.user - INFO - 用户登录成功：buyer_4_46abceaa-bda4-11ef-87d8-02a6845b4b32
2024-12-19 09:00:20 - be.view.auth - INFO - 登录处理结果: 200
2024-12-19 09:00:20 - werkzeug - INFO - 127.0.0.1 - - [19/Dec/2024 09:00:20] "POST /auth/login HTTP/1.1" 200 -
2024-12-19 09:00:20 - be.view.auth - INFO - 收到登录请求: {'user_id': 'buyer_8_46abceaa-bda4-11ef-87d8-02a6845b4b32', 'password': 'buyer_seller_8_46abceaa-bda4-11ef-87d8-02a6845b4b32', 'terminal': 'my terminal'}
2024-12-19 09:00:20 - be.model.user - INFO - 尝试登录用户：buyer_8_46abceaa-bda4-11ef-87d8-02a6845b4b32，终端：my terminal
2024-12-19 09:00:20 - be.model.user - INFO - 为用户 buyer_8_46abceaa-bda4-11ef-87d8-02a6845b4b32 生成新token，终端：my terminal
2024-12-19 09:00:20 - be.model.user - INFO - 用户登录成功：buyer_8_46abceaa-bda4-11ef-87d8-02a6845b4b32
2024-12-19 09:00:20 - be.view.auth - INFO - 登录处理结果: 200
2024-12-19 09:00:20 - werkzeug - INFO - 127.0.0.1 - - [19/Dec/2024 09:00:20] "POST /auth/login HTTP/1.1" 200 -
2024-12-19 09:00:20 - be.view.auth - INFO - 收到登录请求: {'user_id': 'buyer_2_46abceaa-bda4-11ef-87d8-02a6845b4b32', 'password': 'buyer_seller_2_46abceaa-bda4-11ef-87d8-02a6845b4b32', 'terminal': 'my terminal'}
2024-12-19 09:00:20 - be.model.user - INFO - 尝试登录用户：buyer_2_46abceaa-bda4-11ef-87d8-02a6845b4b32，终端：my terminal
2024-12-19 09:00:20 - be.model.user - INFO - 为用户 buyer_2_46abceaa-bda4-11ef-87d8-02a6845b4b32 生成新token，终端：my terminal
2024-12-19 09:00:20 - be.model.user - INFO - 用户登录成功：buyer_2_46abceaa-bda4-11ef-87d8-02a6845b4b32
2024-12-19 09:00:20 - be.view.auth - INFO - 登录处理结果: 200
2024-12-19 09:00:20 - werkzeug - INFO - 127.0.0.1 - - [19/Dec/2024 09:00:20] "POST /auth/login HTTP/1.1" 200 -
2024-12-19 09:00:20 - be.view.auth - INFO - 收到登录请求: {'user_id': 'buyer_6_46abceaa-bda4-11ef-87d8-02a6845b4b32', 'password': 'buyer_seller_6_46abceaa-bda4-11ef-87d8-02a6845b4b32', 'terminal': 'my terminal'}
2024-12-19 09:00:20 - be.model.user - INFO - 尝试登录用户：buyer_6_46abceaa-bda4-11ef-87d8-02a6845b4b32，终端：my terminal
2024-12-19 09:00:20 - be.model.user - INFO - 为用户 buyer_6_46abceaa-bda4-11ef-87d8-02a6845b4b32 生成新token，终端：my terminal
2024-12-19 09:00:20 - be.model.user - INFO - 用户登录成功：buyer_6_46abceaa-bda4-11ef-87d8-02a6845b4b32
2024-12-19 09:00:20 - be.view.auth - INFO - 登录处理结果: 200
2024-12-19 09:00:20 - werkzeug - INFO - 127.0.0.1 - - [19/Dec/2024 09:00:20] "POST /auth/login HTTP/1.1" 200 -
2024-12-19 09:00:20 - be.view.auth - INFO - 收到登录请求: {'user_id': 'buyer_6_46abceaa-bda4-11ef-87d8-02a6845b4b32', 'password': 'buyer_seller_6_46abceaa-bda4-11ef-87d8-02a6845b4b32', 'terminal': 'my terminal'}
2024-12-19 09:00:20 - be.model.user - INFO - 尝试登录用户：buyer_6_46abceaa-bda4-11ef-87d8-02a6845b4b32，终端：my terminal
2024-12-19 09:00:21 - be.model.user - INFO - 为用户 buyer_6_46abceaa-bda4-11ef-87d8-02a6845b4b32 生成新token，终端：my terminal
2024-12-19 09:00:21 - be.model.user - INFO - 用户登录成功：buyer_6_46abceaa-bda4-11ef-87d8-02a6845b4b32
2024-12-19 09:00:21 - be.view.auth - INFO - 登录处理结果: 200
2024-12-19 09:00:21 - werkzeug - INFO - 127.0.0.1 - - [19/Dec/2024 09:00:21] "POST /auth/login HTTP/1.1" 200 -
2024-12-19 09:00:21 - be.view.auth - INFO - 收到登录请求: {'user_id': 'buyer_1_46abceaa-bda4-11ef-87d8-02a6845b4b32', 'password': 'buyer_seller_1_46abceaa-bda4-11ef-87d8-02a6845b4b32', 'terminal': 'my terminal'}
2024-12-19 09:00:21 - be.model.user - INFO - 尝试登录用户：buyer_1_46abceaa-bda4-11ef-87d8-02a6845b4b32，终端：my terminal
2024-12-19 09:00:21 - be.model.user - INFO - 为用户 buyer_1_46abceaa-bda4-11ef-87d8-02a6845b4b32 生成新token，终端：my terminal
2024-12-19 09:00:21 - be.model.user - INFO - 用户登录成功：buyer_1_46abceaa-bda4-11ef-87d8-02a6845b4b32
2024-12-19 09:00:21 - be.view.auth - INFO - 登录处理结果: 200
2024-12-19 09:00:21 - werkzeug - INFO - 127.0.0.1 - - [19/Dec/2024 09:00:21] "POST /auth/login HTTP/1.1" 200 -
2024-12-19 09:00:21 - be.view.auth - INFO - 收到登录请求: {'user_id': 'buyer_7_46abceaa-bda4-11ef-87d8-02a6845b4b32', 'password': 'buyer_seller_7_46abceaa-bda4-11ef-87d8-02a6845b4b32', 'terminal': 'my terminal'}
2024-12-19 09:00:21 - be.model.user - INFO - 尝试登录用户：buyer_7_46abceaa-bda4-11ef-87d8-02a6845b4b32，终端：my terminal
2024-12-19 09:00:21 - be.model.user - INFO - 为用户 buyer_7_46abceaa-bda4-11ef-87d8-02a6845b4b32 生成新token，终端：my terminal
2024-12-19 09:00:21 - be.model.user - INFO - 用户登录成功：buyer_7_46abceaa-bda4-11ef-87d8-02a6845b4b32
2024-12-19 09:00:21 - be.view.auth - INFO - 登录处理结果: 200
2024-12-19 09:00:21 - werkzeug - INFO - 127.0.0.1 - - [19/Dec/2024 09:00:21] "POST /auth/login HTTP/1.1" 200 -
2024-12-19 09:00:21 - be.view.auth - INFO - 收到登录请求: {'user_id': 'buyer_7_46abceaa-bda4-11ef-87d8-02a6845b4b32', 'password': 'buyer_seller_7_46abceaa-bda4-11ef-87d8-02a6845b4b32', 'terminal': 'my terminal'}
2024-12-19 09:00:21 - be.model.user - INFO - 尝试登录用户：buyer_7_46abceaa-bda4-11ef-87d8-02a6845b4b32，终端：my terminal
2024-12-19 09:00:21 - be.model.user - INFO - 为用户 buyer_7_46abceaa-bda4-11ef-87d8-02a6845b4b32 生成新token，终端：my terminal
2024-12-19 09:00:21 - be.model.user - INFO - 用户登录成功：buyer_7_46abceaa-bda4-11ef-87d8-02a6845b4b32
2024-12-19 09:00:22 - be.view.auth - INFO - 登录处理结果: 200
2024-12-19 09:00:22 - werkzeug - INFO - 127.0.0.1 - - [19/Dec/2024 09:00:22] "POST /auth/login HTTP/1.1" 200 -
2024-12-19 09:00:22 - be.view.auth - INFO - 收到登录请求: {'user_id': 'buyer_3_46abceaa-bda4-11ef-87d8-02a6845b4b32', 'password': 'buyer_seller_3_46abceaa-bda4-11ef-87d8-02a6845b4b32', 'terminal': 'my terminal'}
2024-12-19 09:00:22 - be.model.user - INFO - 尝试登录用户：buyer_3_46abceaa-bda4-11ef-87d8-02a6845b4b32，终端：my terminal
2024-12-19 09:00:22 - be.model.user - INFO - 为用户 buyer_3_46abceaa-bda4-11ef-87d8-02a6845b4b32 生成新token，终端：my terminal
2024-12-19 09:00:22 - be.model.user - INFO - 用户登录成功：buyer_3_46abceaa-bda4-11ef-87d8-02a6845b4b32
2024-12-19 09:00:22 - be.view.auth - INFO - 登录处理结果: 200
2024-12-19 09:00:22 - werkzeug - INFO - 127.0.0.1 - - [19/Dec/2024 09:00:22] "POST /auth/login HTTP/1.1" 200 -
2024-12-19 09:00:22 - be.view.auth - INFO - 收到登录请求: {'user_id': 'buyer_6_46abceaa-bda4-11ef-87d8-02a6845b4b32', 'password': 'buyer_seller_6_46abceaa-bda4-11ef-87d8-02a6845b4b32', 'terminal': 'my terminal'}
2024-12-19 09:00:22 - be.model.user - INFO - 尝试登录用户：buyer_6_46abceaa-bda4-11ef-87d8-02a6845b4b32，终端：my terminal
2024-12-19 09:00:22 - be.model.user - INFO - 为用户 buyer_6_46abceaa-bda4-11ef-87d8-02a6845b4b32 生成新token，终端：my terminal
2024-12-19 09:00:22 - be.model.user - INFO - 用户登录成功：buyer_6_46abceaa-bda4-11ef-87d8-02a6845b4b32
2024-12-19 09:00:22 - be.view.auth - INFO - 登录处理结果: 200
2024-12-19 09:00:22 - werkzeug - INFO - 127.0.0.1 - - [19/Dec/2024 09:00:22] "POST /auth/login HTTP/1.1" 200 -
2024-12-19 09:00:22 - be.view.auth - INFO - 收到登录请求: {'user_id': 'buyer_9_46abceaa-bda4-11ef-87d8-02a6845b4b32', 'password': 'buyer_seller_9_46abceaa-bda4-11ef-87d8-02a6845b4b32', 'terminal': 'my terminal'}
2024-12-19 09:00:22 - be.model.user - INFO - 尝试登录用户：buyer_9_46abceaa-bda4-11ef-87d8-02a6845b4b32，终端：my terminal
2024-12-19 09:00:22 - be.model.user - INFO - 为用户 buyer_9_46abceaa-bda4-11ef-87d8-02a6845b4b32 生成新token，终端：my terminal
2024-12-19 09:00:22 - be.model.user - INFO - 用户登录成功：buyer_9_46abceaa-bda4-11ef-87d8-02a6845b4b32
2024-12-19 09:00:22 - be.view.auth - INFO - 登录处理结果: 200
2024-12-19 09:00:22 - werkzeug - INFO - 127.0.0.1 - - [19/Dec/2024 09:00:22] "POST /auth/login HTTP/1.1" 200 -
2024-12-19 09:00:22 - be.view.auth - INFO - 收到登录请求: {'user_id': 'buyer_8_46abceaa-bda4-11ef-87d8-02a6845b4b32', 'password': 'buyer_seller_8_46abceaa-bda4-11ef-87d8-02a6845b4b32', 'terminal': 'my terminal'}
2024-12-19 09:00:22 - be.model.user - INFO - 尝试登录用户：buyer_8_46abceaa-bda4-11ef-87d8-02a6845b4b32，终端：my terminal
2024-12-19 09:00:22 - be.model.user - INFO - 为用户 buyer_8_46abceaa-bda4-11ef-87d8-02a6845b4b32 生成新token，终端：my terminal
2024-12-19 09:00:22 - be.model.user - INFO - 用户登录成功：buyer_8_46abceaa-bda4-11ef-87d8-02a6845b4b32
2024-12-19 09:00:22 - be.view.auth - INFO - 登录处理结果: 200
2024-12-19 09:00:22 - werkzeug - INFO - 127.0.0.1 - - [19/Dec/2024 09:00:22] "POST /auth/login HTTP/1.1" 200 -
2024-12-19 09:00:23 - be.view.auth - INFO - 收到登录请求: {'user_id': 'buyer_4_46abceaa-bda4-11ef-87d8-02a6845b4b32', 'password': 'buyer_seller_4_46abceaa-bda4-11ef-87d8-02a6845b4b32', 'terminal': 'my terminal'}
2024-12-19 09:00:23 - be.model.user - INFO - 尝试登录用户：buyer_4_46abceaa-bda4-11ef-87d8-02a6845b4b32，终端：my terminal
2024-12-19 09:00:23 - be.model.user - INFO - 为用户 buyer_4_46abceaa-bda4-11ef-87d8-02a6845b4b32 生成新token，终端：my terminal
2024-12-19 09:00:23 - be.model.user - INFO - 用户登录成功：buyer_4_46abceaa-bda4-11ef-87d8-02a6845b4b32
2024-12-19 09:00:23 - be.view.auth - INFO - 登录处理结果: 200
2024-12-19 09:00:23 - werkzeug - INFO - 127.0.0.1 - - [19/Dec/2024 09:00:23] "POST /auth/login HTTP/1.1" 200 -
2024-12-19 09:00:23 - be.view.auth - INFO - 收到登录请求: {'user_id': 'buyer_1_46abceaa-bda4-11ef-87d8-02a6845b4b32', 'password': 'buyer_seller_1_46abceaa-bda4-11ef-87d8-02a6845b4b32', 'terminal': 'my terminal'}
2024-12-19 09:00:23 - be.model.user - INFO - 尝试登录用户：buyer_1_46abceaa-bda4-11ef-87d8-02a6845b4b32，终端：my terminal
2024-12-19 09:00:23 - be.model.user - INFO - 为用户 buyer_1_46abceaa-bda4-11ef-87d8-02a6845b4b32 生成新token，终端：my terminal
2024-12-19 09:00:23 - be.model.user - INFO - 用户登录成功：buyer_1_46abceaa-bda4-11ef-87d8-02a6845b4b32
2024-12-19 09:00:23 - be.view.auth - INFO - 登录处理结果: 200
2024-12-19 09:00:23 - werkzeug - INFO - 127.0.0.1 - - [19/Dec/2024 09:00:23] "POST /auth/login HTTP/1.1" 200 -
2024-12-19 09:00:23 - be.view.auth - INFO - 收到登录请求: {'user_id': 'buyer_4_46abceaa-bda4-11ef-87d8-02a6845b4b32', 'password': 'buyer_seller_4_46abceaa-bda4-11ef-87d8-02a6845b4b32', 'terminal': 'my terminal'}
2024-12-19 09:00:23 - be.model.user - INFO - 尝试登录用户：buyer_4_46abceaa-bda4-11ef-87d8-02a6845b4b32，终端：my terminal
2024-12-19 09:00:23 - be.model.user - INFO - 为用户 buyer_4_46abceaa-bda4-11ef-87d8-02a6845b4b32 生成新token，终端：my terminal
2024-12-19 09:00:23 - be.model.user - INFO - 用户登录成功：buyer_4_46abceaa-bda4-11ef-87d8-02a6845b4b32
2024-12-19 09:00:23 - be.view.auth - INFO - 登录处理结果: 200
2024-12-19 09:00:23 - werkzeug - INFO - 127.0.0.1 - - [19/Dec/2024 09:00:23] "POST /auth/login HTTP/1.1" 200 -
2024-12-19 09:00:23 - be.view.auth - INFO - 收到登录请求: {'user_id': 'buyer_8_46abceaa-bda4-11ef-87d8-02a6845b4b32', 'password': 'buyer_seller_8_46abceaa-bda4-11ef-87d8-02a6845b4b32', 'terminal': 'my terminal'}
2024-12-19 09:00:23 - be.model.user - INFO - 尝试登录用户：buyer_8_46abceaa-bda4-11ef-87d8-02a6845b4b32，终端：my terminal
2024-12-19 09:00:23 - be.model.user - INFO - 为用户 buyer_8_46abceaa-bda4-11ef-87d8-02a6845b4b32 生成新token，终端：my terminal
2024-12-19 09:00:23 - be.model.user - INFO - 用户登录成功：buyer_8_46abceaa-bda4-11ef-87d8-02a6845b4b32
2024-12-19 09:00:23 - be.view.auth - INFO - 登录处理结果: 200
2024-12-19 09:00:23 - werkzeug - INFO - 127.0.0.1 - - [19/Dec/2024 09:00:23] "POST /auth/login HTTP/1.1" 200 -
2024-12-19 09:00:23 - be.view.auth - INFO - 收到登录请求: {'user_id': 'buyer_1_46abceaa-bda4-11ef-87d8-02a6845b4b32', 'password': 'buyer_seller_1_46abceaa-bda4-11ef-87d8-02a6845b4b32', 'terminal': 'my terminal'}
2024-12-19 09:00:23 - be.model.user - INFO - 尝试登录用户：buyer_1_46abceaa-bda4-11ef-87d8-02a6845b4b32，终端：my terminal
2024-12-19 09:00:24 - be.model.user - INFO - 为用户 buyer_1_46abceaa-bda4-11ef-87d8-02a6845b4b32 生成新token，终端：my terminal
2024-12-19 09:00:24 - be.model.user - INFO - 用户登录成功：buyer_1_46abceaa-bda4-11ef-87d8-02a6845b4b32
2024-12-19 09:00:24 - be.view.auth - INFO - 登录处理结果: 200
2024-12-19 09:00:24 - werkzeug - INFO - 127.0.0.1 - - [19/Dec/2024 09:00:24] "POST /auth/login HTTP/1.1" 200 -
2024-12-19 09:00:24 - be.view.auth - INFO - 收到登录请求: {'user_id': 'buyer_10_46abceaa-bda4-11ef-87d8-02a6845b4b32', 'password': 'buyer_seller_10_46abceaa-bda4-11ef-87d8-02a6845b4b32', 'terminal': 'my terminal'}
2024-12-19 09:00:24 - be.model.user - INFO - 尝试登录用户：buyer_10_46abceaa-bda4-11ef-87d8-02a6845b4b32，终端：my terminal
2024-12-19 09:00:24 - be.model.user - INFO - 为用户 buyer_10_46abceaa-bda4-11ef-87d8-02a6845b4b32 生成新token，终端：my terminal
2024-12-19 09:00:24 - be.model.user - INFO - 用户登录成功：buyer_10_46abceaa-bda4-11ef-87d8-02a6845b4b32
2024-12-19 09:00:24 - be.view.auth - INFO - 登录处理结果: 200
2024-12-19 09:00:24 - werkzeug - INFO - 127.0.0.1 - - [19/Dec/2024 09:00:24] "POST /auth/login HTTP/1.1" 200 -
2024-12-19 09:00:24 - be.view.auth - INFO - 收到登录请求: {'user_id': 'buyer_5_46abceaa-bda4-11ef-87d8-02a6845b4b32', 'password': 'buyer_seller_5_46abceaa-bda4-11ef-87d8-02a6845b4b32', 'terminal': 'my terminal'}
2024-12-19 09:00:24 - be.model.user - INFO - 尝试登录用户：buyer_5_46abceaa-bda4-11ef-87d8-02a6845b4b32，终端：my terminal
2024-12-19 09:00:24 - be.model.user - INFO - 为用户 buyer_5_46abceaa-bda4-11ef-87d8-02a6845b4b32 生成新token，终端：my terminal
2024-12-19 09:00:24 - be.model.user - INFO - 用户登录成功：buyer_5_46abceaa-bda4-11ef-87d8-02a6845b4b32
2024-12-19 09:00:24 - be.view.auth - INFO - 登录处理结果: 200
2024-12-19 09:00:24 - werkzeug - INFO - 127.0.0.1 - - [19/Dec/2024 09:00:24] "POST /auth/login HTTP/1.1" 200 -
2024-12-19 09:00:24 - be.view.auth - INFO - 收到登录请求: {'user_id': 'buyer_7_46abceaa-bda4-11ef-87d8-02a6845b4b32', 'password': 'buyer_seller_7_46abceaa-bda4-11ef-87d8-02a6845b4b32', 'terminal': 'my terminal'}
2024-12-19 09:00:24 - be.model.user - INFO - 尝试登录用户：buyer_7_46abceaa-bda4-11ef-87d8-02a6845b4b32，终端：my terminal
2024-12-19 09:00:24 - be.model.user - INFO - 为用户 buyer_7_46abceaa-bda4-11ef-87d8-02a6845b4b32 生成新token，终端：my terminal
2024-12-19 09:00:24 - be.model.user - INFO - 用户登录成功：buyer_7_46abceaa-bda4-11ef-87d8-02a6845b4b32
2024-12-19 09:00:24 - be.view.auth - INFO - 登录处理结果: 200
2024-12-19 09:00:24 - werkzeug - INFO - 127.0.0.1 - - [19/Dec/2024 09:00:24] "POST /auth/login HTTP/1.1" 200 -
2024-12-19 09:00:24 - be.view.auth - INFO - 收到登录请求: {'user_id': 'buyer_1_46abceaa-bda4-11ef-87d8-02a6845b4b32', 'password': 'buyer_seller_1_46abceaa-bda4-11ef-87d8-02a6845b4b32', 'terminal': 'my terminal'}
2024-12-19 09:00:24 - be.model.user - INFO - 尝试登录用户：buyer_1_46abceaa-bda4-11ef-87d8-02a6845b4b32，终端：my terminal
2024-12-19 09:00:24 - be.model.user - INFO - 为用户 buyer_1_46abceaa-bda4-11ef-87d8-02a6845b4b32 生成新token，终端：my terminal
2024-12-19 09:00:24 - be.model.user - INFO - 用户登录成功：buyer_1_46abceaa-bda4-11ef-87d8-02a6845b4b32
2024-12-19 09:00:25 - be.view.auth - INFO - 登录处理结果: 200
2024-12-19 09:00:25 - werkzeug - INFO - 127.0.0.1 - - [19/Dec/2024 09:00:25] "POST /auth/login HTTP/1.1" 200 -
2024-12-19 09:00:25 - be.view.auth - INFO - 收到登录请求: {'user_id': 'buyer_3_46abceaa-bda4-11ef-87d8-02a6845b4b32', 'password': 'buyer_seller_3_46abceaa-bda4-11ef-87d8-02a6845b4b32', 'terminal': 'my terminal'}
2024-12-19 09:00:25 - be.model.user - INFO - 尝试登录用户：buyer_3_46abceaa-bda4-11ef-87d8-02a6845b4b32，终端：my terminal
2024-12-19 09:00:25 - be.model.user - INFO - 为用户 buyer_3_46abceaa-bda4-11ef-87d8-02a6845b4b32 生成新token，终端：my terminal
2024-12-19 09:00:25 - be.model.user - INFO - 用户登录成功：buyer_3_46abceaa-bda4-11ef-87d8-02a6845b4b32
2024-12-19 09:00:25 - be.view.auth - INFO - 登录处理结果: 200
2024-12-19 09:00:25 - werkzeug - INFO - 127.0.0.1 - - [19/Dec/2024 09:00:25] "POST /auth/login HTTP/1.1" 200 -
2024-12-19 09:00:25 - be.view.auth - INFO - 收到登录请求: {'user_id': 'buyer_7_46abceaa-bda4-11ef-87d8-02a6845b4b32', 'password': 'buyer_seller_7_46abceaa-bda4-11ef-87d8-02a6845b4b32', 'terminal': 'my terminal'}
2024-12-19 09:00:25 - be.model.user - INFO - 尝试登录用户：buyer_7_46abceaa-bda4-11ef-87d8-02a6845b4b32，终端：my terminal
2024-12-19 09:00:25 - be.model.user - INFO - 为用户 buyer_7_46abceaa-bda4-11ef-87d8-02a6845b4b32 生成新token，终端：my terminal
2024-12-19 09:00:25 - be.model.user - INFO - 用户登录成功：buyer_7_46abceaa-bda4-11ef-87d8-02a6845b4b32
2024-12-19 09:00:25 - be.view.auth - INFO - 登录处理结果: 200
2024-12-19 09:00:25 - werkzeug - INFO - 127.0.0.1 - - [19/Dec/2024 09:00:25] "POST /auth/login HTTP/1.1" 200 -
2024-12-19 09:00:25 - be.view.auth - INFO - 收到登录请求: {'user_id': 'buyer_8_46abceaa-bda4-11ef-87d8-02a6845b4b32', 'password': 'buyer_seller_8_46abceaa-bda4-11ef-87d8-02a6845b4b32', 'terminal': 'my terminal'}
2024-12-19 09:00:25 - be.model.user - INFO - 尝试登录用户：buyer_8_46abceaa-bda4-11ef-87d8-02a6845b4b32，终端：my terminal
2024-12-19 09:00:25 - be.model.user - INFO - 为用户 buyer_8_46abceaa-bda4-11ef-87d8-02a6845b4b32 生成新token，终端：my terminal
2024-12-19 09:00:25 - be.model.user - INFO - 用户登录成功：buyer_8_46abceaa-bda4-11ef-87d8-02a6845b4b32
2024-12-19 09:00:25 - be.view.auth - INFO - 登录处理结果: 200
2024-12-19 09:00:25 - werkzeug - INFO - 127.0.0.1 - - [19/Dec/2024 09:00:25] "POST /auth/login HTTP/1.1" 200 -
2024-12-19 09:00:25 - be.view.auth - INFO - 收到登录请求: {'user_id': 'buyer_6_46abceaa-bda4-11ef-87d8-02a6845b4b32', 'password': 'buyer_seller_6_46abceaa-bda4-11ef-87d8-02a6845b4b32', 'terminal': 'my terminal'}
2024-12-19 09:00:25 - be.model.user - INFO - 尝试登录用户：buyer_6_46abceaa-bda4-11ef-87d8-02a6845b4b32，终端：my terminal
2024-12-19 09:00:25 - be.model.user - INFO - 为用户 buyer_6_46abceaa-bda4-11ef-87d8-02a6845b4b32 生成新token，终端：my terminal
2024-12-19 09:00:25 - be.model.user - INFO - 用户登录成功：buyer_6_46abceaa-bda4-11ef-87d8-02a6845b4b32
2024-12-19 09:00:26 - be.view.auth - INFO - 登录处理结果: 200
2024-12-19 09:00:26 - werkzeug - INFO - 127.0.0.1 - - [19/Dec/2024 09:00:26] "POST /auth/login HTTP/1.1" 200 -
2024-12-19 09:00:26 - be.view.auth - INFO - 收到登录请求: {'user_id': 'buyer_5_46abceaa-bda4-11ef-87d8-02a6845b4b32', 'password': 'buyer_seller_5_46abceaa-bda4-11ef-87d8-02a6845b4b32', 'terminal': 'my terminal'}
2024-12-19 09:00:26 - be.model.user - INFO - 尝试登录用户：buyer_5_46abceaa-bda4-11ef-87d8-02a6845b4b32，终端：my terminal
2024-12-19 09:00:26 - be.model.user - INFO - 为用户 buyer_5_46abceaa-bda4-11ef-87d8-02a6845b4b32 生成新token，终端：my terminal
2024-12-19 09:00:26 - be.model.user - INFO - 用户登录成功：buyer_5_46abceaa-bda4-11ef-87d8-02a6845b4b32
2024-12-19 09:00:26 - be.view.auth - INFO - 登录处理结果: 200
2024-12-19 09:00:26 - werkzeug - INFO - 127.0.0.1 - - [19/Dec/2024 09:00:26] "POST /auth/login HTTP/1.1" 200 -
2024-12-19 09:00:26 - be.view.auth - INFO - 收到登录请求: {'user_id': 'buyer_2_46abceaa-bda4-11ef-87d8-02a6845b4b32', 'password': 'buyer_seller_2_46abceaa-bda4-11ef-87d8-02a6845b4b32', 'terminal': 'my terminal'}
2024-12-19 09:00:26 - be.model.user - INFO - 尝试登录用户：buyer_2_46abceaa-bda4-11ef-87d8-02a6845b4b32，终端：my terminal
2024-12-19 09:00:26 - be.model.user - INFO - 为用户 buyer_2_46abceaa-bda4-11ef-87d8-02a6845b4b32 生成新token，终端：my terminal
2024-12-19 09:00:26 - be.model.user - INFO - 用户登录成功：buyer_2_46abceaa-bda4-11ef-87d8-02a6845b4b32
2024-12-19 09:00:26 - be.view.auth - INFO - 登录处理结果: 200
2024-12-19 09:00:26 - werkzeug - INFO - 127.0.0.1 - - [19/Dec/2024 09:00:26] "POST /auth/login HTTP/1.1" 200 -
2024-12-19 09:00:26 - be.view.auth - INFO - 收到登录请求: {'user_id': 'buyer_7_46abceaa-bda4-11ef-87d8-02a6845b4b32', 'password': 'buyer_seller_7_46abceaa-bda4-11ef-87d8-02a6845b4b32', 'terminal': 'my terminal'}
2024-12-19 09:00:26 - be.model.user - INFO - 尝试登录用户：buyer_7_46abceaa-bda4-11ef-87d8-02a6845b4b32，终端：my terminal
2024-12-19 09:00:26 - be.model.user - INFO - 为用户 buyer_7_46abceaa-bda4-11ef-87d8-02a6845b4b32 生成新token，终端：my terminal
2024-12-19 09:00:26 - be.model.user - INFO - 用户登录成功：buyer_7_46abceaa-bda4-11ef-87d8-02a6845b4b32
2024-12-19 09:00:26 - be.view.auth - INFO - 登录处理结果: 200
2024-12-19 09:00:26 - werkzeug - INFO - 127.0.0.1 - - [19/Dec/2024 09:00:26] "POST /auth/login HTTP/1.1" 200 -
2024-12-19 09:00:26 - be.view.auth - INFO - 收到登录请求: {'user_id': 'buyer_1_46abceaa-bda4-11ef-87d8-02a6845b4b32', 'password': 'buyer_seller_1_46abceaa-bda4-11ef-87d8-02a6845b4b32', 'terminal': 'my terminal'}
2024-12-19 09:00:26 - be.model.user - INFO - 尝试登录用户：buyer_1_46abceaa-bda4-11ef-87d8-02a6845b4b32，终端：my terminal
2024-12-19 09:00:26 - be.model.user - INFO - 为用户 buyer_1_46abceaa-bda4-11ef-87d8-02a6845b4b32 生成新token，终端：my terminal
2024-12-19 09:00:26 - be.model.user - INFO - 用户登录成功：buyer_1_46abceaa-bda4-11ef-87d8-02a6845b4b32
2024-12-19 09:00:26 - be.view.auth - INFO - 登录处理结果: 200
2024-12-19 09:00:26 - werkzeug - INFO - 127.0.0.1 - - [19/Dec/2024 09:00:26] "POST /auth/login HTTP/1.1" 200 -
2024-12-19 09:00:26 - be.view.auth - INFO - 收到登录请求: {'user_id': 'buyer_4_46abceaa-bda4-11ef-87d8-02a6845b4b32', 'password': 'buyer_seller_4_46abceaa-bda4-11ef-87d8-02a6845b4b32', 'terminal': 'my terminal'}
2024-12-19 09:00:26 - be.model.user - INFO - 尝试登录用户：buyer_4_46abceaa-bda4-11ef-87d8-02a6845b4b32，终端：my terminal
2024-12-19 09:00:27 - be.model.user - INFO - 为用户 buyer_4_46abceaa-bda4-11ef-87d8-02a6845b4b32 生成新token，终端：my terminal
2024-12-19 09:00:27 - be.model.user - INFO - 用户登录成功：buyer_4_46abceaa-bda4-11ef-87d8-02a6845b4b32
2024-12-19 09:00:27 - be.view.auth - INFO - 登录处理结果: 200
2024-12-19 09:00:27 - werkzeug - INFO - 127.0.0.1 - - [19/Dec/2024 09:00:27] "POST /auth/login HTTP/1.1" 200 -
2024-12-19 09:00:27 - be.view.auth - INFO - 收到登录请求: {'user_id': 'buyer_8_46abceaa-bda4-11ef-87d8-02a6845b4b32', 'password': 'buyer_seller_8_46abceaa-bda4-11ef-87d8-02a6845b4b32', 'terminal': 'my terminal'}
2024-12-19 09:00:27 - be.model.user - INFO - 尝试登录用户：buyer_8_46abceaa-bda4-11ef-87d8-02a6845b4b32，终端：my terminal
2024-12-19 09:00:27 - be.model.user - INFO - 为用户 buyer_8_46abceaa-bda4-11ef-87d8-02a6845b4b32 生成新token，终端：my terminal
2024-12-19 09:00:27 - be.model.user - INFO - 用户登录成功：buyer_8_46abceaa-bda4-11ef-87d8-02a6845b4b32
2024-12-19 09:00:27 - be.view.auth - INFO - 登录处理结果: 200
2024-12-19 09:00:27 - werkzeug - INFO - 127.0.0.1 - - [19/Dec/2024 09:00:27] "POST /auth/login HTTP/1.1" 200 -
2024-12-19 09:00:27 - be.view.auth - INFO - 收到登录请求: {'user_id': 'buyer_9_46abceaa-bda4-11ef-87d8-02a6845b4b32', 'password': 'buyer_seller_9_46abceaa-bda4-11ef-87d8-02a6845b4b32', 'terminal': 'my terminal'}
2024-12-19 09:00:27 - be.model.user - INFO - 尝试登录用户：buyer_9_46abceaa-bda4-11ef-87d8-02a6845b4b32，终端：my terminal
2024-12-19 09:00:27 - be.model.user - INFO - 为用户 buyer_9_46abceaa-bda4-11ef-87d8-02a6845b4b32 生成新token，终端：my terminal
2024-12-19 09:00:27 - be.model.user - INFO - 用户登录成功：buyer_9_46abceaa-bda4-11ef-87d8-02a6845b4b32
2024-12-19 09:00:27 - be.view.auth - INFO - 登录处理结果: 200
2024-12-19 09:00:27 - werkzeug - INFO - 127.0.0.1 - - [19/Dec/2024 09:00:27] "POST /auth/login HTTP/1.1" 200 -
2024-12-19 09:00:27 - be.view.auth - INFO - 收到登录请求: {'user_id': 'buyer_6_46abceaa-bda4-11ef-87d8-02a6845b4b32', 'password': 'buyer_seller_6_46abceaa-bda4-11ef-87d8-02a6845b4b32', 'terminal': 'my terminal'}
2024-12-19 09:00:27 - be.model.user - INFO - 尝试登录用户：buyer_6_46abceaa-bda4-11ef-87d8-02a6845b4b32，终端：my terminal
2024-12-19 09:00:27 - be.model.user - INFO - 为用户 buyer_6_46abceaa-bda4-11ef-87d8-02a6845b4b32 生成新token，终端：my terminal
2024-12-19 09:00:27 - be.model.user - INFO - 用户登录成功：buyer_6_46abceaa-bda4-11ef-87d8-02a6845b4b32
2024-12-19 09:00:27 - be.view.auth - INFO - 登录处理结果: 200
2024-12-19 09:00:27 - werkzeug - INFO - 127.0.0.1 - - [19/Dec/2024 09:00:27] "POST /auth/login HTTP/1.1" 200 -
2024-12-19 09:00:27 - be.view.auth - INFO - 收到登录请求: {'user_id': 'buyer_9_46abceaa-bda4-11ef-87d8-02a6845b4b32', 'password': 'buyer_seller_9_46abceaa-bda4-11ef-87d8-02a6845b4b32', 'terminal': 'my terminal'}
2024-12-19 09:00:27 - be.model.user - INFO - 尝试登录用户：buyer_9_46abceaa-bda4-11ef-87d8-02a6845b4b32，终端：my terminal
2024-12-19 09:00:28 - be.model.user - INFO - 为用户 buyer_9_46abceaa-bda4-11ef-87d8-02a6845b4b32 生成新token，终端：my terminal
2024-12-19 09:00:28 - be.model.user - INFO - 用户登录成功：buyer_9_46abceaa-bda4-11ef-87d8-02a6845b4b32
2024-12-19 09:00:28 - be.view.auth - INFO - 登录处理结果: 200
2024-12-19 09:00:28 - werkzeug - INFO - 127.0.0.1 - - [19/Dec/2024 09:00:28] "POST /auth/login HTTP/1.1" 200 -
2024-12-19 09:00:28 - be.view.auth - INFO - 收到登录请求: {'user_id': 'buyer_3_46abceaa-bda4-11ef-87d8-02a6845b4b32', 'password': 'buyer_seller_3_46abceaa-bda4-11ef-87d8-02a6845b4b32', 'terminal': 'my terminal'}
2024-12-19 09:00:28 - be.model.user - INFO - 尝试登录用户：buyer_3_46abceaa-bda4-11ef-87d8-02a6845b4b32，终端：my terminal
2024-12-19 09:00:28 - be.model.user - INFO - 为用户 buyer_3_46abceaa-bda4-11ef-87d8-02a6845b4b32 生成新token，终端：my terminal
2024-12-19 09:00:28 - be.model.user - INFO - 用户登录成功：buyer_3_46abceaa-bda4-11ef-87d8-02a6845b4b32
2024-12-19 09:00:28 - be.view.auth - INFO - 登录处理结果: 200
2024-12-19 09:00:28 - werkzeug - INFO - 127.0.0.1 - - [19/Dec/2024 09:00:28] "POST /auth/login HTTP/1.1" 200 -
2024-12-19 09:00:28 - be.view.auth - INFO - 收到登录请求: {'user_id': 'buyer_3_46abceaa-bda4-11ef-87d8-02a6845b4b32', 'password': 'buyer_seller_3_46abceaa-bda4-11ef-87d8-02a6845b4b32', 'terminal': 'my terminal'}
2024-12-19 09:00:28 - be.model.user - INFO - 尝试登录用户：buyer_3_46abceaa-bda4-11ef-87d8-02a6845b4b32，终端：my terminal
2024-12-19 09:00:28 - be.model.user - INFO - 为用户 buyer_3_46abceaa-bda4-11ef-87d8-02a6845b4b32 生成新token，终端：my terminal
2024-12-19 09:00:28 - be.model.user - INFO - 用户登录成功：buyer_3_46abceaa-bda4-11ef-87d8-02a6845b4b32
2024-12-19 09:00:28 - be.view.auth - INFO - 登录处理结果: 200
2024-12-19 09:00:28 - werkzeug - INFO - 127.0.0.1 - - [19/Dec/2024 09:00:28] "POST /auth/login HTTP/1.1" 200 -
2024-12-19 09:00:28 - be.view.auth - INFO - 收到登录请求: {'user_id': 'buyer_4_46abceaa-bda4-11ef-87d8-02a6845b4b32', 'password': 'buyer_seller_4_46abceaa-bda4-11ef-87d8-02a6845b4b32', 'terminal': 'my terminal'}
2024-12-19 09:00:28 - be.model.user - INFO - 尝试登录用户：buyer_4_46abceaa-bda4-11ef-87d8-02a6845b4b32，终端：my terminal
2024-12-19 09:00:28 - be.model.user - INFO - 为用户 buyer_4_46abceaa-bda4-11ef-87d8-02a6845b4b32 生成新token，终端：my terminal
2024-12-19 09:00:28 - be.model.user - INFO - 用户登录成功：buyer_4_46abceaa-bda4-11ef-87d8-02a6845b4b32
2024-12-19 09:00:28 - be.view.auth - INFO - 登录处理结果: 200
2024-12-19 09:00:28 - werkzeug - INFO - 127.0.0.1 - - [19/Dec/2024 09:00:28] "POST /auth/login HTTP/1.1" 200 -
2024-12-19 09:00:28 - be.view.auth - INFO - 收到登录请求: {'user_id': 'buyer_5_46abceaa-bda4-11ef-87d8-02a6845b4b32', 'password': 'buyer_seller_5_46abceaa-bda4-11ef-87d8-02a6845b4b32', 'terminal': 'my terminal'}
2024-12-19 09:00:28 - be.model.user - INFO - 尝试登录用户：buyer_5_46abceaa-bda4-11ef-87d8-02a6845b4b32，终端：my terminal
2024-12-19 09:00:28 - be.model.user - INFO - 为用户 buyer_5_46abceaa-bda4-11ef-87d8-02a6845b4b32 生成新token，终端：my terminal
2024-12-19 09:00:28 - be.model.user - INFO - 用户登录成功：buyer_5_46abceaa-bda4-11ef-87d8-02a6845b4b32
2024-12-19 09:00:29 - be.view.auth - INFO - 登录处理结果: 200
2024-12-19 09:00:29 - werkzeug - INFO - 127.0.0.1 - - [19/Dec/2024 09:00:29] "POST /auth/login HTTP/1.1" 200 -
2024-12-19 09:00:29 - be.view.auth - INFO - 收到登录请求: {'user_id': 'buyer_7_46abceaa-bda4-11ef-87d8-02a6845b4b32', 'password': 'buyer_seller_7_46abceaa-bda4-11ef-87d8-02a6845b4b32', 'terminal': 'my terminal'}
2024-12-19 09:00:29 - be.model.user - INFO - 尝试登录用户：buyer_7_46abceaa-bda4-11ef-87d8-02a6845b4b32，终端：my terminal
2024-12-19 09:00:29 - be.model.user - INFO - 为用户 buyer_7_46abceaa-bda4-11ef-87d8-02a6845b4b32 生成新token，终端：my terminal
2024-12-19 09:00:29 - be.model.user - INFO - 用户登录成功：buyer_7_46abceaa-bda4-11ef-87d8-02a6845b4b32
2024-12-19 09:00:29 - be.view.auth - INFO - 登录处理结果: 200
2024-12-19 09:00:29 - werkzeug - INFO - 127.0.0.1 - - [19/Dec/2024 09:00:29] "POST /auth/login HTTP/1.1" 200 -
2024-12-19 09:00:29 - be.view.auth - INFO - 收到登录请求: {'user_id': 'buyer_8_46abceaa-bda4-11ef-87d8-02a6845b4b32', 'password': 'buyer_seller_8_46abceaa-bda4-11ef-87d8-02a6845b4b32', 'terminal': 'my terminal'}
2024-12-19 09:00:29 - be.model.user - INFO - 尝试登录用户：buyer_8_46abceaa-bda4-11ef-87d8-02a6845b4b32，终端：my terminal
2024-12-19 09:00:29 - be.model.user - INFO - 为用户 buyer_8_46abceaa-bda4-11ef-87d8-02a6845b4b32 生成新token，终端：my terminal
2024-12-19 09:00:29 - be.model.user - INFO - 用户登录成功：buyer_8_46abceaa-bda4-11ef-87d8-02a6845b4b32
2024-12-19 09:00:29 - be.view.auth - INFO - 登录处理结果: 200
2024-12-19 09:00:29 - werkzeug - INFO - 127.0.0.1 - - [19/Dec/2024 09:00:29] "POST /auth/login HTTP/1.1" 200 -
2024-12-19 09:00:29 - be.view.auth - INFO - 收到登录请求: {'user_id': 'buyer_6_46abceaa-bda4-11ef-87d8-02a6845b4b32', 'password': 'buyer_seller_6_46abceaa-bda4-11ef-87d8-02a6845b4b32', 'terminal': 'my terminal'}
2024-12-19 09:00:29 - be.model.user - INFO - 尝试登录用户：buyer_6_46abceaa-bda4-11ef-87d8-02a6845b4b32，终端：my terminal
2024-12-19 09:00:29 - be.model.user - INFO - 为用户 buyer_6_46abceaa-bda4-11ef-87d8-02a6845b4b32 生成新token，终端：my terminal
2024-12-19 09:00:29 - be.model.user - INFO - 用户登录成功：buyer_6_46abceaa-bda4-11ef-87d8-02a6845b4b32
2024-12-19 09:00:29 - be.view.auth - INFO - 登录处理结果: 200
2024-12-19 09:00:29 - werkzeug - INFO - 127.0.0.1 - - [19/Dec/2024 09:00:29] "POST /auth/login HTTP/1.1" 200 -
2024-12-19 09:00:29 - be.view.auth - INFO - 收到登录请求: {'user_id': 'buyer_6_46abceaa-bda4-11ef-87d8-02a6845b4b32', 'password': 'buyer_seller_6_46abceaa-bda4-11ef-87d8-02a6845b4b32', 'terminal': 'my terminal'}
2024-12-19 09:00:29 - be.model.user - INFO - 尝试登录用户：buyer_6_46abceaa-bda4-11ef-87d8-02a6845b4b32，终端：my terminal
2024-12-19 09:00:29 - be.model.user - INFO - 为用户 buyer_6_46abceaa-bda4-11ef-87d8-02a6845b4b32 生成新token，终端：my terminal
2024-12-19 09:00:29 - be.model.user - INFO - 用户登录成功：buyer_6_46abceaa-bda4-11ef-87d8-02a6845b4b32
2024-12-19 09:00:30 - be.view.auth - INFO - 登录处理结果: 200
2024-12-19 09:00:30 - werkzeug - INFO - 127.0.0.1 - - [19/Dec/2024 09:00:30] "POST /auth/login HTTP/1.1" 200 -
2024-12-19 09:00:30 - be.view.auth - INFO - 收到登录请求: {'user_id': 'buyer_1_46abceaa-bda4-11ef-87d8-02a6845b4b32', 'password': 'buyer_seller_1_46abceaa-bda4-11ef-87d8-02a6845b4b32', 'terminal': 'my terminal'}
2024-12-19 09:00:30 - be.model.user - INFO - 尝试登录用户：buyer_1_46abceaa-bda4-11ef-87d8-02a6845b4b32，终端：my terminal
2024-12-19 09:00:30 - be.model.user - INFO - 为用户 buyer_1_46abceaa-bda4-11ef-87d8-02a6845b4b32 生成新token，终端：my terminal
2024-12-19 09:00:30 - be.model.user - INFO - 用户登录成功：buyer_1_46abceaa-bda4-11ef-87d8-02a6845b4b32
2024-12-19 09:00:30 - be.view.auth - INFO - 登录处理结果: 200
2024-12-19 09:00:30 - werkzeug - INFO - 127.0.0.1 - - [19/Dec/2024 09:00:30] "POST /auth/login HTTP/1.1" 200 -
2024-12-19 09:00:30 - be.view.auth - INFO - 收到登录请求: {'user_id': 'buyer_6_46abceaa-bda4-11ef-87d8-02a6845b4b32', 'password': 'buyer_seller_6_46abceaa-bda4-11ef-87d8-02a6845b4b32', 'terminal': 'my terminal'}
2024-12-19 09:00:30 - be.model.user - INFO - 尝试登录用户：buyer_6_46abceaa-bda4-11ef-87d8-02a6845b4b32，终端：my terminal
2024-12-19 09:00:30 - be.model.user - INFO - 为用户 buyer_6_46abceaa-bda4-11ef-87d8-02a6845b4b32 生成新token，终端：my terminal
2024-12-19 09:00:30 - be.model.user - INFO - 用户登录成功：buyer_6_46abceaa-bda4-11ef-87d8-02a6845b4b32
2024-12-19 09:00:30 - be.view.auth - INFO - 登录处理结果: 200
2024-12-19 09:00:30 - werkzeug - INFO - 127.0.0.1 - - [19/Dec/2024 09:00:30] "POST /auth/login HTTP/1.1" 200 -
2024-12-19 09:00:30 - be.view.auth - INFO - 收到登录请求: {'user_id': 'buyer_3_46abceaa-bda4-11ef-87d8-02a6845b4b32', 'password': 'buyer_seller_3_46abceaa-bda4-11ef-87d8-02a6845b4b32', 'terminal': 'my terminal'}
2024-12-19 09:00:30 - be.model.user - INFO - 尝试登录用户：buyer_3_46abceaa-bda4-11ef-87d8-02a6845b4b32，终端：my terminal
2024-12-19 09:00:30 - be.model.user - INFO - 为用户 buyer_3_46abceaa-bda4-11ef-87d8-02a6845b4b32 生成新token，终端：my terminal
2024-12-19 09:00:30 - be.model.user - INFO - 用户登录成功：buyer_3_46abceaa-bda4-11ef-87d8-02a6845b4b32
2024-12-19 09:00:30 - be.view.auth - INFO - 登录处理结果: 200
2024-12-19 09:00:30 - werkzeug - INFO - 127.0.0.1 - - [19/Dec/2024 09:00:30] "POST /auth/login HTTP/1.1" 200 -
2024-12-19 09:00:30 - be.view.auth - INFO - 收到登录请求: {'user_id': 'buyer_4_46abceaa-bda4-11ef-87d8-02a6845b4b32', 'password': 'buyer_seller_4_46abceaa-bda4-11ef-87d8-02a6845b4b32', 'terminal': 'my terminal'}
2024-12-19 09:00:30 - be.model.user - INFO - 尝试登录用户：buyer_4_46abceaa-bda4-11ef-87d8-02a6845b4b32，终端：my terminal
2024-12-19 09:00:30 - be.model.user - INFO - 为用户 buyer_4_46abceaa-bda4-11ef-87d8-02a6845b4b32 生成新token，终端：my terminal
2024-12-19 09:00:30 - be.model.user - INFO - 用户登录成功：buyer_4_46abceaa-bda4-11ef-87d8-02a6845b4b32
2024-12-19 09:00:30 - be.view.auth - INFO - 登录处理结果: 200
2024-12-19 09:00:30 - werkzeug - INFO - 127.0.0.1 - - [19/Dec/2024 09:00:30] "POST /auth/login HTTP/1.1" 200 -
2024-12-19 09:00:30 - be.view.auth - INFO - 收到登录请求: {'user_id': 'buyer_9_46abceaa-bda4-11ef-87d8-02a6845b4b32', 'password': 'buyer_seller_9_46abceaa-bda4-11ef-87d8-02a6845b4b32', 'terminal': 'my terminal'}
2024-12-19 09:00:30 - be.model.user - INFO - 尝试登录用户：buyer_9_46abceaa-bda4-11ef-87d8-02a6845b4b32，终端：my terminal
2024-12-19 09:00:31 - be.model.user - INFO - 为用户 buyer_9_46abceaa-bda4-11ef-87d8-02a6845b4b32 生成新token，终端：my terminal
2024-12-19 09:00:31 - be.model.user - INFO - 用户登录成功：buyer_9_46abceaa-bda4-11ef-87d8-02a6845b4b32
2024-12-19 09:00:31 - be.view.auth - INFO - 登录处理结果: 200
2024-12-19 09:00:31 - werkzeug - INFO - 127.0.0.1 - - [19/Dec/2024 09:00:31] "POST /auth/login HTTP/1.1" 200 -
2024-12-19 09:00:31 - be.view.auth - INFO - 收到登录请求: {'user_id': 'buyer_3_46abceaa-bda4-11ef-87d8-02a6845b4b32', 'password': 'buyer_seller_3_46abceaa-bda4-11ef-87d8-02a6845b4b32', 'terminal': 'my terminal'}
2024-12-19 09:00:31 - be.model.user - INFO - 尝试登录用户：buyer_3_46abceaa-bda4-11ef-87d8-02a6845b4b32，终端：my terminal
2024-12-19 09:00:31 - be.model.user - INFO - 为用户 buyer_3_46abceaa-bda4-11ef-87d8-02a6845b4b32 生成新token，终端：my terminal
2024-12-19 09:00:31 - be.model.user - INFO - 用户登录成功：buyer_3_46abceaa-bda4-11ef-87d8-02a6845b4b32
2024-12-19 09:00:31 - be.view.auth - INFO - 登录处理结果: 200
2024-12-19 09:00:31 - werkzeug - INFO - 127.0.0.1 - - [19/Dec/2024 09:00:31] "POST /auth/login HTTP/1.1" 200 -
2024-12-19 09:00:31 - be.view.auth - INFO - 收到登录请求: {'user_id': 'buyer_2_46abceaa-bda4-11ef-87d8-02a6845b4b32', 'password': 'buyer_seller_2_46abceaa-bda4-11ef-87d8-02a6845b4b32', 'terminal': 'my terminal'}
2024-12-19 09:00:31 - be.model.user - INFO - 尝试登录用户：buyer_2_46abceaa-bda4-11ef-87d8-02a6845b4b32，终端：my terminal
2024-12-19 09:00:31 - be.model.user - INFO - 为用户 buyer_2_46abceaa-bda4-11ef-87d8-02a6845b4b32 生成新token，终端：my terminal
2024-12-19 09:00:31 - be.model.user - INFO - 用户登录成功：buyer_2_46abceaa-bda4-11ef-87d8-02a6845b4b32
2024-12-19 09:00:31 - be.view.auth - INFO - 登录处理结果: 200
2024-12-19 09:00:31 - werkzeug - INFO - 127.0.0.1 - - [19/Dec/2024 09:00:31] "POST /auth/login HTTP/1.1" 200 -
2024-12-19 09:00:31 - be.view.auth - INFO - 收到登录请求: {'user_id': 'buyer_7_46abceaa-bda4-11ef-87d8-02a6845b4b32', 'password': 'buyer_seller_7_46abceaa-bda4-11ef-87d8-02a6845b4b32', 'terminal': 'my terminal'}
2024-12-19 09:00:31 - be.model.user - INFO - 尝试登录用户：buyer_7_46abceaa-bda4-11ef-87d8-02a6845b4b32，终端：my terminal
2024-12-19 09:00:31 - be.model.user - INFO - 为用户 buyer_7_46abceaa-bda4-11ef-87d8-02a6845b4b32 生成新token，终端：my terminal
2024-12-19 09:00:31 - be.model.user - INFO - 用户登录成功：buyer_7_46abceaa-bda4-11ef-87d8-02a6845b4b32
2024-12-19 09:00:31 - be.view.auth - INFO - 登录处理结果: 200
2024-12-19 09:00:31 - werkzeug - INFO - 127.0.0.1 - - [19/Dec/2024 09:00:31] "POST /auth/login HTTP/1.1" 200 -
2024-12-19 09:00:31 - be.view.auth - INFO - 收到登录请求: {'user_id': 'buyer_3_46abceaa-bda4-11ef-87d8-02a6845b4b32', 'password': 'buyer_seller_3_46abceaa-bda4-11ef-87d8-02a6845b4b32', 'terminal': 'my terminal'}
2024-12-19 09:00:31 - be.model.user - INFO - 尝试登录用户：buyer_3_46abceaa-bda4-11ef-87d8-02a6845b4b32，终端：my terminal
2024-12-19 09:00:31 - be.model.user - INFO - 为用户 buyer_3_46abceaa-bda4-11ef-87d8-02a6845b4b32 生成新token，终端：my terminal
2024-12-19 09:00:31 - be.model.user - INFO - 用户登录成功：buyer_3_46abceaa-bda4-11ef-87d8-02a6845b4b32
2024-12-19 09:00:32 - be.view.auth - INFO - 登录处理结果: 200
2024-12-19 09:00:32 - werkzeug - INFO - 127.0.0.1 - - [19/Dec/2024 09:00:32] "POST /auth/login HTTP/1.1" 200 -
2024-12-19 09:00:32 - be.view.auth - INFO - 收到登录请求: {'user_id': 'buyer_4_46abceaa-bda4-11ef-87d8-02a6845b4b32', 'password': 'buyer_seller_4_46abceaa-bda4-11ef-87d8-02a6845b4b32', 'terminal': 'my terminal'}
2024-12-19 09:00:32 - be.model.user - INFO - 尝试登录用户：buyer_4_46abceaa-bda4-11ef-87d8-02a6845b4b32，终端：my terminal
2024-12-19 09:00:32 - be.model.user - INFO - 为用户 buyer_4_46abceaa-bda4-11ef-87d8-02a6845b4b32 生成新token，终端：my terminal
2024-12-19 09:00:32 - be.model.user - INFO - 用户登录成功：buyer_4_46abceaa-bda4-11ef-87d8-02a6845b4b32
2024-12-19 09:00:32 - be.view.auth - INFO - 登录处理结果: 200
2024-12-19 09:00:32 - werkzeug - INFO - 127.0.0.1 - - [19/Dec/2024 09:00:32] "POST /auth/login HTTP/1.1" 200 -
2024-12-19 09:00:32 - be.view.auth - INFO - 收到登录请求: {'user_id': 'buyer_2_46abceaa-bda4-11ef-87d8-02a6845b4b32', 'password': 'buyer_seller_2_46abceaa-bda4-11ef-87d8-02a6845b4b32', 'terminal': 'my terminal'}
2024-12-19 09:00:32 - be.model.user - INFO - 尝试登录用户：buyer_2_46abceaa-bda4-11ef-87d8-02a6845b4b32，终端：my terminal
2024-12-19 09:00:32 - be.model.user - INFO - 为用户 buyer_2_46abceaa-bda4-11ef-87d8-02a6845b4b32 生成新token，终端：my terminal
2024-12-19 09:00:32 - be.model.user - INFO - 用户登录成功：buyer_2_46abceaa-bda4-11ef-87d8-02a6845b4b32
2024-12-19 09:00:32 - be.view.auth - INFO - 登录处理结果: 200
2024-12-19 09:00:32 - werkzeug - INFO - 127.0.0.1 - - [19/Dec/2024 09:00:32] "POST /auth/login HTTP/1.1" 200 -
2024-12-19 09:00:32 - be.view.auth - INFO - 收到登录请求: {'user_id': 'buyer_9_46abceaa-bda4-11ef-87d8-02a6845b4b32', 'password': 'buyer_seller_9_46abceaa-bda4-11ef-87d8-02a6845b4b32', 'terminal': 'my terminal'}
2024-12-19 09:00:32 - be.model.user - INFO - 尝试登录用户：buyer_9_46abceaa-bda4-11ef-87d8-02a6845b4b32，终端：my terminal
2024-12-19 09:00:32 - be.model.user - INFO - 为用户 buyer_9_46abceaa-bda4-11ef-87d8-02a6845b4b32 生成新token，终端：my terminal
2024-12-19 09:00:32 - be.model.user - INFO - 用户登录成功：buyer_9_46abceaa-bda4-11ef-87d8-02a6845b4b32
2024-12-19 09:00:32 - be.view.auth - INFO - 登录处理结果: 200
2024-12-19 09:00:32 - werkzeug - INFO - 127.0.0.1 - - [19/Dec/2024 09:00:32] "POST /auth/login HTTP/1.1" 200 -
2024-12-19 09:00:32 - be.view.auth - INFO - 收到登录请求: {'user_id': 'buyer_10_46abceaa-bda4-11ef-87d8-02a6845b4b32', 'password': 'buyer_seller_10_46abceaa-bda4-11ef-87d8-02a6845b4b32', 'terminal': 'my terminal'}
2024-12-19 09:00:32 - be.model.user - INFO - 尝试登录用户：buyer_10_46abceaa-bda4-11ef-87d8-02a6845b4b32，终端：my terminal
2024-12-19 09:00:32 - be.model.user - INFO - 为用户 buyer_10_46abceaa-bda4-11ef-87d8-02a6845b4b32 生成新token，终端：my terminal
2024-12-19 09:00:32 - be.model.user - INFO - 用户登录成功：buyer_10_46abceaa-bda4-11ef-87d8-02a6845b4b32
2024-12-19 09:00:33 - be.view.auth - INFO - 登录处理结果: 200
2024-12-19 09:00:33 - werkzeug - INFO - 127.0.0.1 - - [19/Dec/2024 09:00:33] "POST /auth/login HTTP/1.1" 200 -
2024-12-19 09:00:33 - be.view.auth - INFO - 收到登录请求: {'user_id': 'buyer_10_46abceaa-bda4-11ef-87d8-02a6845b4b32', 'password': 'buyer_seller_10_46abceaa-bda4-11ef-87d8-02a6845b4b32', 'terminal': 'my terminal'}
2024-12-19 09:00:33 - be.model.user - INFO - 尝试登录用户：buyer_10_46abceaa-bda4-11ef-87d8-02a6845b4b32，终端：my terminal
2024-12-19 09:00:33 - be.model.user - INFO - 为用户 buyer_10_46abceaa-bda4-11ef-87d8-02a6845b4b32 生成新token，终端：my terminal
2024-12-19 09:00:33 - be.model.user - INFO - 用户登录成功：buyer_10_46abceaa-bda4-11ef-87d8-02a6845b4b32
2024-12-19 09:00:33 - be.view.auth - INFO - 登录处理结果: 200
2024-12-19 09:00:33 - werkzeug - INFO - 127.0.0.1 - - [19/Dec/2024 09:00:33] "POST /auth/login HTTP/1.1" 200 -
2024-12-19 09:00:33 - be.view.auth - INFO - 收到登录请求: {'user_id': 'buyer_3_46abceaa-bda4-11ef-87d8-02a6845b4b32', 'password': 'buyer_seller_3_46abceaa-bda4-11ef-87d8-02a6845b4b32', 'terminal': 'my terminal'}
2024-12-19 09:00:33 - be.model.user - INFO - 尝试登录用户：buyer_3_46abceaa-bda4-11ef-87d8-02a6845b4b32，终端：my terminal
2024-12-19 09:00:33 - be.model.user - INFO - 为用户 buyer_3_46abceaa-bda4-11ef-87d8-02a6845b4b32 生成新token，终端：my terminal
2024-12-19 09:00:33 - be.model.user - INFO - 用户登录成功：buyer_3_46abceaa-bda4-11ef-87d8-02a6845b4b32
2024-12-19 09:00:33 - be.view.auth - INFO - 登录处理结果: 200
2024-12-19 09:00:33 - werkzeug - INFO - 127.0.0.1 - - [19/Dec/2024 09:00:33] "POST /auth/login HTTP/1.1" 200 -
2024-12-19 09:00:33 - be.view.auth - INFO - 收到登录请求: {'user_id': 'buyer_10_46abceaa-bda4-11ef-87d8-02a6845b4b32', 'password': 'buyer_seller_10_46abceaa-bda4-11ef-87d8-02a6845b4b32', 'terminal': 'my terminal'}
2024-12-19 09:00:33 - be.model.user - INFO - 尝试登录用户：buyer_10_46abceaa-bda4-11ef-87d8-02a6845b4b32，终端：my terminal
2024-12-19 09:00:33 - be.model.user - INFO - 为用户 buyer_10_46abceaa-bda4-11ef-87d8-02a6845b4b32 生成新token，终端：my terminal
2024-12-19 09:00:33 - be.model.user - INFO - 用户登录成功：buyer_10_46abceaa-bda4-11ef-87d8-02a6845b4b32
2024-12-19 09:00:33 - be.view.auth - INFO - 登录处理结果: 200
2024-12-19 09:00:33 - werkzeug - INFO - 127.0.0.1 - - [19/Dec/2024 09:00:33] "POST /auth/login HTTP/1.1" 200 -
2024-12-19 09:00:33 - be.view.auth - INFO - 收到登录请求: {'user_id': 'buyer_4_46abceaa-bda4-11ef-87d8-02a6845b4b32', 'password': 'buyer_seller_4_46abceaa-bda4-11ef-87d8-02a6845b4b32', 'terminal': 'my terminal'}
2024-12-19 09:00:33 - be.model.user - INFO - 尝试登录用户：buyer_4_46abceaa-bda4-11ef-87d8-02a6845b4b32，终端：my terminal
2024-12-19 09:00:33 - be.model.user - INFO - 为用户 buyer_4_46abceaa-bda4-11ef-87d8-02a6845b4b32 生成新token，终端：my terminal
2024-12-19 09:00:33 - be.model.user - INFO - 用户登录成功：buyer_4_46abceaa-bda4-11ef-87d8-02a6845b4b32
2024-12-19 09:00:34 - be.view.auth - INFO - 登录处理结果: 200
2024-12-19 09:00:34 - werkzeug - INFO - 127.0.0.1 - - [19/Dec/2024 09:00:34] "POST /auth/login HTTP/1.1" 200 -
2024-12-19 09:00:34 - be.view.auth - INFO - 收到登录请求: {'user_id': 'buyer_10_46abceaa-bda4-11ef-87d8-02a6845b4b32', 'password': 'buyer_seller_10_46abceaa-bda4-11ef-87d8-02a6845b4b32', 'terminal': 'my terminal'}
2024-12-19 09:00:34 - be.model.user - INFO - 尝试登录用户：buyer_10_46abceaa-bda4-11ef-87d8-02a6845b4b32，终端：my terminal
2024-12-19 09:00:34 - be.model.user - INFO - 为用户 buyer_10_46abceaa-bda4-11ef-87d8-02a6845b4b32 生成新token，终端：my terminal
2024-12-19 09:00:34 - be.model.user - INFO - 用户登录成功：buyer_10_46abceaa-bda4-11ef-87d8-02a6845b4b32
2024-12-19 09:00:34 - be.view.auth - INFO - 登录处理结果: 200
2024-12-19 09:00:34 - werkzeug - INFO - 127.0.0.1 - - [19/Dec/2024 09:00:34] "POST /auth/login HTTP/1.1" 200 -
2024-12-19 09:00:34 - be.view.auth - INFO - 收到登录请求: {'user_id': 'buyer_8_46abceaa-bda4-11ef-87d8-02a6845b4b32', 'password': 'buyer_seller_8_46abceaa-bda4-11ef-87d8-02a6845b4b32', 'terminal': 'my terminal'}
2024-12-19 09:00:34 - be.model.user - INFO - 尝试登录用户：buyer_8_46abceaa-bda4-11ef-87d8-02a6845b4b32，终端：my terminal
2024-12-19 09:00:34 - be.model.user - INFO - 为用户 buyer_8_46abceaa-bda4-11ef-87d8-02a6845b4b32 生成新token，终端：my terminal
2024-12-19 09:00:34 - be.model.user - INFO - 用户登录成功：buyer_8_46abceaa-bda4-11ef-87d8-02a6845b4b32
2024-12-19 09:00:34 - be.view.auth - INFO - 登录处理结果: 200
2024-12-19 09:00:34 - werkzeug - INFO - 127.0.0.1 - - [19/Dec/2024 09:00:34] "POST /auth/login HTTP/1.1" 200 -
2024-12-19 09:00:34 - be.view.auth - INFO - 收到登录请求: {'user_id': 'buyer_3_46abceaa-bda4-11ef-87d8-02a6845b4b32', 'password': 'buyer_seller_3_46abceaa-bda4-11ef-87d8-02a6845b4b32', 'terminal': 'my terminal'}
2024-12-19 09:00:34 - be.model.user - INFO - 尝试登录用户：buyer_3_46abceaa-bda4-11ef-87d8-02a6845b4b32，终端：my terminal
2024-12-19 09:00:34 - be.model.user - INFO - 为用户 buyer_3_46abceaa-bda4-11ef-87d8-02a6845b4b32 生成新token，终端：my terminal
2024-12-19 09:00:34 - be.model.user - INFO - 用户登录成功：buyer_3_46abceaa-bda4-11ef-87d8-02a6845b4b32
2024-12-19 09:00:34 - be.view.auth - INFO - 登录处理结果: 200
2024-12-19 09:00:34 - werkzeug - INFO - 127.0.0.1 - - [19/Dec/2024 09:00:34] "POST /auth/login HTTP/1.1" 200 -
2024-12-19 09:00:34 - be.view.auth - INFO - 收到登录请求: {'user_id': 'buyer_10_46abceaa-bda4-11ef-87d8-02a6845b4b32', 'password': 'buyer_seller_10_46abceaa-bda4-11ef-87d8-02a6845b4b32', 'terminal': 'my terminal'}
2024-12-19 09:00:34 - be.model.user - INFO - 尝试登录用户：buyer_10_46abceaa-bda4-11ef-87d8-02a6845b4b32，终端：my terminal
2024-12-19 09:00:34 - be.model.user - INFO - 为用户 buyer_10_46abceaa-bda4-11ef-87d8-02a6845b4b32 生成新token，终端：my terminal
2024-12-19 09:00:34 - be.model.user - INFO - 用户登录成功：buyer_10_46abceaa-bda4-11ef-87d8-02a6845b4b32
2024-12-19 09:00:34 - be.view.auth - INFO - 登录处理结果: 200
2024-12-19 09:00:34 - werkzeug - INFO - 127.0.0.1 - - [19/Dec/2024 09:00:34] "POST /auth/login HTTP/1.1" 200 -
2024-12-19 09:00:34 - be.view.auth - INFO - 收到登录请求: {'user_id': 'buyer_4_46abceaa-bda4-11ef-87d8-02a6845b4b32', 'password': 'buyer_seller_4_46abceaa-bda4-11ef-87d8-02a6845b4b32', 'terminal': 'my terminal'}
2024-12-19 09:00:34 - be.model.user - INFO - 尝试登录用户：buyer_4_46abceaa-bda4-11ef-87d8-02a6845b4b32，终端：my terminal
2024-12-19 09:00:35 - be.model.user - INFO - 为用户 buyer_4_46abceaa-bda4-11ef-87d8-02a6845b4b32 生成新token，终端：my terminal
2024-12-19 09:00:35 - be.model.user - INFO - 用户登录成功：buyer_4_46abceaa-bda4-11ef-87d8-02a6845b4b32
2024-12-19 09:00:35 - be.view.auth - INFO - 登录处理结果: 200
2024-12-19 09:00:35 - werkzeug - INFO - 127.0.0.1 - - [19/Dec/2024 09:00:35] "POST /auth/login HTTP/1.1" 200 -
2024-12-19 09:00:35 - be.view.auth - INFO - 收到登录请求: {'user_id': 'buyer_5_46abceaa-bda4-11ef-87d8-02a6845b4b32', 'password': 'buyer_seller_5_46abceaa-bda4-11ef-87d8-02a6845b4b32', 'terminal': 'my terminal'}
2024-12-19 09:00:35 - be.model.user - INFO - 尝试登录用户：buyer_5_46abceaa-bda4-11ef-87d8-02a6845b4b32，终端：my terminal
2024-12-19 09:00:35 - be.model.user - INFO - 为用户 buyer_5_46abceaa-bda4-11ef-87d8-02a6845b4b32 生成新token，终端：my terminal
2024-12-19 09:00:35 - be.model.user - INFO - 用户登录成功：buyer_5_46abceaa-bda4-11ef-87d8-02a6845b4b32
2024-12-19 09:00:35 - be.view.auth - INFO - 登录处理结果: 200
2024-12-19 09:00:35 - werkzeug - INFO - 127.0.0.1 - - [19/Dec/2024 09:00:35] "POST /auth/login HTTP/1.1" 200 -
2024-12-19 09:00:35 - be.view.auth - INFO - 收到登录请求: {'user_id': 'buyer_10_46abceaa-bda4-11ef-87d8-02a6845b4b32', 'password': 'buyer_seller_10_46abceaa-bda4-11ef-87d8-02a6845b4b32', 'terminal': 'my terminal'}
2024-12-19 09:00:35 - be.model.user - INFO - 尝试登录用户：buyer_10_46abceaa-bda4-11ef-87d8-02a6845b4b32，终端：my terminal
2024-12-19 09:00:35 - be.model.user - INFO - 为用户 buyer_10_46abceaa-bda4-11ef-87d8-02a6845b4b32 生成新token，终端：my terminal
2024-12-19 09:00:35 - be.model.user - INFO - 用户登录成功：buyer_10_46abceaa-bda4-11ef-87d8-02a6845b4b32
2024-12-19 09:00:35 - be.view.auth - INFO - 登录处理结果: 200
2024-12-19 09:00:35 - werkzeug - INFO - 127.0.0.1 - - [19/Dec/2024 09:00:35] "POST /auth/login HTTP/1.1" 200 -
2024-12-19 09:00:35 - be.view.auth - INFO - 收到登录请求: {'user_id': 'buyer_10_46abceaa-bda4-11ef-87d8-02a6845b4b32', 'password': 'buyer_seller_10_46abceaa-bda4-11ef-87d8-02a6845b4b32', 'terminal': 'my terminal'}
2024-12-19 09:00:35 - be.model.user - INFO - 尝试登录用户：buyer_10_46abceaa-bda4-11ef-87d8-02a6845b4b32，终端：my terminal
2024-12-19 09:00:35 - be.model.user - INFO - 为用户 buyer_10_46abceaa-bda4-11ef-87d8-02a6845b4b32 生成新token，终端：my terminal
2024-12-19 09:00:35 - be.model.user - INFO - 用户登录成功：buyer_10_46abceaa-bda4-11ef-87d8-02a6845b4b32
2024-12-19 09:00:35 - be.view.auth - INFO - 登录处理结果: 200
2024-12-19 09:00:35 - werkzeug - INFO - 127.0.0.1 - - [19/Dec/2024 09:00:35] "POST /auth/login HTTP/1.1" 200 -
2024-12-19 09:00:35 - be.view.auth - INFO - 收到登录请求: {'user_id': 'buyer_10_46abceaa-bda4-11ef-87d8-02a6845b4b32', 'password': 'buyer_seller_10_46abceaa-bda4-11ef-87d8-02a6845b4b32', 'terminal': 'my terminal'}
2024-12-19 09:00:35 - be.model.user - INFO - 尝试登录用户：buyer_10_46abceaa-bda4-11ef-87d8-02a6845b4b32，终端：my terminal
2024-12-19 09:00:35 - be.model.user - INFO - 为用户 buyer_10_46abceaa-bda4-11ef-87d8-02a6845b4b32 生成新token，终端：my terminal
2024-12-19 09:00:35 - be.model.user - INFO - 用户登录成功：buyer_10_46abceaa-bda4-11ef-87d8-02a6845b4b32
2024-12-19 09:00:36 - be.view.auth - INFO - 登录处理结果: 200
2024-12-19 09:00:36 - werkzeug - INFO - 127.0.0.1 - - [19/Dec/2024 09:00:36] "POST /auth/login HTTP/1.1" 200 -
2024-12-19 09:00:36 - be.view.auth - INFO - 收到登录请求: {'user_id': 'buyer_9_46abceaa-bda4-11ef-87d8-02a6845b4b32', 'password': 'buyer_seller_9_46abceaa-bda4-11ef-87d8-02a6845b4b32', 'terminal': 'my terminal'}
2024-12-19 09:00:36 - be.model.user - INFO - 尝试登录用户：buyer_9_46abceaa-bda4-11ef-87d8-02a6845b4b32，终端：my terminal
2024-12-19 09:00:36 - be.model.user - INFO - 为用户 buyer_9_46abceaa-bda4-11ef-87d8-02a6845b4b32 生成新token，终端：my terminal
2024-12-19 09:00:36 - be.model.user - INFO - 用户登录成功：buyer_9_46abceaa-bda4-11ef-87d8-02a6845b4b32
2024-12-19 09:00:36 - be.view.auth - INFO - 登录处理结果: 200
2024-12-19 09:00:36 - werkzeug - INFO - 127.0.0.1 - - [19/Dec/2024 09:00:36] "POST /auth/login HTTP/1.1" 200 -
2024-12-19 09:00:36 - be.view.auth - INFO - 收到登录请求: {'user_id': 'buyer_10_46abceaa-bda4-11ef-87d8-02a6845b4b32', 'password': 'buyer_seller_10_46abceaa-bda4-11ef-87d8-02a6845b4b32', 'terminal': 'my terminal'}
2024-12-19 09:00:36 - be.model.user - INFO - 尝试登录用户：buyer_10_46abceaa-bda4-11ef-87d8-02a6845b4b32，终端：my terminal
2024-12-19 09:00:36 - be.model.user - INFO - 为用户 buyer_10_46abceaa-bda4-11ef-87d8-02a6845b4b32 生成新token，终端：my terminal
2024-12-19 09:00:36 - be.model.user - INFO - 用户登录成功：buyer_10_46abceaa-bda4-11ef-87d8-02a6845b4b32
2024-12-19 09:00:36 - be.view.auth - INFO - 登录处理结果: 200
2024-12-19 09:00:36 - werkzeug - INFO - 127.0.0.1 - - [19/Dec/2024 09:00:36] "POST /auth/login HTTP/1.1" 200 -
2024-12-19 09:00:36 - be.view.auth - INFO - 收到登录请求: {'user_id': 'buyer_1_46abceaa-bda4-11ef-87d8-02a6845b4b32', 'password': 'buyer_seller_1_46abceaa-bda4-11ef-87d8-02a6845b4b32', 'terminal': 'my terminal'}
2024-12-19 09:00:36 - be.model.user - INFO - 尝试登录用户：buyer_1_46abceaa-bda4-11ef-87d8-02a6845b4b32，终端：my terminal
2024-12-19 09:00:36 - be.model.user - INFO - 为用户 buyer_1_46abceaa-bda4-11ef-87d8-02a6845b4b32 生成新token，终端：my terminal
2024-12-19 09:00:36 - be.model.user - INFO - 用户登录成功：buyer_1_46abceaa-bda4-11ef-87d8-02a6845b4b32
2024-12-19 09:00:36 - be.view.auth - INFO - 登录处理结果: 200
2024-12-19 09:00:36 - werkzeug - INFO - 127.0.0.1 - - [19/Dec/2024 09:00:36] "POST /auth/login HTTP/1.1" 200 -
2024-12-19 09:00:36 - be.view.auth - INFO - 收到登录请求: {'user_id': 'buyer_10_46abceaa-bda4-11ef-87d8-02a6845b4b32', 'password': 'buyer_seller_10_46abceaa-bda4-11ef-87d8-02a6845b4b32', 'terminal': 'my terminal'}
2024-12-19 09:00:36 - be.model.user - INFO - 尝试登录用户：buyer_10_46abceaa-bda4-11ef-87d8-02a6845b4b32，终端：my terminal
2024-12-19 09:00:37 - be.model.user - INFO - 为用户 buyer_10_46abceaa-bda4-11ef-87d8-02a6845b4b32 生成新token，终端：my terminal
2024-12-19 09:00:37 - be.model.user - INFO - 用户登录成功：buyer_10_46abceaa-bda4-11ef-87d8-02a6845b4b32
2024-12-19 09:00:37 - be.view.auth - INFO - 登录处理结果: 200
2024-12-19 09:00:37 - werkzeug - INFO - 127.0.0.1 - - [19/Dec/2024 09:00:37] "POST /auth/login HTTP/1.1" 200 -
2024-12-19 09:00:37 - be.view.auth - INFO - 收到登录请求: {'user_id': 'buyer_8_46abceaa-bda4-11ef-87d8-02a6845b4b32', 'password': 'buyer_seller_8_46abceaa-bda4-11ef-87d8-02a6845b4b32', 'terminal': 'my terminal'}
2024-12-19 09:00:37 - be.model.user - INFO - 尝试登录用户：buyer_8_46abceaa-bda4-11ef-87d8-02a6845b4b32，终端：my terminal
2024-12-19 09:00:37 - be.model.user - INFO - 为用户 buyer_8_46abceaa-bda4-11ef-87d8-02a6845b4b32 生成新token，终端：my terminal
2024-12-19 09:00:37 - be.model.user - INFO - 用户登录成功：buyer_8_46abceaa-bda4-11ef-87d8-02a6845b4b32
2024-12-19 09:00:37 - be.view.auth - INFO - 登录处理结果: 200
2024-12-19 09:00:37 - werkzeug - INFO - 127.0.0.1 - - [19/Dec/2024 09:00:37] "POST /auth/login HTTP/1.1" 200 -
2024-12-19 09:00:37 - be.view.auth - INFO - 收到登录请求: {'user_id': 'buyer_6_46abceaa-bda4-11ef-87d8-02a6845b4b32', 'password': 'buyer_seller_6_46abceaa-bda4-11ef-87d8-02a6845b4b32', 'terminal': 'my terminal'}
2024-12-19 09:00:37 - be.model.user - INFO - 尝试登录用户：buyer_6_46abceaa-bda4-11ef-87d8-02a6845b4b32，终端：my terminal
2024-12-19 09:00:37 - be.model.user - INFO - 为用户 buyer_6_46abceaa-bda4-11ef-87d8-02a6845b4b32 生成新token，终端：my terminal
2024-12-19 09:00:37 - be.model.user - INFO - 用户登录成功：buyer_6_46abceaa-bda4-11ef-87d8-02a6845b4b32
2024-12-19 09:00:37 - be.view.auth - INFO - 登录处理结果: 200
2024-12-19 09:00:37 - werkzeug - INFO - 127.0.0.1 - - [19/Dec/2024 09:00:37] "POST /auth/login HTTP/1.1" 200 -
2024-12-19 09:00:37 - be.view.auth - INFO - 收到登录请求: {'user_id': 'buyer_1_46abceaa-bda4-11ef-87d8-02a6845b4b32', 'password': 'buyer_seller_1_46abceaa-bda4-11ef-87d8-02a6845b4b32', 'terminal': 'my terminal'}
2024-12-19 09:00:37 - be.model.user - INFO - 尝试登录用户：buyer_1_46abceaa-bda4-11ef-87d8-02a6845b4b32，终端：my terminal
2024-12-19 09:00:37 - be.model.user - INFO - 为用户 buyer_1_46abceaa-bda4-11ef-87d8-02a6845b4b32 生成新token，终端：my terminal
2024-12-19 09:00:37 - be.model.user - INFO - 用户登录成功：buyer_1_46abceaa-bda4-11ef-87d8-02a6845b4b32
2024-12-19 09:00:37 - be.view.auth - INFO - 登录处理结果: 200
2024-12-19 09:00:37 - werkzeug - INFO - 127.0.0.1 - - [19/Dec/2024 09:00:37] "POST /auth/login HTTP/1.1" 200 -
2024-12-19 09:00:37 - be.view.auth - INFO - 收到登录请求: {'user_id': 'buyer_6_46abceaa-bda4-11ef-87d8-02a6845b4b32', 'password': 'buyer_seller_6_46abceaa-bda4-11ef-87d8-02a6845b4b32', 'terminal': 'my terminal'}
2024-12-19 09:00:37 - be.model.user - INFO - 尝试登录用户：buyer_6_46abceaa-bda4-11ef-87d8-02a6845b4b32，终端：my terminal
2024-12-19 09:00:37 - be.model.user - INFO - 为用户 buyer_6_46abceaa-bda4-11ef-87d8-02a6845b4b32 生成新token，终端：my terminal
2024-12-19 09:00:37 - be.model.user - INFO - 用户登录成功：buyer_6_46abceaa-bda4-11ef-87d8-02a6845b4b32
2024-12-19 09:00:38 - be.view.auth - INFO - 登录处理结果: 200
2024-12-19 09:00:38 - werkzeug - INFO - 127.0.0.1 - - [19/Dec/2024 09:00:38] "POST /auth/login HTTP/1.1" 200 -
2024-12-19 09:00:38 - be.view.auth - INFO - 收到登录请求: {'user_id': 'buyer_6_46abceaa-bda4-11ef-87d8-02a6845b4b32', 'password': 'buyer_seller_6_46abceaa-bda4-11ef-87d8-02a6845b4b32', 'terminal': 'my terminal'}
2024-12-19 09:00:38 - be.model.user - INFO - 尝试登录用户：buyer_6_46abceaa-bda4-11ef-87d8-02a6845b4b32，终端：my terminal
2024-12-19 09:00:38 - be.model.user - INFO - 为用户 buyer_6_46abceaa-bda4-11ef-87d8-02a6845b4b32 生成新token，终端：my terminal
2024-12-19 09:00:38 - be.model.user - INFO - 用户登录成功：buyer_6_46abceaa-bda4-11ef-87d8-02a6845b4b32
2024-12-19 09:00:38 - be.view.auth - INFO - 登录处理结果: 200
2024-12-19 09:00:38 - werkzeug - INFO - 127.0.0.1 - - [19/Dec/2024 09:00:38] "POST /auth/login HTTP/1.1" 200 -
2024-12-19 09:00:38 - be.view.auth - INFO - 收到登录请求: {'user_id': 'buyer_10_46abceaa-bda4-11ef-87d8-02a6845b4b32', 'password': 'buyer_seller_10_46abceaa-bda4-11ef-87d8-02a6845b4b32', 'terminal': 'my terminal'}
2024-12-19 09:00:38 - be.model.user - INFO - 尝试登录用户：buyer_10_46abceaa-bda4-11ef-87d8-02a6845b4b32，终端：my terminal
2024-12-19 09:00:38 - be.model.user - INFO - 为用户 buyer_10_46abceaa-bda4-11ef-87d8-02a6845b4b32 生成新token，终端：my terminal
2024-12-19 09:00:38 - be.model.user - INFO - 用户登录成功：buyer_10_46abceaa-bda4-11ef-87d8-02a6845b4b32
2024-12-19 09:00:38 - be.view.auth - INFO - 登录处理结果: 200
2024-12-19 09:00:38 - werkzeug - INFO - 127.0.0.1 - - [19/Dec/2024 09:00:38] "POST /auth/login HTTP/1.1" 200 -
2024-12-19 09:00:38 - be.view.auth - INFO - 收到登录请求: {'user_id': 'buyer_5_46abceaa-bda4-11ef-87d8-02a6845b4b32', 'password': 'buyer_seller_5_46abceaa-bda4-11ef-87d8-02a6845b4b32', 'terminal': 'my terminal'}
2024-12-19 09:00:38 - be.model.user - INFO - 尝试登录用户：buyer_5_46abceaa-bda4-11ef-87d8-02a6845b4b32，终端：my terminal
2024-12-19 09:00:38 - be.model.user - INFO - 为用户 buyer_5_46abceaa-bda4-11ef-87d8-02a6845b4b32 生成新token，终端：my terminal
2024-12-19 09:00:38 - be.model.user - INFO - 用户登录成功：buyer_5_46abceaa-bda4-11ef-87d8-02a6845b4b32
2024-12-19 09:00:38 - be.view.auth - INFO - 登录处理结果: 200
2024-12-19 09:00:38 - werkzeug - INFO - 127.0.0.1 - - [19/Dec/2024 09:00:38] "POST /auth/login HTTP/1.1" 200 -
2024-12-19 09:00:38 - be.view.auth - INFO - 收到登录请求: {'user_id': 'buyer_2_46abceaa-bda4-11ef-87d8-02a6845b4b32', 'password': 'buyer_seller_2_46abceaa-bda4-11ef-87d8-02a6845b4b32', 'terminal': 'my terminal'}
2024-12-19 09:00:38 - be.model.user - INFO - 尝试登录用户：buyer_2_46abceaa-bda4-11ef-87d8-02a6845b4b32，终端：my terminal
2024-12-19 09:00:38 - be.model.user - INFO - 为用户 buyer_2_46abceaa-bda4-11ef-87d8-02a6845b4b32 生成新token，终端：my terminal
2024-12-19 09:00:38 - be.model.user - INFO - 用户登录成功：buyer_2_46abceaa-bda4-11ef-87d8-02a6845b4b32
2024-12-19 09:00:39 - be.view.auth - INFO - 登录处理结果: 200
2024-12-19 09:00:39 - werkzeug - INFO - 127.0.0.1 - - [19/Dec/2024 09:00:39] "POST /auth/login HTTP/1.1" 200 -
2024-12-19 09:00:39 - be.view.auth - INFO - 收到登录请求: {'user_id': 'buyer_10_46abceaa-bda4-11ef-87d8-02a6845b4b32', 'password': 'buyer_seller_10_46abceaa-bda4-11ef-87d8-02a6845b4b32', 'terminal': 'my terminal'}
2024-12-19 09:00:39 - be.model.user - INFO - 尝试登录用户：buyer_10_46abceaa-bda4-11ef-87d8-02a6845b4b32，终端：my terminal
2024-12-19 09:00:39 - be.model.user - INFO - 为用户 buyer_10_46abceaa-bda4-11ef-87d8-02a6845b4b32 生成新token，终端：my terminal
2024-12-19 09:00:39 - be.model.user - INFO - 用户登录成功：buyer_10_46abceaa-bda4-11ef-87d8-02a6845b4b32
2024-12-19 09:00:39 - be.view.auth - INFO - 登录处理结果: 200
2024-12-19 09:00:39 - werkzeug - INFO - 127.0.0.1 - - [19/Dec/2024 09:00:39] "POST /auth/login HTTP/1.1" 200 -
2024-12-19 09:00:39 - be.view.auth - INFO - 收到登录请求: {'user_id': 'buyer_4_46abceaa-bda4-11ef-87d8-02a6845b4b32', 'password': 'buyer_seller_4_46abceaa-bda4-11ef-87d8-02a6845b4b32', 'terminal': 'my terminal'}
2024-12-19 09:00:39 - be.model.user - INFO - 尝试登录用户：buyer_4_46abceaa-bda4-11ef-87d8-02a6845b4b32，终端：my terminal
2024-12-19 09:00:39 - be.model.user - INFO - 为用户 buyer_4_46abceaa-bda4-11ef-87d8-02a6845b4b32 生成新token，终端：my terminal
2024-12-19 09:00:39 - be.model.user - INFO - 用户登录成功：buyer_4_46abceaa-bda4-11ef-87d8-02a6845b4b32
2024-12-19 09:00:39 - be.view.auth - INFO - 登录处理结果: 200
2024-12-19 09:00:39 - werkzeug - INFO - 127.0.0.1 - - [19/Dec/2024 09:00:39] "POST /auth/login HTTP/1.1" 200 -
2024-12-19 09:00:39 - be.view.auth - INFO - 收到登录请求: {'user_id': 'buyer_3_46abceaa-bda4-11ef-87d8-02a6845b4b32', 'password': 'buyer_seller_3_46abceaa-bda4-11ef-87d8-02a6845b4b32', 'terminal': 'my terminal'}
2024-12-19 09:00:39 - be.model.user - INFO - 尝试登录用户：buyer_3_46abceaa-bda4-11ef-87d8-02a6845b4b32，终端：my terminal
2024-12-19 09:00:39 - be.model.user - INFO - 为用户 buyer_3_46abceaa-bda4-11ef-87d8-02a6845b4b32 生成新token，终端：my terminal
2024-12-19 09:00:39 - be.model.user - INFO - 用户登录成功：buyer_3_46abceaa-bda4-11ef-87d8-02a6845b4b32
2024-12-19 09:00:39 - be.view.auth - INFO - 登录处理结果: 200
2024-12-19 09:00:39 - werkzeug - INFO - 127.0.0.1 - - [19/Dec/2024 09:00:39] "POST /auth/login HTTP/1.1" 200 -
2024-12-19 09:00:39 - be.view.auth - INFO - 收到登录请求: {'user_id': 'buyer_10_46abceaa-bda4-11ef-87d8-02a6845b4b32', 'password': 'buyer_seller_10_46abceaa-bda4-11ef-87d8-02a6845b4b32', 'terminal': 'my terminal'}
2024-12-19 09:00:39 - be.model.user - INFO - 尝试登录用户：buyer_10_46abceaa-bda4-11ef-87d8-02a6845b4b32，终端：my terminal
2024-12-19 09:00:39 - be.model.user - INFO - 为用户 buyer_10_46abceaa-bda4-11ef-87d8-02a6845b4b32 生成新token，终端：my terminal
2024-12-19 09:00:39 - be.model.user - INFO - 用户登录成功：buyer_10_46abceaa-bda4-11ef-87d8-02a6845b4b32
2024-12-19 09:00:39 - be.view.auth - INFO - 登录处理结果: 200
2024-12-19 09:00:39 - werkzeug - INFO - 127.0.0.1 - - [19/Dec/2024 09:00:39] "POST /auth/login HTTP/1.1" 200 -
2024-12-19 09:00:39 - be.view.auth - INFO - 收到登录请求: {'user_id': 'buyer_4_46abceaa-bda4-11ef-87d8-02a6845b4b32', 'password': 'buyer_seller_4_46abceaa-bda4-11ef-87d8-02a6845b4b32', 'terminal': 'my terminal'}
2024-12-19 09:00:39 - be.model.user - INFO - 尝试登录用户：buyer_4_46abceaa-bda4-11ef-87d8-02a6845b4b32，终端：my terminal
2024-12-19 09:00:40 - be.model.user - INFO - 为用户 buyer_4_46abceaa-bda4-11ef-87d8-02a6845b4b32 生成新token，终端：my terminal
2024-12-19 09:00:40 - be.model.user - INFO - 用户登录成功：buyer_4_46abceaa-bda4-11ef-87d8-02a6845b4b32
2024-12-19 09:00:40 - be.view.auth - INFO - 登录处理结果: 200
2024-12-19 09:00:40 - werkzeug - INFO - 127.0.0.1 - - [19/Dec/2024 09:00:40] "POST /auth/login HTTP/1.1" 200 -
2024-12-19 09:00:40 - be.view.auth - INFO - 收到登录请求: {'user_id': 'buyer_9_46abceaa-bda4-11ef-87d8-02a6845b4b32', 'password': 'buyer_seller_9_46abceaa-bda4-11ef-87d8-02a6845b4b32', 'terminal': 'my terminal'}
2024-12-19 09:00:40 - be.model.user - INFO - 尝试登录用户：buyer_9_46abceaa-bda4-11ef-87d8-02a6845b4b32，终端：my terminal
2024-12-19 09:00:40 - be.model.user - INFO - 为用户 buyer_9_46abceaa-bda4-11ef-87d8-02a6845b4b32 生成新token，终端：my terminal
2024-12-19 09:00:40 - be.model.user - INFO - 用户登录成功：buyer_9_46abceaa-bda4-11ef-87d8-02a6845b4b32
2024-12-19 09:00:40 - be.view.auth - INFO - 登录处理结果: 200
2024-12-19 09:00:40 - werkzeug - INFO - 127.0.0.1 - - [19/Dec/2024 09:00:40] "POST /auth/login HTTP/1.1" 200 -
2024-12-19 09:00:40 - be.view.auth - INFO - 收到登录请求: {'user_id': 'buyer_1_46abceaa-bda4-11ef-87d8-02a6845b4b32', 'password': 'buyer_seller_1_46abceaa-bda4-11ef-87d8-02a6845b4b32', 'terminal': 'my terminal'}
2024-12-19 09:00:40 - be.model.user - INFO - 尝试登录用户：buyer_1_46abceaa-bda4-11ef-87d8-02a6845b4b32，终端：my terminal
2024-12-19 09:00:40 - be.model.user - INFO - 为用户 buyer_1_46abceaa-bda4-11ef-87d8-02a6845b4b32 生成新token，终端：my terminal
2024-12-19 09:00:40 - be.model.user - INFO - 用户登录成功：buyer_1_46abceaa-bda4-11ef-87d8-02a6845b4b32
2024-12-19 09:00:40 - be.view.auth - INFO - 登录处理结果: 200
2024-12-19 09:00:40 - werkzeug - INFO - 127.0.0.1 - - [19/Dec/2024 09:00:40] "POST /auth/login HTTP/1.1" 200 -
2024-12-19 09:00:40 - be.view.auth - INFO - 收到登录请求: {'user_id': 'buyer_3_46abceaa-bda4-11ef-87d8-02a6845b4b32', 'password': 'buyer_seller_3_46abceaa-bda4-11ef-87d8-02a6845b4b32', 'terminal': 'my terminal'}
2024-12-19 09:00:40 - be.model.user - INFO - 尝试登录用户：buyer_3_46abceaa-bda4-11ef-87d8-02a6845b4b32，终端：my terminal
2024-12-19 09:00:40 - be.model.user - INFO - 为用户 buyer_3_46abceaa-bda4-11ef-87d8-02a6845b4b32 生成新token，终端：my terminal
2024-12-19 09:00:40 - be.model.user - INFO - 用户登录成功：buyer_3_46abceaa-bda4-11ef-87d8-02a6845b4b32
2024-12-19 09:00:40 - be.view.auth - INFO - 登录处理结果: 200
2024-12-19 09:00:40 - werkzeug - INFO - 127.0.0.1 - - [19/Dec/2024 09:00:40] "POST /auth/login HTTP/1.1" 200 -
2024-12-19 09:00:40 - be.view.auth - INFO - 收到登录请求: {'user_id': 'buyer_8_46abceaa-bda4-11ef-87d8-02a6845b4b32', 'password': 'buyer_seller_8_46abceaa-bda4-11ef-87d8-02a6845b4b32', 'terminal': 'my terminal'}
2024-12-19 09:00:40 - be.model.user - INFO - 尝试登录用户：buyer_8_46abceaa-bda4-11ef-87d8-02a6845b4b32，终端：my terminal
2024-12-19 09:00:41 - be.model.user - INFO - 为用户 buyer_8_46abceaa-bda4-11ef-87d8-02a6845b4b32 生成新token，终端：my terminal
2024-12-19 09:00:41 - be.model.user - INFO - 用户登录成功：buyer_8_46abceaa-bda4-11ef-87d8-02a6845b4b32
2024-12-19 09:00:41 - be.view.auth - INFO - 登录处理结果: 200
2024-12-19 09:00:41 - werkzeug - INFO - 127.0.0.1 - - [19/Dec/2024 09:00:41] "POST /auth/login HTTP/1.1" 200 -
2024-12-19 09:00:41 - be.view.auth - INFO - 收到登录请求: {'user_id': 'buyer_5_46abceaa-bda4-11ef-87d8-02a6845b4b32', 'password': 'buyer_seller_5_46abceaa-bda4-11ef-87d8-02a6845b4b32', 'terminal': 'my terminal'}
2024-12-19 09:00:41 - be.model.user - INFO - 尝试登录用户：buyer_5_46abceaa-bda4-11ef-87d8-02a6845b4b32，终端：my terminal
2024-12-19 09:00:41 - be.model.user - INFO - 为用户 buyer_5_46abceaa-bda4-11ef-87d8-02a6845b4b32 生成新token，终端：my terminal
2024-12-19 09:00:41 - be.model.user - INFO - 用户登录成功：buyer_5_46abceaa-bda4-11ef-87d8-02a6845b4b32
2024-12-19 09:00:41 - be.view.auth - INFO - 登录处理结果: 200
2024-12-19 09:00:41 - werkzeug - INFO - 127.0.0.1 - - [19/Dec/2024 09:00:41] "POST /auth/login HTTP/1.1" 200 -
2024-12-19 09:00:41 - be.view.auth - INFO - 收到登录请求: {'user_id': 'buyer_9_46abceaa-bda4-11ef-87d8-02a6845b4b32', 'password': 'buyer_seller_9_46abceaa-bda4-11ef-87d8-02a6845b4b32', 'terminal': 'my terminal'}
2024-12-19 09:00:41 - be.model.user - INFO - 尝试登录用户：buyer_9_46abceaa-bda4-11ef-87d8-02a6845b4b32，终端：my terminal
2024-12-19 09:00:41 - be.model.user - INFO - 为用户 buyer_9_46abceaa-bda4-11ef-87d8-02a6845b4b32 生成新token，终端：my terminal
2024-12-19 09:00:41 - be.model.user - INFO - 用户登录成功：buyer_9_46abceaa-bda4-11ef-87d8-02a6845b4b32
2024-12-19 09:00:41 - be.view.auth - INFO - 登录处理结果: 200
2024-12-19 09:00:41 - werkzeug - INFO - 127.0.0.1 - - [19/Dec/2024 09:00:41] "POST /auth/login HTTP/1.1" 200 -
2024-12-19 09:00:41 - be.view.auth - INFO - 收到登录请求: {'user_id': 'buyer_8_46abceaa-bda4-11ef-87d8-02a6845b4b32', 'password': 'buyer_seller_8_46abceaa-bda4-11ef-87d8-02a6845b4b32', 'terminal': 'my terminal'}
2024-12-19 09:00:41 - be.model.user - INFO - 尝试登录用户：buyer_8_46abceaa-bda4-11ef-87d8-02a6845b4b32，终端：my terminal
2024-12-19 09:00:41 - be.model.user - INFO - 为用户 buyer_8_46abceaa-bda4-11ef-87d8-02a6845b4b32 生成新token，终端：my terminal
2024-12-19 09:00:41 - be.model.user - INFO - 用户登录成功：buyer_8_46abceaa-bda4-11ef-87d8-02a6845b4b32
2024-12-19 09:00:41 - be.view.auth - INFO - 登录处理结果: 200
2024-12-19 09:00:41 - werkzeug - INFO - 127.0.0.1 - - [19/Dec/2024 09:00:41] "POST /auth/login HTTP/1.1" 200 -
2024-12-19 09:00:41 - be.view.auth - INFO - 收到登录请求: {'user_id': 'buyer_1_46abceaa-bda4-11ef-87d8-02a6845b4b32', 'password': 'buyer_seller_1_46abceaa-bda4-11ef-87d8-02a6845b4b32', 'terminal': 'my terminal'}
2024-12-19 09:00:41 - be.model.user - INFO - 尝试登录用户：buyer_1_46abceaa-bda4-11ef-87d8-02a6845b4b32，终端：my terminal
2024-12-19 09:00:42 - be.model.user - INFO - 为用户 buyer_1_46abceaa-bda4-11ef-87d8-02a6845b4b32 生成新token，终端：my terminal
2024-12-19 09:00:42 - be.model.user - INFO - 用户登录成功：buyer_1_46abceaa-bda4-11ef-87d8-02a6845b4b32
2024-12-19 09:00:42 - be.view.auth - INFO - 登录处理结果: 200
2024-12-19 09:00:42 - werkzeug - INFO - 127.0.0.1 - - [19/Dec/2024 09:00:42] "POST /auth/login HTTP/1.1" 200 -
2024-12-19 09:00:42 - be.view.auth - INFO - 收到登录请求: {'user_id': 'buyer_7_46abceaa-bda4-11ef-87d8-02a6845b4b32', 'password': 'buyer_seller_7_46abceaa-bda4-11ef-87d8-02a6845b4b32', 'terminal': 'my terminal'}
2024-12-19 09:00:42 - be.model.user - INFO - 尝试登录用户：buyer_7_46abceaa-bda4-11ef-87d8-02a6845b4b32，终端：my terminal
2024-12-19 09:00:42 - be.model.user - INFO - 为用户 buyer_7_46abceaa-bda4-11ef-87d8-02a6845b4b32 生成新token，终端：my terminal
2024-12-19 09:00:42 - be.model.user - INFO - 用户登录成功：buyer_7_46abceaa-bda4-11ef-87d8-02a6845b4b32
2024-12-19 09:00:42 - be.view.auth - INFO - 登录处理结果: 200
2024-12-19 09:00:42 - werkzeug - INFO - 127.0.0.1 - - [19/Dec/2024 09:00:42] "POST /auth/login HTTP/1.1" 200 -
2024-12-19 09:00:42 - be.view.auth - INFO - 收到登录请求: {'user_id': 'buyer_8_46abceaa-bda4-11ef-87d8-02a6845b4b32', 'password': 'buyer_seller_8_46abceaa-bda4-11ef-87d8-02a6845b4b32', 'terminal': 'my terminal'}
2024-12-19 09:00:42 - be.model.user - INFO - 尝试登录用户：buyer_8_46abceaa-bda4-11ef-87d8-02a6845b4b32，终端：my terminal
2024-12-19 09:00:42 - be.model.user - INFO - 为用户 buyer_8_46abceaa-bda4-11ef-87d8-02a6845b4b32 生成新token，终端：my terminal
2024-12-19 09:00:42 - be.model.user - INFO - 用户登录成功：buyer_8_46abceaa-bda4-11ef-87d8-02a6845b4b32
2024-12-19 09:00:42 - be.view.auth - INFO - 登录处理结果: 200
2024-12-19 09:00:42 - werkzeug - INFO - 127.0.0.1 - - [19/Dec/2024 09:00:42] "POST /auth/login HTTP/1.1" 200 -
2024-12-19 09:00:42 - be.view.auth - INFO - 收到登录请求: {'user_id': 'buyer_2_46abceaa-bda4-11ef-87d8-02a6845b4b32', 'password': 'buyer_seller_2_46abceaa-bda4-11ef-87d8-02a6845b4b32', 'terminal': 'my terminal'}
2024-12-19 09:00:42 - be.model.user - INFO - 尝试登录用户：buyer_2_46abceaa-bda4-11ef-87d8-02a6845b4b32，终端：my terminal
2024-12-19 09:00:42 - be.model.user - INFO - 为用户 buyer_2_46abceaa-bda4-11ef-87d8-02a6845b4b32 生成新token，终端：my terminal
2024-12-19 09:00:42 - be.model.user - INFO - 用户登录成功：buyer_2_46abceaa-bda4-11ef-87d8-02a6845b4b32
2024-12-19 09:00:42 - be.view.auth - INFO - 登录处理结果: 200
2024-12-19 09:00:42 - werkzeug - INFO - 127.0.0.1 - - [19/Dec/2024 09:00:42] "POST /auth/login HTTP/1.1" 200 -
2024-12-19 09:00:42 - be.view.auth - INFO - 收到登录请求: {'user_id': 'buyer_4_46abceaa-bda4-11ef-87d8-02a6845b4b32', 'password': 'buyer_seller_4_46abceaa-bda4-11ef-87d8-02a6845b4b32', 'terminal': 'my terminal'}
2024-12-19 09:00:42 - be.model.user - INFO - 尝试登录用户：buyer_4_46abceaa-bda4-11ef-87d8-02a6845b4b32，终端：my terminal
2024-12-19 09:00:42 - be.model.user - INFO - 为用户 buyer_4_46abceaa-bda4-11ef-87d8-02a6845b4b32 生成新token，终端：my terminal
2024-12-19 09:00:42 - be.model.user - INFO - 用户登录成功：buyer_4_46abceaa-bda4-11ef-87d8-02a6845b4b32
2024-12-19 09:00:43 - be.view.auth - INFO - 登录处理结果: 200
2024-12-19 09:00:43 - werkzeug - INFO - 127.0.0.1 - - [19/Dec/2024 09:00:43] "POST /auth/login HTTP/1.1" 200 -
2024-12-19 09:00:43 - be.view.auth - INFO - 收到登录请求: {'user_id': 'buyer_5_46abceaa-bda4-11ef-87d8-02a6845b4b32', 'password': 'buyer_seller_5_46abceaa-bda4-11ef-87d8-02a6845b4b32', 'terminal': 'my terminal'}
2024-12-19 09:00:43 - be.model.user - INFO - 尝试登录用户：buyer_5_46abceaa-bda4-11ef-87d8-02a6845b4b32，终端：my terminal
2024-12-19 09:00:43 - be.model.user - INFO - 为用户 buyer_5_46abceaa-bda4-11ef-87d8-02a6845b4b32 生成新token，终端：my terminal
2024-12-19 09:00:43 - be.model.user - INFO - 用户登录成功：buyer_5_46abceaa-bda4-11ef-87d8-02a6845b4b32
2024-12-19 09:00:43 - be.view.auth - INFO - 登录处理结果: 200
2024-12-19 09:00:43 - werkzeug - INFO - 127.0.0.1 - - [19/Dec/2024 09:00:43] "POST /auth/login HTTP/1.1" 200 -
2024-12-19 09:00:43 - be.view.auth - INFO - 收到登录请求: {'user_id': 'buyer_3_46abceaa-bda4-11ef-87d8-02a6845b4b32', 'password': 'buyer_seller_3_46abceaa-bda4-11ef-87d8-02a6845b4b32', 'terminal': 'my terminal'}
2024-12-19 09:00:43 - be.model.user - INFO - 尝试登录用户：buyer_3_46abceaa-bda4-11ef-87d8-02a6845b4b32，终端：my terminal
2024-12-19 09:00:43 - be.model.user - INFO - 为用户 buyer_3_46abceaa-bda4-11ef-87d8-02a6845b4b32 生成新token，终端：my terminal
2024-12-19 09:00:43 - be.model.user - INFO - 用户登录成功：buyer_3_46abceaa-bda4-11ef-87d8-02a6845b4b32
2024-12-19 09:00:43 - be.view.auth - INFO - 登录处理结果: 200
2024-12-19 09:00:43 - werkzeug - INFO - 127.0.0.1 - - [19/Dec/2024 09:00:43] "POST /auth/login HTTP/1.1" 200 -
2024-12-19 09:00:43 - be.view.auth - INFO - 收到登录请求: {'user_id': 'buyer_8_46abceaa-bda4-11ef-87d8-02a6845b4b32', 'password': 'buyer_seller_8_46abceaa-bda4-11ef-87d8-02a6845b4b32', 'terminal': 'my terminal'}
2024-12-19 09:00:43 - be.model.user - INFO - 尝试登录用户：buyer_8_46abceaa-bda4-11ef-87d8-02a6845b4b32，终端：my terminal
2024-12-19 09:00:43 - be.model.user - INFO - 为用户 buyer_8_46abceaa-bda4-11ef-87d8-02a6845b4b32 生成新token，终端：my terminal
2024-12-19 09:00:43 - be.model.user - INFO - 用户登录成功：buyer_8_46abceaa-bda4-11ef-87d8-02a6845b4b32
2024-12-19 09:00:43 - be.view.auth - INFO - 登录处理结果: 200
2024-12-19 09:00:43 - werkzeug - INFO - 127.0.0.1 - - [19/Dec/2024 09:00:43] "POST /auth/login HTTP/1.1" 200 -
2024-12-19 09:00:43 - be.view.auth - INFO - 收到登录请求: {'user_id': 'buyer_7_46abceaa-bda4-11ef-87d8-02a6845b4b32', 'password': 'buyer_seller_7_46abceaa-bda4-11ef-87d8-02a6845b4b32', 'terminal': 'my terminal'}
2024-12-19 09:00:43 - be.model.user - INFO - 尝试登录用户：buyer_7_46abceaa-bda4-11ef-87d8-02a6845b4b32，终端：my terminal
2024-12-19 09:00:43 - be.model.user - INFO - 为用户 buyer_7_46abceaa-bda4-11ef-87d8-02a6845b4b32 生成新token，终端：my terminal
2024-12-19 09:00:43 - be.model.user - INFO - 用户登录成功：buyer_7_46abceaa-bda4-11ef-87d8-02a6845b4b32
2024-12-19 09:00:44 - be.view.auth - INFO - 登录处理结果: 200
2024-12-19 09:00:44 - werkzeug - INFO - 127.0.0.1 - - [19/Dec/2024 09:00:44] "POST /auth/login HTTP/1.1" 200 -
2024-12-19 09:00:44 - be.view.auth - INFO - 收到登录请求: {'user_id': 'buyer_8_46abceaa-bda4-11ef-87d8-02a6845b4b32', 'password': 'buyer_seller_8_46abceaa-bda4-11ef-87d8-02a6845b4b32', 'terminal': 'my terminal'}
2024-12-19 09:00:44 - be.model.user - INFO - 尝试登录用户：buyer_8_46abceaa-bda4-11ef-87d8-02a6845b4b32，终端：my terminal
2024-12-19 09:00:44 - be.model.user - INFO - 为用户 buyer_8_46abceaa-bda4-11ef-87d8-02a6845b4b32 生成新token，终端：my terminal
2024-12-19 09:00:44 - be.model.user - INFO - 用户登录成功：buyer_8_46abceaa-bda4-11ef-87d8-02a6845b4b32
2024-12-19 09:00:44 - be.view.auth - INFO - 登录处理结果: 200
2024-12-19 09:00:44 - werkzeug - INFO - 127.0.0.1 - - [19/Dec/2024 09:00:44] "POST /auth/login HTTP/1.1" 200 -
2024-12-19 09:00:44 - be.view.auth - INFO - 收到登录请求: {'user_id': 'buyer_5_46abceaa-bda4-11ef-87d8-02a6845b4b32', 'password': 'buyer_seller_5_46abceaa-bda4-11ef-87d8-02a6845b4b32', 'terminal': 'my terminal'}
2024-12-19 09:00:44 - be.model.user - INFO - 尝试登录用户：buyer_5_46abceaa-bda4-11ef-87d8-02a6845b4b32，终端：my terminal
2024-12-19 09:00:44 - be.model.user - INFO - 为用户 buyer_5_46abceaa-bda4-11ef-87d8-02a6845b4b32 生成新token，终端：my terminal
2024-12-19 09:00:44 - be.model.user - INFO - 用户登录成功：buyer_5_46abceaa-bda4-11ef-87d8-02a6845b4b32
2024-12-19 09:00:44 - be.view.auth - INFO - 登录处理结果: 200
2024-12-19 09:00:44 - werkzeug - INFO - 127.0.0.1 - - [19/Dec/2024 09:00:44] "POST /auth/login HTTP/1.1" 200 -
2024-12-19 09:00:44 - be.view.auth - INFO - 收到登录请求: {'user_id': 'buyer_9_46abceaa-bda4-11ef-87d8-02a6845b4b32', 'password': 'buyer_seller_9_46abceaa-bda4-11ef-87d8-02a6845b4b32', 'terminal': 'my terminal'}
2024-12-19 09:00:44 - be.model.user - INFO - 尝试登录用户：buyer_9_46abceaa-bda4-11ef-87d8-02a6845b4b32，终端：my terminal
2024-12-19 09:00:44 - be.model.user - INFO - 为用户 buyer_9_46abceaa-bda4-11ef-87d8-02a6845b4b32 生成新token，终端：my terminal
2024-12-19 09:00:44 - be.model.user - INFO - 用户登录成功：buyer_9_46abceaa-bda4-11ef-87d8-02a6845b4b32
2024-12-19 09:00:44 - be.view.auth - INFO - 登录处理结果: 200
2024-12-19 09:00:44 - werkzeug - INFO - 127.0.0.1 - - [19/Dec/2024 09:00:44] "POST /auth/login HTTP/1.1" 200 -
2024-12-19 09:00:44 - be.view.auth - INFO - 收到登录请求: {'user_id': 'buyer_7_46abceaa-bda4-11ef-87d8-02a6845b4b32', 'password': 'buyer_seller_7_46abceaa-bda4-11ef-87d8-02a6845b4b32', 'terminal': 'my terminal'}
2024-12-19 09:00:44 - be.model.user - INFO - 尝试登录用户：buyer_7_46abceaa-bda4-11ef-87d8-02a6845b4b32，终端：my terminal
2024-12-19 09:00:44 - be.model.user - INFO - 为用户 buyer_7_46abceaa-bda4-11ef-87d8-02a6845b4b32 生成新token，终端：my terminal
2024-12-19 09:00:44 - be.model.user - INFO - 用户登录成功：buyer_7_46abceaa-bda4-11ef-87d8-02a6845b4b32
2024-12-19 09:00:44 - be.view.auth - INFO - 登录处理结果: 200
2024-12-19 09:00:44 - werkzeug - INFO - 127.0.0.1 - - [19/Dec/2024 09:00:44] "POST /auth/login HTTP/1.1" 200 -
2024-12-19 09:00:44 - be.view.auth - INFO - 收到登录请求: {'user_id': 'buyer_2_46abceaa-bda4-11ef-87d8-02a6845b4b32', 'password': 'buyer_seller_2_46abceaa-bda4-11ef-87d8-02a6845b4b32', 'terminal': 'my terminal'}
2024-12-19 09:00:44 - be.model.user - INFO - 尝试登录用户：buyer_2_46abceaa-bda4-11ef-87d8-02a6845b4b32，终端：my terminal
2024-12-19 09:00:45 - be.model.user - INFO - 为用户 buyer_2_46abceaa-bda4-11ef-87d8-02a6845b4b32 生成新token，终端：my terminal
2024-12-19 09:00:45 - be.model.user - INFO - 用户登录成功：buyer_2_46abceaa-bda4-11ef-87d8-02a6845b4b32
2024-12-19 09:00:45 - be.view.auth - INFO - 登录处理结果: 200
2024-12-19 09:00:45 - werkzeug - INFO - 127.0.0.1 - - [19/Dec/2024 09:00:45] "POST /auth/login HTTP/1.1" 200 -
2024-12-19 09:00:45 - be.view.auth - INFO - 收到登录请求: {'user_id': 'buyer_9_46abceaa-bda4-11ef-87d8-02a6845b4b32', 'password': 'buyer_seller_9_46abceaa-bda4-11ef-87d8-02a6845b4b32', 'terminal': 'my terminal'}
2024-12-19 09:00:45 - be.model.user - INFO - 尝试登录用户：buyer_9_46abceaa-bda4-11ef-87d8-02a6845b4b32，终端：my terminal
2024-12-19 09:00:45 - be.model.user - INFO - 为用户 buyer_9_46abceaa-bda4-11ef-87d8-02a6845b4b32 生成新token，终端：my terminal
2024-12-19 09:00:45 - be.model.user - INFO - 用户登录成功：buyer_9_46abceaa-bda4-11ef-87d8-02a6845b4b32
2024-12-19 09:00:45 - be.view.auth - INFO - 登录处理结果: 200
2024-12-19 09:00:45 - werkzeug - INFO - 127.0.0.1 - - [19/Dec/2024 09:00:45] "POST /auth/login HTTP/1.1" 200 -
2024-12-19 09:00:45 - be.view.auth - INFO - 收到登录请求: {'user_id': 'buyer_7_46abceaa-bda4-11ef-87d8-02a6845b4b32', 'password': 'buyer_seller_7_46abceaa-bda4-11ef-87d8-02a6845b4b32', 'terminal': 'my terminal'}
2024-12-19 09:00:45 - be.model.user - INFO - 尝试登录用户：buyer_7_46abceaa-bda4-11ef-87d8-02a6845b4b32，终端：my terminal
2024-12-19 09:00:45 - be.model.user - INFO - 为用户 buyer_7_46abceaa-bda4-11ef-87d8-02a6845b4b32 生成新token，终端：my terminal
2024-12-19 09:00:45 - be.model.user - INFO - 用户登录成功：buyer_7_46abceaa-bda4-11ef-87d8-02a6845b4b32
2024-12-19 09:00:45 - be.view.auth - INFO - 登录处理结果: 200
2024-12-19 09:00:45 - werkzeug - INFO - 127.0.0.1 - - [19/Dec/2024 09:00:45] "POST /auth/login HTTP/1.1" 200 -
2024-12-19 09:00:45 - be.view.auth - INFO - 收到登录请求: {'user_id': 'buyer_1_46abceaa-bda4-11ef-87d8-02a6845b4b32', 'password': 'buyer_seller_1_46abceaa-bda4-11ef-87d8-02a6845b4b32', 'terminal': 'my terminal'}
2024-12-19 09:00:45 - be.model.user - INFO - 尝试登录用户：buyer_1_46abceaa-bda4-11ef-87d8-02a6845b4b32，终端：my terminal
2024-12-19 09:00:45 - be.model.user - INFO - 为用户 buyer_1_46abceaa-bda4-11ef-87d8-02a6845b4b32 生成新token，终端：my terminal
2024-12-19 09:00:45 - be.model.user - INFO - 用户登录成功：buyer_1_46abceaa-bda4-11ef-87d8-02a6845b4b32
2024-12-19 09:00:45 - be.view.auth - INFO - 登录处理结果: 200
2024-12-19 09:00:45 - werkzeug - INFO - 127.0.0.1 - - [19/Dec/2024 09:00:45] "POST /auth/login HTTP/1.1" 200 -
2024-12-19 09:00:45 - be.view.auth - INFO - 收到登录请求: {'user_id': 'buyer_6_46abceaa-bda4-11ef-87d8-02a6845b4b32', 'password': 'buyer_seller_6_46abceaa-bda4-11ef-87d8-02a6845b4b32', 'terminal': 'my terminal'}
2024-12-19 09:00:45 - be.model.user - INFO - 尝试登录用户：buyer_6_46abceaa-bda4-11ef-87d8-02a6845b4b32，终端：my terminal
2024-12-19 09:00:46 - be.model.user - INFO - 为用户 buyer_6_46abceaa-bda4-11ef-87d8-02a6845b4b32 生成新token，终端：my terminal
2024-12-19 09:00:46 - be.model.user - INFO - 用户登录成功：buyer_6_46abceaa-bda4-11ef-87d8-02a6845b4b32
2024-12-19 09:00:46 - be.view.auth - INFO - 登录处理结果: 200
2024-12-19 09:00:46 - werkzeug - INFO - 127.0.0.1 - - [19/Dec/2024 09:00:46] "POST /auth/login HTTP/1.1" 200 -
2024-12-19 09:00:46 - be.view.auth - INFO - 收到登录请求: {'user_id': 'buyer_6_46abceaa-bda4-11ef-87d8-02a6845b4b32', 'password': 'buyer_seller_6_46abceaa-bda4-11ef-87d8-02a6845b4b32', 'terminal': 'my terminal'}
2024-12-19 09:00:46 - be.model.user - INFO - 尝试登录用户：buyer_6_46abceaa-bda4-11ef-87d8-02a6845b4b32，终端：my terminal
2024-12-19 09:00:46 - be.model.user - INFO - 为用户 buyer_6_46abceaa-bda4-11ef-87d8-02a6845b4b32 生成新token，终端：my terminal
2024-12-19 09:00:46 - be.model.user - INFO - 用户登录成功：buyer_6_46abceaa-bda4-11ef-87d8-02a6845b4b32
2024-12-19 09:00:46 - be.view.auth - INFO - 登录处理结果: 200
2024-12-19 09:00:46 - werkzeug - INFO - 127.0.0.1 - - [19/Dec/2024 09:00:46] "POST /auth/login HTTP/1.1" 200 -
2024-12-19 09:00:46 - be.view.auth - INFO - 收到登录请求: {'user_id': 'buyer_5_46abceaa-bda4-11ef-87d8-02a6845b4b32', 'password': 'buyer_seller_5_46abceaa-bda4-11ef-87d8-02a6845b4b32', 'terminal': 'my terminal'}
2024-12-19 09:00:46 - be.model.user - INFO - 尝试登录用户：buyer_5_46abceaa-bda4-11ef-87d8-02a6845b4b32，终端：my terminal
2024-12-19 09:00:46 - be.model.user - INFO - 为用户 buyer_5_46abceaa-bda4-11ef-87d8-02a6845b4b32 生成新token，终端：my terminal
2024-12-19 09:00:46 - be.model.user - INFO - 用户登录成功：buyer_5_46abceaa-bda4-11ef-87d8-02a6845b4b32
2024-12-19 09:00:46 - be.view.auth - INFO - 登录处理结果: 200
2024-12-19 09:00:46 - werkzeug - INFO - 127.0.0.1 - - [19/Dec/2024 09:00:46] "POST /auth/login HTTP/1.1" 200 -
2024-12-19 09:00:46 - be.view.auth - INFO - 收到登录请求: {'user_id': 'buyer_5_46abceaa-bda4-11ef-87d8-02a6845b4b32', 'password': 'buyer_seller_5_46abceaa-bda4-11ef-87d8-02a6845b4b32', 'terminal': 'my terminal'}
2024-12-19 09:00:46 - be.model.user - INFO - 尝试登录用户：buyer_5_46abceaa-bda4-11ef-87d8-02a6845b4b32，终端：my terminal
2024-12-19 09:00:46 - be.model.user - INFO - 为用户 buyer_5_46abceaa-bda4-11ef-87d8-02a6845b4b32 生成新token，终端：my terminal
2024-12-19 09:00:46 - be.model.user - INFO - 用户登录成功：buyer_5_46abceaa-bda4-11ef-87d8-02a6845b4b32
2024-12-19 09:00:46 - be.view.auth - INFO - 登录处理结果: 200
2024-12-19 09:00:46 - werkzeug - INFO - 127.0.0.1 - - [19/Dec/2024 09:00:46] "POST /auth/login HTTP/1.1" 200 -
2024-12-19 09:00:46 - be.view.auth - INFO - 收到登录请求: {'user_id': 'buyer_1_46abceaa-bda4-11ef-87d8-02a6845b4b32', 'password': 'buyer_seller_1_46abceaa-bda4-11ef-87d8-02a6845b4b32', 'terminal': 'my terminal'}
2024-12-19 09:00:46 - be.model.user - INFO - 尝试登录用户：buyer_1_46abceaa-bda4-11ef-87d8-02a6845b4b32，终端：my terminal
2024-12-19 09:00:46 - be.model.user - INFO - 为用户 buyer_1_46abceaa-bda4-11ef-87d8-02a6845b4b32 生成新token，终端：my terminal
2024-12-19 09:00:46 - be.model.user - INFO - 用户登录成功：buyer_1_46abceaa-bda4-11ef-87d8-02a6845b4b32
2024-12-19 09:00:47 - be.view.auth - INFO - 登录处理结果: 200
2024-12-19 09:00:47 - werkzeug - INFO - 127.0.0.1 - - [19/Dec/2024 09:00:47] "POST /auth/login HTTP/1.1" 200 -
2024-12-19 09:00:47 - be.view.auth - INFO - 收到登录请求: {'user_id': 'buyer_8_46abceaa-bda4-11ef-87d8-02a6845b4b32', 'password': 'buyer_seller_8_46abceaa-bda4-11ef-87d8-02a6845b4b32', 'terminal': 'my terminal'}
2024-12-19 09:00:47 - be.model.user - INFO - 尝试登录用户：buyer_8_46abceaa-bda4-11ef-87d8-02a6845b4b32，终端：my terminal
2024-12-19 09:00:47 - be.model.user - INFO - 为用户 buyer_8_46abceaa-bda4-11ef-87d8-02a6845b4b32 生成新token，终端：my terminal
2024-12-19 09:00:47 - be.model.user - INFO - 用户登录成功：buyer_8_46abceaa-bda4-11ef-87d8-02a6845b4b32
2024-12-19 09:00:47 - be.view.auth - INFO - 登录处理结果: 200
2024-12-19 09:00:47 - werkzeug - INFO - 127.0.0.1 - - [19/Dec/2024 09:00:47] "POST /auth/login HTTP/1.1" 200 -
2024-12-19 09:00:47 - be.view.auth - INFO - 收到登录请求: {'user_id': 'buyer_3_46abceaa-bda4-11ef-87d8-02a6845b4b32', 'password': 'buyer_seller_3_46abceaa-bda4-11ef-87d8-02a6845b4b32', 'terminal': 'my terminal'}
2024-12-19 09:00:47 - be.model.user - INFO - 尝试登录用户：buyer_3_46abceaa-bda4-11ef-87d8-02a6845b4b32，终端：my terminal
2024-12-19 09:00:47 - be.model.user - INFO - 为用户 buyer_3_46abceaa-bda4-11ef-87d8-02a6845b4b32 生成新token，终端：my terminal
2024-12-19 09:00:47 - be.model.user - INFO - 用户登录成功：buyer_3_46abceaa-bda4-11ef-87d8-02a6845b4b32
2024-12-19 09:00:47 - be.view.auth - INFO - 登录处理结果: 200
2024-12-19 09:00:47 - werkzeug - INFO - 127.0.0.1 - - [19/Dec/2024 09:00:47] "POST /auth/login HTTP/1.1" 200 -
2024-12-19 09:00:47 - be.view.auth - INFO - 收到登录请求: {'user_id': 'buyer_2_46abceaa-bda4-11ef-87d8-02a6845b4b32', 'password': 'buyer_seller_2_46abceaa-bda4-11ef-87d8-02a6845b4b32', 'terminal': 'my terminal'}
2024-12-19 09:00:47 - be.model.user - INFO - 尝试登录用户：buyer_2_46abceaa-bda4-11ef-87d8-02a6845b4b32，终端：my terminal
2024-12-19 09:00:47 - be.model.user - INFO - 为用户 buyer_2_46abceaa-bda4-11ef-87d8-02a6845b4b32 生成新token，终端：my terminal
2024-12-19 09:00:47 - be.model.user - INFO - 用户登录成功：buyer_2_46abceaa-bda4-11ef-87d8-02a6845b4b32
2024-12-19 09:00:47 - be.view.auth - INFO - 登录处理结果: 200
2024-12-19 09:00:47 - werkzeug - INFO - 127.0.0.1 - - [19/Dec/2024 09:00:47] "POST /auth/login HTTP/1.1" 200 -
2024-12-19 09:00:47 - be.view.auth - INFO - 收到登录请求: {'user_id': 'buyer_7_46abceaa-bda4-11ef-87d8-02a6845b4b32', 'password': 'buyer_seller_7_46abceaa-bda4-11ef-87d8-02a6845b4b32', 'terminal': 'my terminal'}
2024-12-19 09:00:47 - be.model.user - INFO - 尝试登录用户：buyer_7_46abceaa-bda4-11ef-87d8-02a6845b4b32，终端：my terminal
2024-12-19 09:00:47 - be.model.user - INFO - 为用户 buyer_7_46abceaa-bda4-11ef-87d8-02a6845b4b32 生成新token，终端：my terminal
2024-12-19 09:00:47 - be.model.user - INFO - 用户登录成功：buyer_7_46abceaa-bda4-11ef-87d8-02a6845b4b32
2024-12-19 09:00:48 - be.view.auth - INFO - 登录处理结果: 200
2024-12-19 09:00:48 - werkzeug - INFO - 127.0.0.1 - - [19/Dec/2024 09:00:48] "POST /auth/login HTTP/1.1" 200 -
2024-12-19 09:00:48 - be.view.auth - INFO - 收到登录请求: {'user_id': 'buyer_5_46abceaa-bda4-11ef-87d8-02a6845b4b32', 'password': 'buyer_seller_5_46abceaa-bda4-11ef-87d8-02a6845b4b32', 'terminal': 'my terminal'}
2024-12-19 09:00:48 - be.model.user - INFO - 尝试登录用户：buyer_5_46abceaa-bda4-11ef-87d8-02a6845b4b32，终端：my terminal
2024-12-19 09:00:48 - be.model.user - INFO - 为用户 buyer_5_46abceaa-bda4-11ef-87d8-02a6845b4b32 生成新token，终端：my terminal
2024-12-19 09:00:48 - be.model.user - INFO - 用户登录成功：buyer_5_46abceaa-bda4-11ef-87d8-02a6845b4b32
2024-12-19 09:00:48 - be.view.auth - INFO - 登录处理结果: 200
2024-12-19 09:00:48 - werkzeug - INFO - 127.0.0.1 - - [19/Dec/2024 09:00:48] "POST /auth/login HTTP/1.1" 200 -
2024-12-19 09:00:48 - be.view.auth - INFO - 收到登录请求: {'user_id': 'buyer_7_46abceaa-bda4-11ef-87d8-02a6845b4b32', 'password': 'buyer_seller_7_46abceaa-bda4-11ef-87d8-02a6845b4b32', 'terminal': 'my terminal'}
2024-12-19 09:00:48 - be.model.user - INFO - 尝试登录用户：buyer_7_46abceaa-bda4-11ef-87d8-02a6845b4b32，终端：my terminal
2024-12-19 09:00:48 - be.model.user - INFO - 为用户 buyer_7_46abceaa-bda4-11ef-87d8-02a6845b4b32 生成新token，终端：my terminal
2024-12-19 09:00:48 - be.model.user - INFO - 用户登录成功：buyer_7_46abceaa-bda4-11ef-87d8-02a6845b4b32
2024-12-19 09:00:48 - be.view.auth - INFO - 登录处理结果: 200
2024-12-19 09:00:48 - werkzeug - INFO - 127.0.0.1 - - [19/Dec/2024 09:00:48] "POST /auth/login HTTP/1.1" 200 -
2024-12-19 09:00:48 - be.view.auth - INFO - 收到登录请求: {'user_id': 'buyer_10_46abceaa-bda4-11ef-87d8-02a6845b4b32', 'password': 'buyer_seller_10_46abceaa-bda4-11ef-87d8-02a6845b4b32', 'terminal': 'my terminal'}
2024-12-19 09:00:48 - be.model.user - INFO - 尝试登录用户：buyer_10_46abceaa-bda4-11ef-87d8-02a6845b4b32，终端：my terminal
2024-12-19 09:00:48 - be.model.user - INFO - 为用户 buyer_10_46abceaa-bda4-11ef-87d8-02a6845b4b32 生成新token，终端：my terminal
2024-12-19 09:00:48 - be.model.user - INFO - 用户登录成功：buyer_10_46abceaa-bda4-11ef-87d8-02a6845b4b32
2024-12-19 09:00:48 - be.view.auth - INFO - 登录处理结果: 200
2024-12-19 09:00:48 - werkzeug - INFO - 127.0.0.1 - - [19/Dec/2024 09:00:48] "POST /auth/login HTTP/1.1" 200 -
2024-12-19 09:00:48 - be.view.auth - INFO - 收到登录请求: {'user_id': 'buyer_2_46abceaa-bda4-11ef-87d8-02a6845b4b32', 'password': 'buyer_seller_2_46abceaa-bda4-11ef-87d8-02a6845b4b32', 'terminal': 'my terminal'}
2024-12-19 09:00:48 - be.model.user - INFO - 尝试登录用户：buyer_2_46abceaa-bda4-11ef-87d8-02a6845b4b32，终端：my terminal
2024-12-19 09:00:48 - be.model.user - INFO - 为用户 buyer_2_46abceaa-bda4-11ef-87d8-02a6845b4b32 生成新token，终端：my terminal
2024-12-19 09:00:48 - be.model.user - INFO - 用户登录成功：buyer_2_46abceaa-bda4-11ef-87d8-02a6845b4b32
2024-12-19 09:00:48 - be.view.auth - INFO - 登录处理结果: 200
2024-12-19 09:00:48 - werkzeug - INFO - 127.0.0.1 - - [19/Dec/2024 09:00:48] "POST /auth/login HTTP/1.1" 200 -
2024-12-19 09:00:48 - be.view.auth - INFO - 收到登录请求: {'user_id': 'buyer_5_46abceaa-bda4-11ef-87d8-02a6845b4b32', 'password': 'buyer_seller_5_46abceaa-bda4-11ef-87d8-02a6845b4b32', 'terminal': 'my terminal'}
2024-12-19 09:00:48 - be.model.user - INFO - 尝试登录用户：buyer_5_46abceaa-bda4-11ef-87d8-02a6845b4b32，终端：my terminal
2024-12-19 09:00:49 - be.model.user - INFO - 为用户 buyer_5_46abceaa-bda4-11ef-87d8-02a6845b4b32 生成新token，终端：my terminal
2024-12-19 09:00:49 - be.model.user - INFO - 用户登录成功：buyer_5_46abceaa-bda4-11ef-87d8-02a6845b4b32
2024-12-19 09:00:49 - be.view.auth - INFO - 登录处理结果: 200
2024-12-19 09:00:49 - werkzeug - INFO - 127.0.0.1 - - [19/Dec/2024 09:00:49] "POST /auth/login HTTP/1.1" 200 -
2024-12-19 09:00:49 - be.view.auth - INFO - 收到登录请求: {'user_id': 'buyer_10_46abceaa-bda4-11ef-87d8-02a6845b4b32', 'password': 'buyer_seller_10_46abceaa-bda4-11ef-87d8-02a6845b4b32', 'terminal': 'my terminal'}
2024-12-19 09:00:49 - be.model.user - INFO - 尝试登录用户：buyer_10_46abceaa-bda4-11ef-87d8-02a6845b4b32，终端：my terminal
2024-12-19 09:00:49 - be.model.user - INFO - 为用户 buyer_10_46abceaa-bda4-11ef-87d8-02a6845b4b32 生成新token，终端：my terminal
2024-12-19 09:00:49 - be.model.user - INFO - 用户登录成功：buyer_10_46abceaa-bda4-11ef-87d8-02a6845b4b32
2024-12-19 09:00:49 - be.view.auth - INFO - 登录处理结果: 200
2024-12-19 09:00:49 - werkzeug - INFO - 127.0.0.1 - - [19/Dec/2024 09:00:49] "POST /auth/login HTTP/1.1" 200 -
2024-12-19 09:00:49 - be.view.auth - INFO - 收到登录请求: {'user_id': 'buyer_8_46abceaa-bda4-11ef-87d8-02a6845b4b32', 'password': 'buyer_seller_8_46abceaa-bda4-11ef-87d8-02a6845b4b32', 'terminal': 'my terminal'}
2024-12-19 09:00:49 - be.model.user - INFO - 尝试登录用户：buyer_8_46abceaa-bda4-11ef-87d8-02a6845b4b32，终端：my terminal
2024-12-19 09:00:49 - be.model.user - INFO - 为用户 buyer_8_46abceaa-bda4-11ef-87d8-02a6845b4b32 生成新token，终端：my terminal
2024-12-19 09:00:49 - be.model.user - INFO - 用户登录成功：buyer_8_46abceaa-bda4-11ef-87d8-02a6845b4b32
2024-12-19 09:00:49 - be.view.auth - INFO - 登录处理结果: 200
2024-12-19 09:00:49 - werkzeug - INFO - 127.0.0.1 - - [19/Dec/2024 09:00:49] "POST /auth/login HTTP/1.1" 200 -
2024-12-19 09:00:49 - be.view.auth - INFO - 收到登录请求: {'user_id': 'buyer_6_46abceaa-bda4-11ef-87d8-02a6845b4b32', 'password': 'buyer_seller_6_46abceaa-bda4-11ef-87d8-02a6845b4b32', 'terminal': 'my terminal'}
2024-12-19 09:00:49 - be.model.user - INFO - 尝试登录用户：buyer_6_46abceaa-bda4-11ef-87d8-02a6845b4b32，终端：my terminal
2024-12-19 09:00:49 - be.model.user - INFO - 为用户 buyer_6_46abceaa-bda4-11ef-87d8-02a6845b4b32 生成新token，终端：my terminal
2024-12-19 09:00:49 - be.model.user - INFO - 用户登录成功：buyer_6_46abceaa-bda4-11ef-87d8-02a6845b4b32
2024-12-19 09:00:49 - be.view.auth - INFO - 登录处理结果: 200
2024-12-19 09:00:49 - werkzeug - INFO - 127.0.0.1 - - [19/Dec/2024 09:00:49] "POST /auth/login HTTP/1.1" 200 -
2024-12-19 09:00:49 - be.view.auth - INFO - 收到登录请求: {'user_id': 'buyer_5_46abceaa-bda4-11ef-87d8-02a6845b4b32', 'password': 'buyer_seller_5_46abceaa-bda4-11ef-87d8-02a6845b4b32', 'terminal': 'my terminal'}
2024-12-19 09:00:49 - be.model.user - INFO - 尝试登录用户：buyer_5_46abceaa-bda4-11ef-87d8-02a6845b4b32，终端：my terminal
2024-12-19 09:00:49 - be.model.user - INFO - 为用户 buyer_5_46abceaa-bda4-11ef-87d8-02a6845b4b32 生成新token，终端：my terminal
2024-12-19 09:00:49 - be.model.user - INFO - 用户登录成功：buyer_5_46abceaa-bda4-11ef-87d8-02a6845b4b32
2024-12-19 09:00:50 - be.view.auth - INFO - 登录处理结果: 200
2024-12-19 09:00:50 - werkzeug - INFO - 127.0.0.1 - - [19/Dec/2024 09:00:50] "POST /auth/login HTTP/1.1" 200 -
2024-12-19 09:00:50 - be.view.auth - INFO - 收到登录请求: {'user_id': 'buyer_8_46abceaa-bda4-11ef-87d8-02a6845b4b32', 'password': 'buyer_seller_8_46abceaa-bda4-11ef-87d8-02a6845b4b32', 'terminal': 'my terminal'}
2024-12-19 09:00:50 - be.model.user - INFO - 尝试登录用户：buyer_8_46abceaa-bda4-11ef-87d8-02a6845b4b32，终端：my terminal
2024-12-19 09:00:50 - be.model.user - INFO - 为用户 buyer_8_46abceaa-bda4-11ef-87d8-02a6845b4b32 生成新token，终端：my terminal
2024-12-19 09:00:50 - be.model.user - INFO - 用户登录成功：buyer_8_46abceaa-bda4-11ef-87d8-02a6845b4b32
2024-12-19 09:00:50 - be.view.auth - INFO - 登录处理结果: 200
2024-12-19 09:00:50 - werkzeug - INFO - 127.0.0.1 - - [19/Dec/2024 09:00:50] "POST /auth/login HTTP/1.1" 200 -
2024-12-19 09:00:50 - be.view.auth - INFO - 收到登录请求: {'user_id': 'buyer_9_46abceaa-bda4-11ef-87d8-02a6845b4b32', 'password': 'buyer_seller_9_46abceaa-bda4-11ef-87d8-02a6845b4b32', 'terminal': 'my terminal'}
2024-12-19 09:00:50 - be.model.user - INFO - 尝试登录用户：buyer_9_46abceaa-bda4-11ef-87d8-02a6845b4b32，终端：my terminal
2024-12-19 09:00:50 - be.model.user - INFO - 为用户 buyer_9_46abceaa-bda4-11ef-87d8-02a6845b4b32 生成新token，终端：my terminal
2024-12-19 09:00:50 - be.model.user - INFO - 用户登录成功：buyer_9_46abceaa-bda4-11ef-87d8-02a6845b4b32
2024-12-19 09:00:50 - be.view.auth - INFO - 登录处理结果: 200
2024-12-19 09:00:50 - werkzeug - INFO - 127.0.0.1 - - [19/Dec/2024 09:00:50] "POST /auth/login HTTP/1.1" 200 -
2024-12-19 09:00:50 - be.view.auth - INFO - 收到登录请求: {'user_id': 'buyer_10_46abceaa-bda4-11ef-87d8-02a6845b4b32', 'password': 'buyer_seller_10_46abceaa-bda4-11ef-87d8-02a6845b4b32', 'terminal': 'my terminal'}
2024-12-19 09:00:50 - be.model.user - INFO - 尝试登录用户：buyer_10_46abceaa-bda4-11ef-87d8-02a6845b4b32，终端：my terminal
2024-12-19 09:00:50 - be.model.user - INFO - 为用户 buyer_10_46abceaa-bda4-11ef-87d8-02a6845b4b32 生成新token，终端：my terminal
2024-12-19 09:00:50 - be.model.user - INFO - 用户登录成功：buyer_10_46abceaa-bda4-11ef-87d8-02a6845b4b32
2024-12-19 09:00:50 - be.view.auth - INFO - 登录处理结果: 200
2024-12-19 09:00:50 - werkzeug - INFO - 127.0.0.1 - - [19/Dec/2024 09:00:50] "POST /auth/login HTTP/1.1" 200 -
2024-12-19 09:00:50 - be.view.auth - INFO - 收到登录请求: {'user_id': 'buyer_7_46abceaa-bda4-11ef-87d8-02a6845b4b32', 'password': 'buyer_seller_7_46abceaa-bda4-11ef-87d8-02a6845b4b32', 'terminal': 'my terminal'}
2024-12-19 09:00:50 - be.model.user - INFO - 尝试登录用户：buyer_7_46abceaa-bda4-11ef-87d8-02a6845b4b32，终端：my terminal
2024-12-19 09:00:50 - be.model.user - INFO - 为用户 buyer_7_46abceaa-bda4-11ef-87d8-02a6845b4b32 生成新token，终端：my terminal
2024-12-19 09:00:50 - be.model.user - INFO - 用户登录成功：buyer_7_46abceaa-bda4-11ef-87d8-02a6845b4b32
2024-12-19 09:00:51 - be.view.auth - INFO - 登录处理结果: 200
2024-12-19 09:00:51 - werkzeug - INFO - 127.0.0.1 - - [19/Dec/2024 09:00:51] "POST /auth/login HTTP/1.1" 200 -
2024-12-19 09:00:51 - be.view.auth - INFO - 收到登录请求: {'user_id': 'buyer_10_46abceaa-bda4-11ef-87d8-02a6845b4b32', 'password': 'buyer_seller_10_46abceaa-bda4-11ef-87d8-02a6845b4b32', 'terminal': 'my terminal'}
2024-12-19 09:00:51 - be.model.user - INFO - 尝试登录用户：buyer_10_46abceaa-bda4-11ef-87d8-02a6845b4b32，终端：my terminal
2024-12-19 09:00:51 - be.model.user - INFO - 为用户 buyer_10_46abceaa-bda4-11ef-87d8-02a6845b4b32 生成新token，终端：my terminal
2024-12-19 09:00:51 - be.model.user - INFO - 用户登录成功：buyer_10_46abceaa-bda4-11ef-87d8-02a6845b4b32
2024-12-19 09:00:51 - be.view.auth - INFO - 登录处理结果: 200
2024-12-19 09:00:51 - werkzeug - INFO - 127.0.0.1 - - [19/Dec/2024 09:00:51] "POST /auth/login HTTP/1.1" 200 -
2024-12-19 09:00:51 - be.view.auth - INFO - 收到登录请求: {'user_id': 'buyer_10_46abceaa-bda4-11ef-87d8-02a6845b4b32', 'password': 'buyer_seller_10_46abceaa-bda4-11ef-87d8-02a6845b4b32', 'terminal': 'my terminal'}
2024-12-19 09:00:51 - be.model.user - INFO - 尝试登录用户：buyer_10_46abceaa-bda4-11ef-87d8-02a6845b4b32，终端：my terminal
2024-12-19 09:00:51 - be.model.user - INFO - 为用户 buyer_10_46abceaa-bda4-11ef-87d8-02a6845b4b32 生成新token，终端：my terminal
2024-12-19 09:00:51 - be.model.user - INFO - 用户登录成功：buyer_10_46abceaa-bda4-11ef-87d8-02a6845b4b32
2024-12-19 09:00:51 - be.view.auth - INFO - 登录处理结果: 200
2024-12-19 09:00:51 - werkzeug - INFO - 127.0.0.1 - - [19/Dec/2024 09:00:51] "POST /auth/login HTTP/1.1" 200 -
2024-12-19 09:00:51 - be.view.auth - INFO - 收到登录请求: {'user_id': 'buyer_3_46abceaa-bda4-11ef-87d8-02a6845b4b32', 'password': 'buyer_seller_3_46abceaa-bda4-11ef-87d8-02a6845b4b32', 'terminal': 'my terminal'}
2024-12-19 09:00:51 - be.model.user - INFO - 尝试登录用户：buyer_3_46abceaa-bda4-11ef-87d8-02a6845b4b32，终端：my terminal
2024-12-19 09:00:51 - be.model.user - INFO - 为用户 buyer_3_46abceaa-bda4-11ef-87d8-02a6845b4b32 生成新token，终端：my terminal
2024-12-19 09:00:51 - be.model.user - INFO - 用户登录成功：buyer_3_46abceaa-bda4-11ef-87d8-02a6845b4b32
2024-12-19 09:00:51 - be.view.auth - INFO - 登录处理结果: 200
2024-12-19 09:00:51 - werkzeug - INFO - 127.0.0.1 - - [19/Dec/2024 09:00:51] "POST /auth/login HTTP/1.1" 200 -
2024-12-19 09:00:51 - be.view.auth - INFO - 收到登录请求: {'user_id': 'buyer_2_46abceaa-bda4-11ef-87d8-02a6845b4b32', 'password': 'buyer_seller_2_46abceaa-bda4-11ef-87d8-02a6845b4b32', 'terminal': 'my terminal'}
2024-12-19 09:00:51 - be.model.user - INFO - 尝试登录用户：buyer_2_46abceaa-bda4-11ef-87d8-02a6845b4b32，终端：my terminal
2024-12-19 09:00:51 - be.model.user - INFO - 为用户 buyer_2_46abceaa-bda4-11ef-87d8-02a6845b4b32 生成新token，终端：my terminal
2024-12-19 09:00:51 - be.model.user - INFO - 用户登录成功：buyer_2_46abceaa-bda4-11ef-87d8-02a6845b4b32
2024-12-19 09:00:52 - be.view.auth - INFO - 登录处理结果: 200
2024-12-19 09:00:52 - werkzeug - INFO - 127.0.0.1 - - [19/Dec/2024 09:00:52] "POST /auth/login HTTP/1.1" 200 -
2024-12-19 09:00:52 - be.view.auth - INFO - 收到登录请求: {'user_id': 'buyer_10_46abceaa-bda4-11ef-87d8-02a6845b4b32', 'password': 'buyer_seller_10_46abceaa-bda4-11ef-87d8-02a6845b4b32', 'terminal': 'my terminal'}
2024-12-19 09:00:52 - be.model.user - INFO - 尝试登录用户：buyer_10_46abceaa-bda4-11ef-87d8-02a6845b4b32，终端：my terminal
2024-12-19 09:00:52 - be.model.user - INFO - 为用户 buyer_10_46abceaa-bda4-11ef-87d8-02a6845b4b32 生成新token，终端：my terminal
2024-12-19 09:00:52 - be.model.user - INFO - 用户登录成功：buyer_10_46abceaa-bda4-11ef-87d8-02a6845b4b32
2024-12-19 09:00:52 - be.view.auth - INFO - 登录处理结果: 200
2024-12-19 09:00:52 - werkzeug - INFO - 127.0.0.1 - - [19/Dec/2024 09:00:52] "POST /auth/login HTTP/1.1" 200 -
2024-12-19 09:00:52 - be.view.auth - INFO - 收到登录请求: {'user_id': 'buyer_10_46abceaa-bda4-11ef-87d8-02a6845b4b32', 'password': 'buyer_seller_10_46abceaa-bda4-11ef-87d8-02a6845b4b32', 'terminal': 'my terminal'}
2024-12-19 09:00:52 - be.model.user - INFO - 尝试登录用户：buyer_10_46abceaa-bda4-11ef-87d8-02a6845b4b32，终端：my terminal
2024-12-19 09:00:52 - be.model.user - INFO - 为用户 buyer_10_46abceaa-bda4-11ef-87d8-02a6845b4b32 生成新token，终端：my terminal
2024-12-19 09:00:52 - be.model.user - INFO - 用户登录成功：buyer_10_46abceaa-bda4-11ef-87d8-02a6845b4b32
2024-12-19 09:00:52 - be.view.auth - INFO - 登录处理结果: 200
2024-12-19 09:00:52 - werkzeug - INFO - 127.0.0.1 - - [19/Dec/2024 09:00:52] "POST /auth/login HTTP/1.1" 200 -
2024-12-19 09:00:52 - be.view.auth - INFO - 收到登录请求: {'user_id': 'buyer_4_46abceaa-bda4-11ef-87d8-02a6845b4b32', 'password': 'buyer_seller_4_46abceaa-bda4-11ef-87d8-02a6845b4b32', 'terminal': 'my terminal'}
2024-12-19 09:00:52 - be.model.user - INFO - 尝试登录用户：buyer_4_46abceaa-bda4-11ef-87d8-02a6845b4b32，终端：my terminal
2024-12-19 09:00:52 - be.model.user - INFO - 为用户 buyer_4_46abceaa-bda4-11ef-87d8-02a6845b4b32 生成新token，终端：my terminal
2024-12-19 09:00:52 - be.model.user - INFO - 用户登录成功：buyer_4_46abceaa-bda4-11ef-87d8-02a6845b4b32
2024-12-19 09:00:52 - be.view.auth - INFO - 登录处理结果: 200
2024-12-19 09:00:52 - werkzeug - INFO - 127.0.0.1 - - [19/Dec/2024 09:00:52] "POST /auth/login HTTP/1.1" 200 -
2024-12-19 09:00:52 - be.view.auth - INFO - 收到登录请求: {'user_id': 'buyer_1_46abceaa-bda4-11ef-87d8-02a6845b4b32', 'password': 'buyer_seller_1_46abceaa-bda4-11ef-87d8-02a6845b4b32', 'terminal': 'my terminal'}
2024-12-19 09:00:52 - be.model.user - INFO - 尝试登录用户：buyer_1_46abceaa-bda4-11ef-87d8-02a6845b4b32，终端：my terminal
2024-12-19 09:00:52 - be.model.user - INFO - 为用户 buyer_1_46abceaa-bda4-11ef-87d8-02a6845b4b32 生成新token，终端：my terminal
2024-12-19 09:00:52 - be.model.user - INFO - 用户登录成功：buyer_1_46abceaa-bda4-11ef-87d8-02a6845b4b32
2024-12-19 09:00:53 - be.view.auth - INFO - 登录处理结果: 200
2024-12-19 09:00:53 - werkzeug - INFO - 127.0.0.1 - - [19/Dec/2024 09:00:53] "POST /auth/login HTTP/1.1" 200 -
2024-12-19 09:00:53 - be.view.auth - INFO - 收到登录请求: {'user_id': 'buyer_2_46abceaa-bda4-11ef-87d8-02a6845b4b32', 'password': 'buyer_seller_2_46abceaa-bda4-11ef-87d8-02a6845b4b32', 'terminal': 'my terminal'}
2024-12-19 09:00:53 - be.model.user - INFO - 尝试登录用户：buyer_2_46abceaa-bda4-11ef-87d8-02a6845b4b32，终端：my terminal
2024-12-19 09:00:53 - be.model.user - INFO - 为用户 buyer_2_46abceaa-bda4-11ef-87d8-02a6845b4b32 生成新token，终端：my terminal
2024-12-19 09:00:53 - be.model.user - INFO - 用户登录成功：buyer_2_46abceaa-bda4-11ef-87d8-02a6845b4b32
2024-12-19 09:00:53 - be.view.auth - INFO - 登录处理结果: 200
2024-12-19 09:00:53 - werkzeug - INFO - 127.0.0.1 - - [19/Dec/2024 09:00:53] "POST /auth/login HTTP/1.1" 200 -
2024-12-19 09:00:53 - be.view.auth - INFO - 收到登录请求: {'user_id': 'buyer_4_46abceaa-bda4-11ef-87d8-02a6845b4b32', 'password': 'buyer_seller_4_46abceaa-bda4-11ef-87d8-02a6845b4b32', 'terminal': 'my terminal'}
2024-12-19 09:00:53 - be.model.user - INFO - 尝试登录用户：buyer_4_46abceaa-bda4-11ef-87d8-02a6845b4b32，终端：my terminal
2024-12-19 09:00:53 - be.model.user - INFO - 为用户 buyer_4_46abceaa-bda4-11ef-87d8-02a6845b4b32 生成新token，终端：my terminal
2024-12-19 09:00:53 - be.model.user - INFO - 用户登录成功：buyer_4_46abceaa-bda4-11ef-87d8-02a6845b4b32
2024-12-19 09:00:53 - be.view.auth - INFO - 登录处理结果: 200
2024-12-19 09:00:53 - werkzeug - INFO - 127.0.0.1 - - [19/Dec/2024 09:00:53] "POST /auth/login HTTP/1.1" 200 -
2024-12-19 09:00:53 - be.view.auth - INFO - 收到登录请求: {'user_id': 'buyer_6_46abceaa-bda4-11ef-87d8-02a6845b4b32', 'password': 'buyer_seller_6_46abceaa-bda4-11ef-87d8-02a6845b4b32', 'terminal': 'my terminal'}
2024-12-19 09:00:53 - be.model.user - INFO - 尝试登录用户：buyer_6_46abceaa-bda4-11ef-87d8-02a6845b4b32，终端：my terminal
2024-12-19 09:00:53 - be.model.user - INFO - 为用户 buyer_6_46abceaa-bda4-11ef-87d8-02a6845b4b32 生成新token，终端：my terminal
2024-12-19 09:00:53 - be.model.user - INFO - 用户登录成功：buyer_6_46abceaa-bda4-11ef-87d8-02a6845b4b32
2024-12-19 09:00:53 - be.view.auth - INFO - 登录处理结果: 200
2024-12-19 09:00:53 - werkzeug - INFO - 127.0.0.1 - - [19/Dec/2024 09:00:53] "POST /auth/login HTTP/1.1" 200 -
2024-12-19 09:00:53 - be.view.auth - INFO - 收到登录请求: {'user_id': 'buyer_10_46abceaa-bda4-11ef-87d8-02a6845b4b32', 'password': 'buyer_seller_10_46abceaa-bda4-11ef-87d8-02a6845b4b32', 'terminal': 'my terminal'}
2024-12-19 09:00:53 - be.model.user - INFO - 尝试登录用户：buyer_10_46abceaa-bda4-11ef-87d8-02a6845b4b32，终端：my terminal
2024-12-19 09:00:53 - be.model.user - INFO - 为用户 buyer_10_46abceaa-bda4-11ef-87d8-02a6845b4b32 生成新token，终端：my terminal
2024-12-19 09:00:53 - be.model.user - INFO - 用户登录成功：buyer_10_46abceaa-bda4-11ef-87d8-02a6845b4b32
2024-12-19 09:00:53 - be.view.auth - INFO - 登录处理结果: 200
2024-12-19 09:00:53 - werkzeug - INFO - 127.0.0.1 - - [19/Dec/2024 09:00:53] "POST /auth/login HTTP/1.1" 200 -
2024-12-19 09:00:53 - be.view.auth - INFO - 收到登录请求: {'user_id': 'buyer_6_46abceaa-bda4-11ef-87d8-02a6845b4b32', 'password': 'buyer_seller_6_46abceaa-bda4-11ef-87d8-02a6845b4b32', 'terminal': 'my terminal'}
2024-12-19 09:00:53 - be.model.user - INFO - 尝试登录用户：buyer_6_46abceaa-bda4-11ef-87d8-02a6845b4b32，终端：my terminal
2024-12-19 09:00:54 - be.model.user - INFO - 为用户 buyer_6_46abceaa-bda4-11ef-87d8-02a6845b4b32 生成新token，终端：my terminal
2024-12-19 09:00:54 - be.model.user - INFO - 用户登录成功：buyer_6_46abceaa-bda4-11ef-87d8-02a6845b4b32
2024-12-19 09:00:54 - be.view.auth - INFO - 登录处理结果: 200
2024-12-19 09:00:54 - werkzeug - INFO - 127.0.0.1 - - [19/Dec/2024 09:00:54] "POST /auth/login HTTP/1.1" 200 -
2024-12-19 09:00:54 - be.view.auth - INFO - 收到登录请求: {'user_id': 'buyer_7_46abceaa-bda4-11ef-87d8-02a6845b4b32', 'password': 'buyer_seller_7_46abceaa-bda4-11ef-87d8-02a6845b4b32', 'terminal': 'my terminal'}
2024-12-19 09:00:54 - be.model.user - INFO - 尝试登录用户：buyer_7_46abceaa-bda4-11ef-87d8-02a6845b4b32，终端：my terminal
2024-12-19 09:00:54 - be.model.user - INFO - 为用户 buyer_7_46abceaa-bda4-11ef-87d8-02a6845b4b32 生成新token，终端：my terminal
2024-12-19 09:00:54 - be.model.user - INFO - 用户登录成功：buyer_7_46abceaa-bda4-11ef-87d8-02a6845b4b32
2024-12-19 09:00:54 - be.view.auth - INFO - 登录处理结果: 200
2024-12-19 09:00:54 - werkzeug - INFO - 127.0.0.1 - - [19/Dec/2024 09:00:54] "POST /auth/login HTTP/1.1" 200 -
2024-12-19 09:00:54 - be.view.auth - INFO - 收到登录请求: {'user_id': 'buyer_8_46abceaa-bda4-11ef-87d8-02a6845b4b32', 'password': 'buyer_seller_8_46abceaa-bda4-11ef-87d8-02a6845b4b32', 'terminal': 'my terminal'}
2024-12-19 09:00:54 - be.model.user - INFO - 尝试登录用户：buyer_8_46abceaa-bda4-11ef-87d8-02a6845b4b32，终端：my terminal
2024-12-19 09:00:54 - be.model.user - INFO - 为用户 buyer_8_46abceaa-bda4-11ef-87d8-02a6845b4b32 生成新token，终端：my terminal
2024-12-19 09:00:54 - be.model.user - INFO - 用户登录成功：buyer_8_46abceaa-bda4-11ef-87d8-02a6845b4b32
2024-12-19 09:00:54 - be.view.auth - INFO - 登录处理结果: 200
2024-12-19 09:00:54 - werkzeug - INFO - 127.0.0.1 - - [19/Dec/2024 09:00:54] "POST /auth/login HTTP/1.1" 200 -
2024-12-19 09:00:54 - be.view.auth - INFO - 收到登录请求: {'user_id': 'buyer_4_46abceaa-bda4-11ef-87d8-02a6845b4b32', 'password': 'buyer_seller_4_46abceaa-bda4-11ef-87d8-02a6845b4b32', 'terminal': 'my terminal'}
2024-12-19 09:00:54 - be.model.user - INFO - 尝试登录用户：buyer_4_46abceaa-bda4-11ef-87d8-02a6845b4b32，终端：my terminal
2024-12-19 09:00:54 - be.model.user - INFO - 为用户 buyer_4_46abceaa-bda4-11ef-87d8-02a6845b4b32 生成新token，终端：my terminal
2024-12-19 09:00:54 - be.model.user - INFO - 用户登录成功：buyer_4_46abceaa-bda4-11ef-87d8-02a6845b4b32
2024-12-19 09:00:54 - be.view.auth - INFO - 登录处理结果: 200
2024-12-19 09:00:54 - werkzeug - INFO - 127.0.0.1 - - [19/Dec/2024 09:00:54] "POST /auth/login HTTP/1.1" 200 -
2024-12-19 09:00:54 - be.view.auth - INFO - 收到登录请求: {'user_id': 'buyer_7_46abceaa-bda4-11ef-87d8-02a6845b4b32', 'password': 'buyer_seller_7_46abceaa-bda4-11ef-87d8-02a6845b4b32', 'terminal': 'my terminal'}
2024-12-19 09:00:54 - be.model.user - INFO - 尝试登录用户：buyer_7_46abceaa-bda4-11ef-87d8-02a6845b4b32，终端：my terminal
2024-12-19 09:00:55 - be.model.user - INFO - 为用户 buyer_7_46abceaa-bda4-11ef-87d8-02a6845b4b32 生成新token，终端：my terminal
2024-12-19 09:00:55 - be.model.user - INFO - 用户登录成功：buyer_7_46abceaa-bda4-11ef-87d8-02a6845b4b32
2024-12-19 09:00:55 - be.view.auth - INFO - 登录处理结果: 200
2024-12-19 09:00:55 - werkzeug - INFO - 127.0.0.1 - - [19/Dec/2024 09:00:55] "POST /auth/login HTTP/1.1" 200 -
2024-12-19 09:00:55 - be.view.auth - INFO - 收到登录请求: {'user_id': 'buyer_3_46abceaa-bda4-11ef-87d8-02a6845b4b32', 'password': 'buyer_seller_3_46abceaa-bda4-11ef-87d8-02a6845b4b32', 'terminal': 'my terminal'}
2024-12-19 09:00:55 - be.model.user - INFO - 尝试登录用户：buyer_3_46abceaa-bda4-11ef-87d8-02a6845b4b32，终端：my terminal
2024-12-19 09:00:55 - be.model.user - INFO - 为用户 buyer_3_46abceaa-bda4-11ef-87d8-02a6845b4b32 生成新token，终端：my terminal
2024-12-19 09:00:55 - be.model.user - INFO - 用户登录成功：buyer_3_46abceaa-bda4-11ef-87d8-02a6845b4b32
2024-12-19 09:00:55 - be.view.auth - INFO - 登录处理结果: 200
2024-12-19 09:00:55 - werkzeug - INFO - 127.0.0.1 - - [19/Dec/2024 09:00:55] "POST /auth/login HTTP/1.1" 200 -
2024-12-19 09:00:55 - be.view.auth - INFO - 收到登录请求: {'user_id': 'buyer_1_46abceaa-bda4-11ef-87d8-02a6845b4b32', 'password': 'buyer_seller_1_46abceaa-bda4-11ef-87d8-02a6845b4b32', 'terminal': 'my terminal'}
2024-12-19 09:00:55 - be.model.user - INFO - 尝试登录用户：buyer_1_46abceaa-bda4-11ef-87d8-02a6845b4b32，终端：my terminal
2024-12-19 09:00:55 - be.model.user - INFO - 为用户 buyer_1_46abceaa-bda4-11ef-87d8-02a6845b4b32 生成新token，终端：my terminal
2024-12-19 09:00:55 - be.model.user - INFO - 用户登录成功：buyer_1_46abceaa-bda4-11ef-87d8-02a6845b4b32
2024-12-19 09:00:55 - be.view.auth - INFO - 登录处理结果: 200
2024-12-19 09:00:55 - werkzeug - INFO - 127.0.0.1 - - [19/Dec/2024 09:00:55] "POST /auth/login HTTP/1.1" 200 -
2024-12-19 09:00:55 - be.view.auth - INFO - 收到登录请求: {'user_id': 'buyer_9_46abceaa-bda4-11ef-87d8-02a6845b4b32', 'password': 'buyer_seller_9_46abceaa-bda4-11ef-87d8-02a6845b4b32', 'terminal': 'my terminal'}
2024-12-19 09:00:55 - be.model.user - INFO - 尝试登录用户：buyer_9_46abceaa-bda4-11ef-87d8-02a6845b4b32，终端：my terminal
2024-12-19 09:00:55 - be.model.user - INFO - 为用户 buyer_9_46abceaa-bda4-11ef-87d8-02a6845b4b32 生成新token，终端：my terminal
2024-12-19 09:00:55 - be.model.user - INFO - 用户登录成功：buyer_9_46abceaa-bda4-11ef-87d8-02a6845b4b32
2024-12-19 09:00:55 - be.view.auth - INFO - 登录处理结果: 200
2024-12-19 09:00:55 - werkzeug - INFO - 127.0.0.1 - - [19/Dec/2024 09:00:55] "POST /auth/login HTTP/1.1" 200 -
2024-12-19 09:00:55 - be.view.auth - INFO - 收到登录请求: {'user_id': 'buyer_8_46abceaa-bda4-11ef-87d8-02a6845b4b32', 'password': 'buyer_seller_8_46abceaa-bda4-11ef-87d8-02a6845b4b32', 'terminal': 'my terminal'}
2024-12-19 09:00:55 - be.model.user - INFO - 尝试登录用户：buyer_8_46abceaa-bda4-11ef-87d8-02a6845b4b32，终端：my terminal
2024-12-19 09:00:55 - be.model.user - INFO - 为用户 buyer_8_46abceaa-bda4-11ef-87d8-02a6845b4b32 生成新token，终端：my terminal
2024-12-19 09:00:55 - be.model.user - INFO - 用户登录成功：buyer_8_46abceaa-bda4-11ef-87d8-02a6845b4b32
2024-12-19 09:00:56 - be.view.auth - INFO - 登录处理结果: 200
2024-12-19 09:00:56 - werkzeug - INFO - 127.0.0.1 - - [19/Dec/2024 09:00:56] "POST /auth/login HTTP/1.1" 200 -
2024-12-19 09:00:56 - be.view.auth - INFO - 收到登录请求: {'user_id': 'buyer_2_46abceaa-bda4-11ef-87d8-02a6845b4b32', 'password': 'buyer_seller_2_46abceaa-bda4-11ef-87d8-02a6845b4b32', 'terminal': 'my terminal'}
2024-12-19 09:00:56 - be.model.user - INFO - 尝试登录用户：buyer_2_46abceaa-bda4-11ef-87d8-02a6845b4b32，终端：my terminal
2024-12-19 09:00:56 - be.model.user - INFO - 为用户 buyer_2_46abceaa-bda4-11ef-87d8-02a6845b4b32 生成新token，终端：my terminal
2024-12-19 09:00:56 - be.model.user - INFO - 用户登录成功：buyer_2_46abceaa-bda4-11ef-87d8-02a6845b4b32
2024-12-19 09:00:56 - be.view.auth - INFO - 登录处理结果: 200
2024-12-19 09:00:56 - werkzeug - INFO - 127.0.0.1 - - [19/Dec/2024 09:00:56] "POST /auth/login HTTP/1.1" 200 -
2024-12-19 09:00:56 - be.view.auth - INFO - 收到登录请求: {'user_id': 'buyer_3_46abceaa-bda4-11ef-87d8-02a6845b4b32', 'password': 'buyer_seller_3_46abceaa-bda4-11ef-87d8-02a6845b4b32', 'terminal': 'my terminal'}
2024-12-19 09:00:56 - be.model.user - INFO - 尝试登录用户：buyer_3_46abceaa-bda4-11ef-87d8-02a6845b4b32，终端：my terminal
2024-12-19 09:00:56 - be.model.user - INFO - 为用户 buyer_3_46abceaa-bda4-11ef-87d8-02a6845b4b32 生成新token，终端：my terminal
2024-12-19 09:00:56 - be.model.user - INFO - 用户登录成功：buyer_3_46abceaa-bda4-11ef-87d8-02a6845b4b32
2024-12-19 09:00:56 - be.view.auth - INFO - 登录处理结果: 200
2024-12-19 09:00:56 - werkzeug - INFO - 127.0.0.1 - - [19/Dec/2024 09:00:56] "POST /auth/login HTTP/1.1" 200 -
2024-12-19 09:00:56 - be.view.auth - INFO - 收到登录请求: {'user_id': 'buyer_6_46abceaa-bda4-11ef-87d8-02a6845b4b32', 'password': 'buyer_seller_6_46abceaa-bda4-11ef-87d8-02a6845b4b32', 'terminal': 'my terminal'}
2024-12-19 09:00:56 - be.model.user - INFO - 尝试登录用户：buyer_6_46abceaa-bda4-11ef-87d8-02a6845b4b32，终端：my terminal
2024-12-19 09:00:56 - be.model.user - INFO - 为用户 buyer_6_46abceaa-bda4-11ef-87d8-02a6845b4b32 生成新token，终端：my terminal
2024-12-19 09:00:56 - be.model.user - INFO - 用户登录成功：buyer_6_46abceaa-bda4-11ef-87d8-02a6845b4b32
2024-12-19 09:00:56 - be.view.auth - INFO - 登录处理结果: 200
2024-12-19 09:00:56 - werkzeug - INFO - 127.0.0.1 - - [19/Dec/2024 09:00:56] "POST /auth/login HTTP/1.1" 200 -
2024-12-19 09:00:56 - be.view.auth - INFO - 收到登录请求: {'user_id': 'buyer_8_46abceaa-bda4-11ef-87d8-02a6845b4b32', 'password': 'buyer_seller_8_46abceaa-bda4-11ef-87d8-02a6845b4b32', 'terminal': 'my terminal'}
2024-12-19 09:00:56 - be.model.user - INFO - 尝试登录用户：buyer_8_46abceaa-bda4-11ef-87d8-02a6845b4b32，终端：my terminal
2024-12-19 09:00:56 - be.model.user - INFO - 为用户 buyer_8_46abceaa-bda4-11ef-87d8-02a6845b4b32 生成新token，终端：my terminal
2024-12-19 09:00:56 - be.model.user - INFO - 用户登录成功：buyer_8_46abceaa-bda4-11ef-87d8-02a6845b4b32
2024-12-19 09:00:56 - be.view.auth - INFO - 登录处理结果: 200
2024-12-19 09:00:56 - werkzeug - INFO - 127.0.0.1 - - [19/Dec/2024 09:00:56] "POST /auth/login HTTP/1.1" 200 -
2024-12-19 09:00:57 - be.view.auth - INFO - 收到登录请求: {'user_id': 'buyer_7_46abceaa-bda4-11ef-87d8-02a6845b4b32', 'password': 'buyer_seller_7_46abceaa-bda4-11ef-87d8-02a6845b4b32', 'terminal': 'my terminal'}
2024-12-19 09:00:57 - be.model.user - INFO - 尝试登录用户：buyer_7_46abceaa-bda4-11ef-87d8-02a6845b4b32，终端：my terminal
2024-12-19 09:00:57 - be.model.user - INFO - 为用户 buyer_7_46abceaa-bda4-11ef-87d8-02a6845b4b32 生成新token，终端：my terminal
2024-12-19 09:00:57 - be.model.user - INFO - 用户登录成功：buyer_7_46abceaa-bda4-11ef-87d8-02a6845b4b32
2024-12-19 09:00:57 - be.view.auth - INFO - 登录处理结果: 200
2024-12-19 09:00:57 - werkzeug - INFO - 127.0.0.1 - - [19/Dec/2024 09:00:57] "POST /auth/login HTTP/1.1" 200 -
2024-12-19 09:00:57 - be.view.auth - INFO - 收到登录请求: {'user_id': 'buyer_6_46abceaa-bda4-11ef-87d8-02a6845b4b32', 'password': 'buyer_seller_6_46abceaa-bda4-11ef-87d8-02a6845b4b32', 'terminal': 'my terminal'}
2024-12-19 09:00:57 - be.model.user - INFO - 尝试登录用户：buyer_6_46abceaa-bda4-11ef-87d8-02a6845b4b32，终端：my terminal
2024-12-19 09:00:57 - be.model.user - INFO - 为用户 buyer_6_46abceaa-bda4-11ef-87d8-02a6845b4b32 生成新token，终端：my terminal
2024-12-19 09:00:57 - be.model.user - INFO - 用户登录成功：buyer_6_46abceaa-bda4-11ef-87d8-02a6845b4b32
2024-12-19 09:00:57 - be.view.auth - INFO - 登录处理结果: 200
2024-12-19 09:00:57 - werkzeug - INFO - 127.0.0.1 - - [19/Dec/2024 09:00:57] "POST /auth/login HTTP/1.1" 200 -
2024-12-19 09:00:57 - be.view.auth - INFO - 收到登录请求: {'user_id': 'buyer_6_46abceaa-bda4-11ef-87d8-02a6845b4b32', 'password': 'buyer_seller_6_46abceaa-bda4-11ef-87d8-02a6845b4b32', 'terminal': 'my terminal'}
2024-12-19 09:00:57 - be.model.user - INFO - 尝试登录用户：buyer_6_46abceaa-bda4-11ef-87d8-02a6845b4b32，终端：my terminal
2024-12-19 09:00:57 - be.model.user - INFO - 为用户 buyer_6_46abceaa-bda4-11ef-87d8-02a6845b4b32 生成新token，终端：my terminal
2024-12-19 09:00:57 - be.model.user - INFO - 用户登录成功：buyer_6_46abceaa-bda4-11ef-87d8-02a6845b4b32
2024-12-19 09:00:57 - be.view.auth - INFO - 登录处理结果: 200
2024-12-19 09:00:57 - werkzeug - INFO - 127.0.0.1 - - [19/Dec/2024 09:00:57] "POST /auth/login HTTP/1.1" 200 -
2024-12-19 09:00:57 - be.view.auth - INFO - 收到登录请求: {'user_id': 'buyer_5_46abceaa-bda4-11ef-87d8-02a6845b4b32', 'password': 'buyer_seller_5_46abceaa-bda4-11ef-87d8-02a6845b4b32', 'terminal': 'my terminal'}
2024-12-19 09:00:57 - be.model.user - INFO - 尝试登录用户：buyer_5_46abceaa-bda4-11ef-87d8-02a6845b4b32，终端：my terminal
2024-12-19 09:00:57 - be.model.user - INFO - 为用户 buyer_5_46abceaa-bda4-11ef-87d8-02a6845b4b32 生成新token，终端：my terminal
2024-12-19 09:00:57 - be.model.user - INFO - 用户登录成功：buyer_5_46abceaa-bda4-11ef-87d8-02a6845b4b32
2024-12-19 09:00:57 - be.view.auth - INFO - 登录处理结果: 200
2024-12-19 09:00:57 - werkzeug - INFO - 127.0.0.1 - - [19/Dec/2024 09:00:57] "POST /auth/login HTTP/1.1" 200 -
2024-12-19 09:00:57 - be.view.auth - INFO - 收到登录请求: {'user_id': 'buyer_4_46abceaa-bda4-11ef-87d8-02a6845b4b32', 'password': 'buyer_seller_4_46abceaa-bda4-11ef-87d8-02a6845b4b32', 'terminal': 'my terminal'}
2024-12-19 09:00:57 - be.model.user - INFO - 尝试登录用户：buyer_4_46abceaa-bda4-11ef-87d8-02a6845b4b32，终端：my terminal
2024-12-19 09:00:58 - be.model.user - INFO - 为用户 buyer_4_46abceaa-bda4-11ef-87d8-02a6845b4b32 生成新token，终端：my terminal
2024-12-19 09:00:58 - be.model.user - INFO - 用户登录成功：buyer_4_46abceaa-bda4-11ef-87d8-02a6845b4b32
2024-12-19 09:00:58 - be.view.auth - INFO - 登录处理结果: 200
2024-12-19 09:00:58 - werkzeug - INFO - 127.0.0.1 - - [19/Dec/2024 09:00:58] "POST /auth/login HTTP/1.1" 200 -
2024-12-19 09:00:58 - be.view.auth - INFO - 收到登录请求: {'user_id': 'buyer_2_46abceaa-bda4-11ef-87d8-02a6845b4b32', 'password': 'buyer_seller_2_46abceaa-bda4-11ef-87d8-02a6845b4b32', 'terminal': 'my terminal'}
2024-12-19 09:00:58 - be.model.user - INFO - 尝试登录用户：buyer_2_46abceaa-bda4-11ef-87d8-02a6845b4b32，终端：my terminal
2024-12-19 09:00:58 - be.model.user - INFO - 为用户 buyer_2_46abceaa-bda4-11ef-87d8-02a6845b4b32 生成新token，终端：my terminal
2024-12-19 09:00:58 - be.model.user - INFO - 用户登录成功：buyer_2_46abceaa-bda4-11ef-87d8-02a6845b4b32
2024-12-19 09:00:58 - be.view.auth - INFO - 登录处理结果: 200
2024-12-19 09:00:58 - werkzeug - INFO - 127.0.0.1 - - [19/Dec/2024 09:00:58] "POST /auth/login HTTP/1.1" 200 -
2024-12-19 09:00:58 - be.view.auth - INFO - 收到登录请求: {'user_id': 'buyer_6_46abceaa-bda4-11ef-87d8-02a6845b4b32', 'password': 'buyer_seller_6_46abceaa-bda4-11ef-87d8-02a6845b4b32', 'terminal': 'my terminal'}
2024-12-19 09:00:58 - be.model.user - INFO - 尝试登录用户：buyer_6_46abceaa-bda4-11ef-87d8-02a6845b4b32，终端：my terminal
2024-12-19 09:00:58 - be.model.user - INFO - 为用户 buyer_6_46abceaa-bda4-11ef-87d8-02a6845b4b32 生成新token，终端：my terminal
2024-12-19 09:00:58 - be.model.user - INFO - 用户登录成功：buyer_6_46abceaa-bda4-11ef-87d8-02a6845b4b32
2024-12-19 09:00:58 - be.view.auth - INFO - 登录处理结果: 200
2024-12-19 09:00:58 - werkzeug - INFO - 127.0.0.1 - - [19/Dec/2024 09:00:58] "POST /auth/login HTTP/1.1" 200 -
2024-12-19 09:00:58 - be.view.auth - INFO - 收到登录请求: {'user_id': 'buyer_6_46abceaa-bda4-11ef-87d8-02a6845b4b32', 'password': 'buyer_seller_6_46abceaa-bda4-11ef-87d8-02a6845b4b32', 'terminal': 'my terminal'}
2024-12-19 09:00:58 - be.model.user - INFO - 尝试登录用户：buyer_6_46abceaa-bda4-11ef-87d8-02a6845b4b32，终端：my terminal
2024-12-19 09:00:58 - be.model.user - INFO - 为用户 buyer_6_46abceaa-bda4-11ef-87d8-02a6845b4b32 生成新token，终端：my terminal
2024-12-19 09:00:58 - be.model.user - INFO - 用户登录成功：buyer_6_46abceaa-bda4-11ef-87d8-02a6845b4b32
2024-12-19 09:00:58 - be.view.auth - INFO - 登录处理结果: 200
2024-12-19 09:00:58 - werkzeug - INFO - 127.0.0.1 - - [19/Dec/2024 09:00:58] "POST /auth/login HTTP/1.1" 200 -
2024-12-19 09:00:58 - be.view.auth - INFO - 收到登录请求: {'user_id': 'buyer_8_46abceaa-bda4-11ef-87d8-02a6845b4b32', 'password': 'buyer_seller_8_46abceaa-bda4-11ef-87d8-02a6845b4b32', 'terminal': 'my terminal'}
2024-12-19 09:00:58 - be.model.user - INFO - 尝试登录用户：buyer_8_46abceaa-bda4-11ef-87d8-02a6845b4b32，终端：my terminal
2024-12-19 09:00:58 - be.model.user - INFO - 为用户 buyer_8_46abceaa-bda4-11ef-87d8-02a6845b4b32 生成新token，终端：my terminal
2024-12-19 09:00:58 - be.model.user - INFO - 用户登录成功：buyer_8_46abceaa-bda4-11ef-87d8-02a6845b4b32
2024-12-19 09:00:59 - be.view.auth - INFO - 登录处理结果: 200
2024-12-19 09:00:59 - werkzeug - INFO - 127.0.0.1 - - [19/Dec/2024 09:00:59] "POST /auth/login HTTP/1.1" 200 -
2024-12-19 09:00:59 - be.view.auth - INFO - 收到登录请求: {'user_id': 'buyer_4_46abceaa-bda4-11ef-87d8-02a6845b4b32', 'password': 'buyer_seller_4_46abceaa-bda4-11ef-87d8-02a6845b4b32', 'terminal': 'my terminal'}
2024-12-19 09:00:59 - be.model.user - INFO - 尝试登录用户：buyer_4_46abceaa-bda4-11ef-87d8-02a6845b4b32，终端：my terminal
2024-12-19 09:00:59 - be.model.user - INFO - 为用户 buyer_4_46abceaa-bda4-11ef-87d8-02a6845b4b32 生成新token，终端：my terminal
2024-12-19 09:00:59 - be.model.user - INFO - 用户登录成功：buyer_4_46abceaa-bda4-11ef-87d8-02a6845b4b32
2024-12-19 09:00:59 - be.view.auth - INFO - 登录处理结果: 200
2024-12-19 09:00:59 - werkzeug - INFO - 127.0.0.1 - - [19/Dec/2024 09:00:59] "POST /auth/login HTTP/1.1" 200 -
2024-12-19 09:00:59 - be.view.auth - INFO - 收到登录请求: {'user_id': 'buyer_6_46abceaa-bda4-11ef-87d8-02a6845b4b32', 'password': 'buyer_seller_6_46abceaa-bda4-11ef-87d8-02a6845b4b32', 'terminal': 'my terminal'}
2024-12-19 09:00:59 - be.model.user - INFO - 尝试登录用户：buyer_6_46abceaa-bda4-11ef-87d8-02a6845b4b32，终端：my terminal
2024-12-19 09:00:59 - be.model.user - INFO - 为用户 buyer_6_46abceaa-bda4-11ef-87d8-02a6845b4b32 生成新token，终端：my terminal
2024-12-19 09:00:59 - be.model.user - INFO - 用户登录成功：buyer_6_46abceaa-bda4-11ef-87d8-02a6845b4b32
2024-12-19 09:00:59 - be.view.auth - INFO - 登录处理结果: 200
2024-12-19 09:00:59 - werkzeug - INFO - 127.0.0.1 - - [19/Dec/2024 09:00:59] "POST /auth/login HTTP/1.1" 200 -
2024-12-19 09:00:59 - be.view.auth - INFO - 收到登录请求: {'user_id': 'buyer_1_46abceaa-bda4-11ef-87d8-02a6845b4b32', 'password': 'buyer_seller_1_46abceaa-bda4-11ef-87d8-02a6845b4b32', 'terminal': 'my terminal'}
2024-12-19 09:00:59 - be.model.user - INFO - 尝试登录用户：buyer_1_46abceaa-bda4-11ef-87d8-02a6845b4b32，终端：my terminal
2024-12-19 09:00:59 - be.model.user - INFO - 为用户 buyer_1_46abceaa-bda4-11ef-87d8-02a6845b4b32 生成新token，终端：my terminal
2024-12-19 09:00:59 - be.model.user - INFO - 用户登录成功：buyer_1_46abceaa-bda4-11ef-87d8-02a6845b4b32
2024-12-19 09:00:59 - be.view.auth - INFO - 登录处理结果: 200
2024-12-19 09:00:59 - werkzeug - INFO - 127.0.0.1 - - [19/Dec/2024 09:00:59] "POST /auth/login HTTP/1.1" 200 -
2024-12-19 09:00:59 - be.view.auth - INFO - 收到登录请求: {'user_id': 'buyer_7_46abceaa-bda4-11ef-87d8-02a6845b4b32', 'password': 'buyer_seller_7_46abceaa-bda4-11ef-87d8-02a6845b4b32', 'terminal': 'my terminal'}
2024-12-19 09:00:59 - be.model.user - INFO - 尝试登录用户：buyer_7_46abceaa-bda4-11ef-87d8-02a6845b4b32，终端：my terminal
2024-12-19 09:00:59 - be.model.user - INFO - 为用户 buyer_7_46abceaa-bda4-11ef-87d8-02a6845b4b32 生成新token，终端：my terminal
2024-12-19 09:00:59 - be.model.user - INFO - 用户登录成功：buyer_7_46abceaa-bda4-11ef-87d8-02a6845b4b32
2024-12-19 09:01:00 - be.view.auth - INFO - 登录处理结果: 200
2024-12-19 09:01:00 - werkzeug - INFO - 127.0.0.1 - - [19/Dec/2024 09:01:00] "POST /auth/login HTTP/1.1" 200 -
2024-12-19 09:01:00 - be.view.auth - INFO - 收到登录请求: {'user_id': 'buyer_2_46abceaa-bda4-11ef-87d8-02a6845b4b32', 'password': 'buyer_seller_2_46abceaa-bda4-11ef-87d8-02a6845b4b32', 'terminal': 'my terminal'}
2024-12-19 09:01:00 - be.model.user - INFO - 尝试登录用户：buyer_2_46abceaa-bda4-11ef-87d8-02a6845b4b32，终端：my terminal
2024-12-19 09:01:00 - be.model.user - INFO - 为用户 buyer_2_46abceaa-bda4-11ef-87d8-02a6845b4b32 生成新token，终端：my terminal
2024-12-19 09:01:00 - be.model.user - INFO - 用户登录成功：buyer_2_46abceaa-bda4-11ef-87d8-02a6845b4b32
2024-12-19 09:01:00 - be.view.auth - INFO - 登录处理结果: 200
2024-12-19 09:01:00 - werkzeug - INFO - 127.0.0.1 - - [19/Dec/2024 09:01:00] "POST /auth/login HTTP/1.1" 200 -
2024-12-19 09:01:00 - be.view.auth - INFO - 收到登录请求: {'user_id': 'buyer_3_46abceaa-bda4-11ef-87d8-02a6845b4b32', 'password': 'buyer_seller_3_46abceaa-bda4-11ef-87d8-02a6845b4b32', 'terminal': 'my terminal'}
2024-12-19 09:01:00 - be.model.user - INFO - 尝试登录用户：buyer_3_46abceaa-bda4-11ef-87d8-02a6845b4b32，终端：my terminal
2024-12-19 09:01:00 - be.model.user - INFO - 为用户 buyer_3_46abceaa-bda4-11ef-87d8-02a6845b4b32 生成新token，终端：my terminal
2024-12-19 09:01:00 - be.model.user - INFO - 用户登录成功：buyer_3_46abceaa-bda4-11ef-87d8-02a6845b4b32
2024-12-19 09:01:00 - be.view.auth - INFO - 登录处理结果: 200
2024-12-19 09:01:00 - werkzeug - INFO - 127.0.0.1 - - [19/Dec/2024 09:01:00] "POST /auth/login HTTP/1.1" 200 -
2024-12-19 09:01:00 - be.view.auth - INFO - 收到登录请求: {'user_id': 'buyer_7_46abceaa-bda4-11ef-87d8-02a6845b4b32', 'password': 'buyer_seller_7_46abceaa-bda4-11ef-87d8-02a6845b4b32', 'terminal': 'my terminal'}
2024-12-19 09:01:00 - be.model.user - INFO - 尝试登录用户：buyer_7_46abceaa-bda4-11ef-87d8-02a6845b4b32，终端：my terminal
2024-12-19 09:01:00 - be.model.user - INFO - 为用户 buyer_7_46abceaa-bda4-11ef-87d8-02a6845b4b32 生成新token，终端：my terminal
2024-12-19 09:01:00 - be.model.user - INFO - 用户登录成功：buyer_7_46abceaa-bda4-11ef-87d8-02a6845b4b32
2024-12-19 09:01:00 - be.view.auth - INFO - 登录处理结果: 200
2024-12-19 09:01:00 - werkzeug - INFO - 127.0.0.1 - - [19/Dec/2024 09:01:00] "POST /auth/login HTTP/1.1" 200 -
2024-12-19 09:01:00 - be.view.auth - INFO - 收到登录请求: {'user_id': 'buyer_1_46abceaa-bda4-11ef-87d8-02a6845b4b32', 'password': 'buyer_seller_1_46abceaa-bda4-11ef-87d8-02a6845b4b32', 'terminal': 'my terminal'}
2024-12-19 09:01:00 - be.model.user - INFO - 尝试登录用户：buyer_1_46abceaa-bda4-11ef-87d8-02a6845b4b32，终端：my terminal
2024-12-19 09:01:00 - be.model.user - INFO - 为用户 buyer_1_46abceaa-bda4-11ef-87d8-02a6845b4b32 生成新token，终端：my terminal
2024-12-19 09:01:00 - be.model.user - INFO - 用户登录成功：buyer_1_46abceaa-bda4-11ef-87d8-02a6845b4b32
2024-12-19 09:01:00 - be.view.auth - INFO - 登录处理结果: 200
2024-12-19 09:01:00 - werkzeug - INFO - 127.0.0.1 - - [19/Dec/2024 09:01:00] "POST /auth/login HTTP/1.1" 200 -
2024-12-19 09:01:00 - be.view.auth - INFO - 收到登录请求: {'user_id': 'buyer_8_46abceaa-bda4-11ef-87d8-02a6845b4b32', 'password': 'buyer_seller_8_46abceaa-bda4-11ef-87d8-02a6845b4b32', 'terminal': 'my terminal'}
2024-12-19 09:01:00 - be.model.user - INFO - 尝试登录用户：buyer_8_46abceaa-bda4-11ef-87d8-02a6845b4b32，终端：my terminal
2024-12-19 09:01:01 - be.model.user - INFO - 为用户 buyer_8_46abceaa-bda4-11ef-87d8-02a6845b4b32 生成新token，终端：my terminal
2024-12-19 09:01:01 - be.model.user - INFO - 用户登录成功：buyer_8_46abceaa-bda4-11ef-87d8-02a6845b4b32
2024-12-19 09:01:01 - be.view.auth - INFO - 登录处理结果: 200
2024-12-19 09:01:01 - werkzeug - INFO - 127.0.0.1 - - [19/Dec/2024 09:01:01] "POST /auth/login HTTP/1.1" 200 -
2024-12-19 09:01:01 - be.view.auth - INFO - 收到登录请求: {'user_id': 'buyer_3_46abceaa-bda4-11ef-87d8-02a6845b4b32', 'password': 'buyer_seller_3_46abceaa-bda4-11ef-87d8-02a6845b4b32', 'terminal': 'my terminal'}
2024-12-19 09:01:01 - be.model.user - INFO - 尝试登录用户：buyer_3_46abceaa-bda4-11ef-87d8-02a6845b4b32，终端：my terminal
2024-12-19 09:01:01 - be.model.user - INFO - 为用户 buyer_3_46abceaa-bda4-11ef-87d8-02a6845b4b32 生成新token，终端：my terminal
2024-12-19 09:01:01 - be.model.user - INFO - 用户登录成功：buyer_3_46abceaa-bda4-11ef-87d8-02a6845b4b32
2024-12-19 09:01:01 - be.view.auth - INFO - 登录处理结果: 200
2024-12-19 09:01:01 - werkzeug - INFO - 127.0.0.1 - - [19/Dec/2024 09:01:01] "POST /auth/login HTTP/1.1" 200 -
2024-12-19 09:01:01 - be.view.auth - INFO - 收到登录请求: {'user_id': 'buyer_10_46abceaa-bda4-11ef-87d8-02a6845b4b32', 'password': 'buyer_seller_10_46abceaa-bda4-11ef-87d8-02a6845b4b32', 'terminal': 'my terminal'}
2024-12-19 09:01:01 - be.model.user - INFO - 尝试登录用户：buyer_10_46abceaa-bda4-11ef-87d8-02a6845b4b32，终端：my terminal
2024-12-19 09:01:01 - be.model.user - INFO - 为用户 buyer_10_46abceaa-bda4-11ef-87d8-02a6845b4b32 生成新token，终端：my terminal
2024-12-19 09:01:01 - be.model.user - INFO - 用户登录成功：buyer_10_46abceaa-bda4-11ef-87d8-02a6845b4b32
2024-12-19 09:01:01 - be.view.auth - INFO - 登录处理结果: 200
2024-12-19 09:01:01 - werkzeug - INFO - 127.0.0.1 - - [19/Dec/2024 09:01:01] "POST /auth/login HTTP/1.1" 200 -
2024-12-19 09:01:01 - be.view.auth - INFO - 收到登录请求: {'user_id': 'buyer_2_46abceaa-bda4-11ef-87d8-02a6845b4b32', 'password': 'buyer_seller_2_46abceaa-bda4-11ef-87d8-02a6845b4b32', 'terminal': 'my terminal'}
2024-12-19 09:01:01 - be.model.user - INFO - 尝试登录用户：buyer_2_46abceaa-bda4-11ef-87d8-02a6845b4b32，终端：my terminal
2024-12-19 09:01:01 - be.model.user - INFO - 为用户 buyer_2_46abceaa-bda4-11ef-87d8-02a6845b4b32 生成新token，终端：my terminal
2024-12-19 09:01:01 - be.model.user - INFO - 用户登录成功：buyer_2_46abceaa-bda4-11ef-87d8-02a6845b4b32
2024-12-19 09:01:01 - be.view.auth - INFO - 登录处理结果: 200
2024-12-19 09:01:01 - werkzeug - INFO - 127.0.0.1 - - [19/Dec/2024 09:01:01] "POST /auth/login HTTP/1.1" 200 -
2024-12-19 09:01:01 - be.view.auth - INFO - 收到登录请求: {'user_id': 'buyer_8_46abceaa-bda4-11ef-87d8-02a6845b4b32', 'password': 'buyer_seller_8_46abceaa-bda4-11ef-87d8-02a6845b4b32', 'terminal': 'my terminal'}
2024-12-19 09:01:01 - be.model.user - INFO - 尝试登录用户：buyer_8_46abceaa-bda4-11ef-87d8-02a6845b4b32，终端：my terminal
2024-12-19 09:01:02 - be.model.user - INFO - 为用户 buyer_8_46abceaa-bda4-11ef-87d8-02a6845b4b32 生成新token，终端：my terminal
2024-12-19 09:01:02 - be.model.user - INFO - 用户登录成功：buyer_8_46abceaa-bda4-11ef-87d8-02a6845b4b32
2024-12-19 09:01:02 - be.view.auth - INFO - 登录处理结果: 200
2024-12-19 09:01:02 - werkzeug - INFO - 127.0.0.1 - - [19/Dec/2024 09:01:02] "POST /auth/login HTTP/1.1" 200 -
2024-12-19 09:01:02 - be.view.auth - INFO - 收到登录请求: {'user_id': 'buyer_3_46abceaa-bda4-11ef-87d8-02a6845b4b32', 'password': 'buyer_seller_3_46abceaa-bda4-11ef-87d8-02a6845b4b32', 'terminal': 'my terminal'}
2024-12-19 09:01:02 - be.model.user - INFO - 尝试登录用户：buyer_3_46abceaa-bda4-11ef-87d8-02a6845b4b32，终端：my terminal
2024-12-19 09:01:02 - be.model.user - INFO - 为用户 buyer_3_46abceaa-bda4-11ef-87d8-02a6845b4b32 生成新token，终端：my terminal
2024-12-19 09:01:02 - be.model.user - INFO - 用户登录成功：buyer_3_46abceaa-bda4-11ef-87d8-02a6845b4b32
2024-12-19 09:01:02 - be.view.auth - INFO - 登录处理结果: 200
2024-12-19 09:01:02 - werkzeug - INFO - 127.0.0.1 - - [19/Dec/2024 09:01:02] "POST /auth/login HTTP/1.1" 200 -
2024-12-19 09:01:02 - be.view.auth - INFO - 收到登录请求: {'user_id': 'buyer_7_46abceaa-bda4-11ef-87d8-02a6845b4b32', 'password': 'buyer_seller_7_46abceaa-bda4-11ef-87d8-02a6845b4b32', 'terminal': 'my terminal'}
2024-12-19 09:01:02 - be.model.user - INFO - 尝试登录用户：buyer_7_46abceaa-bda4-11ef-87d8-02a6845b4b32，终端：my terminal
2024-12-19 09:01:02 - be.model.user - INFO - 为用户 buyer_7_46abceaa-bda4-11ef-87d8-02a6845b4b32 生成新token，终端：my terminal
2024-12-19 09:01:02 - be.model.user - INFO - 用户登录成功：buyer_7_46abceaa-bda4-11ef-87d8-02a6845b4b32
2024-12-19 09:01:02 - be.view.auth - INFO - 登录处理结果: 200
2024-12-19 09:01:02 - werkzeug - INFO - 127.0.0.1 - - [19/Dec/2024 09:01:02] "POST /auth/login HTTP/1.1" 200 -
2024-12-19 09:01:02 - be.view.auth - INFO - 收到登录请求: {'user_id': 'buyer_1_46abceaa-bda4-11ef-87d8-02a6845b4b32', 'password': 'buyer_seller_1_46abceaa-bda4-11ef-87d8-02a6845b4b32', 'terminal': 'my terminal'}
2024-12-19 09:01:02 - be.model.user - INFO - 尝试登录用户：buyer_1_46abceaa-bda4-11ef-87d8-02a6845b4b32，终端：my terminal
2024-12-19 09:01:02 - be.model.user - INFO - 为用户 buyer_1_46abceaa-bda4-11ef-87d8-02a6845b4b32 生成新token，终端：my terminal
2024-12-19 09:01:02 - be.model.user - INFO - 用户登录成功：buyer_1_46abceaa-bda4-11ef-87d8-02a6845b4b32
2024-12-19 09:01:02 - be.view.auth - INFO - 登录处理结果: 200
2024-12-19 09:01:02 - werkzeug - INFO - 127.0.0.1 - - [19/Dec/2024 09:01:02] "POST /auth/login HTTP/1.1" 200 -
2024-12-19 09:01:02 - be.view.auth - INFO - 收到登录请求: {'user_id': 'buyer_8_46abceaa-bda4-11ef-87d8-02a6845b4b32', 'password': 'buyer_seller_8_46abceaa-bda4-11ef-87d8-02a6845b4b32', 'terminal': 'my terminal'}
2024-12-19 09:01:02 - be.model.user - INFO - 尝试登录用户：buyer_8_46abceaa-bda4-11ef-87d8-02a6845b4b32，终端：my terminal
2024-12-19 09:01:02 - be.model.user - INFO - 为用户 buyer_8_46abceaa-bda4-11ef-87d8-02a6845b4b32 生成新token，终端：my terminal
2024-12-19 09:01:02 - be.model.user - INFO - 用户登录成功：buyer_8_46abceaa-bda4-11ef-87d8-02a6845b4b32
2024-12-19 09:01:03 - be.view.auth - INFO - 登录处理结果: 200
2024-12-19 09:01:03 - werkzeug - INFO - 127.0.0.1 - - [19/Dec/2024 09:01:03] "POST /auth/login HTTP/1.1" 200 -
2024-12-19 09:01:03 - be.view.auth - INFO - 收到登录请求: {'user_id': 'buyer_9_46abceaa-bda4-11ef-87d8-02a6845b4b32', 'password': 'buyer_seller_9_46abceaa-bda4-11ef-87d8-02a6845b4b32', 'terminal': 'my terminal'}
2024-12-19 09:01:03 - be.model.user - INFO - 尝试登录用户：buyer_9_46abceaa-bda4-11ef-87d8-02a6845b4b32，终端：my terminal
2024-12-19 09:01:03 - be.model.user - INFO - 为用户 buyer_9_46abceaa-bda4-11ef-87d8-02a6845b4b32 生成新token，终端：my terminal
2024-12-19 09:01:03 - be.model.user - INFO - 用户登录成功：buyer_9_46abceaa-bda4-11ef-87d8-02a6845b4b32
2024-12-19 09:01:03 - be.view.auth - INFO - 登录处理结果: 200
2024-12-19 09:01:03 - werkzeug - INFO - 127.0.0.1 - - [19/Dec/2024 09:01:03] "POST /auth/login HTTP/1.1" 200 -
2024-12-19 09:01:03 - be.view.auth - INFO - 收到登录请求: {'user_id': 'buyer_9_46abceaa-bda4-11ef-87d8-02a6845b4b32', 'password': 'buyer_seller_9_46abceaa-bda4-11ef-87d8-02a6845b4b32', 'terminal': 'my terminal'}
2024-12-19 09:01:03 - be.model.user - INFO - 尝试登录用户：buyer_9_46abceaa-bda4-11ef-87d8-02a6845b4b32，终端：my terminal
2024-12-19 09:01:03 - be.model.user - INFO - 为用户 buyer_9_46abceaa-bda4-11ef-87d8-02a6845b4b32 生成新token，终端：my terminal
2024-12-19 09:01:03 - be.model.user - INFO - 用户登录成功：buyer_9_46abceaa-bda4-11ef-87d8-02a6845b4b32
2024-12-19 09:01:03 - be.view.auth - INFO - 登录处理结果: 200
2024-12-19 09:01:03 - werkzeug - INFO - 127.0.0.1 - - [19/Dec/2024 09:01:03] "POST /auth/login HTTP/1.1" 200 -
2024-12-19 09:01:03 - be.view.auth - INFO - 收到登录请求: {'user_id': 'buyer_1_46abceaa-bda4-11ef-87d8-02a6845b4b32', 'password': 'buyer_seller_1_46abceaa-bda4-11ef-87d8-02a6845b4b32', 'terminal': 'my terminal'}
2024-12-19 09:01:03 - be.model.user - INFO - 尝试登录用户：buyer_1_46abceaa-bda4-11ef-87d8-02a6845b4b32，终端：my terminal
2024-12-19 09:01:03 - be.model.user - INFO - 为用户 buyer_1_46abceaa-bda4-11ef-87d8-02a6845b4b32 生成新token，终端：my terminal
2024-12-19 09:01:03 - be.model.user - INFO - 用户登录成功：buyer_1_46abceaa-bda4-11ef-87d8-02a6845b4b32
2024-12-19 09:01:03 - be.view.auth - INFO - 登录处理结果: 200
2024-12-19 09:01:03 - werkzeug - INFO - 127.0.0.1 - - [19/Dec/2024 09:01:03] "POST /auth/login HTTP/1.1" 200 -
2024-12-19 09:01:03 - be.view.auth - INFO - 收到登录请求: {'user_id': 'buyer_7_46abceaa-bda4-11ef-87d8-02a6845b4b32', 'password': 'buyer_seller_7_46abceaa-bda4-11ef-87d8-02a6845b4b32', 'terminal': 'my terminal'}
2024-12-19 09:01:03 - be.model.user - INFO - 尝试登录用户：buyer_7_46abceaa-bda4-11ef-87d8-02a6845b4b32，终端：my terminal
2024-12-19 09:01:03 - be.model.user - INFO - 为用户 buyer_7_46abceaa-bda4-11ef-87d8-02a6845b4b32 生成新token，终端：my terminal
2024-12-19 09:01:03 - be.model.user - INFO - 用户登录成功：buyer_7_46abceaa-bda4-11ef-87d8-02a6845b4b32
2024-12-19 09:01:04 - be.view.auth - INFO - 登录处理结果: 200
2024-12-19 09:01:04 - werkzeug - INFO - 127.0.0.1 - - [19/Dec/2024 09:01:04] "POST /auth/login HTTP/1.1" 200 -
2024-12-19 09:01:04 - be.view.auth - INFO - 收到登录请求: {'user_id': 'buyer_4_46abceaa-bda4-11ef-87d8-02a6845b4b32', 'password': 'buyer_seller_4_46abceaa-bda4-11ef-87d8-02a6845b4b32', 'terminal': 'my terminal'}
2024-12-19 09:01:04 - be.model.user - INFO - 尝试登录用户：buyer_4_46abceaa-bda4-11ef-87d8-02a6845b4b32，终端：my terminal
2024-12-19 09:01:04 - be.model.user - INFO - 为用户 buyer_4_46abceaa-bda4-11ef-87d8-02a6845b4b32 生成新token，终端：my terminal
2024-12-19 09:01:04 - be.model.user - INFO - 用户登录成功：buyer_4_46abceaa-bda4-11ef-87d8-02a6845b4b32
2024-12-19 09:01:04 - be.view.auth - INFO - 登录处理结果: 200
2024-12-19 09:01:04 - werkzeug - INFO - 127.0.0.1 - - [19/Dec/2024 09:01:04] "POST /auth/login HTTP/1.1" 200 -
2024-12-19 09:01:04 - be.view.auth - INFO - 收到登录请求: {'user_id': 'buyer_7_46abceaa-bda4-11ef-87d8-02a6845b4b32', 'password': 'buyer_seller_7_46abceaa-bda4-11ef-87d8-02a6845b4b32', 'terminal': 'my terminal'}
2024-12-19 09:01:04 - be.model.user - INFO - 尝试登录用户：buyer_7_46abceaa-bda4-11ef-87d8-02a6845b4b32，终端：my terminal
2024-12-19 09:01:04 - be.model.user - INFO - 为用户 buyer_7_46abceaa-bda4-11ef-87d8-02a6845b4b32 生成新token，终端：my terminal
2024-12-19 09:01:04 - be.model.user - INFO - 用户登录成功：buyer_7_46abceaa-bda4-11ef-87d8-02a6845b4b32
2024-12-19 09:01:04 - be.view.auth - INFO - 登录处理结果: 200
2024-12-19 09:01:04 - werkzeug - INFO - 127.0.0.1 - - [19/Dec/2024 09:01:04] "POST /auth/login HTTP/1.1" 200 -
2024-12-19 09:01:04 - be.view.auth - INFO - 收到登录请求: {'user_id': 'buyer_1_46abceaa-bda4-11ef-87d8-02a6845b4b32', 'password': 'buyer_seller_1_46abceaa-bda4-11ef-87d8-02a6845b4b32', 'terminal': 'my terminal'}
2024-12-19 09:01:04 - be.model.user - INFO - 尝试登录用户：buyer_1_46abceaa-bda4-11ef-87d8-02a6845b4b32，终端：my terminal
2024-12-19 09:01:04 - be.model.user - INFO - 为用户 buyer_1_46abceaa-bda4-11ef-87d8-02a6845b4b32 生成新token，终端：my terminal
2024-12-19 09:01:04 - be.model.user - INFO - 用户登录成功：buyer_1_46abceaa-bda4-11ef-87d8-02a6845b4b32
2024-12-19 09:01:04 - be.view.auth - INFO - 登录处理结果: 200
2024-12-19 09:01:04 - werkzeug - INFO - 127.0.0.1 - - [19/Dec/2024 09:01:04] "POST /auth/login HTTP/1.1" 200 -
2024-12-19 09:01:04 - be.view.auth - INFO - 收到登录请求: {'user_id': 'buyer_6_46abceaa-bda4-11ef-87d8-02a6845b4b32', 'password': 'buyer_seller_6_46abceaa-bda4-11ef-87d8-02a6845b4b32', 'terminal': 'my terminal'}
2024-12-19 09:01:04 - be.model.user - INFO - 尝试登录用户：buyer_6_46abceaa-bda4-11ef-87d8-02a6845b4b32，终端：my terminal
2024-12-19 09:01:04 - be.model.user - INFO - 为用户 buyer_6_46abceaa-bda4-11ef-87d8-02a6845b4b32 生成新token，终端：my terminal
2024-12-19 09:01:04 - be.model.user - INFO - 用户登录成功：buyer_6_46abceaa-bda4-11ef-87d8-02a6845b4b32
2024-12-19 09:01:04 - be.view.auth - INFO - 登录处理结果: 200
2024-12-19 09:01:04 - werkzeug - INFO - 127.0.0.1 - - [19/Dec/2024 09:01:04] "POST /auth/login HTTP/1.1" 200 -
2024-12-19 09:01:04 - be.view.auth - INFO - 收到登录请求: {'user_id': 'buyer_7_46abceaa-bda4-11ef-87d8-02a6845b4b32', 'password': 'buyer_seller_7_46abceaa-bda4-11ef-87d8-02a6845b4b32', 'terminal': 'my terminal'}
2024-12-19 09:01:04 - be.model.user - INFO - 尝试登录用户：buyer_7_46abceaa-bda4-11ef-87d8-02a6845b4b32，终端：my terminal
2024-12-19 09:01:05 - be.model.user - INFO - 为用户 buyer_7_46abceaa-bda4-11ef-87d8-02a6845b4b32 生成新token，终端：my terminal
2024-12-19 09:01:05 - be.model.user - INFO - 用户登录成功：buyer_7_46abceaa-bda4-11ef-87d8-02a6845b4b32
2024-12-19 09:01:05 - be.view.auth - INFO - 登录处理结果: 200
2024-12-19 09:01:05 - werkzeug - INFO - 127.0.0.1 - - [19/Dec/2024 09:01:05] "POST /auth/login HTTP/1.1" 200 -
2024-12-19 09:01:05 - be.view.auth - INFO - 收到登录请求: {'user_id': 'buyer_10_46abceaa-bda4-11ef-87d8-02a6845b4b32', 'password': 'buyer_seller_10_46abceaa-bda4-11ef-87d8-02a6845b4b32', 'terminal': 'my terminal'}
2024-12-19 09:01:05 - be.model.user - INFO - 尝试登录用户：buyer_10_46abceaa-bda4-11ef-87d8-02a6845b4b32，终端：my terminal
2024-12-19 09:01:05 - be.model.user - INFO - 为用户 buyer_10_46abceaa-bda4-11ef-87d8-02a6845b4b32 生成新token，终端：my terminal
2024-12-19 09:01:05 - be.model.user - INFO - 用户登录成功：buyer_10_46abceaa-bda4-11ef-87d8-02a6845b4b32
2024-12-19 09:01:05 - be.view.auth - INFO - 登录处理结果: 200
2024-12-19 09:01:05 - werkzeug - INFO - 127.0.0.1 - - [19/Dec/2024 09:01:05] "POST /auth/login HTTP/1.1" 200 -
2024-12-19 09:01:05 - be.view.auth - INFO - 收到登录请求: {'user_id': 'buyer_4_46abceaa-bda4-11ef-87d8-02a6845b4b32', 'password': 'buyer_seller_4_46abceaa-bda4-11ef-87d8-02a6845b4b32', 'terminal': 'my terminal'}
2024-12-19 09:01:05 - be.model.user - INFO - 尝试登录用户：buyer_4_46abceaa-bda4-11ef-87d8-02a6845b4b32，终端：my terminal
2024-12-19 09:01:05 - be.model.user - INFO - 为用户 buyer_4_46abceaa-bda4-11ef-87d8-02a6845b4b32 生成新token，终端：my terminal
2024-12-19 09:01:05 - be.model.user - INFO - 用户登录成功：buyer_4_46abceaa-bda4-11ef-87d8-02a6845b4b32
2024-12-19 09:01:05 - be.view.auth - INFO - 登录处理结果: 200
2024-12-19 09:01:05 - werkzeug - INFO - 127.0.0.1 - - [19/Dec/2024 09:01:05] "POST /auth/login HTTP/1.1" 200 -
2024-12-19 09:01:05 - be.view.auth - INFO - 收到登录请求: {'user_id': 'buyer_1_46abceaa-bda4-11ef-87d8-02a6845b4b32', 'password': 'buyer_seller_1_46abceaa-bda4-11ef-87d8-02a6845b4b32', 'terminal': 'my terminal'}
2024-12-19 09:01:05 - be.model.user - INFO - 尝试登录用户：buyer_1_46abceaa-bda4-11ef-87d8-02a6845b4b32，终端：my terminal
2024-12-19 09:01:05 - be.model.user - INFO - 为用户 buyer_1_46abceaa-bda4-11ef-87d8-02a6845b4b32 生成新token，终端：my terminal
2024-12-19 09:01:05 - be.model.user - INFO - 用户登录成功：buyer_1_46abceaa-bda4-11ef-87d8-02a6845b4b32
2024-12-19 09:01:05 - be.view.auth - INFO - 登录处理结果: 200
2024-12-19 09:01:05 - werkzeug - INFO - 127.0.0.1 - - [19/Dec/2024 09:01:05] "POST /auth/login HTTP/1.1" 200 -
2024-12-19 09:01:05 - be.view.auth - INFO - 收到登录请求: {'user_id': 'buyer_8_46abceaa-bda4-11ef-87d8-02a6845b4b32', 'password': 'buyer_seller_8_46abceaa-bda4-11ef-87d8-02a6845b4b32', 'terminal': 'my terminal'}
2024-12-19 09:01:05 - be.model.user - INFO - 尝试登录用户：buyer_8_46abceaa-bda4-11ef-87d8-02a6845b4b32，终端：my terminal
2024-12-19 09:01:06 - be.model.user - INFO - 为用户 buyer_8_46abceaa-bda4-11ef-87d8-02a6845b4b32 生成新token，终端：my terminal
2024-12-19 09:01:06 - be.model.user - INFO - 用户登录成功：buyer_8_46abceaa-bda4-11ef-87d8-02a6845b4b32
2024-12-19 09:01:06 - be.view.auth - INFO - 登录处理结果: 200
2024-12-19 09:01:06 - werkzeug - INFO - 127.0.0.1 - - [19/Dec/2024 09:01:06] "POST /auth/login HTTP/1.1" 200 -
2024-12-19 09:01:06 - be.view.auth - INFO - 收到登录请求: {'user_id': 'buyer_2_46abceaa-bda4-11ef-87d8-02a6845b4b32', 'password': 'buyer_seller_2_46abceaa-bda4-11ef-87d8-02a6845b4b32', 'terminal': 'my terminal'}
2024-12-19 09:01:06 - be.model.user - INFO - 尝试登录用户：buyer_2_46abceaa-bda4-11ef-87d8-02a6845b4b32，终端：my terminal
2024-12-19 09:01:06 - be.model.user - INFO - 为用户 buyer_2_46abceaa-bda4-11ef-87d8-02a6845b4b32 生成新token，终端：my terminal
2024-12-19 09:01:06 - be.model.user - INFO - 用户登录成功：buyer_2_46abceaa-bda4-11ef-87d8-02a6845b4b32
2024-12-19 09:01:06 - be.view.auth - INFO - 登录处理结果: 200
2024-12-19 09:01:06 - werkzeug - INFO - 127.0.0.1 - - [19/Dec/2024 09:01:06] "POST /auth/login HTTP/1.1" 200 -
2024-12-19 09:01:06 - be.view.auth - INFO - 收到登录请求: {'user_id': 'buyer_4_46abceaa-bda4-11ef-87d8-02a6845b4b32', 'password': 'buyer_seller_4_46abceaa-bda4-11ef-87d8-02a6845b4b32', 'terminal': 'my terminal'}
2024-12-19 09:01:06 - be.model.user - INFO - 尝试登录用户：buyer_4_46abceaa-bda4-11ef-87d8-02a6845b4b32，终端：my terminal
2024-12-19 09:01:06 - be.model.user - INFO - 为用户 buyer_4_46abceaa-bda4-11ef-87d8-02a6845b4b32 生成新token，终端：my terminal
2024-12-19 09:01:06 - be.model.user - INFO - 用户登录成功：buyer_4_46abceaa-bda4-11ef-87d8-02a6845b4b32
2024-12-19 09:01:06 - be.view.auth - INFO - 登录处理结果: 200
2024-12-19 09:01:06 - werkzeug - INFO - 127.0.0.1 - - [19/Dec/2024 09:01:06] "POST /auth/login HTTP/1.1" 200 -
2024-12-19 09:01:06 - be.view.auth - INFO - 收到登录请求: {'user_id': 'buyer_8_46abceaa-bda4-11ef-87d8-02a6845b4b32', 'password': 'buyer_seller_8_46abceaa-bda4-11ef-87d8-02a6845b4b32', 'terminal': 'my terminal'}
2024-12-19 09:01:06 - be.model.user - INFO - 尝试登录用户：buyer_8_46abceaa-bda4-11ef-87d8-02a6845b4b32，终端：my terminal
2024-12-19 09:01:06 - be.model.user - INFO - 为用户 buyer_8_46abceaa-bda4-11ef-87d8-02a6845b4b32 生成新token，终端：my terminal
2024-12-19 09:01:06 - be.model.user - INFO - 用户登录成功：buyer_8_46abceaa-bda4-11ef-87d8-02a6845b4b32
2024-12-19 09:01:06 - be.view.auth - INFO - 登录处理结果: 200
2024-12-19 09:01:06 - werkzeug - INFO - 127.0.0.1 - - [19/Dec/2024 09:01:06] "POST /auth/login HTTP/1.1" 200 -
2024-12-19 09:01:06 - be.view.auth - INFO - 收到登录请求: {'user_id': 'buyer_6_46abceaa-bda4-11ef-87d8-02a6845b4b32', 'password': 'buyer_seller_6_46abceaa-bda4-11ef-87d8-02a6845b4b32', 'terminal': 'my terminal'}
2024-12-19 09:01:06 - be.model.user - INFO - 尝试登录用户：buyer_6_46abceaa-bda4-11ef-87d8-02a6845b4b32，终端：my terminal
2024-12-19 09:01:06 - be.model.user - INFO - 为用户 buyer_6_46abceaa-bda4-11ef-87d8-02a6845b4b32 生成新token，终端：my terminal
2024-12-19 09:01:06 - be.model.user - INFO - 用户登录成功：buyer_6_46abceaa-bda4-11ef-87d8-02a6845b4b32
2024-12-19 09:01:07 - be.view.auth - INFO - 登录处理结果: 200
2024-12-19 09:01:07 - werkzeug - INFO - 127.0.0.1 - - [19/Dec/2024 09:01:07] "POST /auth/login HTTP/1.1" 200 -
2024-12-19 09:01:07 - be.view.auth - INFO - 收到登录请求: {'user_id': 'buyer_1_46abceaa-bda4-11ef-87d8-02a6845b4b32', 'password': 'buyer_seller_1_46abceaa-bda4-11ef-87d8-02a6845b4b32', 'terminal': 'my terminal'}
2024-12-19 09:01:07 - be.model.user - INFO - 尝试登录用户：buyer_1_46abceaa-bda4-11ef-87d8-02a6845b4b32，终端：my terminal
2024-12-19 09:01:07 - be.model.user - INFO - 为用户 buyer_1_46abceaa-bda4-11ef-87d8-02a6845b4b32 生成新token，终端：my terminal
2024-12-19 09:01:07 - be.model.user - INFO - 用户登录成功：buyer_1_46abceaa-bda4-11ef-87d8-02a6845b4b32
2024-12-19 09:01:07 - be.view.auth - INFO - 登录处理结果: 200
2024-12-19 09:01:07 - werkzeug - INFO - 127.0.0.1 - - [19/Dec/2024 09:01:07] "POST /auth/login HTTP/1.1" 200 -
2024-12-19 09:01:07 - be.view.auth - INFO - 收到登录请求: {'user_id': 'buyer_9_46abceaa-bda4-11ef-87d8-02a6845b4b32', 'password': 'buyer_seller_9_46abceaa-bda4-11ef-87d8-02a6845b4b32', 'terminal': 'my terminal'}
2024-12-19 09:01:07 - be.model.user - INFO - 尝试登录用户：buyer_9_46abceaa-bda4-11ef-87d8-02a6845b4b32，终端：my terminal
2024-12-19 09:01:07 - be.model.user - INFO - 为用户 buyer_9_46abceaa-bda4-11ef-87d8-02a6845b4b32 生成新token，终端：my terminal
2024-12-19 09:01:07 - be.model.user - INFO - 用户登录成功：buyer_9_46abceaa-bda4-11ef-87d8-02a6845b4b32
2024-12-19 09:01:07 - be.view.auth - INFO - 登录处理结果: 200
2024-12-19 09:01:07 - werkzeug - INFO - 127.0.0.1 - - [19/Dec/2024 09:01:07] "POST /auth/login HTTP/1.1" 200 -
2024-12-19 09:01:07 - be.view.auth - INFO - 收到登录请求: {'user_id': 'buyer_5_46abceaa-bda4-11ef-87d8-02a6845b4b32', 'password': 'buyer_seller_5_46abceaa-bda4-11ef-87d8-02a6845b4b32', 'terminal': 'my terminal'}
2024-12-19 09:01:07 - be.model.user - INFO - 尝试登录用户：buyer_5_46abceaa-bda4-11ef-87d8-02a6845b4b32，终端：my terminal
2024-12-19 09:01:07 - be.model.user - INFO - 为用户 buyer_5_46abceaa-bda4-11ef-87d8-02a6845b4b32 生成新token，终端：my terminal
2024-12-19 09:01:07 - be.model.user - INFO - 用户登录成功：buyer_5_46abceaa-bda4-11ef-87d8-02a6845b4b32
2024-12-19 09:01:07 - be.view.auth - INFO - 登录处理结果: 200
2024-12-19 09:01:07 - werkzeug - INFO - 127.0.0.1 - - [19/Dec/2024 09:01:07] "POST /auth/login HTTP/1.1" 200 -
2024-12-19 09:01:07 - be.view.auth - INFO - 收到登录请求: {'user_id': 'buyer_6_46abceaa-bda4-11ef-87d8-02a6845b4b32', 'password': 'buyer_seller_6_46abceaa-bda4-11ef-87d8-02a6845b4b32', 'terminal': 'my terminal'}
2024-12-19 09:01:07 - be.model.user - INFO - 尝试登录用户：buyer_6_46abceaa-bda4-11ef-87d8-02a6845b4b32，终端：my terminal
2024-12-19 09:01:07 - be.model.user - INFO - 为用户 buyer_6_46abceaa-bda4-11ef-87d8-02a6845b4b32 生成新token，终端：my terminal
2024-12-19 09:01:07 - be.model.user - INFO - 用户登录成功：buyer_6_46abceaa-bda4-11ef-87d8-02a6845b4b32
2024-12-19 09:01:08 - be.view.auth - INFO - 登录处理结果: 200
2024-12-19 09:01:08 - werkzeug - INFO - 127.0.0.1 - - [19/Dec/2024 09:01:08] "POST /auth/login HTTP/1.1" 200 -
2024-12-19 09:01:08 - be.view.auth - INFO - 收到登录请求: {'user_id': 'buyer_2_46abceaa-bda4-11ef-87d8-02a6845b4b32', 'password': 'buyer_seller_2_46abceaa-bda4-11ef-87d8-02a6845b4b32', 'terminal': 'my terminal'}
2024-12-19 09:01:08 - be.model.user - INFO - 尝试登录用户：buyer_2_46abceaa-bda4-11ef-87d8-02a6845b4b32，终端：my terminal
2024-12-19 09:01:08 - be.model.user - INFO - 为用户 buyer_2_46abceaa-bda4-11ef-87d8-02a6845b4b32 生成新token，终端：my terminal
2024-12-19 09:01:08 - be.model.user - INFO - 用户登录成功：buyer_2_46abceaa-bda4-11ef-87d8-02a6845b4b32
2024-12-19 09:01:08 - be.view.auth - INFO - 登录处理结果: 200
2024-12-19 09:01:08 - werkzeug - INFO - 127.0.0.1 - - [19/Dec/2024 09:01:08] "POST /auth/login HTTP/1.1" 200 -
2024-12-19 09:01:08 - be.view.auth - INFO - 收到登录请求: {'user_id': 'buyer_8_46abceaa-bda4-11ef-87d8-02a6845b4b32', 'password': 'buyer_seller_8_46abceaa-bda4-11ef-87d8-02a6845b4b32', 'terminal': 'my terminal'}
2024-12-19 09:01:08 - be.model.user - INFO - 尝试登录用户：buyer_8_46abceaa-bda4-11ef-87d8-02a6845b4b32，终端：my terminal
2024-12-19 09:01:08 - be.model.user - INFO - 为用户 buyer_8_46abceaa-bda4-11ef-87d8-02a6845b4b32 生成新token，终端：my terminal
2024-12-19 09:01:08 - be.model.user - INFO - 用户登录成功：buyer_8_46abceaa-bda4-11ef-87d8-02a6845b4b32
2024-12-19 09:01:08 - be.view.auth - INFO - 登录处理结果: 200
2024-12-19 09:01:08 - werkzeug - INFO - 127.0.0.1 - - [19/Dec/2024 09:01:08] "POST /auth/login HTTP/1.1" 200 -
2024-12-19 09:01:08 - be.view.auth - INFO - 收到登录请求: {'user_id': 'buyer_7_46abceaa-bda4-11ef-87d8-02a6845b4b32', 'password': 'buyer_seller_7_46abceaa-bda4-11ef-87d8-02a6845b4b32', 'terminal': 'my terminal'}
2024-12-19 09:01:08 - be.model.user - INFO - 尝试登录用户：buyer_7_46abceaa-bda4-11ef-87d8-02a6845b4b32，终端：my terminal
2024-12-19 09:01:08 - be.model.user - INFO - 为用户 buyer_7_46abceaa-bda4-11ef-87d8-02a6845b4b32 生成新token，终端：my terminal
2024-12-19 09:01:08 - be.model.user - INFO - 用户登录成功：buyer_7_46abceaa-bda4-11ef-87d8-02a6845b4b32
2024-12-19 09:01:08 - be.view.auth - INFO - 登录处理结果: 200
2024-12-19 09:01:08 - werkzeug - INFO - 127.0.0.1 - - [19/Dec/2024 09:01:08] "POST /auth/login HTTP/1.1" 200 -
2024-12-19 09:01:08 - be.view.auth - INFO - 收到登录请求: {'user_id': 'buyer_6_46abceaa-bda4-11ef-87d8-02a6845b4b32', 'password': 'buyer_seller_6_46abceaa-bda4-11ef-87d8-02a6845b4b32', 'terminal': 'my terminal'}
2024-12-19 09:01:08 - be.model.user - INFO - 尝试登录用户：buyer_6_46abceaa-bda4-11ef-87d8-02a6845b4b32，终端：my terminal
2024-12-19 09:01:08 - be.model.user - INFO - 为用户 buyer_6_46abceaa-bda4-11ef-87d8-02a6845b4b32 生成新token，终端：my terminal
2024-12-19 09:01:08 - be.model.user - INFO - 用户登录成功：buyer_6_46abceaa-bda4-11ef-87d8-02a6845b4b32
2024-12-19 09:01:08 - be.view.auth - INFO - 登录处理结果: 200
2024-12-19 09:01:08 - werkzeug - INFO - 127.0.0.1 - - [19/Dec/2024 09:01:08] "POST /auth/login HTTP/1.1" 200 -
2024-12-19 09:01:08 - be.view.auth - INFO - 收到登录请求: {'user_id': 'buyer_8_46abceaa-bda4-11ef-87d8-02a6845b4b32', 'password': 'buyer_seller_8_46abceaa-bda4-11ef-87d8-02a6845b4b32', 'terminal': 'my terminal'}
2024-12-19 09:01:08 - be.model.user - INFO - 尝试登录用户：buyer_8_46abceaa-bda4-11ef-87d8-02a6845b4b32，终端：my terminal
2024-12-19 09:01:09 - be.model.user - INFO - 为用户 buyer_8_46abceaa-bda4-11ef-87d8-02a6845b4b32 生成新token，终端：my terminal
2024-12-19 09:01:09 - be.model.user - INFO - 用户登录成功：buyer_8_46abceaa-bda4-11ef-87d8-02a6845b4b32
2024-12-19 09:01:09 - be.view.auth - INFO - 登录处理结果: 200
2024-12-19 09:01:09 - werkzeug - INFO - 127.0.0.1 - - [19/Dec/2024 09:01:09] "POST /auth/login HTTP/1.1" 200 -
2024-12-19 09:01:09 - be.view.auth - INFO - 收到登录请求: {'user_id': 'buyer_8_46abceaa-bda4-11ef-87d8-02a6845b4b32', 'password': 'buyer_seller_8_46abceaa-bda4-11ef-87d8-02a6845b4b32', 'terminal': 'my terminal'}
2024-12-19 09:01:09 - be.model.user - INFO - 尝试登录用户：buyer_8_46abceaa-bda4-11ef-87d8-02a6845b4b32，终端：my terminal
2024-12-19 09:01:09 - be.model.user - INFO - 为用户 buyer_8_46abceaa-bda4-11ef-87d8-02a6845b4b32 生成新token，终端：my terminal
2024-12-19 09:01:09 - be.model.user - INFO - 用户登录成功：buyer_8_46abceaa-bda4-11ef-87d8-02a6845b4b32
2024-12-19 09:01:09 - be.view.auth - INFO - 登录处理结果: 200
2024-12-19 09:01:09 - werkzeug - INFO - 127.0.0.1 - - [19/Dec/2024 09:01:09] "POST /auth/login HTTP/1.1" 200 -
2024-12-19 09:01:09 - be.view.auth - INFO - 收到登录请求: {'user_id': 'buyer_2_46abceaa-bda4-11ef-87d8-02a6845b4b32', 'password': 'buyer_seller_2_46abceaa-bda4-11ef-87d8-02a6845b4b32', 'terminal': 'my terminal'}
2024-12-19 09:01:09 - be.model.user - INFO - 尝试登录用户：buyer_2_46abceaa-bda4-11ef-87d8-02a6845b4b32，终端：my terminal
2024-12-19 09:01:09 - be.model.user - INFO - 为用户 buyer_2_46abceaa-bda4-11ef-87d8-02a6845b4b32 生成新token，终端：my terminal
2024-12-19 09:01:09 - be.model.user - INFO - 用户登录成功：buyer_2_46abceaa-bda4-11ef-87d8-02a6845b4b32
2024-12-19 09:01:09 - be.view.auth - INFO - 登录处理结果: 200
2024-12-19 09:01:09 - werkzeug - INFO - 127.0.0.1 - - [19/Dec/2024 09:01:09] "POST /auth/login HTTP/1.1" 200 -
2024-12-19 09:01:09 - be.view.auth - INFO - 收到登录请求: {'user_id': 'buyer_10_46abceaa-bda4-11ef-87d8-02a6845b4b32', 'password': 'buyer_seller_10_46abceaa-bda4-11ef-87d8-02a6845b4b32', 'terminal': 'my terminal'}
2024-12-19 09:01:09 - be.model.user - INFO - 尝试登录用户：buyer_10_46abceaa-bda4-11ef-87d8-02a6845b4b32，终端：my terminal
2024-12-19 09:01:09 - be.model.user - INFO - 为用户 buyer_10_46abceaa-bda4-11ef-87d8-02a6845b4b32 生成新token，终端：my terminal
2024-12-19 09:01:09 - be.model.user - INFO - 用户登录成功：buyer_10_46abceaa-bda4-11ef-87d8-02a6845b4b32
2024-12-19 09:01:09 - be.view.auth - INFO - 登录处理结果: 200
2024-12-19 09:01:09 - werkzeug - INFO - 127.0.0.1 - - [19/Dec/2024 09:01:09] "POST /auth/login HTTP/1.1" 200 -
2024-12-19 09:01:09 - be.view.auth - INFO - 收到登录请求: {'user_id': 'buyer_8_46abceaa-bda4-11ef-87d8-02a6845b4b32', 'password': 'buyer_seller_8_46abceaa-bda4-11ef-87d8-02a6845b4b32', 'terminal': 'my terminal'}
2024-12-19 09:01:09 - be.model.user - INFO - 尝试登录用户：buyer_8_46abceaa-bda4-11ef-87d8-02a6845b4b32，终端：my terminal
2024-12-19 09:01:10 - be.model.user - INFO - 为用户 buyer_8_46abceaa-bda4-11ef-87d8-02a6845b4b32 生成新token，终端：my terminal
2024-12-19 09:01:10 - be.model.user - INFO - 用户登录成功：buyer_8_46abceaa-bda4-11ef-87d8-02a6845b4b32
2024-12-19 09:01:10 - be.view.auth - INFO - 登录处理结果: 200
2024-12-19 09:01:10 - werkzeug - INFO - 127.0.0.1 - - [19/Dec/2024 09:01:10] "POST /auth/login HTTP/1.1" 200 -
2024-12-19 09:01:10 - be.view.auth - INFO - 收到登录请求: {'user_id': 'buyer_4_46abceaa-bda4-11ef-87d8-02a6845b4b32', 'password': 'buyer_seller_4_46abceaa-bda4-11ef-87d8-02a6845b4b32', 'terminal': 'my terminal'}
2024-12-19 09:01:10 - be.model.user - INFO - 尝试登录用户：buyer_4_46abceaa-bda4-11ef-87d8-02a6845b4b32，终端：my terminal
2024-12-19 09:01:10 - be.model.user - INFO - 为用户 buyer_4_46abceaa-bda4-11ef-87d8-02a6845b4b32 生成新token，终端：my terminal
2024-12-19 09:01:10 - be.model.user - INFO - 用户登录成功：buyer_4_46abceaa-bda4-11ef-87d8-02a6845b4b32
2024-12-19 09:01:10 - be.view.auth - INFO - 登录处理结果: 200
2024-12-19 09:01:10 - werkzeug - INFO - 127.0.0.1 - - [19/Dec/2024 09:01:10] "POST /auth/login HTTP/1.1" 200 -
2024-12-19 09:01:10 - be.view.auth - INFO - 收到登录请求: {'user_id': 'buyer_5_46abceaa-bda4-11ef-87d8-02a6845b4b32', 'password': 'buyer_seller_5_46abceaa-bda4-11ef-87d8-02a6845b4b32', 'terminal': 'my terminal'}
2024-12-19 09:01:10 - be.model.user - INFO - 尝试登录用户：buyer_5_46abceaa-bda4-11ef-87d8-02a6845b4b32，终端：my terminal
2024-12-19 09:01:10 - be.model.user - INFO - 为用户 buyer_5_46abceaa-bda4-11ef-87d8-02a6845b4b32 生成新token，终端：my terminal
2024-12-19 09:01:10 - be.model.user - INFO - 用户登录成功：buyer_5_46abceaa-bda4-11ef-87d8-02a6845b4b32
2024-12-19 09:01:10 - be.view.auth - INFO - 登录处理结果: 200
2024-12-19 09:01:10 - werkzeug - INFO - 127.0.0.1 - - [19/Dec/2024 09:01:10] "POST /auth/login HTTP/1.1" 200 -
2024-12-19 09:01:10 - be.view.auth - INFO - 收到登录请求: {'user_id': 'buyer_3_46abceaa-bda4-11ef-87d8-02a6845b4b32', 'password': 'buyer_seller_3_46abceaa-bda4-11ef-87d8-02a6845b4b32', 'terminal': 'my terminal'}
2024-12-19 09:01:10 - be.model.user - INFO - 尝试登录用户：buyer_3_46abceaa-bda4-11ef-87d8-02a6845b4b32，终端：my terminal
2024-12-19 09:01:10 - be.model.user - INFO - 为用户 buyer_3_46abceaa-bda4-11ef-87d8-02a6845b4b32 生成新token，终端：my terminal
2024-12-19 09:01:10 - be.model.user - INFO - 用户登录成功：buyer_3_46abceaa-bda4-11ef-87d8-02a6845b4b32
2024-12-19 09:01:10 - be.view.auth - INFO - 登录处理结果: 200
2024-12-19 09:01:10 - werkzeug - INFO - 127.0.0.1 - - [19/Dec/2024 09:01:10] "POST /auth/login HTTP/1.1" 200 -
2024-12-19 09:01:10 - be.view.auth - INFO - 收到登录请求: {'user_id': 'buyer_8_46abceaa-bda4-11ef-87d8-02a6845b4b32', 'password': 'buyer_seller_8_46abceaa-bda4-11ef-87d8-02a6845b4b32', 'terminal': 'my terminal'}
2024-12-19 09:01:10 - be.model.user - INFO - 尝试登录用户：buyer_8_46abceaa-bda4-11ef-87d8-02a6845b4b32，终端：my terminal
2024-12-19 09:01:10 - be.model.user - INFO - 为用户 buyer_8_46abceaa-bda4-11ef-87d8-02a6845b4b32 生成新token，终端：my terminal
2024-12-19 09:01:10 - be.model.user - INFO - 用户登录成功：buyer_8_46abceaa-bda4-11ef-87d8-02a6845b4b32
2024-12-19 09:01:11 - be.view.auth - INFO - 登录处理结果: 200
2024-12-19 09:01:11 - werkzeug - INFO - 127.0.0.1 - - [19/Dec/2024 09:01:11] "POST /auth/login HTTP/1.1" 200 -
2024-12-19 09:01:11 - be.view.auth - INFO - 收到登录请求: {'user_id': 'buyer_6_46abceaa-bda4-11ef-87d8-02a6845b4b32', 'password': 'buyer_seller_6_46abceaa-bda4-11ef-87d8-02a6845b4b32', 'terminal': 'my terminal'}
2024-12-19 09:01:11 - be.model.user - INFO - 尝试登录用户：buyer_6_46abceaa-bda4-11ef-87d8-02a6845b4b32，终端：my terminal
2024-12-19 09:01:11 - be.model.user - INFO - 为用户 buyer_6_46abceaa-bda4-11ef-87d8-02a6845b4b32 生成新token，终端：my terminal
2024-12-19 09:01:11 - be.model.user - INFO - 用户登录成功：buyer_6_46abceaa-bda4-11ef-87d8-02a6845b4b32
2024-12-19 09:01:11 - be.view.auth - INFO - 登录处理结果: 200
2024-12-19 09:01:11 - werkzeug - INFO - 127.0.0.1 - - [19/Dec/2024 09:01:11] "POST /auth/login HTTP/1.1" 200 -
2024-12-19 09:01:11 - be.view.auth - INFO - 收到登录请求: {'user_id': 'buyer_6_46abceaa-bda4-11ef-87d8-02a6845b4b32', 'password': 'buyer_seller_6_46abceaa-bda4-11ef-87d8-02a6845b4b32', 'terminal': 'my terminal'}
2024-12-19 09:01:11 - be.model.user - INFO - 尝试登录用户：buyer_6_46abceaa-bda4-11ef-87d8-02a6845b4b32，终端：my terminal
2024-12-19 09:01:11 - be.model.user - INFO - 为用户 buyer_6_46abceaa-bda4-11ef-87d8-02a6845b4b32 生成新token，终端：my terminal
2024-12-19 09:01:11 - be.model.user - INFO - 用户登录成功：buyer_6_46abceaa-bda4-11ef-87d8-02a6845b4b32
2024-12-19 09:01:11 - be.view.auth - INFO - 登录处理结果: 200
2024-12-19 09:01:11 - werkzeug - INFO - 127.0.0.1 - - [19/Dec/2024 09:01:11] "POST /auth/login HTTP/1.1" 200 -
2024-12-19 09:01:11 - be.view.auth - INFO - 收到登录请求: {'user_id': 'buyer_6_46abceaa-bda4-11ef-87d8-02a6845b4b32', 'password': 'buyer_seller_6_46abceaa-bda4-11ef-87d8-02a6845b4b32', 'terminal': 'my terminal'}
2024-12-19 09:01:11 - be.model.user - INFO - 尝试登录用户：buyer_6_46abceaa-bda4-11ef-87d8-02a6845b4b32，终端：my terminal
2024-12-19 09:01:11 - be.model.user - INFO - 为用户 buyer_6_46abceaa-bda4-11ef-87d8-02a6845b4b32 生成新token，终端：my terminal
2024-12-19 09:01:11 - be.model.user - INFO - 用户登录成功：buyer_6_46abceaa-bda4-11ef-87d8-02a6845b4b32
2024-12-19 09:01:11 - be.view.auth - INFO - 登录处理结果: 200
2024-12-19 09:01:11 - werkzeug - INFO - 127.0.0.1 - - [19/Dec/2024 09:01:11] "POST /auth/login HTTP/1.1" 200 -
2024-12-19 09:01:11 - be.view.auth - INFO - 收到登录请求: {'user_id': 'buyer_4_46abceaa-bda4-11ef-87d8-02a6845b4b32', 'password': 'buyer_seller_4_46abceaa-bda4-11ef-87d8-02a6845b4b32', 'terminal': 'my terminal'}
2024-12-19 09:01:11 - be.model.user - INFO - 尝试登录用户：buyer_4_46abceaa-bda4-11ef-87d8-02a6845b4b32，终端：my terminal
2024-12-19 09:01:11 - be.model.user - INFO - 为用户 buyer_4_46abceaa-bda4-11ef-87d8-02a6845b4b32 生成新token，终端：my terminal
2024-12-19 09:01:11 - be.model.user - INFO - 用户登录成功：buyer_4_46abceaa-bda4-11ef-87d8-02a6845b4b32
2024-12-19 09:01:12 - be.view.auth - INFO - 登录处理结果: 200
2024-12-19 09:01:12 - werkzeug - INFO - 127.0.0.1 - - [19/Dec/2024 09:01:12] "POST /auth/login HTTP/1.1" 200 -
2024-12-19 09:01:12 - be.view.auth - INFO - 收到登录请求: {'user_id': 'buyer_7_46abceaa-bda4-11ef-87d8-02a6845b4b32', 'password': 'buyer_seller_7_46abceaa-bda4-11ef-87d8-02a6845b4b32', 'terminal': 'my terminal'}
2024-12-19 09:01:12 - be.model.user - INFO - 尝试登录用户：buyer_7_46abceaa-bda4-11ef-87d8-02a6845b4b32，终端：my terminal
2024-12-19 09:01:12 - be.model.user - INFO - 为用户 buyer_7_46abceaa-bda4-11ef-87d8-02a6845b4b32 生成新token，终端：my terminal
2024-12-19 09:01:12 - be.model.user - INFO - 用户登录成功：buyer_7_46abceaa-bda4-11ef-87d8-02a6845b4b32
2024-12-19 09:01:12 - be.view.auth - INFO - 登录处理结果: 200
2024-12-19 09:01:12 - werkzeug - INFO - 127.0.0.1 - - [19/Dec/2024 09:01:12] "POST /auth/login HTTP/1.1" 200 -
2024-12-19 09:01:12 - be.view.auth - INFO - 收到登录请求: {'user_id': 'buyer_1_46abceaa-bda4-11ef-87d8-02a6845b4b32', 'password': 'buyer_seller_1_46abceaa-bda4-11ef-87d8-02a6845b4b32', 'terminal': 'my terminal'}
2024-12-19 09:01:12 - be.model.user - INFO - 尝试登录用户：buyer_1_46abceaa-bda4-11ef-87d8-02a6845b4b32，终端：my terminal
2024-12-19 09:01:12 - be.model.user - INFO - 为用户 buyer_1_46abceaa-bda4-11ef-87d8-02a6845b4b32 生成新token，终端：my terminal
2024-12-19 09:01:12 - be.model.user - INFO - 用户登录成功：buyer_1_46abceaa-bda4-11ef-87d8-02a6845b4b32
2024-12-19 09:01:12 - be.view.auth - INFO - 登录处理结果: 200
2024-12-19 09:01:12 - werkzeug - INFO - 127.0.0.1 - - [19/Dec/2024 09:01:12] "POST /auth/login HTTP/1.1" 200 -
2024-12-19 09:01:12 - be.view.auth - INFO - 收到登录请求: {'user_id': 'buyer_7_46abceaa-bda4-11ef-87d8-02a6845b4b32', 'password': 'buyer_seller_7_46abceaa-bda4-11ef-87d8-02a6845b4b32', 'terminal': 'my terminal'}
2024-12-19 09:01:12 - be.model.user - INFO - 尝试登录用户：buyer_7_46abceaa-bda4-11ef-87d8-02a6845b4b32，终端：my terminal
2024-12-19 09:01:12 - be.model.user - INFO - 为用户 buyer_7_46abceaa-bda4-11ef-87d8-02a6845b4b32 生成新token，终端：my terminal
2024-12-19 09:01:12 - be.model.user - INFO - 用户登录成功：buyer_7_46abceaa-bda4-11ef-87d8-02a6845b4b32
2024-12-19 09:01:12 - be.view.auth - INFO - 登录处理结果: 200
2024-12-19 09:01:12 - werkzeug - INFO - 127.0.0.1 - - [19/Dec/2024 09:01:12] "POST /auth/login HTTP/1.1" 200 -
2024-12-19 09:01:12 - be.view.auth - INFO - 收到登录请求: {'user_id': 'buyer_10_46abceaa-bda4-11ef-87d8-02a6845b4b32', 'password': 'buyer_seller_10_46abceaa-bda4-11ef-87d8-02a6845b4b32', 'terminal': 'my terminal'}
2024-12-19 09:01:12 - be.model.user - INFO - 尝试登录用户：buyer_10_46abceaa-bda4-11ef-87d8-02a6845b4b32，终端：my terminal
2024-12-19 09:01:12 - be.model.user - INFO - 为用户 buyer_10_46abceaa-bda4-11ef-87d8-02a6845b4b32 生成新token，终端：my terminal
2024-12-19 09:01:12 - be.model.user - INFO - 用户登录成功：buyer_10_46abceaa-bda4-11ef-87d8-02a6845b4b32
2024-12-19 09:01:12 - be.view.auth - INFO - 登录处理结果: 200
2024-12-19 09:01:12 - werkzeug - INFO - 127.0.0.1 - - [19/Dec/2024 09:01:12] "POST /auth/login HTTP/1.1" 200 -
2024-12-19 09:01:12 - be.view.auth - INFO - 收到登录请求: {'user_id': 'buyer_1_46abceaa-bda4-11ef-87d8-02a6845b4b32', 'password': 'buyer_seller_1_46abceaa-bda4-11ef-87d8-02a6845b4b32', 'terminal': 'my terminal'}
2024-12-19 09:01:12 - be.model.user - INFO - 尝试登录用户：buyer_1_46abceaa-bda4-11ef-87d8-02a6845b4b32，终端：my terminal
2024-12-19 09:01:13 - be.model.user - INFO - 为用户 buyer_1_46abceaa-bda4-11ef-87d8-02a6845b4b32 生成新token，终端：my terminal
2024-12-19 09:01:13 - be.model.user - INFO - 用户登录成功：buyer_1_46abceaa-bda4-11ef-87d8-02a6845b4b32
2024-12-19 09:01:13 - be.view.auth - INFO - 登录处理结果: 200
2024-12-19 09:01:13 - werkzeug - INFO - 127.0.0.1 - - [19/Dec/2024 09:01:13] "POST /auth/login HTTP/1.1" 200 -
2024-12-19 09:01:13 - be.view.auth - INFO - 收到登录请求: {'user_id': 'buyer_5_46abceaa-bda4-11ef-87d8-02a6845b4b32', 'password': 'buyer_seller_5_46abceaa-bda4-11ef-87d8-02a6845b4b32', 'terminal': 'my terminal'}
2024-12-19 09:01:13 - be.model.user - INFO - 尝试登录用户：buyer_5_46abceaa-bda4-11ef-87d8-02a6845b4b32，终端：my terminal
2024-12-19 09:01:13 - be.model.user - INFO - 为用户 buyer_5_46abceaa-bda4-11ef-87d8-02a6845b4b32 生成新token，终端：my terminal
2024-12-19 09:01:13 - be.model.user - INFO - 用户登录成功：buyer_5_46abceaa-bda4-11ef-87d8-02a6845b4b32
2024-12-19 09:01:13 - be.view.auth - INFO - 登录处理结果: 200
2024-12-19 09:01:13 - werkzeug - INFO - 127.0.0.1 - - [19/Dec/2024 09:01:13] "POST /auth/login HTTP/1.1" 200 -
2024-12-19 09:01:13 - be.view.auth - INFO - 收到登录请求: {'user_id': 'buyer_1_46abceaa-bda4-11ef-87d8-02a6845b4b32', 'password': 'buyer_seller_1_46abceaa-bda4-11ef-87d8-02a6845b4b32', 'terminal': 'my terminal'}
2024-12-19 09:01:13 - be.model.user - INFO - 尝试登录用户：buyer_1_46abceaa-bda4-11ef-87d8-02a6845b4b32，终端：my terminal
2024-12-19 09:01:13 - be.model.user - INFO - 为用户 buyer_1_46abceaa-bda4-11ef-87d8-02a6845b4b32 生成新token，终端：my terminal
2024-12-19 09:01:13 - be.model.user - INFO - 用户登录成功：buyer_1_46abceaa-bda4-11ef-87d8-02a6845b4b32
2024-12-19 09:01:13 - be.view.auth - INFO - 登录处理结果: 200
2024-12-19 09:01:13 - werkzeug - INFO - 127.0.0.1 - - [19/Dec/2024 09:01:13] "POST /auth/login HTTP/1.1" 200 -
2024-12-19 09:01:13 - be.view.auth - INFO - 收到登录请求: {'user_id': 'buyer_10_46abceaa-bda4-11ef-87d8-02a6845b4b32', 'password': 'buyer_seller_10_46abceaa-bda4-11ef-87d8-02a6845b4b32', 'terminal': 'my terminal'}
2024-12-19 09:01:13 - be.model.user - INFO - 尝试登录用户：buyer_10_46abceaa-bda4-11ef-87d8-02a6845b4b32，终端：my terminal
2024-12-19 09:01:13 - be.model.user - INFO - 为用户 buyer_10_46abceaa-bda4-11ef-87d8-02a6845b4b32 生成新token，终端：my terminal
2024-12-19 09:01:13 - be.model.user - INFO - 用户登录成功：buyer_10_46abceaa-bda4-11ef-87d8-02a6845b4b32
2024-12-19 09:01:13 - be.view.auth - INFO - 登录处理结果: 200
2024-12-19 09:01:13 - werkzeug - INFO - 127.0.0.1 - - [19/Dec/2024 09:01:13] "POST /auth/login HTTP/1.1" 200 -
2024-12-19 09:01:13 - be.view.auth - INFO - 收到登录请求: {'user_id': 'buyer_8_46abceaa-bda4-11ef-87d8-02a6845b4b32', 'password': 'buyer_seller_8_46abceaa-bda4-11ef-87d8-02a6845b4b32', 'terminal': 'my terminal'}
2024-12-19 09:01:13 - be.model.user - INFO - 尝试登录用户：buyer_8_46abceaa-bda4-11ef-87d8-02a6845b4b32，终端：my terminal
2024-12-19 09:01:13 - be.model.user - INFO - 为用户 buyer_8_46abceaa-bda4-11ef-87d8-02a6845b4b32 生成新token，终端：my terminal
2024-12-19 09:01:13 - be.model.user - INFO - 用户登录成功：buyer_8_46abceaa-bda4-11ef-87d8-02a6845b4b32
2024-12-19 09:01:14 - be.view.auth - INFO - 登录处理结果: 200
2024-12-19 09:01:14 - werkzeug - INFO - 127.0.0.1 - - [19/Dec/2024 09:01:14] "POST /auth/login HTTP/1.1" 200 -
2024-12-19 09:01:14 - be.view.auth - INFO - 收到登录请求: {'user_id': 'buyer_4_46abceaa-bda4-11ef-87d8-02a6845b4b32', 'password': 'buyer_seller_4_46abceaa-bda4-11ef-87d8-02a6845b4b32', 'terminal': 'my terminal'}
2024-12-19 09:01:14 - be.model.user - INFO - 尝试登录用户：buyer_4_46abceaa-bda4-11ef-87d8-02a6845b4b32，终端：my terminal
2024-12-19 09:01:14 - be.model.user - INFO - 为用户 buyer_4_46abceaa-bda4-11ef-87d8-02a6845b4b32 生成新token，终端：my terminal
2024-12-19 09:01:14 - be.model.user - INFO - 用户登录成功：buyer_4_46abceaa-bda4-11ef-87d8-02a6845b4b32
2024-12-19 09:01:14 - be.view.auth - INFO - 登录处理结果: 200
2024-12-19 09:01:14 - werkzeug - INFO - 127.0.0.1 - - [19/Dec/2024 09:01:14] "POST /auth/login HTTP/1.1" 200 -
2024-12-19 09:01:14 - be.view.auth - INFO - 收到登录请求: {'user_id': 'buyer_4_46abceaa-bda4-11ef-87d8-02a6845b4b32', 'password': 'buyer_seller_4_46abceaa-bda4-11ef-87d8-02a6845b4b32', 'terminal': 'my terminal'}
2024-12-19 09:01:14 - be.model.user - INFO - 尝试登录用户：buyer_4_46abceaa-bda4-11ef-87d8-02a6845b4b32，终端：my terminal
2024-12-19 09:01:14 - be.model.user - INFO - 为用户 buyer_4_46abceaa-bda4-11ef-87d8-02a6845b4b32 生成新token，终端：my terminal
2024-12-19 09:01:14 - be.model.user - INFO - 用户登录成功：buyer_4_46abceaa-bda4-11ef-87d8-02a6845b4b32
2024-12-19 09:01:14 - be.view.auth - INFO - 登录处理结果: 200
2024-12-19 09:01:14 - werkzeug - INFO - 127.0.0.1 - - [19/Dec/2024 09:01:14] "POST /auth/login HTTP/1.1" 200 -
2024-12-19 09:01:14 - be.view.auth - INFO - 收到登录请求: {'user_id': 'buyer_7_46abceaa-bda4-11ef-87d8-02a6845b4b32', 'password': 'buyer_seller_7_46abceaa-bda4-11ef-87d8-02a6845b4b32', 'terminal': 'my terminal'}
2024-12-19 09:01:14 - be.model.user - INFO - 尝试登录用户：buyer_7_46abceaa-bda4-11ef-87d8-02a6845b4b32，终端：my terminal
2024-12-19 09:01:14 - be.model.user - INFO - 为用户 buyer_7_46abceaa-bda4-11ef-87d8-02a6845b4b32 生成新token，终端：my terminal
2024-12-19 09:01:14 - be.model.user - INFO - 用户登录成功：buyer_7_46abceaa-bda4-11ef-87d8-02a6845b4b32
2024-12-19 09:01:14 - be.view.auth - INFO - 登录处理结果: 200
2024-12-19 09:01:14 - werkzeug - INFO - 127.0.0.1 - - [19/Dec/2024 09:01:14] "POST /auth/login HTTP/1.1" 200 -
2024-12-19 09:01:14 - be.view.auth - INFO - 收到登录请求: {'user_id': 'buyer_2_46abceaa-bda4-11ef-87d8-02a6845b4b32', 'password': 'buyer_seller_2_46abceaa-bda4-11ef-87d8-02a6845b4b32', 'terminal': 'my terminal'}
2024-12-19 09:01:14 - be.model.user - INFO - 尝试登录用户：buyer_2_46abceaa-bda4-11ef-87d8-02a6845b4b32，终端：my terminal
2024-12-19 09:01:14 - be.model.user - INFO - 为用户 buyer_2_46abceaa-bda4-11ef-87d8-02a6845b4b32 生成新token，终端：my terminal
2024-12-19 09:01:14 - be.model.user - INFO - 用户登录成功：buyer_2_46abceaa-bda4-11ef-87d8-02a6845b4b32
2024-12-19 09:01:14 - be.view.auth - INFO - 登录处理结果: 200
2024-12-19 09:01:14 - werkzeug - INFO - 127.0.0.1 - - [19/Dec/2024 09:01:14] "POST /auth/login HTTP/1.1" 200 -
2024-12-19 09:01:14 - be.view.auth - INFO - 收到登录请求: {'user_id': 'buyer_9_46abceaa-bda4-11ef-87d8-02a6845b4b32', 'password': 'buyer_seller_9_46abceaa-bda4-11ef-87d8-02a6845b4b32', 'terminal': 'my terminal'}
2024-12-19 09:01:14 - be.model.user - INFO - 尝试登录用户：buyer_9_46abceaa-bda4-11ef-87d8-02a6845b4b32，终端：my terminal
2024-12-19 09:01:15 - be.model.user - INFO - 为用户 buyer_9_46abceaa-bda4-11ef-87d8-02a6845b4b32 生成新token，终端：my terminal
2024-12-19 09:01:15 - be.model.user - INFO - 用户登录成功：buyer_9_46abceaa-bda4-11ef-87d8-02a6845b4b32
2024-12-19 09:01:15 - be.view.auth - INFO - 登录处理结果: 200
2024-12-19 09:01:15 - werkzeug - INFO - 127.0.0.1 - - [19/Dec/2024 09:01:15] "POST /auth/login HTTP/1.1" 200 -
2024-12-19 09:01:15 - be.view.auth - INFO - 收到登录请求: {'user_id': 'buyer_4_46abceaa-bda4-11ef-87d8-02a6845b4b32', 'password': 'buyer_seller_4_46abceaa-bda4-11ef-87d8-02a6845b4b32', 'terminal': 'my terminal'}
2024-12-19 09:01:15 - be.model.user - INFO - 尝试登录用户：buyer_4_46abceaa-bda4-11ef-87d8-02a6845b4b32，终端：my terminal
2024-12-19 09:01:15 - be.model.user - INFO - 为用户 buyer_4_46abceaa-bda4-11ef-87d8-02a6845b4b32 生成新token，终端：my terminal
2024-12-19 09:01:15 - be.model.user - INFO - 用户登录成功：buyer_4_46abceaa-bda4-11ef-87d8-02a6845b4b32
2024-12-19 09:01:15 - be.view.auth - INFO - 登录处理结果: 200
2024-12-19 09:01:15 - werkzeug - INFO - 127.0.0.1 - - [19/Dec/2024 09:01:15] "POST /auth/login HTTP/1.1" 200 -
2024-12-19 09:01:15 - be.view.auth - INFO - 收到登录请求: {'user_id': 'buyer_4_46abceaa-bda4-11ef-87d8-02a6845b4b32', 'password': 'buyer_seller_4_46abceaa-bda4-11ef-87d8-02a6845b4b32', 'terminal': 'my terminal'}
2024-12-19 09:01:15 - be.model.user - INFO - 尝试登录用户：buyer_4_46abceaa-bda4-11ef-87d8-02a6845b4b32，终端：my terminal
2024-12-19 09:01:15 - be.model.user - INFO - 为用户 buyer_4_46abceaa-bda4-11ef-87d8-02a6845b4b32 生成新token，终端：my terminal
2024-12-19 09:01:15 - be.model.user - INFO - 用户登录成功：buyer_4_46abceaa-bda4-11ef-87d8-02a6845b4b32
2024-12-19 09:01:15 - be.view.auth - INFO - 登录处理结果: 200
2024-12-19 09:01:15 - werkzeug - INFO - 127.0.0.1 - - [19/Dec/2024 09:01:15] "POST /auth/login HTTP/1.1" 200 -
2024-12-19 09:01:15 - be.view.auth - INFO - 收到登录请求: {'user_id': 'buyer_1_46abceaa-bda4-11ef-87d8-02a6845b4b32', 'password': 'buyer_seller_1_46abceaa-bda4-11ef-87d8-02a6845b4b32', 'terminal': 'my terminal'}
2024-12-19 09:01:15 - be.model.user - INFO - 尝试登录用户：buyer_1_46abceaa-bda4-11ef-87d8-02a6845b4b32，终端：my terminal
2024-12-19 09:01:15 - be.model.user - INFO - 为用户 buyer_1_46abceaa-bda4-11ef-87d8-02a6845b4b32 生成新token，终端：my terminal
2024-12-19 09:01:15 - be.model.user - INFO - 用户登录成功：buyer_1_46abceaa-bda4-11ef-87d8-02a6845b4b32
2024-12-19 09:01:15 - be.view.auth - INFO - 登录处理结果: 200
2024-12-19 09:01:15 - werkzeug - INFO - 127.0.0.1 - - [19/Dec/2024 09:01:15] "POST /auth/login HTTP/1.1" 200 -
2024-12-19 09:01:15 - be.view.auth - INFO - 收到登录请求: {'user_id': 'buyer_6_46abceaa-bda4-11ef-87d8-02a6845b4b32', 'password': 'buyer_seller_6_46abceaa-bda4-11ef-87d8-02a6845b4b32', 'terminal': 'my terminal'}
2024-12-19 09:01:15 - be.model.user - INFO - 尝试登录用户：buyer_6_46abceaa-bda4-11ef-87d8-02a6845b4b32，终端：my terminal
2024-12-19 09:01:16 - be.model.user - INFO - 为用户 buyer_6_46abceaa-bda4-11ef-87d8-02a6845b4b32 生成新token，终端：my terminal
2024-12-19 09:01:16 - be.model.user - INFO - 用户登录成功：buyer_6_46abceaa-bda4-11ef-87d8-02a6845b4b32
2024-12-19 09:01:16 - be.view.auth - INFO - 登录处理结果: 200
2024-12-19 09:01:16 - werkzeug - INFO - 127.0.0.1 - - [19/Dec/2024 09:01:16] "POST /auth/login HTTP/1.1" 200 -
2024-12-19 09:01:16 - be.view.auth - INFO - 收到登录请求: {'user_id': 'buyer_7_46abceaa-bda4-11ef-87d8-02a6845b4b32', 'password': 'buyer_seller_7_46abceaa-bda4-11ef-87d8-02a6845b4b32', 'terminal': 'my terminal'}
2024-12-19 09:01:16 - be.model.user - INFO - 尝试登录用户：buyer_7_46abceaa-bda4-11ef-87d8-02a6845b4b32，终端：my terminal
2024-12-19 09:01:16 - be.model.user - INFO - 为用户 buyer_7_46abceaa-bda4-11ef-87d8-02a6845b4b32 生成新token，终端：my terminal
2024-12-19 09:01:16 - be.model.user - INFO - 用户登录成功：buyer_7_46abceaa-bda4-11ef-87d8-02a6845b4b32
2024-12-19 09:01:16 - be.view.auth - INFO - 登录处理结果: 200
2024-12-19 09:01:16 - werkzeug - INFO - 127.0.0.1 - - [19/Dec/2024 09:01:16] "POST /auth/login HTTP/1.1" 200 -
2024-12-19 09:01:16 - be.view.auth - INFO - 收到登录请求: {'user_id': 'buyer_5_46abceaa-bda4-11ef-87d8-02a6845b4b32', 'password': 'buyer_seller_5_46abceaa-bda4-11ef-87d8-02a6845b4b32', 'terminal': 'my terminal'}
2024-12-19 09:01:16 - be.model.user - INFO - 尝试登录用户：buyer_5_46abceaa-bda4-11ef-87d8-02a6845b4b32，终端：my terminal
2024-12-19 09:01:16 - be.model.user - INFO - 为用户 buyer_5_46abceaa-bda4-11ef-87d8-02a6845b4b32 生成新token，终端：my terminal
2024-12-19 09:01:16 - be.model.user - INFO - 用户登录成功：buyer_5_46abceaa-bda4-11ef-87d8-02a6845b4b32
2024-12-19 09:01:16 - be.view.auth - INFO - 登录处理结果: 200
2024-12-19 09:01:16 - werkzeug - INFO - 127.0.0.1 - - [19/Dec/2024 09:01:16] "POST /auth/login HTTP/1.1" 200 -
2024-12-19 09:01:16 - be.view.auth - INFO - 收到登录请求: {'user_id': 'buyer_3_46abceaa-bda4-11ef-87d8-02a6845b4b32', 'password': 'buyer_seller_3_46abceaa-bda4-11ef-87d8-02a6845b4b32', 'terminal': 'my terminal'}
2024-12-19 09:01:16 - be.model.user - INFO - 尝试登录用户：buyer_3_46abceaa-bda4-11ef-87d8-02a6845b4b32，终端：my terminal
2024-12-19 09:01:16 - be.model.user - INFO - 为用户 buyer_3_46abceaa-bda4-11ef-87d8-02a6845b4b32 生成新token，终端：my terminal
2024-12-19 09:01:16 - be.model.user - INFO - 用户登录成功：buyer_3_46abceaa-bda4-11ef-87d8-02a6845b4b32
2024-12-19 09:01:16 - be.view.auth - INFO - 登录处理结果: 200
2024-12-19 09:01:16 - werkzeug - INFO - 127.0.0.1 - - [19/Dec/2024 09:01:16] "POST /auth/login HTTP/1.1" 200 -
2024-12-19 09:01:16 - be.view.auth - INFO - 收到登录请求: {'user_id': 'buyer_2_46abceaa-bda4-11ef-87d8-02a6845b4b32', 'password': 'buyer_seller_2_46abceaa-bda4-11ef-87d8-02a6845b4b32', 'terminal': 'my terminal'}
2024-12-19 09:01:16 - be.model.user - INFO - 尝试登录用户：buyer_2_46abceaa-bda4-11ef-87d8-02a6845b4b32，终端：my terminal
2024-12-19 09:01:16 - be.model.user - INFO - 为用户 buyer_2_46abceaa-bda4-11ef-87d8-02a6845b4b32 生成新token，终端：my terminal
2024-12-19 09:01:16 - be.model.user - INFO - 用户登录成功：buyer_2_46abceaa-bda4-11ef-87d8-02a6845b4b32
2024-12-19 09:01:17 - be.view.auth - INFO - 登录处理结果: 200
2024-12-19 09:01:17 - werkzeug - INFO - 127.0.0.1 - - [19/Dec/2024 09:01:17] "POST /auth/login HTTP/1.1" 200 -
2024-12-19 09:01:17 - be.view.auth - INFO - 收到登录请求: {'user_id': 'buyer_7_46abceaa-bda4-11ef-87d8-02a6845b4b32', 'password': 'buyer_seller_7_46abceaa-bda4-11ef-87d8-02a6845b4b32', 'terminal': 'my terminal'}
2024-12-19 09:01:17 - be.model.user - INFO - 尝试登录用户：buyer_7_46abceaa-bda4-11ef-87d8-02a6845b4b32，终端：my terminal
2024-12-19 09:01:17 - be.model.user - INFO - 为用户 buyer_7_46abceaa-bda4-11ef-87d8-02a6845b4b32 生成新token，终端：my terminal
2024-12-19 09:01:17 - be.model.user - INFO - 用户登录成功：buyer_7_46abceaa-bda4-11ef-87d8-02a6845b4b32
2024-12-19 09:01:17 - be.view.auth - INFO - 登录处理结果: 200
2024-12-19 09:01:17 - werkzeug - INFO - 127.0.0.1 - - [19/Dec/2024 09:01:17] "POST /auth/login HTTP/1.1" 200 -
2024-12-19 09:01:17 - be.view.auth - INFO - 收到登录请求: {'user_id': 'buyer_4_46abceaa-bda4-11ef-87d8-02a6845b4b32', 'password': 'buyer_seller_4_46abceaa-bda4-11ef-87d8-02a6845b4b32', 'terminal': 'my terminal'}
2024-12-19 09:01:17 - be.model.user - INFO - 尝试登录用户：buyer_4_46abceaa-bda4-11ef-87d8-02a6845b4b32，终端：my terminal
2024-12-19 09:01:17 - be.model.user - INFO - 为用户 buyer_4_46abceaa-bda4-11ef-87d8-02a6845b4b32 生成新token，终端：my terminal
2024-12-19 09:01:17 - be.model.user - INFO - 用户登录成功：buyer_4_46abceaa-bda4-11ef-87d8-02a6845b4b32
2024-12-19 09:01:17 - be.view.auth - INFO - 登录处理结果: 200
2024-12-19 09:01:17 - werkzeug - INFO - 127.0.0.1 - - [19/Dec/2024 09:01:17] "POST /auth/login HTTP/1.1" 200 -
2024-12-19 09:01:17 - be.view.auth - INFO - 收到登录请求: {'user_id': 'buyer_4_46abceaa-bda4-11ef-87d8-02a6845b4b32', 'password': 'buyer_seller_4_46abceaa-bda4-11ef-87d8-02a6845b4b32', 'terminal': 'my terminal'}
2024-12-19 09:01:17 - be.model.user - INFO - 尝试登录用户：buyer_4_46abceaa-bda4-11ef-87d8-02a6845b4b32，终端：my terminal
2024-12-19 09:01:17 - be.model.user - INFO - 为用户 buyer_4_46abceaa-bda4-11ef-87d8-02a6845b4b32 生成新token，终端：my terminal
2024-12-19 09:01:17 - be.model.user - INFO - 用户登录成功：buyer_4_46abceaa-bda4-11ef-87d8-02a6845b4b32
2024-12-19 09:01:17 - be.view.auth - INFO - 登录处理结果: 200
2024-12-19 09:01:17 - werkzeug - INFO - 127.0.0.1 - - [19/Dec/2024 09:01:17] "POST /auth/login HTTP/1.1" 200 -
2024-12-19 09:01:17 - be.view.auth - INFO - 收到登录请求: {'user_id': 'buyer_6_46abceaa-bda4-11ef-87d8-02a6845b4b32', 'password': 'buyer_seller_6_46abceaa-bda4-11ef-87d8-02a6845b4b32', 'terminal': 'my terminal'}
2024-12-19 09:01:17 - be.model.user - INFO - 尝试登录用户：buyer_6_46abceaa-bda4-11ef-87d8-02a6845b4b32，终端：my terminal
2024-12-19 09:01:17 - be.model.user - INFO - 为用户 buyer_6_46abceaa-bda4-11ef-87d8-02a6845b4b32 生成新token，终端：my terminal
2024-12-19 09:01:17 - be.model.user - INFO - 用户登录成功：buyer_6_46abceaa-bda4-11ef-87d8-02a6845b4b32
2024-12-19 09:01:17 - be.view.auth - INFO - 登录处理结果: 200
2024-12-19 09:01:17 - werkzeug - INFO - 127.0.0.1 - - [19/Dec/2024 09:01:17] "POST /auth/login HTTP/1.1" 200 -
2024-12-19 09:01:17 - be.view.auth - INFO - 收到登录请求: {'user_id': 'buyer_7_46abceaa-bda4-11ef-87d8-02a6845b4b32', 'password': 'buyer_seller_7_46abceaa-bda4-11ef-87d8-02a6845b4b32', 'terminal': 'my terminal'}
2024-12-19 09:01:18 - be.model.user - INFO - 尝试登录用户：buyer_7_46abceaa-bda4-11ef-87d8-02a6845b4b32，终端：my terminal
2024-12-19 09:01:18 - be.model.user - INFO - 为用户 buyer_7_46abceaa-bda4-11ef-87d8-02a6845b4b32 生成新token，终端：my terminal
2024-12-19 09:01:18 - be.model.user - INFO - 用户登录成功：buyer_7_46abceaa-bda4-11ef-87d8-02a6845b4b32
2024-12-19 09:01:18 - be.view.auth - INFO - 登录处理结果: 200
2024-12-19 09:01:18 - werkzeug - INFO - 127.0.0.1 - - [19/Dec/2024 09:01:18] "POST /auth/login HTTP/1.1" 200 -
2024-12-19 09:01:18 - be.view.auth - INFO - 收到登录请求: {'user_id': 'buyer_5_46abceaa-bda4-11ef-87d8-02a6845b4b32', 'password': 'buyer_seller_5_46abceaa-bda4-11ef-87d8-02a6845b4b32', 'terminal': 'my terminal'}
2024-12-19 09:01:18 - be.model.user - INFO - 尝试登录用户：buyer_5_46abceaa-bda4-11ef-87d8-02a6845b4b32，终端：my terminal
2024-12-19 09:01:18 - be.model.user - INFO - 为用户 buyer_5_46abceaa-bda4-11ef-87d8-02a6845b4b32 生成新token，终端：my terminal
2024-12-19 09:01:18 - be.model.user - INFO - 用户登录成功：buyer_5_46abceaa-bda4-11ef-87d8-02a6845b4b32
2024-12-19 09:01:18 - be.view.auth - INFO - 登录处理结果: 200
2024-12-19 09:01:18 - werkzeug - INFO - 127.0.0.1 - - [19/Dec/2024 09:01:18] "POST /auth/login HTTP/1.1" 200 -
2024-12-19 09:01:18 - be.view.auth - INFO - 收到登录请求: {'user_id': 'buyer_1_46abceaa-bda4-11ef-87d8-02a6845b4b32', 'password': 'buyer_seller_1_46abceaa-bda4-11ef-87d8-02a6845b4b32', 'terminal': 'my terminal'}
2024-12-19 09:01:18 - be.model.user - INFO - 尝试登录用户：buyer_1_46abceaa-bda4-11ef-87d8-02a6845b4b32，终端：my terminal
2024-12-19 09:01:18 - be.model.user - INFO - 为用户 buyer_1_46abceaa-bda4-11ef-87d8-02a6845b4b32 生成新token，终端：my terminal
2024-12-19 09:01:18 - be.model.user - INFO - 用户登录成功：buyer_1_46abceaa-bda4-11ef-87d8-02a6845b4b32
2024-12-19 09:01:18 - be.view.auth - INFO - 登录处理结果: 200
2024-12-19 09:01:18 - werkzeug - INFO - 127.0.0.1 - - [19/Dec/2024 09:01:18] "POST /auth/login HTTP/1.1" 200 -
2024-12-19 09:01:18 - be.view.auth - INFO - 收到登录请求: {'user_id': 'buyer_10_46abceaa-bda4-11ef-87d8-02a6845b4b32', 'password': 'buyer_seller_10_46abceaa-bda4-11ef-87d8-02a6845b4b32', 'terminal': 'my terminal'}
2024-12-19 09:01:18 - be.model.user - INFO - 尝试登录用户：buyer_10_46abceaa-bda4-11ef-87d8-02a6845b4b32，终端：my terminal
2024-12-19 09:01:18 - be.model.user - INFO - 为用户 buyer_10_46abceaa-bda4-11ef-87d8-02a6845b4b32 生成新token，终端：my terminal
2024-12-19 09:01:18 - be.model.user - INFO - 用户登录成功：buyer_10_46abceaa-bda4-11ef-87d8-02a6845b4b32
2024-12-19 09:01:18 - be.view.auth - INFO - 登录处理结果: 200
2024-12-19 09:01:18 - werkzeug - INFO - 127.0.0.1 - - [19/Dec/2024 09:01:18] "POST /auth/login HTTP/1.1" 200 -
2024-12-19 09:01:18 - be.view.auth - INFO - 收到登录请求: {'user_id': 'buyer_6_46abceaa-bda4-11ef-87d8-02a6845b4b32', 'password': 'buyer_seller_6_46abceaa-bda4-11ef-87d8-02a6845b4b32', 'terminal': 'my terminal'}
2024-12-19 09:01:18 - be.model.user - INFO - 尝试登录用户：buyer_6_46abceaa-bda4-11ef-87d8-02a6845b4b32，终端：my terminal
2024-12-19 09:01:19 - be.model.user - INFO - 为用户 buyer_6_46abceaa-bda4-11ef-87d8-02a6845b4b32 生成新token，终端：my terminal
2024-12-19 09:01:19 - be.model.user - INFO - 用户登录成功：buyer_6_46abceaa-bda4-11ef-87d8-02a6845b4b32
2024-12-19 09:01:19 - be.view.auth - INFO - 登录处理结果: 200
2024-12-19 09:01:19 - werkzeug - INFO - 127.0.0.1 - - [19/Dec/2024 09:01:19] "POST /auth/login HTTP/1.1" 200 -
2024-12-19 09:01:19 - be.view.auth - INFO - 收到登录请求: {'user_id': 'buyer_3_46abceaa-bda4-11ef-87d8-02a6845b4b32', 'password': 'buyer_seller_3_46abceaa-bda4-11ef-87d8-02a6845b4b32', 'terminal': 'my terminal'}
2024-12-19 09:01:19 - be.model.user - INFO - 尝试登录用户：buyer_3_46abceaa-bda4-11ef-87d8-02a6845b4b32，终端：my terminal
2024-12-19 09:01:19 - be.model.user - INFO - 为用户 buyer_3_46abceaa-bda4-11ef-87d8-02a6845b4b32 生成新token，终端：my terminal
2024-12-19 09:01:19 - be.model.user - INFO - 用户登录成功：buyer_3_46abceaa-bda4-11ef-87d8-02a6845b4b32
2024-12-19 09:01:19 - be.view.auth - INFO - 登录处理结果: 200
2024-12-19 09:01:19 - werkzeug - INFO - 127.0.0.1 - - [19/Dec/2024 09:01:19] "POST /auth/login HTTP/1.1" 200 -
2024-12-19 09:01:19 - be.view.auth - INFO - 收到登录请求: {'user_id': 'buyer_1_46abceaa-bda4-11ef-87d8-02a6845b4b32', 'password': 'buyer_seller_1_46abceaa-bda4-11ef-87d8-02a6845b4b32', 'terminal': 'my terminal'}
2024-12-19 09:01:19 - be.model.user - INFO - 尝试登录用户：buyer_1_46abceaa-bda4-11ef-87d8-02a6845b4b32，终端：my terminal
2024-12-19 09:01:19 - be.model.user - INFO - 为用户 buyer_1_46abceaa-bda4-11ef-87d8-02a6845b4b32 生成新token，终端：my terminal
2024-12-19 09:01:19 - be.model.user - INFO - 用户登录成功：buyer_1_46abceaa-bda4-11ef-87d8-02a6845b4b32
2024-12-19 09:01:19 - be.view.auth - INFO - 登录处理结果: 200
2024-12-19 09:01:19 - werkzeug - INFO - 127.0.0.1 - - [19/Dec/2024 09:01:19] "POST /auth/login HTTP/1.1" 200 -
2024-12-19 09:01:19 - be.view.auth - INFO - 收到登录请求: {'user_id': 'buyer_6_46abceaa-bda4-11ef-87d8-02a6845b4b32', 'password': 'buyer_seller_6_46abceaa-bda4-11ef-87d8-02a6845b4b32', 'terminal': 'my terminal'}
2024-12-19 09:01:19 - be.model.user - INFO - 尝试登录用户：buyer_6_46abceaa-bda4-11ef-87d8-02a6845b4b32，终端：my terminal
2024-12-19 09:01:19 - be.model.user - INFO - 为用户 buyer_6_46abceaa-bda4-11ef-87d8-02a6845b4b32 生成新token，终端：my terminal
2024-12-19 09:01:19 - be.model.user - INFO - 用户登录成功：buyer_6_46abceaa-bda4-11ef-87d8-02a6845b4b32
2024-12-19 09:01:19 - be.view.auth - INFO - 登录处理结果: 200
2024-12-19 09:01:19 - werkzeug - INFO - 127.0.0.1 - - [19/Dec/2024 09:01:19] "POST /auth/login HTTP/1.1" 200 -
2024-12-19 09:01:19 - be.view.auth - INFO - 收到登录请求: {'user_id': 'buyer_7_46abceaa-bda4-11ef-87d8-02a6845b4b32', 'password': 'buyer_seller_7_46abceaa-bda4-11ef-87d8-02a6845b4b32', 'terminal': 'my terminal'}
2024-12-19 09:01:19 - be.model.user - INFO - 尝试登录用户：buyer_7_46abceaa-bda4-11ef-87d8-02a6845b4b32，终端：my terminal
2024-12-19 09:01:19 - be.model.user - INFO - 为用户 buyer_7_46abceaa-bda4-11ef-87d8-02a6845b4b32 生成新token，终端：my terminal
2024-12-19 09:01:19 - be.model.user - INFO - 用户登录成功：buyer_7_46abceaa-bda4-11ef-87d8-02a6845b4b32
2024-12-19 09:01:20 - be.view.auth - INFO - 登录处理结果: 200
2024-12-19 09:01:20 - werkzeug - INFO - 127.0.0.1 - - [19/Dec/2024 09:01:20] "POST /auth/login HTTP/1.1" 200 -
2024-12-19 09:01:20 - be.view.auth - INFO - 收到登录请求: {'user_id': 'buyer_6_46abceaa-bda4-11ef-87d8-02a6845b4b32', 'password': 'buyer_seller_6_46abceaa-bda4-11ef-87d8-02a6845b4b32', 'terminal': 'my terminal'}
2024-12-19 09:01:20 - be.model.user - INFO - 尝试登录用户：buyer_6_46abceaa-bda4-11ef-87d8-02a6845b4b32，终端：my terminal
2024-12-19 09:01:20 - be.model.user - INFO - 为用户 buyer_6_46abceaa-bda4-11ef-87d8-02a6845b4b32 生成新token，终端：my terminal
2024-12-19 09:01:20 - be.model.user - INFO - 用户登录成功：buyer_6_46abceaa-bda4-11ef-87d8-02a6845b4b32
2024-12-19 09:01:20 - be.view.auth - INFO - 登录处理结果: 200
2024-12-19 09:01:20 - werkzeug - INFO - 127.0.0.1 - - [19/Dec/2024 09:01:20] "POST /auth/login HTTP/1.1" 200 -
2024-12-19 09:01:20 - be.view.auth - INFO - 收到登录请求: {'user_id': 'buyer_6_46abceaa-bda4-11ef-87d8-02a6845b4b32', 'password': 'buyer_seller_6_46abceaa-bda4-11ef-87d8-02a6845b4b32', 'terminal': 'my terminal'}
2024-12-19 09:01:20 - be.model.user - INFO - 尝试登录用户：buyer_6_46abceaa-bda4-11ef-87d8-02a6845b4b32，终端：my terminal
2024-12-19 09:01:20 - be.model.user - INFO - 为用户 buyer_6_46abceaa-bda4-11ef-87d8-02a6845b4b32 生成新token，终端：my terminal
2024-12-19 09:01:20 - be.model.user - INFO - 用户登录成功：buyer_6_46abceaa-bda4-11ef-87d8-02a6845b4b32
2024-12-19 09:01:20 - be.view.auth - INFO - 登录处理结果: 200
2024-12-19 09:01:20 - werkzeug - INFO - 127.0.0.1 - - [19/Dec/2024 09:01:20] "POST /auth/login HTTP/1.1" 200 -
2024-12-19 09:01:20 - be.view.auth - INFO - 收到登录请求: {'user_id': 'buyer_10_46abceaa-bda4-11ef-87d8-02a6845b4b32', 'password': 'buyer_seller_10_46abceaa-bda4-11ef-87d8-02a6845b4b32', 'terminal': 'my terminal'}
2024-12-19 09:01:20 - be.model.user - INFO - 尝试登录用户：buyer_10_46abceaa-bda4-11ef-87d8-02a6845b4b32，终端：my terminal
2024-12-19 09:01:20 - be.model.user - INFO - 为用户 buyer_10_46abceaa-bda4-11ef-87d8-02a6845b4b32 生成新token，终端：my terminal
2024-12-19 09:01:20 - be.model.user - INFO - 用户登录成功：buyer_10_46abceaa-bda4-11ef-87d8-02a6845b4b32
2024-12-19 09:01:20 - be.view.auth - INFO - 登录处理结果: 200
2024-12-19 09:01:20 - werkzeug - INFO - 127.0.0.1 - - [19/Dec/2024 09:01:20] "POST /auth/login HTTP/1.1" 200 -
2024-12-19 09:01:20 - be.view.auth - INFO - 收到登录请求: {'user_id': 'buyer_7_46abceaa-bda4-11ef-87d8-02a6845b4b32', 'password': 'buyer_seller_7_46abceaa-bda4-11ef-87d8-02a6845b4b32', 'terminal': 'my terminal'}
2024-12-19 09:01:20 - be.model.user - INFO - 尝试登录用户：buyer_7_46abceaa-bda4-11ef-87d8-02a6845b4b32，终端：my terminal
2024-12-19 09:01:20 - be.model.user - INFO - 为用户 buyer_7_46abceaa-bda4-11ef-87d8-02a6845b4b32 生成新token，终端：my terminal
2024-12-19 09:01:20 - be.model.user - INFO - 用户登录成功：buyer_7_46abceaa-bda4-11ef-87d8-02a6845b4b32
2024-12-19 09:01:21 - be.view.auth - INFO - 登录处理结果: 200
2024-12-19 09:01:21 - werkzeug - INFO - 127.0.0.1 - - [19/Dec/2024 09:01:21] "POST /auth/login HTTP/1.1" 200 -
2024-12-19 09:01:21 - be.view.auth - INFO - 收到登录请求: {'user_id': 'buyer_8_46abceaa-bda4-11ef-87d8-02a6845b4b32', 'password': 'buyer_seller_8_46abceaa-bda4-11ef-87d8-02a6845b4b32', 'terminal': 'my terminal'}
2024-12-19 09:01:21 - be.model.user - INFO - 尝试登录用户：buyer_8_46abceaa-bda4-11ef-87d8-02a6845b4b32，终端：my terminal
2024-12-19 09:01:21 - be.model.user - INFO - 为用户 buyer_8_46abceaa-bda4-11ef-87d8-02a6845b4b32 生成新token，终端：my terminal
2024-12-19 09:01:21 - be.model.user - INFO - 用户登录成功：buyer_8_46abceaa-bda4-11ef-87d8-02a6845b4b32
2024-12-19 09:01:21 - be.view.auth - INFO - 登录处理结果: 200
2024-12-19 09:01:21 - werkzeug - INFO - 127.0.0.1 - - [19/Dec/2024 09:01:21] "POST /auth/login HTTP/1.1" 200 -
2024-12-19 09:01:21 - be.view.auth - INFO - 收到登录请求: {'user_id': 'buyer_6_46abceaa-bda4-11ef-87d8-02a6845b4b32', 'password': 'buyer_seller_6_46abceaa-bda4-11ef-87d8-02a6845b4b32', 'terminal': 'my terminal'}
2024-12-19 09:01:21 - be.model.user - INFO - 尝试登录用户：buyer_6_46abceaa-bda4-11ef-87d8-02a6845b4b32，终端：my terminal
2024-12-19 09:01:21 - be.model.user - INFO - 为用户 buyer_6_46abceaa-bda4-11ef-87d8-02a6845b4b32 生成新token，终端：my terminal
2024-12-19 09:01:21 - be.model.user - INFO - 用户登录成功：buyer_6_46abceaa-bda4-11ef-87d8-02a6845b4b32
2024-12-19 09:01:21 - be.view.auth - INFO - 登录处理结果: 200
2024-12-19 09:01:21 - werkzeug - INFO - 127.0.0.1 - - [19/Dec/2024 09:01:21] "POST /auth/login HTTP/1.1" 200 -
2024-12-19 09:01:21 - be.view.auth - INFO - 收到登录请求: {'user_id': 'buyer_2_46abceaa-bda4-11ef-87d8-02a6845b4b32', 'password': 'buyer_seller_2_46abceaa-bda4-11ef-87d8-02a6845b4b32', 'terminal': 'my terminal'}
2024-12-19 09:01:21 - be.model.user - INFO - 尝试登录用户：buyer_2_46abceaa-bda4-11ef-87d8-02a6845b4b32，终端：my terminal
2024-12-19 09:01:21 - be.model.user - INFO - 为用户 buyer_2_46abceaa-bda4-11ef-87d8-02a6845b4b32 生成新token，终端：my terminal
2024-12-19 09:01:21 - be.model.user - INFO - 用户登录成功：buyer_2_46abceaa-bda4-11ef-87d8-02a6845b4b32
2024-12-19 09:01:21 - be.view.auth - INFO - 登录处理结果: 200
2024-12-19 09:01:21 - werkzeug - INFO - 127.0.0.1 - - [19/Dec/2024 09:01:21] "POST /auth/login HTTP/1.1" 200 -
2024-12-19 09:01:21 - be.view.auth - INFO - 收到登录请求: {'user_id': 'buyer_3_46abceaa-bda4-11ef-87d8-02a6845b4b32', 'password': 'buyer_seller_3_46abceaa-bda4-11ef-87d8-02a6845b4b32', 'terminal': 'my terminal'}
2024-12-19 09:01:21 - be.model.user - INFO - 尝试登录用户：buyer_3_46abceaa-bda4-11ef-87d8-02a6845b4b32，终端：my terminal
2024-12-19 09:01:21 - be.model.user - INFO - 为用户 buyer_3_46abceaa-bda4-11ef-87d8-02a6845b4b32 生成新token，终端：my terminal
2024-12-19 09:01:21 - be.model.user - INFO - 用户登录成功：buyer_3_46abceaa-bda4-11ef-87d8-02a6845b4b32
2024-12-19 09:01:21 - be.view.auth - INFO - 登录处理结果: 200
2024-12-19 09:01:21 - werkzeug - INFO - 127.0.0.1 - - [19/Dec/2024 09:01:21] "POST /auth/login HTTP/1.1" 200 -
2024-12-19 09:01:21 - be.view.auth - INFO - 收到登录请求: {'user_id': 'buyer_8_46abceaa-bda4-11ef-87d8-02a6845b4b32', 'password': 'buyer_seller_8_46abceaa-bda4-11ef-87d8-02a6845b4b32', 'terminal': 'my terminal'}
2024-12-19 09:01:21 - be.model.user - INFO - 尝试登录用户：buyer_8_46abceaa-bda4-11ef-87d8-02a6845b4b32，终端：my terminal
2024-12-19 09:01:22 - be.model.user - INFO - 为用户 buyer_8_46abceaa-bda4-11ef-87d8-02a6845b4b32 生成新token，终端：my terminal
2024-12-19 09:01:22 - be.model.user - INFO - 用户登录成功：buyer_8_46abceaa-bda4-11ef-87d8-02a6845b4b32
2024-12-19 09:01:22 - be.view.auth - INFO - 登录处理结果: 200
2024-12-19 09:01:22 - werkzeug - INFO - 127.0.0.1 - - [19/Dec/2024 09:01:22] "POST /auth/login HTTP/1.1" 200 -
2024-12-19 09:01:22 - be.view.auth - INFO - 收到登录请求: {'user_id': 'buyer_9_46abceaa-bda4-11ef-87d8-02a6845b4b32', 'password': 'buyer_seller_9_46abceaa-bda4-11ef-87d8-02a6845b4b32', 'terminal': 'my terminal'}
2024-12-19 09:01:22 - be.model.user - INFO - 尝试登录用户：buyer_9_46abceaa-bda4-11ef-87d8-02a6845b4b32，终端：my terminal
2024-12-19 09:01:22 - be.model.user - INFO - 为用户 buyer_9_46abceaa-bda4-11ef-87d8-02a6845b4b32 生成新token，终端：my terminal
2024-12-19 09:01:22 - be.model.user - INFO - 用户登录成功：buyer_9_46abceaa-bda4-11ef-87d8-02a6845b4b32
2024-12-19 09:01:22 - be.view.auth - INFO - 登录处理结果: 200
2024-12-19 09:01:22 - werkzeug - INFO - 127.0.0.1 - - [19/Dec/2024 09:01:22] "POST /auth/login HTTP/1.1" 200 -
2024-12-19 09:01:22 - be.view.auth - INFO - 收到登录请求: {'user_id': 'buyer_5_46abceaa-bda4-11ef-87d8-02a6845b4b32', 'password': 'buyer_seller_5_46abceaa-bda4-11ef-87d8-02a6845b4b32', 'terminal': 'my terminal'}
2024-12-19 09:01:22 - be.model.user - INFO - 尝试登录用户：buyer_5_46abceaa-bda4-11ef-87d8-02a6845b4b32，终端：my terminal
2024-12-19 09:01:22 - be.model.user - INFO - 为用户 buyer_5_46abceaa-bda4-11ef-87d8-02a6845b4b32 生成新token，终端：my terminal
2024-12-19 09:01:22 - be.model.user - INFO - 用户登录成功：buyer_5_46abceaa-bda4-11ef-87d8-02a6845b4b32
2024-12-19 09:01:22 - be.view.auth - INFO - 登录处理结果: 200
2024-12-19 09:01:22 - werkzeug - INFO - 127.0.0.1 - - [19/Dec/2024 09:01:22] "POST /auth/login HTTP/1.1" 200 -
2024-12-19 09:01:22 - be.view.auth - INFO - 收到登录请求: {'user_id': 'buyer_6_46abceaa-bda4-11ef-87d8-02a6845b4b32', 'password': 'buyer_seller_6_46abceaa-bda4-11ef-87d8-02a6845b4b32', 'terminal': 'my terminal'}
2024-12-19 09:01:22 - be.model.user - INFO - 尝试登录用户：buyer_6_46abceaa-bda4-11ef-87d8-02a6845b4b32，终端：my terminal
2024-12-19 09:01:22 - be.model.user - INFO - 为用户 buyer_6_46abceaa-bda4-11ef-87d8-02a6845b4b32 生成新token，终端：my terminal
2024-12-19 09:01:22 - be.model.user - INFO - 用户登录成功：buyer_6_46abceaa-bda4-11ef-87d8-02a6845b4b32
2024-12-19 09:01:22 - be.view.auth - INFO - 登录处理结果: 200
2024-12-19 09:01:22 - werkzeug - INFO - 127.0.0.1 - - [19/Dec/2024 09:01:22] "POST /auth/login HTTP/1.1" 200 -
2024-12-19 09:01:22 - be.view.auth - INFO - 收到登录请求: {'user_id': 'buyer_3_46abceaa-bda4-11ef-87d8-02a6845b4b32', 'password': 'buyer_seller_3_46abceaa-bda4-11ef-87d8-02a6845b4b32', 'terminal': 'my terminal'}
2024-12-19 09:01:22 - be.model.user - INFO - 尝试登录用户：buyer_3_46abceaa-bda4-11ef-87d8-02a6845b4b32，终端：my terminal
2024-12-19 09:01:23 - be.model.user - INFO - 为用户 buyer_3_46abceaa-bda4-11ef-87d8-02a6845b4b32 生成新token，终端：my terminal
2024-12-19 09:01:23 - be.model.user - INFO - 用户登录成功：buyer_3_46abceaa-bda4-11ef-87d8-02a6845b4b32
2024-12-19 09:01:23 - be.view.auth - INFO - 登录处理结果: 200
2024-12-19 09:01:23 - werkzeug - INFO - 127.0.0.1 - - [19/Dec/2024 09:01:23] "POST /auth/login HTTP/1.1" 200 -
2024-12-19 09:01:23 - be.view.auth - INFO - 收到登录请求: {'user_id': 'buyer_5_46abceaa-bda4-11ef-87d8-02a6845b4b32', 'password': 'buyer_seller_5_46abceaa-bda4-11ef-87d8-02a6845b4b32', 'terminal': 'my terminal'}
2024-12-19 09:01:23 - be.model.user - INFO - 尝试登录用户：buyer_5_46abceaa-bda4-11ef-87d8-02a6845b4b32，终端：my terminal
2024-12-19 09:01:23 - be.model.user - INFO - 为用户 buyer_5_46abceaa-bda4-11ef-87d8-02a6845b4b32 生成新token，终端：my terminal
2024-12-19 09:01:23 - be.model.user - INFO - 用户登录成功：buyer_5_46abceaa-bda4-11ef-87d8-02a6845b4b32
2024-12-19 09:01:23 - be.view.auth - INFO - 登录处理结果: 200
2024-12-19 09:01:23 - werkzeug - INFO - 127.0.0.1 - - [19/Dec/2024 09:01:23] "POST /auth/login HTTP/1.1" 200 -
2024-12-19 09:01:23 - be.view.auth - INFO - 收到登录请求: {'user_id': 'buyer_8_46abceaa-bda4-11ef-87d8-02a6845b4b32', 'password': 'buyer_seller_8_46abceaa-bda4-11ef-87d8-02a6845b4b32', 'terminal': 'my terminal'}
2024-12-19 09:01:23 - be.model.user - INFO - 尝试登录用户：buyer_8_46abceaa-bda4-11ef-87d8-02a6845b4b32，终端：my terminal
2024-12-19 09:01:23 - be.model.user - INFO - 为用户 buyer_8_46abceaa-bda4-11ef-87d8-02a6845b4b32 生成新token，终端：my terminal
2024-12-19 09:01:23 - be.model.user - INFO - 用户登录成功：buyer_8_46abceaa-bda4-11ef-87d8-02a6845b4b32
2024-12-19 09:01:23 - be.view.auth - INFO - 登录处理结果: 200
2024-12-19 09:01:23 - werkzeug - INFO - 127.0.0.1 - - [19/Dec/2024 09:01:23] "POST /auth/login HTTP/1.1" 200 -
2024-12-19 09:01:23 - be.view.auth - INFO - 收到登录请求: {'user_id': 'buyer_9_46abceaa-bda4-11ef-87d8-02a6845b4b32', 'password': 'buyer_seller_9_46abceaa-bda4-11ef-87d8-02a6845b4b32', 'terminal': 'my terminal'}
2024-12-19 09:01:23 - be.model.user - INFO - 尝试登录用户：buyer_9_46abceaa-bda4-11ef-87d8-02a6845b4b32，终端：my terminal
2024-12-19 09:01:23 - be.model.user - INFO - 为用户 buyer_9_46abceaa-bda4-11ef-87d8-02a6845b4b32 生成新token，终端：my terminal
2024-12-19 09:01:23 - be.model.user - INFO - 用户登录成功：buyer_9_46abceaa-bda4-11ef-87d8-02a6845b4b32
2024-12-19 09:01:23 - be.view.auth - INFO - 登录处理结果: 200
2024-12-19 09:01:23 - werkzeug - INFO - 127.0.0.1 - - [19/Dec/2024 09:01:23] "POST /auth/login HTTP/1.1" 200 -
2024-12-19 09:01:23 - be.view.auth - INFO - 收到登录请求: {'user_id': 'buyer_3_46abceaa-bda4-11ef-87d8-02a6845b4b32', 'password': 'buyer_seller_3_46abceaa-bda4-11ef-87d8-02a6845b4b32', 'terminal': 'my terminal'}
2024-12-19 09:01:23 - be.model.user - INFO - 尝试登录用户：buyer_3_46abceaa-bda4-11ef-87d8-02a6845b4b32，终端：my terminal
2024-12-19 09:01:23 - be.model.user - INFO - 为用户 buyer_3_46abceaa-bda4-11ef-87d8-02a6845b4b32 生成新token，终端：my terminal
2024-12-19 09:01:23 - be.model.user - INFO - 用户登录成功：buyer_3_46abceaa-bda4-11ef-87d8-02a6845b4b32
2024-12-19 09:01:24 - be.view.auth - INFO - 登录处理结果: 200
2024-12-19 09:01:24 - werkzeug - INFO - 127.0.0.1 - - [19/Dec/2024 09:01:24] "POST /auth/login HTTP/1.1" 200 -
2024-12-19 09:01:24 - be.view.auth - INFO - 收到登录请求: {'user_id': 'buyer_9_46abceaa-bda4-11ef-87d8-02a6845b4b32', 'password': 'buyer_seller_9_46abceaa-bda4-11ef-87d8-02a6845b4b32', 'terminal': 'my terminal'}
2024-12-19 09:01:24 - be.model.user - INFO - 尝试登录用户：buyer_9_46abceaa-bda4-11ef-87d8-02a6845b4b32，终端：my terminal
2024-12-19 09:01:24 - be.model.user - INFO - 为用户 buyer_9_46abceaa-bda4-11ef-87d8-02a6845b4b32 生成新token，终端：my terminal
2024-12-19 09:01:24 - be.model.user - INFO - 用户登录成功：buyer_9_46abceaa-bda4-11ef-87d8-02a6845b4b32
2024-12-19 09:01:24 - be.view.auth - INFO - 登录处理结果: 200
2024-12-19 09:01:24 - werkzeug - INFO - 127.0.0.1 - - [19/Dec/2024 09:01:24] "POST /auth/login HTTP/1.1" 200 -
2024-12-19 09:01:24 - be.view.auth - INFO - 收到登录请求: {'user_id': 'buyer_4_46abceaa-bda4-11ef-87d8-02a6845b4b32', 'password': 'buyer_seller_4_46abceaa-bda4-11ef-87d8-02a6845b4b32', 'terminal': 'my terminal'}
2024-12-19 09:01:24 - be.model.user - INFO - 尝试登录用户：buyer_4_46abceaa-bda4-11ef-87d8-02a6845b4b32，终端：my terminal
2024-12-19 09:01:24 - be.model.user - INFO - 为用户 buyer_4_46abceaa-bda4-11ef-87d8-02a6845b4b32 生成新token，终端：my terminal
2024-12-19 09:01:24 - be.model.user - INFO - 用户登录成功：buyer_4_46abceaa-bda4-11ef-87d8-02a6845b4b32
2024-12-19 09:01:24 - be.view.auth - INFO - 登录处理结果: 200
2024-12-19 09:01:24 - werkzeug - INFO - 127.0.0.1 - - [19/Dec/2024 09:01:24] "POST /auth/login HTTP/1.1" 200 -
2024-12-19 09:01:24 - be.view.auth - INFO - 收到登录请求: {'user_id': 'buyer_1_46abceaa-bda4-11ef-87d8-02a6845b4b32', 'password': 'buyer_seller_1_46abceaa-bda4-11ef-87d8-02a6845b4b32', 'terminal': 'my terminal'}
2024-12-19 09:01:24 - be.model.user - INFO - 尝试登录用户：buyer_1_46abceaa-bda4-11ef-87d8-02a6845b4b32，终端：my terminal
2024-12-19 09:01:24 - be.model.user - INFO - 为用户 buyer_1_46abceaa-bda4-11ef-87d8-02a6845b4b32 生成新token，终端：my terminal
2024-12-19 09:01:24 - be.model.user - INFO - 用户登录成功：buyer_1_46abceaa-bda4-11ef-87d8-02a6845b4b32
2024-12-19 09:01:24 - be.view.auth - INFO - 登录处理结果: 200
2024-12-19 09:01:24 - werkzeug - INFO - 127.0.0.1 - - [19/Dec/2024 09:01:24] "POST /auth/login HTTP/1.1" 200 -
2024-12-19 09:01:24 - be.view.auth - INFO - 收到登录请求: {'user_id': 'buyer_8_46abceaa-bda4-11ef-87d8-02a6845b4b32', 'password': 'buyer_seller_8_46abceaa-bda4-11ef-87d8-02a6845b4b32', 'terminal': 'my terminal'}
2024-12-19 09:01:24 - be.model.user - INFO - 尝试登录用户：buyer_8_46abceaa-bda4-11ef-87d8-02a6845b4b32，终端：my terminal
2024-12-19 09:01:24 - be.model.user - INFO - 为用户 buyer_8_46abceaa-bda4-11ef-87d8-02a6845b4b32 生成新token，终端：my terminal
2024-12-19 09:01:24 - be.model.user - INFO - 用户登录成功：buyer_8_46abceaa-bda4-11ef-87d8-02a6845b4b32
2024-12-19 09:01:25 - be.view.auth - INFO - 登录处理结果: 200
2024-12-19 09:01:25 - werkzeug - INFO - 127.0.0.1 - - [19/Dec/2024 09:01:25] "POST /auth/login HTTP/1.1" 200 -
2024-12-19 09:01:25 - be.view.auth - INFO - 收到登录请求: {'user_id': 'buyer_2_46abceaa-bda4-11ef-87d8-02a6845b4b32', 'password': 'buyer_seller_2_46abceaa-bda4-11ef-87d8-02a6845b4b32', 'terminal': 'my terminal'}
2024-12-19 09:01:25 - be.model.user - INFO - 尝试登录用户：buyer_2_46abceaa-bda4-11ef-87d8-02a6845b4b32，终端：my terminal
2024-12-19 09:01:25 - be.model.user - INFO - 为用户 buyer_2_46abceaa-bda4-11ef-87d8-02a6845b4b32 生成新token，终端：my terminal
2024-12-19 09:01:25 - be.model.user - INFO - 用户登录成功：buyer_2_46abceaa-bda4-11ef-87d8-02a6845b4b32
2024-12-19 09:01:25 - be.view.auth - INFO - 登录处理结果: 200
2024-12-19 09:01:25 - werkzeug - INFO - 127.0.0.1 - - [19/Dec/2024 09:01:25] "POST /auth/login HTTP/1.1" 200 -
2024-12-19 09:01:25 - be.view.auth - INFO - 收到登录请求: {'user_id': 'buyer_6_46abceaa-bda4-11ef-87d8-02a6845b4b32', 'password': 'buyer_seller_6_46abceaa-bda4-11ef-87d8-02a6845b4b32', 'terminal': 'my terminal'}
2024-12-19 09:01:25 - be.model.user - INFO - 尝试登录用户：buyer_6_46abceaa-bda4-11ef-87d8-02a6845b4b32，终端：my terminal
2024-12-19 09:01:25 - be.model.user - INFO - 为用户 buyer_6_46abceaa-bda4-11ef-87d8-02a6845b4b32 生成新token，终端：my terminal
2024-12-19 09:01:25 - be.model.user - INFO - 用户登录成功：buyer_6_46abceaa-bda4-11ef-87d8-02a6845b4b32
2024-12-19 09:01:25 - be.view.auth - INFO - 登录处理结果: 200
2024-12-19 09:01:25 - werkzeug - INFO - 127.0.0.1 - - [19/Dec/2024 09:01:25] "POST /auth/login HTTP/1.1" 200 -
2024-12-19 09:01:25 - be.view.auth - INFO - 收到登录请求: {'user_id': 'buyer_1_46abceaa-bda4-11ef-87d8-02a6845b4b32', 'password': 'buyer_seller_1_46abceaa-bda4-11ef-87d8-02a6845b4b32', 'terminal': 'my terminal'}
2024-12-19 09:01:25 - be.model.user - INFO - 尝试登录用户：buyer_1_46abceaa-bda4-11ef-87d8-02a6845b4b32，终端：my terminal
2024-12-19 09:01:25 - be.model.user - INFO - 为用户 buyer_1_46abceaa-bda4-11ef-87d8-02a6845b4b32 生成新token，终端：my terminal
2024-12-19 09:01:25 - be.model.user - INFO - 用户登录成功：buyer_1_46abceaa-bda4-11ef-87d8-02a6845b4b32
2024-12-19 09:01:25 - be.view.auth - INFO - 登录处理结果: 200
2024-12-19 09:01:25 - werkzeug - INFO - 127.0.0.1 - - [19/Dec/2024 09:01:25] "POST /auth/login HTTP/1.1" 200 -
2024-12-19 09:01:25 - be.view.auth - INFO - 收到登录请求: {'user_id': 'buyer_10_46abceaa-bda4-11ef-87d8-02a6845b4b32', 'password': 'buyer_seller_10_46abceaa-bda4-11ef-87d8-02a6845b4b32', 'terminal': 'my terminal'}
2024-12-19 09:01:25 - be.model.user - INFO - 尝试登录用户：buyer_10_46abceaa-bda4-11ef-87d8-02a6845b4b32，终端：my terminal
2024-12-19 09:01:25 - be.model.user - INFO - 为用户 buyer_10_46abceaa-bda4-11ef-87d8-02a6845b4b32 生成新token，终端：my terminal
2024-12-19 09:01:25 - be.model.user - INFO - 用户登录成功：buyer_10_46abceaa-bda4-11ef-87d8-02a6845b4b32
2024-12-19 09:01:25 - be.view.auth - INFO - 登录处理结果: 200
2024-12-19 09:01:25 - werkzeug - INFO - 127.0.0.1 - - [19/Dec/2024 09:01:25] "POST /auth/login HTTP/1.1" 200 -
2024-12-19 09:01:25 - be.view.auth - INFO - 收到登录请求: {'user_id': 'buyer_10_46abceaa-bda4-11ef-87d8-02a6845b4b32', 'password': 'buyer_seller_10_46abceaa-bda4-11ef-87d8-02a6845b4b32', 'terminal': 'my terminal'}
2024-12-19 09:01:25 - be.model.user - INFO - 尝试登录用户：buyer_10_46abceaa-bda4-11ef-87d8-02a6845b4b32，终端：my terminal
2024-12-19 09:01:26 - be.model.user - INFO - 为用户 buyer_10_46abceaa-bda4-11ef-87d8-02a6845b4b32 生成新token，终端：my terminal
2024-12-19 09:01:26 - be.model.user - INFO - 用户登录成功：buyer_10_46abceaa-bda4-11ef-87d8-02a6845b4b32
2024-12-19 09:01:26 - be.view.auth - INFO - 登录处理结果: 200
2024-12-19 09:01:26 - werkzeug - INFO - 127.0.0.1 - - [19/Dec/2024 09:01:26] "POST /auth/login HTTP/1.1" 200 -
2024-12-19 09:01:26 - be.view.auth - INFO - 收到登录请求: {'user_id': 'buyer_7_46abceaa-bda4-11ef-87d8-02a6845b4b32', 'password': 'buyer_seller_7_46abceaa-bda4-11ef-87d8-02a6845b4b32', 'terminal': 'my terminal'}
2024-12-19 09:01:26 - be.model.user - INFO - 尝试登录用户：buyer_7_46abceaa-bda4-11ef-87d8-02a6845b4b32，终端：my terminal
2024-12-19 09:01:26 - be.model.user - INFO - 为用户 buyer_7_46abceaa-bda4-11ef-87d8-02a6845b4b32 生成新token，终端：my terminal
2024-12-19 09:01:26 - be.model.user - INFO - 用户登录成功：buyer_7_46abceaa-bda4-11ef-87d8-02a6845b4b32
2024-12-19 09:01:26 - be.view.auth - INFO - 登录处理结果: 200
2024-12-19 09:01:26 - werkzeug - INFO - 127.0.0.1 - - [19/Dec/2024 09:01:26] "POST /auth/login HTTP/1.1" 200 -
2024-12-19 09:01:26 - be.view.auth - INFO - 收到登录请求: {'user_id': 'buyer_8_46abceaa-bda4-11ef-87d8-02a6845b4b32', 'password': 'buyer_seller_8_46abceaa-bda4-11ef-87d8-02a6845b4b32', 'terminal': 'my terminal'}
2024-12-19 09:01:26 - be.model.user - INFO - 尝试登录用户：buyer_8_46abceaa-bda4-11ef-87d8-02a6845b4b32，终端：my terminal
2024-12-19 09:01:26 - be.model.user - INFO - 为用户 buyer_8_46abceaa-bda4-11ef-87d8-02a6845b4b32 生成新token，终端：my terminal
2024-12-19 09:01:26 - be.model.user - INFO - 用户登录成功：buyer_8_46abceaa-bda4-11ef-87d8-02a6845b4b32
2024-12-19 09:01:26 - be.view.auth - INFO - 登录处理结果: 200
2024-12-19 09:01:26 - werkzeug - INFO - 127.0.0.1 - - [19/Dec/2024 09:01:26] "POST /auth/login HTTP/1.1" 200 -
2024-12-19 09:01:26 - be.view.auth - INFO - 收到登录请求: {'user_id': 'buyer_6_46abceaa-bda4-11ef-87d8-02a6845b4b32', 'password': 'buyer_seller_6_46abceaa-bda4-11ef-87d8-02a6845b4b32', 'terminal': 'my terminal'}
2024-12-19 09:01:26 - be.model.user - INFO - 尝试登录用户：buyer_6_46abceaa-bda4-11ef-87d8-02a6845b4b32，终端：my terminal
2024-12-19 09:01:26 - be.model.user - INFO - 为用户 buyer_6_46abceaa-bda4-11ef-87d8-02a6845b4b32 生成新token，终端：my terminal
2024-12-19 09:01:26 - be.model.user - INFO - 用户登录成功：buyer_6_46abceaa-bda4-11ef-87d8-02a6845b4b32
2024-12-19 09:01:26 - be.view.auth - INFO - 登录处理结果: 200
2024-12-19 09:01:26 - werkzeug - INFO - 127.0.0.1 - - [19/Dec/2024 09:01:26] "POST /auth/login HTTP/1.1" 200 -
2024-12-19 09:01:26 - be.view.auth - INFO - 收到登录请求: {'user_id': 'buyer_1_46abceaa-bda4-11ef-87d8-02a6845b4b32', 'password': 'buyer_seller_1_46abceaa-bda4-11ef-87d8-02a6845b4b32', 'terminal': 'my terminal'}
2024-12-19 09:01:26 - be.model.user - INFO - 尝试登录用户：buyer_1_46abceaa-bda4-11ef-87d8-02a6845b4b32，终端：my terminal
2024-12-19 09:01:27 - be.model.user - INFO - 为用户 buyer_1_46abceaa-bda4-11ef-87d8-02a6845b4b32 生成新token，终端：my terminal
2024-12-19 09:01:27 - be.model.user - INFO - 用户登录成功：buyer_1_46abceaa-bda4-11ef-87d8-02a6845b4b32
2024-12-19 09:01:27 - be.view.auth - INFO - 登录处理结果: 200
2024-12-19 09:01:27 - werkzeug - INFO - 127.0.0.1 - - [19/Dec/2024 09:01:27] "POST /auth/login HTTP/1.1" 200 -
2024-12-19 09:01:27 - be.view.auth - INFO - 收到登录请求: {'user_id': 'buyer_5_46abceaa-bda4-11ef-87d8-02a6845b4b32', 'password': 'buyer_seller_5_46abceaa-bda4-11ef-87d8-02a6845b4b32', 'terminal': 'my terminal'}
2024-12-19 09:01:27 - be.model.user - INFO - 尝试登录用户：buyer_5_46abceaa-bda4-11ef-87d8-02a6845b4b32，终端：my terminal
2024-12-19 09:01:27 - be.model.user - INFO - 为用户 buyer_5_46abceaa-bda4-11ef-87d8-02a6845b4b32 生成新token，终端：my terminal
2024-12-19 09:01:27 - be.model.user - INFO - 用户登录成功：buyer_5_46abceaa-bda4-11ef-87d8-02a6845b4b32
2024-12-19 09:01:27 - be.view.auth - INFO - 登录处理结果: 200
2024-12-19 09:01:27 - werkzeug - INFO - 127.0.0.1 - - [19/Dec/2024 09:01:27] "POST /auth/login HTTP/1.1" 200 -
2024-12-19 09:01:27 - be.view.auth - INFO - 收到登录请求: {'user_id': 'buyer_2_46abceaa-bda4-11ef-87d8-02a6845b4b32', 'password': 'buyer_seller_2_46abceaa-bda4-11ef-87d8-02a6845b4b32', 'terminal': 'my terminal'}
2024-12-19 09:01:27 - be.model.user - INFO - 尝试登录用户：buyer_2_46abceaa-bda4-11ef-87d8-02a6845b4b32，终端：my terminal
2024-12-19 09:01:27 - be.model.user - INFO - 为用户 buyer_2_46abceaa-bda4-11ef-87d8-02a6845b4b32 生成新token，终端：my terminal
2024-12-19 09:01:27 - be.model.user - INFO - 用户登录成功：buyer_2_46abceaa-bda4-11ef-87d8-02a6845b4b32
2024-12-19 09:01:27 - be.view.auth - INFO - 登录处理结果: 200
2024-12-19 09:01:27 - werkzeug - INFO - 127.0.0.1 - - [19/Dec/2024 09:01:27] "POST /auth/login HTTP/1.1" 200 -
2024-12-19 09:01:27 - be.view.auth - INFO - 收到登录请求: {'user_id': 'buyer_7_46abceaa-bda4-11ef-87d8-02a6845b4b32', 'password': 'buyer_seller_7_46abceaa-bda4-11ef-87d8-02a6845b4b32', 'terminal': 'my terminal'}
2024-12-19 09:01:27 - be.model.user - INFO - 尝试登录用户：buyer_7_46abceaa-bda4-11ef-87d8-02a6845b4b32，终端：my terminal
2024-12-19 09:01:27 - be.model.user - INFO - 为用户 buyer_7_46abceaa-bda4-11ef-87d8-02a6845b4b32 生成新token，终端：my terminal
2024-12-19 09:01:27 - be.model.user - INFO - 用户登录成功：buyer_7_46abceaa-bda4-11ef-87d8-02a6845b4b32
2024-12-19 09:01:27 - be.view.auth - INFO - 登录处理结果: 200
2024-12-19 09:01:27 - werkzeug - INFO - 127.0.0.1 - - [19/Dec/2024 09:01:27] "POST /auth/login HTTP/1.1" 200 -
2024-12-19 09:01:27 - be.view.auth - INFO - 收到登录请求: {'user_id': 'buyer_4_46abceaa-bda4-11ef-87d8-02a6845b4b32', 'password': 'buyer_seller_4_46abceaa-bda4-11ef-87d8-02a6845b4b32', 'terminal': 'my terminal'}
2024-12-19 09:01:27 - be.model.user - INFO - 尝试登录用户：buyer_4_46abceaa-bda4-11ef-87d8-02a6845b4b32，终端：my terminal
2024-12-19 09:01:27 - be.model.user - INFO - 为用户 buyer_4_46abceaa-bda4-11ef-87d8-02a6845b4b32 生成新token，终端：my terminal
2024-12-19 09:01:27 - be.model.user - INFO - 用户登录成功：buyer_4_46abceaa-bda4-11ef-87d8-02a6845b4b32
2024-12-19 09:01:28 - be.view.auth - INFO - 登录处理结果: 200
2024-12-19 09:01:28 - werkzeug - INFO - 127.0.0.1 - - [19/Dec/2024 09:01:28] "POST /auth/login HTTP/1.1" 200 -
2024-12-19 09:01:28 - be.view.auth - INFO - 收到登录请求: {'user_id': 'buyer_4_46abceaa-bda4-11ef-87d8-02a6845b4b32', 'password': 'buyer_seller_4_46abceaa-bda4-11ef-87d8-02a6845b4b32', 'terminal': 'my terminal'}
2024-12-19 09:01:28 - be.model.user - INFO - 尝试登录用户：buyer_4_46abceaa-bda4-11ef-87d8-02a6845b4b32，终端：my terminal
2024-12-19 09:01:28 - be.model.user - INFO - 为用户 buyer_4_46abceaa-bda4-11ef-87d8-02a6845b4b32 生成新token，终端：my terminal
2024-12-19 09:01:28 - be.model.user - INFO - 用户登录成功：buyer_4_46abceaa-bda4-11ef-87d8-02a6845b4b32
2024-12-19 09:01:28 - be.view.auth - INFO - 登录处理结果: 200
2024-12-19 09:01:28 - werkzeug - INFO - 127.0.0.1 - - [19/Dec/2024 09:01:28] "POST /auth/login HTTP/1.1" 200 -
2024-12-19 09:01:28 - be.view.auth - INFO - 收到登录请求: {'user_id': 'buyer_3_46abceaa-bda4-11ef-87d8-02a6845b4b32', 'password': 'buyer_seller_3_46abceaa-bda4-11ef-87d8-02a6845b4b32', 'terminal': 'my terminal'}
2024-12-19 09:01:28 - be.model.user - INFO - 尝试登录用户：buyer_3_46abceaa-bda4-11ef-87d8-02a6845b4b32，终端：my terminal
2024-12-19 09:01:28 - be.model.user - INFO - 为用户 buyer_3_46abceaa-bda4-11ef-87d8-02a6845b4b32 生成新token，终端：my terminal
2024-12-19 09:01:28 - be.model.user - INFO - 用户登录成功：buyer_3_46abceaa-bda4-11ef-87d8-02a6845b4b32
2024-12-19 09:01:28 - be.view.auth - INFO - 登录处理结果: 200
2024-12-19 09:01:28 - werkzeug - INFO - 127.0.0.1 - - [19/Dec/2024 09:01:28] "POST /auth/login HTTP/1.1" 200 -
2024-12-19 09:01:28 - be.view.auth - INFO - 收到登录请求: {'user_id': 'buyer_9_46abceaa-bda4-11ef-87d8-02a6845b4b32', 'password': 'buyer_seller_9_46abceaa-bda4-11ef-87d8-02a6845b4b32', 'terminal': 'my terminal'}
2024-12-19 09:01:28 - be.model.user - INFO - 尝试登录用户：buyer_9_46abceaa-bda4-11ef-87d8-02a6845b4b32，终端：my terminal
2024-12-19 09:01:28 - be.model.user - INFO - 为用户 buyer_9_46abceaa-bda4-11ef-87d8-02a6845b4b32 生成新token，终端：my terminal
2024-12-19 09:01:28 - be.model.user - INFO - 用户登录成功：buyer_9_46abceaa-bda4-11ef-87d8-02a6845b4b32
2024-12-19 09:01:28 - be.view.auth - INFO - 登录处理结果: 200
2024-12-19 09:01:28 - werkzeug - INFO - 127.0.0.1 - - [19/Dec/2024 09:01:28] "POST /auth/login HTTP/1.1" 200 -
2024-12-19 09:01:28 - be.view.auth - INFO - 收到登录请求: {'user_id': 'buyer_7_46abceaa-bda4-11ef-87d8-02a6845b4b32', 'password': 'buyer_seller_7_46abceaa-bda4-11ef-87d8-02a6845b4b32', 'terminal': 'my terminal'}
2024-12-19 09:01:28 - be.model.user - INFO - 尝试登录用户：buyer_7_46abceaa-bda4-11ef-87d8-02a6845b4b32，终端：my terminal
2024-12-19 09:01:28 - be.model.user - INFO - 为用户 buyer_7_46abceaa-bda4-11ef-87d8-02a6845b4b32 生成新token，终端：my terminal
2024-12-19 09:01:28 - be.model.user - INFO - 用户登录成功：buyer_7_46abceaa-bda4-11ef-87d8-02a6845b4b32
2024-12-19 09:01:29 - be.view.auth - INFO - 登录处理结果: 200
2024-12-19 09:01:29 - werkzeug - INFO - 127.0.0.1 - - [19/Dec/2024 09:01:29] "POST /auth/login HTTP/1.1" 200 -
2024-12-19 09:01:29 - be.view.auth - INFO - 收到登录请求: {'user_id': 'buyer_1_46abceaa-bda4-11ef-87d8-02a6845b4b32', 'password': 'buyer_seller_1_46abceaa-bda4-11ef-87d8-02a6845b4b32', 'terminal': 'my terminal'}
2024-12-19 09:01:29 - be.model.user - INFO - 尝试登录用户：buyer_1_46abceaa-bda4-11ef-87d8-02a6845b4b32，终端：my terminal
2024-12-19 09:01:29 - be.model.user - INFO - 为用户 buyer_1_46abceaa-bda4-11ef-87d8-02a6845b4b32 生成新token，终端：my terminal
2024-12-19 09:01:29 - be.model.user - INFO - 用户登录成功：buyer_1_46abceaa-bda4-11ef-87d8-02a6845b4b32
2024-12-19 09:01:29 - be.view.auth - INFO - 登录处理结果: 200
2024-12-19 09:01:29 - werkzeug - INFO - 127.0.0.1 - - [19/Dec/2024 09:01:29] "POST /auth/login HTTP/1.1" 200 -
2024-12-19 09:01:29 - be.view.auth - INFO - 收到登录请求: {'user_id': 'buyer_3_46abceaa-bda4-11ef-87d8-02a6845b4b32', 'password': 'buyer_seller_3_46abceaa-bda4-11ef-87d8-02a6845b4b32', 'terminal': 'my terminal'}
2024-12-19 09:01:29 - be.model.user - INFO - 尝试登录用户：buyer_3_46abceaa-bda4-11ef-87d8-02a6845b4b32，终端：my terminal
2024-12-19 09:01:29 - be.model.user - INFO - 为用户 buyer_3_46abceaa-bda4-11ef-87d8-02a6845b4b32 生成新token，终端：my terminal
2024-12-19 09:01:29 - be.model.user - INFO - 用户登录成功：buyer_3_46abceaa-bda4-11ef-87d8-02a6845b4b32
2024-12-19 09:01:29 - be.view.auth - INFO - 登录处理结果: 200
2024-12-19 09:01:29 - werkzeug - INFO - 127.0.0.1 - - [19/Dec/2024 09:01:29] "POST /auth/login HTTP/1.1" 200 -
2024-12-19 09:01:29 - be.view.auth - INFO - 收到登录请求: {'user_id': 'buyer_4_46abceaa-bda4-11ef-87d8-02a6845b4b32', 'password': 'buyer_seller_4_46abceaa-bda4-11ef-87d8-02a6845b4b32', 'terminal': 'my terminal'}
2024-12-19 09:01:29 - be.model.user - INFO - 尝试登录用户：buyer_4_46abceaa-bda4-11ef-87d8-02a6845b4b32，终端：my terminal
2024-12-19 09:01:29 - be.model.user - INFO - 为用户 buyer_4_46abceaa-bda4-11ef-87d8-02a6845b4b32 生成新token，终端：my terminal
2024-12-19 09:01:29 - be.model.user - INFO - 用户登录成功：buyer_4_46abceaa-bda4-11ef-87d8-02a6845b4b32
2024-12-19 09:01:29 - be.view.auth - INFO - 登录处理结果: 200
2024-12-19 09:01:29 - werkzeug - INFO - 127.0.0.1 - - [19/Dec/2024 09:01:29] "POST /auth/login HTTP/1.1" 200 -
2024-12-19 09:01:29 - be.view.auth - INFO - 收到登录请求: {'user_id': 'buyer_1_46abceaa-bda4-11ef-87d8-02a6845b4b32', 'password': 'buyer_seller_1_46abceaa-bda4-11ef-87d8-02a6845b4b32', 'terminal': 'my terminal'}
2024-12-19 09:01:29 - be.model.user - INFO - 尝试登录用户：buyer_1_46abceaa-bda4-11ef-87d8-02a6845b4b32，终端：my terminal
2024-12-19 09:01:29 - be.model.user - INFO - 为用户 buyer_1_46abceaa-bda4-11ef-87d8-02a6845b4b32 生成新token，终端：my terminal
2024-12-19 09:01:29 - be.model.user - INFO - 用户登录成功：buyer_1_46abceaa-bda4-11ef-87d8-02a6845b4b32
2024-12-19 09:01:29 - be.view.auth - INFO - 登录处理结果: 200
2024-12-19 09:01:29 - werkzeug - INFO - 127.0.0.1 - - [19/Dec/2024 09:01:29] "POST /auth/login HTTP/1.1" 200 -
2024-12-19 09:01:29 - be.view.auth - INFO - 收到登录请求: {'user_id': 'buyer_8_46abceaa-bda4-11ef-87d8-02a6845b4b32', 'password': 'buyer_seller_8_46abceaa-bda4-11ef-87d8-02a6845b4b32', 'terminal': 'my terminal'}
2024-12-19 09:01:29 - be.model.user - INFO - 尝试登录用户：buyer_8_46abceaa-bda4-11ef-87d8-02a6845b4b32，终端：my terminal
2024-12-19 09:01:30 - be.model.user - INFO - 为用户 buyer_8_46abceaa-bda4-11ef-87d8-02a6845b4b32 生成新token，终端：my terminal
2024-12-19 09:01:30 - be.model.user - INFO - 用户登录成功：buyer_8_46abceaa-bda4-11ef-87d8-02a6845b4b32
2024-12-19 09:01:30 - be.view.auth - INFO - 登录处理结果: 200
2024-12-19 09:01:30 - werkzeug - INFO - 127.0.0.1 - - [19/Dec/2024 09:01:30] "POST /auth/login HTTP/1.1" 200 -
2024-12-19 09:01:30 - be.view.auth - INFO - 收到登录请求: {'user_id': 'buyer_9_46abceaa-bda4-11ef-87d8-02a6845b4b32', 'password': 'buyer_seller_9_46abceaa-bda4-11ef-87d8-02a6845b4b32', 'terminal': 'my terminal'}
2024-12-19 09:01:30 - be.model.user - INFO - 尝试登录用户：buyer_9_46abceaa-bda4-11ef-87d8-02a6845b4b32，终端：my terminal
2024-12-19 09:01:30 - be.model.user - INFO - 为用户 buyer_9_46abceaa-bda4-11ef-87d8-02a6845b4b32 生成新token，终端：my terminal
2024-12-19 09:01:30 - be.model.user - INFO - 用户登录成功：buyer_9_46abceaa-bda4-11ef-87d8-02a6845b4b32
2024-12-19 09:01:30 - be.view.auth - INFO - 登录处理结果: 200
2024-12-19 09:01:30 - werkzeug - INFO - 127.0.0.1 - - [19/Dec/2024 09:01:30] "POST /auth/login HTTP/1.1" 200 -
2024-12-19 09:01:30 - be.view.auth - INFO - 收到登录请求: {'user_id': 'buyer_2_46abceaa-bda4-11ef-87d8-02a6845b4b32', 'password': 'buyer_seller_2_46abceaa-bda4-11ef-87d8-02a6845b4b32', 'terminal': 'my terminal'}
2024-12-19 09:01:30 - be.model.user - INFO - 尝试登录用户：buyer_2_46abceaa-bda4-11ef-87d8-02a6845b4b32，终端：my terminal
2024-12-19 09:01:30 - be.model.user - INFO - 为用户 buyer_2_46abceaa-bda4-11ef-87d8-02a6845b4b32 生成新token，终端：my terminal
2024-12-19 09:01:30 - be.model.user - INFO - 用户登录成功：buyer_2_46abceaa-bda4-11ef-87d8-02a6845b4b32
2024-12-19 09:01:30 - be.view.auth - INFO - 登录处理结果: 200
2024-12-19 09:01:30 - werkzeug - INFO - 127.0.0.1 - - [19/Dec/2024 09:01:30] "POST /auth/login HTTP/1.1" 200 -
2024-12-19 09:01:30 - be.view.auth - INFO - 收到登录请求: {'user_id': 'buyer_10_46abceaa-bda4-11ef-87d8-02a6845b4b32', 'password': 'buyer_seller_10_46abceaa-bda4-11ef-87d8-02a6845b4b32', 'terminal': 'my terminal'}
2024-12-19 09:01:30 - be.model.user - INFO - 尝试登录用户：buyer_10_46abceaa-bda4-11ef-87d8-02a6845b4b32，终端：my terminal
2024-12-19 09:01:30 - be.model.user - INFO - 为用户 buyer_10_46abceaa-bda4-11ef-87d8-02a6845b4b32 生成新token，终端：my terminal
2024-12-19 09:01:30 - be.model.user - INFO - 用户登录成功：buyer_10_46abceaa-bda4-11ef-87d8-02a6845b4b32
2024-12-19 09:01:30 - be.view.auth - INFO - 登录处理结果: 200
2024-12-19 09:01:30 - werkzeug - INFO - 127.0.0.1 - - [19/Dec/2024 09:01:30] "POST /auth/login HTTP/1.1" 200 -
2024-12-19 09:01:30 - be.view.auth - INFO - 收到登录请求: {'user_id': 'buyer_5_46abceaa-bda4-11ef-87d8-02a6845b4b32', 'password': 'buyer_seller_5_46abceaa-bda4-11ef-87d8-02a6845b4b32', 'terminal': 'my terminal'}
2024-12-19 09:01:30 - be.model.user - INFO - 尝试登录用户：buyer_5_46abceaa-bda4-11ef-87d8-02a6845b4b32，终端：my terminal
2024-12-19 09:01:31 - be.model.user - INFO - 为用户 buyer_5_46abceaa-bda4-11ef-87d8-02a6845b4b32 生成新token，终端：my terminal
2024-12-19 09:01:31 - be.model.user - INFO - 用户登录成功：buyer_5_46abceaa-bda4-11ef-87d8-02a6845b4b32
2024-12-19 09:01:31 - be.view.auth - INFO - 登录处理结果: 200
2024-12-19 09:01:31 - werkzeug - INFO - 127.0.0.1 - - [19/Dec/2024 09:01:31] "POST /auth/login HTTP/1.1" 200 -
2024-12-19 09:01:31 - be.view.auth - INFO - 收到登录请求: {'user_id': 'buyer_6_46abceaa-bda4-11ef-87d8-02a6845b4b32', 'password': 'buyer_seller_6_46abceaa-bda4-11ef-87d8-02a6845b4b32', 'terminal': 'my terminal'}
2024-12-19 09:01:31 - be.model.user - INFO - 尝试登录用户：buyer_6_46abceaa-bda4-11ef-87d8-02a6845b4b32，终端：my terminal
2024-12-19 09:01:31 - be.model.user - INFO - 为用户 buyer_6_46abceaa-bda4-11ef-87d8-02a6845b4b32 生成新token，终端：my terminal
2024-12-19 09:01:31 - be.model.user - INFO - 用户登录成功：buyer_6_46abceaa-bda4-11ef-87d8-02a6845b4b32
2024-12-19 09:01:31 - be.view.auth - INFO - 登录处理结果: 200
2024-12-19 09:01:31 - werkzeug - INFO - 127.0.0.1 - - [19/Dec/2024 09:01:31] "POST /auth/login HTTP/1.1" 200 -
2024-12-19 09:01:31 - be.view.auth - INFO - 收到登录请求: {'user_id': 'buyer_5_46abceaa-bda4-11ef-87d8-02a6845b4b32', 'password': 'buyer_seller_5_46abceaa-bda4-11ef-87d8-02a6845b4b32', 'terminal': 'my terminal'}
2024-12-19 09:01:31 - be.model.user - INFO - 尝试登录用户：buyer_5_46abceaa-bda4-11ef-87d8-02a6845b4b32，终端：my terminal
2024-12-19 09:01:31 - be.model.user - INFO - 为用户 buyer_5_46abceaa-bda4-11ef-87d8-02a6845b4b32 生成新token，终端：my terminal
2024-12-19 09:01:31 - be.model.user - INFO - 用户登录成功：buyer_5_46abceaa-bda4-11ef-87d8-02a6845b4b32
2024-12-19 09:01:31 - be.view.auth - INFO - 登录处理结果: 200
2024-12-19 09:01:31 - werkzeug - INFO - 127.0.0.1 - - [19/Dec/2024 09:01:31] "POST /auth/login HTTP/1.1" 200 -
2024-12-19 09:01:31 - be.view.auth - INFO - 收到登录请求: {'user_id': 'buyer_10_46abceaa-bda4-11ef-87d8-02a6845b4b32', 'password': 'buyer_seller_10_46abceaa-bda4-11ef-87d8-02a6845b4b32', 'terminal': 'my terminal'}
2024-12-19 09:01:31 - be.model.user - INFO - 尝试登录用户：buyer_10_46abceaa-bda4-11ef-87d8-02a6845b4b32，终端：my terminal
2024-12-19 09:01:31 - be.model.user - INFO - 为用户 buyer_10_46abceaa-bda4-11ef-87d8-02a6845b4b32 生成新token，终端：my terminal
2024-12-19 09:01:31 - be.model.user - INFO - 用户登录成功：buyer_10_46abceaa-bda4-11ef-87d8-02a6845b4b32
2024-12-19 09:01:31 - be.view.auth - INFO - 登录处理结果: 200
2024-12-19 09:01:31 - werkzeug - INFO - 127.0.0.1 - - [19/Dec/2024 09:01:31] "POST /auth/login HTTP/1.1" 200 -
2024-12-19 09:01:31 - be.view.auth - INFO - 收到登录请求: {'user_id': 'buyer_2_46abceaa-bda4-11ef-87d8-02a6845b4b32', 'password': 'buyer_seller_2_46abceaa-bda4-11ef-87d8-02a6845b4b32', 'terminal': 'my terminal'}
2024-12-19 09:01:31 - be.model.user - INFO - 尝试登录用户：buyer_2_46abceaa-bda4-11ef-87d8-02a6845b4b32，终端：my terminal
2024-12-19 09:01:32 - be.model.user - INFO - 为用户 buyer_2_46abceaa-bda4-11ef-87d8-02a6845b4b32 生成新token，终端：my terminal
2024-12-19 09:01:32 - be.model.user - INFO - 用户登录成功：buyer_2_46abceaa-bda4-11ef-87d8-02a6845b4b32
2024-12-19 09:01:32 - be.view.auth - INFO - 登录处理结果: 200
2024-12-19 09:01:32 - werkzeug - INFO - 127.0.0.1 - - [19/Dec/2024 09:01:32] "POST /auth/login HTTP/1.1" 200 -
2024-12-19 09:01:32 - be.view.auth - INFO - 收到登录请求: {'user_id': 'buyer_9_46abceaa-bda4-11ef-87d8-02a6845b4b32', 'password': 'buyer_seller_9_46abceaa-bda4-11ef-87d8-02a6845b4b32', 'terminal': 'my terminal'}
2024-12-19 09:01:32 - be.model.user - INFO - 尝试登录用户：buyer_9_46abceaa-bda4-11ef-87d8-02a6845b4b32，终端：my terminal
2024-12-19 09:01:32 - be.model.user - INFO - 为用户 buyer_9_46abceaa-bda4-11ef-87d8-02a6845b4b32 生成新token，终端：my terminal
2024-12-19 09:01:32 - be.model.user - INFO - 用户登录成功：buyer_9_46abceaa-bda4-11ef-87d8-02a6845b4b32
2024-12-19 09:01:32 - be.view.auth - INFO - 登录处理结果: 200
2024-12-19 09:01:32 - werkzeug - INFO - 127.0.0.1 - - [19/Dec/2024 09:01:32] "POST /auth/login HTTP/1.1" 200 -
2024-12-19 09:01:32 - be.view.auth - INFO - 收到登录请求: {'user_id': 'buyer_1_46abceaa-bda4-11ef-87d8-02a6845b4b32', 'password': 'buyer_seller_1_46abceaa-bda4-11ef-87d8-02a6845b4b32', 'terminal': 'my terminal'}
2024-12-19 09:01:32 - be.model.user - INFO - 尝试登录用户：buyer_1_46abceaa-bda4-11ef-87d8-02a6845b4b32，终端：my terminal
2024-12-19 09:01:32 - be.model.user - INFO - 为用户 buyer_1_46abceaa-bda4-11ef-87d8-02a6845b4b32 生成新token，终端：my terminal
2024-12-19 09:01:32 - be.model.user - INFO - 用户登录成功：buyer_1_46abceaa-bda4-11ef-87d8-02a6845b4b32
2024-12-19 09:01:32 - be.view.auth - INFO - 登录处理结果: 200
2024-12-19 09:01:32 - werkzeug - INFO - 127.0.0.1 - - [19/Dec/2024 09:01:32] "POST /auth/login HTTP/1.1" 200 -
2024-12-19 09:01:32 - be.view.auth - INFO - 收到登录请求: {'user_id': 'buyer_8_46abceaa-bda4-11ef-87d8-02a6845b4b32', 'password': 'buyer_seller_8_46abceaa-bda4-11ef-87d8-02a6845b4b32', 'terminal': 'my terminal'}
2024-12-19 09:01:32 - be.model.user - INFO - 尝试登录用户：buyer_8_46abceaa-bda4-11ef-87d8-02a6845b4b32，终端：my terminal
2024-12-19 09:01:32 - be.model.user - INFO - 为用户 buyer_8_46abceaa-bda4-11ef-87d8-02a6845b4b32 生成新token，终端：my terminal
2024-12-19 09:01:32 - be.model.user - INFO - 用户登录成功：buyer_8_46abceaa-bda4-11ef-87d8-02a6845b4b32
2024-12-19 09:01:32 - be.view.auth - INFO - 登录处理结果: 200
2024-12-19 09:01:32 - werkzeug - INFO - 127.0.0.1 - - [19/Dec/2024 09:01:32] "POST /auth/login HTTP/1.1" 200 -
2024-12-19 09:01:32 - be.view.auth - INFO - 收到登录请求: {'user_id': 'buyer_4_46abceaa-bda4-11ef-87d8-02a6845b4b32', 'password': 'buyer_seller_4_46abceaa-bda4-11ef-87d8-02a6845b4b32', 'terminal': 'my terminal'}
2024-12-19 09:01:32 - be.model.user - INFO - 尝试登录用户：buyer_4_46abceaa-bda4-11ef-87d8-02a6845b4b32，终端：my terminal
2024-12-19 09:01:32 - be.model.user - INFO - 为用户 buyer_4_46abceaa-bda4-11ef-87d8-02a6845b4b32 生成新token，终端：my terminal
2024-12-19 09:01:32 - be.model.user - INFO - 用户登录成功：buyer_4_46abceaa-bda4-11ef-87d8-02a6845b4b32
2024-12-19 09:01:33 - be.view.auth - INFO - 登录处理结果: 200
2024-12-19 09:01:33 - werkzeug - INFO - 127.0.0.1 - - [19/Dec/2024 09:01:33] "POST /auth/login HTTP/1.1" 200 -
2024-12-19 09:01:33 - be.view.auth - INFO - 收到登录请求: {'user_id': 'buyer_9_46abceaa-bda4-11ef-87d8-02a6845b4b32', 'password': 'buyer_seller_9_46abceaa-bda4-11ef-87d8-02a6845b4b32', 'terminal': 'my terminal'}
2024-12-19 09:01:33 - be.model.user - INFO - 尝试登录用户：buyer_9_46abceaa-bda4-11ef-87d8-02a6845b4b32，终端：my terminal
2024-12-19 09:01:33 - be.model.user - INFO - 为用户 buyer_9_46abceaa-bda4-11ef-87d8-02a6845b4b32 生成新token，终端：my terminal
2024-12-19 09:01:33 - be.model.user - INFO - 用户登录成功：buyer_9_46abceaa-bda4-11ef-87d8-02a6845b4b32
2024-12-19 09:01:33 - be.view.auth - INFO - 登录处理结果: 200
2024-12-19 09:01:33 - werkzeug - INFO - 127.0.0.1 - - [19/Dec/2024 09:01:33] "POST /auth/login HTTP/1.1" 200 -
2024-12-19 09:01:33 - be.view.auth - INFO - 收到登录请求: {'user_id': 'buyer_9_46abceaa-bda4-11ef-87d8-02a6845b4b32', 'password': 'buyer_seller_9_46abceaa-bda4-11ef-87d8-02a6845b4b32', 'terminal': 'my terminal'}
2024-12-19 09:01:33 - be.model.user - INFO - 尝试登录用户：buyer_9_46abceaa-bda4-11ef-87d8-02a6845b4b32，终端：my terminal
2024-12-19 09:01:33 - be.model.user - INFO - 为用户 buyer_9_46abceaa-bda4-11ef-87d8-02a6845b4b32 生成新token，终端：my terminal
2024-12-19 09:01:33 - be.model.user - INFO - 用户登录成功：buyer_9_46abceaa-bda4-11ef-87d8-02a6845b4b32
2024-12-19 09:01:33 - be.view.auth - INFO - 登录处理结果: 200
2024-12-19 09:01:33 - werkzeug - INFO - 127.0.0.1 - - [19/Dec/2024 09:01:33] "POST /auth/login HTTP/1.1" 200 -
2024-12-19 09:01:33 - be.view.auth - INFO - 收到登录请求: {'user_id': 'buyer_9_46abceaa-bda4-11ef-87d8-02a6845b4b32', 'password': 'buyer_seller_9_46abceaa-bda4-11ef-87d8-02a6845b4b32', 'terminal': 'my terminal'}
2024-12-19 09:01:33 - be.model.user - INFO - 尝试登录用户：buyer_9_46abceaa-bda4-11ef-87d8-02a6845b4b32，终端：my terminal
2024-12-19 09:01:33 - be.model.user - INFO - 为用户 buyer_9_46abceaa-bda4-11ef-87d8-02a6845b4b32 生成新token，终端：my terminal
2024-12-19 09:01:33 - be.model.user - INFO - 用户登录成功：buyer_9_46abceaa-bda4-11ef-87d8-02a6845b4b32
2024-12-19 09:01:33 - be.view.auth - INFO - 登录处理结果: 200
2024-12-19 09:01:33 - werkzeug - INFO - 127.0.0.1 - - [19/Dec/2024 09:01:33] "POST /auth/login HTTP/1.1" 200 -
2024-12-19 09:01:33 - be.view.auth - INFO - 收到登录请求: {'user_id': 'buyer_5_46abceaa-bda4-11ef-87d8-02a6845b4b32', 'password': 'buyer_seller_5_46abceaa-bda4-11ef-87d8-02a6845b4b32', 'terminal': 'my terminal'}
2024-12-19 09:01:33 - be.model.user - INFO - 尝试登录用户：buyer_5_46abceaa-bda4-11ef-87d8-02a6845b4b32，终端：my terminal
2024-12-19 09:01:33 - be.model.user - INFO - 为用户 buyer_5_46abceaa-bda4-11ef-87d8-02a6845b4b32 生成新token，终端：my terminal
2024-12-19 09:01:33 - be.model.user - INFO - 用户登录成功：buyer_5_46abceaa-bda4-11ef-87d8-02a6845b4b32
2024-12-19 09:01:34 - be.view.auth - INFO - 登录处理结果: 200
2024-12-19 09:01:34 - werkzeug - INFO - 127.0.0.1 - - [19/Dec/2024 09:01:34] "POST /auth/login HTTP/1.1" 200 -
2024-12-19 09:01:34 - be.view.auth - INFO - 收到登录请求: {'user_id': 'buyer_2_46abceaa-bda4-11ef-87d8-02a6845b4b32', 'password': 'buyer_seller_2_46abceaa-bda4-11ef-87d8-02a6845b4b32', 'terminal': 'my terminal'}
2024-12-19 09:01:34 - be.model.user - INFO - 尝试登录用户：buyer_2_46abceaa-bda4-11ef-87d8-02a6845b4b32，终端：my terminal
2024-12-19 09:01:34 - be.model.user - INFO - 为用户 buyer_2_46abceaa-bda4-11ef-87d8-02a6845b4b32 生成新token，终端：my terminal
2024-12-19 09:01:34 - be.model.user - INFO - 用户登录成功：buyer_2_46abceaa-bda4-11ef-87d8-02a6845b4b32
2024-12-19 09:01:34 - be.view.auth - INFO - 登录处理结果: 200
2024-12-19 09:01:34 - werkzeug - INFO - 127.0.0.1 - - [19/Dec/2024 09:01:34] "POST /auth/login HTTP/1.1" 200 -
2024-12-19 09:01:34 - be.view.auth - INFO - 收到登录请求: {'user_id': 'buyer_2_46abceaa-bda4-11ef-87d8-02a6845b4b32', 'password': 'buyer_seller_2_46abceaa-bda4-11ef-87d8-02a6845b4b32', 'terminal': 'my terminal'}
2024-12-19 09:01:34 - be.model.user - INFO - 尝试登录用户：buyer_2_46abceaa-bda4-11ef-87d8-02a6845b4b32，终端：my terminal
2024-12-19 09:01:34 - be.model.user - INFO - 为用户 buyer_2_46abceaa-bda4-11ef-87d8-02a6845b4b32 生成新token，终端：my terminal
2024-12-19 09:01:34 - be.model.user - INFO - 用户登录成功：buyer_2_46abceaa-bda4-11ef-87d8-02a6845b4b32
2024-12-19 09:01:34 - be.view.auth - INFO - 登录处理结果: 200
2024-12-19 09:01:34 - werkzeug - INFO - 127.0.0.1 - - [19/Dec/2024 09:01:34] "POST /auth/login HTTP/1.1" 200 -
2024-12-19 09:01:34 - be.view.auth - INFO - 收到登录请求: {'user_id': 'buyer_2_46abceaa-bda4-11ef-87d8-02a6845b4b32', 'password': 'buyer_seller_2_46abceaa-bda4-11ef-87d8-02a6845b4b32', 'terminal': 'my terminal'}
2024-12-19 09:01:34 - be.model.user - INFO - 尝试登录用户：buyer_2_46abceaa-bda4-11ef-87d8-02a6845b4b32，终端：my terminal
2024-12-19 09:01:34 - be.model.user - INFO - 为用户 buyer_2_46abceaa-bda4-11ef-87d8-02a6845b4b32 生成新token，终端：my terminal
2024-12-19 09:01:34 - be.model.user - INFO - 用户登录成功：buyer_2_46abceaa-bda4-11ef-87d8-02a6845b4b32
2024-12-19 09:01:34 - be.view.auth - INFO - 登录处理结果: 200
2024-12-19 09:01:34 - werkzeug - INFO - 127.0.0.1 - - [19/Dec/2024 09:01:34] "POST /auth/login HTTP/1.1" 200 -
2024-12-19 09:01:34 - be.view.auth - INFO - 收到登录请求: {'user_id': 'buyer_1_46abceaa-bda4-11ef-87d8-02a6845b4b32', 'password': 'buyer_seller_1_46abceaa-bda4-11ef-87d8-02a6845b4b32', 'terminal': 'my terminal'}
2024-12-19 09:01:34 - be.model.user - INFO - 尝试登录用户：buyer_1_46abceaa-bda4-11ef-87d8-02a6845b4b32，终端：my terminal
2024-12-19 09:01:34 - be.model.user - INFO - 为用户 buyer_1_46abceaa-bda4-11ef-87d8-02a6845b4b32 生成新token，终端：my terminal
2024-12-19 09:01:34 - be.model.user - INFO - 用户登录成功：buyer_1_46abceaa-bda4-11ef-87d8-02a6845b4b32
2024-12-19 09:01:34 - be.view.auth - INFO - 登录处理结果: 200
2024-12-19 09:01:34 - werkzeug - INFO - 127.0.0.1 - - [19/Dec/2024 09:01:34] "POST /auth/login HTTP/1.1" 200 -
2024-12-19 09:01:34 - be.view.auth - INFO - 收到登录请求: {'user_id': 'buyer_9_46abceaa-bda4-11ef-87d8-02a6845b4b32', 'password': 'buyer_seller_9_46abceaa-bda4-11ef-87d8-02a6845b4b32', 'terminal': 'my terminal'}
2024-12-19 09:01:34 - be.model.user - INFO - 尝试登录用户：buyer_9_46abceaa-bda4-11ef-87d8-02a6845b4b32，终端：my terminal
2024-12-19 09:01:35 - be.model.user - INFO - 为用户 buyer_9_46abceaa-bda4-11ef-87d8-02a6845b4b32 生成新token，终端：my terminal
2024-12-19 09:01:35 - be.model.user - INFO - 用户登录成功：buyer_9_46abceaa-bda4-11ef-87d8-02a6845b4b32
2024-12-19 09:01:35 - be.view.auth - INFO - 登录处理结果: 200
2024-12-19 09:01:35 - werkzeug - INFO - 127.0.0.1 - - [19/Dec/2024 09:01:35] "POST /auth/login HTTP/1.1" 200 -
2024-12-19 09:01:35 - be.view.auth - INFO - 收到登录请求: {'user_id': 'buyer_4_46abceaa-bda4-11ef-87d8-02a6845b4b32', 'password': 'buyer_seller_4_46abceaa-bda4-11ef-87d8-02a6845b4b32', 'terminal': 'my terminal'}
2024-12-19 09:01:35 - be.model.user - INFO - 尝试登录用户：buyer_4_46abceaa-bda4-11ef-87d8-02a6845b4b32，终端：my terminal
2024-12-19 09:01:35 - be.model.user - INFO - 为用户 buyer_4_46abceaa-bda4-11ef-87d8-02a6845b4b32 生成新token，终端：my terminal
2024-12-19 09:01:35 - be.model.user - INFO - 用户登录成功：buyer_4_46abceaa-bda4-11ef-87d8-02a6845b4b32
2024-12-19 09:01:35 - be.view.auth - INFO - 登录处理结果: 200
2024-12-19 09:01:35 - werkzeug - INFO - 127.0.0.1 - - [19/Dec/2024 09:01:35] "POST /auth/login HTTP/1.1" 200 -
2024-12-19 09:01:35 - be.view.auth - INFO - 收到登录请求: {'user_id': 'buyer_3_46abceaa-bda4-11ef-87d8-02a6845b4b32', 'password': 'buyer_seller_3_46abceaa-bda4-11ef-87d8-02a6845b4b32', 'terminal': 'my terminal'}
2024-12-19 09:01:35 - be.model.user - INFO - 尝试登录用户：buyer_3_46abceaa-bda4-11ef-87d8-02a6845b4b32，终端：my terminal
2024-12-19 09:01:35 - be.model.user - INFO - 为用户 buyer_3_46abceaa-bda4-11ef-87d8-02a6845b4b32 生成新token，终端：my terminal
2024-12-19 09:01:35 - be.model.user - INFO - 用户登录成功：buyer_3_46abceaa-bda4-11ef-87d8-02a6845b4b32
2024-12-19 09:01:35 - be.view.auth - INFO - 登录处理结果: 200
2024-12-19 09:01:35 - werkzeug - INFO - 127.0.0.1 - - [19/Dec/2024 09:01:35] "POST /auth/login HTTP/1.1" 200 -
2024-12-19 09:01:35 - be.view.auth - INFO - 收到登录请求: {'user_id': 'buyer_5_46abceaa-bda4-11ef-87d8-02a6845b4b32', 'password': 'buyer_seller_5_46abceaa-bda4-11ef-87d8-02a6845b4b32', 'terminal': 'my terminal'}
2024-12-19 09:01:35 - be.model.user - INFO - 尝试登录用户：buyer_5_46abceaa-bda4-11ef-87d8-02a6845b4b32，终端：my terminal
2024-12-19 09:01:35 - be.model.user - INFO - 为用户 buyer_5_46abceaa-bda4-11ef-87d8-02a6845b4b32 生成新token，终端：my terminal
2024-12-19 09:01:35 - be.model.user - INFO - 用户登录成功：buyer_5_46abceaa-bda4-11ef-87d8-02a6845b4b32
2024-12-19 09:01:35 - be.view.auth - INFO - 登录处理结果: 200
2024-12-19 09:01:35 - werkzeug - INFO - 127.0.0.1 - - [19/Dec/2024 09:01:35] "POST /auth/login HTTP/1.1" 200 -
2024-12-19 09:01:35 - be.view.auth - INFO - 收到登录请求: {'user_id': 'buyer_2_46abceaa-bda4-11ef-87d8-02a6845b4b32', 'password': 'buyer_seller_2_46abceaa-bda4-11ef-87d8-02a6845b4b32', 'terminal': 'my terminal'}
2024-12-19 09:01:35 - be.model.user - INFO - 尝试登录用户：buyer_2_46abceaa-bda4-11ef-87d8-02a6845b4b32，终端：my terminal
2024-12-19 09:01:35 - be.model.user - INFO - 为用户 buyer_2_46abceaa-bda4-11ef-87d8-02a6845b4b32 生成新token，终端：my terminal
2024-12-19 09:01:35 - be.model.user - INFO - 用户登录成功：buyer_2_46abceaa-bda4-11ef-87d8-02a6845b4b32
2024-12-19 09:01:36 - be.view.auth - INFO - 登录处理结果: 200
2024-12-19 09:01:36 - werkzeug - INFO - 127.0.0.1 - - [19/Dec/2024 09:01:36] "POST /auth/login HTTP/1.1" 200 -
2024-12-19 09:01:36 - be.view.auth - INFO - 收到登录请求: {'user_id': 'buyer_7_46abceaa-bda4-11ef-87d8-02a6845b4b32', 'password': 'buyer_seller_7_46abceaa-bda4-11ef-87d8-02a6845b4b32', 'terminal': 'my terminal'}
2024-12-19 09:01:36 - be.model.user - INFO - 尝试登录用户：buyer_7_46abceaa-bda4-11ef-87d8-02a6845b4b32，终端：my terminal
2024-12-19 09:01:36 - be.model.user - INFO - 为用户 buyer_7_46abceaa-bda4-11ef-87d8-02a6845b4b32 生成新token，终端：my terminal
2024-12-19 09:01:36 - be.model.user - INFO - 用户登录成功：buyer_7_46abceaa-bda4-11ef-87d8-02a6845b4b32
2024-12-19 09:01:36 - be.view.auth - INFO - 登录处理结果: 200
2024-12-19 09:01:36 - werkzeug - INFO - 127.0.0.1 - - [19/Dec/2024 09:01:36] "POST /auth/login HTTP/1.1" 200 -
2024-12-19 09:01:36 - be.view.auth - INFO - 收到登录请求: {'user_id': 'buyer_2_46abceaa-bda4-11ef-87d8-02a6845b4b32', 'password': 'buyer_seller_2_46abceaa-bda4-11ef-87d8-02a6845b4b32', 'terminal': 'my terminal'}
2024-12-19 09:01:36 - be.model.user - INFO - 尝试登录用户：buyer_2_46abceaa-bda4-11ef-87d8-02a6845b4b32，终端：my terminal
2024-12-19 09:01:36 - be.model.user - INFO - 为用户 buyer_2_46abceaa-bda4-11ef-87d8-02a6845b4b32 生成新token，终端：my terminal
2024-12-19 09:01:36 - be.model.user - INFO - 用户登录成功：buyer_2_46abceaa-bda4-11ef-87d8-02a6845b4b32
2024-12-19 09:01:36 - be.view.auth - INFO - 登录处理结果: 200
2024-12-19 09:01:36 - werkzeug - INFO - 127.0.0.1 - - [19/Dec/2024 09:01:36] "POST /auth/login HTTP/1.1" 200 -
2024-12-19 09:01:36 - be.view.auth - INFO - 收到登录请求: {'user_id': 'buyer_9_46abceaa-bda4-11ef-87d8-02a6845b4b32', 'password': 'buyer_seller_9_46abceaa-bda4-11ef-87d8-02a6845b4b32', 'terminal': 'my terminal'}
2024-12-19 09:01:36 - be.model.user - INFO - 尝试登录用户：buyer_9_46abceaa-bda4-11ef-87d8-02a6845b4b32，终端：my terminal
2024-12-19 09:01:36 - be.model.user - INFO - 为用户 buyer_9_46abceaa-bda4-11ef-87d8-02a6845b4b32 生成新token，终端：my terminal
2024-12-19 09:01:36 - be.model.user - INFO - 用户登录成功：buyer_9_46abceaa-bda4-11ef-87d8-02a6845b4b32
2024-12-19 09:01:36 - be.view.auth - INFO - 登录处理结果: 200
2024-12-19 09:01:36 - werkzeug - INFO - 127.0.0.1 - - [19/Dec/2024 09:01:36] "POST /auth/login HTTP/1.1" 200 -
2024-12-19 09:01:36 - be.view.auth - INFO - 收到登录请求: {'user_id': 'buyer_2_46abceaa-bda4-11ef-87d8-02a6845b4b32', 'password': 'buyer_seller_2_46abceaa-bda4-11ef-87d8-02a6845b4b32', 'terminal': 'my terminal'}
2024-12-19 09:01:36 - be.model.user - INFO - 尝试登录用户：buyer_2_46abceaa-bda4-11ef-87d8-02a6845b4b32，终端：my terminal
2024-12-19 09:01:36 - be.model.user - INFO - 为用户 buyer_2_46abceaa-bda4-11ef-87d8-02a6845b4b32 生成新token，终端：my terminal
2024-12-19 09:01:36 - be.model.user - INFO - 用户登录成功：buyer_2_46abceaa-bda4-11ef-87d8-02a6845b4b32
2024-12-19 09:01:37 - be.view.auth - INFO - 登录处理结果: 200
2024-12-19 09:01:37 - werkzeug - INFO - 127.0.0.1 - - [19/Dec/2024 09:01:37] "POST /auth/login HTTP/1.1" 200 -
2024-12-19 09:01:37 - be.view.auth - INFO - 收到登录请求: {'user_id': 'buyer_9_46abceaa-bda4-11ef-87d8-02a6845b4b32', 'password': 'buyer_seller_9_46abceaa-bda4-11ef-87d8-02a6845b4b32', 'terminal': 'my terminal'}
2024-12-19 09:01:37 - be.model.user - INFO - 尝试登录用户：buyer_9_46abceaa-bda4-11ef-87d8-02a6845b4b32，终端：my terminal
2024-12-19 09:01:37 - be.model.user - INFO - 为用户 buyer_9_46abceaa-bda4-11ef-87d8-02a6845b4b32 生成新token，终端：my terminal
2024-12-19 09:01:37 - be.model.user - INFO - 用户登录成功：buyer_9_46abceaa-bda4-11ef-87d8-02a6845b4b32
2024-12-19 09:01:37 - be.view.auth - INFO - 登录处理结果: 200
2024-12-19 09:01:37 - werkzeug - INFO - 127.0.0.1 - - [19/Dec/2024 09:01:37] "POST /auth/login HTTP/1.1" 200 -
2024-12-19 09:01:37 - be.view.auth - INFO - 收到登录请求: {'user_id': 'buyer_3_46abceaa-bda4-11ef-87d8-02a6845b4b32', 'password': 'buyer_seller_3_46abceaa-bda4-11ef-87d8-02a6845b4b32', 'terminal': 'my terminal'}
2024-12-19 09:01:37 - be.model.user - INFO - 尝试登录用户：buyer_3_46abceaa-bda4-11ef-87d8-02a6845b4b32，终端：my terminal
2024-12-19 09:01:37 - be.model.user - INFO - 为用户 buyer_3_46abceaa-bda4-11ef-87d8-02a6845b4b32 生成新token，终端：my terminal
2024-12-19 09:01:37 - be.model.user - INFO - 用户登录成功：buyer_3_46abceaa-bda4-11ef-87d8-02a6845b4b32
2024-12-19 09:01:37 - be.view.auth - INFO - 登录处理结果: 200
2024-12-19 09:01:37 - werkzeug - INFO - 127.0.0.1 - - [19/Dec/2024 09:01:37] "POST /auth/login HTTP/1.1" 200 -
2024-12-19 09:01:37 - be.view.auth - INFO - 收到登录请求: {'user_id': 'buyer_10_46abceaa-bda4-11ef-87d8-02a6845b4b32', 'password': 'buyer_seller_10_46abceaa-bda4-11ef-87d8-02a6845b4b32', 'terminal': 'my terminal'}
2024-12-19 09:01:37 - be.model.user - INFO - 尝试登录用户：buyer_10_46abceaa-bda4-11ef-87d8-02a6845b4b32，终端：my terminal
2024-12-19 09:01:37 - be.model.user - INFO - 为用户 buyer_10_46abceaa-bda4-11ef-87d8-02a6845b4b32 生成新token，终端：my terminal
2024-12-19 09:01:37 - be.model.user - INFO - 用户登录成功：buyer_10_46abceaa-bda4-11ef-87d8-02a6845b4b32
2024-12-19 09:01:37 - be.view.auth - INFO - 登录处理结果: 200
2024-12-19 09:01:37 - werkzeug - INFO - 127.0.0.1 - - [19/Dec/2024 09:01:37] "POST /auth/login HTTP/1.1" 200 -
2024-12-19 09:01:37 - be.view.auth - INFO - 收到登录请求: {'user_id': 'buyer_6_46abceaa-bda4-11ef-87d8-02a6845b4b32', 'password': 'buyer_seller_6_46abceaa-bda4-11ef-87d8-02a6845b4b32', 'terminal': 'my terminal'}
2024-12-19 09:01:37 - be.model.user - INFO - 尝试登录用户：buyer_6_46abceaa-bda4-11ef-87d8-02a6845b4b32，终端：my terminal
2024-12-19 09:01:37 - be.model.user - INFO - 为用户 buyer_6_46abceaa-bda4-11ef-87d8-02a6845b4b32 生成新token，终端：my terminal
2024-12-19 09:01:37 - be.model.user - INFO - 用户登录成功：buyer_6_46abceaa-bda4-11ef-87d8-02a6845b4b32
2024-12-19 09:01:38 - be.view.auth - INFO - 登录处理结果: 200
2024-12-19 09:01:38 - werkzeug - INFO - 127.0.0.1 - - [19/Dec/2024 09:01:38] "POST /auth/login HTTP/1.1" 200 -
2024-12-19 09:01:38 - be.view.auth - INFO - 收到登录请求: {'user_id': 'buyer_2_46abceaa-bda4-11ef-87d8-02a6845b4b32', 'password': 'buyer_seller_2_46abceaa-bda4-11ef-87d8-02a6845b4b32', 'terminal': 'my terminal'}
2024-12-19 09:01:38 - be.model.user - INFO - 尝试登录用户：buyer_2_46abceaa-bda4-11ef-87d8-02a6845b4b32，终端：my terminal
2024-12-19 09:01:38 - be.model.user - INFO - 为用户 buyer_2_46abceaa-bda4-11ef-87d8-02a6845b4b32 生成新token，终端：my terminal
2024-12-19 09:01:38 - be.model.user - INFO - 用户登录成功：buyer_2_46abceaa-bda4-11ef-87d8-02a6845b4b32
2024-12-19 09:01:38 - be.view.auth - INFO - 登录处理结果: 200
2024-12-19 09:01:38 - werkzeug - INFO - 127.0.0.1 - - [19/Dec/2024 09:01:38] "POST /auth/login HTTP/1.1" 200 -
2024-12-19 09:01:38 - be.view.auth - INFO - 收到登录请求: {'user_id': 'buyer_4_46abceaa-bda4-11ef-87d8-02a6845b4b32', 'password': 'buyer_seller_4_46abceaa-bda4-11ef-87d8-02a6845b4b32', 'terminal': 'my terminal'}
2024-12-19 09:01:38 - be.model.user - INFO - 尝试登录用户：buyer_4_46abceaa-bda4-11ef-87d8-02a6845b4b32，终端：my terminal
2024-12-19 09:01:38 - be.model.user - INFO - 为用户 buyer_4_46abceaa-bda4-11ef-87d8-02a6845b4b32 生成新token，终端：my terminal
2024-12-19 09:01:38 - be.model.user - INFO - 用户登录成功：buyer_4_46abceaa-bda4-11ef-87d8-02a6845b4b32
2024-12-19 09:01:38 - be.view.auth - INFO - 登录处理结果: 200
2024-12-19 09:01:38 - werkzeug - INFO - 127.0.0.1 - - [19/Dec/2024 09:01:38] "POST /auth/login HTTP/1.1" 200 -
2024-12-19 09:01:38 - be.view.auth - INFO - 收到登录请求: {'user_id': 'buyer_7_46abceaa-bda4-11ef-87d8-02a6845b4b32', 'password': 'buyer_seller_7_46abceaa-bda4-11ef-87d8-02a6845b4b32', 'terminal': 'my terminal'}
2024-12-19 09:01:38 - be.model.user - INFO - 尝试登录用户：buyer_7_46abceaa-bda4-11ef-87d8-02a6845b4b32，终端：my terminal
2024-12-19 09:01:38 - be.model.user - INFO - 为用户 buyer_7_46abceaa-bda4-11ef-87d8-02a6845b4b32 生成新token，终端：my terminal
2024-12-19 09:01:38 - be.model.user - INFO - 用户登录成功：buyer_7_46abceaa-bda4-11ef-87d8-02a6845b4b32
2024-12-19 09:01:38 - be.view.auth - INFO - 登录处理结果: 200
2024-12-19 09:01:38 - werkzeug - INFO - 127.0.0.1 - - [19/Dec/2024 09:01:38] "POST /auth/login HTTP/1.1" 200 -
2024-12-19 09:01:38 - be.view.auth - INFO - 收到登录请求: {'user_id': 'buyer_6_46abceaa-bda4-11ef-87d8-02a6845b4b32', 'password': 'buyer_seller_6_46abceaa-bda4-11ef-87d8-02a6845b4b32', 'terminal': 'my terminal'}
2024-12-19 09:01:38 - be.model.user - INFO - 尝试登录用户：buyer_6_46abceaa-bda4-11ef-87d8-02a6845b4b32，终端：my terminal
2024-12-19 09:01:38 - be.model.user - INFO - 为用户 buyer_6_46abceaa-bda4-11ef-87d8-02a6845b4b32 生成新token，终端：my terminal
2024-12-19 09:01:38 - be.model.user - INFO - 用户登录成功：buyer_6_46abceaa-bda4-11ef-87d8-02a6845b4b32
2024-12-19 09:01:39 - be.view.auth - INFO - 登录处理结果: 200
2024-12-19 09:01:39 - werkzeug - INFO - 127.0.0.1 - - [19/Dec/2024 09:01:39] "POST /auth/login HTTP/1.1" 200 -
2024-12-19 09:01:39 - be.view.auth - INFO - 收到登录请求: {'user_id': 'buyer_3_46abceaa-bda4-11ef-87d8-02a6845b4b32', 'password': 'buyer_seller_3_46abceaa-bda4-11ef-87d8-02a6845b4b32', 'terminal': 'my terminal'}
2024-12-19 09:01:39 - be.model.user - INFO - 尝试登录用户：buyer_3_46abceaa-bda4-11ef-87d8-02a6845b4b32，终端：my terminal
2024-12-19 09:01:39 - be.model.user - INFO - 为用户 buyer_3_46abceaa-bda4-11ef-87d8-02a6845b4b32 生成新token，终端：my terminal
2024-12-19 09:01:39 - be.model.user - INFO - 用户登录成功：buyer_3_46abceaa-bda4-11ef-87d8-02a6845b4b32
2024-12-19 09:01:39 - be.view.auth - INFO - 登录处理结果: 200
2024-12-19 09:01:39 - werkzeug - INFO - 127.0.0.1 - - [19/Dec/2024 09:01:39] "POST /auth/login HTTP/1.1" 200 -
2024-12-19 09:01:39 - be.view.auth - INFO - 收到登录请求: {'user_id': 'buyer_6_46abceaa-bda4-11ef-87d8-02a6845b4b32', 'password': 'buyer_seller_6_46abceaa-bda4-11ef-87d8-02a6845b4b32', 'terminal': 'my terminal'}
2024-12-19 09:01:39 - be.model.user - INFO - 尝试登录用户：buyer_6_46abceaa-bda4-11ef-87d8-02a6845b4b32，终端：my terminal
2024-12-19 09:01:39 - be.model.user - INFO - 为用户 buyer_6_46abceaa-bda4-11ef-87d8-02a6845b4b32 生成新token，终端：my terminal
2024-12-19 09:01:39 - be.model.user - INFO - 用户登录成功：buyer_6_46abceaa-bda4-11ef-87d8-02a6845b4b32
2024-12-19 09:01:39 - be.view.auth - INFO - 登录处理结果: 200
2024-12-19 09:01:39 - werkzeug - INFO - 127.0.0.1 - - [19/Dec/2024 09:01:39] "POST /auth/login HTTP/1.1" 200 -
2024-12-19 09:01:39 - be.view.auth - INFO - 收到登录请求: {'user_id': 'buyer_3_46abceaa-bda4-11ef-87d8-02a6845b4b32', 'password': 'buyer_seller_3_46abceaa-bda4-11ef-87d8-02a6845b4b32', 'terminal': 'my terminal'}
2024-12-19 09:01:39 - be.model.user - INFO - 尝试登录用户：buyer_3_46abceaa-bda4-11ef-87d8-02a6845b4b32，终端：my terminal
2024-12-19 09:01:39 - be.model.user - INFO - 为用户 buyer_3_46abceaa-bda4-11ef-87d8-02a6845b4b32 生成新token，终端：my terminal
2024-12-19 09:01:39 - be.model.user - INFO - 用户登录成功：buyer_3_46abceaa-bda4-11ef-87d8-02a6845b4b32
2024-12-19 09:01:39 - be.view.auth - INFO - 登录处理结果: 200
2024-12-19 09:01:39 - werkzeug - INFO - 127.0.0.1 - - [19/Dec/2024 09:01:39] "POST /auth/login HTTP/1.1" 200 -
2024-12-19 09:01:39 - be.view.auth - INFO - 收到登录请求: {'user_id': 'buyer_4_46abceaa-bda4-11ef-87d8-02a6845b4b32', 'password': 'buyer_seller_4_46abceaa-bda4-11ef-87d8-02a6845b4b32', 'terminal': 'my terminal'}
2024-12-19 09:01:39 - be.model.user - INFO - 尝试登录用户：buyer_4_46abceaa-bda4-11ef-87d8-02a6845b4b32，终端：my terminal
2024-12-19 09:01:39 - be.model.user - INFO - 为用户 buyer_4_46abceaa-bda4-11ef-87d8-02a6845b4b32 生成新token，终端：my terminal
2024-12-19 09:01:39 - be.model.user - INFO - 用户登录成功：buyer_4_46abceaa-bda4-11ef-87d8-02a6845b4b32
2024-12-19 09:01:40 - be.view.auth - INFO - 登录处理结果: 200
2024-12-19 09:01:40 - werkzeug - INFO - 127.0.0.1 - - [19/Dec/2024 09:01:40] "POST /auth/login HTTP/1.1" 200 -
2024-12-19 09:01:40 - be.view.auth - INFO - 收到登录请求: {'user_id': 'buyer_6_46abceaa-bda4-11ef-87d8-02a6845b4b32', 'password': 'buyer_seller_6_46abceaa-bda4-11ef-87d8-02a6845b4b32', 'terminal': 'my terminal'}
2024-12-19 09:01:40 - be.model.user - INFO - 尝试登录用户：buyer_6_46abceaa-bda4-11ef-87d8-02a6845b4b32，终端：my terminal
2024-12-19 09:01:40 - be.model.user - INFO - 为用户 buyer_6_46abceaa-bda4-11ef-87d8-02a6845b4b32 生成新token，终端：my terminal
2024-12-19 09:01:40 - be.model.user - INFO - 用户登录成功：buyer_6_46abceaa-bda4-11ef-87d8-02a6845b4b32
2024-12-19 09:01:40 - be.view.auth - INFO - 登录处理结果: 200
2024-12-19 09:01:40 - werkzeug - INFO - 127.0.0.1 - - [19/Dec/2024 09:01:40] "POST /auth/login HTTP/1.1" 200 -
2024-12-19 09:01:40 - be.view.auth - INFO - 收到登录请求: {'user_id': 'buyer_2_46abceaa-bda4-11ef-87d8-02a6845b4b32', 'password': 'buyer_seller_2_46abceaa-bda4-11ef-87d8-02a6845b4b32', 'terminal': 'my terminal'}
2024-12-19 09:01:40 - be.model.user - INFO - 尝试登录用户：buyer_2_46abceaa-bda4-11ef-87d8-02a6845b4b32，终端：my terminal
2024-12-19 09:01:40 - be.model.user - INFO - 为用户 buyer_2_46abceaa-bda4-11ef-87d8-02a6845b4b32 生成新token，终端：my terminal
2024-12-19 09:01:40 - be.model.user - INFO - 用户登录成功：buyer_2_46abceaa-bda4-11ef-87d8-02a6845b4b32
2024-12-19 09:01:40 - be.view.auth - INFO - 登录处理结果: 200
2024-12-19 09:01:40 - werkzeug - INFO - 127.0.0.1 - - [19/Dec/2024 09:01:40] "POST /auth/login HTTP/1.1" 200 -
2024-12-19 09:01:40 - be.view.auth - INFO - 收到登录请求: {'user_id': 'buyer_8_46abceaa-bda4-11ef-87d8-02a6845b4b32', 'password': 'buyer_seller_8_46abceaa-bda4-11ef-87d8-02a6845b4b32', 'terminal': 'my terminal'}
2024-12-19 09:01:40 - be.model.user - INFO - 尝试登录用户：buyer_8_46abceaa-bda4-11ef-87d8-02a6845b4b32，终端：my terminal
2024-12-19 09:01:40 - be.model.user - INFO - 为用户 buyer_8_46abceaa-bda4-11ef-87d8-02a6845b4b32 生成新token，终端：my terminal
2024-12-19 09:01:40 - be.model.user - INFO - 用户登录成功：buyer_8_46abceaa-bda4-11ef-87d8-02a6845b4b32
2024-12-19 09:01:40 - be.view.auth - INFO - 登录处理结果: 200
2024-12-19 09:01:40 - werkzeug - INFO - 127.0.0.1 - - [19/Dec/2024 09:01:40] "POST /auth/login HTTP/1.1" 200 -
2024-12-19 09:01:40 - be.view.auth - INFO - 收到登录请求: {'user_id': 'buyer_6_46abceaa-bda4-11ef-87d8-02a6845b4b32', 'password': 'buyer_seller_6_46abceaa-bda4-11ef-87d8-02a6845b4b32', 'terminal': 'my terminal'}
2024-12-19 09:01:40 - be.model.user - INFO - 尝试登录用户：buyer_6_46abceaa-bda4-11ef-87d8-02a6845b4b32，终端：my terminal
2024-12-19 09:01:40 - be.model.user - INFO - 为用户 buyer_6_46abceaa-bda4-11ef-87d8-02a6845b4b32 生成新token，终端：my terminal
2024-12-19 09:01:40 - be.model.user - INFO - 用户登录成功：buyer_6_46abceaa-bda4-11ef-87d8-02a6845b4b32
2024-12-19 09:01:41 - be.view.auth - INFO - 登录处理结果: 200
2024-12-19 09:01:41 - werkzeug - INFO - 127.0.0.1 - - [19/Dec/2024 09:01:41] "POST /auth/login HTTP/1.1" 200 -
2024-12-19 09:01:41 - be.view.auth - INFO - 收到登录请求: {'user_id': 'buyer_8_46abceaa-bda4-11ef-87d8-02a6845b4b32', 'password': 'buyer_seller_8_46abceaa-bda4-11ef-87d8-02a6845b4b32', 'terminal': 'my terminal'}
2024-12-19 09:01:41 - be.model.user - INFO - 尝试登录用户：buyer_8_46abceaa-bda4-11ef-87d8-02a6845b4b32，终端：my terminal
2024-12-19 09:01:41 - be.model.user - INFO - 为用户 buyer_8_46abceaa-bda4-11ef-87d8-02a6845b4b32 生成新token，终端：my terminal
2024-12-19 09:01:41 - be.model.user - INFO - 用户登录成功：buyer_8_46abceaa-bda4-11ef-87d8-02a6845b4b32
2024-12-19 09:01:41 - be.view.auth - INFO - 登录处理结果: 200
2024-12-19 09:01:41 - werkzeug - INFO - 127.0.0.1 - - [19/Dec/2024 09:01:41] "POST /auth/login HTTP/1.1" 200 -
2024-12-19 09:01:41 - be.view.auth - INFO - 收到登录请求: {'user_id': 'buyer_2_46abceaa-bda4-11ef-87d8-02a6845b4b32', 'password': 'buyer_seller_2_46abceaa-bda4-11ef-87d8-02a6845b4b32', 'terminal': 'my terminal'}
2024-12-19 09:01:41 - be.model.user - INFO - 尝试登录用户：buyer_2_46abceaa-bda4-11ef-87d8-02a6845b4b32，终端：my terminal
2024-12-19 09:01:41 - be.model.user - INFO - 为用户 buyer_2_46abceaa-bda4-11ef-87d8-02a6845b4b32 生成新token，终端：my terminal
2024-12-19 09:01:41 - be.model.user - INFO - 用户登录成功：buyer_2_46abceaa-bda4-11ef-87d8-02a6845b4b32
2024-12-19 09:01:41 - be.view.auth - INFO - 登录处理结果: 200
2024-12-19 09:01:41 - werkzeug - INFO - 127.0.0.1 - - [19/Dec/2024 09:01:41] "POST /auth/login HTTP/1.1" 200 -
2024-12-19 09:01:41 - be.view.auth - INFO - 收到登录请求: {'user_id': 'buyer_6_46abceaa-bda4-11ef-87d8-02a6845b4b32', 'password': 'buyer_seller_6_46abceaa-bda4-11ef-87d8-02a6845b4b32', 'terminal': 'my terminal'}
2024-12-19 09:01:41 - be.model.user - INFO - 尝试登录用户：buyer_6_46abceaa-bda4-11ef-87d8-02a6845b4b32，终端：my terminal
2024-12-19 09:01:41 - be.model.user - INFO - 为用户 buyer_6_46abceaa-bda4-11ef-87d8-02a6845b4b32 生成新token，终端：my terminal
2024-12-19 09:01:41 - be.model.user - INFO - 用户登录成功：buyer_6_46abceaa-bda4-11ef-87d8-02a6845b4b32
2024-12-19 09:01:41 - be.view.auth - INFO - 登录处理结果: 200
2024-12-19 09:01:41 - werkzeug - INFO - 127.0.0.1 - - [19/Dec/2024 09:01:41] "POST /auth/login HTTP/1.1" 200 -
2024-12-19 09:01:41 - be.view.auth - INFO - 收到登录请求: {'user_id': 'buyer_1_46abceaa-bda4-11ef-87d8-02a6845b4b32', 'password': 'buyer_seller_1_46abceaa-bda4-11ef-87d8-02a6845b4b32', 'terminal': 'my terminal'}
2024-12-19 09:01:41 - be.model.user - INFO - 尝试登录用户：buyer_1_46abceaa-bda4-11ef-87d8-02a6845b4b32，终端：my terminal
2024-12-19 09:01:41 - be.model.user - INFO - 为用户 buyer_1_46abceaa-bda4-11ef-87d8-02a6845b4b32 生成新token，终端：my terminal
2024-12-19 09:01:41 - be.model.user - INFO - 用户登录成功：buyer_1_46abceaa-bda4-11ef-87d8-02a6845b4b32
2024-12-19 09:01:41 - be.view.auth - INFO - 登录处理结果: 200
2024-12-19 09:01:41 - werkzeug - INFO - 127.0.0.1 - - [19/Dec/2024 09:01:41] "POST /auth/login HTTP/1.1" 200 -
2024-12-19 09:01:41 - be.view.auth - INFO - 收到登录请求: {'user_id': 'buyer_7_46abceaa-bda4-11ef-87d8-02a6845b4b32', 'password': 'buyer_seller_7_46abceaa-bda4-11ef-87d8-02a6845b4b32', 'terminal': 'my terminal'}
2024-12-19 09:01:41 - be.model.user - INFO - 尝试登录用户：buyer_7_46abceaa-bda4-11ef-87d8-02a6845b4b32，终端：my terminal
2024-12-19 09:01:42 - be.model.user - INFO - 为用户 buyer_7_46abceaa-bda4-11ef-87d8-02a6845b4b32 生成新token，终端：my terminal
2024-12-19 09:01:42 - be.model.user - INFO - 用户登录成功：buyer_7_46abceaa-bda4-11ef-87d8-02a6845b4b32
2024-12-19 09:01:42 - be.view.auth - INFO - 登录处理结果: 200
2024-12-19 09:01:42 - werkzeug - INFO - 127.0.0.1 - - [19/Dec/2024 09:01:42] "POST /auth/login HTTP/1.1" 200 -
2024-12-19 09:01:42 - be.view.auth - INFO - 收到登录请求: {'user_id': 'buyer_1_46abceaa-bda4-11ef-87d8-02a6845b4b32', 'password': 'buyer_seller_1_46abceaa-bda4-11ef-87d8-02a6845b4b32', 'terminal': 'my terminal'}
2024-12-19 09:01:42 - be.model.user - INFO - 尝试登录用户：buyer_1_46abceaa-bda4-11ef-87d8-02a6845b4b32，终端：my terminal
2024-12-19 09:01:42 - be.model.user - INFO - 为用户 buyer_1_46abceaa-bda4-11ef-87d8-02a6845b4b32 生成新token，终端：my terminal
2024-12-19 09:01:42 - be.model.user - INFO - 用户登录成功：buyer_1_46abceaa-bda4-11ef-87d8-02a6845b4b32
2024-12-19 09:01:42 - be.view.auth - INFO - 登录处理结果: 200
2024-12-19 09:01:42 - werkzeug - INFO - 127.0.0.1 - - [19/Dec/2024 09:01:42] "POST /auth/login HTTP/1.1" 200 -
2024-12-19 09:01:42 - be.view.auth - INFO - 收到登录请求: {'user_id': 'buyer_5_46abceaa-bda4-11ef-87d8-02a6845b4b32', 'password': 'buyer_seller_5_46abceaa-bda4-11ef-87d8-02a6845b4b32', 'terminal': 'my terminal'}
2024-12-19 09:01:42 - be.model.user - INFO - 尝试登录用户：buyer_5_46abceaa-bda4-11ef-87d8-02a6845b4b32，终端：my terminal
2024-12-19 09:01:42 - be.model.user - INFO - 为用户 buyer_5_46abceaa-bda4-11ef-87d8-02a6845b4b32 生成新token，终端：my terminal
2024-12-19 09:01:42 - be.model.user - INFO - 用户登录成功：buyer_5_46abceaa-bda4-11ef-87d8-02a6845b4b32
2024-12-19 09:01:42 - be.view.auth - INFO - 登录处理结果: 200
2024-12-19 09:01:42 - werkzeug - INFO - 127.0.0.1 - - [19/Dec/2024 09:01:42] "POST /auth/login HTTP/1.1" 200 -
2024-12-19 09:01:42 - be.view.auth - INFO - 收到登录请求: {'user_id': 'buyer_6_46abceaa-bda4-11ef-87d8-02a6845b4b32', 'password': 'buyer_seller_6_46abceaa-bda4-11ef-87d8-02a6845b4b32', 'terminal': 'my terminal'}
2024-12-19 09:01:42 - be.model.user - INFO - 尝试登录用户：buyer_6_46abceaa-bda4-11ef-87d8-02a6845b4b32，终端：my terminal
2024-12-19 09:01:42 - be.model.user - INFO - 为用户 buyer_6_46abceaa-bda4-11ef-87d8-02a6845b4b32 生成新token，终端：my terminal
2024-12-19 09:01:42 - be.model.user - INFO - 用户登录成功：buyer_6_46abceaa-bda4-11ef-87d8-02a6845b4b32
2024-12-19 09:01:42 - be.view.auth - INFO - 登录处理结果: 200
2024-12-19 09:01:42 - werkzeug - INFO - 127.0.0.1 - - [19/Dec/2024 09:01:42] "POST /auth/login HTTP/1.1" 200 -
2024-12-19 09:01:42 - be.view.auth - INFO - 收到登录请求: {'user_id': 'buyer_8_46abceaa-bda4-11ef-87d8-02a6845b4b32', 'password': 'buyer_seller_8_46abceaa-bda4-11ef-87d8-02a6845b4b32', 'terminal': 'my terminal'}
2024-12-19 09:01:42 - be.model.user - INFO - 尝试登录用户：buyer_8_46abceaa-bda4-11ef-87d8-02a6845b4b32，终端：my terminal
2024-12-19 09:01:43 - be.model.user - INFO - 为用户 buyer_8_46abceaa-bda4-11ef-87d8-02a6845b4b32 生成新token，终端：my terminal
2024-12-19 09:01:43 - be.model.user - INFO - 用户登录成功：buyer_8_46abceaa-bda4-11ef-87d8-02a6845b4b32
2024-12-19 09:01:43 - be.view.auth - INFO - 登录处理结果: 200
2024-12-19 09:01:43 - werkzeug - INFO - 127.0.0.1 - - [19/Dec/2024 09:01:43] "POST /auth/login HTTP/1.1" 200 -
2024-12-19 09:01:43 - be.view.auth - INFO - 收到登录请求: {'user_id': 'buyer_5_46abceaa-bda4-11ef-87d8-02a6845b4b32', 'password': 'buyer_seller_5_46abceaa-bda4-11ef-87d8-02a6845b4b32', 'terminal': 'my terminal'}
2024-12-19 09:01:43 - be.model.user - INFO - 尝试登录用户：buyer_5_46abceaa-bda4-11ef-87d8-02a6845b4b32，终端：my terminal
2024-12-19 09:01:43 - be.model.user - INFO - 为用户 buyer_5_46abceaa-bda4-11ef-87d8-02a6845b4b32 生成新token，终端：my terminal
2024-12-19 09:01:43 - be.model.user - INFO - 用户登录成功：buyer_5_46abceaa-bda4-11ef-87d8-02a6845b4b32
2024-12-19 09:01:43 - be.view.auth - INFO - 登录处理结果: 200
2024-12-19 09:01:43 - werkzeug - INFO - 127.0.0.1 - - [19/Dec/2024 09:01:43] "POST /auth/login HTTP/1.1" 200 -
2024-12-19 09:01:43 - be.view.auth - INFO - 收到登录请求: {'user_id': 'buyer_1_46abceaa-bda4-11ef-87d8-02a6845b4b32', 'password': 'buyer_seller_1_46abceaa-bda4-11ef-87d8-02a6845b4b32', 'terminal': 'my terminal'}
2024-12-19 09:01:43 - be.model.user - INFO - 尝试登录用户：buyer_1_46abceaa-bda4-11ef-87d8-02a6845b4b32，终端：my terminal
2024-12-19 09:01:43 - be.model.user - INFO - 为用户 buyer_1_46abceaa-bda4-11ef-87d8-02a6845b4b32 生成新token，终端：my terminal
2024-12-19 09:01:43 - be.model.user - INFO - 用户登录成功：buyer_1_46abceaa-bda4-11ef-87d8-02a6845b4b32
2024-12-19 09:01:43 - be.view.auth - INFO - 登录处理结果: 200
2024-12-19 09:01:43 - werkzeug - INFO - 127.0.0.1 - - [19/Dec/2024 09:01:43] "POST /auth/login HTTP/1.1" 200 -
2024-12-19 09:01:43 - be.view.auth - INFO - 收到登录请求: {'user_id': 'buyer_2_46abceaa-bda4-11ef-87d8-02a6845b4b32', 'password': 'buyer_seller_2_46abceaa-bda4-11ef-87d8-02a6845b4b32', 'terminal': 'my terminal'}
2024-12-19 09:01:43 - be.model.user - INFO - 尝试登录用户：buyer_2_46abceaa-bda4-11ef-87d8-02a6845b4b32，终端：my terminal
2024-12-19 09:01:43 - be.model.user - INFO - 为用户 buyer_2_46abceaa-bda4-11ef-87d8-02a6845b4b32 生成新token，终端：my terminal
2024-12-19 09:01:43 - be.model.user - INFO - 用户登录成功：buyer_2_46abceaa-bda4-11ef-87d8-02a6845b4b32
2024-12-19 09:01:43 - be.view.auth - INFO - 登录处理结果: 200
2024-12-19 09:01:43 - werkzeug - INFO - 127.0.0.1 - - [19/Dec/2024 09:01:43] "POST /auth/login HTTP/1.1" 200 -
2024-12-19 09:01:43 - be.view.auth - INFO - 收到登录请求: {'user_id': 'buyer_6_46abceaa-bda4-11ef-87d8-02a6845b4b32', 'password': 'buyer_seller_6_46abceaa-bda4-11ef-87d8-02a6845b4b32', 'terminal': 'my terminal'}
2024-12-19 09:01:43 - be.model.user - INFO - 尝试登录用户：buyer_6_46abceaa-bda4-11ef-87d8-02a6845b4b32，终端：my terminal
2024-12-19 09:01:44 - be.model.user - INFO - 为用户 buyer_6_46abceaa-bda4-11ef-87d8-02a6845b4b32 生成新token，终端：my terminal
2024-12-19 09:01:44 - be.model.user - INFO - 用户登录成功：buyer_6_46abceaa-bda4-11ef-87d8-02a6845b4b32
2024-12-19 09:01:44 - be.view.auth - INFO - 登录处理结果: 200
2024-12-19 09:01:44 - werkzeug - INFO - 127.0.0.1 - - [19/Dec/2024 09:01:44] "POST /auth/login HTTP/1.1" 200 -
2024-12-19 09:01:44 - be.view.auth - INFO - 收到登录请求: {'user_id': 'buyer_10_46abceaa-bda4-11ef-87d8-02a6845b4b32', 'password': 'buyer_seller_10_46abceaa-bda4-11ef-87d8-02a6845b4b32', 'terminal': 'my terminal'}
2024-12-19 09:01:44 - be.model.user - INFO - 尝试登录用户：buyer_10_46abceaa-bda4-11ef-87d8-02a6845b4b32，终端：my terminal
2024-12-19 09:01:44 - be.model.user - INFO - 为用户 buyer_10_46abceaa-bda4-11ef-87d8-02a6845b4b32 生成新token，终端：my terminal
2024-12-19 09:01:44 - be.model.user - INFO - 用户登录成功：buyer_10_46abceaa-bda4-11ef-87d8-02a6845b4b32
2024-12-19 09:01:44 - be.view.auth - INFO - 登录处理结果: 200
2024-12-19 09:01:44 - werkzeug - INFO - 127.0.0.1 - - [19/Dec/2024 09:01:44] "POST /auth/login HTTP/1.1" 200 -
2024-12-19 09:01:44 - be.view.auth - INFO - 收到登录请求: {'user_id': 'buyer_10_46abceaa-bda4-11ef-87d8-02a6845b4b32', 'password': 'buyer_seller_10_46abceaa-bda4-11ef-87d8-02a6845b4b32', 'terminal': 'my terminal'}
2024-12-19 09:01:44 - be.model.user - INFO - 尝试登录用户：buyer_10_46abceaa-bda4-11ef-87d8-02a6845b4b32，终端：my terminal
2024-12-19 09:01:44 - be.model.user - INFO - 为用户 buyer_10_46abceaa-bda4-11ef-87d8-02a6845b4b32 生成新token，终端：my terminal
2024-12-19 09:01:44 - be.model.user - INFO - 用户登录成功：buyer_10_46abceaa-bda4-11ef-87d8-02a6845b4b32
2024-12-19 09:01:44 - be.view.auth - INFO - 登录处理结果: 200
2024-12-19 09:01:44 - werkzeug - INFO - 127.0.0.1 - - [19/Dec/2024 09:01:44] "POST /auth/login HTTP/1.1" 200 -
2024-12-19 09:01:44 - be.view.auth - INFO - 收到登录请求: {'user_id': 'buyer_1_46abceaa-bda4-11ef-87d8-02a6845b4b32', 'password': 'buyer_seller_1_46abceaa-bda4-11ef-87d8-02a6845b4b32', 'terminal': 'my terminal'}
2024-12-19 09:01:44 - be.model.user - INFO - 尝试登录用户：buyer_1_46abceaa-bda4-11ef-87d8-02a6845b4b32，终端：my terminal
2024-12-19 09:01:44 - be.model.user - INFO - 为用户 buyer_1_46abceaa-bda4-11ef-87d8-02a6845b4b32 生成新token，终端：my terminal
2024-12-19 09:01:44 - be.model.user - INFO - 用户登录成功：buyer_1_46abceaa-bda4-11ef-87d8-02a6845b4b32
2024-12-19 09:01:44 - be.view.auth - INFO - 登录处理结果: 200
2024-12-19 09:01:44 - werkzeug - INFO - 127.0.0.1 - - [19/Dec/2024 09:01:44] "POST /auth/login HTTP/1.1" 200 -
2024-12-19 09:01:44 - be.view.auth - INFO - 收到登录请求: {'user_id': 'buyer_8_46abceaa-bda4-11ef-87d8-02a6845b4b32', 'password': 'buyer_seller_8_46abceaa-bda4-11ef-87d8-02a6845b4b32', 'terminal': 'my terminal'}
2024-12-19 09:01:44 - be.model.user - INFO - 尝试登录用户：buyer_8_46abceaa-bda4-11ef-87d8-02a6845b4b32，终端：my terminal
2024-12-19 09:01:45 - be.model.user - INFO - 为用户 buyer_8_46abceaa-bda4-11ef-87d8-02a6845b4b32 生成新token，终端：my terminal
2024-12-19 09:01:45 - be.model.user - INFO - 用户登录成功：buyer_8_46abceaa-bda4-11ef-87d8-02a6845b4b32
2024-12-19 09:01:45 - be.view.auth - INFO - 登录处理结果: 200
2024-12-19 09:01:45 - werkzeug - INFO - 127.0.0.1 - - [19/Dec/2024 09:01:45] "POST /auth/login HTTP/1.1" 200 -
2024-12-19 09:01:45 - be.view.auth - INFO - 收到登录请求: {'user_id': 'buyer_9_46abceaa-bda4-11ef-87d8-02a6845b4b32', 'password': 'buyer_seller_9_46abceaa-bda4-11ef-87d8-02a6845b4b32', 'terminal': 'my terminal'}
2024-12-19 09:01:45 - be.model.user - INFO - 尝试登录用户：buyer_9_46abceaa-bda4-11ef-87d8-02a6845b4b32，终端：my terminal
2024-12-19 09:01:45 - be.model.user - INFO - 为用户 buyer_9_46abceaa-bda4-11ef-87d8-02a6845b4b32 生成新token，终端：my terminal
2024-12-19 09:01:45 - be.model.user - INFO - 用户登录成功：buyer_9_46abceaa-bda4-11ef-87d8-02a6845b4b32
2024-12-19 09:01:45 - be.view.auth - INFO - 登录处理结果: 200
2024-12-19 09:01:45 - werkzeug - INFO - 127.0.0.1 - - [19/Dec/2024 09:01:45] "POST /auth/login HTTP/1.1" 200 -
2024-12-19 09:01:45 - be.view.auth - INFO - 收到登录请求: {'user_id': 'buyer_9_46abceaa-bda4-11ef-87d8-02a6845b4b32', 'password': 'buyer_seller_9_46abceaa-bda4-11ef-87d8-02a6845b4b32', 'terminal': 'my terminal'}
2024-12-19 09:01:45 - be.model.user - INFO - 尝试登录用户：buyer_9_46abceaa-bda4-11ef-87d8-02a6845b4b32，终端：my terminal
2024-12-19 09:01:45 - be.model.user - INFO - 为用户 buyer_9_46abceaa-bda4-11ef-87d8-02a6845b4b32 生成新token，终端：my terminal
2024-12-19 09:01:45 - be.model.user - INFO - 用户登录成功：buyer_9_46abceaa-bda4-11ef-87d8-02a6845b4b32
2024-12-19 09:01:45 - be.view.auth - INFO - 登录处理结果: 200
2024-12-19 09:01:45 - werkzeug - INFO - 127.0.0.1 - - [19/Dec/2024 09:01:45] "POST /auth/login HTTP/1.1" 200 -
2024-12-19 09:01:45 - be.view.auth - INFO - 收到登录请求: {'user_id': 'buyer_6_46abceaa-bda4-11ef-87d8-02a6845b4b32', 'password': 'buyer_seller_6_46abceaa-bda4-11ef-87d8-02a6845b4b32', 'terminal': 'my terminal'}
2024-12-19 09:01:45 - be.model.user - INFO - 尝试登录用户：buyer_6_46abceaa-bda4-11ef-87d8-02a6845b4b32，终端：my terminal
2024-12-19 09:01:45 - be.model.user - INFO - 为用户 buyer_6_46abceaa-bda4-11ef-87d8-02a6845b4b32 生成新token，终端：my terminal
2024-12-19 09:01:45 - be.model.user - INFO - 用户登录成功：buyer_6_46abceaa-bda4-11ef-87d8-02a6845b4b32
2024-12-19 09:01:45 - be.view.auth - INFO - 登录处理结果: 200
2024-12-19 09:01:45 - werkzeug - INFO - 127.0.0.1 - - [19/Dec/2024 09:01:45] "POST /auth/login HTTP/1.1" 200 -
2024-12-19 09:01:45 - be.view.auth - INFO - 收到登录请求: {'user_id': 'buyer_8_46abceaa-bda4-11ef-87d8-02a6845b4b32', 'password': 'buyer_seller_8_46abceaa-bda4-11ef-87d8-02a6845b4b32', 'terminal': 'my terminal'}
2024-12-19 09:01:45 - be.model.user - INFO - 尝试登录用户：buyer_8_46abceaa-bda4-11ef-87d8-02a6845b4b32，终端：my terminal
2024-12-19 09:01:46 - be.model.user - INFO - 为用户 buyer_8_46abceaa-bda4-11ef-87d8-02a6845b4b32 生成新token，终端：my terminal
2024-12-19 09:01:46 - be.model.user - INFO - 用户登录成功：buyer_8_46abceaa-bda4-11ef-87d8-02a6845b4b32
2024-12-19 09:01:46 - be.view.auth - INFO - 登录处理结果: 200
2024-12-19 09:01:46 - werkzeug - INFO - 127.0.0.1 - - [19/Dec/2024 09:01:46] "POST /auth/login HTTP/1.1" 200 -
2024-12-19 09:01:46 - be.view.auth - INFO - 收到登录请求: {'user_id': 'buyer_7_46abceaa-bda4-11ef-87d8-02a6845b4b32', 'password': 'buyer_seller_7_46abceaa-bda4-11ef-87d8-02a6845b4b32', 'terminal': 'my terminal'}
2024-12-19 09:01:46 - be.model.user - INFO - 尝试登录用户：buyer_7_46abceaa-bda4-11ef-87d8-02a6845b4b32，终端：my terminal
2024-12-19 09:01:46 - be.model.user - INFO - 为用户 buyer_7_46abceaa-bda4-11ef-87d8-02a6845b4b32 生成新token，终端：my terminal
2024-12-19 09:01:46 - be.model.user - INFO - 用户登录成功：buyer_7_46abceaa-bda4-11ef-87d8-02a6845b4b32
2024-12-19 09:01:46 - be.view.auth - INFO - 登录处理结果: 200
2024-12-19 09:01:46 - werkzeug - INFO - 127.0.0.1 - - [19/Dec/2024 09:01:46] "POST /auth/login HTTP/1.1" 200 -
2024-12-19 09:01:46 - be.view.auth - INFO - 收到登录请求: {'user_id': 'buyer_1_46abceaa-bda4-11ef-87d8-02a6845b4b32', 'password': 'buyer_seller_1_46abceaa-bda4-11ef-87d8-02a6845b4b32', 'terminal': 'my terminal'}
2024-12-19 09:01:46 - be.model.user - INFO - 尝试登录用户：buyer_1_46abceaa-bda4-11ef-87d8-02a6845b4b32，终端：my terminal
2024-12-19 09:01:46 - be.model.user - INFO - 为用户 buyer_1_46abceaa-bda4-11ef-87d8-02a6845b4b32 生成新token，终端：my terminal
2024-12-19 09:01:46 - be.model.user - INFO - 用户登录成功：buyer_1_46abceaa-bda4-11ef-87d8-02a6845b4b32
2024-12-19 09:01:46 - be.view.auth - INFO - 登录处理结果: 200
2024-12-19 09:01:46 - werkzeug - INFO - 127.0.0.1 - - [19/Dec/2024 09:01:46] "POST /auth/login HTTP/1.1" 200 -
2024-12-19 09:01:46 - be.view.auth - INFO - 收到登录请求: {'user_id': 'buyer_9_46abceaa-bda4-11ef-87d8-02a6845b4b32', 'password': 'buyer_seller_9_46abceaa-bda4-11ef-87d8-02a6845b4b32', 'terminal': 'my terminal'}
2024-12-19 09:01:46 - be.model.user - INFO - 尝试登录用户：buyer_9_46abceaa-bda4-11ef-87d8-02a6845b4b32，终端：my terminal
2024-12-19 09:01:46 - be.model.user - INFO - 为用户 buyer_9_46abceaa-bda4-11ef-87d8-02a6845b4b32 生成新token，终端：my terminal
2024-12-19 09:01:46 - be.model.user - INFO - 用户登录成功：buyer_9_46abceaa-bda4-11ef-87d8-02a6845b4b32
2024-12-19 09:01:46 - be.view.auth - INFO - 登录处理结果: 200
2024-12-19 09:01:46 - werkzeug - INFO - 127.0.0.1 - - [19/Dec/2024 09:01:46] "POST /auth/login HTTP/1.1" 200 -
2024-12-19 09:01:46 - be.view.auth - INFO - 收到登录请求: {'user_id': 'buyer_9_46abceaa-bda4-11ef-87d8-02a6845b4b32', 'password': 'buyer_seller_9_46abceaa-bda4-11ef-87d8-02a6845b4b32', 'terminal': 'my terminal'}
2024-12-19 09:01:46 - be.model.user - INFO - 尝试登录用户：buyer_9_46abceaa-bda4-11ef-87d8-02a6845b4b32，终端：my terminal
2024-12-19 09:01:46 - be.model.user - INFO - 为用户 buyer_9_46abceaa-bda4-11ef-87d8-02a6845b4b32 生成新token，终端：my terminal
2024-12-19 09:01:46 - be.model.user - INFO - 用户登录成功：buyer_9_46abceaa-bda4-11ef-87d8-02a6845b4b32
2024-12-19 09:01:47 - be.view.auth - INFO - 登录处理结果: 200
2024-12-19 09:01:47 - werkzeug - INFO - 127.0.0.1 - - [19/Dec/2024 09:01:47] "POST /auth/login HTTP/1.1" 200 -
2024-12-19 09:01:47 - be.view.auth - INFO - 收到登录请求: {'user_id': 'buyer_1_46abceaa-bda4-11ef-87d8-02a6845b4b32', 'password': 'buyer_seller_1_46abceaa-bda4-11ef-87d8-02a6845b4b32', 'terminal': 'my terminal'}
2024-12-19 09:01:47 - be.model.user - INFO - 尝试登录用户：buyer_1_46abceaa-bda4-11ef-87d8-02a6845b4b32，终端：my terminal
2024-12-19 09:01:47 - be.model.user - INFO - 为用户 buyer_1_46abceaa-bda4-11ef-87d8-02a6845b4b32 生成新token，终端：my terminal
2024-12-19 09:01:47 - be.model.user - INFO - 用户登录成功：buyer_1_46abceaa-bda4-11ef-87d8-02a6845b4b32
2024-12-19 09:01:47 - be.view.auth - INFO - 登录处理结果: 200
2024-12-19 09:01:47 - werkzeug - INFO - 127.0.0.1 - - [19/Dec/2024 09:01:47] "POST /auth/login HTTP/1.1" 200 -
2024-12-19 09:01:47 - be.view.auth - INFO - 收到登录请求: {'user_id': 'buyer_6_46abceaa-bda4-11ef-87d8-02a6845b4b32', 'password': 'buyer_seller_6_46abceaa-bda4-11ef-87d8-02a6845b4b32', 'terminal': 'my terminal'}
2024-12-19 09:01:47 - be.model.user - INFO - 尝试登录用户：buyer_6_46abceaa-bda4-11ef-87d8-02a6845b4b32，终端：my terminal
2024-12-19 09:01:47 - be.model.user - INFO - 为用户 buyer_6_46abceaa-bda4-11ef-87d8-02a6845b4b32 生成新token，终端：my terminal
2024-12-19 09:01:47 - be.model.user - INFO - 用户登录成功：buyer_6_46abceaa-bda4-11ef-87d8-02a6845b4b32
2024-12-19 09:01:47 - be.view.auth - INFO - 登录处理结果: 200
2024-12-19 09:01:47 - werkzeug - INFO - 127.0.0.1 - - [19/Dec/2024 09:01:47] "POST /auth/login HTTP/1.1" 200 -
2024-12-19 09:01:47 - be.view.auth - INFO - 收到登录请求: {'user_id': 'buyer_10_46abceaa-bda4-11ef-87d8-02a6845b4b32', 'password': 'buyer_seller_10_46abceaa-bda4-11ef-87d8-02a6845b4b32', 'terminal': 'my terminal'}
2024-12-19 09:01:47 - be.model.user - INFO - 尝试登录用户：buyer_10_46abceaa-bda4-11ef-87d8-02a6845b4b32，终端：my terminal
2024-12-19 09:01:47 - be.model.user - INFO - 为用户 buyer_10_46abceaa-bda4-11ef-87d8-02a6845b4b32 生成新token，终端：my terminal
2024-12-19 09:01:47 - be.model.user - INFO - 用户登录成功：buyer_10_46abceaa-bda4-11ef-87d8-02a6845b4b32
2024-12-19 09:01:47 - be.view.auth - INFO - 登录处理结果: 200
2024-12-19 09:01:47 - werkzeug - INFO - 127.0.0.1 - - [19/Dec/2024 09:01:47] "POST /auth/login HTTP/1.1" 200 -
2024-12-19 09:01:47 - be.view.auth - INFO - 收到登录请求: {'user_id': 'buyer_4_46abceaa-bda4-11ef-87d8-02a6845b4b32', 'password': 'buyer_seller_4_46abceaa-bda4-11ef-87d8-02a6845b4b32', 'terminal': 'my terminal'}
2024-12-19 09:01:47 - be.model.user - INFO - 尝试登录用户：buyer_4_46abceaa-bda4-11ef-87d8-02a6845b4b32，终端：my terminal
2024-12-19 09:01:47 - be.model.user - INFO - 为用户 buyer_4_46abceaa-bda4-11ef-87d8-02a6845b4b32 生成新token，终端：my terminal
2024-12-19 09:01:47 - be.model.user - INFO - 用户登录成功：buyer_4_46abceaa-bda4-11ef-87d8-02a6845b4b32
2024-12-19 09:01:48 - be.view.auth - INFO - 登录处理结果: 200
2024-12-19 09:01:48 - werkzeug - INFO - 127.0.0.1 - - [19/Dec/2024 09:01:48] "POST /auth/login HTTP/1.1" 200 -
2024-12-19 09:01:48 - be.view.auth - INFO - 收到登录请求: {'user_id': 'buyer_4_46abceaa-bda4-11ef-87d8-02a6845b4b32', 'password': 'buyer_seller_4_46abceaa-bda4-11ef-87d8-02a6845b4b32', 'terminal': 'my terminal'}
2024-12-19 09:01:48 - be.model.user - INFO - 尝试登录用户：buyer_4_46abceaa-bda4-11ef-87d8-02a6845b4b32，终端：my terminal
2024-12-19 09:01:48 - be.model.user - INFO - 为用户 buyer_4_46abceaa-bda4-11ef-87d8-02a6845b4b32 生成新token，终端：my terminal
2024-12-19 09:01:48 - be.model.user - INFO - 用户登录成功：buyer_4_46abceaa-bda4-11ef-87d8-02a6845b4b32
2024-12-19 09:01:48 - be.view.auth - INFO - 登录处理结果: 200
2024-12-19 09:01:48 - werkzeug - INFO - 127.0.0.1 - - [19/Dec/2024 09:01:48] "POST /auth/login HTTP/1.1" 200 -
2024-12-19 09:01:48 - be.view.auth - INFO - 收到登录请求: {'user_id': 'buyer_4_46abceaa-bda4-11ef-87d8-02a6845b4b32', 'password': 'buyer_seller_4_46abceaa-bda4-11ef-87d8-02a6845b4b32', 'terminal': 'my terminal'}
2024-12-19 09:01:48 - be.model.user - INFO - 尝试登录用户：buyer_4_46abceaa-bda4-11ef-87d8-02a6845b4b32，终端：my terminal
2024-12-19 09:01:48 - be.model.user - INFO - 为用户 buyer_4_46abceaa-bda4-11ef-87d8-02a6845b4b32 生成新token，终端：my terminal
2024-12-19 09:01:48 - be.model.user - INFO - 用户登录成功：buyer_4_46abceaa-bda4-11ef-87d8-02a6845b4b32
2024-12-19 09:01:48 - be.view.auth - INFO - 登录处理结果: 200
2024-12-19 09:01:48 - werkzeug - INFO - 127.0.0.1 - - [19/Dec/2024 09:01:48] "POST /auth/login HTTP/1.1" 200 -
2024-12-19 09:01:48 - be.view.auth - INFO - 收到登录请求: {'user_id': 'buyer_1_46abceaa-bda4-11ef-87d8-02a6845b4b32', 'password': 'buyer_seller_1_46abceaa-bda4-11ef-87d8-02a6845b4b32', 'terminal': 'my terminal'}
2024-12-19 09:01:48 - be.model.user - INFO - 尝试登录用户：buyer_1_46abceaa-bda4-11ef-87d8-02a6845b4b32，终端：my terminal
2024-12-19 09:01:48 - be.model.user - INFO - 为用户 buyer_1_46abceaa-bda4-11ef-87d8-02a6845b4b32 生成新token，终端：my terminal
2024-12-19 09:01:48 - be.model.user - INFO - 用户登录成功：buyer_1_46abceaa-bda4-11ef-87d8-02a6845b4b32
2024-12-19 09:01:48 - be.view.auth - INFO - 登录处理结果: 200
2024-12-19 09:01:48 - werkzeug - INFO - 127.0.0.1 - - [19/Dec/2024 09:01:48] "POST /auth/login HTTP/1.1" 200 -
2024-12-19 09:01:48 - be.view.auth - INFO - 收到登录请求: {'user_id': 'buyer_10_46abceaa-bda4-11ef-87d8-02a6845b4b32', 'password': 'buyer_seller_10_46abceaa-bda4-11ef-87d8-02a6845b4b32', 'terminal': 'my terminal'}
2024-12-19 09:01:48 - be.model.user - INFO - 尝试登录用户：buyer_10_46abceaa-bda4-11ef-87d8-02a6845b4b32，终端：my terminal
2024-12-19 09:01:48 - be.model.user - INFO - 为用户 buyer_10_46abceaa-bda4-11ef-87d8-02a6845b4b32 生成新token，终端：my terminal
2024-12-19 09:01:48 - be.model.user - INFO - 用户登录成功：buyer_10_46abceaa-bda4-11ef-87d8-02a6845b4b32
2024-12-19 09:01:49 - be.view.auth - INFO - 登录处理结果: 200
2024-12-19 09:01:49 - werkzeug - INFO - 127.0.0.1 - - [19/Dec/2024 09:01:49] "POST /auth/login HTTP/1.1" 200 -
2024-12-19 09:01:49 - be.view.auth - INFO - 收到登录请求: {'user_id': 'buyer_5_46abceaa-bda4-11ef-87d8-02a6845b4b32', 'password': 'buyer_seller_5_46abceaa-bda4-11ef-87d8-02a6845b4b32', 'terminal': 'my terminal'}
2024-12-19 09:01:49 - be.model.user - INFO - 尝试登录用户：buyer_5_46abceaa-bda4-11ef-87d8-02a6845b4b32，终端：my terminal
2024-12-19 09:01:49 - be.model.user - INFO - 为用户 buyer_5_46abceaa-bda4-11ef-87d8-02a6845b4b32 生成新token，终端：my terminal
2024-12-19 09:01:49 - be.model.user - INFO - 用户登录成功：buyer_5_46abceaa-bda4-11ef-87d8-02a6845b4b32
2024-12-19 09:01:49 - be.view.auth - INFO - 登录处理结果: 200
2024-12-19 09:01:49 - werkzeug - INFO - 127.0.0.1 - - [19/Dec/2024 09:01:49] "POST /auth/login HTTP/1.1" 200 -
2024-12-19 09:01:49 - be.view.auth - INFO - 收到登录请求: {'user_id': 'buyer_3_46abceaa-bda4-11ef-87d8-02a6845b4b32', 'password': 'buyer_seller_3_46abceaa-bda4-11ef-87d8-02a6845b4b32', 'terminal': 'my terminal'}
2024-12-19 09:01:49 - be.model.user - INFO - 尝试登录用户：buyer_3_46abceaa-bda4-11ef-87d8-02a6845b4b32，终端：my terminal
2024-12-19 09:01:49 - be.model.user - INFO - 为用户 buyer_3_46abceaa-bda4-11ef-87d8-02a6845b4b32 生成新token，终端：my terminal
2024-12-19 09:01:49 - be.model.user - INFO - 用户登录成功：buyer_3_46abceaa-bda4-11ef-87d8-02a6845b4b32
2024-12-19 09:01:49 - be.view.auth - INFO - 登录处理结果: 200
2024-12-19 09:01:49 - werkzeug - INFO - 127.0.0.1 - - [19/Dec/2024 09:01:49] "POST /auth/login HTTP/1.1" 200 -
2024-12-19 09:01:49 - be.view.auth - INFO - 收到登录请求: {'user_id': 'buyer_5_46abceaa-bda4-11ef-87d8-02a6845b4b32', 'password': 'buyer_seller_5_46abceaa-bda4-11ef-87d8-02a6845b4b32', 'terminal': 'my terminal'}
2024-12-19 09:01:49 - be.model.user - INFO - 尝试登录用户：buyer_5_46abceaa-bda4-11ef-87d8-02a6845b4b32，终端：my terminal
2024-12-19 09:01:49 - be.model.user - INFO - 为用户 buyer_5_46abceaa-bda4-11ef-87d8-02a6845b4b32 生成新token，终端：my terminal
2024-12-19 09:01:49 - be.model.user - INFO - 用户登录成功：buyer_5_46abceaa-bda4-11ef-87d8-02a6845b4b32
2024-12-19 09:01:49 - be.view.auth - INFO - 登录处理结果: 200
2024-12-19 09:01:49 - werkzeug - INFO - 127.0.0.1 - - [19/Dec/2024 09:01:49] "POST /auth/login HTTP/1.1" 200 -
2024-12-19 09:01:49 - be.view.auth - INFO - 收到登录请求: {'user_id': 'buyer_6_46abceaa-bda4-11ef-87d8-02a6845b4b32', 'password': 'buyer_seller_6_46abceaa-bda4-11ef-87d8-02a6845b4b32', 'terminal': 'my terminal'}
2024-12-19 09:01:49 - be.model.user - INFO - 尝试登录用户：buyer_6_46abceaa-bda4-11ef-87d8-02a6845b4b32，终端：my terminal
2024-12-19 09:01:49 - be.model.user - INFO - 为用户 buyer_6_46abceaa-bda4-11ef-87d8-02a6845b4b32 生成新token，终端：my terminal
2024-12-19 09:01:49 - be.model.user - INFO - 用户登录成功：buyer_6_46abceaa-bda4-11ef-87d8-02a6845b4b32
2024-12-19 09:01:49 - be.view.auth - INFO - 登录处理结果: 200
2024-12-19 09:01:49 - werkzeug - INFO - 127.0.0.1 - - [19/Dec/2024 09:01:49] "POST /auth/login HTTP/1.1" 200 -
2024-12-19 09:01:49 - be.view.auth - INFO - 收到登录请求: {'user_id': 'buyer_7_46abceaa-bda4-11ef-87d8-02a6845b4b32', 'password': 'buyer_seller_7_46abceaa-bda4-11ef-87d8-02a6845b4b32', 'terminal': 'my terminal'}
2024-12-19 09:01:49 - be.model.user - INFO - 尝试登录用户：buyer_7_46abceaa-bda4-11ef-87d8-02a6845b4b32，终端：my terminal
2024-12-19 09:01:50 - be.model.user - INFO - 为用户 buyer_7_46abceaa-bda4-11ef-87d8-02a6845b4b32 生成新token，终端：my terminal
2024-12-19 09:01:50 - be.model.user - INFO - 用户登录成功：buyer_7_46abceaa-bda4-11ef-87d8-02a6845b4b32
2024-12-19 09:01:50 - be.view.auth - INFO - 登录处理结果: 200
2024-12-19 09:01:50 - werkzeug - INFO - 127.0.0.1 - - [19/Dec/2024 09:01:50] "POST /auth/login HTTP/1.1" 200 -
2024-12-19 09:01:50 - be.view.auth - INFO - 收到登录请求: {'user_id': 'buyer_6_46abceaa-bda4-11ef-87d8-02a6845b4b32', 'password': 'buyer_seller_6_46abceaa-bda4-11ef-87d8-02a6845b4b32', 'terminal': 'my terminal'}
2024-12-19 09:01:50 - be.model.user - INFO - 尝试登录用户：buyer_6_46abceaa-bda4-11ef-87d8-02a6845b4b32，终端：my terminal
2024-12-19 09:01:50 - be.model.user - INFO - 为用户 buyer_6_46abceaa-bda4-11ef-87d8-02a6845b4b32 生成新token，终端：my terminal
2024-12-19 09:01:50 - be.model.user - INFO - 用户登录成功：buyer_6_46abceaa-bda4-11ef-87d8-02a6845b4b32
2024-12-19 09:01:50 - be.view.auth - INFO - 登录处理结果: 200
2024-12-19 09:01:50 - werkzeug - INFO - 127.0.0.1 - - [19/Dec/2024 09:01:50] "POST /auth/login HTTP/1.1" 200 -
2024-12-19 09:01:50 - be.view.auth - INFO - 收到登录请求: {'user_id': 'buyer_5_46abceaa-bda4-11ef-87d8-02a6845b4b32', 'password': 'buyer_seller_5_46abceaa-bda4-11ef-87d8-02a6845b4b32', 'terminal': 'my terminal'}
2024-12-19 09:01:50 - be.model.user - INFO - 尝试登录用户：buyer_5_46abceaa-bda4-11ef-87d8-02a6845b4b32，终端：my terminal
2024-12-19 09:01:50 - be.model.user - INFO - 为用户 buyer_5_46abceaa-bda4-11ef-87d8-02a6845b4b32 生成新token，终端：my terminal
2024-12-19 09:01:50 - be.model.user - INFO - 用户登录成功：buyer_5_46abceaa-bda4-11ef-87d8-02a6845b4b32
2024-12-19 09:01:50 - be.view.auth - INFO - 登录处理结果: 200
2024-12-19 09:01:50 - werkzeug - INFO - 127.0.0.1 - - [19/Dec/2024 09:01:50] "POST /auth/login HTTP/1.1" 200 -
2024-12-19 09:01:50 - be.view.auth - INFO - 收到登录请求: {'user_id': 'buyer_2_46abceaa-bda4-11ef-87d8-02a6845b4b32', 'password': 'buyer_seller_2_46abceaa-bda4-11ef-87d8-02a6845b4b32', 'terminal': 'my terminal'}
2024-12-19 09:01:50 - be.model.user - INFO - 尝试登录用户：buyer_2_46abceaa-bda4-11ef-87d8-02a6845b4b32，终端：my terminal
2024-12-19 09:01:50 - be.model.user - INFO - 为用户 buyer_2_46abceaa-bda4-11ef-87d8-02a6845b4b32 生成新token，终端：my terminal
2024-12-19 09:01:50 - be.model.user - INFO - 用户登录成功：buyer_2_46abceaa-bda4-11ef-87d8-02a6845b4b32
2024-12-19 09:01:50 - be.view.auth - INFO - 登录处理结果: 200
2024-12-19 09:01:50 - werkzeug - INFO - 127.0.0.1 - - [19/Dec/2024 09:01:50] "POST /auth/login HTTP/1.1" 200 -
2024-12-19 09:01:50 - be.view.auth - INFO - 收到登录请求: {'user_id': 'buyer_6_46abceaa-bda4-11ef-87d8-02a6845b4b32', 'password': 'buyer_seller_6_46abceaa-bda4-11ef-87d8-02a6845b4b32', 'terminal': 'my terminal'}
2024-12-19 09:01:50 - be.model.user - INFO - 尝试登录用户：buyer_6_46abceaa-bda4-11ef-87d8-02a6845b4b32，终端：my terminal
2024-12-19 09:01:51 - be.model.user - INFO - 为用户 buyer_6_46abceaa-bda4-11ef-87d8-02a6845b4b32 生成新token，终端：my terminal
2024-12-19 09:01:51 - be.model.user - INFO - 用户登录成功：buyer_6_46abceaa-bda4-11ef-87d8-02a6845b4b32
2024-12-19 09:01:51 - be.view.auth - INFO - 登录处理结果: 200
2024-12-19 09:01:51 - werkzeug - INFO - 127.0.0.1 - - [19/Dec/2024 09:01:51] "POST /auth/login HTTP/1.1" 200 -
2024-12-19 09:01:51 - be.view.auth - INFO - 收到登录请求: {'user_id': 'buyer_7_46abceaa-bda4-11ef-87d8-02a6845b4b32', 'password': 'buyer_seller_7_46abceaa-bda4-11ef-87d8-02a6845b4b32', 'terminal': 'my terminal'}
2024-12-19 09:01:51 - be.model.user - INFO - 尝试登录用户：buyer_7_46abceaa-bda4-11ef-87d8-02a6845b4b32，终端：my terminal
2024-12-19 09:01:51 - be.model.user - INFO - 为用户 buyer_7_46abceaa-bda4-11ef-87d8-02a6845b4b32 生成新token，终端：my terminal
2024-12-19 09:01:51 - be.model.user - INFO - 用户登录成功：buyer_7_46abceaa-bda4-11ef-87d8-02a6845b4b32
2024-12-19 09:01:51 - be.view.auth - INFO - 登录处理结果: 200
2024-12-19 09:01:51 - werkzeug - INFO - 127.0.0.1 - - [19/Dec/2024 09:01:51] "POST /auth/login HTTP/1.1" 200 -
2024-12-19 09:01:51 - be.view.auth - INFO - 收到登录请求: {'user_id': 'buyer_9_46abceaa-bda4-11ef-87d8-02a6845b4b32', 'password': 'buyer_seller_9_46abceaa-bda4-11ef-87d8-02a6845b4b32', 'terminal': 'my terminal'}
2024-12-19 09:01:51 - be.model.user - INFO - 尝试登录用户：buyer_9_46abceaa-bda4-11ef-87d8-02a6845b4b32，终端：my terminal
2024-12-19 09:01:51 - be.model.user - INFO - 为用户 buyer_9_46abceaa-bda4-11ef-87d8-02a6845b4b32 生成新token，终端：my terminal
2024-12-19 09:01:51 - be.model.user - INFO - 用户登录成功：buyer_9_46abceaa-bda4-11ef-87d8-02a6845b4b32
2024-12-19 09:01:51 - be.view.auth - INFO - 登录处理结果: 200
2024-12-19 09:01:51 - werkzeug - INFO - 127.0.0.1 - - [19/Dec/2024 09:01:51] "POST /auth/login HTTP/1.1" 200 -
2024-12-19 09:01:51 - be.view.auth - INFO - 收到登录请求: {'user_id': 'buyer_4_46abceaa-bda4-11ef-87d8-02a6845b4b32', 'password': 'buyer_seller_4_46abceaa-bda4-11ef-87d8-02a6845b4b32', 'terminal': 'my terminal'}
2024-12-19 09:01:51 - be.model.user - INFO - 尝试登录用户：buyer_4_46abceaa-bda4-11ef-87d8-02a6845b4b32，终端：my terminal
2024-12-19 09:01:51 - be.model.user - INFO - 为用户 buyer_4_46abceaa-bda4-11ef-87d8-02a6845b4b32 生成新token，终端：my terminal
2024-12-19 09:01:51 - be.model.user - INFO - 用户登录成功：buyer_4_46abceaa-bda4-11ef-87d8-02a6845b4b32
2024-12-19 09:01:51 - be.view.auth - INFO - 登录处理结果: 200
2024-12-19 09:01:51 - werkzeug - INFO - 127.0.0.1 - - [19/Dec/2024 09:01:51] "POST /auth/login HTTP/1.1" 200 -
2024-12-19 09:01:51 - be.view.auth - INFO - 收到登录请求: {'user_id': 'buyer_5_46abceaa-bda4-11ef-87d8-02a6845b4b32', 'password': 'buyer_seller_5_46abceaa-bda4-11ef-87d8-02a6845b4b32', 'terminal': 'my terminal'}
2024-12-19 09:01:51 - be.model.user - INFO - 尝试登录用户：buyer_5_46abceaa-bda4-11ef-87d8-02a6845b4b32，终端：my terminal
2024-12-19 09:01:52 - be.model.user - INFO - 为用户 buyer_5_46abceaa-bda4-11ef-87d8-02a6845b4b32 生成新token，终端：my terminal
2024-12-19 09:01:52 - be.model.user - INFO - 用户登录成功：buyer_5_46abceaa-bda4-11ef-87d8-02a6845b4b32
2024-12-19 09:01:52 - be.view.auth - INFO - 登录处理结果: 200
2024-12-19 09:01:52 - werkzeug - INFO - 127.0.0.1 - - [19/Dec/2024 09:01:52] "POST /auth/login HTTP/1.1" 200 -
2024-12-19 09:01:52 - be.view.auth - INFO - 收到登录请求: {'user_id': 'buyer_8_46abceaa-bda4-11ef-87d8-02a6845b4b32', 'password': 'buyer_seller_8_46abceaa-bda4-11ef-87d8-02a6845b4b32', 'terminal': 'my terminal'}
2024-12-19 09:01:52 - be.model.user - INFO - 尝试登录用户：buyer_8_46abceaa-bda4-11ef-87d8-02a6845b4b32，终端：my terminal
2024-12-19 09:01:52 - be.model.user - INFO - 为用户 buyer_8_46abceaa-bda4-11ef-87d8-02a6845b4b32 生成新token，终端：my terminal
2024-12-19 09:01:52 - be.model.user - INFO - 用户登录成功：buyer_8_46abceaa-bda4-11ef-87d8-02a6845b4b32
2024-12-19 09:01:52 - be.view.auth - INFO - 登录处理结果: 200
2024-12-19 09:01:52 - werkzeug - INFO - 127.0.0.1 - - [19/Dec/2024 09:01:52] "POST /auth/login HTTP/1.1" 200 -
2024-12-19 09:01:52 - be.view.auth - INFO - 收到登录请求: {'user_id': 'buyer_5_46abceaa-bda4-11ef-87d8-02a6845b4b32', 'password': 'buyer_seller_5_46abceaa-bda4-11ef-87d8-02a6845b4b32', 'terminal': 'my terminal'}
2024-12-19 09:01:52 - be.model.user - INFO - 尝试登录用户：buyer_5_46abceaa-bda4-11ef-87d8-02a6845b4b32，终端：my terminal
2024-12-19 09:01:52 - be.model.user - INFO - 为用户 buyer_5_46abceaa-bda4-11ef-87d8-02a6845b4b32 生成新token，终端：my terminal
2024-12-19 09:01:52 - be.model.user - INFO - 用户登录成功：buyer_5_46abceaa-bda4-11ef-87d8-02a6845b4b32
2024-12-19 09:01:52 - be.view.auth - INFO - 登录处理结果: 200
2024-12-19 09:01:52 - werkzeug - INFO - 127.0.0.1 - - [19/Dec/2024 09:01:52] "POST /auth/login HTTP/1.1" 200 -
2024-12-19 09:01:52 - be.view.auth - INFO - 收到登录请求: {'user_id': 'buyer_7_46abceaa-bda4-11ef-87d8-02a6845b4b32', 'password': 'buyer_seller_7_46abceaa-bda4-11ef-87d8-02a6845b4b32', 'terminal': 'my terminal'}
2024-12-19 09:01:52 - be.model.user - INFO - 尝试登录用户：buyer_7_46abceaa-bda4-11ef-87d8-02a6845b4b32，终端：my terminal
2024-12-19 09:01:52 - be.model.user - INFO - 为用户 buyer_7_46abceaa-bda4-11ef-87d8-02a6845b4b32 生成新token，终端：my terminal
2024-12-19 09:01:52 - be.model.user - INFO - 用户登录成功：buyer_7_46abceaa-bda4-11ef-87d8-02a6845b4b32
2024-12-19 09:01:52 - be.view.auth - INFO - 登录处理结果: 200
2024-12-19 09:01:52 - werkzeug - INFO - 127.0.0.1 - - [19/Dec/2024 09:01:52] "POST /auth/login HTTP/1.1" 200 -
2024-12-19 09:01:52 - be.view.auth - INFO - 收到登录请求: {'user_id': 'buyer_1_46abceaa-bda4-11ef-87d8-02a6845b4b32', 'password': 'buyer_seller_1_46abceaa-bda4-11ef-87d8-02a6845b4b32', 'terminal': 'my terminal'}
2024-12-19 09:01:52 - be.model.user - INFO - 尝试登录用户：buyer_1_46abceaa-bda4-11ef-87d8-02a6845b4b32，终端：my terminal
2024-12-19 09:01:53 - be.model.user - INFO - 为用户 buyer_1_46abceaa-bda4-11ef-87d8-02a6845b4b32 生成新token，终端：my terminal
2024-12-19 09:01:53 - be.model.user - INFO - 用户登录成功：buyer_1_46abceaa-bda4-11ef-87d8-02a6845b4b32
2024-12-19 09:01:53 - be.view.auth - INFO - 登录处理结果: 200
2024-12-19 09:01:53 - werkzeug - INFO - 127.0.0.1 - - [19/Dec/2024 09:01:53] "POST /auth/login HTTP/1.1" 200 -
2024-12-19 09:01:53 - be.view.auth - INFO - 收到登录请求: {'user_id': 'buyer_10_46abceaa-bda4-11ef-87d8-02a6845b4b32', 'password': 'buyer_seller_10_46abceaa-bda4-11ef-87d8-02a6845b4b32', 'terminal': 'my terminal'}
2024-12-19 09:01:53 - be.model.user - INFO - 尝试登录用户：buyer_10_46abceaa-bda4-11ef-87d8-02a6845b4b32，终端：my terminal
2024-12-19 09:01:53 - be.model.user - INFO - 为用户 buyer_10_46abceaa-bda4-11ef-87d8-02a6845b4b32 生成新token，终端：my terminal
2024-12-19 09:01:53 - be.model.user - INFO - 用户登录成功：buyer_10_46abceaa-bda4-11ef-87d8-02a6845b4b32
2024-12-19 09:01:53 - be.view.auth - INFO - 登录处理结果: 200
2024-12-19 09:01:53 - werkzeug - INFO - 127.0.0.1 - - [19/Dec/2024 09:01:53] "POST /auth/login HTTP/1.1" 200 -
2024-12-19 09:01:53 - be.view.auth - INFO - 收到登录请求: {'user_id': 'buyer_4_46abceaa-bda4-11ef-87d8-02a6845b4b32', 'password': 'buyer_seller_4_46abceaa-bda4-11ef-87d8-02a6845b4b32', 'terminal': 'my terminal'}
2024-12-19 09:01:53 - be.model.user - INFO - 尝试登录用户：buyer_4_46abceaa-bda4-11ef-87d8-02a6845b4b32，终端：my terminal
2024-12-19 09:01:53 - be.model.user - INFO - 为用户 buyer_4_46abceaa-bda4-11ef-87d8-02a6845b4b32 生成新token，终端：my terminal
2024-12-19 09:01:53 - be.model.user - INFO - 用户登录成功：buyer_4_46abceaa-bda4-11ef-87d8-02a6845b4b32
2024-12-19 09:01:53 - be.view.auth - INFO - 登录处理结果: 200
2024-12-19 09:01:53 - werkzeug - INFO - 127.0.0.1 - - [19/Dec/2024 09:01:53] "POST /auth/login HTTP/1.1" 200 -
2024-12-19 09:01:53 - be.view.auth - INFO - 收到登录请求: {'user_id': 'buyer_4_46abceaa-bda4-11ef-87d8-02a6845b4b32', 'password': 'buyer_seller_4_46abceaa-bda4-11ef-87d8-02a6845b4b32', 'terminal': 'my terminal'}
2024-12-19 09:01:53 - be.model.user - INFO - 尝试登录用户：buyer_4_46abceaa-bda4-11ef-87d8-02a6845b4b32，终端：my terminal
2024-12-19 09:01:53 - be.model.user - INFO - 为用户 buyer_4_46abceaa-bda4-11ef-87d8-02a6845b4b32 生成新token，终端：my terminal
2024-12-19 09:01:53 - be.model.user - INFO - 用户登录成功：buyer_4_46abceaa-bda4-11ef-87d8-02a6845b4b32
2024-12-19 09:01:53 - be.view.auth - INFO - 登录处理结果: 200
2024-12-19 09:01:53 - werkzeug - INFO - 127.0.0.1 - - [19/Dec/2024 09:01:53] "POST /auth/login HTTP/1.1" 200 -
2024-12-19 09:01:53 - be.view.auth - INFO - 收到登录请求: {'user_id': 'buyer_7_46abceaa-bda4-11ef-87d8-02a6845b4b32', 'password': 'buyer_seller_7_46abceaa-bda4-11ef-87d8-02a6845b4b32', 'terminal': 'my terminal'}
2024-12-19 09:01:53 - be.model.user - INFO - 尝试登录用户：buyer_7_46abceaa-bda4-11ef-87d8-02a6845b4b32，终端：my terminal
2024-12-19 09:01:53 - be.model.user - INFO - 为用户 buyer_7_46abceaa-bda4-11ef-87d8-02a6845b4b32 生成新token，终端：my terminal
2024-12-19 09:01:53 - be.model.user - INFO - 用户登录成功：buyer_7_46abceaa-bda4-11ef-87d8-02a6845b4b32
2024-12-19 09:01:54 - be.view.auth - INFO - 登录处理结果: 200
2024-12-19 09:01:54 - werkzeug - INFO - 127.0.0.1 - - [19/Dec/2024 09:01:54] "POST /auth/login HTTP/1.1" 200 -
2024-12-19 09:01:54 - be.view.auth - INFO - 收到登录请求: {'user_id': 'buyer_8_46abceaa-bda4-11ef-87d8-02a6845b4b32', 'password': 'buyer_seller_8_46abceaa-bda4-11ef-87d8-02a6845b4b32', 'terminal': 'my terminal'}
2024-12-19 09:01:54 - be.model.user - INFO - 尝试登录用户：buyer_8_46abceaa-bda4-11ef-87d8-02a6845b4b32，终端：my terminal
2024-12-19 09:01:54 - be.model.user - INFO - 为用户 buyer_8_46abceaa-bda4-11ef-87d8-02a6845b4b32 生成新token，终端：my terminal
2024-12-19 09:01:54 - be.model.user - INFO - 用户登录成功：buyer_8_46abceaa-bda4-11ef-87d8-02a6845b4b32
2024-12-19 09:01:54 - be.view.auth - INFO - 登录处理结果: 200
2024-12-19 09:01:54 - werkzeug - INFO - 127.0.0.1 - - [19/Dec/2024 09:01:54] "POST /auth/login HTTP/1.1" 200 -
2024-12-19 09:01:54 - be.view.auth - INFO - 收到登录请求: {'user_id': 'buyer_8_46abceaa-bda4-11ef-87d8-02a6845b4b32', 'password': 'buyer_seller_8_46abceaa-bda4-11ef-87d8-02a6845b4b32', 'terminal': 'my terminal'}
2024-12-19 09:01:54 - be.model.user - INFO - 尝试登录用户：buyer_8_46abceaa-bda4-11ef-87d8-02a6845b4b32，终端：my terminal
2024-12-19 09:01:54 - be.model.user - INFO - 为用户 buyer_8_46abceaa-bda4-11ef-87d8-02a6845b4b32 生成新token，终端：my terminal
2024-12-19 09:01:54 - be.model.user - INFO - 用户登录成功：buyer_8_46abceaa-bda4-11ef-87d8-02a6845b4b32
2024-12-19 09:01:54 - be.view.auth - INFO - 登录处理结果: 200
2024-12-19 09:01:54 - werkzeug - INFO - 127.0.0.1 - - [19/Dec/2024 09:01:54] "POST /auth/login HTTP/1.1" 200 -
2024-12-19 09:01:54 - be.view.auth - INFO - 收到登录请求: {'user_id': 'buyer_5_46abceaa-bda4-11ef-87d8-02a6845b4b32', 'password': 'buyer_seller_5_46abceaa-bda4-11ef-87d8-02a6845b4b32', 'terminal': 'my terminal'}
2024-12-19 09:01:54 - be.model.user - INFO - 尝试登录用户：buyer_5_46abceaa-bda4-11ef-87d8-02a6845b4b32，终端：my terminal
2024-12-19 09:01:54 - be.model.user - INFO - 为用户 buyer_5_46abceaa-bda4-11ef-87d8-02a6845b4b32 生成新token，终端：my terminal
2024-12-19 09:01:54 - be.model.user - INFO - 用户登录成功：buyer_5_46abceaa-bda4-11ef-87d8-02a6845b4b32
2024-12-19 09:01:54 - be.view.auth - INFO - 登录处理结果: 200
2024-12-19 09:01:54 - werkzeug - INFO - 127.0.0.1 - - [19/Dec/2024 09:01:54] "POST /auth/login HTTP/1.1" 200 -
2024-12-19 09:01:54 - be.view.auth - INFO - 收到登录请求: {'user_id': 'buyer_4_46abceaa-bda4-11ef-87d8-02a6845b4b32', 'password': 'buyer_seller_4_46abceaa-bda4-11ef-87d8-02a6845b4b32', 'terminal': 'my terminal'}
2024-12-19 09:01:54 - be.model.user - INFO - 尝试登录用户：buyer_4_46abceaa-bda4-11ef-87d8-02a6845b4b32，终端：my terminal
2024-12-19 09:01:54 - be.model.user - INFO - 为用户 buyer_4_46abceaa-bda4-11ef-87d8-02a6845b4b32 生成新token，终端：my terminal
2024-12-19 09:01:54 - be.model.user - INFO - 用户登录成功：buyer_4_46abceaa-bda4-11ef-87d8-02a6845b4b32
2024-12-19 09:01:55 - be.view.auth - INFO - 登录处理结果: 200
2024-12-19 09:01:55 - werkzeug - INFO - 127.0.0.1 - - [19/Dec/2024 09:01:55] "POST /auth/login HTTP/1.1" 200 -
2024-12-19 09:01:55 - be.view.auth - INFO - 收到登录请求: {'user_id': 'buyer_6_46abceaa-bda4-11ef-87d8-02a6845b4b32', 'password': 'buyer_seller_6_46abceaa-bda4-11ef-87d8-02a6845b4b32', 'terminal': 'my terminal'}
2024-12-19 09:01:55 - be.model.user - INFO - 尝试登录用户：buyer_6_46abceaa-bda4-11ef-87d8-02a6845b4b32，终端：my terminal
2024-12-19 09:01:55 - be.model.user - INFO - 为用户 buyer_6_46abceaa-bda4-11ef-87d8-02a6845b4b32 生成新token，终端：my terminal
2024-12-19 09:01:55 - be.model.user - INFO - 用户登录成功：buyer_6_46abceaa-bda4-11ef-87d8-02a6845b4b32
2024-12-19 09:01:55 - be.view.auth - INFO - 登录处理结果: 200
2024-12-19 09:01:55 - werkzeug - INFO - 127.0.0.1 - - [19/Dec/2024 09:01:55] "POST /auth/login HTTP/1.1" 200 -
2024-12-19 09:01:55 - be.view.auth - INFO - 收到登录请求: {'user_id': 'buyer_2_46abceaa-bda4-11ef-87d8-02a6845b4b32', 'password': 'buyer_seller_2_46abceaa-bda4-11ef-87d8-02a6845b4b32', 'terminal': 'my terminal'}
2024-12-19 09:01:55 - be.model.user - INFO - 尝试登录用户：buyer_2_46abceaa-bda4-11ef-87d8-02a6845b4b32，终端：my terminal
2024-12-19 09:01:55 - be.model.user - INFO - 为用户 buyer_2_46abceaa-bda4-11ef-87d8-02a6845b4b32 生成新token，终端：my terminal
2024-12-19 09:01:55 - be.model.user - INFO - 用户登录成功：buyer_2_46abceaa-bda4-11ef-87d8-02a6845b4b32
2024-12-19 09:01:55 - be.view.auth - INFO - 登录处理结果: 200
2024-12-19 09:01:55 - werkzeug - INFO - 127.0.0.1 - - [19/Dec/2024 09:01:55] "POST /auth/login HTTP/1.1" 200 -
2024-12-19 09:01:55 - be.view.auth - INFO - 收到登录请求: {'user_id': 'buyer_4_46abceaa-bda4-11ef-87d8-02a6845b4b32', 'password': 'buyer_seller_4_46abceaa-bda4-11ef-87d8-02a6845b4b32', 'terminal': 'my terminal'}
2024-12-19 09:01:55 - be.model.user - INFO - 尝试登录用户：buyer_4_46abceaa-bda4-11ef-87d8-02a6845b4b32，终端：my terminal
2024-12-19 09:01:55 - be.model.user - INFO - 为用户 buyer_4_46abceaa-bda4-11ef-87d8-02a6845b4b32 生成新token，终端：my terminal
2024-12-19 09:01:55 - be.model.user - INFO - 用户登录成功：buyer_4_46abceaa-bda4-11ef-87d8-02a6845b4b32
2024-12-19 09:01:55 - be.view.auth - INFO - 登录处理结果: 200
2024-12-19 09:01:55 - werkzeug - INFO - 127.0.0.1 - - [19/Dec/2024 09:01:55] "POST /auth/login HTTP/1.1" 200 -
2024-12-19 09:01:55 - be.view.auth - INFO - 收到登录请求: {'user_id': 'buyer_7_46abceaa-bda4-11ef-87d8-02a6845b4b32', 'password': 'buyer_seller_7_46abceaa-bda4-11ef-87d8-02a6845b4b32', 'terminal': 'my terminal'}
2024-12-19 09:01:55 - be.model.user - INFO - 尝试登录用户：buyer_7_46abceaa-bda4-11ef-87d8-02a6845b4b32，终端：my terminal
2024-12-19 09:01:55 - be.model.user - INFO - 为用户 buyer_7_46abceaa-bda4-11ef-87d8-02a6845b4b32 生成新token，终端：my terminal
2024-12-19 09:01:55 - be.model.user - INFO - 用户登录成功：buyer_7_46abceaa-bda4-11ef-87d8-02a6845b4b32
2024-12-19 09:01:56 - be.view.auth - INFO - 登录处理结果: 200
2024-12-19 09:01:56 - werkzeug - INFO - 127.0.0.1 - - [19/Dec/2024 09:01:56] "POST /auth/login HTTP/1.1" 200 -
2024-12-19 09:01:56 - be.view.auth - INFO - 收到登录请求: {'user_id': 'buyer_6_46abceaa-bda4-11ef-87d8-02a6845b4b32', 'password': 'buyer_seller_6_46abceaa-bda4-11ef-87d8-02a6845b4b32', 'terminal': 'my terminal'}
2024-12-19 09:01:56 - be.model.user - INFO - 尝试登录用户：buyer_6_46abceaa-bda4-11ef-87d8-02a6845b4b32，终端：my terminal
2024-12-19 09:01:56 - be.model.user - INFO - 为用户 buyer_6_46abceaa-bda4-11ef-87d8-02a6845b4b32 生成新token，终端：my terminal
2024-12-19 09:01:56 - be.model.user - INFO - 用户登录成功：buyer_6_46abceaa-bda4-11ef-87d8-02a6845b4b32
2024-12-19 09:01:56 - be.view.auth - INFO - 登录处理结果: 200
2024-12-19 09:01:56 - werkzeug - INFO - 127.0.0.1 - - [19/Dec/2024 09:01:56] "POST /auth/login HTTP/1.1" 200 -
2024-12-19 09:01:56 - be.view.auth - INFO - 收到登录请求: {'user_id': 'buyer_5_46abceaa-bda4-11ef-87d8-02a6845b4b32', 'password': 'buyer_seller_5_46abceaa-bda4-11ef-87d8-02a6845b4b32', 'terminal': 'my terminal'}
2024-12-19 09:01:56 - be.model.user - INFO - 尝试登录用户：buyer_5_46abceaa-bda4-11ef-87d8-02a6845b4b32，终端：my terminal
2024-12-19 09:01:56 - be.model.user - INFO - 为用户 buyer_5_46abceaa-bda4-11ef-87d8-02a6845b4b32 生成新token，终端：my terminal
2024-12-19 09:01:56 - be.model.user - INFO - 用户登录成功：buyer_5_46abceaa-bda4-11ef-87d8-02a6845b4b32
2024-12-19 09:01:56 - be.view.auth - INFO - 登录处理结果: 200
2024-12-19 09:01:56 - werkzeug - INFO - 127.0.0.1 - - [19/Dec/2024 09:01:56] "POST /auth/login HTTP/1.1" 200 -
2024-12-19 09:01:56 - be.view.auth - INFO - 收到登录请求: {'user_id': 'buyer_2_46abceaa-bda4-11ef-87d8-02a6845b4b32', 'password': 'buyer_seller_2_46abceaa-bda4-11ef-87d8-02a6845b4b32', 'terminal': 'my terminal'}
2024-12-19 09:01:56 - be.model.user - INFO - 尝试登录用户：buyer_2_46abceaa-bda4-11ef-87d8-02a6845b4b32，终端：my terminal
2024-12-19 09:01:56 - be.model.user - INFO - 为用户 buyer_2_46abceaa-bda4-11ef-87d8-02a6845b4b32 生成新token，终端：my terminal
2024-12-19 09:01:56 - be.model.user - INFO - 用户登录成功：buyer_2_46abceaa-bda4-11ef-87d8-02a6845b4b32
2024-12-19 09:01:56 - be.view.auth - INFO - 登录处理结果: 200
2024-12-19 09:01:56 - werkzeug - INFO - 127.0.0.1 - - [19/Dec/2024 09:01:56] "POST /auth/login HTTP/1.1" 200 -
2024-12-19 09:01:56 - be.view.auth - INFO - 收到登录请求: {'user_id': 'buyer_1_46abceaa-bda4-11ef-87d8-02a6845b4b32', 'password': 'buyer_seller_1_46abceaa-bda4-11ef-87d8-02a6845b4b32', 'terminal': 'my terminal'}
2024-12-19 09:01:56 - be.model.user - INFO - 尝试登录用户：buyer_1_46abceaa-bda4-11ef-87d8-02a6845b4b32，终端：my terminal
2024-12-19 09:01:56 - be.model.user - INFO - 为用户 buyer_1_46abceaa-bda4-11ef-87d8-02a6845b4b32 生成新token，终端：my terminal
2024-12-19 09:01:56 - be.model.user - INFO - 用户登录成功：buyer_1_46abceaa-bda4-11ef-87d8-02a6845b4b32
2024-12-19 09:01:57 - be.view.auth - INFO - 登录处理结果: 200
2024-12-19 09:01:57 - werkzeug - INFO - 127.0.0.1 - - [19/Dec/2024 09:01:57] "POST /auth/login HTTP/1.1" 200 -
2024-12-19 09:01:57 - be.view.auth - INFO - 收到登录请求: {'user_id': 'buyer_1_46abceaa-bda4-11ef-87d8-02a6845b4b32', 'password': 'buyer_seller_1_46abceaa-bda4-11ef-87d8-02a6845b4b32', 'terminal': 'my terminal'}
2024-12-19 09:01:57 - be.model.user - INFO - 尝试登录用户：buyer_1_46abceaa-bda4-11ef-87d8-02a6845b4b32，终端：my terminal
2024-12-19 09:01:57 - be.model.user - INFO - 为用户 buyer_1_46abceaa-bda4-11ef-87d8-02a6845b4b32 生成新token，终端：my terminal
2024-12-19 09:01:57 - be.model.user - INFO - 用户登录成功：buyer_1_46abceaa-bda4-11ef-87d8-02a6845b4b32
2024-12-19 09:01:57 - be.view.auth - INFO - 登录处理结果: 200
2024-12-19 09:01:57 - werkzeug - INFO - 127.0.0.1 - - [19/Dec/2024 09:01:57] "POST /auth/login HTTP/1.1" 200 -
2024-12-19 09:01:57 - be.view.auth - INFO - 收到登录请求: {'user_id': 'buyer_8_46abceaa-bda4-11ef-87d8-02a6845b4b32', 'password': 'buyer_seller_8_46abceaa-bda4-11ef-87d8-02a6845b4b32', 'terminal': 'my terminal'}
2024-12-19 09:01:57 - be.model.user - INFO - 尝试登录用户：buyer_8_46abceaa-bda4-11ef-87d8-02a6845b4b32，终端：my terminal
2024-12-19 09:01:57 - be.model.user - INFO - 为用户 buyer_8_46abceaa-bda4-11ef-87d8-02a6845b4b32 生成新token，终端：my terminal
2024-12-19 09:01:57 - be.model.user - INFO - 用户登录成功：buyer_8_46abceaa-bda4-11ef-87d8-02a6845b4b32
2024-12-19 09:01:57 - be.view.auth - INFO - 登录处理结果: 200
2024-12-19 09:01:57 - werkzeug - INFO - 127.0.0.1 - - [19/Dec/2024 09:01:57] "POST /auth/login HTTP/1.1" 200 -
2024-12-19 09:01:57 - be.view.auth - INFO - 收到登录请求: {'user_id': 'buyer_10_46abceaa-bda4-11ef-87d8-02a6845b4b32', 'password': 'buyer_seller_10_46abceaa-bda4-11ef-87d8-02a6845b4b32', 'terminal': 'my terminal'}
2024-12-19 09:01:57 - be.model.user - INFO - 尝试登录用户：buyer_10_46abceaa-bda4-11ef-87d8-02a6845b4b32，终端：my terminal
2024-12-19 09:01:57 - be.model.user - INFO - 为用户 buyer_10_46abceaa-bda4-11ef-87d8-02a6845b4b32 生成新token，终端：my terminal
2024-12-19 09:01:57 - be.model.user - INFO - 用户登录成功：buyer_10_46abceaa-bda4-11ef-87d8-02a6845b4b32
2024-12-19 09:01:57 - be.view.auth - INFO - 登录处理结果: 200
2024-12-19 09:01:57 - werkzeug - INFO - 127.0.0.1 - - [19/Dec/2024 09:01:57] "POST /auth/login HTTP/1.1" 200 -
2024-12-19 09:01:57 - be.view.auth - INFO - 收到登录请求: {'user_id': 'buyer_4_46abceaa-bda4-11ef-87d8-02a6845b4b32', 'password': 'buyer_seller_4_46abceaa-bda4-11ef-87d8-02a6845b4b32', 'terminal': 'my terminal'}
2024-12-19 09:01:57 - be.model.user - INFO - 尝试登录用户：buyer_4_46abceaa-bda4-11ef-87d8-02a6845b4b32，终端：my terminal
2024-12-19 09:01:57 - be.model.user - INFO - 为用户 buyer_4_46abceaa-bda4-11ef-87d8-02a6845b4b32 生成新token，终端：my terminal
2024-12-19 09:01:57 - be.model.user - INFO - 用户登录成功：buyer_4_46abceaa-bda4-11ef-87d8-02a6845b4b32
2024-12-19 09:01:57 - be.view.auth - INFO - 登录处理结果: 200
2024-12-19 09:01:57 - werkzeug - INFO - 127.0.0.1 - - [19/Dec/2024 09:01:57] "POST /auth/login HTTP/1.1" 200 -
2024-12-19 09:01:57 - be.view.auth - INFO - 收到登录请求: {'user_id': 'buyer_7_46abceaa-bda4-11ef-87d8-02a6845b4b32', 'password': 'buyer_seller_7_46abceaa-bda4-11ef-87d8-02a6845b4b32', 'terminal': 'my terminal'}
2024-12-19 09:01:57 - be.model.user - INFO - 尝试登录用户：buyer_7_46abceaa-bda4-11ef-87d8-02a6845b4b32，终端：my terminal
2024-12-19 09:01:58 - be.model.user - INFO - 为用户 buyer_7_46abceaa-bda4-11ef-87d8-02a6845b4b32 生成新token，终端：my terminal
2024-12-19 09:01:58 - be.model.user - INFO - 用户登录成功：buyer_7_46abceaa-bda4-11ef-87d8-02a6845b4b32
2024-12-19 09:01:58 - be.view.auth - INFO - 登录处理结果: 200
2024-12-19 09:01:58 - werkzeug - INFO - 127.0.0.1 - - [19/Dec/2024 09:01:58] "POST /auth/login HTTP/1.1" 200 -
2024-12-19 09:01:58 - be.view.auth - INFO - 收到登录请求: {'user_id': 'buyer_9_46abceaa-bda4-11ef-87d8-02a6845b4b32', 'password': 'buyer_seller_9_46abceaa-bda4-11ef-87d8-02a6845b4b32', 'terminal': 'my terminal'}
2024-12-19 09:01:58 - be.model.user - INFO - 尝试登录用户：buyer_9_46abceaa-bda4-11ef-87d8-02a6845b4b32，终端：my terminal
2024-12-19 09:01:58 - be.model.user - INFO - 为用户 buyer_9_46abceaa-bda4-11ef-87d8-02a6845b4b32 生成新token，终端：my terminal
2024-12-19 09:01:58 - be.model.user - INFO - 用户登录成功：buyer_9_46abceaa-bda4-11ef-87d8-02a6845b4b32
2024-12-19 09:01:58 - be.view.auth - INFO - 登录处理结果: 200
2024-12-19 09:01:58 - werkzeug - INFO - 127.0.0.1 - - [19/Dec/2024 09:01:58] "POST /auth/login HTTP/1.1" 200 -
2024-12-19 09:01:58 - be.view.auth - INFO - 收到登录请求: {'user_id': 'buyer_4_46abceaa-bda4-11ef-87d8-02a6845b4b32', 'password': 'buyer_seller_4_46abceaa-bda4-11ef-87d8-02a6845b4b32', 'terminal': 'my terminal'}
2024-12-19 09:01:58 - be.model.user - INFO - 尝试登录用户：buyer_4_46abceaa-bda4-11ef-87d8-02a6845b4b32，终端：my terminal
2024-12-19 09:01:58 - be.model.user - INFO - 为用户 buyer_4_46abceaa-bda4-11ef-87d8-02a6845b4b32 生成新token，终端：my terminal
2024-12-19 09:01:58 - be.model.user - INFO - 用户登录成功：buyer_4_46abceaa-bda4-11ef-87d8-02a6845b4b32
2024-12-19 09:01:58 - be.view.auth - INFO - 登录处理结果: 200
2024-12-19 09:01:58 - werkzeug - INFO - 127.0.0.1 - - [19/Dec/2024 09:01:58] "POST /auth/login HTTP/1.1" 200 -
2024-12-19 09:01:58 - be.view.auth - INFO - 收到登录请求: {'user_id': 'buyer_7_46abceaa-bda4-11ef-87d8-02a6845b4b32', 'password': 'buyer_seller_7_46abceaa-bda4-11ef-87d8-02a6845b4b32', 'terminal': 'my terminal'}
2024-12-19 09:01:58 - be.model.user - INFO - 尝试登录用户：buyer_7_46abceaa-bda4-11ef-87d8-02a6845b4b32，终端：my terminal
2024-12-19 09:01:58 - be.model.user - INFO - 为用户 buyer_7_46abceaa-bda4-11ef-87d8-02a6845b4b32 生成新token，终端：my terminal
2024-12-19 09:01:58 - be.model.user - INFO - 用户登录成功：buyer_7_46abceaa-bda4-11ef-87d8-02a6845b4b32
2024-12-19 09:01:58 - be.view.auth - INFO - 登录处理结果: 200
2024-12-19 09:01:58 - werkzeug - INFO - 127.0.0.1 - - [19/Dec/2024 09:01:58] "POST /auth/login HTTP/1.1" 200 -
2024-12-19 09:01:58 - be.view.auth - INFO - 收到登录请求: {'user_id': 'buyer_2_46abceaa-bda4-11ef-87d8-02a6845b4b32', 'password': 'buyer_seller_2_46abceaa-bda4-11ef-87d8-02a6845b4b32', 'terminal': 'my terminal'}
2024-12-19 09:01:58 - be.model.user - INFO - 尝试登录用户：buyer_2_46abceaa-bda4-11ef-87d8-02a6845b4b32，终端：my terminal
2024-12-19 09:01:59 - be.model.user - INFO - 为用户 buyer_2_46abceaa-bda4-11ef-87d8-02a6845b4b32 生成新token，终端：my terminal
2024-12-19 09:01:59 - be.model.user - INFO - 用户登录成功：buyer_2_46abceaa-bda4-11ef-87d8-02a6845b4b32
2024-12-19 09:01:59 - be.view.auth - INFO - 登录处理结果: 200
2024-12-19 09:01:59 - werkzeug - INFO - 127.0.0.1 - - [19/Dec/2024 09:01:59] "POST /auth/login HTTP/1.1" 200 -
2024-12-19 09:01:59 - be.view.auth - INFO - 收到登录请求: {'user_id': 'buyer_8_46abceaa-bda4-11ef-87d8-02a6845b4b32', 'password': 'buyer_seller_8_46abceaa-bda4-11ef-87d8-02a6845b4b32', 'terminal': 'my terminal'}
2024-12-19 09:01:59 - be.model.user - INFO - 尝试登录用户：buyer_8_46abceaa-bda4-11ef-87d8-02a6845b4b32，终端：my terminal
2024-12-19 09:01:59 - be.model.user - INFO - 为用户 buyer_8_46abceaa-bda4-11ef-87d8-02a6845b4b32 生成新token，终端：my terminal
2024-12-19 09:01:59 - be.model.user - INFO - 用户登录成功：buyer_8_46abceaa-bda4-11ef-87d8-02a6845b4b32
2024-12-19 09:01:59 - be.view.auth - INFO - 登录处理结果: 200
2024-12-19 09:01:59 - werkzeug - INFO - 127.0.0.1 - - [19/Dec/2024 09:01:59] "POST /auth/login HTTP/1.1" 200 -
2024-12-19 09:01:59 - be.view.auth - INFO - 收到登录请求: {'user_id': 'buyer_2_46abceaa-bda4-11ef-87d8-02a6845b4b32', 'password': 'buyer_seller_2_46abceaa-bda4-11ef-87d8-02a6845b4b32', 'terminal': 'my terminal'}
2024-12-19 09:01:59 - be.model.user - INFO - 尝试登录用户：buyer_2_46abceaa-bda4-11ef-87d8-02a6845b4b32，终端：my terminal
2024-12-19 09:01:59 - be.model.user - INFO - 为用户 buyer_2_46abceaa-bda4-11ef-87d8-02a6845b4b32 生成新token，终端：my terminal
2024-12-19 09:01:59 - be.model.user - INFO - 用户登录成功：buyer_2_46abceaa-bda4-11ef-87d8-02a6845b4b32
2024-12-19 09:01:59 - be.view.auth - INFO - 登录处理结果: 200
2024-12-19 09:01:59 - werkzeug - INFO - 127.0.0.1 - - [19/Dec/2024 09:01:59] "POST /auth/login HTTP/1.1" 200 -
2024-12-19 09:01:59 - be.view.auth - INFO - 收到登录请求: {'user_id': 'buyer_5_46abceaa-bda4-11ef-87d8-02a6845b4b32', 'password': 'buyer_seller_5_46abceaa-bda4-11ef-87d8-02a6845b4b32', 'terminal': 'my terminal'}
2024-12-19 09:01:59 - be.model.user - INFO - 尝试登录用户：buyer_5_46abceaa-bda4-11ef-87d8-02a6845b4b32，终端：my terminal
2024-12-19 09:01:59 - be.model.user - INFO - 为用户 buyer_5_46abceaa-bda4-11ef-87d8-02a6845b4b32 生成新token，终端：my terminal
2024-12-19 09:01:59 - be.model.user - INFO - 用户登录成功：buyer_5_46abceaa-bda4-11ef-87d8-02a6845b4b32
2024-12-19 09:01:59 - be.view.auth - INFO - 登录处理结果: 200
2024-12-19 09:01:59 - werkzeug - INFO - 127.0.0.1 - - [19/Dec/2024 09:01:59] "POST /auth/login HTTP/1.1" 200 -
2024-12-19 09:01:59 - be.view.auth - INFO - 收到登录请求: {'user_id': 'buyer_2_46abceaa-bda4-11ef-87d8-02a6845b4b32', 'password': 'buyer_seller_2_46abceaa-bda4-11ef-87d8-02a6845b4b32', 'terminal': 'my terminal'}
2024-12-19 09:01:59 - be.model.user - INFO - 尝试登录用户：buyer_2_46abceaa-bda4-11ef-87d8-02a6845b4b32，终端：my terminal
2024-12-19 09:01:59 - be.model.user - INFO - 为用户 buyer_2_46abceaa-bda4-11ef-87d8-02a6845b4b32 生成新token，终端：my terminal
2024-12-19 09:01:59 - be.model.user - INFO - 用户登录成功：buyer_2_46abceaa-bda4-11ef-87d8-02a6845b4b32
2024-12-19 09:02:00 - be.view.auth - INFO - 登录处理结果: 200
2024-12-19 09:02:00 - werkzeug - INFO - 127.0.0.1 - - [19/Dec/2024 09:02:00] "POST /auth/login HTTP/1.1" 200 -
2024-12-19 09:02:00 - be.view.auth - INFO - 收到登录请求: {'user_id': 'buyer_2_46abceaa-bda4-11ef-87d8-02a6845b4b32', 'password': 'buyer_seller_2_46abceaa-bda4-11ef-87d8-02a6845b4b32', 'terminal': 'my terminal'}
2024-12-19 09:02:00 - be.model.user - INFO - 尝试登录用户：buyer_2_46abceaa-bda4-11ef-87d8-02a6845b4b32，终端：my terminal
2024-12-19 09:02:00 - be.model.user - INFO - 为用户 buyer_2_46abceaa-bda4-11ef-87d8-02a6845b4b32 生成新token，终端：my terminal
2024-12-19 09:02:00 - be.model.user - INFO - 用户登录成功：buyer_2_46abceaa-bda4-11ef-87d8-02a6845b4b32
2024-12-19 09:02:00 - be.view.auth - INFO - 登录处理结果: 200
2024-12-19 09:02:00 - werkzeug - INFO - 127.0.0.1 - - [19/Dec/2024 09:02:00] "POST /auth/login HTTP/1.1" 200 -
2024-12-19 09:02:00 - be.view.auth - INFO - 收到登录请求: {'user_id': 'buyer_6_46abceaa-bda4-11ef-87d8-02a6845b4b32', 'password': 'buyer_seller_6_46abceaa-bda4-11ef-87d8-02a6845b4b32', 'terminal': 'my terminal'}
2024-12-19 09:02:00 - be.model.user - INFO - 尝试登录用户：buyer_6_46abceaa-bda4-11ef-87d8-02a6845b4b32，终端：my terminal
2024-12-19 09:02:00 - be.model.user - INFO - 为用户 buyer_6_46abceaa-bda4-11ef-87d8-02a6845b4b32 生成新token，终端：my terminal
2024-12-19 09:02:00 - be.model.user - INFO - 用户登录成功：buyer_6_46abceaa-bda4-11ef-87d8-02a6845b4b32
2024-12-19 09:02:00 - be.view.auth - INFO - 登录处理结果: 200
2024-12-19 09:02:00 - werkzeug - INFO - 127.0.0.1 - - [19/Dec/2024 09:02:00] "POST /auth/login HTTP/1.1" 200 -
2024-12-19 09:02:00 - be.view.auth - INFO - 收到登录请求: {'user_id': 'buyer_9_46abceaa-bda4-11ef-87d8-02a6845b4b32', 'password': 'buyer_seller_9_46abceaa-bda4-11ef-87d8-02a6845b4b32', 'terminal': 'my terminal'}
2024-12-19 09:02:00 - be.model.user - INFO - 尝试登录用户：buyer_9_46abceaa-bda4-11ef-87d8-02a6845b4b32，终端：my terminal
2024-12-19 09:02:00 - be.model.user - INFO - 为用户 buyer_9_46abceaa-bda4-11ef-87d8-02a6845b4b32 生成新token，终端：my terminal
2024-12-19 09:02:00 - be.model.user - INFO - 用户登录成功：buyer_9_46abceaa-bda4-11ef-87d8-02a6845b4b32
2024-12-19 09:02:00 - be.view.auth - INFO - 登录处理结果: 200
2024-12-19 09:02:00 - werkzeug - INFO - 127.0.0.1 - - [19/Dec/2024 09:02:00] "POST /auth/login HTTP/1.1" 200 -
2024-12-19 09:02:00 - be.view.auth - INFO - 收到登录请求: {'user_id': 'buyer_4_46abceaa-bda4-11ef-87d8-02a6845b4b32', 'password': 'buyer_seller_4_46abceaa-bda4-11ef-87d8-02a6845b4b32', 'terminal': 'my terminal'}
2024-12-19 09:02:00 - be.model.user - INFO - 尝试登录用户：buyer_4_46abceaa-bda4-11ef-87d8-02a6845b4b32，终端：my terminal
2024-12-19 09:02:00 - be.model.user - INFO - 为用户 buyer_4_46abceaa-bda4-11ef-87d8-02a6845b4b32 生成新token，终端：my terminal
2024-12-19 09:02:00 - be.model.user - INFO - 用户登录成功：buyer_4_46abceaa-bda4-11ef-87d8-02a6845b4b32
2024-12-19 09:02:01 - be.view.auth - INFO - 登录处理结果: 200
2024-12-19 09:02:01 - werkzeug - INFO - 127.0.0.1 - - [19/Dec/2024 09:02:01] "POST /auth/login HTTP/1.1" 200 -
2024-12-19 09:02:01 - be.view.auth - INFO - 收到登录请求: {'user_id': 'buyer_6_46abceaa-bda4-11ef-87d8-02a6845b4b32', 'password': 'buyer_seller_6_46abceaa-bda4-11ef-87d8-02a6845b4b32', 'terminal': 'my terminal'}
2024-12-19 09:02:01 - be.model.user - INFO - 尝试登录用户：buyer_6_46abceaa-bda4-11ef-87d8-02a6845b4b32，终端：my terminal
2024-12-19 09:02:01 - be.model.user - INFO - 为用户 buyer_6_46abceaa-bda4-11ef-87d8-02a6845b4b32 生成新token，终端：my terminal
2024-12-19 09:02:01 - be.model.user - INFO - 用户登录成功：buyer_6_46abceaa-bda4-11ef-87d8-02a6845b4b32
2024-12-19 09:02:01 - be.view.auth - INFO - 登录处理结果: 200
2024-12-19 09:02:01 - werkzeug - INFO - 127.0.0.1 - - [19/Dec/2024 09:02:01] "POST /auth/login HTTP/1.1" 200 -
2024-12-19 09:02:01 - be.view.auth - INFO - 收到登录请求: {'user_id': 'buyer_10_46abceaa-bda4-11ef-87d8-02a6845b4b32', 'password': 'buyer_seller_10_46abceaa-bda4-11ef-87d8-02a6845b4b32', 'terminal': 'my terminal'}
2024-12-19 09:02:01 - be.model.user - INFO - 尝试登录用户：buyer_10_46abceaa-bda4-11ef-87d8-02a6845b4b32，终端：my terminal
2024-12-19 09:02:01 - be.model.user - INFO - 为用户 buyer_10_46abceaa-bda4-11ef-87d8-02a6845b4b32 生成新token，终端：my terminal
2024-12-19 09:02:01 - be.model.user - INFO - 用户登录成功：buyer_10_46abceaa-bda4-11ef-87d8-02a6845b4b32
2024-12-19 09:02:01 - be.view.auth - INFO - 登录处理结果: 200
2024-12-19 09:02:01 - werkzeug - INFO - 127.0.0.1 - - [19/Dec/2024 09:02:01] "POST /auth/login HTTP/1.1" 200 -
2024-12-19 09:02:01 - be.view.auth - INFO - 收到登录请求: {'user_id': 'buyer_6_46abceaa-bda4-11ef-87d8-02a6845b4b32', 'password': 'buyer_seller_6_46abceaa-bda4-11ef-87d8-02a6845b4b32', 'terminal': 'my terminal'}
2024-12-19 09:02:01 - be.model.user - INFO - 尝试登录用户：buyer_6_46abceaa-bda4-11ef-87d8-02a6845b4b32，终端：my terminal
2024-12-19 09:02:01 - be.model.user - INFO - 为用户 buyer_6_46abceaa-bda4-11ef-87d8-02a6845b4b32 生成新token，终端：my terminal
2024-12-19 09:02:01 - be.model.user - INFO - 用户登录成功：buyer_6_46abceaa-bda4-11ef-87d8-02a6845b4b32
2024-12-19 09:02:01 - be.view.auth - INFO - 登录处理结果: 200
2024-12-19 09:02:01 - werkzeug - INFO - 127.0.0.1 - - [19/Dec/2024 09:02:01] "POST /auth/login HTTP/1.1" 200 -
2024-12-19 09:02:01 - be.view.auth - INFO - 收到登录请求: {'user_id': 'buyer_6_46abceaa-bda4-11ef-87d8-02a6845b4b32', 'password': 'buyer_seller_6_46abceaa-bda4-11ef-87d8-02a6845b4b32', 'terminal': 'my terminal'}
2024-12-19 09:02:01 - be.model.user - INFO - 尝试登录用户：buyer_6_46abceaa-bda4-11ef-87d8-02a6845b4b32，终端：my terminal
2024-12-19 09:02:01 - be.model.user - INFO - 为用户 buyer_6_46abceaa-bda4-11ef-87d8-02a6845b4b32 生成新token，终端：my terminal
2024-12-19 09:02:01 - be.model.user - INFO - 用户登录成功：buyer_6_46abceaa-bda4-11ef-87d8-02a6845b4b32
2024-12-19 09:02:02 - be.view.auth - INFO - 登录处理结果: 200
2024-12-19 09:02:02 - werkzeug - INFO - 127.0.0.1 - - [19/Dec/2024 09:02:02] "POST /auth/login HTTP/1.1" 200 -
2024-12-19 09:02:02 - be.view.auth - INFO - 收到登录请求: {'user_id': 'buyer_6_46abceaa-bda4-11ef-87d8-02a6845b4b32', 'password': 'buyer_seller_6_46abceaa-bda4-11ef-87d8-02a6845b4b32', 'terminal': 'my terminal'}
2024-12-19 09:02:02 - be.model.user - INFO - 尝试登录用户：buyer_6_46abceaa-bda4-11ef-87d8-02a6845b4b32，终端：my terminal
2024-12-19 09:02:02 - be.model.user - INFO - 为用户 buyer_6_46abceaa-bda4-11ef-87d8-02a6845b4b32 生成新token，终端：my terminal
2024-12-19 09:02:02 - be.model.user - INFO - 用户登录成功：buyer_6_46abceaa-bda4-11ef-87d8-02a6845b4b32
2024-12-19 09:02:02 - be.view.auth - INFO - 登录处理结果: 200
2024-12-19 09:02:02 - werkzeug - INFO - 127.0.0.1 - - [19/Dec/2024 09:02:02] "POST /auth/login HTTP/1.1" 200 -
2024-12-19 09:02:02 - be.view.auth - INFO - 收到登录请求: {'user_id': 'buyer_5_46abceaa-bda4-11ef-87d8-02a6845b4b32', 'password': 'buyer_seller_5_46abceaa-bda4-11ef-87d8-02a6845b4b32', 'terminal': 'my terminal'}
2024-12-19 09:02:02 - be.model.user - INFO - 尝试登录用户：buyer_5_46abceaa-bda4-11ef-87d8-02a6845b4b32，终端：my terminal
2024-12-19 09:02:02 - be.model.user - INFO - 为用户 buyer_5_46abceaa-bda4-11ef-87d8-02a6845b4b32 生成新token，终端：my terminal
2024-12-19 09:02:02 - be.model.user - INFO - 用户登录成功：buyer_5_46abceaa-bda4-11ef-87d8-02a6845b4b32
2024-12-19 09:02:02 - be.view.auth - INFO - 登录处理结果: 200
2024-12-19 09:02:02 - werkzeug - INFO - 127.0.0.1 - - [19/Dec/2024 09:02:02] "POST /auth/login HTTP/1.1" 200 -
2024-12-19 09:02:02 - be.view.auth - INFO - 收到登录请求: {'user_id': 'buyer_1_46abceaa-bda4-11ef-87d8-02a6845b4b32', 'password': 'buyer_seller_1_46abceaa-bda4-11ef-87d8-02a6845b4b32', 'terminal': 'my terminal'}
2024-12-19 09:02:02 - be.model.user - INFO - 尝试登录用户：buyer_1_46abceaa-bda4-11ef-87d8-02a6845b4b32，终端：my terminal
2024-12-19 09:02:02 - be.model.user - INFO - 为用户 buyer_1_46abceaa-bda4-11ef-87d8-02a6845b4b32 生成新token，终端：my terminal
2024-12-19 09:02:02 - be.model.user - INFO - 用户登录成功：buyer_1_46abceaa-bda4-11ef-87d8-02a6845b4b32
2024-12-19 09:02:02 - be.view.auth - INFO - 登录处理结果: 200
2024-12-19 09:02:02 - werkzeug - INFO - 127.0.0.1 - - [19/Dec/2024 09:02:02] "POST /auth/login HTTP/1.1" 200 -
2024-12-19 09:02:02 - be.view.auth - INFO - 收到登录请求: {'user_id': 'buyer_5_46abceaa-bda4-11ef-87d8-02a6845b4b32', 'password': 'buyer_seller_5_46abceaa-bda4-11ef-87d8-02a6845b4b32', 'terminal': 'my terminal'}
2024-12-19 09:02:02 - be.model.user - INFO - 尝试登录用户：buyer_5_46abceaa-bda4-11ef-87d8-02a6845b4b32，终端：my terminal
2024-12-19 09:02:02 - be.model.user - INFO - 为用户 buyer_5_46abceaa-bda4-11ef-87d8-02a6845b4b32 生成新token，终端：my terminal
2024-12-19 09:02:02 - be.model.user - INFO - 用户登录成功：buyer_5_46abceaa-bda4-11ef-87d8-02a6845b4b32
2024-12-19 09:02:03 - be.view.auth - INFO - 登录处理结果: 200
2024-12-19 09:02:03 - werkzeug - INFO - 127.0.0.1 - - [19/Dec/2024 09:02:03] "POST /auth/login HTTP/1.1" 200 -
2024-12-19 09:02:03 - be.view.auth - INFO - 收到登录请求: {'user_id': 'buyer_4_46abceaa-bda4-11ef-87d8-02a6845b4b32', 'password': 'buyer_seller_4_46abceaa-bda4-11ef-87d8-02a6845b4b32', 'terminal': 'my terminal'}
2024-12-19 09:02:03 - be.model.user - INFO - 尝试登录用户：buyer_4_46abceaa-bda4-11ef-87d8-02a6845b4b32，终端：my terminal
2024-12-19 09:02:03 - be.model.user - INFO - 为用户 buyer_4_46abceaa-bda4-11ef-87d8-02a6845b4b32 生成新token，终端：my terminal
2024-12-19 09:02:03 - be.model.user - INFO - 用户登录成功：buyer_4_46abceaa-bda4-11ef-87d8-02a6845b4b32
2024-12-19 09:02:03 - be.view.auth - INFO - 登录处理结果: 200
2024-12-19 09:02:03 - werkzeug - INFO - 127.0.0.1 - - [19/Dec/2024 09:02:03] "POST /auth/login HTTP/1.1" 200 -
2024-12-19 09:02:03 - be.view.auth - INFO - 收到登录请求: {'user_id': 'buyer_6_46abceaa-bda4-11ef-87d8-02a6845b4b32', 'password': 'buyer_seller_6_46abceaa-bda4-11ef-87d8-02a6845b4b32', 'terminal': 'my terminal'}
2024-12-19 09:02:03 - be.model.user - INFO - 尝试登录用户：buyer_6_46abceaa-bda4-11ef-87d8-02a6845b4b32，终端：my terminal
2024-12-19 09:02:03 - be.model.user - INFO - 为用户 buyer_6_46abceaa-bda4-11ef-87d8-02a6845b4b32 生成新token，终端：my terminal
2024-12-19 09:02:03 - be.model.user - INFO - 用户登录成功：buyer_6_46abceaa-bda4-11ef-87d8-02a6845b4b32
2024-12-19 09:02:03 - be.view.auth - INFO - 登录处理结果: 200
2024-12-19 09:02:03 - werkzeug - INFO - 127.0.0.1 - - [19/Dec/2024 09:02:03] "POST /auth/login HTTP/1.1" 200 -
2024-12-19 09:02:03 - be.view.auth - INFO - 收到登录请求: {'user_id': 'buyer_3_46abceaa-bda4-11ef-87d8-02a6845b4b32', 'password': 'buyer_seller_3_46abceaa-bda4-11ef-87d8-02a6845b4b32', 'terminal': 'my terminal'}
2024-12-19 09:02:03 - be.model.user - INFO - 尝试登录用户：buyer_3_46abceaa-bda4-11ef-87d8-02a6845b4b32，终端：my terminal
2024-12-19 09:02:03 - be.model.user - INFO - 为用户 buyer_3_46abceaa-bda4-11ef-87d8-02a6845b4b32 生成新token，终端：my terminal
2024-12-19 09:02:03 - be.model.user - INFO - 用户登录成功：buyer_3_46abceaa-bda4-11ef-87d8-02a6845b4b32
2024-12-19 09:02:03 - be.view.auth - INFO - 登录处理结果: 200
2024-12-19 09:02:03 - werkzeug - INFO - 127.0.0.1 - - [19/Dec/2024 09:02:03] "POST /auth/login HTTP/1.1" 200 -
2024-12-19 09:02:03 - be.view.auth - INFO - 收到登录请求: {'user_id': 'buyer_9_46abceaa-bda4-11ef-87d8-02a6845b4b32', 'password': 'buyer_seller_9_46abceaa-bda4-11ef-87d8-02a6845b4b32', 'terminal': 'my terminal'}
2024-12-19 09:02:03 - be.model.user - INFO - 尝试登录用户：buyer_9_46abceaa-bda4-11ef-87d8-02a6845b4b32，终端：my terminal
2024-12-19 09:02:03 - be.model.user - INFO - 为用户 buyer_9_46abceaa-bda4-11ef-87d8-02a6845b4b32 生成新token，终端：my terminal
2024-12-19 09:02:03 - be.model.user - INFO - 用户登录成功：buyer_9_46abceaa-bda4-11ef-87d8-02a6845b4b32
2024-12-19 09:02:03 - be.view.auth - INFO - 登录处理结果: 200
2024-12-19 09:02:03 - werkzeug - INFO - 127.0.0.1 - - [19/Dec/2024 09:02:03] "POST /auth/login HTTP/1.1" 200 -
2024-12-19 09:02:03 - be.view.auth - INFO - 收到登录请求: {'user_id': 'buyer_2_46abceaa-bda4-11ef-87d8-02a6845b4b32', 'password': 'buyer_seller_2_46abceaa-bda4-11ef-87d8-02a6845b4b32', 'terminal': 'my terminal'}
2024-12-19 09:02:03 - be.model.user - INFO - 尝试登录用户：buyer_2_46abceaa-bda4-11ef-87d8-02a6845b4b32，终端：my terminal
2024-12-19 09:02:04 - be.model.user - INFO - 为用户 buyer_2_46abceaa-bda4-11ef-87d8-02a6845b4b32 生成新token，终端：my terminal
2024-12-19 09:02:04 - be.model.user - INFO - 用户登录成功：buyer_2_46abceaa-bda4-11ef-87d8-02a6845b4b32
2024-12-19 09:02:04 - be.view.auth - INFO - 登录处理结果: 200
2024-12-19 09:02:04 - werkzeug - INFO - 127.0.0.1 - - [19/Dec/2024 09:02:04] "POST /auth/login HTTP/1.1" 200 -
2024-12-19 09:02:04 - be.view.auth - INFO - 收到登录请求: {'user_id': 'buyer_10_46abceaa-bda4-11ef-87d8-02a6845b4b32', 'password': 'buyer_seller_10_46abceaa-bda4-11ef-87d8-02a6845b4b32', 'terminal': 'my terminal'}
2024-12-19 09:02:04 - be.model.user - INFO - 尝试登录用户：buyer_10_46abceaa-bda4-11ef-87d8-02a6845b4b32，终端：my terminal
2024-12-19 09:02:04 - be.model.user - INFO - 为用户 buyer_10_46abceaa-bda4-11ef-87d8-02a6845b4b32 生成新token，终端：my terminal
2024-12-19 09:02:04 - be.model.user - INFO - 用户登录成功：buyer_10_46abceaa-bda4-11ef-87d8-02a6845b4b32
2024-12-19 09:02:04 - be.view.auth - INFO - 登录处理结果: 200
2024-12-19 09:02:04 - werkzeug - INFO - 127.0.0.1 - - [19/Dec/2024 09:02:04] "POST /auth/login HTTP/1.1" 200 -
2024-12-19 09:02:04 - be.view.auth - INFO - 收到登录请求: {'user_id': 'buyer_2_46abceaa-bda4-11ef-87d8-02a6845b4b32', 'password': 'buyer_seller_2_46abceaa-bda4-11ef-87d8-02a6845b4b32', 'terminal': 'my terminal'}
2024-12-19 09:02:04 - be.model.user - INFO - 尝试登录用户：buyer_2_46abceaa-bda4-11ef-87d8-02a6845b4b32，终端：my terminal
2024-12-19 09:02:04 - be.model.user - INFO - 为用户 buyer_2_46abceaa-bda4-11ef-87d8-02a6845b4b32 生成新token，终端：my terminal
2024-12-19 09:02:04 - be.model.user - INFO - 用户登录成功：buyer_2_46abceaa-bda4-11ef-87d8-02a6845b4b32
2024-12-19 09:02:04 - be.view.auth - INFO - 登录处理结果: 200
2024-12-19 09:02:04 - werkzeug - INFO - 127.0.0.1 - - [19/Dec/2024 09:02:04] "POST /auth/login HTTP/1.1" 200 -
2024-12-19 09:02:04 - be.view.auth - INFO - 收到登录请求: {'user_id': 'buyer_1_46abceaa-bda4-11ef-87d8-02a6845b4b32', 'password': 'buyer_seller_1_46abceaa-bda4-11ef-87d8-02a6845b4b32', 'terminal': 'my terminal'}
2024-12-19 09:02:04 - be.model.user - INFO - 尝试登录用户：buyer_1_46abceaa-bda4-11ef-87d8-02a6845b4b32，终端：my terminal
2024-12-19 09:02:04 - be.model.user - INFO - 为用户 buyer_1_46abceaa-bda4-11ef-87d8-02a6845b4b32 生成新token，终端：my terminal
2024-12-19 09:02:04 - be.model.user - INFO - 用户登录成功：buyer_1_46abceaa-bda4-11ef-87d8-02a6845b4b32
2024-12-19 09:02:04 - be.view.auth - INFO - 登录处理结果: 200
2024-12-19 09:02:04 - werkzeug - INFO - 127.0.0.1 - - [19/Dec/2024 09:02:04] "POST /auth/login HTTP/1.1" 200 -
2024-12-19 09:02:04 - be.view.auth - INFO - 收到登录请求: {'user_id': 'buyer_10_46abceaa-bda4-11ef-87d8-02a6845b4b32', 'password': 'buyer_seller_10_46abceaa-bda4-11ef-87d8-02a6845b4b32', 'terminal': 'my terminal'}
2024-12-19 09:02:04 - be.model.user - INFO - 尝试登录用户：buyer_10_46abceaa-bda4-11ef-87d8-02a6845b4b32，终端：my terminal
2024-12-19 09:02:05 - be.model.user - INFO - 为用户 buyer_10_46abceaa-bda4-11ef-87d8-02a6845b4b32 生成新token，终端：my terminal
2024-12-19 09:02:05 - be.model.user - INFO - 用户登录成功：buyer_10_46abceaa-bda4-11ef-87d8-02a6845b4b32
2024-12-19 09:02:05 - be.view.auth - INFO - 登录处理结果: 200
2024-12-19 09:02:05 - werkzeug - INFO - 127.0.0.1 - - [19/Dec/2024 09:02:05] "POST /auth/login HTTP/1.1" 200 -
2024-12-19 09:02:05 - be.view.auth - INFO - 收到登录请求: {'user_id': 'buyer_3_46abceaa-bda4-11ef-87d8-02a6845b4b32', 'password': 'buyer_seller_3_46abceaa-bda4-11ef-87d8-02a6845b4b32', 'terminal': 'my terminal'}
2024-12-19 09:02:05 - be.model.user - INFO - 尝试登录用户：buyer_3_46abceaa-bda4-11ef-87d8-02a6845b4b32，终端：my terminal
2024-12-19 09:02:05 - be.model.user - INFO - 为用户 buyer_3_46abceaa-bda4-11ef-87d8-02a6845b4b32 生成新token，终端：my terminal
2024-12-19 09:02:05 - be.model.user - INFO - 用户登录成功：buyer_3_46abceaa-bda4-11ef-87d8-02a6845b4b32
2024-12-19 09:02:05 - be.view.auth - INFO - 登录处理结果: 200
2024-12-19 09:02:05 - werkzeug - INFO - 127.0.0.1 - - [19/Dec/2024 09:02:05] "POST /auth/login HTTP/1.1" 200 -
2024-12-19 09:02:05 - be.view.auth - INFO - 收到登录请求: {'user_id': 'buyer_6_46abceaa-bda4-11ef-87d8-02a6845b4b32', 'password': 'buyer_seller_6_46abceaa-bda4-11ef-87d8-02a6845b4b32', 'terminal': 'my terminal'}
2024-12-19 09:02:05 - be.model.user - INFO - 尝试登录用户：buyer_6_46abceaa-bda4-11ef-87d8-02a6845b4b32，终端：my terminal
2024-12-19 09:02:05 - be.model.user - INFO - 为用户 buyer_6_46abceaa-bda4-11ef-87d8-02a6845b4b32 生成新token，终端：my terminal
2024-12-19 09:02:05 - be.model.user - INFO - 用户登录成功：buyer_6_46abceaa-bda4-11ef-87d8-02a6845b4b32
2024-12-19 09:02:05 - be.view.auth - INFO - 登录处理结果: 200
2024-12-19 09:02:05 - werkzeug - INFO - 127.0.0.1 - - [19/Dec/2024 09:02:05] "POST /auth/login HTTP/1.1" 200 -
2024-12-19 09:02:05 - be.view.auth - INFO - 收到登录请求: {'user_id': 'buyer_1_46abceaa-bda4-11ef-87d8-02a6845b4b32', 'password': 'buyer_seller_1_46abceaa-bda4-11ef-87d8-02a6845b4b32', 'terminal': 'my terminal'}
2024-12-19 09:02:05 - be.model.user - INFO - 尝试登录用户：buyer_1_46abceaa-bda4-11ef-87d8-02a6845b4b32，终端：my terminal
2024-12-19 09:02:05 - be.model.user - INFO - 为用户 buyer_1_46abceaa-bda4-11ef-87d8-02a6845b4b32 生成新token，终端：my terminal
2024-12-19 09:02:05 - be.model.user - INFO - 用户登录成功：buyer_1_46abceaa-bda4-11ef-87d8-02a6845b4b32
2024-12-19 09:02:05 - be.view.auth - INFO - 登录处理结果: 200
2024-12-19 09:02:05 - werkzeug - INFO - 127.0.0.1 - - [19/Dec/2024 09:02:05] "POST /auth/login HTTP/1.1" 200 -
2024-12-19 09:02:05 - be.view.auth - INFO - 收到登录请求: {'user_id': 'buyer_3_46abceaa-bda4-11ef-87d8-02a6845b4b32', 'password': 'buyer_seller_3_46abceaa-bda4-11ef-87d8-02a6845b4b32', 'terminal': 'my terminal'}
2024-12-19 09:02:05 - be.model.user - INFO - 尝试登录用户：buyer_3_46abceaa-bda4-11ef-87d8-02a6845b4b32，终端：my terminal
2024-12-19 09:02:06 - be.model.user - INFO - 为用户 buyer_3_46abceaa-bda4-11ef-87d8-02a6845b4b32 生成新token，终端：my terminal
2024-12-19 09:02:06 - be.model.user - INFO - 用户登录成功：buyer_3_46abceaa-bda4-11ef-87d8-02a6845b4b32
2024-12-19 09:02:06 - be.view.auth - INFO - 登录处理结果: 200
2024-12-19 09:02:06 - werkzeug - INFO - 127.0.0.1 - - [19/Dec/2024 09:02:06] "POST /auth/login HTTP/1.1" 200 -
2024-12-19 09:02:06 - be.view.auth - INFO - 收到登录请求: {'user_id': 'buyer_5_46abceaa-bda4-11ef-87d8-02a6845b4b32', 'password': 'buyer_seller_5_46abceaa-bda4-11ef-87d8-02a6845b4b32', 'terminal': 'my terminal'}
2024-12-19 09:02:06 - be.model.user - INFO - 尝试登录用户：buyer_5_46abceaa-bda4-11ef-87d8-02a6845b4b32，终端：my terminal
2024-12-19 09:02:06 - be.model.user - INFO - 为用户 buyer_5_46abceaa-bda4-11ef-87d8-02a6845b4b32 生成新token，终端：my terminal
2024-12-19 09:02:06 - be.model.user - INFO - 用户登录成功：buyer_5_46abceaa-bda4-11ef-87d8-02a6845b4b32
2024-12-19 09:02:06 - be.view.auth - INFO - 登录处理结果: 200
2024-12-19 09:02:06 - werkzeug - INFO - 127.0.0.1 - - [19/Dec/2024 09:02:06] "POST /auth/login HTTP/1.1" 200 -
2024-12-19 09:02:06 - be.view.auth - INFO - 收到登录请求: {'user_id': 'buyer_5_46abceaa-bda4-11ef-87d8-02a6845b4b32', 'password': 'buyer_seller_5_46abceaa-bda4-11ef-87d8-02a6845b4b32', 'terminal': 'my terminal'}
2024-12-19 09:02:06 - be.model.user - INFO - 尝试登录用户：buyer_5_46abceaa-bda4-11ef-87d8-02a6845b4b32，终端：my terminal
2024-12-19 09:02:06 - be.model.user - INFO - 为用户 buyer_5_46abceaa-bda4-11ef-87d8-02a6845b4b32 生成新token，终端：my terminal
2024-12-19 09:02:06 - be.model.user - INFO - 用户登录成功：buyer_5_46abceaa-bda4-11ef-87d8-02a6845b4b32
2024-12-19 09:02:06 - be.view.auth - INFO - 登录处理结果: 200
2024-12-19 09:02:06 - werkzeug - INFO - 127.0.0.1 - - [19/Dec/2024 09:02:06] "POST /auth/login HTTP/1.1" 200 -
2024-12-19 09:02:06 - be.view.auth - INFO - 收到登录请求: {'user_id': 'buyer_2_46abceaa-bda4-11ef-87d8-02a6845b4b32', 'password': 'buyer_seller_2_46abceaa-bda4-11ef-87d8-02a6845b4b32', 'terminal': 'my terminal'}
2024-12-19 09:02:06 - be.model.user - INFO - 尝试登录用户：buyer_2_46abceaa-bda4-11ef-87d8-02a6845b4b32，终端：my terminal
2024-12-19 09:02:06 - be.model.user - INFO - 为用户 buyer_2_46abceaa-bda4-11ef-87d8-02a6845b4b32 生成新token，终端：my terminal
2024-12-19 09:02:06 - be.model.user - INFO - 用户登录成功：buyer_2_46abceaa-bda4-11ef-87d8-02a6845b4b32
2024-12-19 09:02:06 - be.view.auth - INFO - 登录处理结果: 200
2024-12-19 09:02:06 - werkzeug - INFO - 127.0.0.1 - - [19/Dec/2024 09:02:06] "POST /auth/login HTTP/1.1" 200 -
2024-12-19 09:02:06 - be.view.auth - INFO - 收到登录请求: {'user_id': 'buyer_5_46abceaa-bda4-11ef-87d8-02a6845b4b32', 'password': 'buyer_seller_5_46abceaa-bda4-11ef-87d8-02a6845b4b32', 'terminal': 'my terminal'}
2024-12-19 09:02:06 - be.model.user - INFO - 尝试登录用户：buyer_5_46abceaa-bda4-11ef-87d8-02a6845b4b32，终端：my terminal
2024-12-19 09:02:07 - be.model.user - INFO - 为用户 buyer_5_46abceaa-bda4-11ef-87d8-02a6845b4b32 生成新token，终端：my terminal
2024-12-19 09:02:07 - be.model.user - INFO - 用户登录成功：buyer_5_46abceaa-bda4-11ef-87d8-02a6845b4b32
2024-12-19 09:02:07 - be.view.auth - INFO - 登录处理结果: 200
2024-12-19 09:02:07 - werkzeug - INFO - 127.0.0.1 - - [19/Dec/2024 09:02:07] "POST /auth/login HTTP/1.1" 200 -
2024-12-19 09:02:07 - be.view.auth - INFO - 收到登录请求: {'user_id': 'buyer_10_46abceaa-bda4-11ef-87d8-02a6845b4b32', 'password': 'buyer_seller_10_46abceaa-bda4-11ef-87d8-02a6845b4b32', 'terminal': 'my terminal'}
2024-12-19 09:02:07 - be.model.user - INFO - 尝试登录用户：buyer_10_46abceaa-bda4-11ef-87d8-02a6845b4b32，终端：my terminal
2024-12-19 09:02:07 - be.model.user - INFO - 为用户 buyer_10_46abceaa-bda4-11ef-87d8-02a6845b4b32 生成新token，终端：my terminal
2024-12-19 09:02:07 - be.model.user - INFO - 用户登录成功：buyer_10_46abceaa-bda4-11ef-87d8-02a6845b4b32
2024-12-19 09:02:07 - be.view.auth - INFO - 登录处理结果: 200
2024-12-19 09:02:07 - werkzeug - INFO - 127.0.0.1 - - [19/Dec/2024 09:02:07] "POST /auth/login HTTP/1.1" 200 -
2024-12-19 09:02:07 - be.view.auth - INFO - 收到登录请求: {'user_id': 'buyer_4_46abceaa-bda4-11ef-87d8-02a6845b4b32', 'password': 'buyer_seller_4_46abceaa-bda4-11ef-87d8-02a6845b4b32', 'terminal': 'my terminal'}
2024-12-19 09:02:07 - be.model.user - INFO - 尝试登录用户：buyer_4_46abceaa-bda4-11ef-87d8-02a6845b4b32，终端：my terminal
2024-12-19 09:02:07 - be.model.user - INFO - 为用户 buyer_4_46abceaa-bda4-11ef-87d8-02a6845b4b32 生成新token，终端：my terminal
2024-12-19 09:02:07 - be.model.user - INFO - 用户登录成功：buyer_4_46abceaa-bda4-11ef-87d8-02a6845b4b32
2024-12-19 09:02:07 - be.view.auth - INFO - 登录处理结果: 200
2024-12-19 09:02:07 - werkzeug - INFO - 127.0.0.1 - - [19/Dec/2024 09:02:07] "POST /auth/login HTTP/1.1" 200 -
2024-12-19 09:02:07 - be.view.auth - INFO - 收到登录请求: {'user_id': 'buyer_4_46abceaa-bda4-11ef-87d8-02a6845b4b32', 'password': 'buyer_seller_4_46abceaa-bda4-11ef-87d8-02a6845b4b32', 'terminal': 'my terminal'}
2024-12-19 09:02:07 - be.model.user - INFO - 尝试登录用户：buyer_4_46abceaa-bda4-11ef-87d8-02a6845b4b32，终端：my terminal
2024-12-19 09:02:07 - be.model.user - INFO - 为用户 buyer_4_46abceaa-bda4-11ef-87d8-02a6845b4b32 生成新token，终端：my terminal
2024-12-19 09:02:07 - be.model.user - INFO - 用户登录成功：buyer_4_46abceaa-bda4-11ef-87d8-02a6845b4b32
2024-12-19 09:02:07 - be.view.auth - INFO - 登录处理结果: 200
2024-12-19 09:02:07 - werkzeug - INFO - 127.0.0.1 - - [19/Dec/2024 09:02:07] "POST /auth/login HTTP/1.1" 200 -
2024-12-19 09:02:07 - be.view.auth - INFO - 收到登录请求: {'user_id': 'buyer_5_46abceaa-bda4-11ef-87d8-02a6845b4b32', 'password': 'buyer_seller_5_46abceaa-bda4-11ef-87d8-02a6845b4b32', 'terminal': 'my terminal'}
2024-12-19 09:02:07 - be.model.user - INFO - 尝试登录用户：buyer_5_46abceaa-bda4-11ef-87d8-02a6845b4b32，终端：my terminal
2024-12-19 09:02:07 - be.model.user - INFO - 为用户 buyer_5_46abceaa-bda4-11ef-87d8-02a6845b4b32 生成新token，终端：my terminal
2024-12-19 09:02:07 - be.model.user - INFO - 用户登录成功：buyer_5_46abceaa-bda4-11ef-87d8-02a6845b4b32
2024-12-19 09:02:08 - be.view.auth - INFO - 登录处理结果: 200
2024-12-19 09:02:08 - werkzeug - INFO - 127.0.0.1 - - [19/Dec/2024 09:02:08] "POST /auth/login HTTP/1.1" 200 -
2024-12-19 09:02:08 - be.view.auth - INFO - 收到登录请求: {'user_id': 'buyer_1_46abceaa-bda4-11ef-87d8-02a6845b4b32', 'password': 'buyer_seller_1_46abceaa-bda4-11ef-87d8-02a6845b4b32', 'terminal': 'my terminal'}
2024-12-19 09:02:08 - be.model.user - INFO - 尝试登录用户：buyer_1_46abceaa-bda4-11ef-87d8-02a6845b4b32，终端：my terminal
2024-12-19 09:02:08 - be.model.user - INFO - 为用户 buyer_1_46abceaa-bda4-11ef-87d8-02a6845b4b32 生成新token，终端：my terminal
2024-12-19 09:02:08 - be.model.user - INFO - 用户登录成功：buyer_1_46abceaa-bda4-11ef-87d8-02a6845b4b32
2024-12-19 09:02:08 - be.view.auth - INFO - 登录处理结果: 200
2024-12-19 09:02:08 - werkzeug - INFO - 127.0.0.1 - - [19/Dec/2024 09:02:08] "POST /auth/login HTTP/1.1" 200 -
2024-12-19 09:02:08 - be.view.auth - INFO - 收到登录请求: {'user_id': 'buyer_8_46abceaa-bda4-11ef-87d8-02a6845b4b32', 'password': 'buyer_seller_8_46abceaa-bda4-11ef-87d8-02a6845b4b32', 'terminal': 'my terminal'}
2024-12-19 09:02:08 - be.model.user - INFO - 尝试登录用户：buyer_8_46abceaa-bda4-11ef-87d8-02a6845b4b32，终端：my terminal
2024-12-19 09:02:08 - be.model.user - INFO - 为用户 buyer_8_46abceaa-bda4-11ef-87d8-02a6845b4b32 生成新token，终端：my terminal
2024-12-19 09:02:08 - be.model.user - INFO - 用户登录成功：buyer_8_46abceaa-bda4-11ef-87d8-02a6845b4b32
2024-12-19 09:02:08 - be.view.auth - INFO - 登录处理结果: 200
2024-12-19 09:02:08 - werkzeug - INFO - 127.0.0.1 - - [19/Dec/2024 09:02:08] "POST /auth/login HTTP/1.1" 200 -
2024-12-19 09:02:08 - be.view.auth - INFO - 收到登录请求: {'user_id': 'buyer_2_46abceaa-bda4-11ef-87d8-02a6845b4b32', 'password': 'buyer_seller_2_46abceaa-bda4-11ef-87d8-02a6845b4b32', 'terminal': 'my terminal'}
2024-12-19 09:02:08 - be.model.user - INFO - 尝试登录用户：buyer_2_46abceaa-bda4-11ef-87d8-02a6845b4b32，终端：my terminal
2024-12-19 09:02:08 - be.model.user - INFO - 为用户 buyer_2_46abceaa-bda4-11ef-87d8-02a6845b4b32 生成新token，终端：my terminal
2024-12-19 09:02:08 - be.model.user - INFO - 用户登录成功：buyer_2_46abceaa-bda4-11ef-87d8-02a6845b4b32
2024-12-19 09:02:08 - be.view.auth - INFO - 登录处理结果: 200
2024-12-19 09:02:08 - werkzeug - INFO - 127.0.0.1 - - [19/Dec/2024 09:02:08] "POST /auth/login HTTP/1.1" 200 -
2024-12-19 09:02:08 - be.view.auth - INFO - 收到登录请求: {'user_id': 'buyer_4_46abceaa-bda4-11ef-87d8-02a6845b4b32', 'password': 'buyer_seller_4_46abceaa-bda4-11ef-87d8-02a6845b4b32', 'terminal': 'my terminal'}
2024-12-19 09:02:08 - be.model.user - INFO - 尝试登录用户：buyer_4_46abceaa-bda4-11ef-87d8-02a6845b4b32，终端：my terminal
2024-12-19 09:02:08 - be.model.user - INFO - 为用户 buyer_4_46abceaa-bda4-11ef-87d8-02a6845b4b32 生成新token，终端：my terminal
2024-12-19 09:02:08 - be.model.user - INFO - 用户登录成功：buyer_4_46abceaa-bda4-11ef-87d8-02a6845b4b32
2024-12-19 09:02:09 - be.view.auth - INFO - 登录处理结果: 200
2024-12-19 09:02:09 - werkzeug - INFO - 127.0.0.1 - - [19/Dec/2024 09:02:09] "POST /auth/login HTTP/1.1" 200 -
2024-12-19 09:02:09 - be.view.auth - INFO - 收到登录请求: {'user_id': 'buyer_7_46abceaa-bda4-11ef-87d8-02a6845b4b32', 'password': 'buyer_seller_7_46abceaa-bda4-11ef-87d8-02a6845b4b32', 'terminal': 'my terminal'}
2024-12-19 09:02:09 - be.model.user - INFO - 尝试登录用户：buyer_7_46abceaa-bda4-11ef-87d8-02a6845b4b32，终端：my terminal
2024-12-19 09:02:09 - be.model.user - INFO - 为用户 buyer_7_46abceaa-bda4-11ef-87d8-02a6845b4b32 生成新token，终端：my terminal
2024-12-19 09:02:09 - be.model.user - INFO - 用户登录成功：buyer_7_46abceaa-bda4-11ef-87d8-02a6845b4b32
2024-12-19 09:02:09 - be.view.auth - INFO - 登录处理结果: 200
2024-12-19 09:02:09 - werkzeug - INFO - 127.0.0.1 - - [19/Dec/2024 09:02:09] "POST /auth/login HTTP/1.1" 200 -
2024-12-19 09:02:09 - be.view.auth - INFO - 收到登录请求: {'user_id': 'buyer_1_46abceaa-bda4-11ef-87d8-02a6845b4b32', 'password': 'buyer_seller_1_46abceaa-bda4-11ef-87d8-02a6845b4b32', 'terminal': 'my terminal'}
2024-12-19 09:02:09 - be.model.user - INFO - 尝试登录用户：buyer_1_46abceaa-bda4-11ef-87d8-02a6845b4b32，终端：my terminal
2024-12-19 09:02:09 - be.model.user - INFO - 为用户 buyer_1_46abceaa-bda4-11ef-87d8-02a6845b4b32 生成新token，终端：my terminal
2024-12-19 09:02:09 - be.model.user - INFO - 用户登录成功：buyer_1_46abceaa-bda4-11ef-87d8-02a6845b4b32
2024-12-19 09:02:09 - be.view.auth - INFO - 登录处理结果: 200
2024-12-19 09:02:09 - werkzeug - INFO - 127.0.0.1 - - [19/Dec/2024 09:02:09] "POST /auth/login HTTP/1.1" 200 -
2024-12-19 09:02:09 - be.view.auth - INFO - 收到登录请求: {'user_id': 'buyer_8_46abceaa-bda4-11ef-87d8-02a6845b4b32', 'password': 'buyer_seller_8_46abceaa-bda4-11ef-87d8-02a6845b4b32', 'terminal': 'my terminal'}
2024-12-19 09:02:09 - be.model.user - INFO - 尝试登录用户：buyer_8_46abceaa-bda4-11ef-87d8-02a6845b4b32，终端：my terminal
2024-12-19 09:02:09 - be.model.user - INFO - 为用户 buyer_8_46abceaa-bda4-11ef-87d8-02a6845b4b32 生成新token，终端：my terminal
2024-12-19 09:02:09 - be.model.user - INFO - 用户登录成功：buyer_8_46abceaa-bda4-11ef-87d8-02a6845b4b32
2024-12-19 09:02:09 - be.view.auth - INFO - 登录处理结果: 200
2024-12-19 09:02:09 - werkzeug - INFO - 127.0.0.1 - - [19/Dec/2024 09:02:09] "POST /auth/login HTTP/1.1" 200 -
2024-12-19 09:02:09 - be.view.auth - INFO - 收到登录请求: {'user_id': 'buyer_5_46abceaa-bda4-11ef-87d8-02a6845b4b32', 'password': 'buyer_seller_5_46abceaa-bda4-11ef-87d8-02a6845b4b32', 'terminal': 'my terminal'}
2024-12-19 09:02:09 - be.model.user - INFO - 尝试登录用户：buyer_5_46abceaa-bda4-11ef-87d8-02a6845b4b32，终端：my terminal
2024-12-19 09:02:09 - be.model.user - INFO - 为用户 buyer_5_46abceaa-bda4-11ef-87d8-02a6845b4b32 生成新token，终端：my terminal
2024-12-19 09:02:09 - be.model.user - INFO - 用户登录成功：buyer_5_46abceaa-bda4-11ef-87d8-02a6845b4b32
2024-12-19 09:02:10 - be.view.auth - INFO - 登录处理结果: 200
2024-12-19 09:02:10 - werkzeug - INFO - 127.0.0.1 - - [19/Dec/2024 09:02:10] "POST /auth/login HTTP/1.1" 200 -
2024-12-19 09:02:10 - be.view.auth - INFO - 收到登录请求: {'user_id': 'buyer_6_46abceaa-bda4-11ef-87d8-02a6845b4b32', 'password': 'buyer_seller_6_46abceaa-bda4-11ef-87d8-02a6845b4b32', 'terminal': 'my terminal'}
2024-12-19 09:02:10 - be.model.user - INFO - 尝试登录用户：buyer_6_46abceaa-bda4-11ef-87d8-02a6845b4b32，终端：my terminal
2024-12-19 09:02:10 - be.model.user - INFO - 为用户 buyer_6_46abceaa-bda4-11ef-87d8-02a6845b4b32 生成新token，终端：my terminal
2024-12-19 09:02:10 - be.model.user - INFO - 用户登录成功：buyer_6_46abceaa-bda4-11ef-87d8-02a6845b4b32
2024-12-19 09:02:10 - be.view.auth - INFO - 登录处理结果: 200
2024-12-19 09:02:10 - werkzeug - INFO - 127.0.0.1 - - [19/Dec/2024 09:02:10] "POST /auth/login HTTP/1.1" 200 -
2024-12-19 09:02:10 - be.view.auth - INFO - 收到登录请求: {'user_id': 'buyer_3_46abceaa-bda4-11ef-87d8-02a6845b4b32', 'password': 'buyer_seller_3_46abceaa-bda4-11ef-87d8-02a6845b4b32', 'terminal': 'my terminal'}
2024-12-19 09:02:10 - be.model.user - INFO - 尝试登录用户：buyer_3_46abceaa-bda4-11ef-87d8-02a6845b4b32，终端：my terminal
2024-12-19 09:02:10 - be.model.user - INFO - 为用户 buyer_3_46abceaa-bda4-11ef-87d8-02a6845b4b32 生成新token，终端：my terminal
2024-12-19 09:02:10 - be.model.user - INFO - 用户登录成功：buyer_3_46abceaa-bda4-11ef-87d8-02a6845b4b32
2024-12-19 09:02:10 - be.view.auth - INFO - 登录处理结果: 200
2024-12-19 09:02:10 - werkzeug - INFO - 127.0.0.1 - - [19/Dec/2024 09:02:10] "POST /auth/login HTTP/1.1" 200 -
2024-12-19 09:02:10 - be.view.auth - INFO - 收到登录请求: {'user_id': 'buyer_5_46abceaa-bda4-11ef-87d8-02a6845b4b32', 'password': 'buyer_seller_5_46abceaa-bda4-11ef-87d8-02a6845b4b32', 'terminal': 'my terminal'}
2024-12-19 09:02:10 - be.model.user - INFO - 尝试登录用户：buyer_5_46abceaa-bda4-11ef-87d8-02a6845b4b32，终端：my terminal
2024-12-19 09:02:10 - be.model.user - INFO - 为用户 buyer_5_46abceaa-bda4-11ef-87d8-02a6845b4b32 生成新token，终端：my terminal
2024-12-19 09:02:10 - be.model.user - INFO - 用户登录成功：buyer_5_46abceaa-bda4-11ef-87d8-02a6845b4b32
2024-12-19 09:02:10 - be.view.auth - INFO - 登录处理结果: 200
2024-12-19 09:02:10 - werkzeug - INFO - 127.0.0.1 - - [19/Dec/2024 09:02:10] "POST /auth/login HTTP/1.1" 200 -
2024-12-19 09:02:10 - be.view.auth - INFO - 收到登录请求: {'user_id': 'buyer_1_46abceaa-bda4-11ef-87d8-02a6845b4b32', 'password': 'buyer_seller_1_46abceaa-bda4-11ef-87d8-02a6845b4b32', 'terminal': 'my terminal'}
2024-12-19 09:02:10 - be.model.user - INFO - 尝试登录用户：buyer_1_46abceaa-bda4-11ef-87d8-02a6845b4b32，终端：my terminal
2024-12-19 09:02:10 - be.model.user - INFO - 为用户 buyer_1_46abceaa-bda4-11ef-87d8-02a6845b4b32 生成新token，终端：my terminal
2024-12-19 09:02:10 - be.model.user - INFO - 用户登录成功：buyer_1_46abceaa-bda4-11ef-87d8-02a6845b4b32
2024-12-19 09:02:10 - be.view.auth - INFO - 登录处理结果: 200
2024-12-19 09:02:10 - werkzeug - INFO - 127.0.0.1 - - [19/Dec/2024 09:02:10] "POST /auth/login HTTP/1.1" 200 -
2024-12-19 09:02:10 - be.view.auth - INFO - 收到登录请求: {'user_id': 'buyer_10_46abceaa-bda4-11ef-87d8-02a6845b4b32', 'password': 'buyer_seller_10_46abceaa-bda4-11ef-87d8-02a6845b4b32', 'terminal': 'my terminal'}
2024-12-19 09:02:10 - be.model.user - INFO - 尝试登录用户：buyer_10_46abceaa-bda4-11ef-87d8-02a6845b4b32，终端：my terminal
2024-12-19 09:02:11 - be.model.user - INFO - 为用户 buyer_10_46abceaa-bda4-11ef-87d8-02a6845b4b32 生成新token，终端：my terminal
2024-12-19 09:02:11 - be.model.user - INFO - 用户登录成功：buyer_10_46abceaa-bda4-11ef-87d8-02a6845b4b32
2024-12-19 09:02:11 - be.view.auth - INFO - 登录处理结果: 200
2024-12-19 09:02:11 - werkzeug - INFO - 127.0.0.1 - - [19/Dec/2024 09:02:11] "POST /auth/login HTTP/1.1" 200 -
2024-12-19 09:02:11 - be.view.auth - INFO - 收到登录请求: {'user_id': 'buyer_6_46abceaa-bda4-11ef-87d8-02a6845b4b32', 'password': 'buyer_seller_6_46abceaa-bda4-11ef-87d8-02a6845b4b32', 'terminal': 'my terminal'}
2024-12-19 09:02:11 - be.model.user - INFO - 尝试登录用户：buyer_6_46abceaa-bda4-11ef-87d8-02a6845b4b32，终端：my terminal
2024-12-19 09:02:11 - be.model.user - INFO - 为用户 buyer_6_46abceaa-bda4-11ef-87d8-02a6845b4b32 生成新token，终端：my terminal
2024-12-19 09:02:11 - be.model.user - INFO - 用户登录成功：buyer_6_46abceaa-bda4-11ef-87d8-02a6845b4b32
2024-12-19 09:02:11 - be.view.auth - INFO - 登录处理结果: 200
2024-12-19 09:02:11 - werkzeug - INFO - 127.0.0.1 - - [19/Dec/2024 09:02:11] "POST /auth/login HTTP/1.1" 200 -
2024-12-19 09:02:11 - be.view.auth - INFO - 收到登录请求: {'user_id': 'buyer_6_46abceaa-bda4-11ef-87d8-02a6845b4b32', 'password': 'buyer_seller_6_46abceaa-bda4-11ef-87d8-02a6845b4b32', 'terminal': 'my terminal'}
2024-12-19 09:02:11 - be.model.user - INFO - 尝试登录用户：buyer_6_46abceaa-bda4-11ef-87d8-02a6845b4b32，终端：my terminal
2024-12-19 09:02:11 - be.model.user - INFO - 为用户 buyer_6_46abceaa-bda4-11ef-87d8-02a6845b4b32 生成新token，终端：my terminal
2024-12-19 09:02:11 - be.model.user - INFO - 用户登录成功：buyer_6_46abceaa-bda4-11ef-87d8-02a6845b4b32
2024-12-19 09:02:11 - be.view.auth - INFO - 登录处理结果: 200
2024-12-19 09:02:11 - werkzeug - INFO - 127.0.0.1 - - [19/Dec/2024 09:02:11] "POST /auth/login HTTP/1.1" 200 -
2024-12-19 09:02:11 - be.view.auth - INFO - 收到登录请求: {'user_id': 'buyer_6_46abceaa-bda4-11ef-87d8-02a6845b4b32', 'password': 'buyer_seller_6_46abceaa-bda4-11ef-87d8-02a6845b4b32', 'terminal': 'my terminal'}
2024-12-19 09:02:11 - be.model.user - INFO - 尝试登录用户：buyer_6_46abceaa-bda4-11ef-87d8-02a6845b4b32，终端：my terminal
2024-12-19 09:02:11 - be.model.user - INFO - 为用户 buyer_6_46abceaa-bda4-11ef-87d8-02a6845b4b32 生成新token，终端：my terminal
2024-12-19 09:02:11 - be.model.user - INFO - 用户登录成功：buyer_6_46abceaa-bda4-11ef-87d8-02a6845b4b32
2024-12-19 09:02:12 - be.view.auth - INFO - 登录处理结果: 200
2024-12-19 09:02:12 - werkzeug - INFO - 127.0.0.1 - - [19/Dec/2024 09:02:12] "POST /auth/login HTTP/1.1" 200 -
2024-12-19 09:02:12 - be.view.auth - INFO - 收到登录请求: {'user_id': 'buyer_1_46abceaa-bda4-11ef-87d8-02a6845b4b32', 'password': 'buyer_seller_1_46abceaa-bda4-11ef-87d8-02a6845b4b32', 'terminal': 'my terminal'}
2024-12-19 09:02:12 - be.model.user - INFO - 尝试登录用户：buyer_1_46abceaa-bda4-11ef-87d8-02a6845b4b32，终端：my terminal
2024-12-19 09:02:12 - be.model.user - INFO - 为用户 buyer_1_46abceaa-bda4-11ef-87d8-02a6845b4b32 生成新token，终端：my terminal
2024-12-19 09:02:12 - be.model.user - INFO - 用户登录成功：buyer_1_46abceaa-bda4-11ef-87d8-02a6845b4b32
2024-12-19 09:02:12 - be.view.auth - INFO - 登录处理结果: 200
2024-12-19 09:02:12 - werkzeug - INFO - 127.0.0.1 - - [19/Dec/2024 09:02:12] "POST /auth/login HTTP/1.1" 200 -
2024-12-19 09:02:12 - be.view.auth - INFO - 收到登录请求: {'user_id': 'buyer_7_46abceaa-bda4-11ef-87d8-02a6845b4b32', 'password': 'buyer_seller_7_46abceaa-bda4-11ef-87d8-02a6845b4b32', 'terminal': 'my terminal'}
2024-12-19 09:02:12 - be.model.user - INFO - 尝试登录用户：buyer_7_46abceaa-bda4-11ef-87d8-02a6845b4b32，终端：my terminal
2024-12-19 09:02:12 - be.model.user - INFO - 为用户 buyer_7_46abceaa-bda4-11ef-87d8-02a6845b4b32 生成新token，终端：my terminal
2024-12-19 09:02:12 - be.model.user - INFO - 用户登录成功：buyer_7_46abceaa-bda4-11ef-87d8-02a6845b4b32
2024-12-19 09:02:12 - be.view.auth - INFO - 登录处理结果: 200
2024-12-19 09:02:12 - werkzeug - INFO - 127.0.0.1 - - [19/Dec/2024 09:02:12] "POST /auth/login HTTP/1.1" 200 -
2024-12-19 09:02:12 - be.view.auth - INFO - 收到登录请求: {'user_id': 'buyer_2_46abceaa-bda4-11ef-87d8-02a6845b4b32', 'password': 'buyer_seller_2_46abceaa-bda4-11ef-87d8-02a6845b4b32', 'terminal': 'my terminal'}
2024-12-19 09:02:12 - be.model.user - INFO - 尝试登录用户：buyer_2_46abceaa-bda4-11ef-87d8-02a6845b4b32，终端：my terminal
2024-12-19 09:02:12 - be.model.user - INFO - 为用户 buyer_2_46abceaa-bda4-11ef-87d8-02a6845b4b32 生成新token，终端：my terminal
2024-12-19 09:02:12 - be.model.user - INFO - 用户登录成功：buyer_2_46abceaa-bda4-11ef-87d8-02a6845b4b32
2024-12-19 09:02:12 - be.view.auth - INFO - 登录处理结果: 200
2024-12-19 09:02:12 - werkzeug - INFO - 127.0.0.1 - - [19/Dec/2024 09:02:12] "POST /auth/login HTTP/1.1" 200 -
2024-12-19 09:02:12 - be.view.auth - INFO - 收到登录请求: {'user_id': 'buyer_6_46abceaa-bda4-11ef-87d8-02a6845b4b32', 'password': 'buyer_seller_6_46abceaa-bda4-11ef-87d8-02a6845b4b32', 'terminal': 'my terminal'}
2024-12-19 09:02:12 - be.model.user - INFO - 尝试登录用户：buyer_6_46abceaa-bda4-11ef-87d8-02a6845b4b32，终端：my terminal
2024-12-19 09:02:12 - be.model.user - INFO - 为用户 buyer_6_46abceaa-bda4-11ef-87d8-02a6845b4b32 生成新token，终端：my terminal
2024-12-19 09:02:12 - be.model.user - INFO - 用户登录成功：buyer_6_46abceaa-bda4-11ef-87d8-02a6845b4b32
2024-12-19 09:02:12 - be.view.auth - INFO - 登录处理结果: 200
2024-12-19 09:02:12 - werkzeug - INFO - 127.0.0.1 - - [19/Dec/2024 09:02:12] "POST /auth/login HTTP/1.1" 200 -
2024-12-19 09:02:12 - be.view.auth - INFO - 收到登录请求: {'user_id': 'buyer_10_46abceaa-bda4-11ef-87d8-02a6845b4b32', 'password': 'buyer_seller_10_46abceaa-bda4-11ef-87d8-02a6845b4b32', 'terminal': 'my terminal'}
2024-12-19 09:02:12 - be.model.user - INFO - 尝试登录用户：buyer_10_46abceaa-bda4-11ef-87d8-02a6845b4b32，终端：my terminal
2024-12-19 09:02:13 - be.model.user - INFO - 为用户 buyer_10_46abceaa-bda4-11ef-87d8-02a6845b4b32 生成新token，终端：my terminal
2024-12-19 09:02:13 - be.model.user - INFO - 用户登录成功：buyer_10_46abceaa-bda4-11ef-87d8-02a6845b4b32
2024-12-19 09:02:13 - be.view.auth - INFO - 登录处理结果: 200
2024-12-19 09:02:13 - werkzeug - INFO - 127.0.0.1 - - [19/Dec/2024 09:02:13] "POST /auth/login HTTP/1.1" 200 -
2024-12-19 09:02:13 - be.view.auth - INFO - 收到登录请求: {'user_id': 'buyer_1_46abceaa-bda4-11ef-87d8-02a6845b4b32', 'password': 'buyer_seller_1_46abceaa-bda4-11ef-87d8-02a6845b4b32', 'terminal': 'my terminal'}
2024-12-19 09:02:13 - be.model.user - INFO - 尝试登录用户：buyer_1_46abceaa-bda4-11ef-87d8-02a6845b4b32，终端：my terminal
2024-12-19 09:02:13 - be.model.user - INFO - 为用户 buyer_1_46abceaa-bda4-11ef-87d8-02a6845b4b32 生成新token，终端：my terminal
2024-12-19 09:02:13 - be.model.user - INFO - 用户登录成功：buyer_1_46abceaa-bda4-11ef-87d8-02a6845b4b32
2024-12-19 09:02:13 - be.view.auth - INFO - 登录处理结果: 200
2024-12-19 09:02:13 - werkzeug - INFO - 127.0.0.1 - - [19/Dec/2024 09:02:13] "POST /auth/login HTTP/1.1" 200 -
2024-12-19 09:02:13 - be.view.auth - INFO - 收到登录请求: {'user_id': 'buyer_5_46abceaa-bda4-11ef-87d8-02a6845b4b32', 'password': 'buyer_seller_5_46abceaa-bda4-11ef-87d8-02a6845b4b32', 'terminal': 'my terminal'}
2024-12-19 09:02:13 - be.model.user - INFO - 尝试登录用户：buyer_5_46abceaa-bda4-11ef-87d8-02a6845b4b32，终端：my terminal
2024-12-19 09:02:13 - be.model.user - INFO - 为用户 buyer_5_46abceaa-bda4-11ef-87d8-02a6845b4b32 生成新token，终端：my terminal
2024-12-19 09:02:13 - be.model.user - INFO - 用户登录成功：buyer_5_46abceaa-bda4-11ef-87d8-02a6845b4b32
2024-12-19 09:02:13 - be.view.auth - INFO - 登录处理结果: 200
2024-12-19 09:02:13 - werkzeug - INFO - 127.0.0.1 - - [19/Dec/2024 09:02:13] "POST /auth/login HTTP/1.1" 200 -
2024-12-19 09:02:13 - be.view.auth - INFO - 收到登录请求: {'user_id': 'buyer_7_46abceaa-bda4-11ef-87d8-02a6845b4b32', 'password': 'buyer_seller_7_46abceaa-bda4-11ef-87d8-02a6845b4b32', 'terminal': 'my terminal'}
2024-12-19 09:02:13 - be.model.user - INFO - 尝试登录用户：buyer_7_46abceaa-bda4-11ef-87d8-02a6845b4b32，终端：my terminal
2024-12-19 09:02:13 - be.model.user - INFO - 为用户 buyer_7_46abceaa-bda4-11ef-87d8-02a6845b4b32 生成新token，终端：my terminal
2024-12-19 09:02:13 - be.model.user - INFO - 用户登录成功：buyer_7_46abceaa-bda4-11ef-87d8-02a6845b4b32
2024-12-19 09:02:13 - be.view.auth - INFO - 登录处理结果: 200
2024-12-19 09:02:13 - werkzeug - INFO - 127.0.0.1 - - [19/Dec/2024 09:02:13] "POST /auth/login HTTP/1.1" 200 -
2024-12-19 09:02:13 - be.view.auth - INFO - 收到登录请求: {'user_id': 'buyer_2_46abceaa-bda4-11ef-87d8-02a6845b4b32', 'password': 'buyer_seller_2_46abceaa-bda4-11ef-87d8-02a6845b4b32', 'terminal': 'my terminal'}
2024-12-19 09:02:13 - be.model.user - INFO - 尝试登录用户：buyer_2_46abceaa-bda4-11ef-87d8-02a6845b4b32，终端：my terminal
2024-12-19 09:02:14 - be.model.user - INFO - 为用户 buyer_2_46abceaa-bda4-11ef-87d8-02a6845b4b32 生成新token，终端：my terminal
2024-12-19 09:02:14 - be.model.user - INFO - 用户登录成功：buyer_2_46abceaa-bda4-11ef-87d8-02a6845b4b32
2024-12-19 09:02:14 - be.view.auth - INFO - 登录处理结果: 200
2024-12-19 09:02:14 - werkzeug - INFO - 127.0.0.1 - - [19/Dec/2024 09:02:14] "POST /auth/login HTTP/1.1" 200 -
2024-12-19 09:02:14 - be.view.auth - INFO - 收到登录请求: {'user_id': 'buyer_1_46abceaa-bda4-11ef-87d8-02a6845b4b32', 'password': 'buyer_seller_1_46abceaa-bda4-11ef-87d8-02a6845b4b32', 'terminal': 'my terminal'}
2024-12-19 09:02:14 - be.model.user - INFO - 尝试登录用户：buyer_1_46abceaa-bda4-11ef-87d8-02a6845b4b32，终端：my terminal
2024-12-19 09:02:14 - be.model.user - INFO - 为用户 buyer_1_46abceaa-bda4-11ef-87d8-02a6845b4b32 生成新token，终端：my terminal
2024-12-19 09:02:14 - be.model.user - INFO - 用户登录成功：buyer_1_46abceaa-bda4-11ef-87d8-02a6845b4b32
2024-12-19 09:02:14 - be.view.auth - INFO - 登录处理结果: 200
2024-12-19 09:02:14 - werkzeug - INFO - 127.0.0.1 - - [19/Dec/2024 09:02:14] "POST /auth/login HTTP/1.1" 200 -
2024-12-19 09:02:14 - be.view.auth - INFO - 收到登录请求: {'user_id': 'buyer_4_46abceaa-bda4-11ef-87d8-02a6845b4b32', 'password': 'buyer_seller_4_46abceaa-bda4-11ef-87d8-02a6845b4b32', 'terminal': 'my terminal'}
2024-12-19 09:02:14 - be.model.user - INFO - 尝试登录用户：buyer_4_46abceaa-bda4-11ef-87d8-02a6845b4b32，终端：my terminal
2024-12-19 09:02:14 - be.model.user - INFO - 为用户 buyer_4_46abceaa-bda4-11ef-87d8-02a6845b4b32 生成新token，终端：my terminal
2024-12-19 09:02:14 - be.model.user - INFO - 用户登录成功：buyer_4_46abceaa-bda4-11ef-87d8-02a6845b4b32
2024-12-19 09:02:14 - be.view.auth - INFO - 登录处理结果: 200
2024-12-19 09:02:14 - werkzeug - INFO - 127.0.0.1 - - [19/Dec/2024 09:02:14] "POST /auth/login HTTP/1.1" 200 -
2024-12-19 09:02:14 - be.view.auth - INFO - 收到登录请求: {'user_id': 'buyer_10_46abceaa-bda4-11ef-87d8-02a6845b4b32', 'password': 'buyer_seller_10_46abceaa-bda4-11ef-87d8-02a6845b4b32', 'terminal': 'my terminal'}
2024-12-19 09:02:14 - be.model.user - INFO - 尝试登录用户：buyer_10_46abceaa-bda4-11ef-87d8-02a6845b4b32，终端：my terminal
2024-12-19 09:02:14 - be.model.user - INFO - 为用户 buyer_10_46abceaa-bda4-11ef-87d8-02a6845b4b32 生成新token，终端：my terminal
2024-12-19 09:02:14 - be.model.user - INFO - 用户登录成功：buyer_10_46abceaa-bda4-11ef-87d8-02a6845b4b32
2024-12-19 09:02:14 - be.view.auth - INFO - 登录处理结果: 200
2024-12-19 09:02:14 - werkzeug - INFO - 127.0.0.1 - - [19/Dec/2024 09:02:14] "POST /auth/login HTTP/1.1" 200 -
2024-12-19 09:02:14 - be.view.auth - INFO - 收到登录请求: {'user_id': 'buyer_7_46abceaa-bda4-11ef-87d8-02a6845b4b32', 'password': 'buyer_seller_7_46abceaa-bda4-11ef-87d8-02a6845b4b32', 'terminal': 'my terminal'}
2024-12-19 09:02:14 - be.model.user - INFO - 尝试登录用户：buyer_7_46abceaa-bda4-11ef-87d8-02a6845b4b32，终端：my terminal
2024-12-19 09:02:15 - be.model.user - INFO - 为用户 buyer_7_46abceaa-bda4-11ef-87d8-02a6845b4b32 生成新token，终端：my terminal
2024-12-19 09:02:15 - be.model.user - INFO - 用户登录成功：buyer_7_46abceaa-bda4-11ef-87d8-02a6845b4b32
2024-12-19 09:02:15 - be.view.auth - INFO - 登录处理结果: 200
2024-12-19 09:02:15 - werkzeug - INFO - 127.0.0.1 - - [19/Dec/2024 09:02:15] "POST /auth/login HTTP/1.1" 200 -
2024-12-19 09:02:15 - be.view.auth - INFO - 收到登录请求: {'user_id': 'buyer_10_46abceaa-bda4-11ef-87d8-02a6845b4b32', 'password': 'buyer_seller_10_46abceaa-bda4-11ef-87d8-02a6845b4b32', 'terminal': 'my terminal'}
2024-12-19 09:02:15 - be.model.user - INFO - 尝试登录用户：buyer_10_46abceaa-bda4-11ef-87d8-02a6845b4b32，终端：my terminal
2024-12-19 09:02:15 - be.model.user - INFO - 为用户 buyer_10_46abceaa-bda4-11ef-87d8-02a6845b4b32 生成新token，终端：my terminal
2024-12-19 09:02:15 - be.model.user - INFO - 用户登录成功：buyer_10_46abceaa-bda4-11ef-87d8-02a6845b4b32
2024-12-19 09:02:15 - be.view.auth - INFO - 登录处理结果: 200
2024-12-19 09:02:15 - werkzeug - INFO - 127.0.0.1 - - [19/Dec/2024 09:02:15] "POST /auth/login HTTP/1.1" 200 -
2024-12-19 09:02:15 - be.view.auth - INFO - 收到登录请求: {'user_id': 'buyer_2_46abceaa-bda4-11ef-87d8-02a6845b4b32', 'password': 'buyer_seller_2_46abceaa-bda4-11ef-87d8-02a6845b4b32', 'terminal': 'my terminal'}
2024-12-19 09:02:15 - be.model.user - INFO - 尝试登录用户：buyer_2_46abceaa-bda4-11ef-87d8-02a6845b4b32，终端：my terminal
2024-12-19 09:02:15 - be.model.user - INFO - 为用户 buyer_2_46abceaa-bda4-11ef-87d8-02a6845b4b32 生成新token，终端：my terminal
2024-12-19 09:02:15 - be.model.user - INFO - 用户登录成功：buyer_2_46abceaa-bda4-11ef-87d8-02a6845b4b32
2024-12-19 09:02:15 - be.view.auth - INFO - 登录处理结果: 200
2024-12-19 09:02:15 - werkzeug - INFO - 127.0.0.1 - - [19/Dec/2024 09:02:15] "POST /auth/login HTTP/1.1" 200 -
2024-12-19 09:02:15 - be.view.auth - INFO - 收到登录请求: {'user_id': 'buyer_7_46abceaa-bda4-11ef-87d8-02a6845b4b32', 'password': 'buyer_seller_7_46abceaa-bda4-11ef-87d8-02a6845b4b32', 'terminal': 'my terminal'}
2024-12-19 09:02:15 - be.model.user - INFO - 尝试登录用户：buyer_7_46abceaa-bda4-11ef-87d8-02a6845b4b32，终端：my terminal
2024-12-19 09:02:15 - be.model.user - INFO - 为用户 buyer_7_46abceaa-bda4-11ef-87d8-02a6845b4b32 生成新token，终端：my terminal
2024-12-19 09:02:15 - be.model.user - INFO - 用户登录成功：buyer_7_46abceaa-bda4-11ef-87d8-02a6845b4b32
2024-12-19 09:02:15 - be.view.auth - INFO - 登录处理结果: 200
2024-12-19 09:02:15 - werkzeug - INFO - 127.0.0.1 - - [19/Dec/2024 09:02:15] "POST /auth/login HTTP/1.1" 200 -
2024-12-19 09:02:15 - be.view.auth - INFO - 收到登录请求: {'user_id': 'buyer_3_46abceaa-bda4-11ef-87d8-02a6845b4b32', 'password': 'buyer_seller_3_46abceaa-bda4-11ef-87d8-02a6845b4b32', 'terminal': 'my terminal'}
2024-12-19 09:02:15 - be.model.user - INFO - 尝试登录用户：buyer_3_46abceaa-bda4-11ef-87d8-02a6845b4b32，终端：my terminal
2024-12-19 09:02:16 - be.model.user - INFO - 为用户 buyer_3_46abceaa-bda4-11ef-87d8-02a6845b4b32 生成新token，终端：my terminal
2024-12-19 09:02:16 - be.model.user - INFO - 用户登录成功：buyer_3_46abceaa-bda4-11ef-87d8-02a6845b4b32
2024-12-19 09:02:16 - be.view.auth - INFO - 登录处理结果: 200
2024-12-19 09:02:16 - werkzeug - INFO - 127.0.0.1 - - [19/Dec/2024 09:02:16] "POST /auth/login HTTP/1.1" 200 -
2024-12-19 09:02:16 - be.view.auth - INFO - 收到登录请求: {'user_id': 'buyer_9_46abceaa-bda4-11ef-87d8-02a6845b4b32', 'password': 'buyer_seller_9_46abceaa-bda4-11ef-87d8-02a6845b4b32', 'terminal': 'my terminal'}
2024-12-19 09:02:16 - be.model.user - INFO - 尝试登录用户：buyer_9_46abceaa-bda4-11ef-87d8-02a6845b4b32，终端：my terminal
2024-12-19 09:02:16 - be.model.user - INFO - 为用户 buyer_9_46abceaa-bda4-11ef-87d8-02a6845b4b32 生成新token，终端：my terminal
2024-12-19 09:02:16 - be.model.user - INFO - 用户登录成功：buyer_9_46abceaa-bda4-11ef-87d8-02a6845b4b32
2024-12-19 09:02:16 - be.view.auth - INFO - 登录处理结果: 200
2024-12-19 09:02:16 - werkzeug - INFO - 127.0.0.1 - - [19/Dec/2024 09:02:16] "POST /auth/login HTTP/1.1" 200 -
2024-12-19 09:02:16 - be.view.auth - INFO - 收到登录请求: {'user_id': 'buyer_8_46abceaa-bda4-11ef-87d8-02a6845b4b32', 'password': 'buyer_seller_8_46abceaa-bda4-11ef-87d8-02a6845b4b32', 'terminal': 'my terminal'}
2024-12-19 09:02:16 - be.model.user - INFO - 尝试登录用户：buyer_8_46abceaa-bda4-11ef-87d8-02a6845b4b32，终端：my terminal
2024-12-19 09:02:16 - be.model.user - INFO - 为用户 buyer_8_46abceaa-bda4-11ef-87d8-02a6845b4b32 生成新token，终端：my terminal
2024-12-19 09:02:16 - be.model.user - INFO - 用户登录成功：buyer_8_46abceaa-bda4-11ef-87d8-02a6845b4b32
2024-12-19 09:02:16 - be.view.auth - INFO - 登录处理结果: 200
2024-12-19 09:02:16 - werkzeug - INFO - 127.0.0.1 - - [19/Dec/2024 09:02:16] "POST /auth/login HTTP/1.1" 200 -
2024-12-19 09:02:16 - be.view.auth - INFO - 收到登录请求: {'user_id': 'buyer_8_46abceaa-bda4-11ef-87d8-02a6845b4b32', 'password': 'buyer_seller_8_46abceaa-bda4-11ef-87d8-02a6845b4b32', 'terminal': 'my terminal'}
2024-12-19 09:02:16 - be.model.user - INFO - 尝试登录用户：buyer_8_46abceaa-bda4-11ef-87d8-02a6845b4b32，终端：my terminal
2024-12-19 09:02:16 - be.model.user - INFO - 为用户 buyer_8_46abceaa-bda4-11ef-87d8-02a6845b4b32 生成新token，终端：my terminal
2024-12-19 09:02:16 - be.model.user - INFO - 用户登录成功：buyer_8_46abceaa-bda4-11ef-87d8-02a6845b4b32
2024-12-19 09:02:16 - be.view.auth - INFO - 登录处理结果: 200
2024-12-19 09:02:16 - werkzeug - INFO - 127.0.0.1 - - [19/Dec/2024 09:02:16] "POST /auth/login HTTP/1.1" 200 -
2024-12-19 09:02:16 - be.view.auth - INFO - 收到登录请求: {'user_id': 'buyer_10_46abceaa-bda4-11ef-87d8-02a6845b4b32', 'password': 'buyer_seller_10_46abceaa-bda4-11ef-87d8-02a6845b4b32', 'terminal': 'my terminal'}
2024-12-19 09:02:16 - be.model.user - INFO - 尝试登录用户：buyer_10_46abceaa-bda4-11ef-87d8-02a6845b4b32，终端：my terminal
2024-12-19 09:02:17 - be.model.user - INFO - 为用户 buyer_10_46abceaa-bda4-11ef-87d8-02a6845b4b32 生成新token，终端：my terminal
2024-12-19 09:02:17 - be.model.user - INFO - 用户登录成功：buyer_10_46abceaa-bda4-11ef-87d8-02a6845b4b32
2024-12-19 09:02:17 - be.view.auth - INFO - 登录处理结果: 200
2024-12-19 09:02:17 - werkzeug - INFO - 127.0.0.1 - - [19/Dec/2024 09:02:17] "POST /auth/login HTTP/1.1" 200 -
2024-12-19 09:02:17 - be.view.auth - INFO - 收到登录请求: {'user_id': 'buyer_10_46abceaa-bda4-11ef-87d8-02a6845b4b32', 'password': 'buyer_seller_10_46abceaa-bda4-11ef-87d8-02a6845b4b32', 'terminal': 'my terminal'}
2024-12-19 09:02:17 - be.model.user - INFO - 尝试登录用户：buyer_10_46abceaa-bda4-11ef-87d8-02a6845b4b32，终端：my terminal
2024-12-19 09:02:17 - be.model.user - INFO - 为用户 buyer_10_46abceaa-bda4-11ef-87d8-02a6845b4b32 生成新token，终端：my terminal
2024-12-19 09:02:17 - be.model.user - INFO - 用户登录成功：buyer_10_46abceaa-bda4-11ef-87d8-02a6845b4b32
2024-12-19 09:02:17 - be.view.auth - INFO - 登录处理结果: 200
2024-12-19 09:02:17 - werkzeug - INFO - 127.0.0.1 - - [19/Dec/2024 09:02:17] "POST /auth/login HTTP/1.1" 200 -
2024-12-19 09:02:17 - be.view.auth - INFO - 收到登录请求: {'user_id': 'buyer_1_46abceaa-bda4-11ef-87d8-02a6845b4b32', 'password': 'buyer_seller_1_46abceaa-bda4-11ef-87d8-02a6845b4b32', 'terminal': 'my terminal'}
2024-12-19 09:02:17 - be.model.user - INFO - 尝试登录用户：buyer_1_46abceaa-bda4-11ef-87d8-02a6845b4b32，终端：my terminal
2024-12-19 09:02:17 - be.model.user - INFO - 为用户 buyer_1_46abceaa-bda4-11ef-87d8-02a6845b4b32 生成新token，终端：my terminal
2024-12-19 09:02:17 - be.model.user - INFO - 用户登录成功：buyer_1_46abceaa-bda4-11ef-87d8-02a6845b4b32
2024-12-19 09:02:17 - be.view.auth - INFO - 登录处理结果: 200
2024-12-19 09:02:17 - werkzeug - INFO - 127.0.0.1 - - [19/Dec/2024 09:02:17] "POST /auth/login HTTP/1.1" 200 -
2024-12-19 09:02:17 - be.view.auth - INFO - 收到登录请求: {'user_id': 'buyer_8_46abceaa-bda4-11ef-87d8-02a6845b4b32', 'password': 'buyer_seller_8_46abceaa-bda4-11ef-87d8-02a6845b4b32', 'terminal': 'my terminal'}
2024-12-19 09:02:17 - be.model.user - INFO - 尝试登录用户：buyer_8_46abceaa-bda4-11ef-87d8-02a6845b4b32，终端：my terminal
2024-12-19 09:02:17 - be.model.user - INFO - 为用户 buyer_8_46abceaa-bda4-11ef-87d8-02a6845b4b32 生成新token，终端：my terminal
2024-12-19 09:02:17 - be.model.user - INFO - 用户登录成功：buyer_8_46abceaa-bda4-11ef-87d8-02a6845b4b32
2024-12-19 09:02:17 - be.view.auth - INFO - 登录处理结果: 200
2024-12-19 09:02:17 - werkzeug - INFO - 127.0.0.1 - - [19/Dec/2024 09:02:17] "POST /auth/login HTTP/1.1" 200 -
2024-12-19 09:02:17 - be.view.auth - INFO - 收到登录请求: {'user_id': 'buyer_5_46abceaa-bda4-11ef-87d8-02a6845b4b32', 'password': 'buyer_seller_5_46abceaa-bda4-11ef-87d8-02a6845b4b32', 'terminal': 'my terminal'}
2024-12-19 09:02:17 - be.model.user - INFO - 尝试登录用户：buyer_5_46abceaa-bda4-11ef-87d8-02a6845b4b32，终端：my terminal
2024-12-19 09:02:17 - be.model.user - INFO - 为用户 buyer_5_46abceaa-bda4-11ef-87d8-02a6845b4b32 生成新token，终端：my terminal
2024-12-19 09:02:17 - be.model.user - INFO - 用户登录成功：buyer_5_46abceaa-bda4-11ef-87d8-02a6845b4b32
2024-12-19 09:02:18 - be.view.auth - INFO - 登录处理结果: 200
2024-12-19 09:02:18 - werkzeug - INFO - 127.0.0.1 - - [19/Dec/2024 09:02:18] "POST /auth/login HTTP/1.1" 200 -
2024-12-19 09:02:18 - be.view.auth - INFO - 收到登录请求: {'user_id': 'buyer_3_46abceaa-bda4-11ef-87d8-02a6845b4b32', 'password': 'buyer_seller_3_46abceaa-bda4-11ef-87d8-02a6845b4b32', 'terminal': 'my terminal'}
2024-12-19 09:02:18 - be.model.user - INFO - 尝试登录用户：buyer_3_46abceaa-bda4-11ef-87d8-02a6845b4b32，终端：my terminal
2024-12-19 09:02:18 - be.model.user - INFO - 为用户 buyer_3_46abceaa-bda4-11ef-87d8-02a6845b4b32 生成新token，终端：my terminal
2024-12-19 09:02:18 - be.model.user - INFO - 用户登录成功：buyer_3_46abceaa-bda4-11ef-87d8-02a6845b4b32
2024-12-19 09:02:18 - be.view.auth - INFO - 登录处理结果: 200
2024-12-19 09:02:18 - werkzeug - INFO - 127.0.0.1 - - [19/Dec/2024 09:02:18] "POST /auth/login HTTP/1.1" 200 -
2024-12-19 09:02:18 - be.view.auth - INFO - 收到登录请求: {'user_id': 'buyer_5_46abceaa-bda4-11ef-87d8-02a6845b4b32', 'password': 'buyer_seller_5_46abceaa-bda4-11ef-87d8-02a6845b4b32', 'terminal': 'my terminal'}
2024-12-19 09:02:18 - be.model.user - INFO - 尝试登录用户：buyer_5_46abceaa-bda4-11ef-87d8-02a6845b4b32，终端：my terminal
2024-12-19 09:02:18 - be.model.user - INFO - 为用户 buyer_5_46abceaa-bda4-11ef-87d8-02a6845b4b32 生成新token，终端：my terminal
2024-12-19 09:02:18 - be.model.user - INFO - 用户登录成功：buyer_5_46abceaa-bda4-11ef-87d8-02a6845b4b32
2024-12-19 09:02:18 - be.view.auth - INFO - 登录处理结果: 200
2024-12-19 09:02:18 - werkzeug - INFO - 127.0.0.1 - - [19/Dec/2024 09:02:18] "POST /auth/login HTTP/1.1" 200 -
2024-12-19 09:02:18 - be.view.auth - INFO - 收到登录请求: {'user_id': 'buyer_3_46abceaa-bda4-11ef-87d8-02a6845b4b32', 'password': 'buyer_seller_3_46abceaa-bda4-11ef-87d8-02a6845b4b32', 'terminal': 'my terminal'}
2024-12-19 09:02:18 - be.model.user - INFO - 尝试登录用户：buyer_3_46abceaa-bda4-11ef-87d8-02a6845b4b32，终端：my terminal
2024-12-19 09:02:18 - be.model.user - INFO - 为用户 buyer_3_46abceaa-bda4-11ef-87d8-02a6845b4b32 生成新token，终端：my terminal
2024-12-19 09:02:18 - be.model.user - INFO - 用户登录成功：buyer_3_46abceaa-bda4-11ef-87d8-02a6845b4b32
2024-12-19 09:02:18 - be.view.auth - INFO - 登录处理结果: 200
2024-12-19 09:02:18 - werkzeug - INFO - 127.0.0.1 - - [19/Dec/2024 09:02:18] "POST /auth/login HTTP/1.1" 200 -
2024-12-19 09:02:18 - be.view.auth - INFO - 收到登录请求: {'user_id': 'buyer_2_46abceaa-bda4-11ef-87d8-02a6845b4b32', 'password': 'buyer_seller_2_46abceaa-bda4-11ef-87d8-02a6845b4b32', 'terminal': 'my terminal'}
2024-12-19 09:02:18 - be.model.user - INFO - 尝试登录用户：buyer_2_46abceaa-bda4-11ef-87d8-02a6845b4b32，终端：my terminal
2024-12-19 09:02:19 - be.model.user - INFO - 为用户 buyer_2_46abceaa-bda4-11ef-87d8-02a6845b4b32 生成新token，终端：my terminal
2024-12-19 09:02:19 - be.model.user - INFO - 用户登录成功：buyer_2_46abceaa-bda4-11ef-87d8-02a6845b4b32
2024-12-19 09:02:19 - be.view.auth - INFO - 登录处理结果: 200
2024-12-19 09:02:19 - werkzeug - INFO - 127.0.0.1 - - [19/Dec/2024 09:02:19] "POST /auth/login HTTP/1.1" 200 -
2024-12-19 09:02:19 - be.view.auth - INFO - 收到登录请求: {'user_id': 'buyer_1_46abceaa-bda4-11ef-87d8-02a6845b4b32', 'password': 'buyer_seller_1_46abceaa-bda4-11ef-87d8-02a6845b4b32', 'terminal': 'my terminal'}
2024-12-19 09:02:19 - be.model.user - INFO - 尝试登录用户：buyer_1_46abceaa-bda4-11ef-87d8-02a6845b4b32，终端：my terminal
2024-12-19 09:02:19 - be.model.user - INFO - 为用户 buyer_1_46abceaa-bda4-11ef-87d8-02a6845b4b32 生成新token，终端：my terminal
2024-12-19 09:02:19 - be.model.user - INFO - 用户登录成功：buyer_1_46abceaa-bda4-11ef-87d8-02a6845b4b32
2024-12-19 09:02:19 - be.view.auth - INFO - 登录处理结果: 200
2024-12-19 09:02:19 - werkzeug - INFO - 127.0.0.1 - - [19/Dec/2024 09:02:19] "POST /auth/login HTTP/1.1" 200 -
2024-12-19 09:02:19 - be.view.auth - INFO - 收到登录请求: {'user_id': 'buyer_5_46abceaa-bda4-11ef-87d8-02a6845b4b32', 'password': 'buyer_seller_5_46abceaa-bda4-11ef-87d8-02a6845b4b32', 'terminal': 'my terminal'}
2024-12-19 09:02:19 - be.model.user - INFO - 尝试登录用户：buyer_5_46abceaa-bda4-11ef-87d8-02a6845b4b32，终端：my terminal
2024-12-19 09:02:19 - be.model.user - INFO - 为用户 buyer_5_46abceaa-bda4-11ef-87d8-02a6845b4b32 生成新token，终端：my terminal
2024-12-19 09:02:19 - be.model.user - INFO - 用户登录成功：buyer_5_46abceaa-bda4-11ef-87d8-02a6845b4b32
2024-12-19 09:02:19 - be.view.auth - INFO - 登录处理结果: 200
2024-12-19 09:02:19 - werkzeug - INFO - 127.0.0.1 - - [19/Dec/2024 09:02:19] "POST /auth/login HTTP/1.1" 200 -
2024-12-19 09:02:19 - be.view.auth - INFO - 收到登录请求: {'user_id': 'buyer_3_46abceaa-bda4-11ef-87d8-02a6845b4b32', 'password': 'buyer_seller_3_46abceaa-bda4-11ef-87d8-02a6845b4b32', 'terminal': 'my terminal'}
2024-12-19 09:02:19 - be.model.user - INFO - 尝试登录用户：buyer_3_46abceaa-bda4-11ef-87d8-02a6845b4b32，终端：my terminal
2024-12-19 09:02:20 - be.model.user - INFO - 为用户 buyer_3_46abceaa-bda4-11ef-87d8-02a6845b4b32 生成新token，终端：my terminal
2024-12-19 09:02:20 - be.model.user - INFO - 用户登录成功：buyer_3_46abceaa-bda4-11ef-87d8-02a6845b4b32
2024-12-19 09:02:20 - be.view.auth - INFO - 登录处理结果: 200
2024-12-19 09:02:20 - werkzeug - INFO - 127.0.0.1 - - [19/Dec/2024 09:02:20] "POST /auth/login HTTP/1.1" 200 -
2024-12-19 09:02:20 - be.view.auth - INFO - 收到登录请求: {'user_id': 'buyer_6_46abceaa-bda4-11ef-87d8-02a6845b4b32', 'password': 'buyer_seller_6_46abceaa-bda4-11ef-87d8-02a6845b4b32', 'terminal': 'my terminal'}
2024-12-19 09:02:20 - be.model.user - INFO - 尝试登录用户：buyer_6_46abceaa-bda4-11ef-87d8-02a6845b4b32，终端：my terminal
2024-12-19 09:02:20 - be.model.user - INFO - 为用户 buyer_6_46abceaa-bda4-11ef-87d8-02a6845b4b32 生成新token，终端：my terminal
2024-12-19 09:02:20 - be.model.user - INFO - 用户登录成功：buyer_6_46abceaa-bda4-11ef-87d8-02a6845b4b32
2024-12-19 09:02:20 - be.view.auth - INFO - 登录处理结果: 200
2024-12-19 09:02:20 - werkzeug - INFO - 127.0.0.1 - - [19/Dec/2024 09:02:20] "POST /auth/login HTTP/1.1" 200 -
2024-12-19 09:02:20 - be.view.auth - INFO - 收到登录请求: {'user_id': 'buyer_5_46abceaa-bda4-11ef-87d8-02a6845b4b32', 'password': 'buyer_seller_5_46abceaa-bda4-11ef-87d8-02a6845b4b32', 'terminal': 'my terminal'}
2024-12-19 09:02:20 - be.model.user - INFO - 尝试登录用户：buyer_5_46abceaa-bda4-11ef-87d8-02a6845b4b32，终端：my terminal
2024-12-19 09:02:20 - be.model.user - INFO - 为用户 buyer_5_46abceaa-bda4-11ef-87d8-02a6845b4b32 生成新token，终端：my terminal
2024-12-19 09:02:20 - be.model.user - INFO - 用户登录成功：buyer_5_46abceaa-bda4-11ef-87d8-02a6845b4b32
2024-12-19 09:02:20 - be.view.auth - INFO - 登录处理结果: 200
2024-12-19 09:02:20 - werkzeug - INFO - 127.0.0.1 - - [19/Dec/2024 09:02:20] "POST /auth/login HTTP/1.1" 200 -
2024-12-19 09:02:20 - be.view.auth - INFO - 收到登录请求: {'user_id': 'buyer_5_46abceaa-bda4-11ef-87d8-02a6845b4b32', 'password': 'buyer_seller_5_46abceaa-bda4-11ef-87d8-02a6845b4b32', 'terminal': 'my terminal'}
2024-12-19 09:02:20 - be.model.user - INFO - 尝试登录用户：buyer_5_46abceaa-bda4-11ef-87d8-02a6845b4b32，终端：my terminal
2024-12-19 09:02:20 - be.model.user - INFO - 为用户 buyer_5_46abceaa-bda4-11ef-87d8-02a6845b4b32 生成新token，终端：my terminal
2024-12-19 09:02:20 - be.model.user - INFO - 用户登录成功：buyer_5_46abceaa-bda4-11ef-87d8-02a6845b4b32
2024-12-19 09:02:20 - be.view.auth - INFO - 登录处理结果: 200
2024-12-19 09:02:20 - werkzeug - INFO - 127.0.0.1 - - [19/Dec/2024 09:02:20] "POST /auth/login HTTP/1.1" 200 -
2024-12-19 09:02:20 - be.view.auth - INFO - 收到登录请求: {'user_id': 'buyer_3_46abceaa-bda4-11ef-87d8-02a6845b4b32', 'password': 'buyer_seller_3_46abceaa-bda4-11ef-87d8-02a6845b4b32', 'terminal': 'my terminal'}
2024-12-19 09:02:20 - be.model.user - INFO - 尝试登录用户：buyer_3_46abceaa-bda4-11ef-87d8-02a6845b4b32，终端：my terminal
2024-12-19 09:02:21 - be.model.user - INFO - 为用户 buyer_3_46abceaa-bda4-11ef-87d8-02a6845b4b32 生成新token，终端：my terminal
2024-12-19 09:02:21 - be.model.user - INFO - 用户登录成功：buyer_3_46abceaa-bda4-11ef-87d8-02a6845b4b32
2024-12-19 09:02:21 - be.view.auth - INFO - 登录处理结果: 200
2024-12-19 09:02:21 - werkzeug - INFO - 127.0.0.1 - - [19/Dec/2024 09:02:21] "POST /auth/login HTTP/1.1" 200 -
2024-12-19 09:02:21 - be.view.auth - INFO - 收到登录请求: {'user_id': 'buyer_3_46abceaa-bda4-11ef-87d8-02a6845b4b32', 'password': 'buyer_seller_3_46abceaa-bda4-11ef-87d8-02a6845b4b32', 'terminal': 'my terminal'}
2024-12-19 09:02:21 - be.model.user - INFO - 尝试登录用户：buyer_3_46abceaa-bda4-11ef-87d8-02a6845b4b32，终端：my terminal
2024-12-19 09:02:21 - be.model.user - INFO - 为用户 buyer_3_46abceaa-bda4-11ef-87d8-02a6845b4b32 生成新token，终端：my terminal
2024-12-19 09:02:21 - be.model.user - INFO - 用户登录成功：buyer_3_46abceaa-bda4-11ef-87d8-02a6845b4b32
2024-12-19 09:02:21 - be.view.auth - INFO - 登录处理结果: 200
2024-12-19 09:02:21 - werkzeug - INFO - 127.0.0.1 - - [19/Dec/2024 09:02:21] "POST /auth/login HTTP/1.1" 200 -
2024-12-19 09:02:21 - be.view.auth - INFO - 收到登录请求: {'user_id': 'buyer_9_46abceaa-bda4-11ef-87d8-02a6845b4b32', 'password': 'buyer_seller_9_46abceaa-bda4-11ef-87d8-02a6845b4b32', 'terminal': 'my terminal'}
2024-12-19 09:02:21 - be.model.user - INFO - 尝试登录用户：buyer_9_46abceaa-bda4-11ef-87d8-02a6845b4b32，终端：my terminal
2024-12-19 09:02:21 - be.model.user - INFO - 为用户 buyer_9_46abceaa-bda4-11ef-87d8-02a6845b4b32 生成新token，终端：my terminal
2024-12-19 09:02:21 - be.model.user - INFO - 用户登录成功：buyer_9_46abceaa-bda4-11ef-87d8-02a6845b4b32
2024-12-19 09:02:21 - be.view.auth - INFO - 登录处理结果: 200
2024-12-19 09:02:21 - werkzeug - INFO - 127.0.0.1 - - [19/Dec/2024 09:02:21] "POST /auth/login HTTP/1.1" 200 -
2024-12-19 09:02:21 - be.view.auth - INFO - 收到登录请求: {'user_id': 'buyer_3_46abceaa-bda4-11ef-87d8-02a6845b4b32', 'password': 'buyer_seller_3_46abceaa-bda4-11ef-87d8-02a6845b4b32', 'terminal': 'my terminal'}
2024-12-19 09:02:21 - be.model.user - INFO - 尝试登录用户：buyer_3_46abceaa-bda4-11ef-87d8-02a6845b4b32，终端：my terminal
2024-12-19 09:02:21 - be.model.user - INFO - 为用户 buyer_3_46abceaa-bda4-11ef-87d8-02a6845b4b32 生成新token，终端：my terminal
2024-12-19 09:02:21 - be.model.user - INFO - 用户登录成功：buyer_3_46abceaa-bda4-11ef-87d8-02a6845b4b32
2024-12-19 09:02:21 - be.view.auth - INFO - 登录处理结果: 200
2024-12-19 09:02:21 - werkzeug - INFO - 127.0.0.1 - - [19/Dec/2024 09:02:21] "POST /auth/login HTTP/1.1" 200 -
2024-12-19 09:02:21 - be.view.auth - INFO - 收到登录请求: {'user_id': 'buyer_8_46abceaa-bda4-11ef-87d8-02a6845b4b32', 'password': 'buyer_seller_8_46abceaa-bda4-11ef-87d8-02a6845b4b32', 'terminal': 'my terminal'}
2024-12-19 09:02:21 - be.model.user - INFO - 尝试登录用户：buyer_8_46abceaa-bda4-11ef-87d8-02a6845b4b32，终端：my terminal
2024-12-19 09:02:22 - be.model.user - INFO - 为用户 buyer_8_46abceaa-bda4-11ef-87d8-02a6845b4b32 生成新token，终端：my terminal
2024-12-19 09:02:22 - be.model.user - INFO - 用户登录成功：buyer_8_46abceaa-bda4-11ef-87d8-02a6845b4b32
2024-12-19 09:02:22 - be.view.auth - INFO - 登录处理结果: 200
2024-12-19 09:02:22 - werkzeug - INFO - 127.0.0.1 - - [19/Dec/2024 09:02:22] "POST /auth/login HTTP/1.1" 200 -
2024-12-19 09:02:22 - be.view.auth - INFO - 收到登录请求: {'user_id': 'buyer_3_46abceaa-bda4-11ef-87d8-02a6845b4b32', 'password': 'buyer_seller_3_46abceaa-bda4-11ef-87d8-02a6845b4b32', 'terminal': 'my terminal'}
2024-12-19 09:02:22 - be.model.user - INFO - 尝试登录用户：buyer_3_46abceaa-bda4-11ef-87d8-02a6845b4b32，终端：my terminal
2024-12-19 09:02:22 - be.model.user - INFO - 为用户 buyer_3_46abceaa-bda4-11ef-87d8-02a6845b4b32 生成新token，终端：my terminal
2024-12-19 09:02:22 - be.model.user - INFO - 用户登录成功：buyer_3_46abceaa-bda4-11ef-87d8-02a6845b4b32
2024-12-19 09:02:22 - be.view.auth - INFO - 登录处理结果: 200
2024-12-19 09:02:22 - werkzeug - INFO - 127.0.0.1 - - [19/Dec/2024 09:02:22] "POST /auth/login HTTP/1.1" 200 -
2024-12-19 09:02:22 - be.view.auth - INFO - 收到登录请求: {'user_id': 'buyer_8_46abceaa-bda4-11ef-87d8-02a6845b4b32', 'password': 'buyer_seller_8_46abceaa-bda4-11ef-87d8-02a6845b4b32', 'terminal': 'my terminal'}
2024-12-19 09:02:22 - be.model.user - INFO - 尝试登录用户：buyer_8_46abceaa-bda4-11ef-87d8-02a6845b4b32，终端：my terminal
2024-12-19 09:02:22 - be.model.user - INFO - 为用户 buyer_8_46abceaa-bda4-11ef-87d8-02a6845b4b32 生成新token，终端：my terminal
2024-12-19 09:02:22 - be.model.user - INFO - 用户登录成功：buyer_8_46abceaa-bda4-11ef-87d8-02a6845b4b32
2024-12-19 09:02:22 - be.view.auth - INFO - 登录处理结果: 200
2024-12-19 09:02:22 - werkzeug - INFO - 127.0.0.1 - - [19/Dec/2024 09:02:22] "POST /auth/login HTTP/1.1" 200 -
2024-12-19 09:02:22 - be.view.auth - INFO - 收到登录请求: {'user_id': 'buyer_1_46abceaa-bda4-11ef-87d8-02a6845b4b32', 'password': 'buyer_seller_1_46abceaa-bda4-11ef-87d8-02a6845b4b32', 'terminal': 'my terminal'}
2024-12-19 09:02:22 - be.model.user - INFO - 尝试登录用户：buyer_1_46abceaa-bda4-11ef-87d8-02a6845b4b32，终端：my terminal
2024-12-19 09:02:22 - be.model.user - INFO - 为用户 buyer_1_46abceaa-bda4-11ef-87d8-02a6845b4b32 生成新token，终端：my terminal
2024-12-19 09:02:22 - be.model.user - INFO - 用户登录成功：buyer_1_46abceaa-bda4-11ef-87d8-02a6845b4b32
2024-12-19 09:02:22 - be.view.auth - INFO - 登录处理结果: 200
2024-12-19 09:02:22 - werkzeug - INFO - 127.0.0.1 - - [19/Dec/2024 09:02:22] "POST /auth/login HTTP/1.1" 200 -
2024-12-19 09:02:22 - be.view.auth - INFO - 收到登录请求: {'user_id': 'buyer_6_46abceaa-bda4-11ef-87d8-02a6845b4b32', 'password': 'buyer_seller_6_46abceaa-bda4-11ef-87d8-02a6845b4b32', 'terminal': 'my terminal'}
2024-12-19 09:02:22 - be.model.user - INFO - 尝试登录用户：buyer_6_46abceaa-bda4-11ef-87d8-02a6845b4b32，终端：my terminal
2024-12-19 09:02:22 - be.model.user - INFO - 为用户 buyer_6_46abceaa-bda4-11ef-87d8-02a6845b4b32 生成新token，终端：my terminal
2024-12-19 09:02:22 - be.model.user - INFO - 用户登录成功：buyer_6_46abceaa-bda4-11ef-87d8-02a6845b4b32
2024-12-19 09:02:23 - be.view.auth - INFO - 登录处理结果: 200
2024-12-19 09:02:23 - werkzeug - INFO - 127.0.0.1 - - [19/Dec/2024 09:02:23] "POST /auth/login HTTP/1.1" 200 -
2024-12-19 09:02:23 - be.view.auth - INFO - 收到登录请求: {'user_id': 'buyer_5_46abceaa-bda4-11ef-87d8-02a6845b4b32', 'password': 'buyer_seller_5_46abceaa-bda4-11ef-87d8-02a6845b4b32', 'terminal': 'my terminal'}
2024-12-19 09:02:23 - be.model.user - INFO - 尝试登录用户：buyer_5_46abceaa-bda4-11ef-87d8-02a6845b4b32，终端：my terminal
2024-12-19 09:02:23 - be.model.user - INFO - 为用户 buyer_5_46abceaa-bda4-11ef-87d8-02a6845b4b32 生成新token，终端：my terminal
2024-12-19 09:02:23 - be.model.user - INFO - 用户登录成功：buyer_5_46abceaa-bda4-11ef-87d8-02a6845b4b32
2024-12-19 09:02:23 - be.view.auth - INFO - 登录处理结果: 200
2024-12-19 09:02:23 - werkzeug - INFO - 127.0.0.1 - - [19/Dec/2024 09:02:23] "POST /auth/login HTTP/1.1" 200 -
2024-12-19 09:02:23 - be.view.auth - INFO - 收到登录请求: {'user_id': 'buyer_2_46abceaa-bda4-11ef-87d8-02a6845b4b32', 'password': 'buyer_seller_2_46abceaa-bda4-11ef-87d8-02a6845b4b32', 'terminal': 'my terminal'}
2024-12-19 09:02:23 - be.model.user - INFO - 尝试登录用户：buyer_2_46abceaa-bda4-11ef-87d8-02a6845b4b32，终端：my terminal
2024-12-19 09:02:23 - be.model.user - INFO - 为用户 buyer_2_46abceaa-bda4-11ef-87d8-02a6845b4b32 生成新token，终端：my terminal
2024-12-19 09:02:23 - be.model.user - INFO - 用户登录成功：buyer_2_46abceaa-bda4-11ef-87d8-02a6845b4b32
2024-12-19 09:02:23 - be.view.auth - INFO - 登录处理结果: 200
2024-12-19 09:02:23 - werkzeug - INFO - 127.0.0.1 - - [19/Dec/2024 09:02:23] "POST /auth/login HTTP/1.1" 200 -
2024-12-19 09:02:23 - be.view.auth - INFO - 收到登录请求: {'user_id': 'buyer_8_46abceaa-bda4-11ef-87d8-02a6845b4b32', 'password': 'buyer_seller_8_46abceaa-bda4-11ef-87d8-02a6845b4b32', 'terminal': 'my terminal'}
2024-12-19 09:02:23 - be.model.user - INFO - 尝试登录用户：buyer_8_46abceaa-bda4-11ef-87d8-02a6845b4b32，终端：my terminal
2024-12-19 09:02:23 - be.model.user - INFO - 为用户 buyer_8_46abceaa-bda4-11ef-87d8-02a6845b4b32 生成新token，终端：my terminal
2024-12-19 09:02:23 - be.model.user - INFO - 用户登录成功：buyer_8_46abceaa-bda4-11ef-87d8-02a6845b4b32
2024-12-19 09:02:23 - be.view.auth - INFO - 登录处理结果: 200
2024-12-19 09:02:23 - werkzeug - INFO - 127.0.0.1 - - [19/Dec/2024 09:02:23] "POST /auth/login HTTP/1.1" 200 -
2024-12-19 09:02:23 - be.view.auth - INFO - 收到登录请求: {'user_id': 'buyer_8_46abceaa-bda4-11ef-87d8-02a6845b4b32', 'password': 'buyer_seller_8_46abceaa-bda4-11ef-87d8-02a6845b4b32', 'terminal': 'my terminal'}
2024-12-19 09:02:23 - be.model.user - INFO - 尝试登录用户：buyer_8_46abceaa-bda4-11ef-87d8-02a6845b4b32，终端：my terminal
2024-12-19 09:02:23 - be.model.user - INFO - 为用户 buyer_8_46abceaa-bda4-11ef-87d8-02a6845b4b32 生成新token，终端：my terminal
2024-12-19 09:02:23 - be.model.user - INFO - 用户登录成功：buyer_8_46abceaa-bda4-11ef-87d8-02a6845b4b32
2024-12-19 09:02:24 - be.view.auth - INFO - 登录处理结果: 200
2024-12-19 09:02:24 - werkzeug - INFO - 127.0.0.1 - - [19/Dec/2024 09:02:24] "POST /auth/login HTTP/1.1" 200 -
2024-12-19 09:02:24 - be.view.auth - INFO - 收到登录请求: {'user_id': 'buyer_6_46abceaa-bda4-11ef-87d8-02a6845b4b32', 'password': 'buyer_seller_6_46abceaa-bda4-11ef-87d8-02a6845b4b32', 'terminal': 'my terminal'}
2024-12-19 09:02:24 - be.model.user - INFO - 尝试登录用户：buyer_6_46abceaa-bda4-11ef-87d8-02a6845b4b32，终端：my terminal
2024-12-19 09:02:24 - be.model.user - INFO - 为用户 buyer_6_46abceaa-bda4-11ef-87d8-02a6845b4b32 生成新token，终端：my terminal
2024-12-19 09:02:24 - be.model.user - INFO - 用户登录成功：buyer_6_46abceaa-bda4-11ef-87d8-02a6845b4b32
2024-12-19 09:02:24 - be.view.auth - INFO - 登录处理结果: 200
2024-12-19 09:02:24 - werkzeug - INFO - 127.0.0.1 - - [19/Dec/2024 09:02:24] "POST /auth/login HTTP/1.1" 200 -
2024-12-19 09:02:24 - be.view.auth - INFO - 收到登录请求: {'user_id': 'buyer_9_46abceaa-bda4-11ef-87d8-02a6845b4b32', 'password': 'buyer_seller_9_46abceaa-bda4-11ef-87d8-02a6845b4b32', 'terminal': 'my terminal'}
2024-12-19 09:02:24 - be.model.user - INFO - 尝试登录用户：buyer_9_46abceaa-bda4-11ef-87d8-02a6845b4b32，终端：my terminal
2024-12-19 09:02:24 - be.model.user - INFO - 为用户 buyer_9_46abceaa-bda4-11ef-87d8-02a6845b4b32 生成新token，终端：my terminal
2024-12-19 09:02:24 - be.model.user - INFO - 用户登录成功：buyer_9_46abceaa-bda4-11ef-87d8-02a6845b4b32
2024-12-19 09:02:24 - be.view.auth - INFO - 登录处理结果: 200
2024-12-19 09:02:24 - werkzeug - INFO - 127.0.0.1 - - [19/Dec/2024 09:02:24] "POST /auth/login HTTP/1.1" 200 -
2024-12-19 09:02:24 - be.view.auth - INFO - 收到登录请求: {'user_id': 'buyer_5_46abceaa-bda4-11ef-87d8-02a6845b4b32', 'password': 'buyer_seller_5_46abceaa-bda4-11ef-87d8-02a6845b4b32', 'terminal': 'my terminal'}
2024-12-19 09:02:24 - be.model.user - INFO - 尝试登录用户：buyer_5_46abceaa-bda4-11ef-87d8-02a6845b4b32，终端：my terminal
2024-12-19 09:02:24 - be.model.user - INFO - 为用户 buyer_5_46abceaa-bda4-11ef-87d8-02a6845b4b32 生成新token，终端：my terminal
2024-12-19 09:02:24 - be.model.user - INFO - 用户登录成功：buyer_5_46abceaa-bda4-11ef-87d8-02a6845b4b32
2024-12-19 09:02:24 - be.view.auth - INFO - 登录处理结果: 200
2024-12-19 09:02:24 - werkzeug - INFO - 127.0.0.1 - - [19/Dec/2024 09:02:24] "POST /auth/login HTTP/1.1" 200 -
2024-12-19 09:02:24 - be.view.auth - INFO - 收到登录请求: {'user_id': 'buyer_3_46abceaa-bda4-11ef-87d8-02a6845b4b32', 'password': 'buyer_seller_3_46abceaa-bda4-11ef-87d8-02a6845b4b32', 'terminal': 'my terminal'}
2024-12-19 09:02:24 - be.model.user - INFO - 尝试登录用户：buyer_3_46abceaa-bda4-11ef-87d8-02a6845b4b32，终端：my terminal
2024-12-19 09:02:24 - be.model.user - INFO - 为用户 buyer_3_46abceaa-bda4-11ef-87d8-02a6845b4b32 生成新token，终端：my terminal
2024-12-19 09:02:24 - be.model.user - INFO - 用户登录成功：buyer_3_46abceaa-bda4-11ef-87d8-02a6845b4b32
2024-12-19 09:02:25 - be.view.auth - INFO - 登录处理结果: 200
2024-12-19 09:02:25 - werkzeug - INFO - 127.0.0.1 - - [19/Dec/2024 09:02:25] "POST /auth/login HTTP/1.1" 200 -
2024-12-19 09:02:25 - be.view.auth - INFO - 收到登录请求: {'user_id': 'buyer_5_46abceaa-bda4-11ef-87d8-02a6845b4b32', 'password': 'buyer_seller_5_46abceaa-bda4-11ef-87d8-02a6845b4b32', 'terminal': 'my terminal'}
2024-12-19 09:02:25 - be.model.user - INFO - 尝试登录用户：buyer_5_46abceaa-bda4-11ef-87d8-02a6845b4b32，终端：my terminal
2024-12-19 09:02:25 - be.model.user - INFO - 为用户 buyer_5_46abceaa-bda4-11ef-87d8-02a6845b4b32 生成新token，终端：my terminal
2024-12-19 09:02:25 - be.model.user - INFO - 用户登录成功：buyer_5_46abceaa-bda4-11ef-87d8-02a6845b4b32
2024-12-19 09:02:25 - be.view.auth - INFO - 登录处理结果: 200
2024-12-19 09:02:25 - werkzeug - INFO - 127.0.0.1 - - [19/Dec/2024 09:02:25] "POST /auth/login HTTP/1.1" 200 -
2024-12-19 09:02:25 - be.view.auth - INFO - 收到登录请求: {'user_id': 'buyer_2_46abceaa-bda4-11ef-87d8-02a6845b4b32', 'password': 'buyer_seller_2_46abceaa-bda4-11ef-87d8-02a6845b4b32', 'terminal': 'my terminal'}
2024-12-19 09:02:25 - be.model.user - INFO - 尝试登录用户：buyer_2_46abceaa-bda4-11ef-87d8-02a6845b4b32，终端：my terminal
2024-12-19 09:02:25 - be.model.user - INFO - 为用户 buyer_2_46abceaa-bda4-11ef-87d8-02a6845b4b32 生成新token，终端：my terminal
2024-12-19 09:02:25 - be.model.user - INFO - 用户登录成功：buyer_2_46abceaa-bda4-11ef-87d8-02a6845b4b32
2024-12-19 09:02:25 - be.view.auth - INFO - 登录处理结果: 200
2024-12-19 09:02:25 - werkzeug - INFO - 127.0.0.1 - - [19/Dec/2024 09:02:25] "POST /auth/login HTTP/1.1" 200 -
2024-12-19 09:02:25 - be.view.auth - INFO - 收到登录请求: {'user_id': 'buyer_2_46abceaa-bda4-11ef-87d8-02a6845b4b32', 'password': 'buyer_seller_2_46abceaa-bda4-11ef-87d8-02a6845b4b32', 'terminal': 'my terminal'}
2024-12-19 09:02:25 - be.model.user - INFO - 尝试登录用户：buyer_2_46abceaa-bda4-11ef-87d8-02a6845b4b32，终端：my terminal
2024-12-19 09:02:25 - be.model.user - INFO - 为用户 buyer_2_46abceaa-bda4-11ef-87d8-02a6845b4b32 生成新token，终端：my terminal
2024-12-19 09:02:25 - be.model.user - INFO - 用户登录成功：buyer_2_46abceaa-bda4-11ef-87d8-02a6845b4b32
2024-12-19 09:02:25 - be.view.auth - INFO - 登录处理结果: 200
2024-12-19 09:02:25 - werkzeug - INFO - 127.0.0.1 - - [19/Dec/2024 09:02:25] "POST /auth/login HTTP/1.1" 200 -
2024-12-19 09:02:25 - be.view.auth - INFO - 收到登录请求: {'user_id': 'buyer_5_46abceaa-bda4-11ef-87d8-02a6845b4b32', 'password': 'buyer_seller_5_46abceaa-bda4-11ef-87d8-02a6845b4b32', 'terminal': 'my terminal'}
2024-12-19 09:02:25 - be.model.user - INFO - 尝试登录用户：buyer_5_46abceaa-bda4-11ef-87d8-02a6845b4b32，终端：my terminal
2024-12-19 09:02:25 - be.model.user - INFO - 为用户 buyer_5_46abceaa-bda4-11ef-87d8-02a6845b4b32 生成新token，终端：my terminal
2024-12-19 09:02:25 - be.model.user - INFO - 用户登录成功：buyer_5_46abceaa-bda4-11ef-87d8-02a6845b4b32
2024-12-19 09:02:26 - be.view.auth - INFO - 登录处理结果: 200
2024-12-19 09:02:26 - werkzeug - INFO - 127.0.0.1 - - [19/Dec/2024 09:02:26] "POST /auth/login HTTP/1.1" 200 -
2024-12-19 09:02:26 - be.view.auth - INFO - 收到登录请求: {'user_id': 'buyer_5_46abceaa-bda4-11ef-87d8-02a6845b4b32', 'password': 'buyer_seller_5_46abceaa-bda4-11ef-87d8-02a6845b4b32', 'terminal': 'my terminal'}
2024-12-19 09:02:26 - be.model.user - INFO - 尝试登录用户：buyer_5_46abceaa-bda4-11ef-87d8-02a6845b4b32，终端：my terminal
2024-12-19 09:02:26 - be.model.user - INFO - 为用户 buyer_5_46abceaa-bda4-11ef-87d8-02a6845b4b32 生成新token，终端：my terminal
2024-12-19 09:02:26 - be.model.user - INFO - 用户登录成功：buyer_5_46abceaa-bda4-11ef-87d8-02a6845b4b32
2024-12-19 09:02:26 - be.view.auth - INFO - 登录处理结果: 200
2024-12-19 09:02:26 - werkzeug - INFO - 127.0.0.1 - - [19/Dec/2024 09:02:26] "POST /auth/login HTTP/1.1" 200 -
2024-12-19 09:02:26 - be.view.auth - INFO - 收到登录请求: {'user_id': 'buyer_5_46abceaa-bda4-11ef-87d8-02a6845b4b32', 'password': 'buyer_seller_5_46abceaa-bda4-11ef-87d8-02a6845b4b32', 'terminal': 'my terminal'}
2024-12-19 09:02:26 - be.model.user - INFO - 尝试登录用户：buyer_5_46abceaa-bda4-11ef-87d8-02a6845b4b32，终端：my terminal
2024-12-19 09:02:26 - be.model.user - INFO - 为用户 buyer_5_46abceaa-bda4-11ef-87d8-02a6845b4b32 生成新token，终端：my terminal
2024-12-19 09:02:26 - be.model.user - INFO - 用户登录成功：buyer_5_46abceaa-bda4-11ef-87d8-02a6845b4b32
2024-12-19 09:02:26 - be.view.auth - INFO - 登录处理结果: 200
2024-12-19 09:02:26 - werkzeug - INFO - 127.0.0.1 - - [19/Dec/2024 09:02:26] "POST /auth/login HTTP/1.1" 200 -
2024-12-19 09:02:26 - be.view.auth - INFO - 收到登录请求: {'user_id': 'buyer_10_46abceaa-bda4-11ef-87d8-02a6845b4b32', 'password': 'buyer_seller_10_46abceaa-bda4-11ef-87d8-02a6845b4b32', 'terminal': 'my terminal'}
2024-12-19 09:02:26 - be.model.user - INFO - 尝试登录用户：buyer_10_46abceaa-bda4-11ef-87d8-02a6845b4b32，终端：my terminal
2024-12-19 09:02:26 - be.model.user - INFO - 为用户 buyer_10_46abceaa-bda4-11ef-87d8-02a6845b4b32 生成新token，终端：my terminal
2024-12-19 09:02:26 - be.model.user - INFO - 用户登录成功：buyer_10_46abceaa-bda4-11ef-87d8-02a6845b4b32
2024-12-19 09:02:26 - be.view.auth - INFO - 登录处理结果: 200
2024-12-19 09:02:26 - werkzeug - INFO - 127.0.0.1 - - [19/Dec/2024 09:02:26] "POST /auth/login HTTP/1.1" 200 -
2024-12-19 09:02:26 - be.view.auth - INFO - 收到登录请求: {'user_id': 'buyer_1_46abceaa-bda4-11ef-87d8-02a6845b4b32', 'password': 'buyer_seller_1_46abceaa-bda4-11ef-87d8-02a6845b4b32', 'terminal': 'my terminal'}
2024-12-19 09:02:26 - be.model.user - INFO - 尝试登录用户：buyer_1_46abceaa-bda4-11ef-87d8-02a6845b4b32，终端：my terminal
2024-12-19 09:02:26 - be.model.user - INFO - 为用户 buyer_1_46abceaa-bda4-11ef-87d8-02a6845b4b32 生成新token，终端：my terminal
2024-12-19 09:02:26 - be.model.user - INFO - 用户登录成功：buyer_1_46abceaa-bda4-11ef-87d8-02a6845b4b32
2024-12-19 09:02:27 - be.view.auth - INFO - 登录处理结果: 200
2024-12-19 09:02:27 - werkzeug - INFO - 127.0.0.1 - - [19/Dec/2024 09:02:27] "POST /auth/login HTTP/1.1" 200 -
2024-12-19 09:02:27 - be.view.auth - INFO - 收到登录请求: {'user_id': 'buyer_4_46abceaa-bda4-11ef-87d8-02a6845b4b32', 'password': 'buyer_seller_4_46abceaa-bda4-11ef-87d8-02a6845b4b32', 'terminal': 'my terminal'}
2024-12-19 09:02:27 - be.model.user - INFO - 尝试登录用户：buyer_4_46abceaa-bda4-11ef-87d8-02a6845b4b32，终端：my terminal
2024-12-19 09:02:27 - be.model.user - INFO - 为用户 buyer_4_46abceaa-bda4-11ef-87d8-02a6845b4b32 生成新token，终端：my terminal
2024-12-19 09:02:27 - be.model.user - INFO - 用户登录成功：buyer_4_46abceaa-bda4-11ef-87d8-02a6845b4b32
2024-12-19 09:02:27 - be.view.auth - INFO - 登录处理结果: 200
2024-12-19 09:02:27 - werkzeug - INFO - 127.0.0.1 - - [19/Dec/2024 09:02:27] "POST /auth/login HTTP/1.1" 200 -
2024-12-19 09:02:27 - be.view.auth - INFO - 收到登录请求: {'user_id': 'buyer_10_46abceaa-bda4-11ef-87d8-02a6845b4b32', 'password': 'buyer_seller_10_46abceaa-bda4-11ef-87d8-02a6845b4b32', 'terminal': 'my terminal'}
2024-12-19 09:02:27 - be.model.user - INFO - 尝试登录用户：buyer_10_46abceaa-bda4-11ef-87d8-02a6845b4b32，终端：my terminal
2024-12-19 09:02:27 - be.model.user - INFO - 为用户 buyer_10_46abceaa-bda4-11ef-87d8-02a6845b4b32 生成新token，终端：my terminal
2024-12-19 09:02:27 - be.model.user - INFO - 用户登录成功：buyer_10_46abceaa-bda4-11ef-87d8-02a6845b4b32
2024-12-19 09:02:27 - be.view.auth - INFO - 登录处理结果: 200
2024-12-19 09:02:27 - werkzeug - INFO - 127.0.0.1 - - [19/Dec/2024 09:02:27] "POST /auth/login HTTP/1.1" 200 -
2024-12-19 09:02:27 - be.view.auth - INFO - 收到登录请求: {'user_id': 'buyer_1_46abceaa-bda4-11ef-87d8-02a6845b4b32', 'password': 'buyer_seller_1_46abceaa-bda4-11ef-87d8-02a6845b4b32', 'terminal': 'my terminal'}
2024-12-19 09:02:27 - be.model.user - INFO - 尝试登录用户：buyer_1_46abceaa-bda4-11ef-87d8-02a6845b4b32，终端：my terminal
2024-12-19 09:02:27 - be.model.user - INFO - 为用户 buyer_1_46abceaa-bda4-11ef-87d8-02a6845b4b32 生成新token，终端：my terminal
2024-12-19 09:02:27 - be.model.user - INFO - 用户登录成功：buyer_1_46abceaa-bda4-11ef-87d8-02a6845b4b32
2024-12-19 09:02:27 - be.view.auth - INFO - 登录处理结果: 200
2024-12-19 09:02:27 - werkzeug - INFO - 127.0.0.1 - - [19/Dec/2024 09:02:27] "POST /auth/login HTTP/1.1" 200 -
2024-12-19 09:02:27 - be.view.auth - INFO - 收到登录请求: {'user_id': 'buyer_3_46abceaa-bda4-11ef-87d8-02a6845b4b32', 'password': 'buyer_seller_3_46abceaa-bda4-11ef-87d8-02a6845b4b32', 'terminal': 'my terminal'}
2024-12-19 09:02:27 - be.model.user - INFO - 尝试登录用户：buyer_3_46abceaa-bda4-11ef-87d8-02a6845b4b32，终端：my terminal
2024-12-19 09:02:27 - be.model.user - INFO - 为用户 buyer_3_46abceaa-bda4-11ef-87d8-02a6845b4b32 生成新token，终端：my terminal
2024-12-19 09:02:27 - be.model.user - INFO - 用户登录成功：buyer_3_46abceaa-bda4-11ef-87d8-02a6845b4b32
2024-12-19 09:02:28 - be.view.auth - INFO - 登录处理结果: 200
2024-12-19 09:02:28 - werkzeug - INFO - 127.0.0.1 - - [19/Dec/2024 09:02:28] "POST /auth/login HTTP/1.1" 200 -
2024-12-19 09:02:28 - be.view.auth - INFO - 收到登录请求: {'user_id': 'buyer_6_46abceaa-bda4-11ef-87d8-02a6845b4b32', 'password': 'buyer_seller_6_46abceaa-bda4-11ef-87d8-02a6845b4b32', 'terminal': 'my terminal'}
2024-12-19 09:02:28 - be.model.user - INFO - 尝试登录用户：buyer_6_46abceaa-bda4-11ef-87d8-02a6845b4b32，终端：my terminal
2024-12-19 09:02:28 - be.model.user - INFO - 为用户 buyer_6_46abceaa-bda4-11ef-87d8-02a6845b4b32 生成新token，终端：my terminal
2024-12-19 09:02:28 - be.model.user - INFO - 用户登录成功：buyer_6_46abceaa-bda4-11ef-87d8-02a6845b4b32
2024-12-19 09:02:28 - be.view.auth - INFO - 登录处理结果: 200
2024-12-19 09:02:28 - werkzeug - INFO - 127.0.0.1 - - [19/Dec/2024 09:02:28] "POST /auth/login HTTP/1.1" 200 -
2024-12-19 09:02:28 - be.view.auth - INFO - 收到登录请求: {'user_id': 'buyer_4_46abceaa-bda4-11ef-87d8-02a6845b4b32', 'password': 'buyer_seller_4_46abceaa-bda4-11ef-87d8-02a6845b4b32', 'terminal': 'my terminal'}
2024-12-19 09:02:28 - be.model.user - INFO - 尝试登录用户：buyer_4_46abceaa-bda4-11ef-87d8-02a6845b4b32，终端：my terminal
2024-12-19 09:02:28 - be.model.user - INFO - 为用户 buyer_4_46abceaa-bda4-11ef-87d8-02a6845b4b32 生成新token，终端：my terminal
2024-12-19 09:02:28 - be.model.user - INFO - 用户登录成功：buyer_4_46abceaa-bda4-11ef-87d8-02a6845b4b32
2024-12-19 09:02:28 - be.view.auth - INFO - 登录处理结果: 200
2024-12-19 09:02:28 - werkzeug - INFO - 127.0.0.1 - - [19/Dec/2024 09:02:28] "POST /auth/login HTTP/1.1" 200 -
2024-12-19 09:02:28 - be.view.auth - INFO - 收到登录请求: {'user_id': 'buyer_2_46abceaa-bda4-11ef-87d8-02a6845b4b32', 'password': 'buyer_seller_2_46abceaa-bda4-11ef-87d8-02a6845b4b32', 'terminal': 'my terminal'}
2024-12-19 09:02:28 - be.model.user - INFO - 尝试登录用户：buyer_2_46abceaa-bda4-11ef-87d8-02a6845b4b32，终端：my terminal
2024-12-19 09:02:28 - be.model.user - INFO - 为用户 buyer_2_46abceaa-bda4-11ef-87d8-02a6845b4b32 生成新token，终端：my terminal
2024-12-19 09:02:28 - be.model.user - INFO - 用户登录成功：buyer_2_46abceaa-bda4-11ef-87d8-02a6845b4b32
2024-12-19 09:02:28 - be.view.auth - INFO - 登录处理结果: 200
2024-12-19 09:02:28 - werkzeug - INFO - 127.0.0.1 - - [19/Dec/2024 09:02:28] "POST /auth/login HTTP/1.1" 200 -
2024-12-19 09:02:28 - be.view.auth - INFO - 收到登录请求: {'user_id': 'buyer_7_46abceaa-bda4-11ef-87d8-02a6845b4b32', 'password': 'buyer_seller_7_46abceaa-bda4-11ef-87d8-02a6845b4b32', 'terminal': 'my terminal'}
2024-12-19 09:02:28 - be.model.user - INFO - 尝试登录用户：buyer_7_46abceaa-bda4-11ef-87d8-02a6845b4b32，终端：my terminal
2024-12-19 09:02:28 - be.model.user - INFO - 为用户 buyer_7_46abceaa-bda4-11ef-87d8-02a6845b4b32 生成新token，终端：my terminal
2024-12-19 09:02:28 - be.model.user - INFO - 用户登录成功：buyer_7_46abceaa-bda4-11ef-87d8-02a6845b4b32
2024-12-19 09:02:29 - be.view.auth - INFO - 登录处理结果: 200
2024-12-19 09:02:29 - werkzeug - INFO - 127.0.0.1 - - [19/Dec/2024 09:02:29] "POST /auth/login HTTP/1.1" 200 -
2024-12-19 09:02:29 - be.view.auth - INFO - 收到登录请求: {'user_id': 'buyer_2_46abceaa-bda4-11ef-87d8-02a6845b4b32', 'password': 'buyer_seller_2_46abceaa-bda4-11ef-87d8-02a6845b4b32', 'terminal': 'my terminal'}
2024-12-19 09:02:29 - be.model.user - INFO - 尝试登录用户：buyer_2_46abceaa-bda4-11ef-87d8-02a6845b4b32，终端：my terminal
2024-12-19 09:02:29 - be.model.user - INFO - 为用户 buyer_2_46abceaa-bda4-11ef-87d8-02a6845b4b32 生成新token，终端：my terminal
2024-12-19 09:02:29 - be.model.user - INFO - 用户登录成功：buyer_2_46abceaa-bda4-11ef-87d8-02a6845b4b32
2024-12-19 09:02:29 - be.view.auth - INFO - 登录处理结果: 200
2024-12-19 09:02:29 - werkzeug - INFO - 127.0.0.1 - - [19/Dec/2024 09:02:29] "POST /auth/login HTTP/1.1" 200 -
2024-12-19 09:02:29 - be.view.auth - INFO - 收到登录请求: {'user_id': 'buyer_6_46abceaa-bda4-11ef-87d8-02a6845b4b32', 'password': 'buyer_seller_6_46abceaa-bda4-11ef-87d8-02a6845b4b32', 'terminal': 'my terminal'}
2024-12-19 09:02:29 - be.model.user - INFO - 尝试登录用户：buyer_6_46abceaa-bda4-11ef-87d8-02a6845b4b32，终端：my terminal
2024-12-19 09:02:29 - be.model.user - INFO - 为用户 buyer_6_46abceaa-bda4-11ef-87d8-02a6845b4b32 生成新token，终端：my terminal
2024-12-19 09:02:29 - be.model.user - INFO - 用户登录成功：buyer_6_46abceaa-bda4-11ef-87d8-02a6845b4b32
2024-12-19 09:02:29 - be.view.auth - INFO - 登录处理结果: 200
2024-12-19 09:02:29 - werkzeug - INFO - 127.0.0.1 - - [19/Dec/2024 09:02:29] "POST /auth/login HTTP/1.1" 200 -
2024-12-19 09:02:29 - be.view.auth - INFO - 收到登录请求: {'user_id': 'buyer_6_46abceaa-bda4-11ef-87d8-02a6845b4b32', 'password': 'buyer_seller_6_46abceaa-bda4-11ef-87d8-02a6845b4b32', 'terminal': 'my terminal'}
2024-12-19 09:02:29 - be.model.user - INFO - 尝试登录用户：buyer_6_46abceaa-bda4-11ef-87d8-02a6845b4b32，终端：my terminal
2024-12-19 09:02:29 - be.model.user - INFO - 为用户 buyer_6_46abceaa-bda4-11ef-87d8-02a6845b4b32 生成新token，终端：my terminal
2024-12-19 09:02:29 - be.model.user - INFO - 用户登录成功：buyer_6_46abceaa-bda4-11ef-87d8-02a6845b4b32
2024-12-19 09:02:29 - be.view.auth - INFO - 登录处理结果: 200
2024-12-19 09:02:29 - werkzeug - INFO - 127.0.0.1 - - [19/Dec/2024 09:02:29] "POST /auth/login HTTP/1.1" 200 -
2024-12-19 09:02:29 - be.view.auth - INFO - 收到登录请求: {'user_id': 'buyer_6_46abceaa-bda4-11ef-87d8-02a6845b4b32', 'password': 'buyer_seller_6_46abceaa-bda4-11ef-87d8-02a6845b4b32', 'terminal': 'my terminal'}
2024-12-19 09:02:29 - be.model.user - INFO - 尝试登录用户：buyer_6_46abceaa-bda4-11ef-87d8-02a6845b4b32，终端：my terminal
2024-12-19 09:02:29 - be.model.user - INFO - 为用户 buyer_6_46abceaa-bda4-11ef-87d8-02a6845b4b32 生成新token，终端：my terminal
2024-12-19 09:02:29 - be.model.user - INFO - 用户登录成功：buyer_6_46abceaa-bda4-11ef-87d8-02a6845b4b32
2024-12-19 09:02:30 - be.view.auth - INFO - 登录处理结果: 200
2024-12-19 09:02:30 - werkzeug - INFO - 127.0.0.1 - - [19/Dec/2024 09:02:30] "POST /auth/login HTTP/1.1" 200 -
2024-12-19 09:02:30 - be.view.auth - INFO - 收到登录请求: {'user_id': 'buyer_9_46abceaa-bda4-11ef-87d8-02a6845b4b32', 'password': 'buyer_seller_9_46abceaa-bda4-11ef-87d8-02a6845b4b32', 'terminal': 'my terminal'}
2024-12-19 09:02:30 - be.model.user - INFO - 尝试登录用户：buyer_9_46abceaa-bda4-11ef-87d8-02a6845b4b32，终端：my terminal
2024-12-19 09:02:30 - be.model.user - INFO - 为用户 buyer_9_46abceaa-bda4-11ef-87d8-02a6845b4b32 生成新token，终端：my terminal
2024-12-19 09:02:30 - be.model.user - INFO - 用户登录成功：buyer_9_46abceaa-bda4-11ef-87d8-02a6845b4b32
2024-12-19 09:02:30 - be.view.auth - INFO - 登录处理结果: 200
2024-12-19 09:02:30 - werkzeug - INFO - 127.0.0.1 - - [19/Dec/2024 09:02:30] "POST /auth/login HTTP/1.1" 200 -
2024-12-19 09:02:30 - be.view.auth - INFO - 收到登录请求: {'user_id': 'buyer_9_46abceaa-bda4-11ef-87d8-02a6845b4b32', 'password': 'buyer_seller_9_46abceaa-bda4-11ef-87d8-02a6845b4b32', 'terminal': 'my terminal'}
2024-12-19 09:02:30 - be.model.user - INFO - 尝试登录用户：buyer_9_46abceaa-bda4-11ef-87d8-02a6845b4b32，终端：my terminal
2024-12-19 09:02:30 - be.model.user - INFO - 为用户 buyer_9_46abceaa-bda4-11ef-87d8-02a6845b4b32 生成新token，终端：my terminal
2024-12-19 09:02:30 - be.model.user - INFO - 用户登录成功：buyer_9_46abceaa-bda4-11ef-87d8-02a6845b4b32
2024-12-19 09:02:30 - be.view.auth - INFO - 登录处理结果: 200
2024-12-19 09:02:30 - werkzeug - INFO - 127.0.0.1 - - [19/Dec/2024 09:02:30] "POST /auth/login HTTP/1.1" 200 -
2024-12-19 09:02:30 - be.view.auth - INFO - 收到登录请求: {'user_id': 'buyer_4_46abceaa-bda4-11ef-87d8-02a6845b4b32', 'password': 'buyer_seller_4_46abceaa-bda4-11ef-87d8-02a6845b4b32', 'terminal': 'my terminal'}
2024-12-19 09:02:30 - be.model.user - INFO - 尝试登录用户：buyer_4_46abceaa-bda4-11ef-87d8-02a6845b4b32，终端：my terminal
2024-12-19 09:02:30 - be.model.user - INFO - 为用户 buyer_4_46abceaa-bda4-11ef-87d8-02a6845b4b32 生成新token，终端：my terminal
2024-12-19 09:02:30 - be.model.user - INFO - 用户登录成功：buyer_4_46abceaa-bda4-11ef-87d8-02a6845b4b32
2024-12-19 09:02:30 - be.view.auth - INFO - 登录处理结果: 200
2024-12-19 09:02:30 - werkzeug - INFO - 127.0.0.1 - - [19/Dec/2024 09:02:30] "POST /auth/login HTTP/1.1" 200 -
2024-12-19 09:02:30 - be.view.auth - INFO - 收到登录请求: {'user_id': 'buyer_9_46abceaa-bda4-11ef-87d8-02a6845b4b32', 'password': 'buyer_seller_9_46abceaa-bda4-11ef-87d8-02a6845b4b32', 'terminal': 'my terminal'}
2024-12-19 09:02:30 - be.model.user - INFO - 尝试登录用户：buyer_9_46abceaa-bda4-11ef-87d8-02a6845b4b32，终端：my terminal
2024-12-19 09:02:30 - be.model.user - INFO - 为用户 buyer_9_46abceaa-bda4-11ef-87d8-02a6845b4b32 生成新token，终端：my terminal
2024-12-19 09:02:30 - be.model.user - INFO - 用户登录成功：buyer_9_46abceaa-bda4-11ef-87d8-02a6845b4b32
2024-12-19 09:02:31 - be.view.auth - INFO - 登录处理结果: 200
2024-12-19 09:02:31 - werkzeug - INFO - 127.0.0.1 - - [19/Dec/2024 09:02:31] "POST /auth/login HTTP/1.1" 200 -
2024-12-19 09:02:31 - be.view.auth - INFO - 收到登录请求: {'user_id': 'buyer_6_46abceaa-bda4-11ef-87d8-02a6845b4b32', 'password': 'buyer_seller_6_46abceaa-bda4-11ef-87d8-02a6845b4b32', 'terminal': 'my terminal'}
2024-12-19 09:02:31 - be.model.user - INFO - 尝试登录用户：buyer_6_46abceaa-bda4-11ef-87d8-02a6845b4b32，终端：my terminal
2024-12-19 09:02:31 - be.model.user - INFO - 为用户 buyer_6_46abceaa-bda4-11ef-87d8-02a6845b4b32 生成新token，终端：my terminal
2024-12-19 09:02:31 - be.model.user - INFO - 用户登录成功：buyer_6_46abceaa-bda4-11ef-87d8-02a6845b4b32
2024-12-19 09:02:31 - be.view.auth - INFO - 登录处理结果: 200
2024-12-19 09:02:31 - werkzeug - INFO - 127.0.0.1 - - [19/Dec/2024 09:02:31] "POST /auth/login HTTP/1.1" 200 -
2024-12-19 09:02:31 - be.view.auth - INFO - 收到登录请求: {'user_id': 'buyer_9_46abceaa-bda4-11ef-87d8-02a6845b4b32', 'password': 'buyer_seller_9_46abceaa-bda4-11ef-87d8-02a6845b4b32', 'terminal': 'my terminal'}
2024-12-19 09:02:31 - be.model.user - INFO - 尝试登录用户：buyer_9_46abceaa-bda4-11ef-87d8-02a6845b4b32，终端：my terminal
2024-12-19 09:02:31 - be.model.user - INFO - 为用户 buyer_9_46abceaa-bda4-11ef-87d8-02a6845b4b32 生成新token，终端：my terminal
2024-12-19 09:02:31 - be.model.user - INFO - 用户登录成功：buyer_9_46abceaa-bda4-11ef-87d8-02a6845b4b32
2024-12-19 09:02:31 - be.view.auth - INFO - 登录处理结果: 200
2024-12-19 09:02:31 - werkzeug - INFO - 127.0.0.1 - - [19/Dec/2024 09:02:31] "POST /auth/login HTTP/1.1" 200 -
2024-12-19 09:02:31 - be.view.auth - INFO - 收到登录请求: {'user_id': 'buyer_9_46abceaa-bda4-11ef-87d8-02a6845b4b32', 'password': 'buyer_seller_9_46abceaa-bda4-11ef-87d8-02a6845b4b32', 'terminal': 'my terminal'}
2024-12-19 09:02:31 - be.model.user - INFO - 尝试登录用户：buyer_9_46abceaa-bda4-11ef-87d8-02a6845b4b32，终端：my terminal
2024-12-19 09:02:31 - be.model.user - INFO - 为用户 buyer_9_46abceaa-bda4-11ef-87d8-02a6845b4b32 生成新token，终端：my terminal
2024-12-19 09:02:31 - be.model.user - INFO - 用户登录成功：buyer_9_46abceaa-bda4-11ef-87d8-02a6845b4b32
2024-12-19 09:02:31 - be.view.auth - INFO - 登录处理结果: 200
2024-12-19 09:02:31 - werkzeug - INFO - 127.0.0.1 - - [19/Dec/2024 09:02:31] "POST /auth/login HTTP/1.1" 200 -
2024-12-19 09:02:31 - be.view.auth - INFO - 收到登录请求: {'user_id': 'buyer_9_46abceaa-bda4-11ef-87d8-02a6845b4b32', 'password': 'buyer_seller_9_46abceaa-bda4-11ef-87d8-02a6845b4b32', 'terminal': 'my terminal'}
2024-12-19 09:02:31 - be.model.user - INFO - 尝试登录用户：buyer_9_46abceaa-bda4-11ef-87d8-02a6845b4b32，终端：my terminal
2024-12-19 09:02:31 - be.model.user - INFO - 为用户 buyer_9_46abceaa-bda4-11ef-87d8-02a6845b4b32 生成新token，终端：my terminal
2024-12-19 09:02:31 - be.model.user - INFO - 用户登录成功：buyer_9_46abceaa-bda4-11ef-87d8-02a6845b4b32
2024-12-19 09:02:32 - be.view.auth - INFO - 登录处理结果: 200
2024-12-19 09:02:32 - werkzeug - INFO - 127.0.0.1 - - [19/Dec/2024 09:02:32] "POST /auth/login HTTP/1.1" 200 -
2024-12-19 09:02:32 - be.view.auth - INFO - 收到登录请求: {'user_id': 'buyer_2_46abceaa-bda4-11ef-87d8-02a6845b4b32', 'password': 'buyer_seller_2_46abceaa-bda4-11ef-87d8-02a6845b4b32', 'terminal': 'my terminal'}
2024-12-19 09:02:32 - be.model.user - INFO - 尝试登录用户：buyer_2_46abceaa-bda4-11ef-87d8-02a6845b4b32，终端：my terminal
2024-12-19 09:02:32 - be.model.user - INFO - 为用户 buyer_2_46abceaa-bda4-11ef-87d8-02a6845b4b32 生成新token，终端：my terminal
2024-12-19 09:02:32 - be.model.user - INFO - 用户登录成功：buyer_2_46abceaa-bda4-11ef-87d8-02a6845b4b32
2024-12-19 09:02:32 - be.view.auth - INFO - 登录处理结果: 200
2024-12-19 09:02:32 - werkzeug - INFO - 127.0.0.1 - - [19/Dec/2024 09:02:32] "POST /auth/login HTTP/1.1" 200 -
2024-12-19 09:02:32 - be.view.auth - INFO - 收到登录请求: {'user_id': 'buyer_3_46abceaa-bda4-11ef-87d8-02a6845b4b32', 'password': 'buyer_seller_3_46abceaa-bda4-11ef-87d8-02a6845b4b32', 'terminal': 'my terminal'}
2024-12-19 09:02:32 - be.model.user - INFO - 尝试登录用户：buyer_3_46abceaa-bda4-11ef-87d8-02a6845b4b32，终端：my terminal
2024-12-19 09:02:32 - be.model.user - INFO - 为用户 buyer_3_46abceaa-bda4-11ef-87d8-02a6845b4b32 生成新token，终端：my terminal
2024-12-19 09:02:32 - be.model.user - INFO - 用户登录成功：buyer_3_46abceaa-bda4-11ef-87d8-02a6845b4b32
2024-12-19 09:02:32 - be.view.auth - INFO - 登录处理结果: 200
2024-12-19 09:02:32 - werkzeug - INFO - 127.0.0.1 - - [19/Dec/2024 09:02:32] "POST /auth/login HTTP/1.1" 200 -
2024-12-19 09:02:32 - be.view.auth - INFO - 收到登录请求: {'user_id': 'buyer_6_46abceaa-bda4-11ef-87d8-02a6845b4b32', 'password': 'buyer_seller_6_46abceaa-bda4-11ef-87d8-02a6845b4b32', 'terminal': 'my terminal'}
2024-12-19 09:02:32 - be.model.user - INFO - 尝试登录用户：buyer_6_46abceaa-bda4-11ef-87d8-02a6845b4b32，终端：my terminal
2024-12-19 09:02:32 - be.model.user - INFO - 为用户 buyer_6_46abceaa-bda4-11ef-87d8-02a6845b4b32 生成新token，终端：my terminal
2024-12-19 09:02:32 - be.model.user - INFO - 用户登录成功：buyer_6_46abceaa-bda4-11ef-87d8-02a6845b4b32
2024-12-19 09:02:32 - be.view.auth - INFO - 登录处理结果: 200
2024-12-19 09:02:32 - werkzeug - INFO - 127.0.0.1 - - [19/Dec/2024 09:02:32] "POST /auth/login HTTP/1.1" 200 -
2024-12-19 09:02:32 - be.view.auth - INFO - 收到登录请求: {'user_id': 'buyer_3_46abceaa-bda4-11ef-87d8-02a6845b4b32', 'password': 'buyer_seller_3_46abceaa-bda4-11ef-87d8-02a6845b4b32', 'terminal': 'my terminal'}
2024-12-19 09:02:32 - be.model.user - INFO - 尝试登录用户：buyer_3_46abceaa-bda4-11ef-87d8-02a6845b4b32，终端：my terminal
2024-12-19 09:02:32 - be.model.user - INFO - 为用户 buyer_3_46abceaa-bda4-11ef-87d8-02a6845b4b32 生成新token，终端：my terminal
2024-12-19 09:02:32 - be.model.user - INFO - 用户登录成功：buyer_3_46abceaa-bda4-11ef-87d8-02a6845b4b32
2024-12-19 09:02:32 - be.view.auth - INFO - 登录处理结果: 200
2024-12-19 09:02:32 - werkzeug - INFO - 127.0.0.1 - - [19/Dec/2024 09:02:32] "POST /auth/login HTTP/1.1" 200 -
2024-12-19 09:02:32 - be.view.auth - INFO - 收到登录请求: {'user_id': 'buyer_8_46abceaa-bda4-11ef-87d8-02a6845b4b32', 'password': 'buyer_seller_8_46abceaa-bda4-11ef-87d8-02a6845b4b32', 'terminal': 'my terminal'}
2024-12-19 09:02:32 - be.model.user - INFO - 尝试登录用户：buyer_8_46abceaa-bda4-11ef-87d8-02a6845b4b32，终端：my terminal
2024-12-19 09:02:33 - be.model.user - INFO - 为用户 buyer_8_46abceaa-bda4-11ef-87d8-02a6845b4b32 生成新token，终端：my terminal
2024-12-19 09:02:33 - be.model.user - INFO - 用户登录成功：buyer_8_46abceaa-bda4-11ef-87d8-02a6845b4b32
2024-12-19 09:02:33 - be.view.auth - INFO - 登录处理结果: 200
2024-12-19 09:02:33 - werkzeug - INFO - 127.0.0.1 - - [19/Dec/2024 09:02:33] "POST /auth/login HTTP/1.1" 200 -
2024-12-19 09:02:33 - be.view.auth - INFO - 收到登录请求: {'user_id': 'buyer_9_46abceaa-bda4-11ef-87d8-02a6845b4b32', 'password': 'buyer_seller_9_46abceaa-bda4-11ef-87d8-02a6845b4b32', 'terminal': 'my terminal'}
2024-12-19 09:02:33 - be.model.user - INFO - 尝试登录用户：buyer_9_46abceaa-bda4-11ef-87d8-02a6845b4b32，终端：my terminal
2024-12-19 09:02:33 - be.model.user - INFO - 为用户 buyer_9_46abceaa-bda4-11ef-87d8-02a6845b4b32 生成新token，终端：my terminal
2024-12-19 09:02:33 - be.model.user - INFO - 用户登录成功：buyer_9_46abceaa-bda4-11ef-87d8-02a6845b4b32
2024-12-19 09:02:33 - be.view.auth - INFO - 登录处理结果: 200
2024-12-19 09:02:33 - werkzeug - INFO - 127.0.0.1 - - [19/Dec/2024 09:02:33] "POST /auth/login HTTP/1.1" 200 -
2024-12-19 09:02:33 - be.view.auth - INFO - 收到登录请求: {'user_id': 'buyer_8_46abceaa-bda4-11ef-87d8-02a6845b4b32', 'password': 'buyer_seller_8_46abceaa-bda4-11ef-87d8-02a6845b4b32', 'terminal': 'my terminal'}
2024-12-19 09:02:33 - be.model.user - INFO - 尝试登录用户：buyer_8_46abceaa-bda4-11ef-87d8-02a6845b4b32，终端：my terminal
2024-12-19 09:02:33 - be.model.user - INFO - 为用户 buyer_8_46abceaa-bda4-11ef-87d8-02a6845b4b32 生成新token，终端：my terminal
2024-12-19 09:02:33 - be.model.user - INFO - 用户登录成功：buyer_8_46abceaa-bda4-11ef-87d8-02a6845b4b32
2024-12-19 09:02:33 - be.view.auth - INFO - 登录处理结果: 200
2024-12-19 09:02:33 - werkzeug - INFO - 127.0.0.1 - - [19/Dec/2024 09:02:33] "POST /auth/login HTTP/1.1" 200 -
2024-12-19 09:02:33 - be.view.auth - INFO - 收到登录请求: {'user_id': 'buyer_4_46abceaa-bda4-11ef-87d8-02a6845b4b32', 'password': 'buyer_seller_4_46abceaa-bda4-11ef-87d8-02a6845b4b32', 'terminal': 'my terminal'}
2024-12-19 09:02:33 - be.model.user - INFO - 尝试登录用户：buyer_4_46abceaa-bda4-11ef-87d8-02a6845b4b32，终端：my terminal
2024-12-19 09:02:33 - be.model.user - INFO - 为用户 buyer_4_46abceaa-bda4-11ef-87d8-02a6845b4b32 生成新token，终端：my terminal
2024-12-19 09:02:33 - be.model.user - INFO - 用户登录成功：buyer_4_46abceaa-bda4-11ef-87d8-02a6845b4b32
2024-12-19 09:02:33 - be.view.auth - INFO - 登录处理结果: 200
2024-12-19 09:02:33 - werkzeug - INFO - 127.0.0.1 - - [19/Dec/2024 09:02:33] "POST /auth/login HTTP/1.1" 200 -
2024-12-19 09:02:33 - be.view.auth - INFO - 收到登录请求: {'user_id': 'buyer_8_46abceaa-bda4-11ef-87d8-02a6845b4b32', 'password': 'buyer_seller_8_46abceaa-bda4-11ef-87d8-02a6845b4b32', 'terminal': 'my terminal'}
2024-12-19 09:02:33 - be.model.user - INFO - 尝试登录用户：buyer_8_46abceaa-bda4-11ef-87d8-02a6845b4b32，终端：my terminal
2024-12-19 09:02:34 - be.model.user - INFO - 为用户 buyer_8_46abceaa-bda4-11ef-87d8-02a6845b4b32 生成新token，终端：my terminal
2024-12-19 09:02:34 - be.model.user - INFO - 用户登录成功：buyer_8_46abceaa-bda4-11ef-87d8-02a6845b4b32
2024-12-19 09:02:34 - be.view.auth - INFO - 登录处理结果: 200
2024-12-19 09:02:34 - werkzeug - INFO - 127.0.0.1 - - [19/Dec/2024 09:02:34] "POST /auth/login HTTP/1.1" 200 -
2024-12-19 09:02:34 - be.view.auth - INFO - 收到登录请求: {'user_id': 'buyer_8_46abceaa-bda4-11ef-87d8-02a6845b4b32', 'password': 'buyer_seller_8_46abceaa-bda4-11ef-87d8-02a6845b4b32', 'terminal': 'my terminal'}
2024-12-19 09:02:34 - be.model.user - INFO - 尝试登录用户：buyer_8_46abceaa-bda4-11ef-87d8-02a6845b4b32，终端：my terminal
2024-12-19 09:02:34 - be.model.user - INFO - 为用户 buyer_8_46abceaa-bda4-11ef-87d8-02a6845b4b32 生成新token，终端：my terminal
2024-12-19 09:02:34 - be.model.user - INFO - 用户登录成功：buyer_8_46abceaa-bda4-11ef-87d8-02a6845b4b32
2024-12-19 09:02:34 - be.view.auth - INFO - 登录处理结果: 200
2024-12-19 09:02:34 - werkzeug - INFO - 127.0.0.1 - - [19/Dec/2024 09:02:34] "POST /auth/login HTTP/1.1" 200 -
2024-12-19 09:02:34 - be.view.auth - INFO - 收到登录请求: {'user_id': 'buyer_10_46abceaa-bda4-11ef-87d8-02a6845b4b32', 'password': 'buyer_seller_10_46abceaa-bda4-11ef-87d8-02a6845b4b32', 'terminal': 'my terminal'}
2024-12-19 09:02:34 - be.model.user - INFO - 尝试登录用户：buyer_10_46abceaa-bda4-11ef-87d8-02a6845b4b32，终端：my terminal
2024-12-19 09:02:34 - be.model.user - INFO - 为用户 buyer_10_46abceaa-bda4-11ef-87d8-02a6845b4b32 生成新token，终端：my terminal
2024-12-19 09:02:34 - be.model.user - INFO - 用户登录成功：buyer_10_46abceaa-bda4-11ef-87d8-02a6845b4b32
2024-12-19 09:02:34 - be.view.auth - INFO - 登录处理结果: 200
2024-12-19 09:02:34 - werkzeug - INFO - 127.0.0.1 - - [19/Dec/2024 09:02:34] "POST /auth/login HTTP/1.1" 200 -
2024-12-19 09:02:34 - be.view.auth - INFO - 收到登录请求: {'user_id': 'buyer_4_46abceaa-bda4-11ef-87d8-02a6845b4b32', 'password': 'buyer_seller_4_46abceaa-bda4-11ef-87d8-02a6845b4b32', 'terminal': 'my terminal'}
2024-12-19 09:02:34 - be.model.user - INFO - 尝试登录用户：buyer_4_46abceaa-bda4-11ef-87d8-02a6845b4b32，终端：my terminal
2024-12-19 09:02:34 - be.model.user - INFO - 为用户 buyer_4_46abceaa-bda4-11ef-87d8-02a6845b4b32 生成新token，终端：my terminal
2024-12-19 09:02:34 - be.model.user - INFO - 用户登录成功：buyer_4_46abceaa-bda4-11ef-87d8-02a6845b4b32
2024-12-19 09:02:35 - be.view.auth - INFO - 登录处理结果: 200
2024-12-19 09:02:35 - werkzeug - INFO - 127.0.0.1 - - [19/Dec/2024 09:02:35] "POST /auth/login HTTP/1.1" 200 -
2024-12-19 09:02:35 - be.view.auth - INFO - 收到登录请求: {'user_id': 'buyer_2_46abceaa-bda4-11ef-87d8-02a6845b4b32', 'password': 'buyer_seller_2_46abceaa-bda4-11ef-87d8-02a6845b4b32', 'terminal': 'my terminal'}
2024-12-19 09:02:35 - be.model.user - INFO - 尝试登录用户：buyer_2_46abceaa-bda4-11ef-87d8-02a6845b4b32，终端：my terminal
2024-12-19 09:02:35 - be.model.user - INFO - 为用户 buyer_2_46abceaa-bda4-11ef-87d8-02a6845b4b32 生成新token，终端：my terminal
2024-12-19 09:02:35 - be.model.user - INFO - 用户登录成功：buyer_2_46abceaa-bda4-11ef-87d8-02a6845b4b32
2024-12-19 09:02:35 - be.view.auth - INFO - 登录处理结果: 200
2024-12-19 09:02:35 - werkzeug - INFO - 127.0.0.1 - - [19/Dec/2024 09:02:35] "POST /auth/login HTTP/1.1" 200 -
2024-12-19 09:02:35 - be.view.auth - INFO - 收到登录请求: {'user_id': 'buyer_10_46abceaa-bda4-11ef-87d8-02a6845b4b32', 'password': 'buyer_seller_10_46abceaa-bda4-11ef-87d8-02a6845b4b32', 'terminal': 'my terminal'}
2024-12-19 09:02:35 - be.model.user - INFO - 尝试登录用户：buyer_10_46abceaa-bda4-11ef-87d8-02a6845b4b32，终端：my terminal
2024-12-19 09:02:35 - be.model.user - INFO - 为用户 buyer_10_46abceaa-bda4-11ef-87d8-02a6845b4b32 生成新token，终端：my terminal
2024-12-19 09:02:35 - be.model.user - INFO - 用户登录成功：buyer_10_46abceaa-bda4-11ef-87d8-02a6845b4b32
2024-12-19 09:02:35 - be.view.auth - INFO - 登录处理结果: 200
2024-12-19 09:02:35 - werkzeug - INFO - 127.0.0.1 - - [19/Dec/2024 09:02:35] "POST /auth/login HTTP/1.1" 200 -
2024-12-19 09:02:35 - be.view.auth - INFO - 收到登录请求: {'user_id': 'buyer_7_46abceaa-bda4-11ef-87d8-02a6845b4b32', 'password': 'buyer_seller_7_46abceaa-bda4-11ef-87d8-02a6845b4b32', 'terminal': 'my terminal'}
2024-12-19 09:02:35 - be.model.user - INFO - 尝试登录用户：buyer_7_46abceaa-bda4-11ef-87d8-02a6845b4b32，终端：my terminal
2024-12-19 09:02:35 - be.model.user - INFO - 为用户 buyer_7_46abceaa-bda4-11ef-87d8-02a6845b4b32 生成新token，终端：my terminal
2024-12-19 09:02:35 - be.model.user - INFO - 用户登录成功：buyer_7_46abceaa-bda4-11ef-87d8-02a6845b4b32
2024-12-19 09:02:35 - be.view.auth - INFO - 登录处理结果: 200
2024-12-19 09:02:35 - werkzeug - INFO - 127.0.0.1 - - [19/Dec/2024 09:02:35] "POST /auth/login HTTP/1.1" 200 -
2024-12-19 09:02:35 - be.view.auth - INFO - 收到登录请求: {'user_id': 'buyer_2_46abceaa-bda4-11ef-87d8-02a6845b4b32', 'password': 'buyer_seller_2_46abceaa-bda4-11ef-87d8-02a6845b4b32', 'terminal': 'my terminal'}
2024-12-19 09:02:35 - be.model.user - INFO - 尝试登录用户：buyer_2_46abceaa-bda4-11ef-87d8-02a6845b4b32，终端：my terminal
2024-12-19 09:02:35 - be.model.user - INFO - 为用户 buyer_2_46abceaa-bda4-11ef-87d8-02a6845b4b32 生成新token，终端：my terminal
2024-12-19 09:02:35 - be.model.user - INFO - 用户登录成功：buyer_2_46abceaa-bda4-11ef-87d8-02a6845b4b32
2024-12-19 09:02:36 - be.view.auth - INFO - 登录处理结果: 200
2024-12-19 09:02:36 - werkzeug - INFO - 127.0.0.1 - - [19/Dec/2024 09:02:36] "POST /auth/login HTTP/1.1" 200 -
2024-12-19 09:02:36 - be.view.auth - INFO - 收到登录请求: {'user_id': 'buyer_3_46abceaa-bda4-11ef-87d8-02a6845b4b32', 'password': 'buyer_seller_3_46abceaa-bda4-11ef-87d8-02a6845b4b32', 'terminal': 'my terminal'}
2024-12-19 09:02:36 - be.model.user - INFO - 尝试登录用户：buyer_3_46abceaa-bda4-11ef-87d8-02a6845b4b32，终端：my terminal
2024-12-19 09:02:36 - be.model.user - INFO - 为用户 buyer_3_46abceaa-bda4-11ef-87d8-02a6845b4b32 生成新token，终端：my terminal
2024-12-19 09:02:36 - be.model.user - INFO - 用户登录成功：buyer_3_46abceaa-bda4-11ef-87d8-02a6845b4b32
2024-12-19 09:02:36 - be.view.auth - INFO - 登录处理结果: 200
2024-12-19 09:02:36 - werkzeug - INFO - 127.0.0.1 - - [19/Dec/2024 09:02:36] "POST /auth/login HTTP/1.1" 200 -
2024-12-19 09:02:36 - be.view.auth - INFO - 收到登录请求: {'user_id': 'buyer_1_46abceaa-bda4-11ef-87d8-02a6845b4b32', 'password': 'buyer_seller_1_46abceaa-bda4-11ef-87d8-02a6845b4b32', 'terminal': 'my terminal'}
2024-12-19 09:02:36 - be.model.user - INFO - 尝试登录用户：buyer_1_46abceaa-bda4-11ef-87d8-02a6845b4b32，终端：my terminal
2024-12-19 09:02:36 - be.model.user - INFO - 为用户 buyer_1_46abceaa-bda4-11ef-87d8-02a6845b4b32 生成新token，终端：my terminal
2024-12-19 09:02:36 - be.model.user - INFO - 用户登录成功：buyer_1_46abceaa-bda4-11ef-87d8-02a6845b4b32
2024-12-19 09:02:36 - be.view.auth - INFO - 登录处理结果: 200
2024-12-19 09:02:36 - werkzeug - INFO - 127.0.0.1 - - [19/Dec/2024 09:02:36] "POST /auth/login HTTP/1.1" 200 -
2024-12-19 09:02:36 - be.view.auth - INFO - 收到登录请求: {'user_id': 'buyer_6_46abceaa-bda4-11ef-87d8-02a6845b4b32', 'password': 'buyer_seller_6_46abceaa-bda4-11ef-87d8-02a6845b4b32', 'terminal': 'my terminal'}
2024-12-19 09:02:36 - be.model.user - INFO - 尝试登录用户：buyer_6_46abceaa-bda4-11ef-87d8-02a6845b4b32，终端：my terminal
2024-12-19 09:02:36 - be.model.user - INFO - 为用户 buyer_6_46abceaa-bda4-11ef-87d8-02a6845b4b32 生成新token，终端：my terminal
2024-12-19 09:02:36 - be.model.user - INFO - 用户登录成功：buyer_6_46abceaa-bda4-11ef-87d8-02a6845b4b32
2024-12-19 09:02:36 - be.view.auth - INFO - 登录处理结果: 200
2024-12-19 09:02:36 - werkzeug - INFO - 127.0.0.1 - - [19/Dec/2024 09:02:36] "POST /auth/login HTTP/1.1" 200 -
2024-12-19 09:02:36 - be.view.auth - INFO - 收到登录请求: {'user_id': 'buyer_4_46abceaa-bda4-11ef-87d8-02a6845b4b32', 'password': 'buyer_seller_4_46abceaa-bda4-11ef-87d8-02a6845b4b32', 'terminal': 'my terminal'}
2024-12-19 09:02:36 - be.model.user - INFO - 尝试登录用户：buyer_4_46abceaa-bda4-11ef-87d8-02a6845b4b32，终端：my terminal
2024-12-19 09:02:36 - be.model.user - INFO - 为用户 buyer_4_46abceaa-bda4-11ef-87d8-02a6845b4b32 生成新token，终端：my terminal
2024-12-19 09:02:36 - be.model.user - INFO - 用户登录成功：buyer_4_46abceaa-bda4-11ef-87d8-02a6845b4b32
2024-12-19 09:02:37 - be.view.auth - INFO - 登录处理结果: 200
2024-12-19 09:02:37 - werkzeug - INFO - 127.0.0.1 - - [19/Dec/2024 09:02:37] "POST /auth/login HTTP/1.1" 200 -
2024-12-19 09:02:37 - be.view.auth - INFO - 收到登录请求: {'user_id': 'buyer_6_46abceaa-bda4-11ef-87d8-02a6845b4b32', 'password': 'buyer_seller_6_46abceaa-bda4-11ef-87d8-02a6845b4b32', 'terminal': 'my terminal'}
2024-12-19 09:02:37 - be.model.user - INFO - 尝试登录用户：buyer_6_46abceaa-bda4-11ef-87d8-02a6845b4b32，终端：my terminal
2024-12-19 09:02:37 - be.model.user - INFO - 为用户 buyer_6_46abceaa-bda4-11ef-87d8-02a6845b4b32 生成新token，终端：my terminal
2024-12-19 09:02:37 - be.model.user - INFO - 用户登录成功：buyer_6_46abceaa-bda4-11ef-87d8-02a6845b4b32
2024-12-19 09:02:37 - be.view.auth - INFO - 登录处理结果: 200
2024-12-19 09:02:37 - werkzeug - INFO - 127.0.0.1 - - [19/Dec/2024 09:02:37] "POST /auth/login HTTP/1.1" 200 -
2024-12-19 09:02:37 - be.view.auth - INFO - 收到登录请求: {'user_id': 'buyer_8_46abceaa-bda4-11ef-87d8-02a6845b4b32', 'password': 'buyer_seller_8_46abceaa-bda4-11ef-87d8-02a6845b4b32', 'terminal': 'my terminal'}
2024-12-19 09:02:37 - be.model.user - INFO - 尝试登录用户：buyer_8_46abceaa-bda4-11ef-87d8-02a6845b4b32，终端：my terminal
2024-12-19 09:02:37 - be.model.user - INFO - 为用户 buyer_8_46abceaa-bda4-11ef-87d8-02a6845b4b32 生成新token，终端：my terminal
2024-12-19 09:02:37 - be.model.user - INFO - 用户登录成功：buyer_8_46abceaa-bda4-11ef-87d8-02a6845b4b32
2024-12-19 09:02:37 - be.view.auth - INFO - 登录处理结果: 200
2024-12-19 09:02:37 - werkzeug - INFO - 127.0.0.1 - - [19/Dec/2024 09:02:37] "POST /auth/login HTTP/1.1" 200 -
2024-12-19 09:02:37 - be.view.auth - INFO - 收到登录请求: {'user_id': 'buyer_3_46abceaa-bda4-11ef-87d8-02a6845b4b32', 'password': 'buyer_seller_3_46abceaa-bda4-11ef-87d8-02a6845b4b32', 'terminal': 'my terminal'}
2024-12-19 09:02:37 - be.model.user - INFO - 尝试登录用户：buyer_3_46abceaa-bda4-11ef-87d8-02a6845b4b32，终端：my terminal
2024-12-19 09:02:37 - be.model.user - INFO - 为用户 buyer_3_46abceaa-bda4-11ef-87d8-02a6845b4b32 生成新token，终端：my terminal
2024-12-19 09:02:37 - be.model.user - INFO - 用户登录成功：buyer_3_46abceaa-bda4-11ef-87d8-02a6845b4b32
2024-12-19 09:02:37 - be.view.auth - INFO - 登录处理结果: 200
2024-12-19 09:02:37 - werkzeug - INFO - 127.0.0.1 - - [19/Dec/2024 09:02:37] "POST /auth/login HTTP/1.1" 200 -
2024-12-19 09:02:37 - be.view.auth - INFO - 收到登录请求: {'user_id': 'buyer_3_46abceaa-bda4-11ef-87d8-02a6845b4b32', 'password': 'buyer_seller_3_46abceaa-bda4-11ef-87d8-02a6845b4b32', 'terminal': 'my terminal'}
2024-12-19 09:02:37 - be.model.user - INFO - 尝试登录用户：buyer_3_46abceaa-bda4-11ef-87d8-02a6845b4b32，终端：my terminal
2024-12-19 09:02:37 - be.model.user - INFO - 为用户 buyer_3_46abceaa-bda4-11ef-87d8-02a6845b4b32 生成新token，终端：my terminal
2024-12-19 09:02:37 - be.model.user - INFO - 用户登录成功：buyer_3_46abceaa-bda4-11ef-87d8-02a6845b4b32
2024-12-19 09:02:38 - be.view.auth - INFO - 登录处理结果: 200
2024-12-19 09:02:38 - werkzeug - INFO - 127.0.0.1 - - [19/Dec/2024 09:02:38] "POST /auth/login HTTP/1.1" 200 -
2024-12-19 09:02:38 - be.view.auth - INFO - 收到登录请求: {'user_id': 'buyer_10_46abceaa-bda4-11ef-87d8-02a6845b4b32', 'password': 'buyer_seller_10_46abceaa-bda4-11ef-87d8-02a6845b4b32', 'terminal': 'my terminal'}
2024-12-19 09:02:38 - be.model.user - INFO - 尝试登录用户：buyer_10_46abceaa-bda4-11ef-87d8-02a6845b4b32，终端：my terminal
2024-12-19 09:02:38 - be.model.user - INFO - 为用户 buyer_10_46abceaa-bda4-11ef-87d8-02a6845b4b32 生成新token，终端：my terminal
2024-12-19 09:02:38 - be.model.user - INFO - 用户登录成功：buyer_10_46abceaa-bda4-11ef-87d8-02a6845b4b32
2024-12-19 09:02:38 - be.view.auth - INFO - 登录处理结果: 200
2024-12-19 09:02:38 - werkzeug - INFO - 127.0.0.1 - - [19/Dec/2024 09:02:38] "POST /auth/login HTTP/1.1" 200 -
2024-12-19 09:02:38 - be.view.auth - INFO - 收到登录请求: {'user_id': 'buyer_4_46abceaa-bda4-11ef-87d8-02a6845b4b32', 'password': 'buyer_seller_4_46abceaa-bda4-11ef-87d8-02a6845b4b32', 'terminal': 'my terminal'}
2024-12-19 09:02:38 - be.model.user - INFO - 尝试登录用户：buyer_4_46abceaa-bda4-11ef-87d8-02a6845b4b32，终端：my terminal
2024-12-19 09:02:38 - be.model.user - INFO - 为用户 buyer_4_46abceaa-bda4-11ef-87d8-02a6845b4b32 生成新token，终端：my terminal
2024-12-19 09:02:38 - be.model.user - INFO - 用户登录成功：buyer_4_46abceaa-bda4-11ef-87d8-02a6845b4b32
2024-12-19 09:02:38 - be.view.auth - INFO - 登录处理结果: 200
2024-12-19 09:02:38 - werkzeug - INFO - 127.0.0.1 - - [19/Dec/2024 09:02:38] "POST /auth/login HTTP/1.1" 200 -
2024-12-19 09:02:38 - be.view.auth - INFO - 收到登录请求: {'user_id': 'buyer_2_46abceaa-bda4-11ef-87d8-02a6845b4b32', 'password': 'buyer_seller_2_46abceaa-bda4-11ef-87d8-02a6845b4b32', 'terminal': 'my terminal'}
2024-12-19 09:02:38 - be.model.user - INFO - 尝试登录用户：buyer_2_46abceaa-bda4-11ef-87d8-02a6845b4b32，终端：my terminal
2024-12-19 09:02:38 - be.model.user - INFO - 为用户 buyer_2_46abceaa-bda4-11ef-87d8-02a6845b4b32 生成新token，终端：my terminal
2024-12-19 09:02:38 - be.model.user - INFO - 用户登录成功：buyer_2_46abceaa-bda4-11ef-87d8-02a6845b4b32
2024-12-19 09:02:38 - be.view.auth - INFO - 登录处理结果: 200
2024-12-19 09:02:38 - werkzeug - INFO - 127.0.0.1 - - [19/Dec/2024 09:02:38] "POST /auth/login HTTP/1.1" 200 -
2024-12-19 09:02:38 - be.view.auth - INFO - 收到登录请求: {'user_id': 'buyer_3_46abceaa-bda4-11ef-87d8-02a6845b4b32', 'password': 'buyer_seller_3_46abceaa-bda4-11ef-87d8-02a6845b4b32', 'terminal': 'my terminal'}
2024-12-19 09:02:38 - be.model.user - INFO - 尝试登录用户：buyer_3_46abceaa-bda4-11ef-87d8-02a6845b4b32，终端：my terminal
2024-12-19 09:02:38 - be.model.user - INFO - 为用户 buyer_3_46abceaa-bda4-11ef-87d8-02a6845b4b32 生成新token，终端：my terminal
2024-12-19 09:02:38 - be.model.user - INFO - 用户登录成功：buyer_3_46abceaa-bda4-11ef-87d8-02a6845b4b32
2024-12-19 09:02:38 - be.view.auth - INFO - 登录处理结果: 200
2024-12-19 09:02:38 - werkzeug - INFO - 127.0.0.1 - - [19/Dec/2024 09:02:38] "POST /auth/login HTTP/1.1" 200 -
2024-12-19 09:02:38 - be.view.auth - INFO - 收到登录请求: {'user_id': 'buyer_8_46abceaa-bda4-11ef-87d8-02a6845b4b32', 'password': 'buyer_seller_8_46abceaa-bda4-11ef-87d8-02a6845b4b32', 'terminal': 'my terminal'}
2024-12-19 09:02:38 - be.model.user - INFO - 尝试登录用户：buyer_8_46abceaa-bda4-11ef-87d8-02a6845b4b32，终端：my terminal
2024-12-19 09:02:39 - be.model.user - INFO - 为用户 buyer_8_46abceaa-bda4-11ef-87d8-02a6845b4b32 生成新token，终端：my terminal
2024-12-19 09:02:39 - be.model.user - INFO - 用户登录成功：buyer_8_46abceaa-bda4-11ef-87d8-02a6845b4b32
2024-12-19 09:02:39 - be.view.auth - INFO - 登录处理结果: 200
2024-12-19 09:02:39 - werkzeug - INFO - 127.0.0.1 - - [19/Dec/2024 09:02:39] "POST /auth/login HTTP/1.1" 200 -
2024-12-19 09:02:39 - be.view.auth - INFO - 收到登录请求: {'user_id': 'buyer_1_46abceaa-bda4-11ef-87d8-02a6845b4b32', 'password': 'buyer_seller_1_46abceaa-bda4-11ef-87d8-02a6845b4b32', 'terminal': 'my terminal'}
2024-12-19 09:02:39 - be.model.user - INFO - 尝试登录用户：buyer_1_46abceaa-bda4-11ef-87d8-02a6845b4b32，终端：my terminal
2024-12-19 09:02:39 - be.model.user - INFO - 为用户 buyer_1_46abceaa-bda4-11ef-87d8-02a6845b4b32 生成新token，终端：my terminal
2024-12-19 09:02:39 - be.model.user - INFO - 用户登录成功：buyer_1_46abceaa-bda4-11ef-87d8-02a6845b4b32
2024-12-19 09:02:39 - be.view.auth - INFO - 登录处理结果: 200
2024-12-19 09:02:39 - werkzeug - INFO - 127.0.0.1 - - [19/Dec/2024 09:02:39] "POST /auth/login HTTP/1.1" 200 -
2024-12-19 09:02:39 - be.view.auth - INFO - 收到登录请求: {'user_id': 'buyer_6_46abceaa-bda4-11ef-87d8-02a6845b4b32', 'password': 'buyer_seller_6_46abceaa-bda4-11ef-87d8-02a6845b4b32', 'terminal': 'my terminal'}
2024-12-19 09:02:39 - be.model.user - INFO - 尝试登录用户：buyer_6_46abceaa-bda4-11ef-87d8-02a6845b4b32，终端：my terminal
2024-12-19 09:02:39 - be.model.user - INFO - 为用户 buyer_6_46abceaa-bda4-11ef-87d8-02a6845b4b32 生成新token，终端：my terminal
2024-12-19 09:02:39 - be.model.user - INFO - 用户登录成功：buyer_6_46abceaa-bda4-11ef-87d8-02a6845b4b32
2024-12-19 09:02:39 - be.view.auth - INFO - 登录处理结果: 200
2024-12-19 09:02:39 - werkzeug - INFO - 127.0.0.1 - - [19/Dec/2024 09:02:39] "POST /auth/login HTTP/1.1" 200 -
2024-12-19 09:02:39 - be.view.auth - INFO - 收到登录请求: {'user_id': 'buyer_3_46abceaa-bda4-11ef-87d8-02a6845b4b32', 'password': 'buyer_seller_3_46abceaa-bda4-11ef-87d8-02a6845b4b32', 'terminal': 'my terminal'}
2024-12-19 09:02:39 - be.model.user - INFO - 尝试登录用户：buyer_3_46abceaa-bda4-11ef-87d8-02a6845b4b32，终端：my terminal
2024-12-19 09:02:39 - be.model.user - INFO - 为用户 buyer_3_46abceaa-bda4-11ef-87d8-02a6845b4b32 生成新token，终端：my terminal
2024-12-19 09:02:39 - be.model.user - INFO - 用户登录成功：buyer_3_46abceaa-bda4-11ef-87d8-02a6845b4b32
2024-12-19 09:02:39 - be.view.auth - INFO - 登录处理结果: 200
2024-12-19 09:02:39 - werkzeug - INFO - 127.0.0.1 - - [19/Dec/2024 09:02:39] "POST /auth/login HTTP/1.1" 200 -
2024-12-19 09:02:39 - be.view.auth - INFO - 收到登录请求: {'user_id': 'buyer_2_46abceaa-bda4-11ef-87d8-02a6845b4b32', 'password': 'buyer_seller_2_46abceaa-bda4-11ef-87d8-02a6845b4b32', 'terminal': 'my terminal'}
2024-12-19 09:02:39 - be.model.user - INFO - 尝试登录用户：buyer_2_46abceaa-bda4-11ef-87d8-02a6845b4b32，终端：my terminal
2024-12-19 09:02:40 - be.model.user - INFO - 为用户 buyer_2_46abceaa-bda4-11ef-87d8-02a6845b4b32 生成新token，终端：my terminal
2024-12-19 09:02:40 - be.model.user - INFO - 用户登录成功：buyer_2_46abceaa-bda4-11ef-87d8-02a6845b4b32
2024-12-19 09:02:40 - be.view.auth - INFO - 登录处理结果: 200
2024-12-19 09:02:40 - werkzeug - INFO - 127.0.0.1 - - [19/Dec/2024 09:02:40] "POST /auth/login HTTP/1.1" 200 -
2024-12-19 09:02:40 - be.view.auth - INFO - 收到登录请求: {'user_id': 'buyer_4_46abceaa-bda4-11ef-87d8-02a6845b4b32', 'password': 'buyer_seller_4_46abceaa-bda4-11ef-87d8-02a6845b4b32', 'terminal': 'my terminal'}
2024-12-19 09:02:40 - be.model.user - INFO - 尝试登录用户：buyer_4_46abceaa-bda4-11ef-87d8-02a6845b4b32，终端：my terminal
2024-12-19 09:02:40 - be.model.user - INFO - 为用户 buyer_4_46abceaa-bda4-11ef-87d8-02a6845b4b32 生成新token，终端：my terminal
2024-12-19 09:02:40 - be.model.user - INFO - 用户登录成功：buyer_4_46abceaa-bda4-11ef-87d8-02a6845b4b32
2024-12-19 09:02:40 - be.view.auth - INFO - 登录处理结果: 200
2024-12-19 09:02:40 - werkzeug - INFO - 127.0.0.1 - - [19/Dec/2024 09:02:40] "POST /auth/login HTTP/1.1" 200 -
2024-12-19 09:02:40 - be.view.auth - INFO - 收到登录请求: {'user_id': 'buyer_7_46abceaa-bda4-11ef-87d8-02a6845b4b32', 'password': 'buyer_seller_7_46abceaa-bda4-11ef-87d8-02a6845b4b32', 'terminal': 'my terminal'}
2024-12-19 09:02:40 - be.model.user - INFO - 尝试登录用户：buyer_7_46abceaa-bda4-11ef-87d8-02a6845b4b32，终端：my terminal
2024-12-19 09:02:40 - be.model.user - INFO - 为用户 buyer_7_46abceaa-bda4-11ef-87d8-02a6845b4b32 生成新token，终端：my terminal
2024-12-19 09:02:40 - be.model.user - INFO - 用户登录成功：buyer_7_46abceaa-bda4-11ef-87d8-02a6845b4b32
2024-12-19 09:02:40 - be.view.auth - INFO - 登录处理结果: 200
2024-12-19 09:02:40 - werkzeug - INFO - 127.0.0.1 - - [19/Dec/2024 09:02:40] "POST /auth/login HTTP/1.1" 200 -
2024-12-19 09:02:40 - be.view.auth - INFO - 收到登录请求: {'user_id': 'buyer_7_46abceaa-bda4-11ef-87d8-02a6845b4b32', 'password': 'buyer_seller_7_46abceaa-bda4-11ef-87d8-02a6845b4b32', 'terminal': 'my terminal'}
2024-12-19 09:02:40 - be.model.user - INFO - 尝试登录用户：buyer_7_46abceaa-bda4-11ef-87d8-02a6845b4b32，终端：my terminal
2024-12-19 09:02:40 - be.model.user - INFO - 为用户 buyer_7_46abceaa-bda4-11ef-87d8-02a6845b4b32 生成新token，终端：my terminal
2024-12-19 09:02:40 - be.model.user - INFO - 用户登录成功：buyer_7_46abceaa-bda4-11ef-87d8-02a6845b4b32
2024-12-19 09:02:40 - be.view.auth - INFO - 登录处理结果: 200
2024-12-19 09:02:40 - werkzeug - INFO - 127.0.0.1 - - [19/Dec/2024 09:02:40] "POST /auth/login HTTP/1.1" 200 -
2024-12-19 09:02:40 - be.view.auth - INFO - 收到登录请求: {'user_id': 'buyer_2_46abceaa-bda4-11ef-87d8-02a6845b4b32', 'password': 'buyer_seller_2_46abceaa-bda4-11ef-87d8-02a6845b4b32', 'terminal': 'my terminal'}
2024-12-19 09:02:40 - be.model.user - INFO - 尝试登录用户：buyer_2_46abceaa-bda4-11ef-87d8-02a6845b4b32，终端：my terminal
2024-12-19 09:02:41 - be.model.user - INFO - 为用户 buyer_2_46abceaa-bda4-11ef-87d8-02a6845b4b32 生成新token，终端：my terminal
2024-12-19 09:02:41 - be.model.user - INFO - 用户登录成功：buyer_2_46abceaa-bda4-11ef-87d8-02a6845b4b32
2024-12-19 09:02:41 - be.view.auth - INFO - 登录处理结果: 200
2024-12-19 09:02:41 - werkzeug - INFO - 127.0.0.1 - - [19/Dec/2024 09:02:41] "POST /auth/login HTTP/1.1" 200 -
2024-12-19 09:02:41 - be.view.auth - INFO - 收到登录请求: {'user_id': 'buyer_3_46abceaa-bda4-11ef-87d8-02a6845b4b32', 'password': 'buyer_seller_3_46abceaa-bda4-11ef-87d8-02a6845b4b32', 'terminal': 'my terminal'}
2024-12-19 09:02:41 - be.model.user - INFO - 尝试登录用户：buyer_3_46abceaa-bda4-11ef-87d8-02a6845b4b32，终端：my terminal
2024-12-19 09:02:41 - be.model.user - INFO - 为用户 buyer_3_46abceaa-bda4-11ef-87d8-02a6845b4b32 生成新token，终端：my terminal
2024-12-19 09:02:41 - be.model.user - INFO - 用户登录成功：buyer_3_46abceaa-bda4-11ef-87d8-02a6845b4b32
2024-12-19 09:02:41 - be.view.auth - INFO - 登录处理结果: 200
2024-12-19 09:02:41 - werkzeug - INFO - 127.0.0.1 - - [19/Dec/2024 09:02:41] "POST /auth/login HTTP/1.1" 200 -
2024-12-19 09:02:41 - be.view.auth - INFO - 收到登录请求: {'user_id': 'buyer_4_46abceaa-bda4-11ef-87d8-02a6845b4b32', 'password': 'buyer_seller_4_46abceaa-bda4-11ef-87d8-02a6845b4b32', 'terminal': 'my terminal'}
2024-12-19 09:02:41 - be.model.user - INFO - 尝试登录用户：buyer_4_46abceaa-bda4-11ef-87d8-02a6845b4b32，终端：my terminal
2024-12-19 09:02:41 - be.model.user - INFO - 为用户 buyer_4_46abceaa-bda4-11ef-87d8-02a6845b4b32 生成新token，终端：my terminal
2024-12-19 09:02:41 - be.model.user - INFO - 用户登录成功：buyer_4_46abceaa-bda4-11ef-87d8-02a6845b4b32
2024-12-19 09:02:41 - be.view.auth - INFO - 登录处理结果: 200
2024-12-19 09:02:41 - werkzeug - INFO - 127.0.0.1 - - [19/Dec/2024 09:02:41] "POST /auth/login HTTP/1.1" 200 -
2024-12-19 09:02:41 - be.view.auth - INFO - 收到登录请求: {'user_id': 'buyer_4_46abceaa-bda4-11ef-87d8-02a6845b4b32', 'password': 'buyer_seller_4_46abceaa-bda4-11ef-87d8-02a6845b4b32', 'terminal': 'my terminal'}
2024-12-19 09:02:41 - be.model.user - INFO - 尝试登录用户：buyer_4_46abceaa-bda4-11ef-87d8-02a6845b4b32，终端：my terminal
2024-12-19 09:02:41 - be.model.user - INFO - 为用户 buyer_4_46abceaa-bda4-11ef-87d8-02a6845b4b32 生成新token，终端：my terminal
2024-12-19 09:02:41 - be.model.user - INFO - 用户登录成功：buyer_4_46abceaa-bda4-11ef-87d8-02a6845b4b32
2024-12-19 09:02:41 - be.view.auth - INFO - 登录处理结果: 200
2024-12-19 09:02:41 - werkzeug - INFO - 127.0.0.1 - - [19/Dec/2024 09:02:41] "POST /auth/login HTTP/1.1" 200 -
2024-12-19 09:02:41 - be.view.auth - INFO - 收到登录请求: {'user_id': 'buyer_2_46abceaa-bda4-11ef-87d8-02a6845b4b32', 'password': 'buyer_seller_2_46abceaa-bda4-11ef-87d8-02a6845b4b32', 'terminal': 'my terminal'}
2024-12-19 09:02:41 - be.model.user - INFO - 尝试登录用户：buyer_2_46abceaa-bda4-11ef-87d8-02a6845b4b32，终端：my terminal
2024-12-19 09:02:42 - be.model.user - INFO - 为用户 buyer_2_46abceaa-bda4-11ef-87d8-02a6845b4b32 生成新token，终端：my terminal
2024-12-19 09:02:42 - be.model.user - INFO - 用户登录成功：buyer_2_46abceaa-bda4-11ef-87d8-02a6845b4b32
2024-12-19 09:02:42 - be.view.auth - INFO - 登录处理结果: 200
2024-12-19 09:02:42 - werkzeug - INFO - 127.0.0.1 - - [19/Dec/2024 09:02:42] "POST /auth/login HTTP/1.1" 200 -
2024-12-19 09:02:42 - be.view.auth - INFO - 收到登录请求: {'user_id': 'buyer_9_46abceaa-bda4-11ef-87d8-02a6845b4b32', 'password': 'buyer_seller_9_46abceaa-bda4-11ef-87d8-02a6845b4b32', 'terminal': 'my terminal'}
2024-12-19 09:02:42 - be.model.user - INFO - 尝试登录用户：buyer_9_46abceaa-bda4-11ef-87d8-02a6845b4b32，终端：my terminal
2024-12-19 09:02:42 - be.model.user - INFO - 为用户 buyer_9_46abceaa-bda4-11ef-87d8-02a6845b4b32 生成新token，终端：my terminal
2024-12-19 09:02:42 - be.model.user - INFO - 用户登录成功：buyer_9_46abceaa-bda4-11ef-87d8-02a6845b4b32
2024-12-19 09:02:42 - be.view.auth - INFO - 登录处理结果: 200
2024-12-19 09:02:42 - werkzeug - INFO - 127.0.0.1 - - [19/Dec/2024 09:02:42] "POST /auth/login HTTP/1.1" 200 -
2024-12-19 09:02:42 - be.view.auth - INFO - 收到登录请求: {'user_id': 'buyer_6_46abceaa-bda4-11ef-87d8-02a6845b4b32', 'password': 'buyer_seller_6_46abceaa-bda4-11ef-87d8-02a6845b4b32', 'terminal': 'my terminal'}
2024-12-19 09:02:42 - be.model.user - INFO - 尝试登录用户：buyer_6_46abceaa-bda4-11ef-87d8-02a6845b4b32，终端：my terminal
2024-12-19 09:02:42 - be.model.user - INFO - 为用户 buyer_6_46abceaa-bda4-11ef-87d8-02a6845b4b32 生成新token，终端：my terminal
2024-12-19 09:02:42 - be.model.user - INFO - 用户登录成功：buyer_6_46abceaa-bda4-11ef-87d8-02a6845b4b32
2024-12-19 09:02:42 - be.view.auth - INFO - 登录处理结果: 200
2024-12-19 09:02:42 - werkzeug - INFO - 127.0.0.1 - - [19/Dec/2024 09:02:42] "POST /auth/login HTTP/1.1" 200 -
2024-12-19 09:02:42 - be.view.auth - INFO - 收到登录请求: {'user_id': 'buyer_9_46abceaa-bda4-11ef-87d8-02a6845b4b32', 'password': 'buyer_seller_9_46abceaa-bda4-11ef-87d8-02a6845b4b32', 'terminal': 'my terminal'}
2024-12-19 09:02:42 - be.model.user - INFO - 尝试登录用户：buyer_9_46abceaa-bda4-11ef-87d8-02a6845b4b32，终端：my terminal
2024-12-19 09:02:42 - be.model.user - INFO - 为用户 buyer_9_46abceaa-bda4-11ef-87d8-02a6845b4b32 生成新token，终端：my terminal
2024-12-19 09:02:42 - be.model.user - INFO - 用户登录成功：buyer_9_46abceaa-bda4-11ef-87d8-02a6845b4b32
2024-12-19 09:02:42 - be.view.auth - INFO - 登录处理结果: 200
2024-12-19 09:02:42 - werkzeug - INFO - 127.0.0.1 - - [19/Dec/2024 09:02:42] "POST /auth/login HTTP/1.1" 200 -
2024-12-19 09:02:42 - be.view.auth - INFO - 收到登录请求: {'user_id': 'buyer_1_46abceaa-bda4-11ef-87d8-02a6845b4b32', 'password': 'buyer_seller_1_46abceaa-bda4-11ef-87d8-02a6845b4b32', 'terminal': 'my terminal'}
2024-12-19 09:02:42 - be.model.user - INFO - 尝试登录用户：buyer_1_46abceaa-bda4-11ef-87d8-02a6845b4b32，终端：my terminal
2024-12-19 09:02:43 - be.model.user - INFO - 为用户 buyer_1_46abceaa-bda4-11ef-87d8-02a6845b4b32 生成新token，终端：my terminal
2024-12-19 09:02:43 - be.model.user - INFO - 用户登录成功：buyer_1_46abceaa-bda4-11ef-87d8-02a6845b4b32
2024-12-19 09:02:43 - be.view.auth - INFO - 登录处理结果: 200
2024-12-19 09:02:43 - werkzeug - INFO - 127.0.0.1 - - [19/Dec/2024 09:02:43] "POST /auth/login HTTP/1.1" 200 -
2024-12-19 09:02:43 - be.view.auth - INFO - 收到登录请求: {'user_id': 'buyer_9_46abceaa-bda4-11ef-87d8-02a6845b4b32', 'password': 'buyer_seller_9_46abceaa-bda4-11ef-87d8-02a6845b4b32', 'terminal': 'my terminal'}
2024-12-19 09:02:43 - be.model.user - INFO - 尝试登录用户：buyer_9_46abceaa-bda4-11ef-87d8-02a6845b4b32，终端：my terminal
2024-12-19 09:02:43 - be.model.user - INFO - 为用户 buyer_9_46abceaa-bda4-11ef-87d8-02a6845b4b32 生成新token，终端：my terminal
2024-12-19 09:02:43 - be.model.user - INFO - 用户登录成功：buyer_9_46abceaa-bda4-11ef-87d8-02a6845b4b32
2024-12-19 09:02:43 - be.view.auth - INFO - 登录处理结果: 200
2024-12-19 09:02:43 - werkzeug - INFO - 127.0.0.1 - - [19/Dec/2024 09:02:43] "POST /auth/login HTTP/1.1" 200 -
2024-12-19 09:02:43 - be.view.auth - INFO - 收到登录请求: {'user_id': 'buyer_10_46abceaa-bda4-11ef-87d8-02a6845b4b32', 'password': 'buyer_seller_10_46abceaa-bda4-11ef-87d8-02a6845b4b32', 'terminal': 'my terminal'}
2024-12-19 09:02:43 - be.model.user - INFO - 尝试登录用户：buyer_10_46abceaa-bda4-11ef-87d8-02a6845b4b32，终端：my terminal
2024-12-19 09:02:43 - be.model.user - INFO - 为用户 buyer_10_46abceaa-bda4-11ef-87d8-02a6845b4b32 生成新token，终端：my terminal
2024-12-19 09:02:43 - be.model.user - INFO - 用户登录成功：buyer_10_46abceaa-bda4-11ef-87d8-02a6845b4b32
2024-12-19 09:02:43 - be.view.auth - INFO - 登录处理结果: 200
2024-12-19 09:02:43 - werkzeug - INFO - 127.0.0.1 - - [19/Dec/2024 09:02:43] "POST /auth/login HTTP/1.1" 200 -
2024-12-19 09:02:43 - be.view.auth - INFO - 收到登录请求: {'user_id': 'buyer_1_46abceaa-bda4-11ef-87d8-02a6845b4b32', 'password': 'buyer_seller_1_46abceaa-bda4-11ef-87d8-02a6845b4b32', 'terminal': 'my terminal'}
2024-12-19 09:02:43 - be.model.user - INFO - 尝试登录用户：buyer_1_46abceaa-bda4-11ef-87d8-02a6845b4b32，终端：my terminal
2024-12-19 09:02:43 - be.model.user - INFO - 为用户 buyer_1_46abceaa-bda4-11ef-87d8-02a6845b4b32 生成新token，终端：my terminal
2024-12-19 09:02:43 - be.model.user - INFO - 用户登录成功：buyer_1_46abceaa-bda4-11ef-87d8-02a6845b4b32
2024-12-19 09:02:43 - be.view.auth - INFO - 登录处理结果: 200
2024-12-19 09:02:43 - werkzeug - INFO - 127.0.0.1 - - [19/Dec/2024 09:02:43] "POST /auth/login HTTP/1.1" 200 -
2024-12-19 09:02:43 - be.view.auth - INFO - 收到登录请求: {'user_id': 'buyer_4_46abceaa-bda4-11ef-87d8-02a6845b4b32', 'password': 'buyer_seller_4_46abceaa-bda4-11ef-87d8-02a6845b4b32', 'terminal': 'my terminal'}
2024-12-19 09:02:43 - be.model.user - INFO - 尝试登录用户：buyer_4_46abceaa-bda4-11ef-87d8-02a6845b4b32，终端：my terminal
2024-12-19 09:02:44 - be.model.user - INFO - 为用户 buyer_4_46abceaa-bda4-11ef-87d8-02a6845b4b32 生成新token，终端：my terminal
2024-12-19 09:02:44 - be.model.user - INFO - 用户登录成功：buyer_4_46abceaa-bda4-11ef-87d8-02a6845b4b32
2024-12-19 09:02:44 - be.view.auth - INFO - 登录处理结果: 200
2024-12-19 09:02:44 - werkzeug - INFO - 127.0.0.1 - - [19/Dec/2024 09:02:44] "POST /auth/login HTTP/1.1" 200 -
2024-12-19 09:02:44 - be.view.auth - INFO - 收到登录请求: {'user_id': 'buyer_2_46abceaa-bda4-11ef-87d8-02a6845b4b32', 'password': 'buyer_seller_2_46abceaa-bda4-11ef-87d8-02a6845b4b32', 'terminal': 'my terminal'}
2024-12-19 09:02:44 - be.model.user - INFO - 尝试登录用户：buyer_2_46abceaa-bda4-11ef-87d8-02a6845b4b32，终端：my terminal
2024-12-19 09:02:44 - be.model.user - INFO - 为用户 buyer_2_46abceaa-bda4-11ef-87d8-02a6845b4b32 生成新token，终端：my terminal
2024-12-19 09:02:44 - be.model.user - INFO - 用户登录成功：buyer_2_46abceaa-bda4-11ef-87d8-02a6845b4b32
2024-12-19 09:02:44 - be.view.auth - INFO - 登录处理结果: 200
2024-12-19 09:02:44 - werkzeug - INFO - 127.0.0.1 - - [19/Dec/2024 09:02:44] "POST /auth/login HTTP/1.1" 200 -
2024-12-19 09:02:44 - be.view.auth - INFO - 收到登录请求: {'user_id': 'buyer_9_46abceaa-bda4-11ef-87d8-02a6845b4b32', 'password': 'buyer_seller_9_46abceaa-bda4-11ef-87d8-02a6845b4b32', 'terminal': 'my terminal'}
2024-12-19 09:02:44 - be.model.user - INFO - 尝试登录用户：buyer_9_46abceaa-bda4-11ef-87d8-02a6845b4b32，终端：my terminal
2024-12-19 09:02:44 - be.model.user - INFO - 为用户 buyer_9_46abceaa-bda4-11ef-87d8-02a6845b4b32 生成新token，终端：my terminal
2024-12-19 09:02:44 - be.model.user - INFO - 用户登录成功：buyer_9_46abceaa-bda4-11ef-87d8-02a6845b4b32
2024-12-19 09:02:44 - be.view.auth - INFO - 登录处理结果: 200
2024-12-19 09:02:44 - werkzeug - INFO - 127.0.0.1 - - [19/Dec/2024 09:02:44] "POST /auth/login HTTP/1.1" 200 -
2024-12-19 09:02:44 - be.view.auth - INFO - 收到登录请求: {'user_id': 'buyer_2_46abceaa-bda4-11ef-87d8-02a6845b4b32', 'password': 'buyer_seller_2_46abceaa-bda4-11ef-87d8-02a6845b4b32', 'terminal': 'my terminal'}
2024-12-19 09:02:44 - be.model.user - INFO - 尝试登录用户：buyer_2_46abceaa-bda4-11ef-87d8-02a6845b4b32，终端：my terminal
2024-12-19 09:02:44 - be.model.user - INFO - 为用户 buyer_2_46abceaa-bda4-11ef-87d8-02a6845b4b32 生成新token，终端：my terminal
2024-12-19 09:02:44 - be.model.user - INFO - 用户登录成功：buyer_2_46abceaa-bda4-11ef-87d8-02a6845b4b32
2024-12-19 09:02:44 - be.view.auth - INFO - 登录处理结果: 200
2024-12-19 09:02:44 - werkzeug - INFO - 127.0.0.1 - - [19/Dec/2024 09:02:44] "POST /auth/login HTTP/1.1" 200 -
2024-12-19 09:02:44 - be.view.auth - INFO - 收到登录请求: {'user_id': 'buyer_2_46abceaa-bda4-11ef-87d8-02a6845b4b32', 'password': 'buyer_seller_2_46abceaa-bda4-11ef-87d8-02a6845b4b32', 'terminal': 'my terminal'}
2024-12-19 09:02:44 - be.model.user - INFO - 尝试登录用户：buyer_2_46abceaa-bda4-11ef-87d8-02a6845b4b32，终端：my terminal
2024-12-19 09:02:44 - be.model.user - INFO - 为用户 buyer_2_46abceaa-bda4-11ef-87d8-02a6845b4b32 生成新token，终端：my terminal
2024-12-19 09:02:44 - be.model.user - INFO - 用户登录成功：buyer_2_46abceaa-bda4-11ef-87d8-02a6845b4b32
2024-12-19 09:02:45 - be.view.auth - INFO - 登录处理结果: 200
2024-12-19 09:02:45 - werkzeug - INFO - 127.0.0.1 - - [19/Dec/2024 09:02:45] "POST /auth/login HTTP/1.1" 200 -
2024-12-19 09:02:45 - be.view.auth - INFO - 收到登录请求: {'user_id': 'buyer_8_46abceaa-bda4-11ef-87d8-02a6845b4b32', 'password': 'buyer_seller_8_46abceaa-bda4-11ef-87d8-02a6845b4b32', 'terminal': 'my terminal'}
2024-12-19 09:02:45 - be.model.user - INFO - 尝试登录用户：buyer_8_46abceaa-bda4-11ef-87d8-02a6845b4b32，终端：my terminal
2024-12-19 09:02:45 - be.model.user - INFO - 为用户 buyer_8_46abceaa-bda4-11ef-87d8-02a6845b4b32 生成新token，终端：my terminal
2024-12-19 09:02:45 - be.model.user - INFO - 用户登录成功：buyer_8_46abceaa-bda4-11ef-87d8-02a6845b4b32
2024-12-19 09:02:45 - be.view.auth - INFO - 登录处理结果: 200
2024-12-19 09:02:45 - werkzeug - INFO - 127.0.0.1 - - [19/Dec/2024 09:02:45] "POST /auth/login HTTP/1.1" 200 -
2024-12-19 09:02:45 - be.view.auth - INFO - 收到登录请求: {'user_id': 'buyer_5_46abceaa-bda4-11ef-87d8-02a6845b4b32', 'password': 'buyer_seller_5_46abceaa-bda4-11ef-87d8-02a6845b4b32', 'terminal': 'my terminal'}
2024-12-19 09:02:45 - be.model.user - INFO - 尝试登录用户：buyer_5_46abceaa-bda4-11ef-87d8-02a6845b4b32，终端：my terminal
2024-12-19 09:02:45 - be.model.user - INFO - 为用户 buyer_5_46abceaa-bda4-11ef-87d8-02a6845b4b32 生成新token，终端：my terminal
2024-12-19 09:02:45 - be.model.user - INFO - 用户登录成功：buyer_5_46abceaa-bda4-11ef-87d8-02a6845b4b32
2024-12-19 09:02:45 - be.view.auth - INFO - 登录处理结果: 200
2024-12-19 09:02:45 - werkzeug - INFO - 127.0.0.1 - - [19/Dec/2024 09:02:45] "POST /auth/login HTTP/1.1" 200 -
2024-12-19 09:02:45 - be.view.auth - INFO - 收到登录请求: {'user_id': 'buyer_1_46abceaa-bda4-11ef-87d8-02a6845b4b32', 'password': 'buyer_seller_1_46abceaa-bda4-11ef-87d8-02a6845b4b32', 'terminal': 'my terminal'}
2024-12-19 09:02:45 - be.model.user - INFO - 尝试登录用户：buyer_1_46abceaa-bda4-11ef-87d8-02a6845b4b32，终端：my terminal
2024-12-19 09:02:45 - be.model.user - INFO - 为用户 buyer_1_46abceaa-bda4-11ef-87d8-02a6845b4b32 生成新token，终端：my terminal
2024-12-19 09:02:45 - be.model.user - INFO - 用户登录成功：buyer_1_46abceaa-bda4-11ef-87d8-02a6845b4b32
2024-12-19 09:02:45 - be.view.auth - INFO - 登录处理结果: 200
2024-12-19 09:02:45 - werkzeug - INFO - 127.0.0.1 - - [19/Dec/2024 09:02:45] "POST /auth/login HTTP/1.1" 200 -
2024-12-19 09:02:45 - be.view.auth - INFO - 收到登录请求: {'user_id': 'buyer_2_46abceaa-bda4-11ef-87d8-02a6845b4b32', 'password': 'buyer_seller_2_46abceaa-bda4-11ef-87d8-02a6845b4b32', 'terminal': 'my terminal'}
2024-12-19 09:02:45 - be.model.user - INFO - 尝试登录用户：buyer_2_46abceaa-bda4-11ef-87d8-02a6845b4b32，终端：my terminal
2024-12-19 09:02:45 - be.model.user - INFO - 为用户 buyer_2_46abceaa-bda4-11ef-87d8-02a6845b4b32 生成新token，终端：my terminal
2024-12-19 09:02:45 - be.model.user - INFO - 用户登录成功：buyer_2_46abceaa-bda4-11ef-87d8-02a6845b4b32
2024-12-19 09:02:46 - be.view.auth - INFO - 登录处理结果: 200
2024-12-19 09:02:46 - werkzeug - INFO - 127.0.0.1 - - [19/Dec/2024 09:02:46] "POST /auth/login HTTP/1.1" 200 -
2024-12-19 09:02:46 - be.view.auth - INFO - 收到登录请求: {'user_id': 'buyer_3_46abceaa-bda4-11ef-87d8-02a6845b4b32', 'password': 'buyer_seller_3_46abceaa-bda4-11ef-87d8-02a6845b4b32', 'terminal': 'my terminal'}
2024-12-19 09:02:46 - be.model.user - INFO - 尝试登录用户：buyer_3_46abceaa-bda4-11ef-87d8-02a6845b4b32，终端：my terminal
2024-12-19 09:02:46 - be.model.user - INFO - 为用户 buyer_3_46abceaa-bda4-11ef-87d8-02a6845b4b32 生成新token，终端：my terminal
2024-12-19 09:02:46 - be.model.user - INFO - 用户登录成功：buyer_3_46abceaa-bda4-11ef-87d8-02a6845b4b32
2024-12-19 09:02:46 - be.view.auth - INFO - 登录处理结果: 200
2024-12-19 09:02:46 - werkzeug - INFO - 127.0.0.1 - - [19/Dec/2024 09:02:46] "POST /auth/login HTTP/1.1" 200 -
2024-12-19 09:02:46 - be.view.auth - INFO - 收到登录请求: {'user_id': 'buyer_2_46abceaa-bda4-11ef-87d8-02a6845b4b32', 'password': 'buyer_seller_2_46abceaa-bda4-11ef-87d8-02a6845b4b32', 'terminal': 'my terminal'}
2024-12-19 09:02:46 - be.model.user - INFO - 尝试登录用户：buyer_2_46abceaa-bda4-11ef-87d8-02a6845b4b32，终端：my terminal
2024-12-19 09:02:46 - be.model.user - INFO - 为用户 buyer_2_46abceaa-bda4-11ef-87d8-02a6845b4b32 生成新token，终端：my terminal
2024-12-19 09:02:46 - be.model.user - INFO - 用户登录成功：buyer_2_46abceaa-bda4-11ef-87d8-02a6845b4b32
2024-12-19 09:02:46 - be.view.auth - INFO - 登录处理结果: 200
2024-12-19 09:02:46 - werkzeug - INFO - 127.0.0.1 - - [19/Dec/2024 09:02:46] "POST /auth/login HTTP/1.1" 200 -
2024-12-19 09:02:46 - be.view.auth - INFO - 收到登录请求: {'user_id': 'buyer_10_46abceaa-bda4-11ef-87d8-02a6845b4b32', 'password': 'buyer_seller_10_46abceaa-bda4-11ef-87d8-02a6845b4b32', 'terminal': 'my terminal'}
2024-12-19 09:02:46 - be.model.user - INFO - 尝试登录用户：buyer_10_46abceaa-bda4-11ef-87d8-02a6845b4b32，终端：my terminal
2024-12-19 09:02:46 - be.model.user - INFO - 为用户 buyer_10_46abceaa-bda4-11ef-87d8-02a6845b4b32 生成新token，终端：my terminal
2024-12-19 09:02:46 - be.model.user - INFO - 用户登录成功：buyer_10_46abceaa-bda4-11ef-87d8-02a6845b4b32
2024-12-19 09:02:46 - be.view.auth - INFO - 登录处理结果: 200
2024-12-19 09:02:46 - werkzeug - INFO - 127.0.0.1 - - [19/Dec/2024 09:02:46] "POST /auth/login HTTP/1.1" 200 -
2024-12-19 09:02:46 - be.view.auth - INFO - 收到登录请求: {'user_id': 'buyer_1_46abceaa-bda4-11ef-87d8-02a6845b4b32', 'password': 'buyer_seller_1_46abceaa-bda4-11ef-87d8-02a6845b4b32', 'terminal': 'my terminal'}
2024-12-19 09:02:46 - be.model.user - INFO - 尝试登录用户：buyer_1_46abceaa-bda4-11ef-87d8-02a6845b4b32，终端：my terminal
2024-12-19 09:02:46 - be.model.user - INFO - 为用户 buyer_1_46abceaa-bda4-11ef-87d8-02a6845b4b32 生成新token，终端：my terminal
2024-12-19 09:02:46 - be.model.user - INFO - 用户登录成功：buyer_1_46abceaa-bda4-11ef-87d8-02a6845b4b32
2024-12-19 09:02:47 - be.view.auth - INFO - 登录处理结果: 200
2024-12-19 09:02:47 - werkzeug - INFO - 127.0.0.1 - - [19/Dec/2024 09:02:47] "POST /auth/login HTTP/1.1" 200 -
2024-12-19 09:02:47 - be.view.auth - INFO - 收到登录请求: {'user_id': 'buyer_10_46abceaa-bda4-11ef-87d8-02a6845b4b32', 'password': 'buyer_seller_10_46abceaa-bda4-11ef-87d8-02a6845b4b32', 'terminal': 'my terminal'}
2024-12-19 09:02:47 - be.model.user - INFO - 尝试登录用户：buyer_10_46abceaa-bda4-11ef-87d8-02a6845b4b32，终端：my terminal
2024-12-19 09:02:47 - be.model.user - INFO - 为用户 buyer_10_46abceaa-bda4-11ef-87d8-02a6845b4b32 生成新token，终端：my terminal
2024-12-19 09:02:47 - be.model.user - INFO - 用户登录成功：buyer_10_46abceaa-bda4-11ef-87d8-02a6845b4b32
2024-12-19 09:02:47 - be.view.auth - INFO - 登录处理结果: 200
2024-12-19 09:02:47 - werkzeug - INFO - 127.0.0.1 - - [19/Dec/2024 09:02:47] "POST /auth/login HTTP/1.1" 200 -
2024-12-19 09:02:47 - be.view.auth - INFO - 收到登录请求: {'user_id': 'buyer_2_46abceaa-bda4-11ef-87d8-02a6845b4b32', 'password': 'buyer_seller_2_46abceaa-bda4-11ef-87d8-02a6845b4b32', 'terminal': 'my terminal'}
2024-12-19 09:02:47 - be.model.user - INFO - 尝试登录用户：buyer_2_46abceaa-bda4-11ef-87d8-02a6845b4b32，终端：my terminal
2024-12-19 09:02:47 - be.model.user - INFO - 为用户 buyer_2_46abceaa-bda4-11ef-87d8-02a6845b4b32 生成新token，终端：my terminal
2024-12-19 09:02:47 - be.model.user - INFO - 用户登录成功：buyer_2_46abceaa-bda4-11ef-87d8-02a6845b4b32
2024-12-19 09:02:47 - be.view.auth - INFO - 登录处理结果: 200
2024-12-19 09:02:47 - werkzeug - INFO - 127.0.0.1 - - [19/Dec/2024 09:02:47] "POST /auth/login HTTP/1.1" 200 -
2024-12-19 09:02:47 - be.view.auth - INFO - 收到登录请求: {'user_id': 'buyer_1_46abceaa-bda4-11ef-87d8-02a6845b4b32', 'password': 'buyer_seller_1_46abceaa-bda4-11ef-87d8-02a6845b4b32', 'terminal': 'my terminal'}
2024-12-19 09:02:47 - be.model.user - INFO - 尝试登录用户：buyer_1_46abceaa-bda4-11ef-87d8-02a6845b4b32，终端：my terminal
2024-12-19 09:02:47 - be.model.user - INFO - 为用户 buyer_1_46abceaa-bda4-11ef-87d8-02a6845b4b32 生成新token，终端：my terminal
2024-12-19 09:02:47 - be.model.user - INFO - 用户登录成功：buyer_1_46abceaa-bda4-11ef-87d8-02a6845b4b32
2024-12-19 09:02:47 - be.view.auth - INFO - 登录处理结果: 200
2024-12-19 09:02:47 - werkzeug - INFO - 127.0.0.1 - - [19/Dec/2024 09:02:47] "POST /auth/login HTTP/1.1" 200 -
2024-12-19 09:02:47 - be.view.auth - INFO - 收到登录请求: {'user_id': 'buyer_2_46abceaa-bda4-11ef-87d8-02a6845b4b32', 'password': 'buyer_seller_2_46abceaa-bda4-11ef-87d8-02a6845b4b32', 'terminal': 'my terminal'}
2024-12-19 09:02:47 - be.model.user - INFO - 尝试登录用户：buyer_2_46abceaa-bda4-11ef-87d8-02a6845b4b32，终端：my terminal
2024-12-19 09:02:47 - be.model.user - INFO - 为用户 buyer_2_46abceaa-bda4-11ef-87d8-02a6845b4b32 生成新token，终端：my terminal
2024-12-19 09:02:47 - be.model.user - INFO - 用户登录成功：buyer_2_46abceaa-bda4-11ef-87d8-02a6845b4b32
2024-12-19 09:02:48 - be.view.auth - INFO - 登录处理结果: 200
2024-12-19 09:02:48 - werkzeug - INFO - 127.0.0.1 - - [19/Dec/2024 09:02:48] "POST /auth/login HTTP/1.1" 200 -
2024-12-19 09:02:48 - be.view.auth - INFO - 收到登录请求: {'user_id': 'buyer_3_46abceaa-bda4-11ef-87d8-02a6845b4b32', 'password': 'buyer_seller_3_46abceaa-bda4-11ef-87d8-02a6845b4b32', 'terminal': 'my terminal'}
2024-12-19 09:02:48 - be.model.user - INFO - 尝试登录用户：buyer_3_46abceaa-bda4-11ef-87d8-02a6845b4b32，终端：my terminal
2024-12-19 09:02:48 - be.model.user - INFO - 为用户 buyer_3_46abceaa-bda4-11ef-87d8-02a6845b4b32 生成新token，终端：my terminal
2024-12-19 09:02:48 - be.model.user - INFO - 用户登录成功：buyer_3_46abceaa-bda4-11ef-87d8-02a6845b4b32
2024-12-19 09:02:48 - be.view.auth - INFO - 登录处理结果: 200
2024-12-19 09:02:48 - werkzeug - INFO - 127.0.0.1 - - [19/Dec/2024 09:02:48] "POST /auth/login HTTP/1.1" 200 -
2024-12-19 09:02:48 - be.view.auth - INFO - 收到登录请求: {'user_id': 'buyer_6_46abceaa-bda4-11ef-87d8-02a6845b4b32', 'password': 'buyer_seller_6_46abceaa-bda4-11ef-87d8-02a6845b4b32', 'terminal': 'my terminal'}
2024-12-19 09:02:48 - be.model.user - INFO - 尝试登录用户：buyer_6_46abceaa-bda4-11ef-87d8-02a6845b4b32，终端：my terminal
2024-12-19 09:02:48 - be.model.user - INFO - 为用户 buyer_6_46abceaa-bda4-11ef-87d8-02a6845b4b32 生成新token，终端：my terminal
2024-12-19 09:02:48 - be.model.user - INFO - 用户登录成功：buyer_6_46abceaa-bda4-11ef-87d8-02a6845b4b32
2024-12-19 09:02:48 - be.view.auth - INFO - 登录处理结果: 200
2024-12-19 09:02:48 - werkzeug - INFO - 127.0.0.1 - - [19/Dec/2024 09:02:48] "POST /auth/login HTTP/1.1" 200 -
2024-12-19 09:02:48 - be.view.auth - INFO - 收到登录请求: {'user_id': 'buyer_9_46abceaa-bda4-11ef-87d8-02a6845b4b32', 'password': 'buyer_seller_9_46abceaa-bda4-11ef-87d8-02a6845b4b32', 'terminal': 'my terminal'}
2024-12-19 09:02:48 - be.model.user - INFO - 尝试登录用户：buyer_9_46abceaa-bda4-11ef-87d8-02a6845b4b32，终端：my terminal
2024-12-19 09:02:48 - be.model.user - INFO - 为用户 buyer_9_46abceaa-bda4-11ef-87d8-02a6845b4b32 生成新token，终端：my terminal
2024-12-19 09:02:48 - be.model.user - INFO - 用户登录成功：buyer_9_46abceaa-bda4-11ef-87d8-02a6845b4b32
2024-12-19 09:02:48 - be.view.auth - INFO - 登录处理结果: 200
2024-12-19 09:02:48 - werkzeug - INFO - 127.0.0.1 - - [19/Dec/2024 09:02:48] "POST /auth/login HTTP/1.1" 200 -
2024-12-19 09:02:48 - be.view.auth - INFO - 收到登录请求: {'user_id': 'buyer_4_46abceaa-bda4-11ef-87d8-02a6845b4b32', 'password': 'buyer_seller_4_46abceaa-bda4-11ef-87d8-02a6845b4b32', 'terminal': 'my terminal'}
2024-12-19 09:02:48 - be.model.user - INFO - 尝试登录用户：buyer_4_46abceaa-bda4-11ef-87d8-02a6845b4b32，终端：my terminal
2024-12-19 09:02:48 - be.model.user - INFO - 为用户 buyer_4_46abceaa-bda4-11ef-87d8-02a6845b4b32 生成新token，终端：my terminal
2024-12-19 09:02:48 - be.model.user - INFO - 用户登录成功：buyer_4_46abceaa-bda4-11ef-87d8-02a6845b4b32
2024-12-19 09:02:49 - be.view.auth - INFO - 登录处理结果: 200
2024-12-19 09:02:49 - werkzeug - INFO - 127.0.0.1 - - [19/Dec/2024 09:02:49] "POST /auth/login HTTP/1.1" 200 -
2024-12-19 09:02:49 - be.view.auth - INFO - 收到登录请求: {'user_id': 'buyer_10_46abceaa-bda4-11ef-87d8-02a6845b4b32', 'password': 'buyer_seller_10_46abceaa-bda4-11ef-87d8-02a6845b4b32', 'terminal': 'my terminal'}
2024-12-19 09:02:49 - be.model.user - INFO - 尝试登录用户：buyer_10_46abceaa-bda4-11ef-87d8-02a6845b4b32，终端：my terminal
2024-12-19 09:02:49 - be.model.user - INFO - 为用户 buyer_10_46abceaa-bda4-11ef-87d8-02a6845b4b32 生成新token，终端：my terminal
2024-12-19 09:02:49 - be.model.user - INFO - 用户登录成功：buyer_10_46abceaa-bda4-11ef-87d8-02a6845b4b32
2024-12-19 09:02:49 - be.view.auth - INFO - 登录处理结果: 200
2024-12-19 09:02:49 - werkzeug - INFO - 127.0.0.1 - - [19/Dec/2024 09:02:49] "POST /auth/login HTTP/1.1" 200 -
2024-12-19 09:02:49 - be.view.auth - INFO - 收到登录请求: {'user_id': 'buyer_3_46abceaa-bda4-11ef-87d8-02a6845b4b32', 'password': 'buyer_seller_3_46abceaa-bda4-11ef-87d8-02a6845b4b32', 'terminal': 'my terminal'}
2024-12-19 09:02:49 - be.model.user - INFO - 尝试登录用户：buyer_3_46abceaa-bda4-11ef-87d8-02a6845b4b32，终端：my terminal
2024-12-19 09:02:49 - be.model.user - INFO - 为用户 buyer_3_46abceaa-bda4-11ef-87d8-02a6845b4b32 生成新token，终端：my terminal
2024-12-19 09:02:49 - be.model.user - INFO - 用户登录成功：buyer_3_46abceaa-bda4-11ef-87d8-02a6845b4b32
2024-12-19 09:02:49 - be.view.auth - INFO - 登录处理结果: 200
2024-12-19 09:02:49 - werkzeug - INFO - 127.0.0.1 - - [19/Dec/2024 09:02:49] "POST /auth/login HTTP/1.1" 200 -
2024-12-19 09:02:49 - be.view.auth - INFO - 收到登录请求: {'user_id': 'buyer_5_46abceaa-bda4-11ef-87d8-02a6845b4b32', 'password': 'buyer_seller_5_46abceaa-bda4-11ef-87d8-02a6845b4b32', 'terminal': 'my terminal'}
2024-12-19 09:02:49 - be.model.user - INFO - 尝试登录用户：buyer_5_46abceaa-bda4-11ef-87d8-02a6845b4b32，终端：my terminal
2024-12-19 09:02:49 - be.model.user - INFO - 为用户 buyer_5_46abceaa-bda4-11ef-87d8-02a6845b4b32 生成新token，终端：my terminal
2024-12-19 09:02:49 - be.model.user - INFO - 用户登录成功：buyer_5_46abceaa-bda4-11ef-87d8-02a6845b4b32
2024-12-19 09:02:49 - be.view.auth - INFO - 登录处理结果: 200
2024-12-19 09:02:49 - werkzeug - INFO - 127.0.0.1 - - [19/Dec/2024 09:02:49] "POST /auth/login HTTP/1.1" 200 -
2024-12-19 09:02:49 - be.view.auth - INFO - 收到登录请求: {'user_id': 'buyer_3_46abceaa-bda4-11ef-87d8-02a6845b4b32', 'password': 'buyer_seller_3_46abceaa-bda4-11ef-87d8-02a6845b4b32', 'terminal': 'my terminal'}
2024-12-19 09:02:49 - be.model.user - INFO - 尝试登录用户：buyer_3_46abceaa-bda4-11ef-87d8-02a6845b4b32，终端：my terminal
2024-12-19 09:02:49 - be.model.user - INFO - 为用户 buyer_3_46abceaa-bda4-11ef-87d8-02a6845b4b32 生成新token，终端：my terminal
2024-12-19 09:02:49 - be.model.user - INFO - 用户登录成功：buyer_3_46abceaa-bda4-11ef-87d8-02a6845b4b32
2024-12-19 09:02:50 - be.view.auth - INFO - 登录处理结果: 200
2024-12-19 09:02:50 - werkzeug - INFO - 127.0.0.1 - - [19/Dec/2024 09:02:50] "POST /auth/login HTTP/1.1" 200 -
2024-12-19 09:02:50 - be.view.auth - INFO - 收到登录请求: {'user_id': 'buyer_8_46abceaa-bda4-11ef-87d8-02a6845b4b32', 'password': 'buyer_seller_8_46abceaa-bda4-11ef-87d8-02a6845b4b32', 'terminal': 'my terminal'}
2024-12-19 09:02:50 - be.model.user - INFO - 尝试登录用户：buyer_8_46abceaa-bda4-11ef-87d8-02a6845b4b32，终端：my terminal
2024-12-19 09:02:50 - be.model.user - INFO - 为用户 buyer_8_46abceaa-bda4-11ef-87d8-02a6845b4b32 生成新token，终端：my terminal
2024-12-19 09:02:50 - be.model.user - INFO - 用户登录成功：buyer_8_46abceaa-bda4-11ef-87d8-02a6845b4b32
2024-12-19 09:02:50 - be.view.auth - INFO - 登录处理结果: 200
2024-12-19 09:02:50 - werkzeug - INFO - 127.0.0.1 - - [19/Dec/2024 09:02:50] "POST /auth/login HTTP/1.1" 200 -
2024-12-19 09:02:50 - be.view.auth - INFO - 收到登录请求: {'user_id': 'buyer_8_46abceaa-bda4-11ef-87d8-02a6845b4b32', 'password': 'buyer_seller_8_46abceaa-bda4-11ef-87d8-02a6845b4b32', 'terminal': 'my terminal'}
2024-12-19 09:02:50 - be.model.user - INFO - 尝试登录用户：buyer_8_46abceaa-bda4-11ef-87d8-02a6845b4b32，终端：my terminal
2024-12-19 09:02:50 - be.model.user - INFO - 为用户 buyer_8_46abceaa-bda4-11ef-87d8-02a6845b4b32 生成新token，终端：my terminal
2024-12-19 09:02:50 - be.model.user - INFO - 用户登录成功：buyer_8_46abceaa-bda4-11ef-87d8-02a6845b4b32
2024-12-19 09:02:50 - be.view.auth - INFO - 登录处理结果: 200
2024-12-19 09:02:50 - werkzeug - INFO - 127.0.0.1 - - [19/Dec/2024 09:02:50] "POST /auth/login HTTP/1.1" 200 -
2024-12-19 09:02:50 - be.view.auth - INFO - 收到登录请求: {'user_id': 'buyer_7_46abceaa-bda4-11ef-87d8-02a6845b4b32', 'password': 'buyer_seller_7_46abceaa-bda4-11ef-87d8-02a6845b4b32', 'terminal': 'my terminal'}
2024-12-19 09:02:50 - be.model.user - INFO - 尝试登录用户：buyer_7_46abceaa-bda4-11ef-87d8-02a6845b4b32，终端：my terminal
2024-12-19 09:02:50 - be.model.user - INFO - 为用户 buyer_7_46abceaa-bda4-11ef-87d8-02a6845b4b32 生成新token，终端：my terminal
2024-12-19 09:02:50 - be.model.user - INFO - 用户登录成功：buyer_7_46abceaa-bda4-11ef-87d8-02a6845b4b32
2024-12-19 09:02:50 - be.view.auth - INFO - 登录处理结果: 200
2024-12-19 09:02:50 - werkzeug - INFO - 127.0.0.1 - - [19/Dec/2024 09:02:50] "POST /auth/login HTTP/1.1" 200 -
2024-12-19 09:02:50 - be.view.auth - INFO - 收到登录请求: {'user_id': 'buyer_1_46abceaa-bda4-11ef-87d8-02a6845b4b32', 'password': 'buyer_seller_1_46abceaa-bda4-11ef-87d8-02a6845b4b32', 'terminal': 'my terminal'}
2024-12-19 09:02:50 - be.model.user - INFO - 尝试登录用户：buyer_1_46abceaa-bda4-11ef-87d8-02a6845b4b32，终端：my terminal
2024-12-19 09:02:50 - be.model.user - INFO - 为用户 buyer_1_46abceaa-bda4-11ef-87d8-02a6845b4b32 生成新token，终端：my terminal
2024-12-19 09:02:50 - be.model.user - INFO - 用户登录成功：buyer_1_46abceaa-bda4-11ef-87d8-02a6845b4b32
2024-12-19 09:02:51 - be.view.auth - INFO - 登录处理结果: 200
2024-12-19 09:02:51 - werkzeug - INFO - 127.0.0.1 - - [19/Dec/2024 09:02:51] "POST /auth/login HTTP/1.1" 200 -
2024-12-19 09:02:51 - be.view.auth - INFO - 收到登录请求: {'user_id': 'buyer_9_46abceaa-bda4-11ef-87d8-02a6845b4b32', 'password': 'buyer_seller_9_46abceaa-bda4-11ef-87d8-02a6845b4b32', 'terminal': 'my terminal'}
2024-12-19 09:02:51 - be.model.user - INFO - 尝试登录用户：buyer_9_46abceaa-bda4-11ef-87d8-02a6845b4b32，终端：my terminal
2024-12-19 09:02:51 - be.model.user - INFO - 为用户 buyer_9_46abceaa-bda4-11ef-87d8-02a6845b4b32 生成新token，终端：my terminal
2024-12-19 09:02:51 - be.model.user - INFO - 用户登录成功：buyer_9_46abceaa-bda4-11ef-87d8-02a6845b4b32
2024-12-19 09:02:51 - be.view.auth - INFO - 登录处理结果: 200
2024-12-19 09:02:51 - werkzeug - INFO - 127.0.0.1 - - [19/Dec/2024 09:02:51] "POST /auth/login HTTP/1.1" 200 -
2024-12-19 09:02:51 - be.view.auth - INFO - 收到登录请求: {'user_id': 'buyer_7_46abceaa-bda4-11ef-87d8-02a6845b4b32', 'password': 'buyer_seller_7_46abceaa-bda4-11ef-87d8-02a6845b4b32', 'terminal': 'my terminal'}
2024-12-19 09:02:51 - be.model.user - INFO - 尝试登录用户：buyer_7_46abceaa-bda4-11ef-87d8-02a6845b4b32，终端：my terminal
2024-12-19 09:02:51 - be.model.user - INFO - 为用户 buyer_7_46abceaa-bda4-11ef-87d8-02a6845b4b32 生成新token，终端：my terminal
2024-12-19 09:02:51 - be.model.user - INFO - 用户登录成功：buyer_7_46abceaa-bda4-11ef-87d8-02a6845b4b32
2024-12-19 09:02:51 - be.view.auth - INFO - 登录处理结果: 200
2024-12-19 09:02:51 - werkzeug - INFO - 127.0.0.1 - - [19/Dec/2024 09:02:51] "POST /auth/login HTTP/1.1" 200 -
2024-12-19 09:02:51 - be.view.auth - INFO - 收到登录请求: {'user_id': 'buyer_1_46abceaa-bda4-11ef-87d8-02a6845b4b32', 'password': 'buyer_seller_1_46abceaa-bda4-11ef-87d8-02a6845b4b32', 'terminal': 'my terminal'}
2024-12-19 09:02:51 - be.model.user - INFO - 尝试登录用户：buyer_1_46abceaa-bda4-11ef-87d8-02a6845b4b32，终端：my terminal
2024-12-19 09:02:51 - be.model.user - INFO - 为用户 buyer_1_46abceaa-bda4-11ef-87d8-02a6845b4b32 生成新token，终端：my terminal
2024-12-19 09:02:51 - be.model.user - INFO - 用户登录成功：buyer_1_46abceaa-bda4-11ef-87d8-02a6845b4b32
2024-12-19 09:02:51 - be.view.auth - INFO - 登录处理结果: 200
2024-12-19 09:02:51 - werkzeug - INFO - 127.0.0.1 - - [19/Dec/2024 09:02:51] "POST /auth/login HTTP/1.1" 200 -
2024-12-19 09:02:51 - be.view.auth - INFO - 收到登录请求: {'user_id': 'buyer_6_46abceaa-bda4-11ef-87d8-02a6845b4b32', 'password': 'buyer_seller_6_46abceaa-bda4-11ef-87d8-02a6845b4b32', 'terminal': 'my terminal'}
2024-12-19 09:02:51 - be.model.user - INFO - 尝试登录用户：buyer_6_46abceaa-bda4-11ef-87d8-02a6845b4b32，终端：my terminal
2024-12-19 09:02:51 - be.model.user - INFO - 为用户 buyer_6_46abceaa-bda4-11ef-87d8-02a6845b4b32 生成新token，终端：my terminal
2024-12-19 09:02:51 - be.model.user - INFO - 用户登录成功：buyer_6_46abceaa-bda4-11ef-87d8-02a6845b4b32
2024-12-19 09:02:52 - be.view.auth - INFO - 登录处理结果: 200
2024-12-19 09:02:52 - werkzeug - INFO - 127.0.0.1 - - [19/Dec/2024 09:02:52] "POST /auth/login HTTP/1.1" 200 -
2024-12-19 09:02:52 - be.view.auth - INFO - 收到登录请求: {'user_id': 'buyer_6_46abceaa-bda4-11ef-87d8-02a6845b4b32', 'password': 'buyer_seller_6_46abceaa-bda4-11ef-87d8-02a6845b4b32', 'terminal': 'my terminal'}
2024-12-19 09:02:52 - be.model.user - INFO - 尝试登录用户：buyer_6_46abceaa-bda4-11ef-87d8-02a6845b4b32，终端：my terminal
2024-12-19 09:02:52 - be.model.user - INFO - 为用户 buyer_6_46abceaa-bda4-11ef-87d8-02a6845b4b32 生成新token，终端：my terminal
2024-12-19 09:02:52 - be.model.user - INFO - 用户登录成功：buyer_6_46abceaa-bda4-11ef-87d8-02a6845b4b32
2024-12-19 09:02:52 - be.view.auth - INFO - 登录处理结果: 200
2024-12-19 09:02:52 - werkzeug - INFO - 127.0.0.1 - - [19/Dec/2024 09:02:52] "POST /auth/login HTTP/1.1" 200 -
2024-12-19 09:02:52 - be.view.auth - INFO - 收到登录请求: {'user_id': 'buyer_3_46abceaa-bda4-11ef-87d8-02a6845b4b32', 'password': 'buyer_seller_3_46abceaa-bda4-11ef-87d8-02a6845b4b32', 'terminal': 'my terminal'}
2024-12-19 09:02:52 - be.model.user - INFO - 尝试登录用户：buyer_3_46abceaa-bda4-11ef-87d8-02a6845b4b32，终端：my terminal
2024-12-19 09:02:52 - be.model.user - INFO - 为用户 buyer_3_46abceaa-bda4-11ef-87d8-02a6845b4b32 生成新token，终端：my terminal
2024-12-19 09:02:52 - be.model.user - INFO - 用户登录成功：buyer_3_46abceaa-bda4-11ef-87d8-02a6845b4b32
2024-12-19 09:02:52 - be.view.auth - INFO - 登录处理结果: 200
2024-12-19 09:02:52 - werkzeug - INFO - 127.0.0.1 - - [19/Dec/2024 09:02:52] "POST /auth/login HTTP/1.1" 200 -
2024-12-19 09:02:52 - be.view.auth - INFO - 收到登录请求: {'user_id': 'buyer_6_46abceaa-bda4-11ef-87d8-02a6845b4b32', 'password': 'buyer_seller_6_46abceaa-bda4-11ef-87d8-02a6845b4b32', 'terminal': 'my terminal'}
2024-12-19 09:02:52 - be.model.user - INFO - 尝试登录用户：buyer_6_46abceaa-bda4-11ef-87d8-02a6845b4b32，终端：my terminal
2024-12-19 09:02:52 - be.model.user - INFO - 为用户 buyer_6_46abceaa-bda4-11ef-87d8-02a6845b4b32 生成新token，终端：my terminal
2024-12-19 09:02:52 - be.model.user - INFO - 用户登录成功：buyer_6_46abceaa-bda4-11ef-87d8-02a6845b4b32
2024-12-19 09:02:52 - be.view.auth - INFO - 登录处理结果: 200
2024-12-19 09:02:52 - werkzeug - INFO - 127.0.0.1 - - [19/Dec/2024 09:02:52] "POST /auth/login HTTP/1.1" 200 -
2024-12-19 09:02:52 - be.view.auth - INFO - 收到登录请求: {'user_id': 'buyer_3_46abceaa-bda4-11ef-87d8-02a6845b4b32', 'password': 'buyer_seller_3_46abceaa-bda4-11ef-87d8-02a6845b4b32', 'terminal': 'my terminal'}
2024-12-19 09:02:52 - be.model.user - INFO - 尝试登录用户：buyer_3_46abceaa-bda4-11ef-87d8-02a6845b4b32，终端：my terminal
2024-12-19 09:02:52 - be.model.user - INFO - 为用户 buyer_3_46abceaa-bda4-11ef-87d8-02a6845b4b32 生成新token，终端：my terminal
2024-12-19 09:02:52 - be.model.user - INFO - 用户登录成功：buyer_3_46abceaa-bda4-11ef-87d8-02a6845b4b32
2024-12-19 09:02:53 - be.view.auth - INFO - 登录处理结果: 200
2024-12-19 09:02:53 - werkzeug - INFO - 127.0.0.1 - - [19/Dec/2024 09:02:53] "POST /auth/login HTTP/1.1" 200 -
2024-12-19 09:02:53 - be.view.auth - INFO - 收到登录请求: {'user_id': 'buyer_5_46abceaa-bda4-11ef-87d8-02a6845b4b32', 'password': 'buyer_seller_5_46abceaa-bda4-11ef-87d8-02a6845b4b32', 'terminal': 'my terminal'}
2024-12-19 09:02:53 - be.model.user - INFO - 尝试登录用户：buyer_5_46abceaa-bda4-11ef-87d8-02a6845b4b32，终端：my terminal
2024-12-19 09:02:53 - be.model.user - INFO - 为用户 buyer_5_46abceaa-bda4-11ef-87d8-02a6845b4b32 生成新token，终端：my terminal
2024-12-19 09:02:53 - be.model.user - INFO - 用户登录成功：buyer_5_46abceaa-bda4-11ef-87d8-02a6845b4b32
2024-12-19 09:02:53 - be.view.auth - INFO - 登录处理结果: 200
2024-12-19 09:02:53 - werkzeug - INFO - 127.0.0.1 - - [19/Dec/2024 09:02:53] "POST /auth/login HTTP/1.1" 200 -
2024-12-19 09:02:53 - be.view.auth - INFO - 收到登录请求: {'user_id': 'buyer_8_46abceaa-bda4-11ef-87d8-02a6845b4b32', 'password': 'buyer_seller_8_46abceaa-bda4-11ef-87d8-02a6845b4b32', 'terminal': 'my terminal'}
2024-12-19 09:02:53 - be.model.user - INFO - 尝试登录用户：buyer_8_46abceaa-bda4-11ef-87d8-02a6845b4b32，终端：my terminal
2024-12-19 09:02:53 - be.model.user - INFO - 为用户 buyer_8_46abceaa-bda4-11ef-87d8-02a6845b4b32 生成新token，终端：my terminal
2024-12-19 09:02:53 - be.model.user - INFO - 用户登录成功：buyer_8_46abceaa-bda4-11ef-87d8-02a6845b4b32
2024-12-19 09:02:53 - be.view.auth - INFO - 登录处理结果: 200
2024-12-19 09:02:53 - werkzeug - INFO - 127.0.0.1 - - [19/Dec/2024 09:02:53] "POST /auth/login HTTP/1.1" 200 -
2024-12-19 09:02:53 - be.view.auth - INFO - 收到登录请求: {'user_id': 'buyer_4_46abceaa-bda4-11ef-87d8-02a6845b4b32', 'password': 'buyer_seller_4_46abceaa-bda4-11ef-87d8-02a6845b4b32', 'terminal': 'my terminal'}
2024-12-19 09:02:53 - be.model.user - INFO - 尝试登录用户：buyer_4_46abceaa-bda4-11ef-87d8-02a6845b4b32，终端：my terminal
2024-12-19 09:02:53 - be.model.user - INFO - 为用户 buyer_4_46abceaa-bda4-11ef-87d8-02a6845b4b32 生成新token，终端：my terminal
2024-12-19 09:02:53 - be.model.user - INFO - 用户登录成功：buyer_4_46abceaa-bda4-11ef-87d8-02a6845b4b32
2024-12-19 09:02:53 - be.view.auth - INFO - 登录处理结果: 200
2024-12-19 09:02:53 - werkzeug - INFO - 127.0.0.1 - - [19/Dec/2024 09:02:53] "POST /auth/login HTTP/1.1" 200 -
2024-12-19 09:02:53 - be.view.auth - INFO - 收到登录请求: {'user_id': 'buyer_9_46abceaa-bda4-11ef-87d8-02a6845b4b32', 'password': 'buyer_seller_9_46abceaa-bda4-11ef-87d8-02a6845b4b32', 'terminal': 'my terminal'}
2024-12-19 09:02:53 - be.model.user - INFO - 尝试登录用户：buyer_9_46abceaa-bda4-11ef-87d8-02a6845b4b32，终端：my terminal
2024-12-19 09:02:53 - be.model.user - INFO - 为用户 buyer_9_46abceaa-bda4-11ef-87d8-02a6845b4b32 生成新token，终端：my terminal
2024-12-19 09:02:53 - be.model.user - INFO - 用户登录成功：buyer_9_46abceaa-bda4-11ef-87d8-02a6845b4b32
2024-12-19 09:02:54 - be.view.auth - INFO - 登录处理结果: 200
2024-12-19 09:02:54 - werkzeug - INFO - 127.0.0.1 - - [19/Dec/2024 09:02:54] "POST /auth/login HTTP/1.1" 200 -
2024-12-19 09:02:54 - be.view.auth - INFO - 收到登录请求: {'user_id': 'buyer_2_46abceaa-bda4-11ef-87d8-02a6845b4b32', 'password': 'buyer_seller_2_46abceaa-bda4-11ef-87d8-02a6845b4b32', 'terminal': 'my terminal'}
2024-12-19 09:02:54 - be.model.user - INFO - 尝试登录用户：buyer_2_46abceaa-bda4-11ef-87d8-02a6845b4b32，终端：my terminal
2024-12-19 09:02:54 - be.model.user - INFO - 为用户 buyer_2_46abceaa-bda4-11ef-87d8-02a6845b4b32 生成新token，终端：my terminal
2024-12-19 09:02:54 - be.model.user - INFO - 用户登录成功：buyer_2_46abceaa-bda4-11ef-87d8-02a6845b4b32
2024-12-19 09:02:54 - be.view.auth - INFO - 登录处理结果: 200
2024-12-19 09:02:54 - werkzeug - INFO - 127.0.0.1 - - [19/Dec/2024 09:02:54] "POST /auth/login HTTP/1.1" 200 -
2024-12-19 09:02:54 - be.view.auth - INFO - 收到登录请求: {'user_id': 'buyer_1_46abceaa-bda4-11ef-87d8-02a6845b4b32', 'password': 'buyer_seller_1_46abceaa-bda4-11ef-87d8-02a6845b4b32', 'terminal': 'my terminal'}
2024-12-19 09:02:54 - be.model.user - INFO - 尝试登录用户：buyer_1_46abceaa-bda4-11ef-87d8-02a6845b4b32，终端：my terminal
2024-12-19 09:02:54 - be.model.user - INFO - 为用户 buyer_1_46abceaa-bda4-11ef-87d8-02a6845b4b32 生成新token，终端：my terminal
2024-12-19 09:02:54 - be.model.user - INFO - 用户登录成功：buyer_1_46abceaa-bda4-11ef-87d8-02a6845b4b32
2024-12-19 09:02:54 - be.view.auth - INFO - 登录处理结果: 200
2024-12-19 09:02:54 - werkzeug - INFO - 127.0.0.1 - - [19/Dec/2024 09:02:54] "POST /auth/login HTTP/1.1" 200 -
2024-12-19 09:02:54 - be.view.auth - INFO - 收到登录请求: {'user_id': 'buyer_7_46abceaa-bda4-11ef-87d8-02a6845b4b32', 'password': 'buyer_seller_7_46abceaa-bda4-11ef-87d8-02a6845b4b32', 'terminal': 'my terminal'}
2024-12-19 09:02:54 - be.model.user - INFO - 尝试登录用户：buyer_7_46abceaa-bda4-11ef-87d8-02a6845b4b32，终端：my terminal
2024-12-19 09:02:54 - be.model.user - INFO - 为用户 buyer_7_46abceaa-bda4-11ef-87d8-02a6845b4b32 生成新token，终端：my terminal
2024-12-19 09:02:54 - be.model.user - INFO - 用户登录成功：buyer_7_46abceaa-bda4-11ef-87d8-02a6845b4b32
2024-12-19 09:02:54 - be.view.auth - INFO - 登录处理结果: 200
2024-12-19 09:02:54 - werkzeug - INFO - 127.0.0.1 - - [19/Dec/2024 09:02:54] "POST /auth/login HTTP/1.1" 200 -
2024-12-19 09:02:54 - be.view.auth - INFO - 收到登录请求: {'user_id': 'buyer_9_46abceaa-bda4-11ef-87d8-02a6845b4b32', 'password': 'buyer_seller_9_46abceaa-bda4-11ef-87d8-02a6845b4b32', 'terminal': 'my terminal'}
2024-12-19 09:02:54 - be.model.user - INFO - 尝试登录用户：buyer_9_46abceaa-bda4-11ef-87d8-02a6845b4b32，终端：my terminal
2024-12-19 09:02:54 - be.model.user - INFO - 为用户 buyer_9_46abceaa-bda4-11ef-87d8-02a6845b4b32 生成新token，终端：my terminal
2024-12-19 09:02:54 - be.model.user - INFO - 用户登录成功：buyer_9_46abceaa-bda4-11ef-87d8-02a6845b4b32
2024-12-19 09:02:55 - be.view.auth - INFO - 登录处理结果: 200
2024-12-19 09:02:55 - werkzeug - INFO - 127.0.0.1 - - [19/Dec/2024 09:02:55] "POST /auth/login HTTP/1.1" 200 -
2024-12-19 09:02:55 - be.view.auth - INFO - 收到登录请求: {'user_id': 'buyer_2_46abceaa-bda4-11ef-87d8-02a6845b4b32', 'password': 'buyer_seller_2_46abceaa-bda4-11ef-87d8-02a6845b4b32', 'terminal': 'my terminal'}
2024-12-19 09:02:55 - be.model.user - INFO - 尝试登录用户：buyer_2_46abceaa-bda4-11ef-87d8-02a6845b4b32，终端：my terminal
2024-12-19 09:02:55 - be.model.user - INFO - 为用户 buyer_2_46abceaa-bda4-11ef-87d8-02a6845b4b32 生成新token，终端：my terminal
2024-12-19 09:02:55 - be.model.user - INFO - 用户登录成功：buyer_2_46abceaa-bda4-11ef-87d8-02a6845b4b32
2024-12-19 09:02:55 - be.view.auth - INFO - 登录处理结果: 200
2024-12-19 09:02:55 - werkzeug - INFO - 127.0.0.1 - - [19/Dec/2024 09:02:55] "POST /auth/login HTTP/1.1" 200 -
2024-12-19 09:02:55 - be.view.auth - INFO - 收到登录请求: {'user_id': 'buyer_4_46abceaa-bda4-11ef-87d8-02a6845b4b32', 'password': 'buyer_seller_4_46abceaa-bda4-11ef-87d8-02a6845b4b32', 'terminal': 'my terminal'}
2024-12-19 09:02:55 - be.model.user - INFO - 尝试登录用户：buyer_4_46abceaa-bda4-11ef-87d8-02a6845b4b32，终端：my terminal
2024-12-19 09:02:55 - be.model.user - INFO - 为用户 buyer_4_46abceaa-bda4-11ef-87d8-02a6845b4b32 生成新token，终端：my terminal
2024-12-19 09:02:55 - be.model.user - INFO - 用户登录成功：buyer_4_46abceaa-bda4-11ef-87d8-02a6845b4b32
2024-12-19 09:02:55 - be.view.auth - INFO - 登录处理结果: 200
2024-12-19 09:02:55 - werkzeug - INFO - 127.0.0.1 - - [19/Dec/2024 09:02:55] "POST /auth/login HTTP/1.1" 200 -
2024-12-19 09:02:55 - be.view.auth - INFO - 收到登录请求: {'user_id': 'buyer_4_46abceaa-bda4-11ef-87d8-02a6845b4b32', 'password': 'buyer_seller_4_46abceaa-bda4-11ef-87d8-02a6845b4b32', 'terminal': 'my terminal'}
2024-12-19 09:02:55 - be.model.user - INFO - 尝试登录用户：buyer_4_46abceaa-bda4-11ef-87d8-02a6845b4b32，终端：my terminal
2024-12-19 09:02:55 - be.model.user - INFO - 为用户 buyer_4_46abceaa-bda4-11ef-87d8-02a6845b4b32 生成新token，终端：my terminal
2024-12-19 09:02:55 - be.model.user - INFO - 用户登录成功：buyer_4_46abceaa-bda4-11ef-87d8-02a6845b4b32
2024-12-19 09:02:55 - be.view.auth - INFO - 登录处理结果: 200
2024-12-19 09:02:55 - werkzeug - INFO - 127.0.0.1 - - [19/Dec/2024 09:02:55] "POST /auth/login HTTP/1.1" 200 -
2024-12-19 09:02:55 - be.view.auth - INFO - 收到登录请求: {'user_id': 'buyer_9_46abceaa-bda4-11ef-87d8-02a6845b4b32', 'password': 'buyer_seller_9_46abceaa-bda4-11ef-87d8-02a6845b4b32', 'terminal': 'my terminal'}
2024-12-19 09:02:55 - be.model.user - INFO - 尝试登录用户：buyer_9_46abceaa-bda4-11ef-87d8-02a6845b4b32，终端：my terminal
2024-12-19 09:02:55 - be.model.user - INFO - 为用户 buyer_9_46abceaa-bda4-11ef-87d8-02a6845b4b32 生成新token，终端：my terminal
2024-12-19 09:02:55 - be.model.user - INFO - 用户登录成功：buyer_9_46abceaa-bda4-11ef-87d8-02a6845b4b32
2024-12-19 09:02:55 - be.view.auth - INFO - 登录处理结果: 200
2024-12-19 09:02:55 - werkzeug - INFO - 127.0.0.1 - - [19/Dec/2024 09:02:55] "POST /auth/login HTTP/1.1" 200 -
2024-12-19 09:02:56 - be.view.auth - INFO - 收到登录请求: {'user_id': 'buyer_7_46abceaa-bda4-11ef-87d8-02a6845b4b32', 'password': 'buyer_seller_7_46abceaa-bda4-11ef-87d8-02a6845b4b32', 'terminal': 'my terminal'}
2024-12-19 09:02:56 - be.model.user - INFO - 尝试登录用户：buyer_7_46abceaa-bda4-11ef-87d8-02a6845b4b32，终端：my terminal
2024-12-19 09:02:56 - be.model.user - INFO - 为用户 buyer_7_46abceaa-bda4-11ef-87d8-02a6845b4b32 生成新token，终端：my terminal
2024-12-19 09:02:56 - be.model.user - INFO - 用户登录成功：buyer_7_46abceaa-bda4-11ef-87d8-02a6845b4b32
2024-12-19 09:02:56 - be.view.auth - INFO - 登录处理结果: 200
2024-12-19 09:02:56 - werkzeug - INFO - 127.0.0.1 - - [19/Dec/2024 09:02:56] "POST /auth/login HTTP/1.1" 200 -
2024-12-19 09:02:56 - be.view.auth - INFO - 收到登录请求: {'user_id': 'buyer_10_46abceaa-bda4-11ef-87d8-02a6845b4b32', 'password': 'buyer_seller_10_46abceaa-bda4-11ef-87d8-02a6845b4b32', 'terminal': 'my terminal'}
2024-12-19 09:02:56 - be.model.user - INFO - 尝试登录用户：buyer_10_46abceaa-bda4-11ef-87d8-02a6845b4b32，终端：my terminal
2024-12-19 09:02:56 - be.model.user - INFO - 为用户 buyer_10_46abceaa-bda4-11ef-87d8-02a6845b4b32 生成新token，终端：my terminal
2024-12-19 09:02:56 - be.model.user - INFO - 用户登录成功：buyer_10_46abceaa-bda4-11ef-87d8-02a6845b4b32
2024-12-19 09:02:56 - be.view.auth - INFO - 登录处理结果: 200
2024-12-19 09:02:56 - werkzeug - INFO - 127.0.0.1 - - [19/Dec/2024 09:02:56] "POST /auth/login HTTP/1.1" 200 -
2024-12-19 09:02:56 - be.view.auth - INFO - 收到登录请求: {'user_id': 'buyer_6_46abceaa-bda4-11ef-87d8-02a6845b4b32', 'password': 'buyer_seller_6_46abceaa-bda4-11ef-87d8-02a6845b4b32', 'terminal': 'my terminal'}
2024-12-19 09:02:56 - be.model.user - INFO - 尝试登录用户：buyer_6_46abceaa-bda4-11ef-87d8-02a6845b4b32，终端：my terminal
2024-12-19 09:02:56 - be.model.user - INFO - 为用户 buyer_6_46abceaa-bda4-11ef-87d8-02a6845b4b32 生成新token，终端：my terminal
2024-12-19 09:02:56 - be.model.user - INFO - 用户登录成功：buyer_6_46abceaa-bda4-11ef-87d8-02a6845b4b32
2024-12-19 09:02:56 - be.view.auth - INFO - 登录处理结果: 200
2024-12-19 09:02:56 - werkzeug - INFO - 127.0.0.1 - - [19/Dec/2024 09:02:56] "POST /auth/login HTTP/1.1" 200 -
2024-12-19 09:02:56 - be.view.auth - INFO - 收到登录请求: {'user_id': 'buyer_9_46abceaa-bda4-11ef-87d8-02a6845b4b32', 'password': 'buyer_seller_9_46abceaa-bda4-11ef-87d8-02a6845b4b32', 'terminal': 'my terminal'}
2024-12-19 09:02:56 - be.model.user - INFO - 尝试登录用户：buyer_9_46abceaa-bda4-11ef-87d8-02a6845b4b32，终端：my terminal
2024-12-19 09:02:56 - be.model.user - INFO - 为用户 buyer_9_46abceaa-bda4-11ef-87d8-02a6845b4b32 生成新token，终端：my terminal
2024-12-19 09:02:56 - be.model.user - INFO - 用户登录成功：buyer_9_46abceaa-bda4-11ef-87d8-02a6845b4b32
2024-12-19 09:02:56 - be.view.auth - INFO - 登录处理结果: 200
2024-12-19 09:02:56 - werkzeug - INFO - 127.0.0.1 - - [19/Dec/2024 09:02:56] "POST /auth/login HTTP/1.1" 200 -
2024-12-19 09:02:56 - be.view.auth - INFO - 收到登录请求: {'user_id': 'buyer_7_46abceaa-bda4-11ef-87d8-02a6845b4b32', 'password': 'buyer_seller_7_46abceaa-bda4-11ef-87d8-02a6845b4b32', 'terminal': 'my terminal'}
2024-12-19 09:02:56 - be.model.user - INFO - 尝试登录用户：buyer_7_46abceaa-bda4-11ef-87d8-02a6845b4b32，终端：my terminal
2024-12-19 09:02:57 - be.model.user - INFO - 为用户 buyer_7_46abceaa-bda4-11ef-87d8-02a6845b4b32 生成新token，终端：my terminal
2024-12-19 09:02:57 - be.model.user - INFO - 用户登录成功：buyer_7_46abceaa-bda4-11ef-87d8-02a6845b4b32
2024-12-19 09:02:57 - be.view.auth - INFO - 登录处理结果: 200
2024-12-19 09:02:57 - werkzeug - INFO - 127.0.0.1 - - [19/Dec/2024 09:02:57] "POST /auth/login HTTP/1.1" 200 -
2024-12-19 09:02:57 - be.view.auth - INFO - 收到登录请求: {'user_id': 'buyer_9_46abceaa-bda4-11ef-87d8-02a6845b4b32', 'password': 'buyer_seller_9_46abceaa-bda4-11ef-87d8-02a6845b4b32', 'terminal': 'my terminal'}
2024-12-19 09:02:57 - be.model.user - INFO - 尝试登录用户：buyer_9_46abceaa-bda4-11ef-87d8-02a6845b4b32，终端：my terminal
2024-12-19 09:02:57 - be.model.user - INFO - 为用户 buyer_9_46abceaa-bda4-11ef-87d8-02a6845b4b32 生成新token，终端：my terminal
2024-12-19 09:02:57 - be.model.user - INFO - 用户登录成功：buyer_9_46abceaa-bda4-11ef-87d8-02a6845b4b32
2024-12-19 09:02:57 - be.view.auth - INFO - 登录处理结果: 200
2024-12-19 09:02:57 - werkzeug - INFO - 127.0.0.1 - - [19/Dec/2024 09:02:57] "POST /auth/login HTTP/1.1" 200 -
2024-12-19 09:02:57 - werkzeug - INFO - 127.0.0.1 - - [19/Dec/2024 09:02:57] "POST /buyer/new_order HTTP/1.1" 200 -
2024-12-19 09:02:57 - werkzeug - INFO - 127.0.0.1 - - [19/Dec/2024 09:02:57] "POST /buyer/new_order HTTP/1.1" 200 -
2024-12-19 09:02:57 - werkzeug - INFO - 127.0.0.1 - - [19/Dec/2024 09:02:57] "POST /buyer/new_order HTTP/1.1" 200 -
2024-12-19 09:02:57 - werkzeug - INFO - 127.0.0.1 - - [19/Dec/2024 09:02:57] "POST /buyer/new_order HTTP/1.1" 200 -
2024-12-19 09:02:57 - werkzeug - INFO - 127.0.0.1 - - [19/Dec/2024 09:02:57] "POST /buyer/new_order HTTP/1.1" 200 -
2024-12-19 09:02:57 - werkzeug - INFO - 127.0.0.1 - - [19/Dec/2024 09:02:57] "POST /buyer/new_order HTTP/1.1" 200 -
2024-12-19 09:02:57 - werkzeug - INFO - 127.0.0.1 - - [19/Dec/2024 09:02:57] "POST /buyer/new_order HTTP/1.1" 200 -
2024-12-19 09:02:57 - werkzeug - INFO - 127.0.0.1 - - [19/Dec/2024 09:02:57] "POST /buyer/new_order HTTP/1.1" 200 -
2024-12-19 09:02:58 - werkzeug - INFO - 127.0.0.1 - - [19/Dec/2024 09:02:58] "POST /buyer/new_order HTTP/1.1" 200 -
2024-12-19 09:02:58 - werkzeug - INFO - 127.0.0.1 - - [19/Dec/2024 09:02:58] "POST /buyer/new_order HTTP/1.1" 200 -
2024-12-19 09:02:58 - werkzeug - INFO - 127.0.0.1 - - [19/Dec/2024 09:02:58] "POST /buyer/new_order HTTP/1.1" 200 -
2024-12-19 09:02:58 - werkzeug - INFO - 127.0.0.1 - - [19/Dec/2024 09:02:58] "POST /buyer/new_order HTTP/1.1" 200 -
2024-12-19 09:02:58 - werkzeug - INFO - 127.0.0.1 - - [19/Dec/2024 09:02:58] "POST /buyer/new_order HTTP/1.1" 200 -
2024-12-19 09:02:58 - werkzeug - INFO - 127.0.0.1 - - [19/Dec/2024 09:02:58] "POST /buyer/new_order HTTP/1.1" 200 -
2024-12-19 09:02:58 - werkzeug - INFO - 127.0.0.1 - - [19/Dec/2024 09:02:58] "POST /buyer/new_order HTTP/1.1" 200 -
2024-12-19 09:02:58 - werkzeug - INFO - 127.0.0.1 - - [19/Dec/2024 09:02:58] "POST /buyer/new_order HTTP/1.1" 200 -
2024-12-19 09:02:58 - werkzeug - INFO - 127.0.0.1 - - [19/Dec/2024 09:02:58] "POST /buyer/new_order HTTP/1.1" 200 -
2024-12-19 09:02:58 - werkzeug - INFO - 127.0.0.1 - - [19/Dec/2024 09:02:58] "POST /buyer/new_order HTTP/1.1" 200 -
2024-12-19 09:02:58 - werkzeug - INFO - 127.0.0.1 - - [19/Dec/2024 09:02:58] "POST /buyer/new_order HTTP/1.1" 200 -
2024-12-19 09:02:58 - werkzeug - INFO - 127.0.0.1 - - [19/Dec/2024 09:02:58] "POST /buyer/new_order HTTP/1.1" 200 -
2024-12-19 09:02:58 - werkzeug - INFO - 127.0.0.1 - - [19/Dec/2024 09:02:58] "POST /buyer/new_order HTTP/1.1" 200 -
2024-12-19 09:02:58 - werkzeug - INFO - 127.0.0.1 - - [19/Dec/2024 09:02:58] "POST /buyer/new_order HTTP/1.1" 200 -
2024-12-19 09:02:59 - werkzeug - INFO - 127.0.0.1 - - [19/Dec/2024 09:02:59] "POST /buyer/new_order HTTP/1.1" 200 -
2024-12-19 09:02:59 - werkzeug - INFO - 127.0.0.1 - - [19/Dec/2024 09:02:59] "POST /buyer/new_order HTTP/1.1" 200 -
2024-12-19 09:02:59 - werkzeug - INFO - 127.0.0.1 - - [19/Dec/2024 09:02:59] "POST /buyer/new_order HTTP/1.1" 200 -
2024-12-19 09:02:59 - werkzeug - INFO - 127.0.0.1 - - [19/Dec/2024 09:02:59] "POST /buyer/new_order HTTP/1.1" 200 -
2024-12-19 09:02:59 - werkzeug - INFO - 127.0.0.1 - - [19/Dec/2024 09:02:59] "POST /buyer/new_order HTTP/1.1" 200 -
2024-12-19 09:02:59 - werkzeug - INFO - 127.0.0.1 - - [19/Dec/2024 09:02:59] "POST /buyer/new_order HTTP/1.1" 200 -
2024-12-19 09:02:59 - werkzeug - INFO - 127.0.0.1 - - [19/Dec/2024 09:02:59] "POST /buyer/new_order HTTP/1.1" 200 -
2024-12-19 09:02:59 - werkzeug - INFO - 127.0.0.1 - - [19/Dec/2024 09:02:59] "POST /buyer/new_order HTTP/1.1" 200 -
2024-12-19 09:02:59 - werkzeug - INFO - 127.0.0.1 - - [19/Dec/2024 09:02:59] "POST /buyer/new_order HTTP/1.1" 200 -
2024-12-19 09:02:59 - werkzeug - INFO - 127.0.0.1 - - [19/Dec/2024 09:02:59] "POST /buyer/new_order HTTP/1.1" 200 -
2024-12-19 09:02:59 - werkzeug - INFO - 127.0.0.1 - - [19/Dec/2024 09:02:59] "POST /buyer/new_order HTTP/1.1" 200 -
2024-12-19 09:02:59 - werkzeug - INFO - 127.0.0.1 - - [19/Dec/2024 09:02:59] "POST /buyer/new_order HTTP/1.1" 200 -
2024-12-19 09:02:59 - werkzeug - INFO - 127.0.0.1 - - [19/Dec/2024 09:02:59] "POST /buyer/new_order HTTP/1.1" 200 -
2024-12-19 09:02:59 - werkzeug - INFO - 127.0.0.1 - - [19/Dec/2024 09:02:59] "POST /buyer/new_order HTTP/1.1" 200 -
2024-12-19 09:03:00 - werkzeug - INFO - 127.0.0.1 - - [19/Dec/2024 09:03:00] "POST /buyer/new_order HTTP/1.1" 200 -
2024-12-19 09:03:00 - werkzeug - INFO - 127.0.0.1 - - [19/Dec/2024 09:03:00] "POST /buyer/new_order HTTP/1.1" 200 -
2024-12-19 09:03:00 - werkzeug - INFO - 127.0.0.1 - - [19/Dec/2024 09:03:00] "POST /buyer/new_order HTTP/1.1" 200 -
2024-12-19 09:03:00 - werkzeug - INFO - 127.0.0.1 - - [19/Dec/2024 09:03:00] "POST /buyer/new_order HTTP/1.1" 200 -
2024-12-19 09:03:00 - werkzeug - INFO - 127.0.0.1 - - [19/Dec/2024 09:03:00] "POST /buyer/new_order HTTP/1.1" 200 -
2024-12-19 09:03:00 - werkzeug - INFO - 127.0.0.1 - - [19/Dec/2024 09:03:00] "POST /buyer/new_order HTTP/1.1" 200 -
2024-12-19 09:03:00 - werkzeug - INFO - 127.0.0.1 - - [19/Dec/2024 09:03:00] "POST /buyer/new_order HTTP/1.1" 200 -
2024-12-19 09:03:00 - werkzeug - INFO - 127.0.0.1 - - [19/Dec/2024 09:03:00] "POST /buyer/new_order HTTP/1.1" 200 -
2024-12-19 09:03:00 - werkzeug - INFO - 127.0.0.1 - - [19/Dec/2024 09:03:00] "POST /buyer/new_order HTTP/1.1" 200 -
2024-12-19 09:03:00 - werkzeug - INFO - 127.0.0.1 - - [19/Dec/2024 09:03:00] "POST /buyer/new_order HTTP/1.1" 200 -
2024-12-19 09:03:00 - werkzeug - INFO - 127.0.0.1 - - [19/Dec/2024 09:03:00] "POST /buyer/new_order HTTP/1.1" 200 -
2024-12-19 09:03:00 - werkzeug - INFO - 127.0.0.1 - - [19/Dec/2024 09:03:00] "POST /buyer/new_order HTTP/1.1" 200 -
2024-12-19 09:03:00 - werkzeug - INFO - 127.0.0.1 - - [19/Dec/2024 09:03:00] "POST /buyer/new_order HTTP/1.1" 200 -
2024-12-19 09:03:00 - werkzeug - INFO - 127.0.0.1 - - [19/Dec/2024 09:03:00] "POST /buyer/new_order HTTP/1.1" 200 -
2024-12-19 09:03:01 - werkzeug - INFO - 127.0.0.1 - - [19/Dec/2024 09:03:01] "POST /buyer/new_order HTTP/1.1" 200 -
2024-12-19 09:03:01 - werkzeug - INFO - 127.0.0.1 - - [19/Dec/2024 09:03:01] "POST /buyer/new_order HTTP/1.1" 200 -
2024-12-19 09:03:01 - werkzeug - INFO - 127.0.0.1 - - [19/Dec/2024 09:03:01] "POST /buyer/new_order HTTP/1.1" 200 -
2024-12-19 09:03:01 - werkzeug - INFO - 127.0.0.1 - - [19/Dec/2024 09:03:01] "POST /buyer/new_order HTTP/1.1" 200 -
2024-12-19 09:03:01 - werkzeug - INFO - 127.0.0.1 - - [19/Dec/2024 09:03:01] "POST /buyer/new_order HTTP/1.1" 200 -
2024-12-19 09:03:01 - werkzeug - INFO - 127.0.0.1 - - [19/Dec/2024 09:03:01] "POST /buyer/new_order HTTP/1.1" 200 -
2024-12-19 09:03:01 - werkzeug - INFO - 127.0.0.1 - - [19/Dec/2024 09:03:01] "POST /buyer/new_order HTTP/1.1" 200 -
2024-12-19 09:03:01 - werkzeug - INFO - 127.0.0.1 - - [19/Dec/2024 09:03:01] "POST /buyer/new_order HTTP/1.1" 200 -
2024-12-19 09:03:01 - werkzeug - INFO - 127.0.0.1 - - [19/Dec/2024 09:03:01] "POST /buyer/new_order HTTP/1.1" 200 -
2024-12-19 09:03:01 - werkzeug - INFO - 127.0.0.1 - - [19/Dec/2024 09:03:01] "POST /buyer/new_order HTTP/1.1" 200 -
2024-12-19 09:03:01 - werkzeug - INFO - 127.0.0.1 - - [19/Dec/2024 09:03:01] "POST /buyer/new_order HTTP/1.1" 200 -
2024-12-19 09:03:01 - werkzeug - INFO - 127.0.0.1 - - [19/Dec/2024 09:03:01] "POST /buyer/new_order HTTP/1.1" 200 -
2024-12-19 09:03:01 - werkzeug - INFO - 127.0.0.1 - - [19/Dec/2024 09:03:01] "POST /buyer/new_order HTTP/1.1" 200 -
2024-12-19 09:03:01 - werkzeug - INFO - 127.0.0.1 - - [19/Dec/2024 09:03:01] "POST /buyer/new_order HTTP/1.1" 200 -
2024-12-19 09:03:02 - werkzeug - INFO - 127.0.0.1 - - [19/Dec/2024 09:03:02] "POST /buyer/new_order HTTP/1.1" 200 -
2024-12-19 09:03:02 - werkzeug - INFO - 127.0.0.1 - - [19/Dec/2024 09:03:02] "POST /buyer/new_order HTTP/1.1" 200 -
2024-12-19 09:03:02 - werkzeug - INFO - 127.0.0.1 - - [19/Dec/2024 09:03:02] "POST /buyer/new_order HTTP/1.1" 200 -
2024-12-19 09:03:02 - werkzeug - INFO - 127.0.0.1 - - [19/Dec/2024 09:03:02] "POST /buyer/new_order HTTP/1.1" 200 -
2024-12-19 09:03:02 - werkzeug - INFO - 127.0.0.1 - - [19/Dec/2024 09:03:02] "POST /buyer/new_order HTTP/1.1" 200 -
2024-12-19 09:03:02 - werkzeug - INFO - 127.0.0.1 - - [19/Dec/2024 09:03:02] "POST /buyer/new_order HTTP/1.1" 200 -
2024-12-19 09:03:02 - werkzeug - INFO - 127.0.0.1 - - [19/Dec/2024 09:03:02] "POST /buyer/new_order HTTP/1.1" 200 -
2024-12-19 09:03:02 - werkzeug - INFO - 127.0.0.1 - - [19/Dec/2024 09:03:02] "POST /buyer/new_order HTTP/1.1" 200 -
2024-12-19 09:03:02 - werkzeug - INFO - 127.0.0.1 - - [19/Dec/2024 09:03:02] "POST /buyer/new_order HTTP/1.1" 200 -
2024-12-19 09:03:02 - werkzeug - INFO - 127.0.0.1 - - [19/Dec/2024 09:03:02] "POST /buyer/new_order HTTP/1.1" 200 -
2024-12-19 09:03:02 - werkzeug - INFO - 127.0.0.1 - - [19/Dec/2024 09:03:02] "POST /buyer/new_order HTTP/1.1" 200 -
2024-12-19 09:03:02 - werkzeug - INFO - 127.0.0.1 - - [19/Dec/2024 09:03:02] "POST /buyer/new_order HTTP/1.1" 200 -
2024-12-19 09:03:02 - werkzeug - INFO - 127.0.0.1 - - [19/Dec/2024 09:03:02] "POST /buyer/new_order HTTP/1.1" 200 -
2024-12-19 09:03:02 - werkzeug - INFO - 127.0.0.1 - - [19/Dec/2024 09:03:02] "POST /buyer/new_order HTTP/1.1" 200 -
2024-12-19 09:03:03 - werkzeug - INFO - 127.0.0.1 - - [19/Dec/2024 09:03:03] "POST /buyer/new_order HTTP/1.1" 200 -
2024-12-19 09:03:03 - werkzeug - INFO - 127.0.0.1 - - [19/Dec/2024 09:03:03] "POST /buyer/new_order HTTP/1.1" 200 -
2024-12-19 09:03:03 - werkzeug - INFO - 127.0.0.1 - - [19/Dec/2024 09:03:03] "POST /buyer/new_order HTTP/1.1" 200 -
2024-12-19 09:03:03 - werkzeug - INFO - 127.0.0.1 - - [19/Dec/2024 09:03:03] "POST /buyer/new_order HTTP/1.1" 200 -
2024-12-19 09:03:03 - werkzeug - INFO - 127.0.0.1 - - [19/Dec/2024 09:03:03] "POST /buyer/new_order HTTP/1.1" 200 -
2024-12-19 09:03:03 - werkzeug - INFO - 127.0.0.1 - - [19/Dec/2024 09:03:03] "POST /buyer/new_order HTTP/1.1" 200 -
2024-12-19 09:03:03 - werkzeug - INFO - 127.0.0.1 - - [19/Dec/2024 09:03:03] "POST /buyer/new_order HTTP/1.1" 200 -
2024-12-19 09:03:03 - werkzeug - INFO - 127.0.0.1 - - [19/Dec/2024 09:03:03] "POST /buyer/new_order HTTP/1.1" 200 -
2024-12-19 09:03:03 - werkzeug - INFO - 127.0.0.1 - - [19/Dec/2024 09:03:03] "POST /buyer/new_order HTTP/1.1" 200 -
2024-12-19 09:03:03 - werkzeug - INFO - 127.0.0.1 - - [19/Dec/2024 09:03:03] "POST /buyer/new_order HTTP/1.1" 200 -
2024-12-19 09:03:03 - werkzeug - INFO - 127.0.0.1 - - [19/Dec/2024 09:03:03] "POST /buyer/new_order HTTP/1.1" 200 -
2024-12-19 09:03:03 - werkzeug - INFO - 127.0.0.1 - - [19/Dec/2024 09:03:03] "POST /buyer/new_order HTTP/1.1" 200 -
2024-12-19 09:03:03 - werkzeug - INFO - 127.0.0.1 - - [19/Dec/2024 09:03:03] "POST /buyer/new_order HTTP/1.1" 200 -
2024-12-19 09:03:03 - werkzeug - INFO - 127.0.0.1 - - [19/Dec/2024 09:03:03] "POST /buyer/new_order HTTP/1.1" 200 -
2024-12-19 09:03:03 - werkzeug - INFO - 127.0.0.1 - - [19/Dec/2024 09:03:03] "POST /buyer/new_order HTTP/1.1" 200 -
2024-12-19 09:03:03 - werkzeug - INFO - 127.0.0.1 - - [19/Dec/2024 09:03:03] "POST /buyer/new_order HTTP/1.1" 200 -
2024-12-19 09:03:04 - werkzeug - INFO - 127.0.0.1 - - [19/Dec/2024 09:03:04] "POST /buyer/new_order HTTP/1.1" 200 -
2024-12-19 09:03:04 - werkzeug - INFO - 127.0.0.1 - - [19/Dec/2024 09:03:04] "POST /buyer/new_order HTTP/1.1" 200 -
2024-12-19 09:03:04 - werkzeug - INFO - 127.0.0.1 - - [19/Dec/2024 09:03:04] "POST /buyer/new_order HTTP/1.1" 200 -
2024-12-19 09:03:04 - werkzeug - INFO - 127.0.0.1 - - [19/Dec/2024 09:03:04] "POST /buyer/new_order HTTP/1.1" 200 -
2024-12-19 09:03:04 - werkzeug - INFO - 127.0.0.1 - - [19/Dec/2024 09:03:04] "POST /buyer/new_order HTTP/1.1" 200 -
2024-12-19 09:03:04 - werkzeug - INFO - 127.0.0.1 - - [19/Dec/2024 09:03:04] "POST /buyer/new_order HTTP/1.1" 200 -
2024-12-19 09:03:04 - werkzeug - INFO - 127.0.0.1 - - [19/Dec/2024 09:03:04] "POST /buyer/payment HTTP/1.1" 200 -
2024-12-19 09:03:04 - werkzeug - INFO - 127.0.0.1 - - [19/Dec/2024 09:03:04] "POST /buyer/payment HTTP/1.1" 200 -
2024-12-19 09:03:04 - werkzeug - INFO - 127.0.0.1 - - [19/Dec/2024 09:03:04] "POST /buyer/payment HTTP/1.1" 200 -
2024-12-19 09:03:04 - werkzeug - INFO - 127.0.0.1 - - [19/Dec/2024 09:03:04] "POST /buyer/payment HTTP/1.1" 200 -
2024-12-19 09:03:04 - werkzeug - INFO - 127.0.0.1 - - [19/Dec/2024 09:03:04] "POST /buyer/payment HTTP/1.1" 200 -
2024-12-19 09:03:04 - werkzeug - INFO - 127.0.0.1 - - [19/Dec/2024 09:03:04] "POST /buyer/payment HTTP/1.1" 200 -
2024-12-19 09:03:04 - werkzeug - INFO - 127.0.0.1 - - [19/Dec/2024 09:03:04] "POST /buyer/payment HTTP/1.1" 200 -
2024-12-19 09:03:04 - werkzeug - INFO - 127.0.0.1 - - [19/Dec/2024 09:03:04] "POST /buyer/payment HTTP/1.1" 200 -
2024-12-19 09:03:04 - werkzeug - INFO - 127.0.0.1 - - [19/Dec/2024 09:03:04] "POST /buyer/payment HTTP/1.1" 200 -
2024-12-19 09:03:05 - werkzeug - INFO - 127.0.0.1 - - [19/Dec/2024 09:03:05] "POST /buyer/payment HTTP/1.1" 200 -
2024-12-19 09:03:05 - werkzeug - INFO - 127.0.0.1 - - [19/Dec/2024 09:03:05] "POST /buyer/payment HTTP/1.1" 200 -
2024-12-19 09:03:05 - werkzeug - INFO - 127.0.0.1 - - [19/Dec/2024 09:03:05] "POST /buyer/payment HTTP/1.1" 200 -
2024-12-19 09:03:05 - werkzeug - INFO - 127.0.0.1 - - [19/Dec/2024 09:03:05] "POST /buyer/payment HTTP/1.1" 200 -
2024-12-19 09:03:05 - werkzeug - INFO - 127.0.0.1 - - [19/Dec/2024 09:03:05] "POST /buyer/payment HTTP/1.1" 200 -
2024-12-19 09:03:05 - werkzeug - INFO - 127.0.0.1 - - [19/Dec/2024 09:03:05] "POST /buyer/payment HTTP/1.1" 200 -
2024-12-19 09:03:05 - werkzeug - INFO - 127.0.0.1 - - [19/Dec/2024 09:03:05] "POST /buyer/payment HTTP/1.1" 200 -
2024-12-19 09:03:05 - werkzeug - INFO - 127.0.0.1 - - [19/Dec/2024 09:03:05] "POST /buyer/payment HTTP/1.1" 200 -
2024-12-19 09:03:05 - werkzeug - INFO - 127.0.0.1 - - [19/Dec/2024 09:03:05] "POST /buyer/payment HTTP/1.1" 200 -
2024-12-19 09:03:05 - werkzeug - INFO - 127.0.0.1 - - [19/Dec/2024 09:03:05] "POST /buyer/payment HTTP/1.1" 200 -
2024-12-19 09:03:05 - werkzeug - INFO - 127.0.0.1 - - [19/Dec/2024 09:03:05] "POST /buyer/payment HTTP/1.1" 200 -
2024-12-19 09:03:05 - werkzeug - INFO - 127.0.0.1 - - [19/Dec/2024 09:03:05] "POST /buyer/payment HTTP/1.1" 200 -
2024-12-19 09:03:05 - werkzeug - INFO - 127.0.0.1 - - [19/Dec/2024 09:03:05] "POST /buyer/payment HTTP/1.1" 200 -
2024-12-19 09:03:05 - werkzeug - INFO - 127.0.0.1 - - [19/Dec/2024 09:03:05] "POST /buyer/payment HTTP/1.1" 200 -
2024-12-19 09:03:05 - werkzeug - INFO - 127.0.0.1 - - [19/Dec/2024 09:03:05] "POST /buyer/payment HTTP/1.1" 200 -
2024-12-19 09:03:06 - werkzeug - INFO - 127.0.0.1 - - [19/Dec/2024 09:03:06] "POST /buyer/payment HTTP/1.1" 200 -
2024-12-19 09:03:06 - werkzeug - INFO - 127.0.0.1 - - [19/Dec/2024 09:03:06] "POST /buyer/payment HTTP/1.1" 200 -
2024-12-19 09:03:06 - werkzeug - INFO - 127.0.0.1 - - [19/Dec/2024 09:03:06] "POST /buyer/payment HTTP/1.1" 200 -
2024-12-19 09:03:06 - werkzeug - INFO - 127.0.0.1 - - [19/Dec/2024 09:03:06] "POST /buyer/payment HTTP/1.1" 200 -
2024-12-19 09:03:06 - werkzeug - INFO - 127.0.0.1 - - [19/Dec/2024 09:03:06] "POST /buyer/payment HTTP/1.1" 200 -
2024-12-19 09:03:06 - werkzeug - INFO - 127.0.0.1 - - [19/Dec/2024 09:03:06] "POST /buyer/payment HTTP/1.1" 200 -
2024-12-19 09:03:06 - werkzeug - INFO - 127.0.0.1 - - [19/Dec/2024 09:03:06] "POST /buyer/payment HTTP/1.1" 200 -
2024-12-19 09:03:06 - werkzeug - INFO - 127.0.0.1 - - [19/Dec/2024 09:03:06] "POST /buyer/payment HTTP/1.1" 200 -
2024-12-19 09:03:06 - werkzeug - INFO - 127.0.0.1 - - [19/Dec/2024 09:03:06] "POST /buyer/payment HTTP/1.1" 200 -
2024-12-19 09:03:06 - werkzeug - INFO - 127.0.0.1 - - [19/Dec/2024 09:03:06] "POST /buyer/payment HTTP/1.1" 200 -
2024-12-19 09:03:06 - werkzeug - INFO - 127.0.0.1 - - [19/Dec/2024 09:03:06] "POST /buyer/payment HTTP/1.1" 200 -
2024-12-19 09:03:06 - werkzeug - INFO - 127.0.0.1 - - [19/Dec/2024 09:03:06] "POST /buyer/payment HTTP/1.1" 200 -
2024-12-19 09:03:06 - werkzeug - INFO - 127.0.0.1 - - [19/Dec/2024 09:03:06] "POST /buyer/payment HTTP/1.1" 200 -
2024-12-19 09:03:06 - werkzeug - INFO - 127.0.0.1 - - [19/Dec/2024 09:03:06] "POST /buyer/payment HTTP/1.1" 200 -
2024-12-19 09:03:06 - be.serve - INFO - 正在关闭服务器...
2024-12-19 09:03:06 - be.serve - ERROR - 关闭服务器失败: Not running with the Werkzeug Server
2024-12-19 09:13:09 - __main__ - INFO - 
{'='*20} 开始运行所有测试 {'='*20}
2024-12-19 09:13:09 - be.model.db_config - INFO - 清理数据库...
2024-12-19 09:13:13 - be.model.db_config - INFO - 数据库清理完成
2024-12-19 09:13:13 - be.model.db_config - INFO - 已创建的表: ['book', 'book_images', 'books', 'order_items', 'orders', 'stores', 'users']
2024-12-19 09:13:14 - be.model.user - INFO - 创建 UserManager 实例
2024-12-19 09:13:14 - be.serve - INFO - 正在启动服务器...
2024-12-19 09:13:14 - be.serve - INFO - 创建Flask应用...
2024-12-19 09:13:14 - be.serve - INFO - 初始化数据库...
2024-12-19 09:13:14 - be.model.db_config - INFO - 清理数据库...
2024-12-19 09:13:17 - be.model.db_config - INFO - 数据库清理完成
2024-12-19 09:13:17 - be.model.db_config - INFO - 已创建的表: ['book', 'book_images', 'books', 'order_items', 'orders', 'stores', 'users']
2024-12-19 09:13:17 - be.model.db_config - INFO - 删除所有表...
2024-12-19 09:13:20 - be.model.db_config - INFO - 数据库初始化完成
2024-12-19 09:13:21 - be.model.db_config - INFO - 已创建的表: ['book', 'book_images', 'books', 'order_items', 'orders', 'stores', 'users']
2024-12-19 09:13:21 - be.serve - INFO - 数据库初始化成功
2024-12-19 09:13:21 - be.serve - INFO - 注册蓝图...
2024-12-19 09:13:21 - be.serve - INFO - 启动服务器...
2024-12-19 09:13:21 - werkzeug - INFO - [31m[1mWARNING: This is a development server. Do not use it in a production deployment. Use a production WSGI server instead.[0m
 * Running on http://127.0.0.1:5555
2024-12-19 09:13:21 - werkzeug - INFO - [33mPress CTRL+C to quit[0m
2024-12-19 09:13:21 - be.view.auth - INFO - 收到注册请求: {'user_id': 'test_register_user_1734570801.3296351', 'password': 'test_register_password_1734570801.32964'}
2024-12-19 09:13:21 - be.model.user - INFO - 尝试注册新用户：test_register_user_1734570801.3296351
2024-12-19 09:13:21 - be.model.user - INFO - 加密密码...
2024-12-19 09:13:21 - be.model.user - INFO - 创建新用户...
2024-12-19 09:13:21 - be.model.user - INFO - 添加用户到数据库...
2024-12-19 09:13:21 - be.model.user - INFO - 用户注册成功：test_register_user_1734570801.3296351
2024-12-19 09:13:21 - be.view.auth - INFO - 注册处理结果: 200
2024-12-19 09:13:21 - werkzeug - INFO - 127.0.0.1 - - [19/Dec/2024 09:13:21] "POST /auth/register HTTP/1.1" 200 -
2024-12-19 09:13:21 - be.view.auth - INFO - 收到注册请求: {'user_id': 'test_register_user_1734570801.64887', 'password': 'test_register_password_1734570801.6488771'}
2024-12-19 09:13:21 - be.model.user - INFO - 尝试注册新用户：test_register_user_1734570801.64887
2024-12-19 09:13:21 - be.model.user - INFO - 加密密码...
2024-12-19 09:13:21 - be.model.user - INFO - 创建新用户...
2024-12-19 09:13:21 - be.model.user - INFO - 添加用户到数据库...
2024-12-19 09:13:21 - be.model.user - INFO - 用户注册成功：test_register_user_1734570801.64887
2024-12-19 09:13:21 - be.view.auth - INFO - 注册处理结果: 200
2024-12-19 09:13:21 - werkzeug - INFO - 127.0.0.1 - - [19/Dec/2024 09:13:21] "POST /auth/register HTTP/1.1" 200 -
2024-12-19 09:13:21 - be.view.auth - INFO - 收到注销请求: {'user_id': 'test_register_user_1734570801.64887', 'password': 'test_register_password_1734570801.6488771'}
2024-12-19 09:13:21 - be.model.user - INFO - 尝试注销用户：test_register_user_1734570801.64887
2024-12-19 09:13:22 - be.model.user - INFO - 用户注销成功：test_register_user_1734570801.64887
2024-12-19 09:13:22 - be.view.auth - INFO - 注销处理结果: 200
2024-12-19 09:13:22 - werkzeug - INFO - 127.0.0.1 - - [19/Dec/2024 09:13:22] "POST /auth/unregister HTTP/1.1" 200 -
2024-12-19 09:13:22 - be.view.auth - INFO - 收到注册请求: {'user_id': 'test_register_user_1734570802.436256', 'password': 'test_register_password_1734570802.4362738'}
2024-12-19 09:13:22 - be.model.user - INFO - 尝试注册新用户：test_register_user_1734570802.436256
2024-12-19 09:13:22 - be.model.user - INFO - 加密密码...
2024-12-19 09:13:22 - be.model.user - INFO - 创建新用户...
2024-12-19 09:13:22 - be.model.user - INFO - 添加用户到数据库...
2024-12-19 09:13:22 - be.model.user - INFO - 用户注册成功：test_register_user_1734570802.436256
2024-12-19 09:13:22 - be.view.auth - INFO - 注册处理结果: 200
2024-12-19 09:13:22 - werkzeug - INFO - 127.0.0.1 - - [19/Dec/2024 09:13:22] "POST /auth/register HTTP/1.1" 200 -
2024-12-19 09:13:22 - be.view.auth - INFO - 收到注销请求: {'user_id': 'test_register_user_1734570802.436256_x', 'password': 'test_register_password_1734570802.4362738'}
2024-12-19 09:13:22 - be.model.user - INFO - 尝试注销用户：test_register_user_1734570802.436256_x
2024-12-19 09:13:22 - be.model.user - WARNING - 用户不存在：test_register_user_1734570802.436256_x
2024-12-19 09:13:22 - be.view.auth - INFO - 注销处理结果: 401
2024-12-19 09:13:22 - werkzeug - INFO - 127.0.0.1 - - [19/Dec/2024 09:13:22] "[31m[1mPOST /auth/unregister HTTP/1.1[0m" 401 -
2024-12-19 09:13:22 - be.view.auth - INFO - 收到注销请求: {'user_id': 'test_register_user_1734570802.436256', 'password': 'test_register_password_1734570802.4362738_x'}
2024-12-19 09:13:22 - be.model.user - INFO - 尝试注销用户：test_register_user_1734570802.436256
2024-12-19 09:13:23 - be.model.user - WARNING - 密码错误：test_register_user_1734570802.436256
2024-12-19 09:13:23 - be.view.auth - INFO - 注销处理结果: 401
2024-12-19 09:13:23 - werkzeug - INFO - 127.0.0.1 - - [19/Dec/2024 09:13:23] "[31m[1mPOST /auth/unregister HTTP/1.1[0m" 401 -
2024-12-19 09:13:23 - be.view.auth - INFO - 收到注册请求: {'user_id': 'test_register_user_1734570803.2265558', 'password': 'test_register_password_1734570803.226563'}
2024-12-19 09:13:23 - be.model.user - INFO - 尝试注册新用户：test_register_user_1734570803.2265558
2024-12-19 09:13:23 - be.model.user - INFO - 加密密码...
2024-12-19 09:13:23 - be.model.user - INFO - 创建新用户...
2024-12-19 09:13:23 - be.model.user - INFO - 添加用户到数据库...
2024-12-19 09:13:23 - be.model.user - INFO - 用户注册成功：test_register_user_1734570803.2265558
2024-12-19 09:13:23 - be.view.auth - INFO - 注册处理结果: 200
2024-12-19 09:13:23 - werkzeug - INFO - 127.0.0.1 - - [19/Dec/2024 09:13:23] "POST /auth/register HTTP/1.1" 200 -
2024-12-19 09:13:23 - be.view.auth - INFO - 收到注册请求: {'user_id': 'test_register_user_1734570803.2265558', 'password': 'test_register_password_1734570803.226563'}
2024-12-19 09:13:23 - be.model.user - INFO - 尝试注册新用户：test_register_user_1734570803.2265558
2024-12-19 09:13:23 - be.model.user - WARNING - 用户已存在：test_register_user_1734570803.2265558
2024-12-19 09:13:23 - be.view.auth - INFO - 注册处理结果: 401
2024-12-19 09:13:23 - werkzeug - INFO - 127.0.0.1 - - [19/Dec/2024 09:13:23] "[31m[1mPOST /auth/register HTTP/1.1[0m" 401 -
2024-12-19 09:13:23 - be.view.auth - INFO - 收到注册请求: {'user_id': 'test_login_1734570803.792784', 'password': 'password_test_login_1734570803.792784'}
2024-12-19 09:13:23 - be.model.user - INFO - 尝试注册新用户：test_login_1734570803.792784
2024-12-19 09:13:23 - be.model.user - INFO - 加密密码...
2024-12-19 09:13:23 - be.model.user - INFO - 创建新用户...
2024-12-19 09:13:23 - be.model.user - INFO - 添加用户到数据库...
2024-12-19 09:13:24 - be.model.user - INFO - 用户注册成功：test_login_1734570803.792784
2024-12-19 09:13:24 - be.view.auth - INFO - 注册处理结果: 200
2024-12-19 09:13:24 - werkzeug - INFO - 127.0.0.1 - - [19/Dec/2024 09:13:24] "POST /auth/register HTTP/1.1" 200 -
2024-12-19 09:13:24 - be.view.auth - INFO - 收到登录请求: {'user_id': 'test_login_1734570803.792784', 'password': 'password_test_login_1734570803.792784', 'terminal': 'terminal_test_login_1734570803.792784'}
2024-12-19 09:13:24 - be.model.user - INFO - 尝试登录用户：test_login_1734570803.792784，终端：terminal_test_login_1734570803.792784
2024-12-19 09:13:24 - be.model.user - INFO - 为用户 test_login_1734570803.792784 生成新token，终端：terminal_test_login_1734570803.792784
2024-12-19 09:13:24 - be.model.user - INFO - 用户登录成功：test_login_1734570803.792784
2024-12-19 09:13:24 - be.view.auth - INFO - 登录处理结果: 200
2024-12-19 09:13:24 - werkzeug - INFO - 127.0.0.1 - - [19/Dec/2024 09:13:24] "POST /auth/login HTTP/1.1" 200 -
2024-12-19 09:13:24 - be.view.auth - INFO - 收到登出请求: {'user_id': 'test_login_1734570803.792784_x'}
2024-12-19 09:13:24 - be.model.user - INFO - 尝试登出用户：test_login_1734570803.792784_x
2024-12-19 09:13:24 - be.model.user - WARNING - token用户ID不匹配: expected=test_login_1734570803.792784_x, actual=test_login_1734570803.792784
2024-12-19 09:13:24 - be.model.user - WARNING - token验证失败：test_login_1734570803.792784_x
2024-12-19 09:13:24 - be.view.auth - INFO - 登出处理结果: 401
2024-12-19 09:13:24 - werkzeug - INFO - 127.0.0.1 - - [19/Dec/2024 09:13:24] "[31m[1mPOST /auth/logout HTTP/1.1[0m" 401 -
2024-12-19 09:13:24 - be.view.auth - INFO - 收到登出请求: {'user_id': 'test_login_1734570803.792784'}
2024-12-19 09:13:24 - be.model.user - INFO - 尝试登出用户：test_login_1734570803.792784
2024-12-19 09:13:24 - be.model.user - WARNING - 无效的token：eyJhbGciOiJIUzI1NiIsInR5cCI6IkpXVCJ9.eyJ1c2VyX2lkIjoidGVzdF9sb2dpbl8xNzM0NTcwODAzLjc5Mjc4NCIsInRlcm1pbmFsIjoidGVybWluYWxfdGVzdF9sb2dpbl8xNzM0NTcwODAzLjc5Mjc4NCIsImV4cCI6MTczNTE3NTYwNCwiaWF0IjoxNzM0NTcwODA0fQ.g43uNlOR-_14EMQceO5EyZOWeoTj1jexh0m49ETMljg_x
2024-12-19 09:13:24 - be.model.user - WARNING - token验证失败：test_login_1734570803.792784
2024-12-19 09:13:24 - be.view.auth - INFO - 登出处理结果: 401
2024-12-19 09:13:24 - werkzeug - INFO - 127.0.0.1 - - [19/Dec/2024 09:13:24] "[31m[1mPOST /auth/logout HTTP/1.1[0m" 401 -
2024-12-19 09:13:24 - be.view.auth - INFO - 收到登出请求: {'user_id': 'test_login_1734570803.792784'}
2024-12-19 09:13:24 - be.model.user - INFO - 尝试登出用户：test_login_1734570803.792784
2024-12-19 09:13:24 - be.model.user - INFO - token验证成功：test_login_1734570803.792784
2024-12-19 09:13:24 - be.model.user - INFO - 用户登出成功：test_login_1734570803.792784
2024-12-19 09:13:24 - be.view.auth - INFO - 登出处理结果: 200
2024-12-19 09:13:24 - werkzeug - INFO - 127.0.0.1 - - [19/Dec/2024 09:13:24] "POST /auth/logout HTTP/1.1" 200 -
2024-12-19 09:13:24 - be.view.auth - INFO - 收到注册请求: {'user_id': 'test_login_1734570804.570336', 'password': 'password_test_login_1734570804.570336'}
2024-12-19 09:13:24 - be.model.user - INFO - 尝试注册新用户：test_login_1734570804.570336
2024-12-19 09:13:24 - be.model.user - INFO - 加密密码...
2024-12-19 09:13:24 - be.model.user - INFO - 创建新用户...
2024-12-19 09:13:24 - be.model.user - INFO - 添加用户到数据库...
2024-12-19 09:13:24 - be.model.user - INFO - 用户注册成功：test_login_1734570804.570336
2024-12-19 09:13:24 - be.view.auth - INFO - 注册处理结果: 200
2024-12-19 09:13:24 - werkzeug - INFO - 127.0.0.1 - - [19/Dec/2024 09:13:24] "POST /auth/register HTTP/1.1" 200 -
2024-12-19 09:13:24 - be.view.auth - INFO - 收到登录请求: {'user_id': 'test_login_1734570804.570336_x', 'password': 'password_test_login_1734570804.570336', 'terminal': 'terminal_test_login_1734570804.570336'}
2024-12-19 09:13:24 - be.model.user - INFO - 尝试登录用户：test_login_1734570804.570336_x，终端：terminal_test_login_1734570804.570336
2024-12-19 09:13:25 - be.model.user - WARNING - 用户不存在：test_login_1734570804.570336_x
2024-12-19 09:13:25 - be.view.auth - INFO - 登录处理结果: 401
2024-12-19 09:13:25 - werkzeug - INFO - 127.0.0.1 - - [19/Dec/2024 09:13:25] "[31m[1mPOST /auth/login HTTP/1.1[0m" 401 -
2024-12-19 09:13:25 - be.view.auth - INFO - 收到注册请求: {'user_id': 'test_login_1734570805.457057', 'password': 'password_test_login_1734570805.457057'}
2024-12-19 09:13:25 - be.model.user - INFO - 尝试注册新用户：test_login_1734570805.457057
2024-12-19 09:13:25 - be.model.user - INFO - 加密密码...
2024-12-19 09:13:25 - be.model.user - INFO - 创建新用户...
2024-12-19 09:13:25 - be.model.user - INFO - 添加用户到数据库...
2024-12-19 09:13:25 - be.model.user - INFO - 用户注册成功：test_login_1734570805.457057
2024-12-19 09:13:25 - be.view.auth - INFO - 注册处理结果: 200
2024-12-19 09:13:25 - werkzeug - INFO - 127.0.0.1 - - [19/Dec/2024 09:13:25] "POST /auth/register HTTP/1.1" 200 -
2024-12-19 09:13:25 - be.view.auth - INFO - 收到登录请求: {'user_id': 'test_login_1734570805.457057', 'password': 'password_test_login_1734570805.457057_x', 'terminal': 'terminal_test_login_1734570805.457057'}
2024-12-19 09:13:25 - be.model.user - INFO - 尝试登录用户：test_login_1734570805.457057，终端：terminal_test_login_1734570805.457057
2024-12-19 09:13:25 - be.model.user - WARNING - 密码错误：test_login_1734570805.457057
2024-12-19 09:13:26 - be.view.auth - INFO - 登录处理结果: 401
2024-12-19 09:13:26 - werkzeug - INFO - 127.0.0.1 - - [19/Dec/2024 09:13:26] "[31m[1mPOST /auth/login HTTP/1.1[0m" 401 -
2024-12-19 09:13:26 - be.view.auth - INFO - 收到注册请求: {'user_id': 'test_password_72cf621a-bda6-11ef-9291-02a6845b4b32', 'password': 'old_password_test_password_72cf621a-bda6-11ef-9291-02a6845b4b32'}
2024-12-19 09:13:26 - be.model.user - INFO - 尝试注册新用户：test_password_72cf621a-bda6-11ef-9291-02a6845b4b32
2024-12-19 09:13:26 - be.model.user - INFO - 加密密码...
2024-12-19 09:13:26 - be.model.user - INFO - 创建新用户...
2024-12-19 09:13:26 - be.model.user - INFO - 添加用户到数据库...
2024-12-19 09:13:26 - be.model.user - INFO - 用户注册成功：test_password_72cf621a-bda6-11ef-9291-02a6845b4b32
2024-12-19 09:13:26 - be.view.auth - INFO - 注册处理结果: 200
2024-12-19 09:13:26 - werkzeug - INFO - 127.0.0.1 - - [19/Dec/2024 09:13:26] "POST /auth/register HTTP/1.1" 200 -
2024-12-19 09:13:26 - be.view.auth - INFO - 收到修改密码请求: {'user_id': 'test_password_72cf621a-bda6-11ef-9291-02a6845b4b32', 'oldPassword': 'old_password_test_password_72cf621a-bda6-11ef-9291-02a6845b4b32', 'newPassword': 'new_password_test_password_72cf621a-bda6-11ef-9291-02a6845b4b32'}
2024-12-19 09:13:26 - be.model.user - INFO - 尝试修改密码：test_password_72cf621a-bda6-11ef-9291-02a6845b4b32
2024-12-19 09:13:26 - be.model.user - INFO - 密码修改成功：test_password_72cf621a-bda6-11ef-9291-02a6845b4b32
2024-12-19 09:13:26 - be.view.auth - INFO - 修改密码处理结果: 200
2024-12-19 09:13:26 - werkzeug - INFO - 127.0.0.1 - - [19/Dec/2024 09:13:26] "POST /auth/password HTTP/1.1" 200 -
2024-12-19 09:13:26 - be.view.auth - INFO - 收到登录请求: {'user_id': 'test_password_72cf621a-bda6-11ef-9291-02a6845b4b32', 'password': 'old_password_test_password_72cf621a-bda6-11ef-9291-02a6845b4b32', 'terminal': 'terminal_test_password_72cf621a-bda6-11ef-9291-02a6845b4b32'}
2024-12-19 09:13:26 - be.model.user - INFO - 尝试登录用户：test_password_72cf621a-bda6-11ef-9291-02a6845b4b32，终端：terminal_test_password_72cf621a-bda6-11ef-9291-02a6845b4b32
2024-12-19 09:13:26 - be.model.user - WARNING - 密码错误：test_password_72cf621a-bda6-11ef-9291-02a6845b4b32
2024-12-19 09:13:26 - be.view.auth - INFO - 登录处理结果: 401
2024-12-19 09:13:26 - werkzeug - INFO - 127.0.0.1 - - [19/Dec/2024 09:13:26] "[31m[1mPOST /auth/login HTTP/1.1[0m" 401 -
2024-12-19 09:13:26 - be.view.auth - INFO - 收到登录请求: {'user_id': 'test_password_72cf621a-bda6-11ef-9291-02a6845b4b32', 'password': 'new_password_test_password_72cf621a-bda6-11ef-9291-02a6845b4b32', 'terminal': 'terminal_test_password_72cf621a-bda6-11ef-9291-02a6845b4b32'}
2024-12-19 09:13:26 - be.model.user - INFO - 尝试登录用户：test_password_72cf621a-bda6-11ef-9291-02a6845b4b32，终端：terminal_test_password_72cf621a-bda6-11ef-9291-02a6845b4b32
2024-12-19 09:13:27 - be.model.user - INFO - 为用户 test_password_72cf621a-bda6-11ef-9291-02a6845b4b32 生成新token，终端：terminal_test_password_72cf621a-bda6-11ef-9291-02a6845b4b32
2024-12-19 09:13:27 - be.model.user - INFO - 用户登录成功：test_password_72cf621a-bda6-11ef-9291-02a6845b4b32
2024-12-19 09:13:27 - be.view.auth - INFO - 登录处理结果: 200
2024-12-19 09:13:27 - werkzeug - INFO - 127.0.0.1 - - [19/Dec/2024 09:13:27] "POST /auth/login HTTP/1.1" 200 -
2024-12-19 09:13:27 - be.view.auth - INFO - 收到登出请求: {'user_id': 'test_password_72cf621a-bda6-11ef-9291-02a6845b4b32'}
2024-12-19 09:13:27 - be.model.user - INFO - 尝试登出用户：test_password_72cf621a-bda6-11ef-9291-02a6845b4b32
2024-12-19 09:13:27 - be.model.user - INFO - token验证成功：test_password_72cf621a-bda6-11ef-9291-02a6845b4b32
2024-12-19 09:13:27 - be.model.user - INFO - 用户登出成功：test_password_72cf621a-bda6-11ef-9291-02a6845b4b32
2024-12-19 09:13:27 - be.view.auth - INFO - 登出处理结果: 200
2024-12-19 09:13:27 - werkzeug - INFO - 127.0.0.1 - - [19/Dec/2024 09:13:27] "POST /auth/logout HTTP/1.1" 200 -
2024-12-19 09:13:27 - be.view.auth - INFO - 收到注册请求: {'user_id': 'test_password_73a1794e-bda6-11ef-9291-02a6845b4b32', 'password': 'old_password_test_password_73a1794e-bda6-11ef-9291-02a6845b4b32'}
2024-12-19 09:13:27 - be.model.user - INFO - 尝试注册新用户：test_password_73a1794e-bda6-11ef-9291-02a6845b4b32
2024-12-19 09:13:27 - be.model.user - INFO - 加密密码...
2024-12-19 09:13:27 - be.model.user - INFO - 创建新用户...
2024-12-19 09:13:27 - be.model.user - INFO - 添加用户到数据库...
2024-12-19 09:13:27 - be.model.user - INFO - 用户注册成功：test_password_73a1794e-bda6-11ef-9291-02a6845b4b32
2024-12-19 09:13:27 - be.view.auth - INFO - 注册处理结果: 200
2024-12-19 09:13:27 - werkzeug - INFO - 127.0.0.1 - - [19/Dec/2024 09:13:27] "POST /auth/register HTTP/1.1" 200 -
2024-12-19 09:13:27 - be.view.auth - INFO - 收到修改密码请求: {'user_id': 'test_password_73a1794e-bda6-11ef-9291-02a6845b4b32', 'oldPassword': 'old_password_test_password_73a1794e-bda6-11ef-9291-02a6845b4b32_x', 'newPassword': 'new_password_test_password_73a1794e-bda6-11ef-9291-02a6845b4b32'}
2024-12-19 09:13:27 - be.model.user - INFO - 尝试修改密码：test_password_73a1794e-bda6-11ef-9291-02a6845b4b32
2024-12-19 09:13:27 - be.model.user - WARNING - 旧密码错误：test_password_73a1794e-bda6-11ef-9291-02a6845b4b32
2024-12-19 09:13:27 - be.view.auth - INFO - 修改密码处理结果: 401
2024-12-19 09:13:27 - werkzeug - INFO - 127.0.0.1 - - [19/Dec/2024 09:13:27] "[31m[1mPOST /auth/password HTTP/1.1[0m" 401 -
2024-12-19 09:13:27 - be.view.auth - INFO - 收到登录请求: {'user_id': 'test_password_73a1794e-bda6-11ef-9291-02a6845b4b32', 'password': 'new_password_test_password_73a1794e-bda6-11ef-9291-02a6845b4b32', 'terminal': 'terminal_test_password_73a1794e-bda6-11ef-9291-02a6845b4b32'}
2024-12-19 09:13:27 - be.model.user - INFO - 尝试登录用户：test_password_73a1794e-bda6-11ef-9291-02a6845b4b32，终端：terminal_test_password_73a1794e-bda6-11ef-9291-02a6845b4b32
2024-12-19 09:13:28 - be.model.user - WARNING - 密码错误：test_password_73a1794e-bda6-11ef-9291-02a6845b4b32
2024-12-19 09:13:28 - be.view.auth - INFO - 登录处理结果: 401
2024-12-19 09:13:28 - werkzeug - INFO - 127.0.0.1 - - [19/Dec/2024 09:13:28] "[31m[1mPOST /auth/login HTTP/1.1[0m" 401 -
2024-12-19 09:13:28 - be.view.auth - INFO - 收到注册请求: {'user_id': 'test_password_741e816e-bda6-11ef-9291-02a6845b4b32', 'password': 'old_password_test_password_741e816e-bda6-11ef-9291-02a6845b4b32'}
2024-12-19 09:13:28 - be.model.user - INFO - 尝试注册新用户：test_password_741e816e-bda6-11ef-9291-02a6845b4b32
2024-12-19 09:13:28 - be.model.user - INFO - 加密密码...
2024-12-19 09:13:28 - be.model.user - INFO - 创建新用户...
2024-12-19 09:13:28 - be.model.user - INFO - 添加用户到数据库...
2024-12-19 09:13:28 - be.model.user - INFO - 用户注册成功：test_password_741e816e-bda6-11ef-9291-02a6845b4b32
2024-12-19 09:13:28 - be.view.auth - INFO - 注册处理结果: 200
2024-12-19 09:13:28 - werkzeug - INFO - 127.0.0.1 - - [19/Dec/2024 09:13:28] "POST /auth/register HTTP/1.1" 200 -
2024-12-19 09:13:28 - be.view.auth - INFO - 收到修改密码请求: {'user_id': 'test_password_741e816e-bda6-11ef-9291-02a6845b4b32_x', 'oldPassword': 'old_password_test_password_741e816e-bda6-11ef-9291-02a6845b4b32', 'newPassword': 'new_password_test_password_741e816e-bda6-11ef-9291-02a6845b4b32'}
2024-12-19 09:13:28 - be.model.user - INFO - 尝试修改密码：test_password_741e816e-bda6-11ef-9291-02a6845b4b32_x
2024-12-19 09:13:28 - be.model.user - WARNING - 用户不存在：test_password_741e816e-bda6-11ef-9291-02a6845b4b32_x
2024-12-19 09:13:28 - be.view.auth - INFO - 修改密码处理结果: 401
2024-12-19 09:13:28 - werkzeug - INFO - 127.0.0.1 - - [19/Dec/2024 09:13:28] "[31m[1mPOST /auth/password HTTP/1.1[0m" 401 -
2024-12-19 09:13:28 - be.view.auth - INFO - 收到登录请求: {'user_id': 'test_password_741e816e-bda6-11ef-9291-02a6845b4b32', 'password': 'new_password_test_password_741e816e-bda6-11ef-9291-02a6845b4b32', 'terminal': 'terminal_test_password_741e816e-bda6-11ef-9291-02a6845b4b32'}
2024-12-19 09:13:28 - be.model.user - INFO - 尝试登录用户：test_password_741e816e-bda6-11ef-9291-02a6845b4b32，终端：terminal_test_password_741e816e-bda6-11ef-9291-02a6845b4b32
2024-12-19 09:13:28 - be.model.user - WARNING - 密码错误：test_password_741e816e-bda6-11ef-9291-02a6845b4b32
2024-12-19 09:13:29 - be.view.auth - INFO - 登录处理结果: 401
2024-12-19 09:13:29 - werkzeug - INFO - 127.0.0.1 - - [19/Dec/2024 09:13:29] "[31m[1mPOST /auth/login HTTP/1.1[0m" 401 -
2024-12-19 09:13:29 - be.view.auth - INFO - 收到注册请求: {'user_id': 'test_add_funds_749c2cc2-bda6-11ef-9291-02a6845b4b32', 'password': 'test_add_funds_749c2cc2-bda6-11ef-9291-02a6845b4b32'}
2024-12-19 09:13:29 - be.model.user - INFO - 尝试注册新用户：test_add_funds_749c2cc2-bda6-11ef-9291-02a6845b4b32
2024-12-19 09:13:29 - be.model.user - INFO - 加密密码...
2024-12-19 09:13:29 - be.model.user - INFO - 创建新用户...
2024-12-19 09:13:29 - be.model.user - INFO - 添加用户到数据库...
2024-12-19 09:13:29 - be.model.user - INFO - 用户注册成功：test_add_funds_749c2cc2-bda6-11ef-9291-02a6845b4b32
2024-12-19 09:13:29 - be.view.auth - INFO - 注册处理结果: 200
2024-12-19 09:13:29 - werkzeug - INFO - 127.0.0.1 - - [19/Dec/2024 09:13:29] "POST /auth/register HTTP/1.1" 200 -
2024-12-19 09:13:29 - be.view.auth - INFO - 收到登录请求: {'user_id': 'test_add_funds_749c2cc2-bda6-11ef-9291-02a6845b4b32', 'password': 'test_add_funds_749c2cc2-bda6-11ef-9291-02a6845b4b32', 'terminal': 'my terminal'}
2024-12-19 09:13:29 - be.model.user - INFO - 尝试登录用户：test_add_funds_749c2cc2-bda6-11ef-9291-02a6845b4b32，终端：my terminal
2024-12-19 09:13:29 - be.model.user - INFO - 为用户 test_add_funds_749c2cc2-bda6-11ef-9291-02a6845b4b32 生成新token，终端：my terminal
2024-12-19 09:13:29 - be.model.user - INFO - 用户登录成功：test_add_funds_749c2cc2-bda6-11ef-9291-02a6845b4b32
2024-12-19 09:13:29 - be.view.auth - INFO - 登录处理结果: 200
2024-12-19 09:13:29 - werkzeug - INFO - 127.0.0.1 - - [19/Dec/2024 09:13:29] "POST /auth/login HTTP/1.1" 200 -
2024-12-19 09:13:29 - werkzeug - INFO - 127.0.0.1 - - [19/Dec/2024 09:13:29] "POST /buyer/add_funds HTTP/1.1" 200 -
2024-12-19 09:13:30 - werkzeug - INFO - 127.0.0.1 - - [19/Dec/2024 09:13:30] "POST /buyer/add_funds HTTP/1.1" 200 -
2024-12-19 09:13:30 - be.view.auth - INFO - 收到注册请求: {'user_id': 'test_add_funds_753c9fae-bda6-11ef-9291-02a6845b4b32', 'password': 'test_add_funds_753c9fae-bda6-11ef-9291-02a6845b4b32'}
2024-12-19 09:13:30 - be.model.user - INFO - 尝试注册新用户：test_add_funds_753c9fae-bda6-11ef-9291-02a6845b4b32
2024-12-19 09:13:30 - be.model.user - INFO - 加密密码...
2024-12-19 09:13:30 - be.model.user - INFO - 创建新用户...
2024-12-19 09:13:30 - be.model.user - INFO - 添加用户到数据库...
2024-12-19 09:13:30 - be.model.user - INFO - 用户注册成功：test_add_funds_753c9fae-bda6-11ef-9291-02a6845b4b32
2024-12-19 09:13:30 - be.view.auth - INFO - 注册处理结果: 200
2024-12-19 09:13:30 - werkzeug - INFO - 127.0.0.1 - - [19/Dec/2024 09:13:30] "POST /auth/register HTTP/1.1" 200 -
2024-12-19 09:13:30 - be.view.auth - INFO - 收到登录请求: {'user_id': 'test_add_funds_753c9fae-bda6-11ef-9291-02a6845b4b32', 'password': 'test_add_funds_753c9fae-bda6-11ef-9291-02a6845b4b32', 'terminal': 'my terminal'}
2024-12-19 09:13:30 - be.model.user - INFO - 尝试登录用户：test_add_funds_753c9fae-bda6-11ef-9291-02a6845b4b32，终端：my terminal
2024-12-19 09:13:30 - be.model.user - INFO - 为用户 test_add_funds_753c9fae-bda6-11ef-9291-02a6845b4b32 生成新token，终端：my terminal
2024-12-19 09:13:30 - be.model.user - INFO - 用户登录成功：test_add_funds_753c9fae-bda6-11ef-9291-02a6845b4b32
2024-12-19 09:13:30 - be.view.auth - INFO - 登录处理结果: 200
2024-12-19 09:13:30 - werkzeug - INFO - 127.0.0.1 - - [19/Dec/2024 09:13:30] "POST /auth/login HTTP/1.1" 200 -
2024-12-19 09:13:30 - werkzeug - INFO - 127.0.0.1 - - [19/Dec/2024 09:13:30] "[31m[1mPOST /buyer/add_funds HTTP/1.1[0m" 401 -
2024-12-19 09:13:30 - be.view.auth - INFO - 收到注册请求: {'user_id': 'test_add_funds_75a71078-bda6-11ef-9291-02a6845b4b32', 'password': 'test_add_funds_75a71078-bda6-11ef-9291-02a6845b4b32'}
2024-12-19 09:13:30 - be.model.user - INFO - 尝试注册新用户：test_add_funds_75a71078-bda6-11ef-9291-02a6845b4b32
2024-12-19 09:13:31 - be.model.user - INFO - 加密密码...
2024-12-19 09:13:31 - be.model.user - INFO - 创建新用户...
2024-12-19 09:13:31 - be.model.user - INFO - 添加用户到数据库...
2024-12-19 09:13:31 - be.model.user - INFO - 用户注册成功：test_add_funds_75a71078-bda6-11ef-9291-02a6845b4b32
2024-12-19 09:13:31 - be.view.auth - INFO - 注册处理结果: 200
2024-12-19 09:13:31 - werkzeug - INFO - 127.0.0.1 - - [19/Dec/2024 09:13:31] "POST /auth/register HTTP/1.1" 200 -
2024-12-19 09:13:31 - be.view.auth - INFO - 收到登录请求: {'user_id': 'test_add_funds_75a71078-bda6-11ef-9291-02a6845b4b32', 'password': 'test_add_funds_75a71078-bda6-11ef-9291-02a6845b4b32', 'terminal': 'my terminal'}
2024-12-19 09:13:31 - be.model.user - INFO - 尝试登录用户：test_add_funds_75a71078-bda6-11ef-9291-02a6845b4b32，终端：my terminal
2024-12-19 09:13:31 - be.model.user - INFO - 为用户 test_add_funds_75a71078-bda6-11ef-9291-02a6845b4b32 生成新token，终端：my terminal
2024-12-19 09:13:31 - be.model.user - INFO - 用户登录成功：test_add_funds_75a71078-bda6-11ef-9291-02a6845b4b32
2024-12-19 09:13:31 - be.view.auth - INFO - 登录处理结果: 200
2024-12-19 09:13:31 - werkzeug - INFO - 127.0.0.1 - - [19/Dec/2024 09:13:31] "POST /auth/login HTTP/1.1" 200 -
2024-12-19 09:13:31 - werkzeug - INFO - 127.0.0.1 - - [19/Dec/2024 09:13:31] "[31m[1mPOST /buyer/add_funds HTTP/1.1[0m" 401 -
2024-12-19 09:13:31 - be.view.auth - INFO - 收到注册请求: {'user_id': 'test_create_store_user_7632c5e6-bda6-11ef-9291-02a6845b4b32', 'password': 'test_create_store_user_7632c5e6-bda6-11ef-9291-02a6845b4b32'}
2024-12-19 09:13:31 - be.model.user - INFO - 尝试注册新用户：test_create_store_user_7632c5e6-bda6-11ef-9291-02a6845b4b32
2024-12-19 09:13:31 - be.model.user - INFO - 加密密码...
2024-12-19 09:13:31 - be.model.user - INFO - 创建新用户...
2024-12-19 09:13:31 - be.model.user - INFO - 添加用户到数据库...
2024-12-19 09:13:32 - be.model.user - INFO - 用户注册成功：test_create_store_user_7632c5e6-bda6-11ef-9291-02a6845b4b32
2024-12-19 09:13:32 - be.view.auth - INFO - 注册处理结果: 200
2024-12-19 09:13:32 - werkzeug - INFO - 127.0.0.1 - - [19/Dec/2024 09:13:32] "POST /auth/register HTTP/1.1" 200 -
2024-12-19 09:13:32 - be.view.auth - INFO - 收到登录请求: {'user_id': 'test_create_store_user_7632c5e6-bda6-11ef-9291-02a6845b4b32', 'password': 'test_create_store_user_7632c5e6-bda6-11ef-9291-02a6845b4b32', 'terminal': 'my terminal'}
2024-12-19 09:13:32 - be.model.user - INFO - 尝试登录用户：test_create_store_user_7632c5e6-bda6-11ef-9291-02a6845b4b32，终端：my terminal
2024-12-19 09:13:32 - be.model.user - INFO - 为用户 test_create_store_user_7632c5e6-bda6-11ef-9291-02a6845b4b32 生成新token，终端：my terminal
2024-12-19 09:13:32 - be.model.user - INFO - 用户登录成功：test_create_store_user_7632c5e6-bda6-11ef-9291-02a6845b4b32
2024-12-19 09:13:32 - be.view.auth - INFO - 登录处理结果: 200
2024-12-19 09:13:32 - werkzeug - INFO - 127.0.0.1 - - [19/Dec/2024 09:13:32] "POST /auth/login HTTP/1.1" 200 -
2024-12-19 09:13:32 - be.model.seller - INFO - 商店创建成功: test_create_store_store_7632c780-bda6-11ef-9291-02a6845b4b32
2024-12-19 09:13:32 - werkzeug - INFO - 127.0.0.1 - - [19/Dec/2024 09:13:32] "POST /seller/create_store HTTP/1.1" 200 -
2024-12-19 09:13:32 - be.view.auth - INFO - 收到注册请求: {'user_id': 'test_create_store_user_76c749c8-bda6-11ef-9291-02a6845b4b32', 'password': 'test_create_store_user_76c749c8-bda6-11ef-9291-02a6845b4b32'}
2024-12-19 09:13:32 - be.model.user - INFO - 尝试注册新用户：test_create_store_user_76c749c8-bda6-11ef-9291-02a6845b4b32
2024-12-19 09:13:32 - be.model.user - INFO - 加密密码...
2024-12-19 09:13:32 - be.model.user - INFO - 创建新用户...
2024-12-19 09:13:32 - be.model.user - INFO - 添加用户到数据库...
2024-12-19 09:13:32 - be.model.user - INFO - 用户注册成功：test_create_store_user_76c749c8-bda6-11ef-9291-02a6845b4b32
2024-12-19 09:13:32 - be.view.auth - INFO - 注册处理结果: 200
2024-12-19 09:13:32 - werkzeug - INFO - 127.0.0.1 - - [19/Dec/2024 09:13:32] "POST /auth/register HTTP/1.1" 200 -
2024-12-19 09:13:33 - be.view.auth - INFO - 收到登录请求: {'user_id': 'test_create_store_user_76c749c8-bda6-11ef-9291-02a6845b4b32', 'password': 'test_create_store_user_76c749c8-bda6-11ef-9291-02a6845b4b32', 'terminal': 'my terminal'}
2024-12-19 09:13:33 - be.model.user - INFO - 尝试登录用户：test_create_store_user_76c749c8-bda6-11ef-9291-02a6845b4b32，终端：my terminal
2024-12-19 09:13:33 - be.model.user - INFO - 为用户 test_create_store_user_76c749c8-bda6-11ef-9291-02a6845b4b32 生成新token，终端：my terminal
2024-12-19 09:13:33 - be.model.user - INFO - 用户登录成功：test_create_store_user_76c749c8-bda6-11ef-9291-02a6845b4b32
2024-12-19 09:13:33 - be.view.auth - INFO - 登录处理结果: 200
2024-12-19 09:13:33 - werkzeug - INFO - 127.0.0.1 - - [19/Dec/2024 09:13:33] "POST /auth/login HTTP/1.1" 200 -
2024-12-19 09:13:33 - be.model.seller - INFO - 商店创建成功: test_create_store_store_76c74bbc-bda6-11ef-9291-02a6845b4b32
2024-12-19 09:13:33 - werkzeug - INFO - 127.0.0.1 - - [19/Dec/2024 09:13:33] "POST /seller/create_store HTTP/1.1" 200 -
2024-12-19 09:13:33 - be.model.seller - WARNING - 商店已存在: test_create_store_store_76c74bbc-bda6-11ef-9291-02a6845b4b32
2024-12-19 09:13:33 - werkzeug - INFO - 127.0.0.1 - - [19/Dec/2024 09:13:33] "[31m[1mPOST /seller/create_store HTTP/1.1[0m" 401 -
2024-12-19 09:13:33 - be.view.auth - INFO - 收到注册请求: {'user_id': 'test_add_books_seller_id_77731ab4-bda6-11ef-9291-02a6845b4b32', 'password': 'test_add_books_seller_id_77731ab4-bda6-11ef-9291-02a6845b4b32'}
2024-12-19 09:13:33 - be.model.user - INFO - 尝试注册新用户：test_add_books_seller_id_77731ab4-bda6-11ef-9291-02a6845b4b32
2024-12-19 09:13:34 - be.model.user - INFO - 加密密码...
2024-12-19 09:13:34 - be.model.user - INFO - 创建新用户...
2024-12-19 09:13:34 - be.model.user - INFO - 添加用户到数据库...
2024-12-19 09:13:34 - be.model.user - INFO - 用户注册成功：test_add_books_seller_id_77731ab4-bda6-11ef-9291-02a6845b4b32
2024-12-19 09:13:34 - be.view.auth - INFO - 注册处理结果: 200
2024-12-19 09:13:34 - werkzeug - INFO - 127.0.0.1 - - [19/Dec/2024 09:13:34] "POST /auth/register HTTP/1.1" 200 -
2024-12-19 09:13:34 - be.view.auth - INFO - 收到登录请求: {'user_id': 'test_add_books_seller_id_77731ab4-bda6-11ef-9291-02a6845b4b32', 'password': 'test_add_books_seller_id_77731ab4-bda6-11ef-9291-02a6845b4b32', 'terminal': 'my terminal'}
2024-12-19 09:13:34 - be.model.user - INFO - 尝试登录用户：test_add_books_seller_id_77731ab4-bda6-11ef-9291-02a6845b4b32，终端：my terminal
2024-12-19 09:13:34 - be.model.user - INFO - 为用户 test_add_books_seller_id_77731ab4-bda6-11ef-9291-02a6845b4b32 生成新token，终端：my terminal
2024-12-19 09:13:34 - be.model.user - INFO - 用户登录成功：test_add_books_seller_id_77731ab4-bda6-11ef-9291-02a6845b4b32
2024-12-19 09:13:34 - be.view.auth - INFO - 登录处理结果: 200
2024-12-19 09:13:34 - werkzeug - INFO - 127.0.0.1 - - [19/Dec/2024 09:13:34] "POST /auth/login HTTP/1.1" 200 -
2024-12-19 09:13:34 - be.model.seller - WARNING - 用户不存在: test_add_books_seller_id_77731ab4-bda6-11ef-9291-02a6845b4b32
2024-12-19 09:13:34 - werkzeug - INFO - 127.0.0.1 - - [19/Dec/2024 09:13:34] "[31m[1mPOST /seller/create_store HTTP/1.1[0m" 401 -
2024-12-19 09:13:34 - be.view.auth - INFO - 收到注册请求: {'user_id': 'test_add_books_seller_id_7807fb8e-bda6-11ef-9291-02a6845b4b32', 'password': 'test_add_books_seller_id_7807fb8e-bda6-11ef-9291-02a6845b4b32'}
2024-12-19 09:13:34 - be.model.user - INFO - 尝试注册新用户：test_add_books_seller_id_7807fb8e-bda6-11ef-9291-02a6845b4b32
2024-12-19 09:13:34 - be.model.user - INFO - 加密密码...
2024-12-19 09:13:34 - be.model.user - INFO - 创建新用户...
2024-12-19 09:13:34 - be.model.user - INFO - 添加用户到数据库...
2024-12-19 09:13:35 - be.model.user - INFO - 用户注册成功：test_add_books_seller_id_7807fb8e-bda6-11ef-9291-02a6845b4b32
2024-12-19 09:13:35 - be.view.auth - INFO - 注册处理结果: 200
2024-12-19 09:13:35 - werkzeug - INFO - 127.0.0.1 - - [19/Dec/2024 09:13:35] "POST /auth/register HTTP/1.1" 200 -
2024-12-19 09:13:35 - be.view.auth - INFO - 收到登录请求: {'user_id': 'test_add_books_seller_id_7807fb8e-bda6-11ef-9291-02a6845b4b32', 'password': 'test_add_books_seller_id_7807fb8e-bda6-11ef-9291-02a6845b4b32', 'terminal': 'my terminal'}
2024-12-19 09:13:35 - be.model.user - INFO - 尝试登录用户：test_add_books_seller_id_7807fb8e-bda6-11ef-9291-02a6845b4b32，终端：my terminal
2024-12-19 09:13:35 - be.model.user - INFO - 为用户 test_add_books_seller_id_7807fb8e-bda6-11ef-9291-02a6845b4b32 生成新token，终端：my terminal
2024-12-19 09:13:35 - be.model.user - INFO - 用户登录成功：test_add_books_seller_id_7807fb8e-bda6-11ef-9291-02a6845b4b32
2024-12-19 09:13:35 - be.view.auth - INFO - 登录处理结果: 200
2024-12-19 09:13:35 - werkzeug - INFO - 127.0.0.1 - - [19/Dec/2024 09:13:35] "POST /auth/login HTTP/1.1" 200 -
2024-12-19 09:13:35 - be.model.seller - WARNING - 用户不存在: test_add_books_seller_id_7807fb8e-bda6-11ef-9291-02a6845b4b32
2024-12-19 09:13:35 - werkzeug - INFO - 127.0.0.1 - - [19/Dec/2024 09:13:35] "[31m[1mPOST /seller/create_store HTTP/1.1[0m" 401 -
2024-12-19 09:13:35 - be.view.auth - INFO - 收到注册请求: {'user_id': 'test_add_books_seller_id_78648bba-bda6-11ef-9291-02a6845b4b32', 'password': 'test_add_books_seller_id_78648bba-bda6-11ef-9291-02a6845b4b32'}
2024-12-19 09:13:35 - be.model.user - INFO - 尝试注册新用户：test_add_books_seller_id_78648bba-bda6-11ef-9291-02a6845b4b32
2024-12-19 09:13:35 - be.model.user - INFO - 加密密码...
2024-12-19 09:13:35 - be.model.user - INFO - 创建新用户...
2024-12-19 09:13:35 - be.model.user - INFO - 添加用户到数据库...
2024-12-19 09:13:35 - be.model.user - INFO - 用户注册成功：test_add_books_seller_id_78648bba-bda6-11ef-9291-02a6845b4b32
2024-12-19 09:13:35 - be.view.auth - INFO - 注册处理结果: 200
2024-12-19 09:13:35 - werkzeug - INFO - 127.0.0.1 - - [19/Dec/2024 09:13:35] "POST /auth/register HTTP/1.1" 200 -
2024-12-19 09:13:35 - be.view.auth - INFO - 收到登录请求: {'user_id': 'test_add_books_seller_id_78648bba-bda6-11ef-9291-02a6845b4b32', 'password': 'test_add_books_seller_id_78648bba-bda6-11ef-9291-02a6845b4b32', 'terminal': 'my terminal'}
2024-12-19 09:13:35 - be.model.user - INFO - 尝试登录用户：test_add_books_seller_id_78648bba-bda6-11ef-9291-02a6845b4b32，终端：my terminal
2024-12-19 09:13:35 - be.model.user - INFO - 为用户 test_add_books_seller_id_78648bba-bda6-11ef-9291-02a6845b4b32 生成新token，终端：my terminal
2024-12-19 09:13:35 - be.model.user - INFO - 用户登录成功：test_add_books_seller_id_78648bba-bda6-11ef-9291-02a6845b4b32
2024-12-19 09:13:35 - be.view.auth - INFO - 登录处理结果: 200
2024-12-19 09:13:35 - werkzeug - INFO - 127.0.0.1 - - [19/Dec/2024 09:13:35] "POST /auth/login HTTP/1.1" 200 -
2024-12-19 09:13:35 - be.model.seller - WARNING - 用户不存在: test_add_books_seller_id_78648bba-bda6-11ef-9291-02a6845b4b32
2024-12-19 09:13:35 - werkzeug - INFO - 127.0.0.1 - - [19/Dec/2024 09:13:35] "[31m[1mPOST /seller/create_store HTTP/1.1[0m" 401 -
2024-12-19 09:13:35 - be.view.auth - INFO - 收到注册请求: {'user_id': 'test_add_books_seller_id_78bf4adc-bda6-11ef-9291-02a6845b4b32', 'password': 'test_add_books_seller_id_78bf4adc-bda6-11ef-9291-02a6845b4b32'}
2024-12-19 09:13:35 - be.model.user - INFO - 尝试注册新用户：test_add_books_seller_id_78bf4adc-bda6-11ef-9291-02a6845b4b32
2024-12-19 09:13:36 - be.model.user - INFO - 加密密码...
2024-12-19 09:13:36 - be.model.user - INFO - 创建新用户...
2024-12-19 09:13:36 - be.model.user - INFO - 添加用户到数据库...
2024-12-19 09:13:36 - be.model.user - INFO - 用户注册成功：test_add_books_seller_id_78bf4adc-bda6-11ef-9291-02a6845b4b32
2024-12-19 09:13:36 - be.view.auth - INFO - 注册处理结果: 200
2024-12-19 09:13:36 - werkzeug - INFO - 127.0.0.1 - - [19/Dec/2024 09:13:36] "POST /auth/register HTTP/1.1" 200 -
2024-12-19 09:13:36 - be.view.auth - INFO - 收到登录请求: {'user_id': 'test_add_books_seller_id_78bf4adc-bda6-11ef-9291-02a6845b4b32', 'password': 'test_add_books_seller_id_78bf4adc-bda6-11ef-9291-02a6845b4b32', 'terminal': 'my terminal'}
2024-12-19 09:13:36 - be.model.user - INFO - 尝试登录用户：test_add_books_seller_id_78bf4adc-bda6-11ef-9291-02a6845b4b32，终端：my terminal
2024-12-19 09:13:36 - be.model.user - INFO - 为用户 test_add_books_seller_id_78bf4adc-bda6-11ef-9291-02a6845b4b32 生成新token，终端：my terminal
2024-12-19 09:13:36 - be.model.user - INFO - 用户登录成功：test_add_books_seller_id_78bf4adc-bda6-11ef-9291-02a6845b4b32
2024-12-19 09:13:36 - be.view.auth - INFO - 登录处理结果: 200
2024-12-19 09:13:36 - werkzeug - INFO - 127.0.0.1 - - [19/Dec/2024 09:13:36] "POST /auth/login HTTP/1.1" 200 -
2024-12-19 09:13:36 - be.model.seller - WARNING - 用户不存在: test_add_books_seller_id_78bf4adc-bda6-11ef-9291-02a6845b4b32
2024-12-19 09:13:36 - werkzeug - INFO - 127.0.0.1 - - [19/Dec/2024 09:13:36] "[31m[1mPOST /seller/create_store HTTP/1.1[0m" 401 -
2024-12-19 09:13:36 - be.view.auth - INFO - 收到注册请求: {'user_id': 'test_add_book_stock_level1_user_791f441e-bda6-11ef-9291-02a6845b4b32', 'password': 'test_add_book_stock_level1_user_791f441e-bda6-11ef-9291-02a6845b4b32'}
2024-12-19 09:13:36 - be.model.user - INFO - 尝试注册新用户：test_add_book_stock_level1_user_791f441e-bda6-11ef-9291-02a6845b4b32
2024-12-19 09:13:36 - be.model.user - INFO - 加密密码...
2024-12-19 09:13:36 - be.model.user - INFO - 创建新用户...
2024-12-19 09:13:36 - be.model.user - INFO - 添加用户到数据库...
2024-12-19 09:13:36 - be.model.user - INFO - 用户注册成功：test_add_book_stock_level1_user_791f441e-bda6-11ef-9291-02a6845b4b32
2024-12-19 09:13:36 - be.view.auth - INFO - 注册处理结果: 200
2024-12-19 09:13:36 - werkzeug - INFO - 127.0.0.1 - - [19/Dec/2024 09:13:36] "POST /auth/register HTTP/1.1" 200 -
2024-12-19 09:13:36 - be.view.auth - INFO - 收到登录请求: {'user_id': 'test_add_book_stock_level1_user_791f441e-bda6-11ef-9291-02a6845b4b32', 'password': 'test_add_book_stock_level1_user_791f441e-bda6-11ef-9291-02a6845b4b32', 'terminal': 'my terminal'}
2024-12-19 09:13:36 - be.model.user - INFO - 尝试登录用户：test_add_book_stock_level1_user_791f441e-bda6-11ef-9291-02a6845b4b32，终端：my terminal
2024-12-19 09:13:37 - be.model.user - INFO - 为用户 test_add_book_stock_level1_user_791f441e-bda6-11ef-9291-02a6845b4b32 生成新token，终端：my terminal
2024-12-19 09:13:37 - be.model.user - INFO - 用户登录成功：test_add_book_stock_level1_user_791f441e-bda6-11ef-9291-02a6845b4b32
2024-12-19 09:13:37 - be.view.auth - INFO - 登录处理结果: 200
2024-12-19 09:13:37 - werkzeug - INFO - 127.0.0.1 - - [19/Dec/2024 09:13:37] "POST /auth/login HTTP/1.1" 200 -
2024-12-19 09:13:37 - be.model.seller - WARNING - 用户不存在: test_add_book_stock_level1_user_791f441e-bda6-11ef-9291-02a6845b4b32
2024-12-19 09:13:37 - werkzeug - INFO - 127.0.0.1 - - [19/Dec/2024 09:13:37] "[31m[1mPOST /seller/create_store HTTP/1.1[0m" 401 -
2024-12-19 09:13:37 - be.view.auth - INFO - 收到注册请求: {'user_id': 'test_add_book_stock_level1_user_797b1fd2-bda6-11ef-9291-02a6845b4b32', 'password': 'test_add_book_stock_level1_user_797b1fd2-bda6-11ef-9291-02a6845b4b32'}
2024-12-19 09:13:37 - be.model.user - INFO - 尝试注册新用户：test_add_book_stock_level1_user_797b1fd2-bda6-11ef-9291-02a6845b4b32
2024-12-19 09:13:37 - be.model.user - INFO - 加密密码...
2024-12-19 09:13:37 - be.model.user - INFO - 创建新用户...
2024-12-19 09:13:37 - be.model.user - INFO - 添加用户到数据库...
2024-12-19 09:13:37 - be.model.user - INFO - 用户注册成功：test_add_book_stock_level1_user_797b1fd2-bda6-11ef-9291-02a6845b4b32
2024-12-19 09:13:37 - be.view.auth - INFO - 注册处理结果: 200
2024-12-19 09:13:37 - werkzeug - INFO - 127.0.0.1 - - [19/Dec/2024 09:13:37] "POST /auth/register HTTP/1.1" 200 -
2024-12-19 09:13:37 - be.view.auth - INFO - 收到登录请求: {'user_id': 'test_add_book_stock_level1_user_797b1fd2-bda6-11ef-9291-02a6845b4b32', 'password': 'test_add_book_stock_level1_user_797b1fd2-bda6-11ef-9291-02a6845b4b32', 'terminal': 'my terminal'}
2024-12-19 09:13:37 - be.model.user - INFO - 尝试登录用户：test_add_book_stock_level1_user_797b1fd2-bda6-11ef-9291-02a6845b4b32，终端：my terminal
2024-12-19 09:13:37 - be.model.user - INFO - 为用户 test_add_book_stock_level1_user_797b1fd2-bda6-11ef-9291-02a6845b4b32 生成新token，终端：my terminal
2024-12-19 09:13:37 - be.model.user - INFO - 用户登录成功：test_add_book_stock_level1_user_797b1fd2-bda6-11ef-9291-02a6845b4b32
2024-12-19 09:13:37 - be.view.auth - INFO - 登录处理结果: 200
2024-12-19 09:13:37 - werkzeug - INFO - 127.0.0.1 - - [19/Dec/2024 09:13:37] "POST /auth/login HTTP/1.1" 200 -
2024-12-19 09:13:37 - be.model.seller - WARNING - 用户不存在: test_add_book_stock_level1_user_797b1fd2-bda6-11ef-9291-02a6845b4b32
2024-12-19 09:13:37 - werkzeug - INFO - 127.0.0.1 - - [19/Dec/2024 09:13:37] "[31m[1mPOST /seller/create_store HTTP/1.1[0m" 401 -
2024-12-19 09:13:37 - be.view.auth - INFO - 收到注册请求: {'user_id': 'test_add_book_stock_level1_user_79d97c26-bda6-11ef-9291-02a6845b4b32', 'password': 'test_add_book_stock_level1_user_79d97c26-bda6-11ef-9291-02a6845b4b32'}
2024-12-19 09:13:37 - be.model.user - INFO - 尝试注册新用户：test_add_book_stock_level1_user_79d97c26-bda6-11ef-9291-02a6845b4b32
2024-12-19 09:13:37 - be.model.user - INFO - 加密密码...
2024-12-19 09:13:37 - be.model.user - INFO - 创建新用户...
2024-12-19 09:13:37 - be.model.user - INFO - 添加用户到数据库...
2024-12-19 09:13:38 - be.model.user - INFO - 用户注册成功：test_add_book_stock_level1_user_79d97c26-bda6-11ef-9291-02a6845b4b32
2024-12-19 09:13:38 - be.view.auth - INFO - 注册处理结果: 200
2024-12-19 09:13:38 - werkzeug - INFO - 127.0.0.1 - - [19/Dec/2024 09:13:38] "POST /auth/register HTTP/1.1" 200 -
2024-12-19 09:13:38 - be.view.auth - INFO - 收到登录请求: {'user_id': 'test_add_book_stock_level1_user_79d97c26-bda6-11ef-9291-02a6845b4b32', 'password': 'test_add_book_stock_level1_user_79d97c26-bda6-11ef-9291-02a6845b4b32', 'terminal': 'my terminal'}
2024-12-19 09:13:38 - be.model.user - INFO - 尝试登录用户：test_add_book_stock_level1_user_79d97c26-bda6-11ef-9291-02a6845b4b32，终端：my terminal
2024-12-19 09:13:38 - be.model.user - INFO - 为用户 test_add_book_stock_level1_user_79d97c26-bda6-11ef-9291-02a6845b4b32 生成新token，终端：my terminal
2024-12-19 09:13:38 - be.model.user - INFO - 用户登录成功：test_add_book_stock_level1_user_79d97c26-bda6-11ef-9291-02a6845b4b32
2024-12-19 09:13:38 - be.view.auth - INFO - 登录处理结果: 200
2024-12-19 09:13:38 - werkzeug - INFO - 127.0.0.1 - - [19/Dec/2024 09:13:38] "POST /auth/login HTTP/1.1" 200 -
2024-12-19 09:13:38 - be.model.seller - WARNING - 用户不存在: test_add_book_stock_level1_user_79d97c26-bda6-11ef-9291-02a6845b4b32
2024-12-19 09:13:38 - werkzeug - INFO - 127.0.0.1 - - [19/Dec/2024 09:13:38] "[31m[1mPOST /seller/create_store HTTP/1.1[0m" 401 -
2024-12-19 09:13:38 - be.view.auth - INFO - 收到注册请求: {'user_id': 'test_add_book_stock_level1_user_7a355492-bda6-11ef-9291-02a6845b4b32', 'password': 'test_add_book_stock_level1_user_7a355492-bda6-11ef-9291-02a6845b4b32'}
2024-12-19 09:13:38 - be.model.user - INFO - 尝试注册新用户：test_add_book_stock_level1_user_7a355492-bda6-11ef-9291-02a6845b4b32
2024-12-19 09:13:38 - be.model.user - INFO - 加密密码...
2024-12-19 09:13:38 - be.model.user - INFO - 创建新用户...
2024-12-19 09:13:38 - be.model.user - INFO - 添加用户到数据库...
2024-12-19 09:13:38 - be.model.user - INFO - 用户注册成功：test_add_book_stock_level1_user_7a355492-bda6-11ef-9291-02a6845b4b32
2024-12-19 09:13:38 - be.view.auth - INFO - 注册处理结果: 200
2024-12-19 09:13:38 - werkzeug - INFO - 127.0.0.1 - - [19/Dec/2024 09:13:38] "POST /auth/register HTTP/1.1" 200 -
2024-12-19 09:13:38 - be.view.auth - INFO - 收到登录请求: {'user_id': 'test_add_book_stock_level1_user_7a355492-bda6-11ef-9291-02a6845b4b32', 'password': 'test_add_book_stock_level1_user_7a355492-bda6-11ef-9291-02a6845b4b32', 'terminal': 'my terminal'}
2024-12-19 09:13:38 - be.model.user - INFO - 尝试登录用户：test_add_book_stock_level1_user_7a355492-bda6-11ef-9291-02a6845b4b32，终端：my terminal
2024-12-19 09:13:38 - be.model.user - INFO - 为用户 test_add_book_stock_level1_user_7a355492-bda6-11ef-9291-02a6845b4b32 生成新token，终端：my terminal
2024-12-19 09:13:38 - be.model.user - INFO - 用户登录成功：test_add_book_stock_level1_user_7a355492-bda6-11ef-9291-02a6845b4b32
2024-12-19 09:13:38 - be.view.auth - INFO - 登录处理结果: 200
2024-12-19 09:13:38 - werkzeug - INFO - 127.0.0.1 - - [19/Dec/2024 09:13:38] "POST /auth/login HTTP/1.1" 200 -
2024-12-19 09:13:39 - be.model.seller - WARNING - 用户不存在: test_add_book_stock_level1_user_7a355492-bda6-11ef-9291-02a6845b4b32
2024-12-19 09:13:39 - werkzeug - INFO - 127.0.0.1 - - [19/Dec/2024 09:13:39] "[31m[1mPOST /seller/create_store HTTP/1.1[0m" 401 -
2024-12-19 09:13:39 - be.view.auth - INFO - 收到注册请求: {'user_id': 'test_new_order_buyer_id_7a911110-bda6-11ef-9291-02a6845b4b32', 'password': 'test_new_order_seller_id_7a911084-bda6-11ef-9291-02a6845b4b32'}
2024-12-19 09:13:39 - be.model.user - INFO - 尝试注册新用户：test_new_order_buyer_id_7a911110-bda6-11ef-9291-02a6845b4b32
2024-12-19 09:13:39 - be.model.user - INFO - 加密密码...
2024-12-19 09:13:39 - be.model.user - INFO - 创建新用户...
2024-12-19 09:13:39 - be.model.user - INFO - 添加用户到数据库...
2024-12-19 09:13:39 - be.model.user - INFO - 用户注册成功：test_new_order_buyer_id_7a911110-bda6-11ef-9291-02a6845b4b32
2024-12-19 09:13:39 - be.view.auth - INFO - 注册处理结果: 200
2024-12-19 09:13:39 - werkzeug - INFO - 127.0.0.1 - - [19/Dec/2024 09:13:39] "POST /auth/register HTTP/1.1" 200 -
2024-12-19 09:13:39 - be.view.auth - INFO - 收到登录请求: {'user_id': 'test_new_order_buyer_id_7a911110-bda6-11ef-9291-02a6845b4b32', 'password': 'test_new_order_seller_id_7a911084-bda6-11ef-9291-02a6845b4b32', 'terminal': 'my terminal'}
2024-12-19 09:13:39 - be.model.user - INFO - 尝试登录用户：test_new_order_buyer_id_7a911110-bda6-11ef-9291-02a6845b4b32，终端：my terminal
2024-12-19 09:13:39 - be.model.user - INFO - 为用户 test_new_order_buyer_id_7a911110-bda6-11ef-9291-02a6845b4b32 生成新token，终端：my terminal
2024-12-19 09:13:39 - be.model.user - INFO - 用户登录成功：test_new_order_buyer_id_7a911110-bda6-11ef-9291-02a6845b4b32
2024-12-19 09:13:39 - be.view.auth - INFO - 登录处理结果: 200
2024-12-19 09:13:39 - werkzeug - INFO - 127.0.0.1 - - [19/Dec/2024 09:13:39] "POST /auth/login HTTP/1.1" 200 -
2024-12-19 09:13:39 - be.view.auth - INFO - 收到注册请求: {'user_id': 'test_new_order_seller_id_7a911084-bda6-11ef-9291-02a6845b4b32', 'password': 'test_new_order_seller_id_7a911084-bda6-11ef-9291-02a6845b4b32'}
2024-12-19 09:13:39 - be.model.user - INFO - 尝试注册新用户：test_new_order_seller_id_7a911084-bda6-11ef-9291-02a6845b4b32
2024-12-19 09:13:39 - be.model.user - INFO - 加密密码...
2024-12-19 09:13:39 - be.model.user - INFO - 创建新用户...
2024-12-19 09:13:39 - be.model.user - INFO - 添加用户到数据库...
2024-12-19 09:13:39 - be.model.user - INFO - 用户注册成功：test_new_order_seller_id_7a911084-bda6-11ef-9291-02a6845b4b32
2024-12-19 09:13:39 - be.view.auth - INFO - 注册处理结果: 200
2024-12-19 09:13:39 - werkzeug - INFO - 127.0.0.1 - - [19/Dec/2024 09:13:39] "POST /auth/register HTTP/1.1" 200 -
2024-12-19 09:13:39 - be.view.auth - INFO - 收到登录请求: {'user_id': 'test_new_order_seller_id_7a911084-bda6-11ef-9291-02a6845b4b32', 'password': 'test_new_order_seller_id_7a911084-bda6-11ef-9291-02a6845b4b32', 'terminal': 'my terminal'}
2024-12-19 09:13:39 - be.model.user - INFO - 尝试登录用户：test_new_order_seller_id_7a911084-bda6-11ef-9291-02a6845b4b32，终端：my terminal
2024-12-19 09:13:39 - be.model.user - INFO - 为用户 test_new_order_seller_id_7a911084-bda6-11ef-9291-02a6845b4b32 生成新token，终端：my terminal
2024-12-19 09:13:39 - be.model.user - INFO - 用户登录成功：test_new_order_seller_id_7a911084-bda6-11ef-9291-02a6845b4b32
2024-12-19 09:13:40 - be.view.auth - INFO - 登录处理结果: 200
2024-12-19 09:13:40 - werkzeug - INFO - 127.0.0.1 - - [19/Dec/2024 09:13:40] "POST /auth/login HTTP/1.1" 200 -
2024-12-19 09:13:40 - be.model.seller - WARNING - 用户不存在: test_new_order_seller_id_7a911084-bda6-11ef-9291-02a6845b4b32
2024-12-19 09:13:40 - werkzeug - INFO - 127.0.0.1 - - [19/Dec/2024 09:13:40] "[31m[1mPOST /seller/create_store HTTP/1.1[0m" 401 -
2024-12-19 09:13:40 - be.view.auth - INFO - 收到注册请求: {'user_id': 'test_new_order_buyer_id_7b3f36fa-bda6-11ef-9291-02a6845b4b32', 'password': 'test_new_order_seller_id_7b3f3664-bda6-11ef-9291-02a6845b4b32'}
2024-12-19 09:13:40 - be.model.user - INFO - 尝试注册新用户：test_new_order_buyer_id_7b3f36fa-bda6-11ef-9291-02a6845b4b32
2024-12-19 09:13:40 - be.model.user - INFO - 加密密码...
2024-12-19 09:13:40 - be.model.user - INFO - 创建新用户...
2024-12-19 09:13:40 - be.model.user - INFO - 添加用户到数据库...
2024-12-19 09:13:40 - be.model.user - INFO - 用户注册成功：test_new_order_buyer_id_7b3f36fa-bda6-11ef-9291-02a6845b4b32
2024-12-19 09:13:40 - be.view.auth - INFO - 注册处理结果: 200
2024-12-19 09:13:40 - werkzeug - INFO - 127.0.0.1 - - [19/Dec/2024 09:13:40] "POST /auth/register HTTP/1.1" 200 -
2024-12-19 09:13:40 - be.view.auth - INFO - 收到登录请求: {'user_id': 'test_new_order_buyer_id_7b3f36fa-bda6-11ef-9291-02a6845b4b32', 'password': 'test_new_order_seller_id_7b3f3664-bda6-11ef-9291-02a6845b4b32', 'terminal': 'my terminal'}
2024-12-19 09:13:40 - be.model.user - INFO - 尝试登录用户：test_new_order_buyer_id_7b3f36fa-bda6-11ef-9291-02a6845b4b32，终端：my terminal
2024-12-19 09:13:40 - be.model.user - INFO - 为用户 test_new_order_buyer_id_7b3f36fa-bda6-11ef-9291-02a6845b4b32 生成新token，终端：my terminal
2024-12-19 09:13:40 - be.model.user - INFO - 用户登录成功：test_new_order_buyer_id_7b3f36fa-bda6-11ef-9291-02a6845b4b32
2024-12-19 09:13:40 - be.view.auth - INFO - 登录处理结果: 200
2024-12-19 09:13:40 - werkzeug - INFO - 127.0.0.1 - - [19/Dec/2024 09:13:40] "POST /auth/login HTTP/1.1" 200 -
2024-12-19 09:13:40 - be.view.auth - INFO - 收到注册请求: {'user_id': 'test_new_order_seller_id_7b3f3664-bda6-11ef-9291-02a6845b4b32', 'password': 'test_new_order_seller_id_7b3f3664-bda6-11ef-9291-02a6845b4b32'}
2024-12-19 09:13:40 - be.model.user - INFO - 尝试注册新用户：test_new_order_seller_id_7b3f3664-bda6-11ef-9291-02a6845b4b32
2024-12-19 09:13:40 - be.model.user - INFO - 加密密码...
2024-12-19 09:13:40 - be.model.user - INFO - 创建新用户...
2024-12-19 09:13:40 - be.model.user - INFO - 添加用户到数据库...
2024-12-19 09:13:41 - be.model.user - INFO - 用户注册成功：test_new_order_seller_id_7b3f3664-bda6-11ef-9291-02a6845b4b32
2024-12-19 09:13:41 - be.view.auth - INFO - 注册处理结果: 200
2024-12-19 09:13:41 - werkzeug - INFO - 127.0.0.1 - - [19/Dec/2024 09:13:41] "POST /auth/register HTTP/1.1" 200 -
2024-12-19 09:13:41 - be.view.auth - INFO - 收到登录请求: {'user_id': 'test_new_order_seller_id_7b3f3664-bda6-11ef-9291-02a6845b4b32', 'password': 'test_new_order_seller_id_7b3f3664-bda6-11ef-9291-02a6845b4b32', 'terminal': 'my terminal'}
2024-12-19 09:13:41 - be.model.user - INFO - 尝试登录用户：test_new_order_seller_id_7b3f3664-bda6-11ef-9291-02a6845b4b32，终端：my terminal
2024-12-19 09:13:41 - be.model.user - INFO - 为用户 test_new_order_seller_id_7b3f3664-bda6-11ef-9291-02a6845b4b32 生成新token，终端：my terminal
2024-12-19 09:13:41 - be.model.user - INFO - 用户登录成功：test_new_order_seller_id_7b3f3664-bda6-11ef-9291-02a6845b4b32
2024-12-19 09:13:41 - be.view.auth - INFO - 登录处理结果: 200
2024-12-19 09:13:41 - werkzeug - INFO - 127.0.0.1 - - [19/Dec/2024 09:13:41] "POST /auth/login HTTP/1.1" 200 -
2024-12-19 09:13:41 - be.model.seller - WARNING - 用户不存在: test_new_order_seller_id_7b3f3664-bda6-11ef-9291-02a6845b4b32
2024-12-19 09:13:41 - werkzeug - INFO - 127.0.0.1 - - [19/Dec/2024 09:13:41] "[31m[1mPOST /seller/create_store HTTP/1.1[0m" 401 -
2024-12-19 09:13:41 - be.view.auth - INFO - 收到注册请求: {'user_id': 'test_new_order_buyer_id_7bef23e4-bda6-11ef-9291-02a6845b4b32', 'password': 'test_new_order_seller_id_7bef22b8-bda6-11ef-9291-02a6845b4b32'}
2024-12-19 09:13:41 - be.model.user - INFO - 尝试注册新用户：test_new_order_buyer_id_7bef23e4-bda6-11ef-9291-02a6845b4b32
2024-12-19 09:13:41 - be.model.user - INFO - 加密密码...
2024-12-19 09:13:41 - be.model.user - INFO - 创建新用户...
2024-12-19 09:13:41 - be.model.user - INFO - 添加用户到数据库...
2024-12-19 09:13:41 - be.model.user - INFO - 用户注册成功：test_new_order_buyer_id_7bef23e4-bda6-11ef-9291-02a6845b4b32
2024-12-19 09:13:41 - be.view.auth - INFO - 注册处理结果: 200
2024-12-19 09:13:41 - werkzeug - INFO - 127.0.0.1 - - [19/Dec/2024 09:13:41] "POST /auth/register HTTP/1.1" 200 -
2024-12-19 09:13:41 - be.view.auth - INFO - 收到登录请求: {'user_id': 'test_new_order_buyer_id_7bef23e4-bda6-11ef-9291-02a6845b4b32', 'password': 'test_new_order_seller_id_7bef22b8-bda6-11ef-9291-02a6845b4b32', 'terminal': 'my terminal'}
2024-12-19 09:13:41 - be.model.user - INFO - 尝试登录用户：test_new_order_buyer_id_7bef23e4-bda6-11ef-9291-02a6845b4b32，终端：my terminal
2024-12-19 09:13:41 - be.model.user - INFO - 为用户 test_new_order_buyer_id_7bef23e4-bda6-11ef-9291-02a6845b4b32 生成新token，终端：my terminal
2024-12-19 09:13:41 - be.model.user - INFO - 用户登录成功：test_new_order_buyer_id_7bef23e4-bda6-11ef-9291-02a6845b4b32
2024-12-19 09:13:41 - be.view.auth - INFO - 登录处理结果: 200
2024-12-19 09:13:41 - werkzeug - INFO - 127.0.0.1 - - [19/Dec/2024 09:13:41] "POST /auth/login HTTP/1.1" 200 -
2024-12-19 09:13:41 - be.view.auth - INFO - 收到注册请求: {'user_id': 'test_new_order_seller_id_7bef22b8-bda6-11ef-9291-02a6845b4b32', 'password': 'test_new_order_seller_id_7bef22b8-bda6-11ef-9291-02a6845b4b32'}
2024-12-19 09:13:41 - be.model.user - INFO - 尝试注册新用户：test_new_order_seller_id_7bef22b8-bda6-11ef-9291-02a6845b4b32
2024-12-19 09:13:41 - be.model.user - INFO - 加密密码...
2024-12-19 09:13:41 - be.model.user - INFO - 创建新用户...
2024-12-19 09:13:41 - be.model.user - INFO - 添加用户到数据库...
2024-12-19 09:13:42 - be.model.user - INFO - 用户注册成功：test_new_order_seller_id_7bef22b8-bda6-11ef-9291-02a6845b4b32
2024-12-19 09:13:42 - be.view.auth - INFO - 注册处理结果: 200
2024-12-19 09:13:42 - werkzeug - INFO - 127.0.0.1 - - [19/Dec/2024 09:13:42] "POST /auth/register HTTP/1.1" 200 -
2024-12-19 09:13:42 - be.view.auth - INFO - 收到登录请求: {'user_id': 'test_new_order_seller_id_7bef22b8-bda6-11ef-9291-02a6845b4b32', 'password': 'test_new_order_seller_id_7bef22b8-bda6-11ef-9291-02a6845b4b32', 'terminal': 'my terminal'}
2024-12-19 09:13:42 - be.model.user - INFO - 尝试登录用户：test_new_order_seller_id_7bef22b8-bda6-11ef-9291-02a6845b4b32，终端：my terminal
2024-12-19 09:13:42 - be.model.user - INFO - 为用户 test_new_order_seller_id_7bef22b8-bda6-11ef-9291-02a6845b4b32 生成新token，终端：my terminal
2024-12-19 09:13:42 - be.model.user - INFO - 用户登录成功：test_new_order_seller_id_7bef22b8-bda6-11ef-9291-02a6845b4b32
2024-12-19 09:13:42 - be.view.auth - INFO - 登录处理结果: 200
2024-12-19 09:13:42 - werkzeug - INFO - 127.0.0.1 - - [19/Dec/2024 09:13:42] "POST /auth/login HTTP/1.1" 200 -
2024-12-19 09:13:42 - be.model.seller - WARNING - 用户不存在: test_new_order_seller_id_7bef22b8-bda6-11ef-9291-02a6845b4b32
2024-12-19 09:13:42 - werkzeug - INFO - 127.0.0.1 - - [19/Dec/2024 09:13:42] "[31m[1mPOST /seller/create_store HTTP/1.1[0m" 401 -
2024-12-19 09:13:42 - be.view.auth - INFO - 收到注册请求: {'user_id': 'test_new_order_buyer_id_7ca99de6-bda6-11ef-9291-02a6845b4b32', 'password': 'test_new_order_seller_id_7ca99cec-bda6-11ef-9291-02a6845b4b32'}
2024-12-19 09:13:42 - be.model.user - INFO - 尝试注册新用户：test_new_order_buyer_id_7ca99de6-bda6-11ef-9291-02a6845b4b32
2024-12-19 09:13:42 - be.model.user - INFO - 加密密码...
2024-12-19 09:13:42 - be.model.user - INFO - 创建新用户...
2024-12-19 09:13:42 - be.model.user - INFO - 添加用户到数据库...
2024-12-19 09:13:42 - be.model.user - INFO - 用户注册成功：test_new_order_buyer_id_7ca99de6-bda6-11ef-9291-02a6845b4b32
2024-12-19 09:13:42 - be.view.auth - INFO - 注册处理结果: 200
2024-12-19 09:13:42 - werkzeug - INFO - 127.0.0.1 - - [19/Dec/2024 09:13:42] "POST /auth/register HTTP/1.1" 200 -
2024-12-19 09:13:42 - be.view.auth - INFO - 收到登录请求: {'user_id': 'test_new_order_buyer_id_7ca99de6-bda6-11ef-9291-02a6845b4b32', 'password': 'test_new_order_seller_id_7ca99cec-bda6-11ef-9291-02a6845b4b32', 'terminal': 'my terminal'}
2024-12-19 09:13:42 - be.model.user - INFO - 尝试登录用户：test_new_order_buyer_id_7ca99de6-bda6-11ef-9291-02a6845b4b32，终端：my terminal
2024-12-19 09:13:42 - be.model.user - INFO - 为用户 test_new_order_buyer_id_7ca99de6-bda6-11ef-9291-02a6845b4b32 生成新token，终端：my terminal
2024-12-19 09:13:42 - be.model.user - INFO - 用户登录成功：test_new_order_buyer_id_7ca99de6-bda6-11ef-9291-02a6845b4b32
2024-12-19 09:13:43 - be.view.auth - INFO - 登录处理结果: 200
2024-12-19 09:13:43 - werkzeug - INFO - 127.0.0.1 - - [19/Dec/2024 09:13:43] "POST /auth/login HTTP/1.1" 200 -
2024-12-19 09:13:43 - be.view.auth - INFO - 收到注册请求: {'user_id': 'test_new_order_seller_id_7ca99cec-bda6-11ef-9291-02a6845b4b32', 'password': 'test_new_order_seller_id_7ca99cec-bda6-11ef-9291-02a6845b4b32'}
2024-12-19 09:13:43 - be.model.user - INFO - 尝试注册新用户：test_new_order_seller_id_7ca99cec-bda6-11ef-9291-02a6845b4b32
2024-12-19 09:13:43 - be.model.user - INFO - 加密密码...
2024-12-19 09:13:43 - be.model.user - INFO - 创建新用户...
2024-12-19 09:13:43 - be.model.user - INFO - 添加用户到数据库...
2024-12-19 09:13:43 - be.model.user - INFO - 用户注册成功：test_new_order_seller_id_7ca99cec-bda6-11ef-9291-02a6845b4b32
2024-12-19 09:13:43 - be.view.auth - INFO - 注册处理结果: 200
2024-12-19 09:13:43 - werkzeug - INFO - 127.0.0.1 - - [19/Dec/2024 09:13:43] "POST /auth/register HTTP/1.1" 200 -
2024-12-19 09:13:43 - be.view.auth - INFO - 收到登录请求: {'user_id': 'test_new_order_seller_id_7ca99cec-bda6-11ef-9291-02a6845b4b32', 'password': 'test_new_order_seller_id_7ca99cec-bda6-11ef-9291-02a6845b4b32', 'terminal': 'my terminal'}
2024-12-19 09:13:43 - be.model.user - INFO - 尝试登录用户：test_new_order_seller_id_7ca99cec-bda6-11ef-9291-02a6845b4b32，终端：my terminal
2024-12-19 09:13:43 - be.model.user - INFO - 为用户 test_new_order_seller_id_7ca99cec-bda6-11ef-9291-02a6845b4b32 生成新token，终端：my terminal
2024-12-19 09:13:43 - be.model.user - INFO - 用户登录成功：test_new_order_seller_id_7ca99cec-bda6-11ef-9291-02a6845b4b32
2024-12-19 09:13:43 - be.view.auth - INFO - 登录处理结果: 200
2024-12-19 09:13:43 - werkzeug - INFO - 127.0.0.1 - - [19/Dec/2024 09:13:43] "POST /auth/login HTTP/1.1" 200 -
2024-12-19 09:13:43 - be.model.seller - WARNING - 用户不存在: test_new_order_seller_id_7ca99cec-bda6-11ef-9291-02a6845b4b32
2024-12-19 09:13:43 - werkzeug - INFO - 127.0.0.1 - - [19/Dec/2024 09:13:43] "[31m[1mPOST /seller/create_store HTTP/1.1[0m" 401 -
2024-12-19 09:13:43 - be.view.auth - INFO - 收到注册请求: {'user_id': 'test_new_order_buyer_id_7d5ec4be-bda6-11ef-9291-02a6845b4b32', 'password': 'test_new_order_seller_id_7d5ec360-bda6-11ef-9291-02a6845b4b32'}
2024-12-19 09:13:43 - be.model.user - INFO - 尝试注册新用户：test_new_order_buyer_id_7d5ec4be-bda6-11ef-9291-02a6845b4b32
2024-12-19 09:13:43 - be.model.user - INFO - 加密密码...
2024-12-19 09:13:43 - be.model.user - INFO - 创建新用户...
2024-12-19 09:13:43 - be.model.user - INFO - 添加用户到数据库...
2024-12-19 09:13:44 - be.model.user - INFO - 用户注册成功：test_new_order_buyer_id_7d5ec4be-bda6-11ef-9291-02a6845b4b32
2024-12-19 09:13:44 - be.view.auth - INFO - 注册处理结果: 200
2024-12-19 09:13:44 - werkzeug - INFO - 127.0.0.1 - - [19/Dec/2024 09:13:44] "POST /auth/register HTTP/1.1" 200 -
2024-12-19 09:13:44 - be.view.auth - INFO - 收到登录请求: {'user_id': 'test_new_order_buyer_id_7d5ec4be-bda6-11ef-9291-02a6845b4b32', 'password': 'test_new_order_seller_id_7d5ec360-bda6-11ef-9291-02a6845b4b32', 'terminal': 'my terminal'}
2024-12-19 09:13:44 - be.model.user - INFO - 尝试登录用户：test_new_order_buyer_id_7d5ec4be-bda6-11ef-9291-02a6845b4b32，终端：my terminal
2024-12-19 09:13:44 - be.model.user - INFO - 为用户 test_new_order_buyer_id_7d5ec4be-bda6-11ef-9291-02a6845b4b32 生成新token，终端：my terminal
2024-12-19 09:13:44 - be.model.user - INFO - 用户登录成功：test_new_order_buyer_id_7d5ec4be-bda6-11ef-9291-02a6845b4b32
2024-12-19 09:13:44 - be.view.auth - INFO - 登录处理结果: 200
2024-12-19 09:13:44 - werkzeug - INFO - 127.0.0.1 - - [19/Dec/2024 09:13:44] "POST /auth/login HTTP/1.1" 200 -
2024-12-19 09:13:44 - be.view.auth - INFO - 收到注册请求: {'user_id': 'test_new_order_seller_id_7d5ec360-bda6-11ef-9291-02a6845b4b32', 'password': 'test_new_order_seller_id_7d5ec360-bda6-11ef-9291-02a6845b4b32'}
2024-12-19 09:13:44 - be.model.user - INFO - 尝试注册新用户：test_new_order_seller_id_7d5ec360-bda6-11ef-9291-02a6845b4b32
2024-12-19 09:13:44 - be.model.user - INFO - 加密密码...
2024-12-19 09:13:44 - be.model.user - INFO - 创建新用户...
2024-12-19 09:13:44 - be.model.user - INFO - 添加用户到数据库...
2024-12-19 09:13:44 - be.model.user - INFO - 用户注册成功：test_new_order_seller_id_7d5ec360-bda6-11ef-9291-02a6845b4b32
2024-12-19 09:13:44 - be.view.auth - INFO - 注册处理结果: 200
2024-12-19 09:13:44 - werkzeug - INFO - 127.0.0.1 - - [19/Dec/2024 09:13:44] "POST /auth/register HTTP/1.1" 200 -
2024-12-19 09:13:44 - be.view.auth - INFO - 收到登录请求: {'user_id': 'test_new_order_seller_id_7d5ec360-bda6-11ef-9291-02a6845b4b32', 'password': 'test_new_order_seller_id_7d5ec360-bda6-11ef-9291-02a6845b4b32', 'terminal': 'my terminal'}
2024-12-19 09:13:44 - be.model.user - INFO - 尝试登录用户：test_new_order_seller_id_7d5ec360-bda6-11ef-9291-02a6845b4b32，终端：my terminal
2024-12-19 09:13:44 - be.model.user - INFO - 为用户 test_new_order_seller_id_7d5ec360-bda6-11ef-9291-02a6845b4b32 生成新token，终端：my terminal
2024-12-19 09:13:44 - be.model.user - INFO - 用户登录成功：test_new_order_seller_id_7d5ec360-bda6-11ef-9291-02a6845b4b32
2024-12-19 09:13:44 - be.view.auth - INFO - 登录处理结果: 200
2024-12-19 09:13:44 - werkzeug - INFO - 127.0.0.1 - - [19/Dec/2024 09:13:44] "POST /auth/login HTTP/1.1" 200 -
2024-12-19 09:13:44 - be.model.seller - WARNING - 用户不存在: test_new_order_seller_id_7d5ec360-bda6-11ef-9291-02a6845b4b32
2024-12-19 09:13:44 - werkzeug - INFO - 127.0.0.1 - - [19/Dec/2024 09:13:44] "[31m[1mPOST /seller/create_store HTTP/1.1[0m" 401 -
2024-12-19 09:13:44 - be.view.auth - INFO - 收到注册请求: {'user_id': 'test_payment_seller_id_7e18681a-bda6-11ef-9291-02a6845b4b32', 'password': 'test_payment_seller_id_7e18681a-bda6-11ef-9291-02a6845b4b32'}
2024-12-19 09:13:44 - be.model.user - INFO - 尝试注册新用户：test_payment_seller_id_7e18681a-bda6-11ef-9291-02a6845b4b32
2024-12-19 09:13:45 - be.model.user - INFO - 加密密码...
2024-12-19 09:13:45 - be.model.user - INFO - 创建新用户...
2024-12-19 09:13:45 - be.model.user - INFO - 添加用户到数据库...
2024-12-19 09:13:45 - be.model.user - INFO - 用户注册成功：test_payment_seller_id_7e18681a-bda6-11ef-9291-02a6845b4b32
2024-12-19 09:13:45 - be.view.auth - INFO - 注册处理结果: 200
2024-12-19 09:13:45 - werkzeug - INFO - 127.0.0.1 - - [19/Dec/2024 09:13:45] "POST /auth/register HTTP/1.1" 200 -
2024-12-19 09:13:45 - be.view.auth - INFO - 收到登录请求: {'user_id': 'test_payment_seller_id_7e18681a-bda6-11ef-9291-02a6845b4b32', 'password': 'test_payment_seller_id_7e18681a-bda6-11ef-9291-02a6845b4b32', 'terminal': 'my terminal'}
2024-12-19 09:13:45 - be.model.user - INFO - 尝试登录用户：test_payment_seller_id_7e18681a-bda6-11ef-9291-02a6845b4b32，终端：my terminal
2024-12-19 09:13:45 - be.model.user - INFO - 为用户 test_payment_seller_id_7e18681a-bda6-11ef-9291-02a6845b4b32 生成新token，终端：my terminal
2024-12-19 09:13:45 - be.model.user - INFO - 用户登录成功：test_payment_seller_id_7e18681a-bda6-11ef-9291-02a6845b4b32
2024-12-19 09:13:45 - be.view.auth - INFO - 登录处理结果: 200
2024-12-19 09:13:45 - werkzeug - INFO - 127.0.0.1 - - [19/Dec/2024 09:13:45] "POST /auth/login HTTP/1.1" 200 -
2024-12-19 09:13:45 - be.model.seller - WARNING - 用户不存在: test_payment_seller_id_7e18681a-bda6-11ef-9291-02a6845b4b32
2024-12-19 09:13:45 - werkzeug - INFO - 127.0.0.1 - - [19/Dec/2024 09:13:45] "[31m[1mPOST /seller/create_store HTTP/1.1[0m" 401 -
2024-12-19 09:13:45 - be.view.auth - INFO - 收到注册请求: {'user_id': 'test_payment_seller_id_7e74306e-bda6-11ef-9291-02a6845b4b32', 'password': 'test_payment_seller_id_7e74306e-bda6-11ef-9291-02a6845b4b32'}
2024-12-19 09:13:45 - be.model.user - INFO - 尝试注册新用户：test_payment_seller_id_7e74306e-bda6-11ef-9291-02a6845b4b32
2024-12-19 09:13:45 - be.model.user - INFO - 加密密码...
2024-12-19 09:13:45 - be.model.user - INFO - 创建新用户...
2024-12-19 09:13:45 - be.model.user - INFO - 添加用户到数据库...
2024-12-19 09:13:45 - be.model.user - INFO - 用户注册成功：test_payment_seller_id_7e74306e-bda6-11ef-9291-02a6845b4b32
2024-12-19 09:13:45 - be.view.auth - INFO - 注册处理结果: 200
2024-12-19 09:13:45 - werkzeug - INFO - 127.0.0.1 - - [19/Dec/2024 09:13:45] "POST /auth/register HTTP/1.1" 200 -
2024-12-19 09:13:45 - be.view.auth - INFO - 收到登录请求: {'user_id': 'test_payment_seller_id_7e74306e-bda6-11ef-9291-02a6845b4b32', 'password': 'test_payment_seller_id_7e74306e-bda6-11ef-9291-02a6845b4b32', 'terminal': 'my terminal'}
2024-12-19 09:13:45 - be.model.user - INFO - 尝试登录用户：test_payment_seller_id_7e74306e-bda6-11ef-9291-02a6845b4b32，终端：my terminal
2024-12-19 09:13:45 - be.model.user - INFO - 为用户 test_payment_seller_id_7e74306e-bda6-11ef-9291-02a6845b4b32 生成新token，终端：my terminal
2024-12-19 09:13:45 - be.model.user - INFO - 用户登录成功：test_payment_seller_id_7e74306e-bda6-11ef-9291-02a6845b4b32
2024-12-19 09:13:46 - be.view.auth - INFO - 登录处理结果: 200
2024-12-19 09:13:46 - werkzeug - INFO - 127.0.0.1 - - [19/Dec/2024 09:13:46] "POST /auth/login HTTP/1.1" 200 -
2024-12-19 09:13:46 - be.model.seller - WARNING - 用户不存在: test_payment_seller_id_7e74306e-bda6-11ef-9291-02a6845b4b32
2024-12-19 09:13:46 - werkzeug - INFO - 127.0.0.1 - - [19/Dec/2024 09:13:46] "[31m[1mPOST /seller/create_store HTTP/1.1[0m" 401 -
2024-12-19 09:13:46 - be.view.auth - INFO - 收到注册请求: {'user_id': 'test_payment_seller_id_7ed14b8c-bda6-11ef-9291-02a6845b4b32', 'password': 'test_payment_seller_id_7ed14b8c-bda6-11ef-9291-02a6845b4b32'}
2024-12-19 09:13:46 - be.model.user - INFO - 尝试注册新用户：test_payment_seller_id_7ed14b8c-bda6-11ef-9291-02a6845b4b32
2024-12-19 09:13:46 - be.model.user - INFO - 加密密码...
2024-12-19 09:13:46 - be.model.user - INFO - 创建新用户...
2024-12-19 09:13:46 - be.model.user - INFO - 添加用户到数据库...
2024-12-19 09:13:46 - be.model.user - INFO - 用户注册成功：test_payment_seller_id_7ed14b8c-bda6-11ef-9291-02a6845b4b32
2024-12-19 09:13:46 - be.view.auth - INFO - 注册处理结果: 200
2024-12-19 09:13:46 - werkzeug - INFO - 127.0.0.1 - - [19/Dec/2024 09:13:46] "POST /auth/register HTTP/1.1" 200 -
2024-12-19 09:13:46 - be.view.auth - INFO - 收到登录请求: {'user_id': 'test_payment_seller_id_7ed14b8c-bda6-11ef-9291-02a6845b4b32', 'password': 'test_payment_seller_id_7ed14b8c-bda6-11ef-9291-02a6845b4b32', 'terminal': 'my terminal'}
2024-12-19 09:13:46 - be.model.user - INFO - 尝试登录用户：test_payment_seller_id_7ed14b8c-bda6-11ef-9291-02a6845b4b32，终端：my terminal
2024-12-19 09:13:46 - be.model.user - INFO - 为用户 test_payment_seller_id_7ed14b8c-bda6-11ef-9291-02a6845b4b32 生成新token，终端：my terminal
2024-12-19 09:13:46 - be.model.user - INFO - 用户登录成功：test_payment_seller_id_7ed14b8c-bda6-11ef-9291-02a6845b4b32
2024-12-19 09:13:46 - be.view.auth - INFO - 登录处理结果: 200
2024-12-19 09:13:46 - werkzeug - INFO - 127.0.0.1 - - [19/Dec/2024 09:13:46] "POST /auth/login HTTP/1.1" 200 -
2024-12-19 09:13:46 - be.model.seller - WARNING - 用户不存在: test_payment_seller_id_7ed14b8c-bda6-11ef-9291-02a6845b4b32
2024-12-19 09:13:46 - werkzeug - INFO - 127.0.0.1 - - [19/Dec/2024 09:13:46] "[31m[1mPOST /seller/create_store HTTP/1.1[0m" 401 -
2024-12-19 09:13:46 - be.view.auth - INFO - 收到注册请求: {'user_id': 'test_payment_seller_id_7f2c2f20-bda6-11ef-9291-02a6845b4b32', 'password': 'test_payment_seller_id_7f2c2f20-bda6-11ef-9291-02a6845b4b32'}
2024-12-19 09:13:46 - be.model.user - INFO - 尝试注册新用户：test_payment_seller_id_7f2c2f20-bda6-11ef-9291-02a6845b4b32
2024-12-19 09:13:46 - be.model.user - INFO - 加密密码...
2024-12-19 09:13:46 - be.model.user - INFO - 创建新用户...
2024-12-19 09:13:46 - be.model.user - INFO - 添加用户到数据库...
2024-12-19 09:13:47 - be.model.user - INFO - 用户注册成功：test_payment_seller_id_7f2c2f20-bda6-11ef-9291-02a6845b4b32
2024-12-19 09:13:47 - be.view.auth - INFO - 注册处理结果: 200
2024-12-19 09:13:47 - werkzeug - INFO - 127.0.0.1 - - [19/Dec/2024 09:13:47] "POST /auth/register HTTP/1.1" 200 -
2024-12-19 09:13:47 - be.view.auth - INFO - 收到登录请求: {'user_id': 'test_payment_seller_id_7f2c2f20-bda6-11ef-9291-02a6845b4b32', 'password': 'test_payment_seller_id_7f2c2f20-bda6-11ef-9291-02a6845b4b32', 'terminal': 'my terminal'}
2024-12-19 09:13:47 - be.model.user - INFO - 尝试登录用户：test_payment_seller_id_7f2c2f20-bda6-11ef-9291-02a6845b4b32，终端：my terminal
2024-12-19 09:13:47 - be.model.user - INFO - 为用户 test_payment_seller_id_7f2c2f20-bda6-11ef-9291-02a6845b4b32 生成新token，终端：my terminal
2024-12-19 09:13:47 - be.model.user - INFO - 用户登录成功：test_payment_seller_id_7f2c2f20-bda6-11ef-9291-02a6845b4b32
2024-12-19 09:13:47 - be.view.auth - INFO - 登录处理结果: 200
2024-12-19 09:13:47 - werkzeug - INFO - 127.0.0.1 - - [19/Dec/2024 09:13:47] "POST /auth/login HTTP/1.1" 200 -
2024-12-19 09:13:47 - be.model.seller - WARNING - 用户不存在: test_payment_seller_id_7f2c2f20-bda6-11ef-9291-02a6845b4b32
2024-12-19 09:13:47 - werkzeug - INFO - 127.0.0.1 - - [19/Dec/2024 09:13:47] "[31m[1mPOST /seller/create_store HTTP/1.1[0m" 401 -
2024-12-19 09:13:48 - root - INFO - load data
2024-12-19 09:13:48 - be.view.auth - INFO - 收到注册请求: {'user_id': 'seller_1_7f8caed6-bda6-11ef-9291-02a6845b4b32', 'password': 'password_seller_1_7f8caed6-bda6-11ef-9291-02a6845b4b32'}
2024-12-19 09:13:48 - be.model.user - INFO - 尝试注册新用户：seller_1_7f8caed6-bda6-11ef-9291-02a6845b4b32
2024-12-19 09:13:48 - be.model.user - INFO - 加密密码...
2024-12-19 09:13:48 - be.model.user - INFO - 创建新用户...
2024-12-19 09:13:48 - be.model.user - INFO - 添加用户到数据库...
2024-12-19 09:13:48 - be.model.user - INFO - 用户注册成功：seller_1_7f8caed6-bda6-11ef-9291-02a6845b4b32
2024-12-19 09:13:48 - be.view.auth - INFO - 注册处理结果: 200
2024-12-19 09:13:48 - werkzeug - INFO - 127.0.0.1 - - [19/Dec/2024 09:13:48] "POST /auth/register HTTP/1.1" 200 -
2024-12-19 09:13:48 - be.view.auth - INFO - 收到登录请求: {'user_id': 'seller_1_7f8caed6-bda6-11ef-9291-02a6845b4b32', 'password': 'password_seller_1_7f8caed6-bda6-11ef-9291-02a6845b4b32', 'terminal': 'my terminal'}
2024-12-19 09:13:48 - be.model.user - INFO - 尝试登录用户：seller_1_7f8caed6-bda6-11ef-9291-02a6845b4b32，终端：my terminal
2024-12-19 09:13:48 - be.model.user - INFO - 为用户 seller_1_7f8caed6-bda6-11ef-9291-02a6845b4b32 生成新token，终端：my terminal
2024-12-19 09:13:48 - be.model.user - INFO - 用户登录成功：seller_1_7f8caed6-bda6-11ef-9291-02a6845b4b32
2024-12-19 09:13:48 - be.view.auth - INFO - 登录处理结果: 200
2024-12-19 09:13:48 - werkzeug - INFO - 127.0.0.1 - - [19/Dec/2024 09:13:48] "POST /auth/login HTTP/1.1" 200 -
2024-12-19 09:13:48 - be.model.seller - WARNING - 用户不存在: seller_1_7f8caed6-bda6-11ef-9291-02a6845b4b32
2024-12-19 09:13:48 - werkzeug - INFO - 127.0.0.1 - - [19/Dec/2024 09:13:48] "[31m[1mPOST /seller/create_store HTTP/1.1[0m" 401 -
2024-12-19 09:13:48 - be.serve - INFO - 正在关闭服务器...
2024-12-19 09:13:48 - be.serve - ERROR - 关闭服务器失败: Not running with the Werkzeug Server
2024-12-19 09:16:46 - __main__ - INFO - 
{'='*20} 开始运行所有测试 {'='*20}
2024-12-19 09:16:46 - be.model.db_config - INFO - 清理数据库...
2024-12-19 09:16:50 - be.model.db_config - INFO - 数据库清理完成
2024-12-19 09:16:50 - be.model.db_config - INFO - 已创建的表: ['book', 'book_images', 'books', 'order_items', 'orders', 'stores', 'users']
2024-12-19 09:16:50 - be.model.user - INFO - 创建 UserManager 实例
2024-12-19 09:16:50 - be.serve - INFO - 正在启动服务器...
2024-12-19 09:16:50 - be.serve - INFO - 创建Flask应用...
2024-12-19 09:16:50 - be.serve - INFO - 初始化数据库...
2024-12-19 09:16:50 - be.model.db_config - INFO - 清理数据库...
2024-12-19 09:16:53 - be.model.db_config - INFO - 数据库清理完成
2024-12-19 09:16:54 - be.model.db_config - INFO - 已创建的表: ['book', 'book_images', 'books', 'order_items', 'orders', 'stores', 'users']
2024-12-19 09:16:54 - be.model.db_config - INFO - 删除所有表...
2024-12-19 09:16:57 - be.model.db_config - INFO - 数据库初始化完成
2024-12-19 09:16:57 - be.model.db_config - INFO - 已创建的表: ['book', 'book_images', 'books', 'order_items', 'orders', 'stores', 'users']
2024-12-19 09:16:57 - be.serve - INFO - 数据库初始化成功
2024-12-19 09:16:57 - be.serve - INFO - 注册蓝图...
2024-12-19 09:16:57 - be.serve - INFO - 启动服务器...
2024-12-19 09:16:57 - werkzeug - INFO - [31m[1mWARNING: This is a development server. Do not use it in a production deployment. Use a production WSGI server instead.[0m
 * Running on http://127.0.0.1:5555
2024-12-19 09:16:57 - werkzeug - INFO - [33mPress CTRL+C to quit[0m
2024-12-19 09:16:57 - be.view.auth - INFO - 收到注册请求: {'user_id': 'test_register_user_1734571017.3955672', 'password': 'test_register_password_1734571017.3955789'}
2024-12-19 09:16:57 - be.model.user - INFO - 尝试注册新用户：test_register_user_1734571017.3955672
2024-12-19 09:16:57 - be.model.user - INFO - 加密密码...
2024-12-19 09:16:57 - be.model.user - INFO - 创建新用户...
2024-12-19 09:16:57 - be.model.user - INFO - 添加用户到数据库...
2024-12-19 09:16:57 - be.model.user - INFO - 用户注册成功：test_register_user_1734571017.3955672
2024-12-19 09:16:57 - be.view.auth - INFO - 注册处理结果: 200
2024-12-19 09:16:57 - werkzeug - INFO - 127.0.0.1 - - [19/Dec/2024 09:16:57] "POST /auth/register HTTP/1.1" 200 -
2024-12-19 09:16:57 - be.view.auth - INFO - 收到注册请求: {'user_id': 'test_register_user_1734571017.69331', 'password': 'test_register_password_1734571017.6933188'}
2024-12-19 09:16:57 - be.model.user - INFO - 尝试注册新用户：test_register_user_1734571017.69331
2024-12-19 09:16:57 - be.model.user - INFO - 加密密码...
2024-12-19 09:16:57 - be.model.user - INFO - 创建新用户...
2024-12-19 09:16:57 - be.model.user - INFO - 添加用户到数据库...
2024-12-19 09:16:57 - be.model.user - INFO - 用户注册成功：test_register_user_1734571017.69331
2024-12-19 09:16:57 - be.view.auth - INFO - 注册处理结果: 200
2024-12-19 09:16:57 - werkzeug - INFO - 127.0.0.1 - - [19/Dec/2024 09:16:57] "POST /auth/register HTTP/1.1" 200 -
2024-12-19 09:16:57 - be.view.auth - INFO - 收到注销请求: {'user_id': 'test_register_user_1734571017.69331', 'password': 'test_register_password_1734571017.6933188'}
2024-12-19 09:16:57 - be.model.user - INFO - 尝试注销用户：test_register_user_1734571017.69331
2024-12-19 09:16:58 - be.model.user - INFO - 用户注销成功：test_register_user_1734571017.69331
2024-12-19 09:16:58 - be.view.auth - INFO - 注销处理结果: 200
2024-12-19 09:16:58 - werkzeug - INFO - 127.0.0.1 - - [19/Dec/2024 09:16:58] "POST /auth/unregister HTTP/1.1" 200 -
2024-12-19 09:16:58 - be.view.auth - INFO - 收到注册请求: {'user_id': 'test_register_user_1734571018.3866072', 'password': 'test_register_password_1734571018.386623'}
2024-12-19 09:16:58 - be.model.user - INFO - 尝试注册新用户：test_register_user_1734571018.3866072
2024-12-19 09:16:58 - be.model.user - INFO - 加密密码...
2024-12-19 09:16:58 - be.model.user - INFO - 创建新用户...
2024-12-19 09:16:58 - be.model.user - INFO - 添加用户到数据库...
2024-12-19 09:16:58 - be.model.user - INFO - 用户注册成功：test_register_user_1734571018.3866072
2024-12-19 09:16:58 - be.view.auth - INFO - 注册处理结果: 200
2024-12-19 09:16:58 - werkzeug - INFO - 127.0.0.1 - - [19/Dec/2024 09:16:58] "POST /auth/register HTTP/1.1" 200 -
2024-12-19 09:16:58 - be.view.auth - INFO - 收到注销请求: {'user_id': 'test_register_user_1734571018.3866072_x', 'password': 'test_register_password_1734571018.386623'}
2024-12-19 09:16:58 - be.model.user - INFO - 尝试注销用户：test_register_user_1734571018.3866072_x
2024-12-19 09:16:58 - be.model.user - WARNING - 用户不存在：test_register_user_1734571018.3866072_x
2024-12-19 09:16:58 - be.view.auth - INFO - 注销处理结果: 401
2024-12-19 09:16:58 - werkzeug - INFO - 127.0.0.1 - - [19/Dec/2024 09:16:58] "[31m[1mPOST /auth/unregister HTTP/1.1[0m" 401 -
2024-12-19 09:16:58 - be.view.auth - INFO - 收到注销请求: {'user_id': 'test_register_user_1734571018.3866072', 'password': 'test_register_password_1734571018.386623_x'}
2024-12-19 09:16:58 - be.model.user - INFO - 尝试注销用户：test_register_user_1734571018.3866072
2024-12-19 09:16:59 - be.model.user - WARNING - 密码错误：test_register_user_1734571018.3866072
2024-12-19 09:16:59 - be.view.auth - INFO - 注销处理结果: 401
2024-12-19 09:16:59 - werkzeug - INFO - 127.0.0.1 - - [19/Dec/2024 09:16:59] "[31m[1mPOST /auth/unregister HTTP/1.1[0m" 401 -
2024-12-19 09:16:59 - be.view.auth - INFO - 收到注册请求: {'user_id': 'test_register_user_1734571019.1209831', 'password': 'test_register_password_1734571019.120994'}
2024-12-19 09:16:59 - be.model.user - INFO - 尝试注册新用户：test_register_user_1734571019.1209831
2024-12-19 09:16:59 - be.model.user - INFO - 加密密码...
2024-12-19 09:16:59 - be.model.user - INFO - 创建新用户...
2024-12-19 09:16:59 - be.model.user - INFO - 添加用户到数据库...
2024-12-19 09:16:59 - be.model.user - INFO - 用户注册成功：test_register_user_1734571019.1209831
2024-12-19 09:16:59 - be.view.auth - INFO - 注册处理结果: 200
2024-12-19 09:16:59 - werkzeug - INFO - 127.0.0.1 - - [19/Dec/2024 09:16:59] "POST /auth/register HTTP/1.1" 200 -
2024-12-19 09:16:59 - be.view.auth - INFO - 收到注册请求: {'user_id': 'test_register_user_1734571019.1209831', 'password': 'test_register_password_1734571019.120994'}
2024-12-19 09:16:59 - be.model.user - INFO - 尝试注册新用户：test_register_user_1734571019.1209831
2024-12-19 09:16:59 - be.model.user - WARNING - 用户已存在：test_register_user_1734571019.1209831
2024-12-19 09:16:59 - be.view.auth - INFO - 注册处理结果: 401
2024-12-19 09:16:59 - werkzeug - INFO - 127.0.0.1 - - [19/Dec/2024 09:16:59] "[31m[1mPOST /auth/register HTTP/1.1[0m" 401 -
2024-12-19 09:16:59 - be.view.auth - INFO - 收到注册请求: {'user_id': 'test_login_1734571019.648192', 'password': 'password_test_login_1734571019.648192'}
2024-12-19 09:16:59 - be.model.user - INFO - 尝试注册新用户：test_login_1734571019.648192
2024-12-19 09:16:59 - be.model.user - INFO - 加密密码...
2024-12-19 09:16:59 - be.model.user - INFO - 创建新用户...
2024-12-19 09:16:59 - be.model.user - INFO - 添加用户到数据库...
2024-12-19 09:16:59 - be.model.user - INFO - 用户注册成功：test_login_1734571019.648192
2024-12-19 09:16:59 - be.view.auth - INFO - 注册处理结果: 200
2024-12-19 09:16:59 - werkzeug - INFO - 127.0.0.1 - - [19/Dec/2024 09:16:59] "POST /auth/register HTTP/1.1" 200 -
2024-12-19 09:16:59 - be.view.auth - INFO - 收到登录请求: {'user_id': 'test_login_1734571019.648192', 'password': 'password_test_login_1734571019.648192', 'terminal': 'terminal_test_login_1734571019.648192'}
2024-12-19 09:16:59 - be.model.user - INFO - 尝试登录用户：test_login_1734571019.648192，终端：terminal_test_login_1734571019.648192
2024-12-19 09:17:00 - be.model.user - INFO - 为用户 test_login_1734571019.648192 生成新token，终端：terminal_test_login_1734571019.648192
2024-12-19 09:17:00 - be.model.user - INFO - 用户登录成功：test_login_1734571019.648192
2024-12-19 09:17:00 - be.view.auth - INFO - 登录处理结果: 200
2024-12-19 09:17:00 - werkzeug - INFO - 127.0.0.1 - - [19/Dec/2024 09:17:00] "POST /auth/login HTTP/1.1" 200 -
2024-12-19 09:17:00 - be.view.auth - INFO - 收到登出请求: {'user_id': 'test_login_1734571019.648192_x'}
2024-12-19 09:17:00 - be.model.user - INFO - 尝试登出用户：test_login_1734571019.648192_x
2024-12-19 09:17:00 - be.model.user - WARNING - token用户ID不匹配: expected=test_login_1734571019.648192_x, actual=test_login_1734571019.648192
2024-12-19 09:17:00 - be.model.user - WARNING - token验证失败：test_login_1734571019.648192_x
2024-12-19 09:17:00 - be.view.auth - INFO - 登出处理结果: 401
2024-12-19 09:17:00 - werkzeug - INFO - 127.0.0.1 - - [19/Dec/2024 09:17:00] "[31m[1mPOST /auth/logout HTTP/1.1[0m" 401 -
2024-12-19 09:17:00 - be.view.auth - INFO - 收到登出请求: {'user_id': 'test_login_1734571019.648192'}
2024-12-19 09:17:00 - be.model.user - INFO - 尝试登出用户：test_login_1734571019.648192
2024-12-19 09:17:00 - be.model.user - WARNING - 无效的token：eyJhbGciOiJIUzI1NiIsInR5cCI6IkpXVCJ9.eyJ1c2VyX2lkIjoidGVzdF9sb2dpbl8xNzM0NTcxMDE5LjY0ODE5MiIsInRlcm1pbmFsIjoidGVybWluYWxfdGVzdF9sb2dpbl8xNzM0NTcxMDE5LjY0ODE5MiIsImV4cCI6MTczNTE3NTgyMCwiaWF0IjoxNzM0NTcxMDIwfQ.w2SMYYvd1EyrLh9RIASM-eFyTtVQvTsBw_y0QCq7T60_x
2024-12-19 09:17:00 - be.model.user - WARNING - token验证失败：test_login_1734571019.648192
2024-12-19 09:17:00 - be.view.auth - INFO - 登出处理结果: 401
2024-12-19 09:17:00 - werkzeug - INFO - 127.0.0.1 - - [19/Dec/2024 09:17:00] "[31m[1mPOST /auth/logout HTTP/1.1[0m" 401 -
2024-12-19 09:17:00 - be.view.auth - INFO - 收到登出请求: {'user_id': 'test_login_1734571019.648192'}
2024-12-19 09:17:00 - be.model.user - INFO - 尝试登出用户：test_login_1734571019.648192
2024-12-19 09:17:00 - be.model.user - INFO - token验证成功：test_login_1734571019.648192
2024-12-19 09:17:00 - be.model.user - INFO - 用户登出成功：test_login_1734571019.648192
2024-12-19 09:17:00 - be.view.auth - INFO - 登出处理结果: 200
2024-12-19 09:17:00 - werkzeug - INFO - 127.0.0.1 - - [19/Dec/2024 09:17:00] "POST /auth/logout HTTP/1.1" 200 -
2024-12-19 09:17:00 - be.view.auth - INFO - 收到注册请求: {'user_id': 'test_login_1734571020.3875892', 'password': 'password_test_login_1734571020.3875892'}
2024-12-19 09:17:00 - be.model.user - INFO - 尝试注册新用户：test_login_1734571020.3875892
2024-12-19 09:17:00 - be.model.user - INFO - 加密密码...
2024-12-19 09:17:00 - be.model.user - INFO - 创建新用户...
2024-12-19 09:17:00 - be.model.user - INFO - 添加用户到数据库...
2024-12-19 09:17:00 - be.model.user - INFO - 用户注册成功：test_login_1734571020.3875892
2024-12-19 09:17:00 - be.view.auth - INFO - 注册处理结果: 200
2024-12-19 09:17:00 - werkzeug - INFO - 127.0.0.1 - - [19/Dec/2024 09:17:00] "POST /auth/register HTTP/1.1" 200 -
2024-12-19 09:17:00 - be.view.auth - INFO - 收到登录请求: {'user_id': 'test_login_1734571020.3875892_x', 'password': 'password_test_login_1734571020.3875892', 'terminal': 'terminal_test_login_1734571020.3875892'}
2024-12-19 09:17:00 - be.model.user - INFO - 尝试登录用户：test_login_1734571020.3875892_x，终端：terminal_test_login_1734571020.3875892
2024-12-19 09:17:00 - be.model.user - WARNING - 用户不存在：test_login_1734571020.3875892_x
2024-12-19 09:17:00 - be.view.auth - INFO - 登录处理结果: 401
2024-12-19 09:17:00 - werkzeug - INFO - 127.0.0.1 - - [19/Dec/2024 09:17:00] "[31m[1mPOST /auth/login HTTP/1.1[0m" 401 -
2024-12-19 09:17:00 - be.view.auth - INFO - 收到注册请求: {'user_id': 'test_login_1734571020.923861', 'password': 'password_test_login_1734571020.923861'}
2024-12-19 09:17:00 - be.model.user - INFO - 尝试注册新用户：test_login_1734571020.923861
2024-12-19 09:17:01 - be.model.user - INFO - 加密密码...
2024-12-19 09:17:01 - be.model.user - INFO - 创建新用户...
2024-12-19 09:17:01 - be.model.user - INFO - 添加用户到数据库...
2024-12-19 09:17:01 - be.model.user - INFO - 用户注册成功：test_login_1734571020.923861
2024-12-19 09:17:01 - be.view.auth - INFO - 注册处理结果: 200
2024-12-19 09:17:01 - werkzeug - INFO - 127.0.0.1 - - [19/Dec/2024 09:17:01] "POST /auth/register HTTP/1.1" 200 -
2024-12-19 09:17:01 - be.view.auth - INFO - 收到登录请求: {'user_id': 'test_login_1734571020.923861', 'password': 'password_test_login_1734571020.923861_x', 'terminal': 'terminal_test_login_1734571020.923861'}
2024-12-19 09:17:01 - be.model.user - INFO - 尝试登录用户：test_login_1734571020.923861，终端：terminal_test_login_1734571020.923861
2024-12-19 09:17:01 - be.model.user - WARNING - 密码错误：test_login_1734571020.923861
2024-12-19 09:17:01 - be.view.auth - INFO - 登录处理结果: 401
2024-12-19 09:17:01 - werkzeug - INFO - 127.0.0.1 - - [19/Dec/2024 09:17:01] "[31m[1mPOST /auth/login HTTP/1.1[0m" 401 -
2024-12-19 09:17:01 - be.view.auth - INFO - 收到注册请求: {'user_id': 'test_password_f33dc2c0-bda6-11ef-aac6-02a6845b4b32', 'password': 'old_password_test_password_f33dc2c0-bda6-11ef-aac6-02a6845b4b32'}
2024-12-19 09:17:01 - be.model.user - INFO - 尝试注册新用户：test_password_f33dc2c0-bda6-11ef-aac6-02a6845b4b32
2024-12-19 09:17:01 - be.model.user - INFO - 加密密码...
2024-12-19 09:17:01 - be.model.user - INFO - 创建新用户...
2024-12-19 09:17:01 - be.model.user - INFO - 添加用户到数据库...
2024-12-19 09:17:01 - be.model.user - INFO - 用户注册成功：test_password_f33dc2c0-bda6-11ef-aac6-02a6845b4b32
2024-12-19 09:17:01 - be.view.auth - INFO - 注册处理结果: 200
2024-12-19 09:17:01 - werkzeug - INFO - 127.0.0.1 - - [19/Dec/2024 09:17:01] "POST /auth/register HTTP/1.1" 200 -
2024-12-19 09:17:01 - be.view.auth - INFO - 收到修改密码请求: {'user_id': 'test_password_f33dc2c0-bda6-11ef-aac6-02a6845b4b32', 'oldPassword': 'old_password_test_password_f33dc2c0-bda6-11ef-aac6-02a6845b4b32', 'newPassword': 'new_password_test_password_f33dc2c0-bda6-11ef-aac6-02a6845b4b32'}
2024-12-19 09:17:01 - be.model.user - INFO - 尝试修改密码：test_password_f33dc2c0-bda6-11ef-aac6-02a6845b4b32
2024-12-19 09:17:02 - be.model.user - INFO - 密码修改成功：test_password_f33dc2c0-bda6-11ef-aac6-02a6845b4b32
2024-12-19 09:17:02 - be.view.auth - INFO - 修改密码处理结果: 200
2024-12-19 09:17:02 - werkzeug - INFO - 127.0.0.1 - - [19/Dec/2024 09:17:02] "POST /auth/password HTTP/1.1" 200 -
2024-12-19 09:17:02 - be.view.auth - INFO - 收到登录请求: {'user_id': 'test_password_f33dc2c0-bda6-11ef-aac6-02a6845b4b32', 'password': 'old_password_test_password_f33dc2c0-bda6-11ef-aac6-02a6845b4b32', 'terminal': 'terminal_test_password_f33dc2c0-bda6-11ef-aac6-02a6845b4b32'}
2024-12-19 09:17:02 - be.model.user - INFO - 尝试登录用户：test_password_f33dc2c0-bda6-11ef-aac6-02a6845b4b32，终端：terminal_test_password_f33dc2c0-bda6-11ef-aac6-02a6845b4b32
2024-12-19 09:17:02 - be.model.user - WARNING - 密码错误：test_password_f33dc2c0-bda6-11ef-aac6-02a6845b4b32
2024-12-19 09:17:02 - be.view.auth - INFO - 登录处理结果: 401
2024-12-19 09:17:02 - werkzeug - INFO - 127.0.0.1 - - [19/Dec/2024 09:17:02] "[31m[1mPOST /auth/login HTTP/1.1[0m" 401 -
2024-12-19 09:17:02 - be.view.auth - INFO - 收到登录请求: {'user_id': 'test_password_f33dc2c0-bda6-11ef-aac6-02a6845b4b32', 'password': 'new_password_test_password_f33dc2c0-bda6-11ef-aac6-02a6845b4b32', 'terminal': 'terminal_test_password_f33dc2c0-bda6-11ef-aac6-02a6845b4b32'}
2024-12-19 09:17:02 - be.model.user - INFO - 尝试登录用户：test_password_f33dc2c0-bda6-11ef-aac6-02a6845b4b32，终端：terminal_test_password_f33dc2c0-bda6-11ef-aac6-02a6845b4b32
2024-12-19 09:17:02 - be.model.user - INFO - 为用户 test_password_f33dc2c0-bda6-11ef-aac6-02a6845b4b32 生成新token，终端：terminal_test_password_f33dc2c0-bda6-11ef-aac6-02a6845b4b32
2024-12-19 09:17:02 - be.model.user - INFO - 用户登录成功：test_password_f33dc2c0-bda6-11ef-aac6-02a6845b4b32
2024-12-19 09:17:02 - be.view.auth - INFO - 登录处理结果: 200
2024-12-19 09:17:02 - werkzeug - INFO - 127.0.0.1 - - [19/Dec/2024 09:17:02] "POST /auth/login HTTP/1.1" 200 -
2024-12-19 09:17:02 - be.view.auth - INFO - 收到登出请求: {'user_id': 'test_password_f33dc2c0-bda6-11ef-aac6-02a6845b4b32'}
2024-12-19 09:17:02 - be.model.user - INFO - 尝试登出用户：test_password_f33dc2c0-bda6-11ef-aac6-02a6845b4b32
2024-12-19 09:17:02 - be.model.user - INFO - token验证成功：test_password_f33dc2c0-bda6-11ef-aac6-02a6845b4b32
2024-12-19 09:17:02 - be.model.user - INFO - 用户登出成功：test_password_f33dc2c0-bda6-11ef-aac6-02a6845b4b32
2024-12-19 09:17:02 - be.view.auth - INFO - 登出处理结果: 200
2024-12-19 09:17:02 - werkzeug - INFO - 127.0.0.1 - - [19/Dec/2024 09:17:02] "POST /auth/logout HTTP/1.1" 200 -
2024-12-19 09:17:02 - be.view.auth - INFO - 收到注册请求: {'user_id': 'test_password_f4028588-bda6-11ef-aac6-02a6845b4b32', 'password': 'old_password_test_password_f4028588-bda6-11ef-aac6-02a6845b4b32'}
2024-12-19 09:17:02 - be.model.user - INFO - 尝试注册新用户：test_password_f4028588-bda6-11ef-aac6-02a6845b4b32
2024-12-19 09:17:02 - be.model.user - INFO - 加密密码...
2024-12-19 09:17:02 - be.model.user - INFO - 创建新用户...
2024-12-19 09:17:02 - be.model.user - INFO - 添加用户到数据库...
2024-12-19 09:17:03 - be.model.user - INFO - 用户注册成功：test_password_f4028588-bda6-11ef-aac6-02a6845b4b32
2024-12-19 09:17:03 - be.view.auth - INFO - 注册处理结果: 200
2024-12-19 09:17:03 - werkzeug - INFO - 127.0.0.1 - - [19/Dec/2024 09:17:03] "POST /auth/register HTTP/1.1" 200 -
2024-12-19 09:17:03 - be.view.auth - INFO - 收到修改密码请求: {'user_id': 'test_password_f4028588-bda6-11ef-aac6-02a6845b4b32', 'oldPassword': 'old_password_test_password_f4028588-bda6-11ef-aac6-02a6845b4b32_x', 'newPassword': 'new_password_test_password_f4028588-bda6-11ef-aac6-02a6845b4b32'}
2024-12-19 09:17:03 - be.model.user - INFO - 尝试修改密码：test_password_f4028588-bda6-11ef-aac6-02a6845b4b32
2024-12-19 09:17:03 - be.model.user - WARNING - 旧密码错误：test_password_f4028588-bda6-11ef-aac6-02a6845b4b32
2024-12-19 09:17:03 - be.view.auth - INFO - 修改密码处理结果: 401
2024-12-19 09:17:03 - werkzeug - INFO - 127.0.0.1 - - [19/Dec/2024 09:17:03] "[31m[1mPOST /auth/password HTTP/1.1[0m" 401 -
2024-12-19 09:17:03 - be.view.auth - INFO - 收到登录请求: {'user_id': 'test_password_f4028588-bda6-11ef-aac6-02a6845b4b32', 'password': 'new_password_test_password_f4028588-bda6-11ef-aac6-02a6845b4b32', 'terminal': 'terminal_test_password_f4028588-bda6-11ef-aac6-02a6845b4b32'}
2024-12-19 09:17:03 - be.model.user - INFO - 尝试登录用户：test_password_f4028588-bda6-11ef-aac6-02a6845b4b32，终端：terminal_test_password_f4028588-bda6-11ef-aac6-02a6845b4b32
2024-12-19 09:17:03 - be.model.user - WARNING - 密码错误：test_password_f4028588-bda6-11ef-aac6-02a6845b4b32
2024-12-19 09:17:03 - be.view.auth - INFO - 登录处理结果: 401
2024-12-19 09:17:03 - werkzeug - INFO - 127.0.0.1 - - [19/Dec/2024 09:17:03] "[31m[1mPOST /auth/login HTTP/1.1[0m" 401 -
2024-12-19 09:17:03 - be.view.auth - INFO - 收到注册请求: {'user_id': 'test_password_f4772a28-bda6-11ef-aac6-02a6845b4b32', 'password': 'old_password_test_password_f4772a28-bda6-11ef-aac6-02a6845b4b32'}
2024-12-19 09:17:03 - be.model.user - INFO - 尝试注册新用户：test_password_f4772a28-bda6-11ef-aac6-02a6845b4b32
2024-12-19 09:17:03 - be.model.user - INFO - 加密密码...
2024-12-19 09:17:03 - be.model.user - INFO - 创建新用户...
2024-12-19 09:17:03 - be.model.user - INFO - 添加用户到数据库...
2024-12-19 09:17:03 - be.model.user - INFO - 用户注册成功：test_password_f4772a28-bda6-11ef-aac6-02a6845b4b32
2024-12-19 09:17:03 - be.view.auth - INFO - 注册处理结果: 200
2024-12-19 09:17:03 - werkzeug - INFO - 127.0.0.1 - - [19/Dec/2024 09:17:03] "POST /auth/register HTTP/1.1" 200 -
2024-12-19 09:17:03 - be.view.auth - INFO - 收到修改密码请求: {'user_id': 'test_password_f4772a28-bda6-11ef-aac6-02a6845b4b32_x', 'oldPassword': 'old_password_test_password_f4772a28-bda6-11ef-aac6-02a6845b4b32', 'newPassword': 'new_password_test_password_f4772a28-bda6-11ef-aac6-02a6845b4b32'}
2024-12-19 09:17:03 - be.model.user - INFO - 尝试修改密码：test_password_f4772a28-bda6-11ef-aac6-02a6845b4b32_x
2024-12-19 09:17:03 - be.model.user - WARNING - 用户不存在：test_password_f4772a28-bda6-11ef-aac6-02a6845b4b32_x
2024-12-19 09:17:04 - be.view.auth - INFO - 修改密码处理结果: 401
2024-12-19 09:17:04 - werkzeug - INFO - 127.0.0.1 - - [19/Dec/2024 09:17:04] "[31m[1mPOST /auth/password HTTP/1.1[0m" 401 -
2024-12-19 09:17:04 - be.view.auth - INFO - 收到登录请求: {'user_id': 'test_password_f4772a28-bda6-11ef-aac6-02a6845b4b32', 'password': 'new_password_test_password_f4772a28-bda6-11ef-aac6-02a6845b4b32', 'terminal': 'terminal_test_password_f4772a28-bda6-11ef-aac6-02a6845b4b32'}
2024-12-19 09:17:04 - be.model.user - INFO - 尝试登录用户：test_password_f4772a28-bda6-11ef-aac6-02a6845b4b32，终端：terminal_test_password_f4772a28-bda6-11ef-aac6-02a6845b4b32
2024-12-19 09:17:04 - be.model.user - WARNING - 密码错误：test_password_f4772a28-bda6-11ef-aac6-02a6845b4b32
2024-12-19 09:17:04 - be.view.auth - INFO - 登录处理结果: 401
2024-12-19 09:17:04 - werkzeug - INFO - 127.0.0.1 - - [19/Dec/2024 09:17:04] "[31m[1mPOST /auth/login HTTP/1.1[0m" 401 -
2024-12-19 09:17:04 - be.view.auth - INFO - 收到注册请求: {'user_id': 'test_add_funds_f4e598be-bda6-11ef-aac6-02a6845b4b32', 'password': 'test_add_funds_f4e598be-bda6-11ef-aac6-02a6845b4b32'}
2024-12-19 09:17:04 - be.model.user - INFO - 尝试注册新用户：test_add_funds_f4e598be-bda6-11ef-aac6-02a6845b4b32
2024-12-19 09:17:04 - be.model.user - INFO - 加密密码...
2024-12-19 09:17:04 - be.model.user - INFO - 创建新用户...
2024-12-19 09:17:04 - be.model.user - INFO - 添加用户到数据库...
2024-12-19 09:17:04 - be.model.user - INFO - 用户注册成功：test_add_funds_f4e598be-bda6-11ef-aac6-02a6845b4b32
2024-12-19 09:17:04 - be.view.auth - INFO - 注册处理结果: 200
2024-12-19 09:17:04 - werkzeug - INFO - 127.0.0.1 - - [19/Dec/2024 09:17:04] "POST /auth/register HTTP/1.1" 200 -
2024-12-19 09:17:04 - be.view.auth - INFO - 收到登录请求: {'user_id': 'test_add_funds_f4e598be-bda6-11ef-aac6-02a6845b4b32', 'password': 'test_add_funds_f4e598be-bda6-11ef-aac6-02a6845b4b32', 'terminal': 'my terminal'}
2024-12-19 09:17:04 - be.model.user - INFO - 尝试登录用户：test_add_funds_f4e598be-bda6-11ef-aac6-02a6845b4b32，终端：my terminal
2024-12-19 09:17:04 - be.model.user - INFO - 为用户 test_add_funds_f4e598be-bda6-11ef-aac6-02a6845b4b32 生成新token，终端：my terminal
2024-12-19 09:17:04 - be.model.user - INFO - 用户登录成功：test_add_funds_f4e598be-bda6-11ef-aac6-02a6845b4b32
2024-12-19 09:17:04 - be.view.auth - INFO - 登录处理结果: 200
2024-12-19 09:17:04 - werkzeug - INFO - 127.0.0.1 - - [19/Dec/2024 09:17:04] "POST /auth/login HTTP/1.1" 200 -
2024-12-19 09:17:04 - werkzeug - INFO - 127.0.0.1 - - [19/Dec/2024 09:17:04] "POST /buyer/add_funds HTTP/1.1" 200 -
2024-12-19 09:17:05 - werkzeug - INFO - 127.0.0.1 - - [19/Dec/2024 09:17:05] "POST /buyer/add_funds HTTP/1.1" 200 -
2024-12-19 09:17:05 - be.view.auth - INFO - 收到注册请求: {'user_id': 'test_add_funds_f574bb70-bda6-11ef-aac6-02a6845b4b32', 'password': 'test_add_funds_f574bb70-bda6-11ef-aac6-02a6845b4b32'}
2024-12-19 09:17:05 - be.model.user - INFO - 尝试注册新用户：test_add_funds_f574bb70-bda6-11ef-aac6-02a6845b4b32
2024-12-19 09:17:05 - be.model.user - INFO - 加密密码...
2024-12-19 09:17:05 - be.model.user - INFO - 创建新用户...
2024-12-19 09:17:05 - be.model.user - INFO - 添加用户到数据库...
2024-12-19 09:17:05 - be.model.user - INFO - 用户注册成功：test_add_funds_f574bb70-bda6-11ef-aac6-02a6845b4b32
2024-12-19 09:17:05 - be.view.auth - INFO - 注册处理结果: 200
2024-12-19 09:17:05 - werkzeug - INFO - 127.0.0.1 - - [19/Dec/2024 09:17:05] "POST /auth/register HTTP/1.1" 200 -
2024-12-19 09:17:05 - be.view.auth - INFO - 收到登录请求: {'user_id': 'test_add_funds_f574bb70-bda6-11ef-aac6-02a6845b4b32', 'password': 'test_add_funds_f574bb70-bda6-11ef-aac6-02a6845b4b32', 'terminal': 'my terminal'}
2024-12-19 09:17:05 - be.model.user - INFO - 尝试登录用户：test_add_funds_f574bb70-bda6-11ef-aac6-02a6845b4b32，终端：my terminal
2024-12-19 09:17:05 - be.model.user - INFO - 为用户 test_add_funds_f574bb70-bda6-11ef-aac6-02a6845b4b32 生成新token，终端：my terminal
2024-12-19 09:17:05 - be.model.user - INFO - 用户登录成功：test_add_funds_f574bb70-bda6-11ef-aac6-02a6845b4b32
2024-12-19 09:17:05 - be.view.auth - INFO - 登录处理结果: 200
2024-12-19 09:17:05 - werkzeug - INFO - 127.0.0.1 - - [19/Dec/2024 09:17:05] "POST /auth/login HTTP/1.1" 200 -
2024-12-19 09:17:05 - werkzeug - INFO - 127.0.0.1 - - [19/Dec/2024 09:17:05] "[31m[1mPOST /buyer/add_funds HTTP/1.1[0m" 401 -
2024-12-19 09:17:05 - be.view.auth - INFO - 收到注册请求: {'user_id': 'test_add_funds_f5d44040-bda6-11ef-aac6-02a6845b4b32', 'password': 'test_add_funds_f5d44040-bda6-11ef-aac6-02a6845b4b32'}
2024-12-19 09:17:05 - be.model.user - INFO - 尝试注册新用户：test_add_funds_f5d44040-bda6-11ef-aac6-02a6845b4b32
2024-12-19 09:17:06 - be.model.user - INFO - 加密密码...
2024-12-19 09:17:06 - be.model.user - INFO - 创建新用户...
2024-12-19 09:17:06 - be.model.user - INFO - 添加用户到数据库...
2024-12-19 09:17:06 - be.model.user - INFO - 用户注册成功：test_add_funds_f5d44040-bda6-11ef-aac6-02a6845b4b32
2024-12-19 09:17:06 - be.view.auth - INFO - 注册处理结果: 200
2024-12-19 09:17:06 - werkzeug - INFO - 127.0.0.1 - - [19/Dec/2024 09:17:06] "POST /auth/register HTTP/1.1" 200 -
2024-12-19 09:17:06 - be.view.auth - INFO - 收到登录请求: {'user_id': 'test_add_funds_f5d44040-bda6-11ef-aac6-02a6845b4b32', 'password': 'test_add_funds_f5d44040-bda6-11ef-aac6-02a6845b4b32', 'terminal': 'my terminal'}
2024-12-19 09:17:06 - be.model.user - INFO - 尝试登录用户：test_add_funds_f5d44040-bda6-11ef-aac6-02a6845b4b32，终端：my terminal
2024-12-19 09:17:06 - be.model.user - INFO - 为用户 test_add_funds_f5d44040-bda6-11ef-aac6-02a6845b4b32 生成新token，终端：my terminal
2024-12-19 09:17:06 - be.model.user - INFO - 用户登录成功：test_add_funds_f5d44040-bda6-11ef-aac6-02a6845b4b32
2024-12-19 09:17:06 - be.view.auth - INFO - 登录处理结果: 200
2024-12-19 09:17:06 - werkzeug - INFO - 127.0.0.1 - - [19/Dec/2024 09:17:06] "POST /auth/login HTTP/1.1" 200 -
2024-12-19 09:17:06 - werkzeug - INFO - 127.0.0.1 - - [19/Dec/2024 09:17:06] "[31m[1mPOST /buyer/add_funds HTTP/1.1[0m" 401 -
2024-12-19 09:17:06 - be.view.auth - INFO - 收到注册请求: {'user_id': 'test_create_store_user_f65c5fd4-bda6-11ef-aac6-02a6845b4b32', 'password': 'test_create_store_user_f65c5fd4-bda6-11ef-aac6-02a6845b4b32'}
2024-12-19 09:17:06 - be.model.user - INFO - 尝试注册新用户：test_create_store_user_f65c5fd4-bda6-11ef-aac6-02a6845b4b32
2024-12-19 09:17:06 - be.model.user - INFO - 加密密码...
2024-12-19 09:17:06 - be.model.user - INFO - 创建新用户...
2024-12-19 09:17:06 - be.model.user - INFO - 添加用户到数据库...
2024-12-19 09:17:07 - be.model.user - INFO - 用户注册成功：test_create_store_user_f65c5fd4-bda6-11ef-aac6-02a6845b4b32
2024-12-19 09:17:07 - be.view.auth - INFO - 注册处理结果: 200
2024-12-19 09:17:07 - werkzeug - INFO - 127.0.0.1 - - [19/Dec/2024 09:17:07] "POST /auth/register HTTP/1.1" 200 -
2024-12-19 09:17:07 - be.view.auth - INFO - 收到登录请求: {'user_id': 'test_create_store_user_f65c5fd4-bda6-11ef-aac6-02a6845b4b32', 'password': 'test_create_store_user_f65c5fd4-bda6-11ef-aac6-02a6845b4b32', 'terminal': 'my terminal'}
2024-12-19 09:17:07 - be.model.user - INFO - 尝试登录用户：test_create_store_user_f65c5fd4-bda6-11ef-aac6-02a6845b4b32，终端：my terminal
2024-12-19 09:17:07 - be.model.user - INFO - 为用户 test_create_store_user_f65c5fd4-bda6-11ef-aac6-02a6845b4b32 生成新token，终端：my terminal
2024-12-19 09:17:07 - be.model.user - INFO - 用户登录成功：test_create_store_user_f65c5fd4-bda6-11ef-aac6-02a6845b4b32
2024-12-19 09:17:07 - be.view.auth - INFO - 登录处理结果: 200
2024-12-19 09:17:07 - werkzeug - INFO - 127.0.0.1 - - [19/Dec/2024 09:17:07] "POST /auth/login HTTP/1.1" 200 -
2024-12-19 09:17:07 - be.model.seller - INFO - 商店创建成功: test_create_store_store_f65c6056-bda6-11ef-aac6-02a6845b4b32
2024-12-19 09:17:07 - werkzeug - INFO - 127.0.0.1 - - [19/Dec/2024 09:17:07] "POST /seller/create_store HTTP/1.1" 200 -
2024-12-19 09:17:07 - be.view.auth - INFO - 收到注册请求: {'user_id': 'test_create_store_user_f6e39828-bda6-11ef-aac6-02a6845b4b32', 'password': 'test_create_store_user_f6e39828-bda6-11ef-aac6-02a6845b4b32'}
2024-12-19 09:17:07 - be.model.user - INFO - 尝试注册新用户：test_create_store_user_f6e39828-bda6-11ef-aac6-02a6845b4b32
2024-12-19 09:17:07 - be.model.user - INFO - 加密密码...
2024-12-19 09:17:07 - be.model.user - INFO - 创建新用户...
2024-12-19 09:17:07 - be.model.user - INFO - 添加用户到数据库...
2024-12-19 09:17:07 - be.model.user - INFO - 用户注册成功：test_create_store_user_f6e39828-bda6-11ef-aac6-02a6845b4b32
2024-12-19 09:17:07 - be.view.auth - INFO - 注册处理结果: 200
2024-12-19 09:17:07 - werkzeug - INFO - 127.0.0.1 - - [19/Dec/2024 09:17:07] "POST /auth/register HTTP/1.1" 200 -
2024-12-19 09:17:07 - be.view.auth - INFO - 收到登录请求: {'user_id': 'test_create_store_user_f6e39828-bda6-11ef-aac6-02a6845b4b32', 'password': 'test_create_store_user_f6e39828-bda6-11ef-aac6-02a6845b4b32', 'terminal': 'my terminal'}
2024-12-19 09:17:07 - be.model.user - INFO - 尝试登录用户：test_create_store_user_f6e39828-bda6-11ef-aac6-02a6845b4b32，终端：my terminal
2024-12-19 09:17:08 - be.model.user - INFO - 为用户 test_create_store_user_f6e39828-bda6-11ef-aac6-02a6845b4b32 生成新token，终端：my terminal
2024-12-19 09:17:08 - be.model.user - INFO - 用户登录成功：test_create_store_user_f6e39828-bda6-11ef-aac6-02a6845b4b32
2024-12-19 09:17:08 - be.view.auth - INFO - 登录处理结果: 200
2024-12-19 09:17:08 - werkzeug - INFO - 127.0.0.1 - - [19/Dec/2024 09:17:08] "POST /auth/login HTTP/1.1" 200 -
2024-12-19 09:17:08 - be.model.seller - INFO - 商店创建成功: test_create_store_store_f6e39a1c-bda6-11ef-aac6-02a6845b4b32
2024-12-19 09:17:08 - werkzeug - INFO - 127.0.0.1 - - [19/Dec/2024 09:17:08] "POST /seller/create_store HTTP/1.1" 200 -
2024-12-19 09:17:08 - be.model.seller - WARNING - 商店已存在: test_create_store_store_f6e39a1c-bda6-11ef-aac6-02a6845b4b32
2024-12-19 09:17:08 - werkzeug - INFO - 127.0.0.1 - - [19/Dec/2024 09:17:08] "[31m[1mPOST /seller/create_store HTTP/1.1[0m" 401 -
2024-12-19 09:17:08 - be.view.auth - INFO - 收到注册请求: {'user_id': 'test_add_books_seller_id_f79d372e-bda6-11ef-aac6-02a6845b4b32', 'password': 'test_add_books_seller_id_f79d372e-bda6-11ef-aac6-02a6845b4b32'}
2024-12-19 09:17:08 - be.model.user - INFO - 尝试注册新用户：test_add_books_seller_id_f79d372e-bda6-11ef-aac6-02a6845b4b32
2024-12-19 09:17:08 - be.model.user - INFO - 加密密码...
2024-12-19 09:17:08 - be.model.user - INFO - 创建新用户...
2024-12-19 09:17:08 - be.model.user - INFO - 添加用户到数据库...
2024-12-19 09:17:09 - be.model.user - INFO - 用户注册成功：test_add_books_seller_id_f79d372e-bda6-11ef-aac6-02a6845b4b32
2024-12-19 09:17:09 - be.view.auth - INFO - 注册处理结果: 200
2024-12-19 09:17:09 - werkzeug - INFO - 127.0.0.1 - - [19/Dec/2024 09:17:09] "POST /auth/register HTTP/1.1" 200 -
2024-12-19 09:17:09 - be.view.auth - INFO - 收到登录请求: {'user_id': 'test_add_books_seller_id_f79d372e-bda6-11ef-aac6-02a6845b4b32', 'password': 'test_add_books_seller_id_f79d372e-bda6-11ef-aac6-02a6845b4b32', 'terminal': 'my terminal'}
2024-12-19 09:17:09 - be.model.user - INFO - 尝试登录用户：test_add_books_seller_id_f79d372e-bda6-11ef-aac6-02a6845b4b32，终端：my terminal
2024-12-19 09:17:09 - be.model.user - INFO - 为用户 test_add_books_seller_id_f79d372e-bda6-11ef-aac6-02a6845b4b32 生成新token，终端：my terminal
2024-12-19 09:17:09 - be.model.user - INFO - 用户登录成功：test_add_books_seller_id_f79d372e-bda6-11ef-aac6-02a6845b4b32
2024-12-19 09:17:09 - be.view.auth - INFO - 登录处理结果: 200
2024-12-19 09:17:09 - werkzeug - INFO - 127.0.0.1 - - [19/Dec/2024 09:17:09] "POST /auth/login HTTP/1.1" 200 -
2024-12-19 09:17:09 - be.model.seller - INFO - 商店创建成功: test_add_books_store_id_f79d4430-bda6-11ef-aac6-02a6845b4b32
2024-12-19 09:17:09 - werkzeug - INFO - 127.0.0.1 - - [19/Dec/2024 09:17:09] "POST /seller/create_store HTTP/1.1" 200 -
2024-12-19 09:17:10 - be.model.seller - ERROR - 添加图书失败: (pymysql.err.DataError) (1406, "Data too long for column 'store_id' at row 1")
[SQL: INSERT INTO books (book_id, store_id, title, author, publisher, original_price, price, stock_level) VALUES (%(book_id)s, %(store_id)s, %(title)s, %(author)s, %(publisher)s, %(original_price)s, %(price)s, %(stock_level)s)]
[parameters: {'book_id': '1000067', 'store_id': 'test_add_books_store_id_f79d4430-bda6-11ef-aac6-02a6845b4b32', 'title': '美丽心灵', 'author': '[美] 西尔维娅·娜萨', 'publisher': '上海科技教育出版社', 'original_price': 0.0, 'price': 3879.0, 'stock_level': 0}]
(Background on this error at: https://sqlalche.me/e/20/9h9h)
2024-12-19 09:17:10 - werkzeug - INFO - 127.0.0.1 - - [19/Dec/2024 09:17:10] "[35m[1mPOST /seller/add_book HTTP/1.1[0m" 500 -
2024-12-19 09:17:11 - be.view.auth - INFO - 收到注册请求: {'user_id': 'test_add_books_seller_id_f8f1bc94-bda6-11ef-aac6-02a6845b4b32', 'password': 'test_add_books_seller_id_f8f1bc94-bda6-11ef-aac6-02a6845b4b32'}
2024-12-19 09:17:11 - be.model.user - INFO - 尝试注册新用户：test_add_books_seller_id_f8f1bc94-bda6-11ef-aac6-02a6845b4b32
2024-12-19 09:17:11 - be.model.user - INFO - 加密密码...
2024-12-19 09:17:11 - be.model.user - INFO - 创建新用户...
2024-12-19 09:17:11 - be.model.user - INFO - 添加用户到数据库...
2024-12-19 09:17:11 - be.model.user - INFO - 用户注册成功：test_add_books_seller_id_f8f1bc94-bda6-11ef-aac6-02a6845b4b32
2024-12-19 09:17:11 - be.view.auth - INFO - 注册处理结果: 200
2024-12-19 09:17:11 - werkzeug - INFO - 127.0.0.1 - - [19/Dec/2024 09:17:11] "POST /auth/register HTTP/1.1" 200 -
2024-12-19 09:17:11 - be.view.auth - INFO - 收到登录请求: {'user_id': 'test_add_books_seller_id_f8f1bc94-bda6-11ef-aac6-02a6845b4b32', 'password': 'test_add_books_seller_id_f8f1bc94-bda6-11ef-aac6-02a6845b4b32', 'terminal': 'my terminal'}
2024-12-19 09:17:11 - be.model.user - INFO - 尝试登录用户：test_add_books_seller_id_f8f1bc94-bda6-11ef-aac6-02a6845b4b32，终端：my terminal
2024-12-19 09:17:11 - be.model.user - INFO - 为用户 test_add_books_seller_id_f8f1bc94-bda6-11ef-aac6-02a6845b4b32 生成新token，终端：my terminal
2024-12-19 09:17:11 - be.model.user - INFO - 用户登录成功：test_add_books_seller_id_f8f1bc94-bda6-11ef-aac6-02a6845b4b32
2024-12-19 09:17:11 - be.view.auth - INFO - 登录处理结果: 200
2024-12-19 09:17:11 - werkzeug - INFO - 127.0.0.1 - - [19/Dec/2024 09:17:11] "POST /auth/login HTTP/1.1" 200 -
2024-12-19 09:17:11 - be.model.seller - INFO - 商店创建成功: test_add_books_store_id_f8f1bd0c-bda6-11ef-aac6-02a6845b4b32
2024-12-19 09:17:11 - werkzeug - INFO - 127.0.0.1 - - [19/Dec/2024 09:17:11] "POST /seller/create_store HTTP/1.1" 200 -
2024-12-19 09:17:13 - be.model.seller - WARNING - 商店不存在: test_add_books_store_id_f8f1bd0c-bda6-11ef-aac6-02a6845b4b32x
2024-12-19 09:17:13 - werkzeug - INFO - 127.0.0.1 - - [19/Dec/2024 09:17:13] "[31m[1mPOST /seller/add_book HTTP/1.1[0m" 401 -
2024-12-19 09:17:13 - be.model.seller - WARNING - 商店不存在: test_add_books_store_id_f8f1bd0c-bda6-11ef-aac6-02a6845b4b32x
2024-12-19 09:17:13 - werkzeug - INFO - 127.0.0.1 - - [19/Dec/2024 09:17:13] "[31m[1mPOST /seller/add_book HTTP/1.1[0m" 401 -
2024-12-19 09:17:13 - be.view.auth - INFO - 收到注册请求: {'user_id': 'test_add_books_seller_id_fa581e8e-bda6-11ef-aac6-02a6845b4b32', 'password': 'test_add_books_seller_id_fa581e8e-bda6-11ef-aac6-02a6845b4b32'}
2024-12-19 09:17:13 - be.model.user - INFO - 尝试注册新用户：test_add_books_seller_id_fa581e8e-bda6-11ef-aac6-02a6845b4b32
2024-12-19 09:17:13 - be.model.user - INFO - 加密密码...
2024-12-19 09:17:13 - be.model.user - INFO - 创建新用户...
2024-12-19 09:17:13 - be.model.user - INFO - 添加用户到数据库...
2024-12-19 09:17:13 - be.model.user - INFO - 用户注册成功：test_add_books_seller_id_fa581e8e-bda6-11ef-aac6-02a6845b4b32
2024-12-19 09:17:13 - be.view.auth - INFO - 注册处理结果: 200
2024-12-19 09:17:13 - werkzeug - INFO - 127.0.0.1 - - [19/Dec/2024 09:17:13] "POST /auth/register HTTP/1.1" 200 -
2024-12-19 09:17:13 - be.view.auth - INFO - 收到登录请求: {'user_id': 'test_add_books_seller_id_fa581e8e-bda6-11ef-aac6-02a6845b4b32', 'password': 'test_add_books_seller_id_fa581e8e-bda6-11ef-aac6-02a6845b4b32', 'terminal': 'my terminal'}
2024-12-19 09:17:13 - be.model.user - INFO - 尝试登录用户：test_add_books_seller_id_fa581e8e-bda6-11ef-aac6-02a6845b4b32，终端：my terminal
2024-12-19 09:17:13 - be.model.user - INFO - 为用户 test_add_books_seller_id_fa581e8e-bda6-11ef-aac6-02a6845b4b32 生成新token，终端：my terminal
2024-12-19 09:17:13 - be.model.user - INFO - 用户登录成功：test_add_books_seller_id_fa581e8e-bda6-11ef-aac6-02a6845b4b32
2024-12-19 09:17:13 - be.view.auth - INFO - 登录处理结果: 200
2024-12-19 09:17:13 - werkzeug - INFO - 127.0.0.1 - - [19/Dec/2024 09:17:13] "POST /auth/login HTTP/1.1" 200 -
2024-12-19 09:17:14 - be.model.seller - INFO - 商店创建成功: test_add_books_store_id_fa5820dc-bda6-11ef-aac6-02a6845b4b32
2024-12-19 09:17:14 - werkzeug - INFO - 127.0.0.1 - - [19/Dec/2024 09:17:14] "POST /seller/create_store HTTP/1.1" 200 -
2024-12-19 09:17:15 - be.model.seller - ERROR - 添加图书失败: (pymysql.err.DataError) (1406, "Data too long for column 'store_id' at row 1")
[SQL: INSERT INTO books (book_id, store_id, title, author, publisher, original_price, price, stock_level) VALUES (%(book_id)s, %(store_id)s, %(title)s, %(author)s, %(publisher)s, %(original_price)s, %(price)s, %(stock_level)s)]
[parameters: {'book_id': '1000067', 'store_id': 'test_add_books_store_id_fa5820dc-bda6-11ef-aac6-02a6845b4b32', 'title': '美丽心灵', 'author': '[美] 西尔维娅·娜萨', 'publisher': '上海科技教育出版社', 'original_price': 0.0, 'price': 3879.0, 'stock_level': 0}]
(Background on this error at: https://sqlalche.me/e/20/9h9h)
2024-12-19 09:17:15 - werkzeug - INFO - 127.0.0.1 - - [19/Dec/2024 09:17:15] "[35m[1mPOST /seller/add_book HTTP/1.1[0m" 500 -
2024-12-19 09:17:15 - be.view.auth - INFO - 收到注册请求: {'user_id': 'test_add_books_seller_id_fbb81f72-bda6-11ef-aac6-02a6845b4b32', 'password': 'test_add_books_seller_id_fbb81f72-bda6-11ef-aac6-02a6845b4b32'}
2024-12-19 09:17:15 - be.model.user - INFO - 尝试注册新用户：test_add_books_seller_id_fbb81f72-bda6-11ef-aac6-02a6845b4b32
2024-12-19 09:17:15 - be.model.user - INFO - 加密密码...
2024-12-19 09:17:15 - be.model.user - INFO - 创建新用户...
2024-12-19 09:17:15 - be.model.user - INFO - 添加用户到数据库...
2024-12-19 09:17:16 - be.model.user - INFO - 用户注册成功：test_add_books_seller_id_fbb81f72-bda6-11ef-aac6-02a6845b4b32
2024-12-19 09:17:16 - be.view.auth - INFO - 注册处理结果: 200
2024-12-19 09:17:16 - werkzeug - INFO - 127.0.0.1 - - [19/Dec/2024 09:17:16] "POST /auth/register HTTP/1.1" 200 -
2024-12-19 09:17:16 - be.view.auth - INFO - 收到登录请求: {'user_id': 'test_add_books_seller_id_fbb81f72-bda6-11ef-aac6-02a6845b4b32', 'password': 'test_add_books_seller_id_fbb81f72-bda6-11ef-aac6-02a6845b4b32', 'terminal': 'my terminal'}
2024-12-19 09:17:16 - be.model.user - INFO - 尝试登录用户：test_add_books_seller_id_fbb81f72-bda6-11ef-aac6-02a6845b4b32，终端：my terminal
2024-12-19 09:17:16 - be.model.user - INFO - 为用户 test_add_books_seller_id_fbb81f72-bda6-11ef-aac6-02a6845b4b32 生成新token，终端：my terminal
2024-12-19 09:17:16 - be.model.user - INFO - 用户登录成功：test_add_books_seller_id_fbb81f72-bda6-11ef-aac6-02a6845b4b32
2024-12-19 09:17:16 - be.view.auth - INFO - 登录处理结果: 200
2024-12-19 09:17:16 - werkzeug - INFO - 127.0.0.1 - - [19/Dec/2024 09:17:16] "POST /auth/login HTTP/1.1" 200 -
2024-12-19 09:17:16 - be.model.seller - INFO - 商店创建成功: test_add_books_store_id_fbb82170-bda6-11ef-aac6-02a6845b4b32
2024-12-19 09:17:16 - werkzeug - INFO - 127.0.0.1 - - [19/Dec/2024 09:17:16] "POST /seller/create_store HTTP/1.1" 200 -
2024-12-19 09:17:17 - be.model.seller - WARNING - 用户不存在: test_add_books_seller_id_fbb81f72-bda6-11ef-aac6-02a6845b4b32_x
2024-12-19 09:17:17 - werkzeug - INFO - 127.0.0.1 - - [19/Dec/2024 09:17:17] "[31m[1mPOST /seller/add_book HTTP/1.1[0m" 401 -
2024-12-19 09:17:18 - be.model.seller - WARNING - 用户不存在: test_add_books_seller_id_fbb81f72-bda6-11ef-aac6-02a6845b4b32_x_x
2024-12-19 09:17:18 - werkzeug - INFO - 127.0.0.1 - - [19/Dec/2024 09:17:18] "[31m[1mPOST /seller/add_book HTTP/1.1[0m" 401 -
2024-12-19 09:17:18 - be.view.auth - INFO - 收到注册请求: {'user_id': 'test_add_book_stock_level1_user_fd275a30-bda6-11ef-aac6-02a6845b4b32', 'password': 'test_add_book_stock_level1_user_fd275a30-bda6-11ef-aac6-02a6845b4b32'}
2024-12-19 09:17:18 - be.model.user - INFO - 尝试注册新用户：test_add_book_stock_level1_user_fd275a30-bda6-11ef-aac6-02a6845b4b32
2024-12-19 09:17:18 - be.model.user - INFO - 加密密码...
2024-12-19 09:17:18 - be.model.user - INFO - 创建新用户...
2024-12-19 09:17:18 - be.model.user - INFO - 添加用户到数据库...
2024-12-19 09:17:18 - be.model.user - INFO - 用户注册成功：test_add_book_stock_level1_user_fd275a30-bda6-11ef-aac6-02a6845b4b32
2024-12-19 09:17:18 - be.view.auth - INFO - 注册处理结果: 200
2024-12-19 09:17:18 - werkzeug - INFO - 127.0.0.1 - - [19/Dec/2024 09:17:18] "POST /auth/register HTTP/1.1" 200 -
2024-12-19 09:17:18 - be.view.auth - INFO - 收到登录请求: {'user_id': 'test_add_book_stock_level1_user_fd275a30-bda6-11ef-aac6-02a6845b4b32', 'password': 'test_add_book_stock_level1_user_fd275a30-bda6-11ef-aac6-02a6845b4b32', 'terminal': 'my terminal'}
2024-12-19 09:17:18 - be.model.user - INFO - 尝试登录用户：test_add_book_stock_level1_user_fd275a30-bda6-11ef-aac6-02a6845b4b32，终端：my terminal
2024-12-19 09:17:18 - be.model.user - INFO - 为用户 test_add_book_stock_level1_user_fd275a30-bda6-11ef-aac6-02a6845b4b32 生成新token，终端：my terminal
2024-12-19 09:17:18 - be.model.user - INFO - 用户登录成功：test_add_book_stock_level1_user_fd275a30-bda6-11ef-aac6-02a6845b4b32
2024-12-19 09:17:18 - be.view.auth - INFO - 登录处理结果: 200
2024-12-19 09:17:18 - werkzeug - INFO - 127.0.0.1 - - [19/Dec/2024 09:17:18] "POST /auth/login HTTP/1.1" 200 -
2024-12-19 09:17:19 - be.model.seller - INFO - 商店创建成功: test_add_book_stock_level1_store_fd275c06-bda6-11ef-aac6-02a6845b4b32
2024-12-19 09:17:19 - werkzeug - INFO - 127.0.0.1 - - [19/Dec/2024 09:17:19] "POST /seller/create_store HTTP/1.1" 200 -
2024-12-19 09:17:20 - be.model.seller - ERROR - 添加图书失败: (pymysql.err.DataError) (1406, "Data too long for column 'store_id' at row 1")
[SQL: INSERT INTO books (book_id, store_id, title, author, publisher, original_price, price, stock_level) VALUES (%(book_id)s, %(store_id)s, %(title)s, %(author)s, %(publisher)s, %(original_price)s, %(price)s, %(stock_level)s)]
[parameters: {'book_id': '1000067', 'store_id': 'test_add_book_stock_level1_store_fd275c06-bda6-11ef-aac6-02a6845b4b32', 'title': '美丽心灵', 'author': '[美] 西尔维娅·娜萨', 'publisher': '上海科技教育出版社', 'original_price': 0.0, 'price': 3879.0, 'stock_level': 0}]
(Background on this error at: https://sqlalche.me/e/20/9h9h)
2024-12-19 09:17:20 - werkzeug - INFO - 127.0.0.1 - - [19/Dec/2024 09:17:20] "[35m[1mPOST /seller/add_book HTTP/1.1[0m" 500 -
2024-12-19 09:17:20 - be.view.auth - INFO - 收到注册请求: {'user_id': 'test_add_book_stock_level1_user_fe884e70-bda6-11ef-aac6-02a6845b4b32', 'password': 'test_add_book_stock_level1_user_fe884e70-bda6-11ef-aac6-02a6845b4b32'}
2024-12-19 09:17:20 - be.model.user - INFO - 尝试注册新用户：test_add_book_stock_level1_user_fe884e70-bda6-11ef-aac6-02a6845b4b32
2024-12-19 09:17:20 - be.model.user - INFO - 加密密码...
2024-12-19 09:17:20 - be.model.user - INFO - 创建新用户...
2024-12-19 09:17:20 - be.model.user - INFO - 添加用户到数据库...
2024-12-19 09:17:20 - be.model.user - INFO - 用户注册成功：test_add_book_stock_level1_user_fe884e70-bda6-11ef-aac6-02a6845b4b32
2024-12-19 09:17:20 - be.view.auth - INFO - 注册处理结果: 200
2024-12-19 09:17:20 - werkzeug - INFO - 127.0.0.1 - - [19/Dec/2024 09:17:20] "POST /auth/register HTTP/1.1" 200 -
2024-12-19 09:17:20 - be.view.auth - INFO - 收到登录请求: {'user_id': 'test_add_book_stock_level1_user_fe884e70-bda6-11ef-aac6-02a6845b4b32', 'password': 'test_add_book_stock_level1_user_fe884e70-bda6-11ef-aac6-02a6845b4b32', 'terminal': 'my terminal'}
2024-12-19 09:17:20 - be.model.user - INFO - 尝试登录用户：test_add_book_stock_level1_user_fe884e70-bda6-11ef-aac6-02a6845b4b32，终端：my terminal
2024-12-19 09:17:20 - be.model.user - INFO - 为用户 test_add_book_stock_level1_user_fe884e70-bda6-11ef-aac6-02a6845b4b32 生成新token，终端：my terminal
2024-12-19 09:17:20 - be.model.user - INFO - 用户登录成功：test_add_book_stock_level1_user_fe884e70-bda6-11ef-aac6-02a6845b4b32
2024-12-19 09:17:20 - be.view.auth - INFO - 登录处理结果: 200
2024-12-19 09:17:20 - werkzeug - INFO - 127.0.0.1 - - [19/Dec/2024 09:17:20] "POST /auth/login HTTP/1.1" 200 -
2024-12-19 09:17:21 - be.model.seller - INFO - 商店创建成功: test_add_book_stock_level1_store_fe8850a0-bda6-11ef-aac6-02a6845b4b32
2024-12-19 09:17:21 - werkzeug - INFO - 127.0.0.1 - - [19/Dec/2024 09:17:21] "POST /seller/create_store HTTP/1.1" 200 -
2024-12-19 09:17:22 - be.model.seller - ERROR - 添加图书失败: (pymysql.err.DataError) (1406, "Data too long for column 'store_id' at row 1")
[SQL: INSERT INTO books (book_id, store_id, title, author, publisher, original_price, price, stock_level) VALUES (%(book_id)s, %(store_id)s, %(title)s, %(author)s, %(publisher)s, %(original_price)s, %(price)s, %(stock_level)s)]
[parameters: {'book_id': '1000067', 'store_id': 'test_add_book_stock_level1_store_fe8850a0-bda6-11ef-aac6-02a6845b4b32', 'title': '美丽心灵', 'author': '[美] 西尔维娅·娜萨', 'publisher': '上海科技教育出版社', 'original_price': 0.0, 'price': 3879.0, 'stock_level': 0}]
(Background on this error at: https://sqlalche.me/e/20/9h9h)
2024-12-19 09:17:22 - werkzeug - INFO - 127.0.0.1 - - [19/Dec/2024 09:17:22] "[35m[1mPOST /seller/add_book HTTP/1.1[0m" 500 -
2024-12-19 09:17:22 - be.view.auth - INFO - 收到注册请求: {'user_id': 'test_add_book_stock_level1_user_fff2d73a-bda6-11ef-aac6-02a6845b4b32', 'password': 'test_add_book_stock_level1_user_fff2d73a-bda6-11ef-aac6-02a6845b4b32'}
2024-12-19 09:17:22 - be.model.user - INFO - 尝试注册新用户：test_add_book_stock_level1_user_fff2d73a-bda6-11ef-aac6-02a6845b4b32
2024-12-19 09:17:22 - be.model.user - INFO - 加密密码...
2024-12-19 09:17:22 - be.model.user - INFO - 创建新用户...
2024-12-19 09:17:22 - be.model.user - INFO - 添加用户到数据库...
2024-12-19 09:17:23 - be.model.user - INFO - 用户注册成功：test_add_book_stock_level1_user_fff2d73a-bda6-11ef-aac6-02a6845b4b32
2024-12-19 09:17:23 - be.view.auth - INFO - 注册处理结果: 200
2024-12-19 09:17:23 - werkzeug - INFO - 127.0.0.1 - - [19/Dec/2024 09:17:23] "POST /auth/register HTTP/1.1" 200 -
2024-12-19 09:17:23 - be.view.auth - INFO - 收到登录请求: {'user_id': 'test_add_book_stock_level1_user_fff2d73a-bda6-11ef-aac6-02a6845b4b32', 'password': 'test_add_book_stock_level1_user_fff2d73a-bda6-11ef-aac6-02a6845b4b32', 'terminal': 'my terminal'}
2024-12-19 09:17:23 - be.model.user - INFO - 尝试登录用户：test_add_book_stock_level1_user_fff2d73a-bda6-11ef-aac6-02a6845b4b32，终端：my terminal
2024-12-19 09:17:23 - be.model.user - INFO - 为用户 test_add_book_stock_level1_user_fff2d73a-bda6-11ef-aac6-02a6845b4b32 生成新token，终端：my terminal
2024-12-19 09:17:23 - be.model.user - INFO - 用户登录成功：test_add_book_stock_level1_user_fff2d73a-bda6-11ef-aac6-02a6845b4b32
2024-12-19 09:17:23 - be.view.auth - INFO - 登录处理结果: 200
2024-12-19 09:17:23 - werkzeug - INFO - 127.0.0.1 - - [19/Dec/2024 09:17:23] "POST /auth/login HTTP/1.1" 200 -
2024-12-19 09:17:23 - be.model.seller - INFO - 商店创建成功: test_add_book_stock_level1_store_fff2d866-bda6-11ef-aac6-02a6845b4b32
2024-12-19 09:17:23 - werkzeug - INFO - 127.0.0.1 - - [19/Dec/2024 09:17:23] "POST /seller/create_store HTTP/1.1" 200 -
2024-12-19 09:17:25 - be.model.seller - ERROR - 添加图书失败: (pymysql.err.DataError) (1406, "Data too long for column 'store_id' at row 1")
[SQL: INSERT INTO books (book_id, store_id, title, author, publisher, original_price, price, stock_level) VALUES (%(book_id)s, %(store_id)s, %(title)s, %(author)s, %(publisher)s, %(original_price)s, %(price)s, %(stock_level)s)]
[parameters: {'book_id': '1000067', 'store_id': 'test_add_book_stock_level1_store_fff2d866-bda6-11ef-aac6-02a6845b4b32', 'title': '美丽心灵', 'author': '[美] 西尔维娅·娜萨', 'publisher': '上海科技教育出版社', 'original_price': 0.0, 'price': 3879.0, 'stock_level': 0}]
(Background on this error at: https://sqlalche.me/e/20/9h9h)
2024-12-19 09:17:25 - werkzeug - INFO - 127.0.0.1 - - [19/Dec/2024 09:17:25] "[35m[1mPOST /seller/add_book HTTP/1.1[0m" 500 -
2024-12-19 09:17:25 - be.view.auth - INFO - 收到注册请求: {'user_id': 'test_add_book_stock_level1_user_014af2d4-bda7-11ef-aac6-02a6845b4b32', 'password': 'test_add_book_stock_level1_user_014af2d4-bda7-11ef-aac6-02a6845b4b32'}
2024-12-19 09:17:25 - be.model.user - INFO - 尝试注册新用户：test_add_book_stock_level1_user_014af2d4-bda7-11ef-aac6-02a6845b4b32
2024-12-19 09:17:25 - be.model.user - INFO - 加密密码...
2024-12-19 09:17:25 - be.model.user - INFO - 创建新用户...
2024-12-19 09:17:25 - be.model.user - INFO - 添加用户到数据库...
2024-12-19 09:17:25 - be.model.user - INFO - 用户注册成功：test_add_book_stock_level1_user_014af2d4-bda7-11ef-aac6-02a6845b4b32
2024-12-19 09:17:25 - be.view.auth - INFO - 注册处理结果: 200
2024-12-19 09:17:25 - werkzeug - INFO - 127.0.0.1 - - [19/Dec/2024 09:17:25] "POST /auth/register HTTP/1.1" 200 -
2024-12-19 09:17:25 - be.view.auth - INFO - 收到登录请求: {'user_id': 'test_add_book_stock_level1_user_014af2d4-bda7-11ef-aac6-02a6845b4b32', 'password': 'test_add_book_stock_level1_user_014af2d4-bda7-11ef-aac6-02a6845b4b32', 'terminal': 'my terminal'}
2024-12-19 09:17:25 - be.model.user - INFO - 尝试登录用户：test_add_book_stock_level1_user_014af2d4-bda7-11ef-aac6-02a6845b4b32，终端：my terminal
2024-12-19 09:17:25 - be.model.user - INFO - 为用户 test_add_book_stock_level1_user_014af2d4-bda7-11ef-aac6-02a6845b4b32 生成新token，终端：my terminal
2024-12-19 09:17:25 - be.model.user - INFO - 用户登录成功：test_add_book_stock_level1_user_014af2d4-bda7-11ef-aac6-02a6845b4b32
2024-12-19 09:17:25 - be.view.auth - INFO - 登录处理结果: 200
2024-12-19 09:17:25 - werkzeug - INFO - 127.0.0.1 - - [19/Dec/2024 09:17:25] "POST /auth/login HTTP/1.1" 200 -
2024-12-19 09:17:25 - be.model.seller - INFO - 商店创建成功: test_add_book_stock_level1_store_014af400-bda7-11ef-aac6-02a6845b4b32
2024-12-19 09:17:25 - werkzeug - INFO - 127.0.0.1 - - [19/Dec/2024 09:17:25] "POST /seller/create_store HTTP/1.1" 200 -
2024-12-19 09:17:27 - be.model.seller - ERROR - 添加图书失败: (pymysql.err.DataError) (1406, "Data too long for column 'store_id' at row 1")
[SQL: INSERT INTO books (book_id, store_id, title, author, publisher, original_price, price, stock_level) VALUES (%(book_id)s, %(store_id)s, %(title)s, %(author)s, %(publisher)s, %(original_price)s, %(price)s, %(stock_level)s)]
[parameters: {'book_id': '1000067', 'store_id': 'test_add_book_stock_level1_store_014af400-bda7-11ef-aac6-02a6845b4b32', 'title': '美丽心灵', 'author': '[美] 西尔维娅·娜萨', 'publisher': '上海科技教育出版社', 'original_price': 0.0, 'price': 3879.0, 'stock_level': 0}]
(Background on this error at: https://sqlalche.me/e/20/9h9h)
2024-12-19 09:17:27 - werkzeug - INFO - 127.0.0.1 - - [19/Dec/2024 09:17:27] "[35m[1mPOST /seller/add_book HTTP/1.1[0m" 500 -
2024-12-19 09:17:27 - be.view.auth - INFO - 收到注册请求: {'user_id': 'test_new_order_buyer_id_02b6c756-bda7-11ef-aac6-02a6845b4b32', 'password': 'test_new_order_seller_id_02b6c5c6-bda7-11ef-aac6-02a6845b4b32'}
2024-12-19 09:17:27 - be.model.user - INFO - 尝试注册新用户：test_new_order_buyer_id_02b6c756-bda7-11ef-aac6-02a6845b4b32
2024-12-19 09:17:27 - be.model.user - INFO - 加密密码...
2024-12-19 09:17:27 - be.model.user - INFO - 创建新用户...
2024-12-19 09:17:27 - be.model.user - INFO - 添加用户到数据库...
2024-12-19 09:17:27 - be.model.user - INFO - 用户注册成功：test_new_order_buyer_id_02b6c756-bda7-11ef-aac6-02a6845b4b32
2024-12-19 09:17:27 - be.view.auth - INFO - 注册处理结果: 200
2024-12-19 09:17:27 - werkzeug - INFO - 127.0.0.1 - - [19/Dec/2024 09:17:27] "POST /auth/register HTTP/1.1" 200 -
2024-12-19 09:17:27 - be.view.auth - INFO - 收到登录请求: {'user_id': 'test_new_order_buyer_id_02b6c756-bda7-11ef-aac6-02a6845b4b32', 'password': 'test_new_order_seller_id_02b6c5c6-bda7-11ef-aac6-02a6845b4b32', 'terminal': 'my terminal'}
2024-12-19 09:17:27 - be.model.user - INFO - 尝试登录用户：test_new_order_buyer_id_02b6c756-bda7-11ef-aac6-02a6845b4b32，终端：my terminal
2024-12-19 09:17:27 - be.model.user - INFO - 为用户 test_new_order_buyer_id_02b6c756-bda7-11ef-aac6-02a6845b4b32 生成新token，终端：my terminal
2024-12-19 09:17:27 - be.model.user - INFO - 用户登录成功：test_new_order_buyer_id_02b6c756-bda7-11ef-aac6-02a6845b4b32
2024-12-19 09:17:27 - be.view.auth - INFO - 登录处理结果: 200
2024-12-19 09:17:27 - werkzeug - INFO - 127.0.0.1 - - [19/Dec/2024 09:17:27] "POST /auth/login HTTP/1.1" 200 -
2024-12-19 09:17:27 - be.view.auth - INFO - 收到注册请求: {'user_id': 'test_new_order_seller_id_02b6c5c6-bda7-11ef-aac6-02a6845b4b32', 'password': 'test_new_order_seller_id_02b6c5c6-bda7-11ef-aac6-02a6845b4b32'}
2024-12-19 09:17:27 - be.model.user - INFO - 尝试注册新用户：test_new_order_seller_id_02b6c5c6-bda7-11ef-aac6-02a6845b4b32
2024-12-19 09:17:28 - be.model.user - INFO - 加密密码...
2024-12-19 09:17:28 - be.model.user - INFO - 创建新用户...
2024-12-19 09:17:28 - be.model.user - INFO - 添加用户到数据库...
2024-12-19 09:17:28 - be.model.user - INFO - 用户注册成功：test_new_order_seller_id_02b6c5c6-bda7-11ef-aac6-02a6845b4b32
2024-12-19 09:17:28 - be.view.auth - INFO - 注册处理结果: 200
2024-12-19 09:17:28 - werkzeug - INFO - 127.0.0.1 - - [19/Dec/2024 09:17:28] "POST /auth/register HTTP/1.1" 200 -
2024-12-19 09:17:28 - be.view.auth - INFO - 收到登录请求: {'user_id': 'test_new_order_seller_id_02b6c5c6-bda7-11ef-aac6-02a6845b4b32', 'password': 'test_new_order_seller_id_02b6c5c6-bda7-11ef-aac6-02a6845b4b32', 'terminal': 'my terminal'}
2024-12-19 09:17:28 - be.model.user - INFO - 尝试登录用户：test_new_order_seller_id_02b6c5c6-bda7-11ef-aac6-02a6845b4b32，终端：my terminal
2024-12-19 09:17:28 - be.model.user - INFO - 为用户 test_new_order_seller_id_02b6c5c6-bda7-11ef-aac6-02a6845b4b32 生成新token，终端：my terminal
2024-12-19 09:17:28 - be.model.user - INFO - 用户登录成功：test_new_order_seller_id_02b6c5c6-bda7-11ef-aac6-02a6845b4b32
2024-12-19 09:17:28 - be.view.auth - INFO - 登录处理结果: 200
2024-12-19 09:17:28 - werkzeug - INFO - 127.0.0.1 - - [19/Dec/2024 09:17:28] "POST /auth/login HTTP/1.1" 200 -
2024-12-19 09:17:28 - be.model.seller - INFO - 商店创建成功: test_new_order_store_id_02b6c706-bda7-11ef-aac6-02a6845b4b32
2024-12-19 09:17:28 - werkzeug - INFO - 127.0.0.1 - - [19/Dec/2024 09:17:28] "POST /seller/create_store HTTP/1.1" 200 -
2024-12-19 09:17:31 - be.model.seller - ERROR - 添加图书失败: (pymysql.err.DataError) (1406, "Data too long for column 'store_id' at row 1")
[SQL: INSERT INTO books (book_id, store_id, title, author, publisher, original_price, price, stock_level) VALUES (%(book_id)s, %(store_id)s, %(title)s, %(author)s, %(publisher)s, %(original_price)s, %(price)s, %(stock_level)s)]
[parameters: {'book_id': '1000067', 'store_id': 'test_new_order_store_id_02b6c706-bda7-11ef-aac6-02a6845b4b32', 'title': '美丽心灵', 'author': '[美] 西尔维娅·娜萨', 'publisher': '上海科技教育出版社', 'original_price': 0.0, 'price': 3879.0, 'stock_level': 12}]
(Background on this error at: https://sqlalche.me/e/20/9h9h)
2024-12-19 09:17:31 - werkzeug - INFO - 127.0.0.1 - - [19/Dec/2024 09:17:31] "[35m[1mPOST /seller/add_book HTTP/1.1[0m" 500 -
2024-12-19 09:17:31 - be.view.auth - INFO - 收到注册请求: {'user_id': 'test_new_order_buyer_id_04fbacf2-bda7-11ef-aac6-02a6845b4b32', 'password': 'test_new_order_seller_id_04fbabe4-bda7-11ef-aac6-02a6845b4b32'}
2024-12-19 09:17:31 - be.model.user - INFO - 尝试注册新用户：test_new_order_buyer_id_04fbacf2-bda7-11ef-aac6-02a6845b4b32
2024-12-19 09:17:31 - be.model.user - INFO - 加密密码...
2024-12-19 09:17:31 - be.model.user - INFO - 创建新用户...
2024-12-19 09:17:31 - be.model.user - INFO - 添加用户到数据库...
2024-12-19 09:17:31 - be.model.user - INFO - 用户注册成功：test_new_order_buyer_id_04fbacf2-bda7-11ef-aac6-02a6845b4b32
2024-12-19 09:17:31 - be.view.auth - INFO - 注册处理结果: 200
2024-12-19 09:17:31 - werkzeug - INFO - 127.0.0.1 - - [19/Dec/2024 09:17:31] "POST /auth/register HTTP/1.1" 200 -
2024-12-19 09:17:31 - be.view.auth - INFO - 收到登录请求: {'user_id': 'test_new_order_buyer_id_04fbacf2-bda7-11ef-aac6-02a6845b4b32', 'password': 'test_new_order_seller_id_04fbabe4-bda7-11ef-aac6-02a6845b4b32', 'terminal': 'my terminal'}
2024-12-19 09:17:31 - be.model.user - INFO - 尝试登录用户：test_new_order_buyer_id_04fbacf2-bda7-11ef-aac6-02a6845b4b32，终端：my terminal
2024-12-19 09:17:31 - be.model.user - INFO - 为用户 test_new_order_buyer_id_04fbacf2-bda7-11ef-aac6-02a6845b4b32 生成新token，终端：my terminal
2024-12-19 09:17:31 - be.model.user - INFO - 用户登录成功：test_new_order_buyer_id_04fbacf2-bda7-11ef-aac6-02a6845b4b32
2024-12-19 09:17:31 - be.view.auth - INFO - 登录处理结果: 200
2024-12-19 09:17:31 - werkzeug - INFO - 127.0.0.1 - - [19/Dec/2024 09:17:31] "POST /auth/login HTTP/1.1" 200 -
2024-12-19 09:17:31 - be.view.auth - INFO - 收到注册请求: {'user_id': 'test_new_order_seller_id_04fbabe4-bda7-11ef-aac6-02a6845b4b32', 'password': 'test_new_order_seller_id_04fbabe4-bda7-11ef-aac6-02a6845b4b32'}
2024-12-19 09:17:31 - be.model.user - INFO - 尝试注册新用户：test_new_order_seller_id_04fbabe4-bda7-11ef-aac6-02a6845b4b32
2024-12-19 09:17:31 - be.model.user - INFO - 加密密码...
2024-12-19 09:17:31 - be.model.user - INFO - 创建新用户...
2024-12-19 09:17:31 - be.model.user - INFO - 添加用户到数据库...
2024-12-19 09:17:32 - be.model.user - INFO - 用户注册成功：test_new_order_seller_id_04fbabe4-bda7-11ef-aac6-02a6845b4b32
2024-12-19 09:17:32 - be.view.auth - INFO - 注册处理结果: 200
2024-12-19 09:17:32 - werkzeug - INFO - 127.0.0.1 - - [19/Dec/2024 09:17:32] "POST /auth/register HTTP/1.1" 200 -
2024-12-19 09:17:32 - be.view.auth - INFO - 收到登录请求: {'user_id': 'test_new_order_seller_id_04fbabe4-bda7-11ef-aac6-02a6845b4b32', 'password': 'test_new_order_seller_id_04fbabe4-bda7-11ef-aac6-02a6845b4b32', 'terminal': 'my terminal'}
2024-12-19 09:17:32 - be.model.user - INFO - 尝试登录用户：test_new_order_seller_id_04fbabe4-bda7-11ef-aac6-02a6845b4b32，终端：my terminal
2024-12-19 09:17:32 - be.model.user - INFO - 为用户 test_new_order_seller_id_04fbabe4-bda7-11ef-aac6-02a6845b4b32 生成新token，终端：my terminal
2024-12-19 09:17:32 - be.model.user - INFO - 用户登录成功：test_new_order_seller_id_04fbabe4-bda7-11ef-aac6-02a6845b4b32
2024-12-19 09:17:32 - be.view.auth - INFO - 登录处理结果: 200
2024-12-19 09:17:32 - werkzeug - INFO - 127.0.0.1 - - [19/Dec/2024 09:17:32] "POST /auth/login HTTP/1.1" 200 -
2024-12-19 09:17:32 - be.model.seller - INFO - 商店创建成功: test_new_order_store_id_04fbacc0-bda7-11ef-aac6-02a6845b4b32
2024-12-19 09:17:32 - werkzeug - INFO - 127.0.0.1 - - [19/Dec/2024 09:17:32] "POST /seller/create_store HTTP/1.1" 200 -
2024-12-19 09:17:35 - be.model.seller - ERROR - 添加图书失败: (pymysql.err.DataError) (1406, "Data too long for column 'store_id' at row 1")
[SQL: INSERT INTO books (book_id, store_id, title, author, publisher, original_price, price, stock_level) VALUES (%(book_id)s, %(store_id)s, %(title)s, %(author)s, %(publisher)s, %(original_price)s, %(price)s, %(stock_level)s)]
[parameters: {'book_id': '1000067', 'store_id': 'test_new_order_store_id_04fbacc0-bda7-11ef-aac6-02a6845b4b32', 'title': '美丽心灵', 'author': '[美] 西尔维娅·娜萨', 'publisher': '上海科技教育出版社', 'original_price': 0.0, 'price': 3879.0, 'stock_level': 74}]
(Background on this error at: https://sqlalche.me/e/20/9h9h)
2024-12-19 09:17:35 - werkzeug - INFO - 127.0.0.1 - - [19/Dec/2024 09:17:35] "[35m[1mPOST /seller/add_book HTTP/1.1[0m" 500 -
2024-12-19 09:17:35 - be.view.auth - INFO - 收到注册请求: {'user_id': 'test_new_order_buyer_id_074042fc-bda7-11ef-aac6-02a6845b4b32', 'password': 'test_new_order_seller_id_074041da-bda7-11ef-aac6-02a6845b4b32'}
2024-12-19 09:17:35 - be.model.user - INFO - 尝试注册新用户：test_new_order_buyer_id_074042fc-bda7-11ef-aac6-02a6845b4b32
2024-12-19 09:17:35 - be.model.user - INFO - 加密密码...
2024-12-19 09:17:35 - be.model.user - INFO - 创建新用户...
2024-12-19 09:17:35 - be.model.user - INFO - 添加用户到数据库...
2024-12-19 09:17:35 - be.model.user - INFO - 用户注册成功：test_new_order_buyer_id_074042fc-bda7-11ef-aac6-02a6845b4b32
2024-12-19 09:17:35 - be.view.auth - INFO - 注册处理结果: 200
2024-12-19 09:17:35 - werkzeug - INFO - 127.0.0.1 - - [19/Dec/2024 09:17:35] "POST /auth/register HTTP/1.1" 200 -
2024-12-19 09:17:35 - be.view.auth - INFO - 收到登录请求: {'user_id': 'test_new_order_buyer_id_074042fc-bda7-11ef-aac6-02a6845b4b32', 'password': 'test_new_order_seller_id_074041da-bda7-11ef-aac6-02a6845b4b32', 'terminal': 'my terminal'}
2024-12-19 09:17:35 - be.model.user - INFO - 尝试登录用户：test_new_order_buyer_id_074042fc-bda7-11ef-aac6-02a6845b4b32，终端：my terminal
2024-12-19 09:17:35 - be.model.user - INFO - 为用户 test_new_order_buyer_id_074042fc-bda7-11ef-aac6-02a6845b4b32 生成新token，终端：my terminal
2024-12-19 09:17:35 - be.model.user - INFO - 用户登录成功：test_new_order_buyer_id_074042fc-bda7-11ef-aac6-02a6845b4b32
2024-12-19 09:17:35 - be.view.auth - INFO - 登录处理结果: 200
2024-12-19 09:17:35 - werkzeug - INFO - 127.0.0.1 - - [19/Dec/2024 09:17:35] "POST /auth/login HTTP/1.1" 200 -
2024-12-19 09:17:35 - be.view.auth - INFO - 收到注册请求: {'user_id': 'test_new_order_seller_id_074041da-bda7-11ef-aac6-02a6845b4b32', 'password': 'test_new_order_seller_id_074041da-bda7-11ef-aac6-02a6845b4b32'}
2024-12-19 09:17:35 - be.model.user - INFO - 尝试注册新用户：test_new_order_seller_id_074041da-bda7-11ef-aac6-02a6845b4b32
2024-12-19 09:17:35 - be.model.user - INFO - 加密密码...
2024-12-19 09:17:35 - be.model.user - INFO - 创建新用户...
2024-12-19 09:17:35 - be.model.user - INFO - 添加用户到数据库...
2024-12-19 09:17:35 - be.model.user - INFO - 用户注册成功：test_new_order_seller_id_074041da-bda7-11ef-aac6-02a6845b4b32
2024-12-19 09:17:35 - be.view.auth - INFO - 注册处理结果: 200
2024-12-19 09:17:35 - werkzeug - INFO - 127.0.0.1 - - [19/Dec/2024 09:17:35] "POST /auth/register HTTP/1.1" 200 -
2024-12-19 09:17:35 - be.view.auth - INFO - 收到登录请求: {'user_id': 'test_new_order_seller_id_074041da-bda7-11ef-aac6-02a6845b4b32', 'password': 'test_new_order_seller_id_074041da-bda7-11ef-aac6-02a6845b4b32', 'terminal': 'my terminal'}
2024-12-19 09:17:35 - be.model.user - INFO - 尝试登录用户：test_new_order_seller_id_074041da-bda7-11ef-aac6-02a6845b4b32，终端：my terminal
2024-12-19 09:17:36 - be.model.user - INFO - 为用户 test_new_order_seller_id_074041da-bda7-11ef-aac6-02a6845b4b32 生成新token，终端：my terminal
2024-12-19 09:17:36 - be.model.user - INFO - 用户登录成功：test_new_order_seller_id_074041da-bda7-11ef-aac6-02a6845b4b32
2024-12-19 09:17:36 - be.view.auth - INFO - 登录处理结果: 200
2024-12-19 09:17:36 - werkzeug - INFO - 127.0.0.1 - - [19/Dec/2024 09:17:36] "POST /auth/login HTTP/1.1" 200 -
2024-12-19 09:17:36 - be.model.seller - INFO - 商店创建成功: test_new_order_store_id_074042d4-bda7-11ef-aac6-02a6845b4b32
2024-12-19 09:17:36 - werkzeug - INFO - 127.0.0.1 - - [19/Dec/2024 09:17:36] "POST /seller/create_store HTTP/1.1" 200 -
2024-12-19 09:17:38 - be.model.seller - ERROR - 添加图书失败: (pymysql.err.DataError) (1406, "Data too long for column 'store_id' at row 1")
[SQL: INSERT INTO books (book_id, store_id, title, author, publisher, original_price, price, stock_level) VALUES (%(book_id)s, %(store_id)s, %(title)s, %(author)s, %(publisher)s, %(original_price)s, %(price)s, %(stock_level)s)]
[parameters: {'book_id': '1000067', 'store_id': 'test_new_order_store_id_074042d4-bda7-11ef-aac6-02a6845b4b32', 'title': '美丽心灵', 'author': '[美] 西尔维娅·娜萨', 'publisher': '上海科技教育出版社', 'original_price': 0.0, 'price': 3879.0, 'stock_level': 23}]
(Background on this error at: https://sqlalche.me/e/20/9h9h)
2024-12-19 09:17:38 - werkzeug - INFO - 127.0.0.1 - - [19/Dec/2024 09:17:38] "[35m[1mPOST /seller/add_book HTTP/1.1[0m" 500 -
2024-12-19 09:17:38 - be.view.auth - INFO - 收到注册请求: {'user_id': 'test_new_order_buyer_id_091c1664-bda7-11ef-aac6-02a6845b4b32', 'password': 'test_new_order_seller_id_091c151a-bda7-11ef-aac6-02a6845b4b32'}
2024-12-19 09:17:38 - be.model.user - INFO - 尝试注册新用户：test_new_order_buyer_id_091c1664-bda7-11ef-aac6-02a6845b4b32
2024-12-19 09:17:38 - be.model.user - INFO - 加密密码...
2024-12-19 09:17:38 - be.model.user - INFO - 创建新用户...
2024-12-19 09:17:38 - be.model.user - INFO - 添加用户到数据库...
2024-12-19 09:17:38 - be.model.user - INFO - 用户注册成功：test_new_order_buyer_id_091c1664-bda7-11ef-aac6-02a6845b4b32
2024-12-19 09:17:38 - be.view.auth - INFO - 注册处理结果: 200
2024-12-19 09:17:38 - werkzeug - INFO - 127.0.0.1 - - [19/Dec/2024 09:17:38] "POST /auth/register HTTP/1.1" 200 -
2024-12-19 09:17:38 - be.view.auth - INFO - 收到登录请求: {'user_id': 'test_new_order_buyer_id_091c1664-bda7-11ef-aac6-02a6845b4b32', 'password': 'test_new_order_seller_id_091c151a-bda7-11ef-aac6-02a6845b4b32', 'terminal': 'my terminal'}
2024-12-19 09:17:38 - be.model.user - INFO - 尝试登录用户：test_new_order_buyer_id_091c1664-bda7-11ef-aac6-02a6845b4b32，终端：my terminal
2024-12-19 09:17:38 - be.model.user - INFO - 为用户 test_new_order_buyer_id_091c1664-bda7-11ef-aac6-02a6845b4b32 生成新token，终端：my terminal
2024-12-19 09:17:38 - be.model.user - INFO - 用户登录成功：test_new_order_buyer_id_091c1664-bda7-11ef-aac6-02a6845b4b32
2024-12-19 09:17:38 - be.view.auth - INFO - 登录处理结果: 200
2024-12-19 09:17:38 - werkzeug - INFO - 127.0.0.1 - - [19/Dec/2024 09:17:38] "POST /auth/login HTTP/1.1" 200 -
2024-12-19 09:17:38 - be.view.auth - INFO - 收到注册请求: {'user_id': 'test_new_order_seller_id_091c151a-bda7-11ef-aac6-02a6845b4b32', 'password': 'test_new_order_seller_id_091c151a-bda7-11ef-aac6-02a6845b4b32'}
2024-12-19 09:17:38 - be.model.user - INFO - 尝试注册新用户：test_new_order_seller_id_091c151a-bda7-11ef-aac6-02a6845b4b32
2024-12-19 09:17:38 - be.model.user - INFO - 加密密码...
2024-12-19 09:17:38 - be.model.user - INFO - 创建新用户...
2024-12-19 09:17:38 - be.model.user - INFO - 添加用户到数据库...
2024-12-19 09:17:39 - be.model.user - INFO - 用户注册成功：test_new_order_seller_id_091c151a-bda7-11ef-aac6-02a6845b4b32
2024-12-19 09:17:39 - be.view.auth - INFO - 注册处理结果: 200
2024-12-19 09:17:39 - werkzeug - INFO - 127.0.0.1 - - [19/Dec/2024 09:17:39] "POST /auth/register HTTP/1.1" 200 -
2024-12-19 09:17:39 - be.view.auth - INFO - 收到登录请求: {'user_id': 'test_new_order_seller_id_091c151a-bda7-11ef-aac6-02a6845b4b32', 'password': 'test_new_order_seller_id_091c151a-bda7-11ef-aac6-02a6845b4b32', 'terminal': 'my terminal'}
2024-12-19 09:17:39 - be.model.user - INFO - 尝试登录用户：test_new_order_seller_id_091c151a-bda7-11ef-aac6-02a6845b4b32，终端：my terminal
2024-12-19 09:17:39 - be.model.user - INFO - 为用户 test_new_order_seller_id_091c151a-bda7-11ef-aac6-02a6845b4b32 生成新token，终端：my terminal
2024-12-19 09:17:39 - be.model.user - INFO - 用户登录成功：test_new_order_seller_id_091c151a-bda7-11ef-aac6-02a6845b4b32
2024-12-19 09:17:39 - be.view.auth - INFO - 登录处理结果: 200
2024-12-19 09:17:39 - werkzeug - INFO - 127.0.0.1 - - [19/Dec/2024 09:17:39] "POST /auth/login HTTP/1.1" 200 -
2024-12-19 09:17:39 - be.model.seller - INFO - 商店创建成功: test_new_order_store_id_091c1632-bda7-11ef-aac6-02a6845b4b32
2024-12-19 09:17:39 - werkzeug - INFO - 127.0.0.1 - - [19/Dec/2024 09:17:39] "POST /seller/create_store HTTP/1.1" 200 -
2024-12-19 09:17:43 - be.model.seller - ERROR - 添加图书失败: (pymysql.err.DataError) (1406, "Data too long for column 'store_id' at row 1")
[SQL: INSERT INTO books (book_id, store_id, title, author, publisher, original_price, price, stock_level) VALUES (%(book_id)s, %(store_id)s, %(title)s, %(author)s, %(publisher)s, %(original_price)s, %(price)s, %(stock_level)s)]
[parameters: {'book_id': '1000067', 'store_id': 'test_new_order_store_id_091c1632-bda7-11ef-aac6-02a6845b4b32', 'title': '美丽心灵', 'author': '[美] 西尔维娅·娜萨', 'publisher': '上海科技教育出版社', 'original_price': 0.0, 'price': 3879.0, 'stock_level': 9}]
(Background on this error at: https://sqlalche.me/e/20/9h9h)
2024-12-19 09:17:43 - werkzeug - INFO - 127.0.0.1 - - [19/Dec/2024 09:17:43] "[35m[1mPOST /seller/add_book HTTP/1.1[0m" 500 -
2024-12-19 09:17:43 - be.view.auth - INFO - 收到注册请求: {'user_id': 'test_new_order_buyer_id_0c0fc9e2-bda7-11ef-aac6-02a6845b4b32', 'password': 'test_new_order_seller_id_0c0fc898-bda7-11ef-aac6-02a6845b4b32'}
2024-12-19 09:17:43 - be.model.user - INFO - 尝试注册新用户：test_new_order_buyer_id_0c0fc9e2-bda7-11ef-aac6-02a6845b4b32
2024-12-19 09:17:43 - be.model.user - INFO - 加密密码...
2024-12-19 09:17:43 - be.model.user - INFO - 创建新用户...
2024-12-19 09:17:43 - be.model.user - INFO - 添加用户到数据库...
2024-12-19 09:17:43 - be.model.user - INFO - 用户注册成功：test_new_order_buyer_id_0c0fc9e2-bda7-11ef-aac6-02a6845b4b32
2024-12-19 09:17:43 - be.view.auth - INFO - 注册处理结果: 200
2024-12-19 09:17:43 - werkzeug - INFO - 127.0.0.1 - - [19/Dec/2024 09:17:43] "POST /auth/register HTTP/1.1" 200 -
2024-12-19 09:17:43 - be.view.auth - INFO - 收到登录请求: {'user_id': 'test_new_order_buyer_id_0c0fc9e2-bda7-11ef-aac6-02a6845b4b32', 'password': 'test_new_order_seller_id_0c0fc898-bda7-11ef-aac6-02a6845b4b32', 'terminal': 'my terminal'}
2024-12-19 09:17:43 - be.model.user - INFO - 尝试登录用户：test_new_order_buyer_id_0c0fc9e2-bda7-11ef-aac6-02a6845b4b32，终端：my terminal
2024-12-19 09:17:43 - be.model.user - INFO - 为用户 test_new_order_buyer_id_0c0fc9e2-bda7-11ef-aac6-02a6845b4b32 生成新token，终端：my terminal
2024-12-19 09:17:43 - be.model.user - INFO - 用户登录成功：test_new_order_buyer_id_0c0fc9e2-bda7-11ef-aac6-02a6845b4b32
2024-12-19 09:17:43 - be.view.auth - INFO - 登录处理结果: 200
2024-12-19 09:17:43 - werkzeug - INFO - 127.0.0.1 - - [19/Dec/2024 09:17:43] "POST /auth/login HTTP/1.1" 200 -
2024-12-19 09:17:43 - be.view.auth - INFO - 收到注册请求: {'user_id': 'test_new_order_seller_id_0c0fc898-bda7-11ef-aac6-02a6845b4b32', 'password': 'test_new_order_seller_id_0c0fc898-bda7-11ef-aac6-02a6845b4b32'}
2024-12-19 09:17:43 - be.model.user - INFO - 尝试注册新用户：test_new_order_seller_id_0c0fc898-bda7-11ef-aac6-02a6845b4b32
2024-12-19 09:17:43 - be.model.user - INFO - 加密密码...
2024-12-19 09:17:43 - be.model.user - INFO - 创建新用户...
2024-12-19 09:17:43 - be.model.user - INFO - 添加用户到数据库...
2024-12-19 09:17:43 - be.model.user - INFO - 用户注册成功：test_new_order_seller_id_0c0fc898-bda7-11ef-aac6-02a6845b4b32
2024-12-19 09:17:43 - be.view.auth - INFO - 注册处理结果: 200
2024-12-19 09:17:43 - werkzeug - INFO - 127.0.0.1 - - [19/Dec/2024 09:17:43] "POST /auth/register HTTP/1.1" 200 -
2024-12-19 09:17:43 - be.view.auth - INFO - 收到登录请求: {'user_id': 'test_new_order_seller_id_0c0fc898-bda7-11ef-aac6-02a6845b4b32', 'password': 'test_new_order_seller_id_0c0fc898-bda7-11ef-aac6-02a6845b4b32', 'terminal': 'my terminal'}
2024-12-19 09:17:43 - be.model.user - INFO - 尝试登录用户：test_new_order_seller_id_0c0fc898-bda7-11ef-aac6-02a6845b4b32，终端：my terminal
2024-12-19 09:17:44 - be.model.user - INFO - 为用户 test_new_order_seller_id_0c0fc898-bda7-11ef-aac6-02a6845b4b32 生成新token，终端：my terminal
2024-12-19 09:17:44 - be.model.user - INFO - 用户登录成功：test_new_order_seller_id_0c0fc898-bda7-11ef-aac6-02a6845b4b32
2024-12-19 09:17:44 - be.view.auth - INFO - 登录处理结果: 200
2024-12-19 09:17:44 - werkzeug - INFO - 127.0.0.1 - - [19/Dec/2024 09:17:44] "POST /auth/login HTTP/1.1" 200 -
2024-12-19 09:17:44 - be.model.seller - INFO - 商店创建成功: test_new_order_store_id_0c0fc9a6-bda7-11ef-aac6-02a6845b4b32
2024-12-19 09:17:44 - werkzeug - INFO - 127.0.0.1 - - [19/Dec/2024 09:17:44] "POST /seller/create_store HTTP/1.1" 200 -
2024-12-19 09:17:48 - be.model.seller - ERROR - 添加图书失败: (pymysql.err.DataError) (1406, "Data too long for column 'store_id' at row 1")
[SQL: INSERT INTO books (book_id, store_id, title, author, publisher, original_price, price, stock_level) VALUES (%(book_id)s, %(store_id)s, %(title)s, %(author)s, %(publisher)s, %(original_price)s, %(price)s, %(stock_level)s)]
[parameters: {'book_id': '1000067', 'store_id': 'test_new_order_store_id_0c0fc9a6-bda7-11ef-aac6-02a6845b4b32', 'title': '美丽心灵', 'author': '[美] 西尔维娅·娜萨', 'publisher': '上海科技教育出版社', 'original_price': 0.0, 'price': 3879.0, 'stock_level': 5}]
(Background on this error at: https://sqlalche.me/e/20/9h9h)
2024-12-19 09:17:48 - werkzeug - INFO - 127.0.0.1 - - [19/Dec/2024 09:17:48] "[35m[1mPOST /seller/add_book HTTP/1.1[0m" 500 -
2024-12-19 09:17:48 - be.view.auth - INFO - 收到注册请求: {'user_id': 'test_payment_seller_id_0f84d48c-bda7-11ef-aac6-02a6845b4b32', 'password': 'test_payment_seller_id_0f84d48c-bda7-11ef-aac6-02a6845b4b32'}
2024-12-19 09:17:48 - be.model.user - INFO - 尝试注册新用户：test_payment_seller_id_0f84d48c-bda7-11ef-aac6-02a6845b4b32
2024-12-19 09:17:49 - be.model.user - INFO - 加密密码...
2024-12-19 09:17:49 - be.model.user - INFO - 创建新用户...
2024-12-19 09:17:49 - be.model.user - INFO - 添加用户到数据库...
2024-12-19 09:17:49 - be.model.user - INFO - 用户注册成功：test_payment_seller_id_0f84d48c-bda7-11ef-aac6-02a6845b4b32
2024-12-19 09:17:49 - be.view.auth - INFO - 注册处理结果: 200
2024-12-19 09:17:49 - werkzeug - INFO - 127.0.0.1 - - [19/Dec/2024 09:17:49] "POST /auth/register HTTP/1.1" 200 -
2024-12-19 09:17:49 - be.view.auth - INFO - 收到登录请求: {'user_id': 'test_payment_seller_id_0f84d48c-bda7-11ef-aac6-02a6845b4b32', 'password': 'test_payment_seller_id_0f84d48c-bda7-11ef-aac6-02a6845b4b32', 'terminal': 'my terminal'}
2024-12-19 09:17:49 - be.model.user - INFO - 尝试登录用户：test_payment_seller_id_0f84d48c-bda7-11ef-aac6-02a6845b4b32，终端：my terminal
2024-12-19 09:17:49 - be.model.user - INFO - 为用户 test_payment_seller_id_0f84d48c-bda7-11ef-aac6-02a6845b4b32 生成新token，终端：my terminal
2024-12-19 09:17:49 - be.model.user - INFO - 用户登录成功：test_payment_seller_id_0f84d48c-bda7-11ef-aac6-02a6845b4b32
2024-12-19 09:17:49 - be.view.auth - INFO - 登录处理结果: 200
2024-12-19 09:17:49 - werkzeug - INFO - 127.0.0.1 - - [19/Dec/2024 09:17:49] "POST /auth/login HTTP/1.1" 200 -
2024-12-19 09:17:49 - be.model.seller - INFO - 商店创建成功: test_payment_store_id_0f84d5cc-bda7-11ef-aac6-02a6845b4b32
2024-12-19 09:17:49 - werkzeug - INFO - 127.0.0.1 - - [19/Dec/2024 09:17:49] "POST /seller/create_store HTTP/1.1" 200 -
2024-12-19 09:17:51 - be.model.seller - ERROR - 添加图书失败: (pymysql.err.DataError) (1406, "Data too long for column 'store_id' at row 1")
[SQL: INSERT INTO books (book_id, store_id, title, author, publisher, original_price, price, stock_level) VALUES (%(book_id)s, %(store_id)s, %(title)s, %(author)s, %(publisher)s, %(original_price)s, %(price)s, %(stock_level)s)]
[parameters: {'book_id': '1000167', 'store_id': 'test_payment_store_id_0f84d5cc-bda7-11ef-aac6-02a6845b4b32', 'title': '中国历代年号考', 'author': '李崇智', 'publisher': '中华书局', 'original_price': 0.0, 'price': 2000.0, 'stock_level': 23}]
(Background on this error at: https://sqlalche.me/e/20/9h9h)
2024-12-19 09:17:51 - werkzeug - INFO - 127.0.0.1 - - [19/Dec/2024 09:17:51] "[35m[1mPOST /seller/add_book HTTP/1.1[0m" 500 -
2024-12-19 09:17:51 - be.view.auth - INFO - 收到注册请求: {'user_id': 'test_payment_seller_id_10eda5f6-bda7-11ef-aac6-02a6845b4b32', 'password': 'test_payment_seller_id_10eda5f6-bda7-11ef-aac6-02a6845b4b32'}
2024-12-19 09:17:51 - be.model.user - INFO - 尝试注册新用户：test_payment_seller_id_10eda5f6-bda7-11ef-aac6-02a6845b4b32
2024-12-19 09:17:51 - be.model.user - INFO - 加密密码...
2024-12-19 09:17:51 - be.model.user - INFO - 创建新用户...
2024-12-19 09:17:51 - be.model.user - INFO - 添加用户到数据库...
2024-12-19 09:17:51 - be.model.user - INFO - 用户注册成功：test_payment_seller_id_10eda5f6-bda7-11ef-aac6-02a6845b4b32
2024-12-19 09:17:51 - be.view.auth - INFO - 注册处理结果: 200
2024-12-19 09:17:51 - werkzeug - INFO - 127.0.0.1 - - [19/Dec/2024 09:17:51] "POST /auth/register HTTP/1.1" 200 -
2024-12-19 09:17:51 - be.view.auth - INFO - 收到登录请求: {'user_id': 'test_payment_seller_id_10eda5f6-bda7-11ef-aac6-02a6845b4b32', 'password': 'test_payment_seller_id_10eda5f6-bda7-11ef-aac6-02a6845b4b32', 'terminal': 'my terminal'}
2024-12-19 09:17:51 - be.model.user - INFO - 尝试登录用户：test_payment_seller_id_10eda5f6-bda7-11ef-aac6-02a6845b4b32，终端：my terminal
2024-12-19 09:17:51 - be.model.user - INFO - 为用户 test_payment_seller_id_10eda5f6-bda7-11ef-aac6-02a6845b4b32 生成新token，终端：my terminal
2024-12-19 09:17:51 - be.model.user - INFO - 用户登录成功：test_payment_seller_id_10eda5f6-bda7-11ef-aac6-02a6845b4b32
2024-12-19 09:17:51 - be.view.auth - INFO - 登录处理结果: 200
2024-12-19 09:17:51 - werkzeug - INFO - 127.0.0.1 - - [19/Dec/2024 09:17:51] "POST /auth/login HTTP/1.1" 200 -
2024-12-19 09:17:52 - be.model.seller - INFO - 商店创建成功: test_payment_store_id_10eda6e6-bda7-11ef-aac6-02a6845b4b32
2024-12-19 09:17:52 - werkzeug - INFO - 127.0.0.1 - - [19/Dec/2024 09:17:52] "POST /seller/create_store HTTP/1.1" 200 -
2024-12-19 09:17:53 - be.model.seller - ERROR - 添加图书失败: (pymysql.err.DataError) (1406, "Data too long for column 'store_id' at row 1")
[SQL: INSERT INTO books (book_id, store_id, title, author, publisher, original_price, price, stock_level) VALUES (%(book_id)s, %(store_id)s, %(title)s, %(author)s, %(publisher)s, %(original_price)s, %(price)s, %(stock_level)s)]
[parameters: {'book_id': '1000067', 'store_id': 'test_payment_store_id_10eda6e6-bda7-11ef-aac6-02a6845b4b32', 'title': '美丽心灵', 'author': '[美] 西尔维娅·娜萨', 'publisher': '上海科技教育出版社', 'original_price': 0.0, 'price': 3879.0, 'stock_level': 67}]
(Background on this error at: https://sqlalche.me/e/20/9h9h)
2024-12-19 09:17:53 - werkzeug - INFO - 127.0.0.1 - - [19/Dec/2024 09:17:53] "[35m[1mPOST /seller/add_book HTTP/1.1[0m" 500 -
2024-12-19 09:17:53 - be.view.auth - INFO - 收到注册请求: {'user_id': 'test_payment_seller_id_125f4f34-bda7-11ef-aac6-02a6845b4b32', 'password': 'test_payment_seller_id_125f4f34-bda7-11ef-aac6-02a6845b4b32'}
2024-12-19 09:17:53 - be.model.user - INFO - 尝试注册新用户：test_payment_seller_id_125f4f34-bda7-11ef-aac6-02a6845b4b32
2024-12-19 09:17:53 - be.model.user - INFO - 加密密码...
2024-12-19 09:17:53 - be.model.user - INFO - 创建新用户...
2024-12-19 09:17:53 - be.model.user - INFO - 添加用户到数据库...
2024-12-19 09:17:54 - be.model.user - INFO - 用户注册成功：test_payment_seller_id_125f4f34-bda7-11ef-aac6-02a6845b4b32
2024-12-19 09:17:54 - be.view.auth - INFO - 注册处理结果: 200
2024-12-19 09:17:54 - werkzeug - INFO - 127.0.0.1 - - [19/Dec/2024 09:17:54] "POST /auth/register HTTP/1.1" 200 -
2024-12-19 09:17:54 - be.view.auth - INFO - 收到登录请求: {'user_id': 'test_payment_seller_id_125f4f34-bda7-11ef-aac6-02a6845b4b32', 'password': 'test_payment_seller_id_125f4f34-bda7-11ef-aac6-02a6845b4b32', 'terminal': 'my terminal'}
2024-12-19 09:17:54 - be.model.user - INFO - 尝试登录用户：test_payment_seller_id_125f4f34-bda7-11ef-aac6-02a6845b4b32，终端：my terminal
2024-12-19 09:17:54 - be.model.user - INFO - 为用户 test_payment_seller_id_125f4f34-bda7-11ef-aac6-02a6845b4b32 生成新token，终端：my terminal
2024-12-19 09:17:54 - be.model.user - INFO - 用户登录成功：test_payment_seller_id_125f4f34-bda7-11ef-aac6-02a6845b4b32
2024-12-19 09:17:54 - be.view.auth - INFO - 登录处理结果: 200
2024-12-19 09:17:54 - werkzeug - INFO - 127.0.0.1 - - [19/Dec/2024 09:17:54] "POST /auth/login HTTP/1.1" 200 -
2024-12-19 09:17:54 - be.model.seller - INFO - 商店创建成功: test_payment_store_id_125f504c-bda7-11ef-aac6-02a6845b4b32
2024-12-19 09:17:54 - werkzeug - INFO - 127.0.0.1 - - [19/Dec/2024 09:17:54] "POST /seller/create_store HTTP/1.1" 200 -
2024-12-19 09:17:56 - be.model.seller - ERROR - 添加图书失败: (pymysql.err.DataError) (1406, "Data too long for column 'store_id' at row 1")
[SQL: INSERT INTO books (book_id, store_id, title, author, publisher, original_price, price, stock_level) VALUES (%(book_id)s, %(store_id)s, %(title)s, %(author)s, %(publisher)s, %(original_price)s, %(price)s, %(stock_level)s)]
[parameters: {'book_id': '1003479', 'store_id': 'test_payment_store_id_125f504c-bda7-11ef-aac6-02a6845b4b32', 'title': '中国历代政治得失', 'author': '錢穆', 'publisher': '生活·读书·新知三联书店', 'original_price': 0.0, 'price': 1200.0, 'stock_level': 38}]
(Background on this error at: https://sqlalche.me/e/20/9h9h)
2024-12-19 09:17:56 - werkzeug - INFO - 127.0.0.1 - - [19/Dec/2024 09:17:56] "[35m[1mPOST /seller/add_book HTTP/1.1[0m" 500 -
2024-12-19 09:17:56 - be.view.auth - INFO - 收到注册请求: {'user_id': 'test_payment_seller_id_13dbabbe-bda7-11ef-aac6-02a6845b4b32', 'password': 'test_payment_seller_id_13dbabbe-bda7-11ef-aac6-02a6845b4b32'}
2024-12-19 09:17:56 - be.model.user - INFO - 尝试注册新用户：test_payment_seller_id_13dbabbe-bda7-11ef-aac6-02a6845b4b32
2024-12-19 09:17:56 - be.model.user - INFO - 加密密码...
2024-12-19 09:17:56 - be.model.user - INFO - 创建新用户...
2024-12-19 09:17:56 - be.model.user - INFO - 添加用户到数据库...
2024-12-19 09:17:56 - be.model.user - INFO - 用户注册成功：test_payment_seller_id_13dbabbe-bda7-11ef-aac6-02a6845b4b32
2024-12-19 09:17:56 - be.view.auth - INFO - 注册处理结果: 200
2024-12-19 09:17:56 - werkzeug - INFO - 127.0.0.1 - - [19/Dec/2024 09:17:56] "POST /auth/register HTTP/1.1" 200 -
2024-12-19 09:17:56 - be.view.auth - INFO - 收到登录请求: {'user_id': 'test_payment_seller_id_13dbabbe-bda7-11ef-aac6-02a6845b4b32', 'password': 'test_payment_seller_id_13dbabbe-bda7-11ef-aac6-02a6845b4b32', 'terminal': 'my terminal'}
2024-12-19 09:17:56 - be.model.user - INFO - 尝试登录用户：test_payment_seller_id_13dbabbe-bda7-11ef-aac6-02a6845b4b32，终端：my terminal
2024-12-19 09:17:56 - be.model.user - INFO - 为用户 test_payment_seller_id_13dbabbe-bda7-11ef-aac6-02a6845b4b32 生成新token，终端：my terminal
2024-12-19 09:17:56 - be.model.user - INFO - 用户登录成功：test_payment_seller_id_13dbabbe-bda7-11ef-aac6-02a6845b4b32
2024-12-19 09:17:56 - be.view.auth - INFO - 登录处理结果: 200
2024-12-19 09:17:56 - werkzeug - INFO - 127.0.0.1 - - [19/Dec/2024 09:17:56] "POST /auth/login HTTP/1.1" 200 -
2024-12-19 09:17:57 - be.model.seller - INFO - 商店创建成功: test_payment_store_id_13dbacea-bda7-11ef-aac6-02a6845b4b32
2024-12-19 09:17:57 - werkzeug - INFO - 127.0.0.1 - - [19/Dec/2024 09:17:57] "POST /seller/create_store HTTP/1.1" 200 -
2024-12-19 09:17:58 - be.model.seller - ERROR - 添加图书失败: (pymysql.err.DataError) (1406, "Data too long for column 'store_id' at row 1")
[SQL: INSERT INTO books (book_id, store_id, title, author, publisher, original_price, price, stock_level) VALUES (%(book_id)s, %(store_id)s, %(title)s, %(author)s, %(publisher)s, %(original_price)s, %(price)s, %(stock_level)s)]
[parameters: {'book_id': '1003479', 'store_id': 'test_payment_store_id_13dbacea-bda7-11ef-aac6-02a6845b4b32', 'title': '中国历代政治得失', 'author': '錢穆', 'publisher': '生活·读书·新知三联书店', 'original_price': 0.0, 'price': 1200.0, 'stock_level': 47}]
(Background on this error at: https://sqlalche.me/e/20/9h9h)
2024-12-19 09:17:58 - werkzeug - INFO - 127.0.0.1 - - [19/Dec/2024 09:17:58] "[35m[1mPOST /seller/add_book HTTP/1.1[0m" 500 -
2024-12-19 09:17:59 - root - INFO - load data
2024-12-19 09:17:59 - be.view.auth - INFO - 收到注册请求: {'user_id': 'seller_1_15420494-bda7-11ef-aac6-02a6845b4b32', 'password': 'password_seller_1_15420494-bda7-11ef-aac6-02a6845b4b32'}
2024-12-19 09:17:59 - be.model.user - INFO - 尝试注册新用户：seller_1_15420494-bda7-11ef-aac6-02a6845b4b32
2024-12-19 09:17:59 - be.model.user - INFO - 加密密码...
2024-12-19 09:17:59 - be.model.user - INFO - 创建新用户...
2024-12-19 09:17:59 - be.model.user - INFO - 添加用户到数据库...
2024-12-19 09:17:59 - be.model.user - INFO - 用户注册成功：seller_1_15420494-bda7-11ef-aac6-02a6845b4b32
2024-12-19 09:17:59 - be.view.auth - INFO - 注册处理结果: 200
2024-12-19 09:17:59 - werkzeug - INFO - 127.0.0.1 - - [19/Dec/2024 09:17:59] "POST /auth/register HTTP/1.1" 200 -
2024-12-19 09:17:59 - be.view.auth - INFO - 收到登录请求: {'user_id': 'seller_1_15420494-bda7-11ef-aac6-02a6845b4b32', 'password': 'password_seller_1_15420494-bda7-11ef-aac6-02a6845b4b32', 'terminal': 'my terminal'}
2024-12-19 09:17:59 - be.model.user - INFO - 尝试登录用户：seller_1_15420494-bda7-11ef-aac6-02a6845b4b32，终端：my terminal
2024-12-19 09:17:59 - be.model.user - INFO - 为用户 seller_1_15420494-bda7-11ef-aac6-02a6845b4b32 生成新token，终端：my terminal
2024-12-19 09:17:59 - be.model.user - INFO - 用户登录成功：seller_1_15420494-bda7-11ef-aac6-02a6845b4b32
2024-12-19 09:17:59 - be.view.auth - INFO - 登录处理结果: 200
2024-12-19 09:17:59 - werkzeug - INFO - 127.0.0.1 - - [19/Dec/2024 09:17:59] "POST /auth/login HTTP/1.1" 200 -
2024-12-19 09:18:00 - be.model.seller - INFO - 商店创建成功: store_s_1_1_15420494-bda7-11ef-aac6-02a6845b4b32
2024-12-19 09:18:00 - werkzeug - INFO - 127.0.0.1 - - [19/Dec/2024 09:18:00] "POST /seller/create_store HTTP/1.1" 200 -
2024-12-19 09:18:04 - be.model.seller - INFO - 图书添加成功: book_id=1000067
2024-12-19 09:18:04 - werkzeug - INFO - 127.0.0.1 - - [19/Dec/2024 09:18:04] "POST /seller/add_book HTTP/1.1" 200 -
2024-12-19 09:18:04 - be.model.seller - INFO - 图书添加成功: book_id=1000134
2024-12-19 09:18:04 - werkzeug - INFO - 127.0.0.1 - - [19/Dec/2024 09:18:04] "POST /seller/add_book HTTP/1.1" 200 -
2024-12-19 09:18:05 - be.model.seller - INFO - 图书添加成功: book_id=1000135
2024-12-19 09:18:05 - werkzeug - INFO - 127.0.0.1 - - [19/Dec/2024 09:18:05] "POST /seller/add_book HTTP/1.1" 200 -
2024-12-19 09:18:05 - be.model.seller - INFO - 图书添加成功: book_id=1000167
2024-12-19 09:18:05 - werkzeug - INFO - 127.0.0.1 - - [19/Dec/2024 09:18:05] "POST /seller/add_book HTTP/1.1" 200 -
2024-12-19 09:18:05 - be.model.seller - INFO - 图书添加成功: book_id=1000280
2024-12-19 09:18:05 - werkzeug - INFO - 127.0.0.1 - - [19/Dec/2024 09:18:05] "POST /seller/add_book HTTP/1.1" 200 -
2024-12-19 09:18:06 - be.model.seller - INFO - 图书添加成功: book_id=1000317
2024-12-19 09:18:06 - werkzeug - INFO - 127.0.0.1 - - [19/Dec/2024 09:18:06] "POST /seller/add_book HTTP/1.1" 200 -
2024-12-19 09:18:06 - be.model.seller - INFO - 图书添加成功: book_id=1000364
2024-12-19 09:18:06 - werkzeug - INFO - 127.0.0.1 - - [19/Dec/2024 09:18:06] "POST /seller/add_book HTTP/1.1" 200 -
2024-12-19 09:18:07 - be.model.seller - INFO - 图书添加成功: book_id=1000531
2024-12-19 09:18:07 - werkzeug - INFO - 127.0.0.1 - - [19/Dec/2024 09:18:07] "POST /seller/add_book HTTP/1.1" 200 -
2024-12-19 09:18:07 - be.model.seller - INFO - 图书添加成功: book_id=1000687
2024-12-19 09:18:07 - werkzeug - INFO - 127.0.0.1 - - [19/Dec/2024 09:18:07] "POST /seller/add_book HTTP/1.1" 200 -
2024-12-19 09:18:08 - be.model.seller - INFO - 图书添加成功: book_id=1000773
2024-12-19 09:18:08 - werkzeug - INFO - 127.0.0.1 - - [19/Dec/2024 09:18:08] "POST /seller/add_book HTTP/1.1" 200 -
2024-12-19 09:18:08 - be.model.seller - INFO - 图书添加成功: book_id=1000786
2024-12-19 09:18:08 - werkzeug - INFO - 127.0.0.1 - - [19/Dec/2024 09:18:08] "POST /seller/add_book HTTP/1.1" 200 -
2024-12-19 09:18:09 - be.model.seller - INFO - 图书添加成功: book_id=1000965
2024-12-19 09:18:09 - werkzeug - INFO - 127.0.0.1 - - [19/Dec/2024 09:18:09] "POST /seller/add_book HTTP/1.1" 200 -
2024-12-19 09:18:09 - be.model.seller - INFO - 图书添加成功: book_id=1000972
2024-12-19 09:18:09 - werkzeug - INFO - 127.0.0.1 - - [19/Dec/2024 09:18:09] "POST /seller/add_book HTTP/1.1" 200 -
2024-12-19 09:18:09 - be.model.seller - INFO - 图书添加成功: book_id=1000993
2024-12-19 09:18:09 - werkzeug - INFO - 127.0.0.1 - - [19/Dec/2024 09:18:09] "POST /seller/add_book HTTP/1.1" 200 -
2024-12-19 09:18:10 - be.model.seller - INFO - 图书添加成功: book_id=1001136
2024-12-19 09:18:10 - werkzeug - INFO - 127.0.0.1 - - [19/Dec/2024 09:18:10] "POST /seller/add_book HTTP/1.1" 200 -
2024-12-19 09:18:10 - be.model.seller - INFO - 图书添加成功: book_id=1001165
2024-12-19 09:18:10 - werkzeug - INFO - 127.0.0.1 - - [19/Dec/2024 09:18:10] "POST /seller/add_book HTTP/1.1" 200 -
2024-12-19 09:18:11 - be.model.seller - INFO - 图书添加成功: book_id=1001193
2024-12-19 09:18:11 - werkzeug - INFO - 127.0.0.1 - - [19/Dec/2024 09:18:11] "POST /seller/add_book HTTP/1.1" 200 -
2024-12-19 09:18:11 - be.model.seller - INFO - 图书添加成功: book_id=1001204
2024-12-19 09:18:11 - werkzeug - INFO - 127.0.0.1 - - [19/Dec/2024 09:18:11] "POST /seller/add_book HTTP/1.1" 200 -
2024-12-19 09:18:12 - be.model.seller - INFO - 图书添加成功: book_id=1001309
2024-12-19 09:18:12 - werkzeug - INFO - 127.0.0.1 - - [19/Dec/2024 09:18:12] "POST /seller/add_book HTTP/1.1" 200 -
2024-12-19 09:18:12 - be.model.seller - INFO - 图书添加成功: book_id=1001605
2024-12-19 09:18:12 - werkzeug - INFO - 127.0.0.1 - - [19/Dec/2024 09:18:12] "POST /seller/add_book HTTP/1.1" 200 -
2024-12-19 09:18:12 - be.model.seller - INFO - 图书添加成功: book_id=1001885
2024-12-19 09:18:13 - werkzeug - INFO - 127.0.0.1 - - [19/Dec/2024 09:18:13] "POST /seller/add_book HTTP/1.1" 200 -
2024-12-19 09:18:13 - be.model.seller - INFO - 图书添加成功: book_id=1001895
2024-12-19 09:18:13 - werkzeug - INFO - 127.0.0.1 - - [19/Dec/2024 09:18:13] "POST /seller/add_book HTTP/1.1" 200 -
2024-12-19 09:18:13 - be.model.seller - INFO - 图书添加成功: book_id=1001924
2024-12-19 09:18:13 - werkzeug - INFO - 127.0.0.1 - - [19/Dec/2024 09:18:13] "POST /seller/add_book HTTP/1.1" 200 -
2024-12-19 09:18:14 - be.model.seller - INFO - 图书添加成功: book_id=1001953
2024-12-19 09:18:14 - werkzeug - INFO - 127.0.0.1 - - [19/Dec/2024 09:18:14] "POST /seller/add_book HTTP/1.1" 200 -
2024-12-19 09:18:14 - be.model.seller - INFO - 图书添加成功: book_id=1002201
2024-12-19 09:18:14 - werkzeug - INFO - 127.0.0.1 - - [19/Dec/2024 09:18:14] "POST /seller/add_book HTTP/1.1" 200 -
2024-12-19 09:18:15 - be.model.seller - INFO - 图书添加成功: book_id=1002299
2024-12-19 09:18:15 - werkzeug - INFO - 127.0.0.1 - - [19/Dec/2024 09:18:15] "POST /seller/add_book HTTP/1.1" 200 -
2024-12-19 09:18:15 - be.model.seller - INFO - 图书添加成功: book_id=1002400
2024-12-19 09:18:15 - werkzeug - INFO - 127.0.0.1 - - [19/Dec/2024 09:18:15] "POST /seller/add_book HTTP/1.1" 200 -
2024-12-19 09:18:16 - be.model.seller - INFO - 图书添加成功: book_id=1002474
2024-12-19 09:18:16 - werkzeug - INFO - 127.0.0.1 - - [19/Dec/2024 09:18:16] "POST /seller/add_book HTTP/1.1" 200 -
2024-12-19 09:18:16 - be.model.seller - INFO - 图书添加成功: book_id=1002505
2024-12-19 09:18:16 - werkzeug - INFO - 127.0.0.1 - - [19/Dec/2024 09:18:16] "POST /seller/add_book HTTP/1.1" 200 -
2024-12-19 09:18:16 - be.model.seller - INFO - 图书添加成功: book_id=1002597
2024-12-19 09:18:16 - werkzeug - INFO - 127.0.0.1 - - [19/Dec/2024 09:18:16] "POST /seller/add_book HTTP/1.1" 200 -
2024-12-19 09:18:17 - be.model.seller - INFO - 图书添加成功: book_id=1002898
2024-12-19 09:18:17 - werkzeug - INFO - 127.0.0.1 - - [19/Dec/2024 09:18:17] "POST /seller/add_book HTTP/1.1" 200 -
2024-12-19 09:18:17 - be.model.seller - INFO - 图书添加成功: book_id=1003000
2024-12-19 09:18:17 - werkzeug - INFO - 127.0.0.1 - - [19/Dec/2024 09:18:17] "POST /seller/add_book HTTP/1.1" 200 -
2024-12-19 09:18:18 - be.model.seller - INFO - 图书添加成功: book_id=1003246
2024-12-19 09:18:18 - werkzeug - INFO - 127.0.0.1 - - [19/Dec/2024 09:18:18] "POST /seller/add_book HTTP/1.1" 200 -
2024-12-19 09:18:18 - be.model.seller - INFO - 图书添加成功: book_id=1003284
2024-12-19 09:18:18 - werkzeug - INFO - 127.0.0.1 - - [19/Dec/2024 09:18:18] "POST /seller/add_book HTTP/1.1" 200 -
2024-12-19 09:18:19 - be.model.seller - INFO - 图书添加成功: book_id=1003373
2024-12-19 09:18:19 - werkzeug - INFO - 127.0.0.1 - - [19/Dec/2024 09:18:19] "POST /seller/add_book HTTP/1.1" 200 -
2024-12-19 09:18:19 - be.model.seller - INFO - 图书添加成功: book_id=1003417
2024-12-19 09:18:19 - werkzeug - INFO - 127.0.0.1 - - [19/Dec/2024 09:18:19] "POST /seller/add_book HTTP/1.1" 200 -
2024-12-19 09:18:19 - be.model.seller - INFO - 图书添加成功: book_id=1003479
2024-12-19 09:18:19 - werkzeug - INFO - 127.0.0.1 - - [19/Dec/2024 09:18:19] "POST /seller/add_book HTTP/1.1" 200 -
2024-12-19 09:18:20 - be.model.seller - INFO - 图书添加成功: book_id=1003598
2024-12-19 09:18:20 - werkzeug - INFO - 127.0.0.1 - - [19/Dec/2024 09:18:20] "POST /seller/add_book HTTP/1.1" 200 -
2024-12-19 09:18:20 - be.model.seller - INFO - 图书添加成功: book_id=1003986
2024-12-19 09:18:20 - werkzeug - INFO - 127.0.0.1 - - [19/Dec/2024 09:18:20] "POST /seller/add_book HTTP/1.1" 200 -
2024-12-19 09:18:21 - be.model.seller - INFO - 图书添加成功: book_id=1004088
2024-12-19 09:18:21 - werkzeug - INFO - 127.0.0.1 - - [19/Dec/2024 09:18:21] "POST /seller/add_book HTTP/1.1" 200 -
2024-12-19 09:18:21 - be.model.seller - INFO - 图书添加成功: book_id=1004250
2024-12-19 09:18:21 - werkzeug - INFO - 127.0.0.1 - - [19/Dec/2024 09:18:21] "POST /seller/add_book HTTP/1.1" 200 -
2024-12-19 09:18:22 - be.model.seller - INFO - 图书添加成功: book_id=1004318
2024-12-19 09:18:22 - werkzeug - INFO - 127.0.0.1 - - [19/Dec/2024 09:18:22] "POST /seller/add_book HTTP/1.1" 200 -
2024-12-19 09:18:22 - be.model.seller - INFO - 图书添加成功: book_id=1004325
2024-12-19 09:18:22 - werkzeug - INFO - 127.0.0.1 - - [19/Dec/2024 09:18:22] "POST /seller/add_book HTTP/1.1" 200 -
2024-12-19 09:18:22 - be.model.seller - INFO - 图书添加成功: book_id=1004383
2024-12-19 09:18:22 - werkzeug - INFO - 127.0.0.1 - - [19/Dec/2024 09:18:22] "POST /seller/add_book HTTP/1.1" 200 -
2024-12-19 09:18:23 - be.model.seller - INFO - 图书添加成功: book_id=1004539
2024-12-19 09:18:23 - werkzeug - INFO - 127.0.0.1 - - [19/Dec/2024 09:18:23] "POST /seller/add_book HTTP/1.1" 200 -
2024-12-19 09:18:23 - be.model.seller - INFO - 图书添加成功: book_id=10048862
2024-12-19 09:18:23 - werkzeug - INFO - 127.0.0.1 - - [19/Dec/2024 09:18:23] "POST /seller/add_book HTTP/1.1" 200 -
2024-12-19 09:18:24 - be.model.seller - INFO - 图书添加成功: book_id=1004956
2024-12-19 09:18:24 - werkzeug - INFO - 127.0.0.1 - - [19/Dec/2024 09:18:24] "POST /seller/add_book HTTP/1.1" 200 -
2024-12-19 09:18:24 - be.model.seller - INFO - 图书添加成功: book_id=1004992
2024-12-19 09:18:24 - werkzeug - INFO - 127.0.0.1 - - [19/Dec/2024 09:18:24] "POST /seller/add_book HTTP/1.1" 200 -
2024-12-19 09:18:25 - be.model.seller - INFO - 图书添加成功: book_id=1005047
2024-12-19 09:18:25 - werkzeug - INFO - 127.0.0.1 - - [19/Dec/2024 09:18:25] "POST /seller/add_book HTTP/1.1" 200 -
2024-12-19 09:18:25 - be.model.seller - INFO - 图书添加成功: book_id=1005242
2024-12-19 09:18:25 - werkzeug - INFO - 127.0.0.1 - - [19/Dec/2024 09:18:25] "POST /seller/add_book HTTP/1.1" 200 -
2024-12-19 09:18:25 - be.model.seller - INFO - 图书添加成功: book_id=1005358
2024-12-19 09:18:25 - werkzeug - INFO - 127.0.0.1 - - [19/Dec/2024 09:18:25] "POST /seller/add_book HTTP/1.1" 200 -
2024-12-19 09:18:26 - be.model.seller - INFO - 图书添加成功: book_id=1005411
2024-12-19 09:18:26 - werkzeug - INFO - 127.0.0.1 - - [19/Dec/2024 09:18:26] "POST /seller/add_book HTTP/1.1" 200 -
2024-12-19 09:18:26 - be.model.seller - INFO - 图书添加成功: book_id=1005455
2024-12-19 09:18:26 - werkzeug - INFO - 127.0.0.1 - - [19/Dec/2024 09:18:26] "POST /seller/add_book HTTP/1.1" 200 -
2024-12-19 09:18:27 - be.model.seller - INFO - 图书添加成功: book_id=1005492
2024-12-19 09:18:27 - werkzeug - INFO - 127.0.0.1 - - [19/Dec/2024 09:18:27] "POST /seller/add_book HTTP/1.1" 200 -
2024-12-19 09:18:27 - be.model.seller - INFO - 图书添加成功: book_id=1005576
2024-12-19 09:18:27 - werkzeug - INFO - 127.0.0.1 - - [19/Dec/2024 09:18:27] "POST /seller/add_book HTTP/1.1" 200 -
2024-12-19 09:18:28 - be.model.seller - INFO - 图书添加成功: book_id=1005660
2024-12-19 09:18:28 - werkzeug - INFO - 127.0.0.1 - - [19/Dec/2024 09:18:28] "POST /seller/add_book HTTP/1.1" 200 -
2024-12-19 09:18:28 - be.model.seller - INFO - 图书添加成功: book_id=1005918
2024-12-19 09:18:28 - werkzeug - INFO - 127.0.0.1 - - [19/Dec/2024 09:18:28] "POST /seller/add_book HTTP/1.1" 200 -
2024-12-19 09:18:28 - be.model.seller - INFO - 图书添加成功: book_id=1006203
2024-12-19 09:18:28 - werkzeug - INFO - 127.0.0.1 - - [19/Dec/2024 09:18:28] "POST /seller/add_book HTTP/1.1" 200 -
2024-12-19 09:18:29 - be.model.seller - INFO - 图书添加成功: book_id=1006341
2024-12-19 09:18:29 - werkzeug - INFO - 127.0.0.1 - - [19/Dec/2024 09:18:29] "POST /seller/add_book HTTP/1.1" 200 -
2024-12-19 09:18:29 - be.model.seller - INFO - 图书添加成功: book_id=1006419
2024-12-19 09:18:29 - werkzeug - INFO - 127.0.0.1 - - [19/Dec/2024 09:18:29] "POST /seller/add_book HTTP/1.1" 200 -
2024-12-19 09:18:30 - be.model.seller - INFO - 图书添加成功: book_id=1006560
2024-12-19 09:18:30 - werkzeug - INFO - 127.0.0.1 - - [19/Dec/2024 09:18:30] "POST /seller/add_book HTTP/1.1" 200 -
2024-12-19 09:18:30 - be.model.seller - INFO - 图书添加成功: book_id=1006737
2024-12-19 09:18:30 - werkzeug - INFO - 127.0.0.1 - - [19/Dec/2024 09:18:30] "POST /seller/add_book HTTP/1.1" 200 -
2024-12-19 09:18:31 - be.model.seller - INFO - 图书添加成功: book_id=1006884
2024-12-19 09:18:31 - werkzeug - INFO - 127.0.0.1 - - [19/Dec/2024 09:18:31] "POST /seller/add_book HTTP/1.1" 200 -
2024-12-19 09:18:31 - be.model.seller - INFO - 图书添加成功: book_id=1007305
2024-12-19 09:18:31 - werkzeug - INFO - 127.0.0.1 - - [19/Dec/2024 09:18:31] "POST /seller/add_book HTTP/1.1" 200 -
2024-12-19 09:18:31 - be.model.seller - INFO - 图书添加成功: book_id=1007313
2024-12-19 09:18:31 - werkzeug - INFO - 127.0.0.1 - - [19/Dec/2024 09:18:31] "POST /seller/add_book HTTP/1.1" 200 -
2024-12-19 09:18:32 - be.model.seller - INFO - 图书添加成功: book_id=1007396
2024-12-19 09:18:32 - werkzeug - INFO - 127.0.0.1 - - [19/Dec/2024 09:18:32] "POST /seller/add_book HTTP/1.1" 200 -
2024-12-19 09:18:32 - be.model.seller - INFO - 图书添加成功: book_id=1007433
2024-12-19 09:18:32 - werkzeug - INFO - 127.0.0.1 - - [19/Dec/2024 09:18:32] "POST /seller/add_book HTTP/1.1" 200 -
2024-12-19 09:18:33 - be.model.seller - INFO - 图书添加成功: book_id=1007562
2024-12-19 09:18:33 - werkzeug - INFO - 127.0.0.1 - - [19/Dec/2024 09:18:33] "POST /seller/add_book HTTP/1.1" 200 -
2024-12-19 09:18:33 - be.model.seller - INFO - 图书添加成功: book_id=1007577
2024-12-19 09:18:33 - werkzeug - INFO - 127.0.0.1 - - [19/Dec/2024 09:18:33] "POST /seller/add_book HTTP/1.1" 200 -
2024-12-19 09:18:34 - be.model.seller - INFO - 图书添加成功: book_id=1007718
2024-12-19 09:18:34 - werkzeug - INFO - 127.0.0.1 - - [19/Dec/2024 09:18:34] "POST /seller/add_book HTTP/1.1" 200 -
2024-12-19 09:18:34 - be.model.seller - INFO - 图书添加成功: book_id=1007772
2024-12-19 09:18:34 - werkzeug - INFO - 127.0.0.1 - - [19/Dec/2024 09:18:34] "POST /seller/add_book HTTP/1.1" 200 -
2024-12-19 09:18:34 - be.model.seller - INFO - 图书添加成功: book_id=1007864
2024-12-19 09:18:34 - werkzeug - INFO - 127.0.0.1 - - [19/Dec/2024 09:18:34] "POST /seller/add_book HTTP/1.1" 200 -
2024-12-19 09:18:35 - be.model.seller - INFO - 图书添加成功: book_id=1007914
2024-12-19 09:18:35 - werkzeug - INFO - 127.0.0.1 - - [19/Dec/2024 09:18:35] "POST /seller/add_book HTTP/1.1" 200 -
2024-12-19 09:18:35 - be.model.seller - INFO - 图书添加成功: book_id=1008074
2024-12-19 09:18:35 - werkzeug - INFO - 127.0.0.1 - - [19/Dec/2024 09:18:35] "POST /seller/add_book HTTP/1.1" 200 -
2024-12-19 09:18:36 - be.model.seller - INFO - 图书添加成功: book_id=1008094
2024-12-19 09:18:36 - werkzeug - INFO - 127.0.0.1 - - [19/Dec/2024 09:18:36] "POST /seller/add_book HTTP/1.1" 200 -
2024-12-19 09:18:36 - be.model.seller - INFO - 图书添加成功: book_id=1008145
2024-12-19 09:18:36 - werkzeug - INFO - 127.0.0.1 - - [19/Dec/2024 09:18:36] "POST /seller/add_book HTTP/1.1" 200 -
2024-12-19 09:18:37 - be.model.seller - INFO - 图书添加成功: book_id=1008176
2024-12-19 09:18:37 - werkzeug - INFO - 127.0.0.1 - - [19/Dec/2024 09:18:37] "POST /seller/add_book HTTP/1.1" 200 -
2024-12-19 09:18:37 - be.model.seller - INFO - 图书添加成功: book_id=1008214
2024-12-19 09:18:37 - werkzeug - INFO - 127.0.0.1 - - [19/Dec/2024 09:18:37] "POST /seller/add_book HTTP/1.1" 200 -
2024-12-19 09:18:37 - be.model.seller - INFO - 图书添加成功: book_id=1008357
2024-12-19 09:18:37 - werkzeug - INFO - 127.0.0.1 - - [19/Dec/2024 09:18:37] "POST /seller/add_book HTTP/1.1" 200 -
2024-12-19 09:18:38 - be.model.seller - INFO - 图书添加成功: book_id=1008445
2024-12-19 09:18:38 - werkzeug - INFO - 127.0.0.1 - - [19/Dec/2024 09:18:38] "POST /seller/add_book HTTP/1.1" 200 -
2024-12-19 09:18:38 - be.model.seller - INFO - 图书添加成功: book_id=1008459
2024-12-19 09:18:38 - werkzeug - INFO - 127.0.0.1 - - [19/Dec/2024 09:18:38] "POST /seller/add_book HTTP/1.1" 200 -
2024-12-19 09:18:39 - be.model.seller - INFO - 图书添加成功: book_id=1008592
2024-12-19 09:18:39 - werkzeug - INFO - 127.0.0.1 - - [19/Dec/2024 09:18:39] "POST /seller/add_book HTTP/1.1" 200 -
2024-12-19 09:18:39 - be.model.seller - INFO - 图书添加成功: book_id=1008660
2024-12-19 09:18:39 - werkzeug - INFO - 127.0.0.1 - - [19/Dec/2024 09:18:39] "POST /seller/add_book HTTP/1.1" 200 -
2024-12-19 09:18:40 - be.model.seller - INFO - 图书添加成功: book_id=1008732
2024-12-19 09:18:40 - werkzeug - INFO - 127.0.0.1 - - [19/Dec/2024 09:18:40] "POST /seller/add_book HTTP/1.1" 200 -
2024-12-19 09:18:40 - be.model.seller - INFO - 图书添加成功: book_id=1008793
2024-12-19 09:18:40 - werkzeug - INFO - 127.0.0.1 - - [19/Dec/2024 09:18:40] "POST /seller/add_book HTTP/1.1" 200 -
2024-12-19 09:18:40 - be.model.seller - INFO - 图书添加成功: book_id=1008988
2024-12-19 09:18:40 - werkzeug - INFO - 127.0.0.1 - - [19/Dec/2024 09:18:40] "POST /seller/add_book HTTP/1.1" 200 -
2024-12-19 09:18:41 - be.model.seller - INFO - 图书添加成功: book_id=1009043
2024-12-19 09:18:41 - werkzeug - INFO - 127.0.0.1 - - [19/Dec/2024 09:18:41] "POST /seller/add_book HTTP/1.1" 200 -
2024-12-19 09:18:41 - be.model.seller - INFO - 图书添加成功: book_id=1009069
2024-12-19 09:18:41 - werkzeug - INFO - 127.0.0.1 - - [19/Dec/2024 09:18:41] "POST /seller/add_book HTTP/1.1" 200 -
2024-12-19 09:18:42 - be.model.seller - INFO - 图书添加成功: book_id=1009105
2024-12-19 09:18:42 - werkzeug - INFO - 127.0.0.1 - - [19/Dec/2024 09:18:42] "POST /seller/add_book HTTP/1.1" 200 -
2024-12-19 09:18:42 - be.model.seller - INFO - 图书添加成功: book_id=1009160
2024-12-19 09:18:42 - werkzeug - INFO - 127.0.0.1 - - [19/Dec/2024 09:18:42] "POST /seller/add_book HTTP/1.1" 200 -
2024-12-19 09:18:43 - be.model.seller - INFO - 图书添加成功: book_id=1009258
2024-12-19 09:18:43 - werkzeug - INFO - 127.0.0.1 - - [19/Dec/2024 09:18:43] "POST /seller/add_book HTTP/1.1" 200 -
2024-12-19 09:18:43 - be.model.seller - INFO - 图书添加成功: book_id=1009273
2024-12-19 09:18:43 - werkzeug - INFO - 127.0.0.1 - - [19/Dec/2024 09:18:43] "POST /seller/add_book HTTP/1.1" 200 -
2024-12-19 09:18:44 - be.model.seller - INFO - 图书添加成功: book_id=1009285
2024-12-19 09:18:44 - werkzeug - INFO - 127.0.0.1 - - [19/Dec/2024 09:18:44] "POST /seller/add_book HTTP/1.1" 200 -
2024-12-19 09:18:44 - be.model.seller - INFO - 图书添加成功: book_id=1009290
2024-12-19 09:18:44 - werkzeug - INFO - 127.0.0.1 - - [19/Dec/2024 09:18:44] "POST /seller/add_book HTTP/1.1" 200 -
2024-12-19 09:18:44 - be.model.seller - INFO - 图书添加成功: book_id=1009324
2024-12-19 09:18:44 - werkzeug - INFO - 127.0.0.1 - - [19/Dec/2024 09:18:44] "POST /seller/add_book HTTP/1.1" 200 -
2024-12-19 09:18:45 - be.model.seller - INFO - 图书添加成功: book_id=1009368
2024-12-19 09:18:45 - werkzeug - INFO - 127.0.0.1 - - [19/Dec/2024 09:18:45] "POST /seller/add_book HTTP/1.1" 200 -
2024-12-19 09:18:45 - be.model.seller - INFO - 图书添加成功: book_id=1009379
2024-12-19 09:18:45 - werkzeug - INFO - 127.0.0.1 - - [19/Dec/2024 09:18:45] "POST /seller/add_book HTTP/1.1" 200 -
2024-12-19 09:18:46 - be.model.seller - INFO - 图书添加成功: book_id=1009393
2024-12-19 09:18:46 - werkzeug - INFO - 127.0.0.1 - - [19/Dec/2024 09:18:46] "POST /seller/add_book HTTP/1.1" 200 -
2024-12-19 09:18:46 - be.model.seller - INFO - 图书添加成功: book_id=1009405
2024-12-19 09:18:46 - werkzeug - INFO - 127.0.0.1 - - [19/Dec/2024 09:18:46] "POST /seller/add_book HTTP/1.1" 200 -
2024-12-19 09:18:46 - be.model.seller - INFO - 图书添加成功: book_id=1009529
2024-12-19 09:18:46 - werkzeug - INFO - 127.0.0.1 - - [19/Dec/2024 09:18:46] "POST /seller/add_book HTTP/1.1" 200 -
2024-12-19 09:18:47 - be.model.seller - INFO - 商店创建成功: store_s_1_2_15420494-bda7-11ef-aac6-02a6845b4b32
2024-12-19 09:18:47 - werkzeug - INFO - 127.0.0.1 - - [19/Dec/2024 09:18:47] "POST /seller/create_store HTTP/1.1" 200 -
2024-12-19 09:18:51 - be.model.seller - ERROR - 添加图书失败: (pymysql.err.IntegrityError) (1062, "Duplicate entry '1000067' for key 'books.PRIMARY'")
[SQL: INSERT INTO books (book_id, store_id, title, author, publisher, original_price, price, stock_level) VALUES (%(book_id)s, %(store_id)s, %(title)s, %(author)s, %(publisher)s, %(original_price)s, %(price)s, %(stock_level)s)]
[parameters: {'book_id': '1000067', 'store_id': 'store_s_1_2_15420494-bda7-11ef-aac6-02a6845b4b32', 'title': '美丽心灵', 'author': '[美] 西尔维娅·娜萨', 'publisher': '上海科技教育出版社', 'original_price': 0.0, 'price': 3879.0, 'stock_level': 1000000}]
(Background on this error at: https://sqlalche.me/e/20/gkpj)
2024-12-19 09:18:51 - werkzeug - INFO - 127.0.0.1 - - [19/Dec/2024 09:18:51] "[35m[1mPOST /seller/add_book HTTP/1.1[0m" 500 -
2024-12-19 09:18:51 - be.serve - INFO - 正在关闭服务器...
2024-12-19 09:18:51 - be.serve - ERROR - 关闭服务器失败: Not running with the Werkzeug Server
2024-12-19 09:19:40 - __main__ - INFO - 
{'='*20} 开始运行所有测试 {'='*20}
2024-12-19 09:19:40 - be.model.db_config - INFO - 清理数据库...
2024-12-19 09:19:43 - be.model.db_config - INFO - 数据库清理完成
2024-12-19 09:19:44 - be.model.db_config - INFO - 已创建的表: ['book', 'book_images', 'books', 'order_items', 'orders', 'stores', 'users']
2024-12-19 09:19:44 - be.model.user - INFO - 创建 UserManager 实例
2024-12-19 09:19:44 - be.serve - INFO - 正在启动服务器...
2024-12-19 09:19:44 - be.serve - INFO - 创建Flask应用...
2024-12-19 09:19:44 - be.serve - INFO - 初始化数据库...
2024-12-19 09:19:44 - be.model.db_config - INFO - 清理数据库...
2024-12-19 09:19:47 - be.model.db_config - INFO - 数据库清理完成
2024-12-19 09:19:47 - be.model.db_config - INFO - 已创建的表: ['book', 'book_images', 'books', 'order_items', 'orders', 'stores', 'users']
2024-12-19 09:19:47 - be.model.db_config - INFO - 删除所有表...
2024-12-19 09:19:50 - be.model.db_config - INFO - 数据库初始化完成
2024-12-19 09:19:50 - be.model.db_config - INFO - 已创建的表: ['book', 'book_images', 'books', 'order_items', 'orders', 'stores', 'users']
2024-12-19 09:19:50 - be.serve - INFO - 数据库初始化成功
2024-12-19 09:19:50 - be.serve - INFO - 注册蓝图...
2024-12-19 09:19:50 - be.serve - INFO - 启动服务器...
2024-12-19 09:19:50 - werkzeug - INFO - [31m[1mWARNING: This is a development server. Do not use it in a production deployment. Use a production WSGI server instead.[0m
 * Running on http://127.0.0.1:5555
2024-12-19 09:19:50 - werkzeug - INFO - [33mPress CTRL+C to quit[0m
2024-12-19 09:19:50 - be.view.auth - INFO - 收到注册请求: {'user_id': 'test_register_user_1734571190.754975', 'password': 'test_register_password_1734571190.754987'}
2024-12-19 09:19:50 - be.model.user - INFO - 尝试注册新用户：test_register_user_1734571190.754975
2024-12-19 09:19:50 - be.model.user - INFO - 加密密码...
2024-12-19 09:19:50 - be.model.user - INFO - 创建新用户...
2024-12-19 09:19:50 - be.model.user - INFO - 添加用户到数据库...
2024-12-19 09:19:51 - be.model.user - INFO - 用户注册成功：test_register_user_1734571190.754975
2024-12-19 09:19:51 - be.view.auth - INFO - 注册处理结果: 200
2024-12-19 09:19:51 - werkzeug - INFO - 127.0.0.1 - - [19/Dec/2024 09:19:51] "POST /auth/register HTTP/1.1" 200 -
2024-12-19 09:19:51 - be.view.auth - INFO - 收到注册请求: {'user_id': 'test_register_user_1734571191.083151', 'password': 'test_register_password_1734571191.0831559'}
2024-12-19 09:19:51 - be.model.user - INFO - 尝试注册新用户：test_register_user_1734571191.083151
2024-12-19 09:19:51 - be.model.user - INFO - 加密密码...
2024-12-19 09:19:51 - be.model.user - INFO - 创建新用户...
2024-12-19 09:19:51 - be.model.user - INFO - 添加用户到数据库...
2024-12-19 09:19:51 - be.model.user - INFO - 用户注册成功：test_register_user_1734571191.083151
2024-12-19 09:19:51 - be.view.auth - INFO - 注册处理结果: 200
2024-12-19 09:19:51 - werkzeug - INFO - 127.0.0.1 - - [19/Dec/2024 09:19:51] "POST /auth/register HTTP/1.1" 200 -
2024-12-19 09:19:51 - be.view.auth - INFO - 收到注销请求: {'user_id': 'test_register_user_1734571191.083151', 'password': 'test_register_password_1734571191.0831559'}
2024-12-19 09:19:51 - be.model.user - INFO - 尝试注销用户：test_register_user_1734571191.083151
2024-12-19 09:19:51 - be.model.user - INFO - 用户注销成功：test_register_user_1734571191.083151
2024-12-19 09:19:51 - be.view.auth - INFO - 注销处理结果: 200
2024-12-19 09:19:51 - werkzeug - INFO - 127.0.0.1 - - [19/Dec/2024 09:19:51] "POST /auth/unregister HTTP/1.1" 200 -
2024-12-19 09:19:51 - be.view.auth - INFO - 收到注册请求: {'user_id': 'test_register_user_1734571191.7835379', 'password': 'test_register_password_1734571191.783544'}
2024-12-19 09:19:51 - be.model.user - INFO - 尝试注册新用户：test_register_user_1734571191.7835379
2024-12-19 09:19:51 - be.model.user - INFO - 加密密码...
2024-12-19 09:19:51 - be.model.user - INFO - 创建新用户...
2024-12-19 09:19:51 - be.model.user - INFO - 添加用户到数据库...
2024-12-19 09:19:52 - be.model.user - INFO - 用户注册成功：test_register_user_1734571191.7835379
2024-12-19 09:19:52 - be.view.auth - INFO - 注册处理结果: 200
2024-12-19 09:19:52 - werkzeug - INFO - 127.0.0.1 - - [19/Dec/2024 09:19:52] "POST /auth/register HTTP/1.1" 200 -
2024-12-19 09:19:52 - be.view.auth - INFO - 收到注销请求: {'user_id': 'test_register_user_1734571191.7835379_x', 'password': 'test_register_password_1734571191.783544'}
2024-12-19 09:19:52 - be.model.user - INFO - 尝试注销用户：test_register_user_1734571191.7835379_x
2024-12-19 09:19:52 - be.model.user - WARNING - 用户不存在：test_register_user_1734571191.7835379_x
2024-12-19 09:19:52 - be.view.auth - INFO - 注销处理结果: 401
2024-12-19 09:19:52 - werkzeug - INFO - 127.0.0.1 - - [19/Dec/2024 09:19:52] "[31m[1mPOST /auth/unregister HTTP/1.1[0m" 401 -
2024-12-19 09:19:52 - be.view.auth - INFO - 收到注销请求: {'user_id': 'test_register_user_1734571191.7835379', 'password': 'test_register_password_1734571191.783544_x'}
2024-12-19 09:19:52 - be.model.user - INFO - 尝试注销用户：test_register_user_1734571191.7835379
2024-12-19 09:19:52 - be.model.user - WARNING - 密码错误：test_register_user_1734571191.7835379
2024-12-19 09:19:52 - be.view.auth - INFO - 注销处理结果: 401
2024-12-19 09:19:52 - werkzeug - INFO - 127.0.0.1 - - [19/Dec/2024 09:19:52] "[31m[1mPOST /auth/unregister HTTP/1.1[0m" 401 -
2024-12-19 09:19:52 - be.view.auth - INFO - 收到注册请求: {'user_id': 'test_register_user_1734571192.564117', 'password': 'test_register_password_1734571192.564123'}
2024-12-19 09:19:52 - be.model.user - INFO - 尝试注册新用户：test_register_user_1734571192.564117
2024-12-19 09:19:52 - be.model.user - INFO - 加密密码...
2024-12-19 09:19:52 - be.model.user - INFO - 创建新用户...
2024-12-19 09:19:52 - be.model.user - INFO - 添加用户到数据库...
2024-12-19 09:19:52 - be.model.user - INFO - 用户注册成功：test_register_user_1734571192.564117
2024-12-19 09:19:52 - be.view.auth - INFO - 注册处理结果: 200
2024-12-19 09:19:52 - werkzeug - INFO - 127.0.0.1 - - [19/Dec/2024 09:19:52] "POST /auth/register HTTP/1.1" 200 -
2024-12-19 09:19:52 - be.view.auth - INFO - 收到注册请求: {'user_id': 'test_register_user_1734571192.564117', 'password': 'test_register_password_1734571192.564123'}
2024-12-19 09:19:52 - be.model.user - INFO - 尝试注册新用户：test_register_user_1734571192.564117
2024-12-19 09:19:52 - be.model.user - WARNING - 用户已存在：test_register_user_1734571192.564117
2024-12-19 09:19:53 - be.view.auth - INFO - 注册处理结果: 401
2024-12-19 09:19:53 - werkzeug - INFO - 127.0.0.1 - - [19/Dec/2024 09:19:53] "[31m[1mPOST /auth/register HTTP/1.1[0m" 401 -
2024-12-19 09:19:53 - be.view.auth - INFO - 收到注册请求: {'user_id': 'test_login_1734571193.062476', 'password': 'password_test_login_1734571193.062476'}
2024-12-19 09:19:53 - be.model.user - INFO - 尝试注册新用户：test_login_1734571193.062476
2024-12-19 09:19:53 - be.model.user - INFO - 加密密码...
2024-12-19 09:19:53 - be.model.user - INFO - 创建新用户...
2024-12-19 09:19:53 - be.model.user - INFO - 添加用户到数据库...
2024-12-19 09:19:53 - be.model.user - INFO - 用户注册成功：test_login_1734571193.062476
2024-12-19 09:19:53 - be.view.auth - INFO - 注册处理结果: 200
2024-12-19 09:19:53 - werkzeug - INFO - 127.0.0.1 - - [19/Dec/2024 09:19:53] "POST /auth/register HTTP/1.1" 200 -
2024-12-19 09:19:53 - be.view.auth - INFO - 收到登录请求: {'user_id': 'test_login_1734571193.062476', 'password': 'password_test_login_1734571193.062476', 'terminal': 'terminal_test_login_1734571193.062476'}
2024-12-19 09:19:53 - be.model.user - INFO - 尝试登录用户：test_login_1734571193.062476，终端：terminal_test_login_1734571193.062476
2024-12-19 09:19:53 - be.model.user - INFO - 为用户 test_login_1734571193.062476 生成新token，终端：terminal_test_login_1734571193.062476
2024-12-19 09:19:53 - be.model.user - INFO - 用户登录成功：test_login_1734571193.062476
2024-12-19 09:19:53 - be.view.auth - INFO - 登录处理结果: 200
2024-12-19 09:19:53 - werkzeug - INFO - 127.0.0.1 - - [19/Dec/2024 09:19:53] "POST /auth/login HTTP/1.1" 200 -
2024-12-19 09:19:53 - be.view.auth - INFO - 收到登出请求: {'user_id': 'test_login_1734571193.062476_x'}
2024-12-19 09:19:53 - be.model.user - INFO - 尝试登出用户：test_login_1734571193.062476_x
2024-12-19 09:19:53 - be.model.user - WARNING - token用户ID不匹配: expected=test_login_1734571193.062476_x, actual=test_login_1734571193.062476
2024-12-19 09:19:53 - be.model.user - WARNING - token验证失败：test_login_1734571193.062476_x
2024-12-19 09:19:53 - be.view.auth - INFO - 登出处理结果: 401
2024-12-19 09:19:53 - werkzeug - INFO - 127.0.0.1 - - [19/Dec/2024 09:19:53] "[31m[1mPOST /auth/logout HTTP/1.1[0m" 401 -
2024-12-19 09:19:53 - be.view.auth - INFO - 收到登出请求: {'user_id': 'test_login_1734571193.062476'}
2024-12-19 09:19:53 - be.model.user - INFO - 尝试登出用户：test_login_1734571193.062476
2024-12-19 09:19:53 - be.model.user - WARNING - 无效的token：eyJhbGciOiJIUzI1NiIsInR5cCI6IkpXVCJ9.eyJ1c2VyX2lkIjoidGVzdF9sb2dpbl8xNzM0NTcxMTkzLjA2MjQ3NiIsInRlcm1pbmFsIjoidGVybWluYWxfdGVzdF9sb2dpbl8xNzM0NTcxMTkzLjA2MjQ3NiIsImV4cCI6MTczNTE3NTk5MywiaWF0IjoxNzM0NTcxMTkzfQ.-A1NcMiRsc3mvIaaPJ1QGQOqAvewFUfCAKh-Yy7nyhg_x
2024-12-19 09:19:53 - be.model.user - WARNING - token验证失败：test_login_1734571193.062476
2024-12-19 09:19:53 - be.view.auth - INFO - 登出处理结果: 401
2024-12-19 09:19:53 - werkzeug - INFO - 127.0.0.1 - - [19/Dec/2024 09:19:53] "[31m[1mPOST /auth/logout HTTP/1.1[0m" 401 -
2024-12-19 09:19:53 - be.view.auth - INFO - 收到登出请求: {'user_id': 'test_login_1734571193.062476'}
2024-12-19 09:19:53 - be.model.user - INFO - 尝试登出用户：test_login_1734571193.062476
2024-12-19 09:19:53 - be.model.user - INFO - token验证成功：test_login_1734571193.062476
2024-12-19 09:19:53 - be.model.user - INFO - 用户登出成功：test_login_1734571193.062476
2024-12-19 09:19:53 - be.view.auth - INFO - 登出处理结果: 200
2024-12-19 09:19:53 - werkzeug - INFO - 127.0.0.1 - - [19/Dec/2024 09:19:53] "POST /auth/logout HTTP/1.1" 200 -
2024-12-19 09:19:53 - be.view.auth - INFO - 收到注册请求: {'user_id': 'test_login_1734571193.82097', 'password': 'password_test_login_1734571193.82097'}
2024-12-19 09:19:53 - be.model.user - INFO - 尝试注册新用户：test_login_1734571193.82097
2024-12-19 09:19:53 - be.model.user - INFO - 加密密码...
2024-12-19 09:19:53 - be.model.user - INFO - 创建新用户...
2024-12-19 09:19:53 - be.model.user - INFO - 添加用户到数据库...
2024-12-19 09:19:54 - be.model.user - INFO - 用户注册成功：test_login_1734571193.82097
2024-12-19 09:19:54 - be.view.auth - INFO - 注册处理结果: 200
2024-12-19 09:19:54 - werkzeug - INFO - 127.0.0.1 - - [19/Dec/2024 09:19:54] "POST /auth/register HTTP/1.1" 200 -
2024-12-19 09:19:54 - be.view.auth - INFO - 收到登录请求: {'user_id': 'test_login_1734571193.82097_x', 'password': 'password_test_login_1734571193.82097', 'terminal': 'terminal_test_login_1734571193.82097'}
2024-12-19 09:19:54 - be.model.user - INFO - 尝试登录用户：test_login_1734571193.82097_x，终端：terminal_test_login_1734571193.82097
2024-12-19 09:19:54 - be.model.user - WARNING - 用户不存在：test_login_1734571193.82097_x
2024-12-19 09:19:54 - be.view.auth - INFO - 登录处理结果: 401
2024-12-19 09:19:54 - werkzeug - INFO - 127.0.0.1 - - [19/Dec/2024 09:19:54] "[31m[1mPOST /auth/login HTTP/1.1[0m" 401 -
2024-12-19 09:19:54 - be.view.auth - INFO - 收到注册请求: {'user_id': 'test_login_1734571194.354104', 'password': 'password_test_login_1734571194.354104'}
2024-12-19 09:19:54 - be.model.user - INFO - 尝试注册新用户：test_login_1734571194.354104
2024-12-19 09:19:54 - be.model.user - INFO - 加密密码...
2024-12-19 09:19:54 - be.model.user - INFO - 创建新用户...
2024-12-19 09:19:54 - be.model.user - INFO - 添加用户到数据库...
2024-12-19 09:19:54 - be.model.user - INFO - 用户注册成功：test_login_1734571194.354104
2024-12-19 09:19:54 - be.view.auth - INFO - 注册处理结果: 200
2024-12-19 09:19:54 - werkzeug - INFO - 127.0.0.1 - - [19/Dec/2024 09:19:54] "POST /auth/register HTTP/1.1" 200 -
2024-12-19 09:19:54 - be.view.auth - INFO - 收到登录请求: {'user_id': 'test_login_1734571194.354104', 'password': 'password_test_login_1734571194.354104_x', 'terminal': 'terminal_test_login_1734571194.354104'}
2024-12-19 09:19:54 - be.model.user - INFO - 尝试登录用户：test_login_1734571194.354104，终端：terminal_test_login_1734571194.354104
2024-12-19 09:19:54 - be.model.user - WARNING - 密码错误：test_login_1734571194.354104
2024-12-19 09:19:54 - be.view.auth - INFO - 登录处理结果: 401
2024-12-19 09:19:54 - werkzeug - INFO - 127.0.0.1 - - [19/Dec/2024 09:19:54] "[31m[1mPOST /auth/login HTTP/1.1[0m" 401 -
2024-12-19 09:19:54 - be.view.auth - INFO - 收到注册请求: {'user_id': 'test_password_5a972c2c-bda7-11ef-90ae-02a6845b4b32', 'password': 'old_password_test_password_5a972c2c-bda7-11ef-90ae-02a6845b4b32'}
2024-12-19 09:19:54 - be.model.user - INFO - 尝试注册新用户：test_password_5a972c2c-bda7-11ef-90ae-02a6845b4b32
2024-12-19 09:19:55 - be.model.user - INFO - 加密密码...
2024-12-19 09:19:55 - be.model.user - INFO - 创建新用户...
2024-12-19 09:19:55 - be.model.user - INFO - 添加用户到数据库...
2024-12-19 09:19:55 - be.model.user - INFO - 用户注册成功：test_password_5a972c2c-bda7-11ef-90ae-02a6845b4b32
2024-12-19 09:19:55 - be.view.auth - INFO - 注册处理结果: 200
2024-12-19 09:19:55 - werkzeug - INFO - 127.0.0.1 - - [19/Dec/2024 09:19:55] "POST /auth/register HTTP/1.1" 200 -
2024-12-19 09:19:55 - be.view.auth - INFO - 收到修改密码请求: {'user_id': 'test_password_5a972c2c-bda7-11ef-90ae-02a6845b4b32', 'oldPassword': 'old_password_test_password_5a972c2c-bda7-11ef-90ae-02a6845b4b32', 'newPassword': 'new_password_test_password_5a972c2c-bda7-11ef-90ae-02a6845b4b32'}
2024-12-19 09:19:55 - be.model.user - INFO - 尝试修改密码：test_password_5a972c2c-bda7-11ef-90ae-02a6845b4b32
2024-12-19 09:19:55 - be.model.user - INFO - 密码修改成功：test_password_5a972c2c-bda7-11ef-90ae-02a6845b4b32
2024-12-19 09:19:55 - be.view.auth - INFO - 修改密码处理结果: 200
2024-12-19 09:19:55 - werkzeug - INFO - 127.0.0.1 - - [19/Dec/2024 09:19:55] "POST /auth/password HTTP/1.1" 200 -
2024-12-19 09:19:55 - be.view.auth - INFO - 收到登录请求: {'user_id': 'test_password_5a972c2c-bda7-11ef-90ae-02a6845b4b32', 'password': 'old_password_test_password_5a972c2c-bda7-11ef-90ae-02a6845b4b32', 'terminal': 'terminal_test_password_5a972c2c-bda7-11ef-90ae-02a6845b4b32'}
2024-12-19 09:19:55 - be.model.user - INFO - 尝试登录用户：test_password_5a972c2c-bda7-11ef-90ae-02a6845b4b32，终端：terminal_test_password_5a972c2c-bda7-11ef-90ae-02a6845b4b32
2024-12-19 09:19:55 - be.model.user - WARNING - 密码错误：test_password_5a972c2c-bda7-11ef-90ae-02a6845b4b32
2024-12-19 09:19:55 - be.view.auth - INFO - 登录处理结果: 401
2024-12-19 09:19:55 - werkzeug - INFO - 127.0.0.1 - - [19/Dec/2024 09:19:55] "[31m[1mPOST /auth/login HTTP/1.1[0m" 401 -
2024-12-19 09:19:55 - be.view.auth - INFO - 收到登录请求: {'user_id': 'test_password_5a972c2c-bda7-11ef-90ae-02a6845b4b32', 'password': 'new_password_test_password_5a972c2c-bda7-11ef-90ae-02a6845b4b32', 'terminal': 'terminal_test_password_5a972c2c-bda7-11ef-90ae-02a6845b4b32'}
2024-12-19 09:19:55 - be.model.user - INFO - 尝试登录用户：test_password_5a972c2c-bda7-11ef-90ae-02a6845b4b32，终端：terminal_test_password_5a972c2c-bda7-11ef-90ae-02a6845b4b32
2024-12-19 09:19:55 - be.model.user - INFO - 为用户 test_password_5a972c2c-bda7-11ef-90ae-02a6845b4b32 生成新token，终端：terminal_test_password_5a972c2c-bda7-11ef-90ae-02a6845b4b32
2024-12-19 09:19:55 - be.model.user - INFO - 用户登录成功：test_password_5a972c2c-bda7-11ef-90ae-02a6845b4b32
2024-12-19 09:19:56 - be.view.auth - INFO - 登录处理结果: 200
2024-12-19 09:19:56 - werkzeug - INFO - 127.0.0.1 - - [19/Dec/2024 09:19:56] "POST /auth/login HTTP/1.1" 200 -
2024-12-19 09:19:56 - be.view.auth - INFO - 收到登出请求: {'user_id': 'test_password_5a972c2c-bda7-11ef-90ae-02a6845b4b32'}
2024-12-19 09:19:56 - be.model.user - INFO - 尝试登出用户：test_password_5a972c2c-bda7-11ef-90ae-02a6845b4b32
2024-12-19 09:19:56 - be.model.user - INFO - token验证成功：test_password_5a972c2c-bda7-11ef-90ae-02a6845b4b32
2024-12-19 09:19:56 - be.model.user - INFO - 用户登出成功：test_password_5a972c2c-bda7-11ef-90ae-02a6845b4b32
2024-12-19 09:19:56 - be.view.auth - INFO - 登出处理结果: 200
2024-12-19 09:19:56 - werkzeug - INFO - 127.0.0.1 - - [19/Dec/2024 09:19:56] "POST /auth/logout HTTP/1.1" 200 -
2024-12-19 09:19:56 - be.view.auth - INFO - 收到注册请求: {'user_id': 'test_password_5b7767ba-bda7-11ef-90ae-02a6845b4b32', 'password': 'old_password_test_password_5b7767ba-bda7-11ef-90ae-02a6845b4b32'}
2024-12-19 09:19:56 - be.model.user - INFO - 尝试注册新用户：test_password_5b7767ba-bda7-11ef-90ae-02a6845b4b32
2024-12-19 09:19:56 - be.model.user - INFO - 加密密码...
2024-12-19 09:19:56 - be.model.user - INFO - 创建新用户...
2024-12-19 09:19:56 - be.model.user - INFO - 添加用户到数据库...
2024-12-19 09:19:56 - be.model.user - INFO - 用户注册成功：test_password_5b7767ba-bda7-11ef-90ae-02a6845b4b32
2024-12-19 09:19:56 - be.view.auth - INFO - 注册处理结果: 200
2024-12-19 09:19:56 - werkzeug - INFO - 127.0.0.1 - - [19/Dec/2024 09:19:56] "POST /auth/register HTTP/1.1" 200 -
2024-12-19 09:19:56 - be.view.auth - INFO - 收到修改密码请求: {'user_id': 'test_password_5b7767ba-bda7-11ef-90ae-02a6845b4b32', 'oldPassword': 'old_password_test_password_5b7767ba-bda7-11ef-90ae-02a6845b4b32_x', 'newPassword': 'new_password_test_password_5b7767ba-bda7-11ef-90ae-02a6845b4b32'}
2024-12-19 09:19:56 - be.model.user - INFO - 尝试修改密码：test_password_5b7767ba-bda7-11ef-90ae-02a6845b4b32
2024-12-19 09:19:56 - be.model.user - WARNING - 旧密码错误：test_password_5b7767ba-bda7-11ef-90ae-02a6845b4b32
2024-12-19 09:19:56 - be.view.auth - INFO - 修改密码处理结果: 401
2024-12-19 09:19:56 - werkzeug - INFO - 127.0.0.1 - - [19/Dec/2024 09:19:56] "[31m[1mPOST /auth/password HTTP/1.1[0m" 401 -
2024-12-19 09:19:56 - be.view.auth - INFO - 收到登录请求: {'user_id': 'test_password_5b7767ba-bda7-11ef-90ae-02a6845b4b32', 'password': 'new_password_test_password_5b7767ba-bda7-11ef-90ae-02a6845b4b32', 'terminal': 'terminal_test_password_5b7767ba-bda7-11ef-90ae-02a6845b4b32'}
2024-12-19 09:19:56 - be.model.user - INFO - 尝试登录用户：test_password_5b7767ba-bda7-11ef-90ae-02a6845b4b32，终端：terminal_test_password_5b7767ba-bda7-11ef-90ae-02a6845b4b32
2024-12-19 09:19:57 - be.model.user - WARNING - 密码错误：test_password_5b7767ba-bda7-11ef-90ae-02a6845b4b32
2024-12-19 09:19:57 - be.view.auth - INFO - 登录处理结果: 401
2024-12-19 09:19:57 - werkzeug - INFO - 127.0.0.1 - - [19/Dec/2024 09:19:57] "[31m[1mPOST /auth/login HTTP/1.1[0m" 401 -
2024-12-19 09:19:57 - be.view.auth - INFO - 收到注册请求: {'user_id': 'test_password_5bec45b2-bda7-11ef-90ae-02a6845b4b32', 'password': 'old_password_test_password_5bec45b2-bda7-11ef-90ae-02a6845b4b32'}
2024-12-19 09:19:57 - be.model.user - INFO - 尝试注册新用户：test_password_5bec45b2-bda7-11ef-90ae-02a6845b4b32
2024-12-19 09:19:57 - be.model.user - INFO - 加密密码...
2024-12-19 09:19:57 - be.model.user - INFO - 创建新用户...
2024-12-19 09:19:57 - be.model.user - INFO - 添加用户到数据库...
2024-12-19 09:19:57 - be.model.user - INFO - 用户注册成功：test_password_5bec45b2-bda7-11ef-90ae-02a6845b4b32
2024-12-19 09:19:57 - be.view.auth - INFO - 注册处理结果: 200
2024-12-19 09:19:57 - werkzeug - INFO - 127.0.0.1 - - [19/Dec/2024 09:19:57] "POST /auth/register HTTP/1.1" 200 -
2024-12-19 09:19:57 - be.view.auth - INFO - 收到修改密码请求: {'user_id': 'test_password_5bec45b2-bda7-11ef-90ae-02a6845b4b32_x', 'oldPassword': 'old_password_test_password_5bec45b2-bda7-11ef-90ae-02a6845b4b32', 'newPassword': 'new_password_test_password_5bec45b2-bda7-11ef-90ae-02a6845b4b32'}
2024-12-19 09:19:57 - be.model.user - INFO - 尝试修改密码：test_password_5bec45b2-bda7-11ef-90ae-02a6845b4b32_x
2024-12-19 09:19:57 - be.model.user - WARNING - 用户不存在：test_password_5bec45b2-bda7-11ef-90ae-02a6845b4b32_x
2024-12-19 09:19:57 - be.view.auth - INFO - 修改密码处理结果: 401
2024-12-19 09:19:57 - werkzeug - INFO - 127.0.0.1 - - [19/Dec/2024 09:19:57] "[31m[1mPOST /auth/password HTTP/1.1[0m" 401 -
2024-12-19 09:19:57 - be.view.auth - INFO - 收到登录请求: {'user_id': 'test_password_5bec45b2-bda7-11ef-90ae-02a6845b4b32', 'password': 'new_password_test_password_5bec45b2-bda7-11ef-90ae-02a6845b4b32', 'terminal': 'terminal_test_password_5bec45b2-bda7-11ef-90ae-02a6845b4b32'}
2024-12-19 09:19:57 - be.model.user - INFO - 尝试登录用户：test_password_5bec45b2-bda7-11ef-90ae-02a6845b4b32，终端：terminal_test_password_5bec45b2-bda7-11ef-90ae-02a6845b4b32
2024-12-19 09:19:57 - be.model.user - WARNING - 密码错误：test_password_5bec45b2-bda7-11ef-90ae-02a6845b4b32
2024-12-19 09:19:57 - be.view.auth - INFO - 登录处理结果: 401
2024-12-19 09:19:57 - werkzeug - INFO - 127.0.0.1 - - [19/Dec/2024 09:19:57] "[31m[1mPOST /auth/login HTTP/1.1[0m" 401 -
2024-12-19 09:19:57 - be.view.auth - INFO - 收到注册请求: {'user_id': 'test_add_funds_5c5f57f0-bda7-11ef-90ae-02a6845b4b32', 'password': 'test_add_funds_5c5f57f0-bda7-11ef-90ae-02a6845b4b32'}
2024-12-19 09:19:57 - be.model.user - INFO - 尝试注册新用户：test_add_funds_5c5f57f0-bda7-11ef-90ae-02a6845b4b32
2024-12-19 09:19:57 - be.model.user - INFO - 加密密码...
2024-12-19 09:19:57 - be.model.user - INFO - 创建新用户...
2024-12-19 09:19:57 - be.model.user - INFO - 添加用户到数据库...
2024-12-19 09:19:58 - be.model.user - INFO - 用户注册成功：test_add_funds_5c5f57f0-bda7-11ef-90ae-02a6845b4b32
2024-12-19 09:19:58 - be.view.auth - INFO - 注册处理结果: 200
2024-12-19 09:19:58 - werkzeug - INFO - 127.0.0.1 - - [19/Dec/2024 09:19:58] "POST /auth/register HTTP/1.1" 200 -
2024-12-19 09:19:58 - be.view.auth - INFO - 收到登录请求: {'user_id': 'test_add_funds_5c5f57f0-bda7-11ef-90ae-02a6845b4b32', 'password': 'test_add_funds_5c5f57f0-bda7-11ef-90ae-02a6845b4b32', 'terminal': 'my terminal'}
2024-12-19 09:19:58 - be.model.user - INFO - 尝试登录用户：test_add_funds_5c5f57f0-bda7-11ef-90ae-02a6845b4b32，终端：my terminal
2024-12-19 09:19:58 - be.model.user - INFO - 为用户 test_add_funds_5c5f57f0-bda7-11ef-90ae-02a6845b4b32 生成新token，终端：my terminal
2024-12-19 09:19:58 - be.model.user - INFO - 用户登录成功：test_add_funds_5c5f57f0-bda7-11ef-90ae-02a6845b4b32
2024-12-19 09:19:58 - be.view.auth - INFO - 登录处理结果: 200
2024-12-19 09:19:58 - werkzeug - INFO - 127.0.0.1 - - [19/Dec/2024 09:19:58] "POST /auth/login HTTP/1.1" 200 -
2024-12-19 09:19:58 - werkzeug - INFO - 127.0.0.1 - - [19/Dec/2024 09:19:58] "POST /buyer/add_funds HTTP/1.1" 200 -
2024-12-19 09:19:58 - werkzeug - INFO - 127.0.0.1 - - [19/Dec/2024 09:19:58] "POST /buyer/add_funds HTTP/1.1" 200 -
2024-12-19 09:19:58 - be.view.auth - INFO - 收到注册请求: {'user_id': 'test_add_funds_5cf4fea4-bda7-11ef-90ae-02a6845b4b32', 'password': 'test_add_funds_5cf4fea4-bda7-11ef-90ae-02a6845b4b32'}
2024-12-19 09:19:58 - be.model.user - INFO - 尝试注册新用户：test_add_funds_5cf4fea4-bda7-11ef-90ae-02a6845b4b32
2024-12-19 09:19:58 - be.model.user - INFO - 加密密码...
2024-12-19 09:19:58 - be.model.user - INFO - 创建新用户...
2024-12-19 09:19:58 - be.model.user - INFO - 添加用户到数据库...
2024-12-19 09:19:59 - be.model.user - INFO - 用户注册成功：test_add_funds_5cf4fea4-bda7-11ef-90ae-02a6845b4b32
2024-12-19 09:19:59 - be.view.auth - INFO - 注册处理结果: 200
2024-12-19 09:19:59 - werkzeug - INFO - 127.0.0.1 - - [19/Dec/2024 09:19:59] "POST /auth/register HTTP/1.1" 200 -
2024-12-19 09:19:59 - be.view.auth - INFO - 收到登录请求: {'user_id': 'test_add_funds_5cf4fea4-bda7-11ef-90ae-02a6845b4b32', 'password': 'test_add_funds_5cf4fea4-bda7-11ef-90ae-02a6845b4b32', 'terminal': 'my terminal'}
2024-12-19 09:19:59 - be.model.user - INFO - 尝试登录用户：test_add_funds_5cf4fea4-bda7-11ef-90ae-02a6845b4b32，终端：my terminal
2024-12-19 09:19:59 - be.model.user - INFO - 为用户 test_add_funds_5cf4fea4-bda7-11ef-90ae-02a6845b4b32 生成新token，终端：my terminal
2024-12-19 09:19:59 - be.model.user - INFO - 用户登录成功：test_add_funds_5cf4fea4-bda7-11ef-90ae-02a6845b4b32
2024-12-19 09:19:59 - be.view.auth - INFO - 登录处理结果: 200
2024-12-19 09:19:59 - werkzeug - INFO - 127.0.0.1 - - [19/Dec/2024 09:19:59] "POST /auth/login HTTP/1.1" 200 -
2024-12-19 09:19:59 - werkzeug - INFO - 127.0.0.1 - - [19/Dec/2024 09:19:59] "[31m[1mPOST /buyer/add_funds HTTP/1.1[0m" 401 -
2024-12-19 09:19:59 - be.view.auth - INFO - 收到注册请求: {'user_id': 'test_add_funds_5d552c5c-bda7-11ef-90ae-02a6845b4b32', 'password': 'test_add_funds_5d552c5c-bda7-11ef-90ae-02a6845b4b32'}
2024-12-19 09:19:59 - be.model.user - INFO - 尝试注册新用户：test_add_funds_5d552c5c-bda7-11ef-90ae-02a6845b4b32
2024-12-19 09:19:59 - be.model.user - INFO - 加密密码...
2024-12-19 09:19:59 - be.model.user - INFO - 创建新用户...
2024-12-19 09:19:59 - be.model.user - INFO - 添加用户到数据库...
2024-12-19 09:20:00 - be.model.user - INFO - 用户注册成功：test_add_funds_5d552c5c-bda7-11ef-90ae-02a6845b4b32
2024-12-19 09:20:00 - be.view.auth - INFO - 注册处理结果: 200
2024-12-19 09:20:00 - werkzeug - INFO - 127.0.0.1 - - [19/Dec/2024 09:20:00] "POST /auth/register HTTP/1.1" 200 -
2024-12-19 09:20:00 - be.view.auth - INFO - 收到登录请求: {'user_id': 'test_add_funds_5d552c5c-bda7-11ef-90ae-02a6845b4b32', 'password': 'test_add_funds_5d552c5c-bda7-11ef-90ae-02a6845b4b32', 'terminal': 'my terminal'}
2024-12-19 09:20:00 - be.model.user - INFO - 尝试登录用户：test_add_funds_5d552c5c-bda7-11ef-90ae-02a6845b4b32，终端：my terminal
2024-12-19 09:20:00 - be.model.user - INFO - 为用户 test_add_funds_5d552c5c-bda7-11ef-90ae-02a6845b4b32 生成新token，终端：my terminal
2024-12-19 09:20:00 - be.model.user - INFO - 用户登录成功：test_add_funds_5d552c5c-bda7-11ef-90ae-02a6845b4b32
2024-12-19 09:20:00 - be.view.auth - INFO - 登录处理结果: 200
2024-12-19 09:20:00 - werkzeug - INFO - 127.0.0.1 - - [19/Dec/2024 09:20:00] "POST /auth/login HTTP/1.1" 200 -
2024-12-19 09:20:00 - werkzeug - INFO - 127.0.0.1 - - [19/Dec/2024 09:20:00] "[31m[1mPOST /buyer/add_funds HTTP/1.1[0m" 401 -
2024-12-19 09:20:00 - be.view.auth - INFO - 收到注册请求: {'user_id': 'test_create_store_user_5dde4578-bda7-11ef-90ae-02a6845b4b32', 'password': 'test_create_store_user_5dde4578-bda7-11ef-90ae-02a6845b4b32'}
2024-12-19 09:20:00 - be.model.user - INFO - 尝试注册新用户：test_create_store_user_5dde4578-bda7-11ef-90ae-02a6845b4b32
2024-12-19 09:20:00 - be.model.user - INFO - 加密密码...
2024-12-19 09:20:00 - be.model.user - INFO - 创建新用户...
2024-12-19 09:20:00 - be.model.user - INFO - 添加用户到数据库...
2024-12-19 09:20:00 - be.model.user - INFO - 用户注册成功：test_create_store_user_5dde4578-bda7-11ef-90ae-02a6845b4b32
2024-12-19 09:20:00 - be.view.auth - INFO - 注册处理结果: 200
2024-12-19 09:20:00 - werkzeug - INFO - 127.0.0.1 - - [19/Dec/2024 09:20:00] "POST /auth/register HTTP/1.1" 200 -
2024-12-19 09:20:00 - be.view.auth - INFO - 收到登录请求: {'user_id': 'test_create_store_user_5dde4578-bda7-11ef-90ae-02a6845b4b32', 'password': 'test_create_store_user_5dde4578-bda7-11ef-90ae-02a6845b4b32', 'terminal': 'my terminal'}
2024-12-19 09:20:00 - be.model.user - INFO - 尝试登录用户：test_create_store_user_5dde4578-bda7-11ef-90ae-02a6845b4b32，终端：my terminal
2024-12-19 09:20:00 - be.model.user - INFO - 为用户 test_create_store_user_5dde4578-bda7-11ef-90ae-02a6845b4b32 生成新token，终端：my terminal
2024-12-19 09:20:00 - be.model.user - INFO - 用户登录成功：test_create_store_user_5dde4578-bda7-11ef-90ae-02a6845b4b32
2024-12-19 09:20:00 - be.view.auth - INFO - 登录处理结果: 200
2024-12-19 09:20:00 - werkzeug - INFO - 127.0.0.1 - - [19/Dec/2024 09:20:00] "POST /auth/login HTTP/1.1" 200 -
2024-12-19 09:20:01 - be.model.seller - INFO - 商店创建成功: test_create_store_store_5dde473a-bda7-11ef-90ae-02a6845b4b32
2024-12-19 09:20:01 - werkzeug - INFO - 127.0.0.1 - - [19/Dec/2024 09:20:01] "POST /seller/create_store HTTP/1.1" 200 -
2024-12-19 09:20:01 - be.view.auth - INFO - 收到注册请求: {'user_id': 'test_create_store_user_5e69b22a-bda7-11ef-90ae-02a6845b4b32', 'password': 'test_create_store_user_5e69b22a-bda7-11ef-90ae-02a6845b4b32'}
2024-12-19 09:20:01 - be.model.user - INFO - 尝试注册新用户：test_create_store_user_5e69b22a-bda7-11ef-90ae-02a6845b4b32
2024-12-19 09:20:01 - be.model.user - INFO - 加密密码...
2024-12-19 09:20:01 - be.model.user - INFO - 创建新用户...
2024-12-19 09:20:01 - be.model.user - INFO - 添加用户到数据库...
2024-12-19 09:20:01 - be.model.user - INFO - 用户注册成功：test_create_store_user_5e69b22a-bda7-11ef-90ae-02a6845b4b32
2024-12-19 09:20:01 - be.view.auth - INFO - 注册处理结果: 200
2024-12-19 09:20:01 - werkzeug - INFO - 127.0.0.1 - - [19/Dec/2024 09:20:01] "POST /auth/register HTTP/1.1" 200 -
2024-12-19 09:20:01 - be.view.auth - INFO - 收到登录请求: {'user_id': 'test_create_store_user_5e69b22a-bda7-11ef-90ae-02a6845b4b32', 'password': 'test_create_store_user_5e69b22a-bda7-11ef-90ae-02a6845b4b32', 'terminal': 'my terminal'}
2024-12-19 09:20:01 - be.model.user - INFO - 尝试登录用户：test_create_store_user_5e69b22a-bda7-11ef-90ae-02a6845b4b32，终端：my terminal
2024-12-19 09:20:01 - be.model.user - INFO - 为用户 test_create_store_user_5e69b22a-bda7-11ef-90ae-02a6845b4b32 生成新token，终端：my terminal
2024-12-19 09:20:01 - be.model.user - INFO - 用户登录成功：test_create_store_user_5e69b22a-bda7-11ef-90ae-02a6845b4b32
2024-12-19 09:20:01 - be.view.auth - INFO - 登录处理结果: 200
2024-12-19 09:20:01 - werkzeug - INFO - 127.0.0.1 - - [19/Dec/2024 09:20:01] "POST /auth/login HTTP/1.1" 200 -
2024-12-19 09:20:02 - be.model.seller - INFO - 商店创建成功: test_create_store_store_5e69bdd8-bda7-11ef-90ae-02a6845b4b32
2024-12-19 09:20:02 - werkzeug - INFO - 127.0.0.1 - - [19/Dec/2024 09:20:02] "POST /seller/create_store HTTP/1.1" 200 -
2024-12-19 09:20:02 - be.model.seller - WARNING - 商店已存在: test_create_store_store_5e69bdd8-bda7-11ef-90ae-02a6845b4b32
2024-12-19 09:20:02 - werkzeug - INFO - 127.0.0.1 - - [19/Dec/2024 09:20:02] "[31m[1mPOST /seller/create_store HTTP/1.1[0m" 401 -
2024-12-19 09:20:02 - be.view.auth - INFO - 收到注册请求: {'user_id': 'test_add_books_seller_id_5f2176ee-bda7-11ef-90ae-02a6845b4b32', 'password': 'test_add_books_seller_id_5f2176ee-bda7-11ef-90ae-02a6845b4b32'}
2024-12-19 09:20:02 - be.model.user - INFO - 尝试注册新用户：test_add_books_seller_id_5f2176ee-bda7-11ef-90ae-02a6845b4b32
2024-12-19 09:20:02 - be.model.user - INFO - 加密密码...
2024-12-19 09:20:02 - be.model.user - INFO - 创建新用户...
2024-12-19 09:20:02 - be.model.user - INFO - 添加用户到数据库...
2024-12-19 09:20:02 - be.model.user - INFO - 用户注册成功：test_add_books_seller_id_5f2176ee-bda7-11ef-90ae-02a6845b4b32
2024-12-19 09:20:02 - be.view.auth - INFO - 注册处理结果: 200
2024-12-19 09:20:02 - werkzeug - INFO - 127.0.0.1 - - [19/Dec/2024 09:20:02] "POST /auth/register HTTP/1.1" 200 -
2024-12-19 09:20:02 - be.view.auth - INFO - 收到登录请求: {'user_id': 'test_add_books_seller_id_5f2176ee-bda7-11ef-90ae-02a6845b4b32', 'password': 'test_add_books_seller_id_5f2176ee-bda7-11ef-90ae-02a6845b4b32', 'terminal': 'my terminal'}
2024-12-19 09:20:02 - be.model.user - INFO - 尝试登录用户：test_add_books_seller_id_5f2176ee-bda7-11ef-90ae-02a6845b4b32，终端：my terminal
2024-12-19 09:20:02 - be.model.user - INFO - 为用户 test_add_books_seller_id_5f2176ee-bda7-11ef-90ae-02a6845b4b32 生成新token，终端：my terminal
2024-12-19 09:20:02 - be.model.user - INFO - 用户登录成功：test_add_books_seller_id_5f2176ee-bda7-11ef-90ae-02a6845b4b32
2024-12-19 09:20:03 - be.view.auth - INFO - 登录处理结果: 200
2024-12-19 09:20:03 - werkzeug - INFO - 127.0.0.1 - - [19/Dec/2024 09:20:03] "POST /auth/login HTTP/1.1" 200 -
2024-12-19 09:20:03 - be.model.seller - INFO - 商店创建成功: test_add_books_store_id_5f21790a-bda7-11ef-90ae-02a6845b4b32
2024-12-19 09:20:03 - werkzeug - INFO - 127.0.0.1 - - [19/Dec/2024 09:20:03] "POST /seller/create_store HTTP/1.1" 200 -
2024-12-19 09:20:04 - be.model.seller - INFO - 图书添加成功: book_id=1000067
2024-12-19 09:20:04 - werkzeug - INFO - 127.0.0.1 - - [19/Dec/2024 09:20:04] "POST /seller/add_book HTTP/1.1" 200 -
2024-12-19 09:20:05 - be.model.seller - INFO - 图书添加成功: book_id=1000134
2024-12-19 09:20:05 - werkzeug - INFO - 127.0.0.1 - - [19/Dec/2024 09:20:05] "POST /seller/add_book HTTP/1.1" 200 -
2024-12-19 09:20:05 - be.view.auth - INFO - 收到注册请求: {'user_id': 'test_add_books_seller_id_60aafb5c-bda7-11ef-90ae-02a6845b4b32', 'password': 'test_add_books_seller_id_60aafb5c-bda7-11ef-90ae-02a6845b4b32'}
2024-12-19 09:20:05 - be.model.user - INFO - 尝试注册新用户：test_add_books_seller_id_60aafb5c-bda7-11ef-90ae-02a6845b4b32
2024-12-19 09:20:05 - be.model.user - INFO - 加密密码...
2024-12-19 09:20:05 - be.model.user - INFO - 创建新用户...
2024-12-19 09:20:05 - be.model.user - INFO - 添加用户到数据库...
2024-12-19 09:20:05 - be.model.user - INFO - 用户注册成功：test_add_books_seller_id_60aafb5c-bda7-11ef-90ae-02a6845b4b32
2024-12-19 09:20:05 - be.view.auth - INFO - 注册处理结果: 200
2024-12-19 09:20:05 - werkzeug - INFO - 127.0.0.1 - - [19/Dec/2024 09:20:05] "POST /auth/register HTTP/1.1" 200 -
2024-12-19 09:20:05 - be.view.auth - INFO - 收到登录请求: {'user_id': 'test_add_books_seller_id_60aafb5c-bda7-11ef-90ae-02a6845b4b32', 'password': 'test_add_books_seller_id_60aafb5c-bda7-11ef-90ae-02a6845b4b32', 'terminal': 'my terminal'}
2024-12-19 09:20:05 - be.model.user - INFO - 尝试登录用户：test_add_books_seller_id_60aafb5c-bda7-11ef-90ae-02a6845b4b32，终端：my terminal
2024-12-19 09:20:05 - be.model.user - INFO - 为用户 test_add_books_seller_id_60aafb5c-bda7-11ef-90ae-02a6845b4b32 生成新token，终端：my terminal
2024-12-19 09:20:05 - be.model.user - INFO - 用户登录成功：test_add_books_seller_id_60aafb5c-bda7-11ef-90ae-02a6845b4b32
2024-12-19 09:20:05 - be.view.auth - INFO - 登录处理结果: 200
2024-12-19 09:20:05 - werkzeug - INFO - 127.0.0.1 - - [19/Dec/2024 09:20:05] "POST /auth/login HTTP/1.1" 200 -
2024-12-19 09:20:05 - be.model.seller - INFO - 商店创建成功: test_add_books_store_id_60aafdfa-bda7-11ef-90ae-02a6845b4b32
2024-12-19 09:20:05 - werkzeug - INFO - 127.0.0.1 - - [19/Dec/2024 09:20:05] "POST /seller/create_store HTTP/1.1" 200 -
2024-12-19 09:20:06 - be.model.seller - WARNING - 商店不存在: test_add_books_store_id_60aafdfa-bda7-11ef-90ae-02a6845b4b32x
2024-12-19 09:20:07 - werkzeug - INFO - 127.0.0.1 - - [19/Dec/2024 09:20:07] "[31m[1mPOST /seller/add_book HTTP/1.1[0m" 401 -
2024-12-19 09:20:07 - be.model.seller - WARNING - 商店不存在: test_add_books_store_id_60aafdfa-bda7-11ef-90ae-02a6845b4b32x
2024-12-19 09:20:07 - werkzeug - INFO - 127.0.0.1 - - [19/Dec/2024 09:20:07] "[31m[1mPOST /seller/add_book HTTP/1.1[0m" 401 -
2024-12-19 09:20:07 - be.view.auth - INFO - 收到注册请求: {'user_id': 'test_add_books_seller_id_62055916-bda7-11ef-90ae-02a6845b4b32', 'password': 'test_add_books_seller_id_62055916-bda7-11ef-90ae-02a6845b4b32'}
2024-12-19 09:20:07 - be.model.user - INFO - 尝试注册新用户：test_add_books_seller_id_62055916-bda7-11ef-90ae-02a6845b4b32
2024-12-19 09:20:07 - be.model.user - INFO - 加密密码...
2024-12-19 09:20:07 - be.model.user - INFO - 创建新用户...
2024-12-19 09:20:07 - be.model.user - INFO - 添加用户到数据库...
2024-12-19 09:20:07 - be.model.user - INFO - 用户注册成功：test_add_books_seller_id_62055916-bda7-11ef-90ae-02a6845b4b32
2024-12-19 09:20:07 - be.view.auth - INFO - 注册处理结果: 200
2024-12-19 09:20:07 - werkzeug - INFO - 127.0.0.1 - - [19/Dec/2024 09:20:07] "POST /auth/register HTTP/1.1" 200 -
2024-12-19 09:20:07 - be.view.auth - INFO - 收到登录请求: {'user_id': 'test_add_books_seller_id_62055916-bda7-11ef-90ae-02a6845b4b32', 'password': 'test_add_books_seller_id_62055916-bda7-11ef-90ae-02a6845b4b32', 'terminal': 'my terminal'}
2024-12-19 09:20:07 - be.model.user - INFO - 尝试登录用户：test_add_books_seller_id_62055916-bda7-11ef-90ae-02a6845b4b32，终端：my terminal
2024-12-19 09:20:07 - be.model.user - INFO - 为用户 test_add_books_seller_id_62055916-bda7-11ef-90ae-02a6845b4b32 生成新token，终端：my terminal
2024-12-19 09:20:07 - be.model.user - INFO - 用户登录成功：test_add_books_seller_id_62055916-bda7-11ef-90ae-02a6845b4b32
2024-12-19 09:20:07 - be.view.auth - INFO - 登录处理结果: 200
2024-12-19 09:20:07 - werkzeug - INFO - 127.0.0.1 - - [19/Dec/2024 09:20:07] "POST /auth/login HTTP/1.1" 200 -
2024-12-19 09:20:08 - be.model.seller - INFO - 商店创建成功: test_add_books_store_id_62055b00-bda7-11ef-90ae-02a6845b4b32
2024-12-19 09:20:08 - werkzeug - INFO - 127.0.0.1 - - [19/Dec/2024 09:20:08] "POST /seller/create_store HTTP/1.1" 200 -
2024-12-19 09:20:09 - be.model.seller - ERROR - 添加图书失败: (pymysql.err.IntegrityError) (1062, "Duplicate entry '1000067' for key 'books.PRIMARY'")
[SQL: INSERT INTO books (book_id, store_id, title, author, publisher, original_price, price, stock_level) VALUES (%(book_id)s, %(store_id)s, %(title)s, %(author)s, %(publisher)s, %(original_price)s, %(price)s, %(stock_level)s)]
[parameters: {'book_id': '1000067', 'store_id': 'test_add_books_store_id_62055b00-bda7-11ef-90ae-02a6845b4b32', 'title': '美丽心灵', 'author': '[美] 西尔维娅·娜萨', 'publisher': '上海科技教育出版社', 'original_price': 0.0, 'price': 3879.0, 'stock_level': 0}]
(Background on this error at: https://sqlalche.me/e/20/gkpj)
2024-12-19 09:20:09 - werkzeug - INFO - 127.0.0.1 - - [19/Dec/2024 09:20:09] "[35m[1mPOST /seller/add_book HTTP/1.1[0m" 500 -
2024-12-19 09:20:09 - be.view.auth - INFO - 收到注册请求: {'user_id': 'test_add_books_seller_id_63580764-bda7-11ef-90ae-02a6845b4b32', 'password': 'test_add_books_seller_id_63580764-bda7-11ef-90ae-02a6845b4b32'}
2024-12-19 09:20:09 - be.model.user - INFO - 尝试注册新用户：test_add_books_seller_id_63580764-bda7-11ef-90ae-02a6845b4b32
2024-12-19 09:20:09 - be.model.user - INFO - 加密密码...
2024-12-19 09:20:09 - be.model.user - INFO - 创建新用户...
2024-12-19 09:20:09 - be.model.user - INFO - 添加用户到数据库...
2024-12-19 09:20:09 - be.model.user - INFO - 用户注册成功：test_add_books_seller_id_63580764-bda7-11ef-90ae-02a6845b4b32
2024-12-19 09:20:09 - be.view.auth - INFO - 注册处理结果: 200
2024-12-19 09:20:09 - werkzeug - INFO - 127.0.0.1 - - [19/Dec/2024 09:20:09] "POST /auth/register HTTP/1.1" 200 -
2024-12-19 09:20:09 - be.view.auth - INFO - 收到登录请求: {'user_id': 'test_add_books_seller_id_63580764-bda7-11ef-90ae-02a6845b4b32', 'password': 'test_add_books_seller_id_63580764-bda7-11ef-90ae-02a6845b4b32', 'terminal': 'my terminal'}
2024-12-19 09:20:09 - be.model.user - INFO - 尝试登录用户：test_add_books_seller_id_63580764-bda7-11ef-90ae-02a6845b4b32，终端：my terminal
2024-12-19 09:20:09 - be.model.user - INFO - 为用户 test_add_books_seller_id_63580764-bda7-11ef-90ae-02a6845b4b32 生成新token，终端：my terminal
2024-12-19 09:20:09 - be.model.user - INFO - 用户登录成功：test_add_books_seller_id_63580764-bda7-11ef-90ae-02a6845b4b32
2024-12-19 09:20:10 - be.view.auth - INFO - 登录处理结果: 200
2024-12-19 09:20:10 - werkzeug - INFO - 127.0.0.1 - - [19/Dec/2024 09:20:10] "POST /auth/login HTTP/1.1" 200 -
2024-12-19 09:20:10 - be.model.seller - INFO - 商店创建成功: test_add_books_store_id_63580854-bda7-11ef-90ae-02a6845b4b32
2024-12-19 09:20:10 - werkzeug - INFO - 127.0.0.1 - - [19/Dec/2024 09:20:10] "POST /seller/create_store HTTP/1.1" 200 -
2024-12-19 09:20:11 - be.model.seller - WARNING - 用户不存在: test_add_books_seller_id_63580764-bda7-11ef-90ae-02a6845b4b32_x
2024-12-19 09:20:11 - werkzeug - INFO - 127.0.0.1 - - [19/Dec/2024 09:20:11] "[31m[1mPOST /seller/add_book HTTP/1.1[0m" 401 -
2024-12-19 09:20:11 - be.model.seller - WARNING - 用户不存在: test_add_books_seller_id_63580764-bda7-11ef-90ae-02a6845b4b32_x_x
2024-12-19 09:20:11 - werkzeug - INFO - 127.0.0.1 - - [19/Dec/2024 09:20:11] "[31m[1mPOST /seller/add_book HTTP/1.1[0m" 401 -
2024-12-19 09:20:11 - be.view.auth - INFO - 收到注册请求: {'user_id': 'test_add_book_stock_level1_user_64bd5f78-bda7-11ef-90ae-02a6845b4b32', 'password': 'test_add_book_stock_level1_user_64bd5f78-bda7-11ef-90ae-02a6845b4b32'}
2024-12-19 09:20:11 - be.model.user - INFO - 尝试注册新用户：test_add_book_stock_level1_user_64bd5f78-bda7-11ef-90ae-02a6845b4b32
2024-12-19 09:20:12 - be.model.user - INFO - 加密密码...
2024-12-19 09:20:12 - be.model.user - INFO - 创建新用户...
2024-12-19 09:20:12 - be.model.user - INFO - 添加用户到数据库...
2024-12-19 09:20:12 - be.model.user - INFO - 用户注册成功：test_add_book_stock_level1_user_64bd5f78-bda7-11ef-90ae-02a6845b4b32
2024-12-19 09:20:12 - be.view.auth - INFO - 注册处理结果: 200
2024-12-19 09:20:12 - werkzeug - INFO - 127.0.0.1 - - [19/Dec/2024 09:20:12] "POST /auth/register HTTP/1.1" 200 -
2024-12-19 09:20:12 - be.view.auth - INFO - 收到登录请求: {'user_id': 'test_add_book_stock_level1_user_64bd5f78-bda7-11ef-90ae-02a6845b4b32', 'password': 'test_add_book_stock_level1_user_64bd5f78-bda7-11ef-90ae-02a6845b4b32', 'terminal': 'my terminal'}
2024-12-19 09:20:12 - be.model.user - INFO - 尝试登录用户：test_add_book_stock_level1_user_64bd5f78-bda7-11ef-90ae-02a6845b4b32，终端：my terminal
2024-12-19 09:20:12 - be.model.user - INFO - 为用户 test_add_book_stock_level1_user_64bd5f78-bda7-11ef-90ae-02a6845b4b32 生成新token，终端：my terminal
2024-12-19 09:20:12 - be.model.user - INFO - 用户登录成功：test_add_book_stock_level1_user_64bd5f78-bda7-11ef-90ae-02a6845b4b32
2024-12-19 09:20:12 - be.view.auth - INFO - 登录处理结果: 200
2024-12-19 09:20:12 - werkzeug - INFO - 127.0.0.1 - - [19/Dec/2024 09:20:12] "POST /auth/login HTTP/1.1" 200 -
2024-12-19 09:20:12 - be.model.seller - INFO - 商店创建成功: test_add_book_stock_level1_store_64bd6144-bda7-11ef-90ae-02a6845b4b32
2024-12-19 09:20:12 - werkzeug - INFO - 127.0.0.1 - - [19/Dec/2024 09:20:12] "POST /seller/create_store HTTP/1.1" 200 -
2024-12-19 09:20:14 - be.model.seller - ERROR - 添加图书失败: (pymysql.err.IntegrityError) (1062, "Duplicate entry '1000067' for key 'books.PRIMARY'")
[SQL: INSERT INTO books (book_id, store_id, title, author, publisher, original_price, price, stock_level) VALUES (%(book_id)s, %(store_id)s, %(title)s, %(author)s, %(publisher)s, %(original_price)s, %(price)s, %(stock_level)s)]
[parameters: {'book_id': '1000067', 'store_id': 'test_add_book_stock_level1_store_64bd6144-bda7-11ef-90ae-02a6845b4b32', 'title': '美丽心灵', 'author': '[美] 西尔维娅·娜萨', 'publisher': '上海科技教育出版社', 'original_price': 0.0, 'price': 3879.0, 'stock_level': 0}]
(Background on this error at: https://sqlalche.me/e/20/gkpj)
2024-12-19 09:20:14 - werkzeug - INFO - 127.0.0.1 - - [19/Dec/2024 09:20:14] "[35m[1mPOST /seller/add_book HTTP/1.1[0m" 500 -
2024-12-19 09:20:14 - be.view.auth - INFO - 收到注册请求: {'user_id': 'test_add_book_stock_level1_user_6630906e-bda7-11ef-90ae-02a6845b4b32', 'password': 'test_add_book_stock_level1_user_6630906e-bda7-11ef-90ae-02a6845b4b32'}
2024-12-19 09:20:14 - be.model.user - INFO - 尝试注册新用户：test_add_book_stock_level1_user_6630906e-bda7-11ef-90ae-02a6845b4b32
2024-12-19 09:20:14 - be.model.user - INFO - 加密密码...
2024-12-19 09:20:14 - be.model.user - INFO - 创建新用户...
2024-12-19 09:20:14 - be.model.user - INFO - 添加用户到数据库...
2024-12-19 09:20:14 - be.model.user - INFO - 用户注册成功：test_add_book_stock_level1_user_6630906e-bda7-11ef-90ae-02a6845b4b32
2024-12-19 09:20:14 - be.view.auth - INFO - 注册处理结果: 200
2024-12-19 09:20:14 - werkzeug - INFO - 127.0.0.1 - - [19/Dec/2024 09:20:14] "POST /auth/register HTTP/1.1" 200 -
2024-12-19 09:20:14 - be.view.auth - INFO - 收到登录请求: {'user_id': 'test_add_book_stock_level1_user_6630906e-bda7-11ef-90ae-02a6845b4b32', 'password': 'test_add_book_stock_level1_user_6630906e-bda7-11ef-90ae-02a6845b4b32', 'terminal': 'my terminal'}
2024-12-19 09:20:14 - be.model.user - INFO - 尝试登录用户：test_add_book_stock_level1_user_6630906e-bda7-11ef-90ae-02a6845b4b32，终端：my terminal
2024-12-19 09:20:14 - be.model.user - INFO - 为用户 test_add_book_stock_level1_user_6630906e-bda7-11ef-90ae-02a6845b4b32 生成新token，终端：my terminal
2024-12-19 09:20:14 - be.model.user - INFO - 用户登录成功：test_add_book_stock_level1_user_6630906e-bda7-11ef-90ae-02a6845b4b32
2024-12-19 09:20:14 - be.view.auth - INFO - 登录处理结果: 200
2024-12-19 09:20:14 - werkzeug - INFO - 127.0.0.1 - - [19/Dec/2024 09:20:14] "POST /auth/login HTTP/1.1" 200 -
2024-12-19 09:20:15 - be.model.seller - INFO - 商店创建成功: test_add_book_stock_level1_store_66309208-bda7-11ef-90ae-02a6845b4b32
2024-12-19 09:20:15 - werkzeug - INFO - 127.0.0.1 - - [19/Dec/2024 09:20:15] "POST /seller/create_store HTTP/1.1" 200 -
2024-12-19 09:20:16 - be.model.seller - ERROR - 添加图书失败: (pymysql.err.IntegrityError) (1062, "Duplicate entry '1000067' for key 'books.PRIMARY'")
[SQL: INSERT INTO books (book_id, store_id, title, author, publisher, original_price, price, stock_level) VALUES (%(book_id)s, %(store_id)s, %(title)s, %(author)s, %(publisher)s, %(original_price)s, %(price)s, %(stock_level)s)]
[parameters: {'book_id': '1000067', 'store_id': 'test_add_book_stock_level1_store_66309208-bda7-11ef-90ae-02a6845b4b32', 'title': '美丽心灵', 'author': '[美] 西尔维娅·娜萨', 'publisher': '上海科技教育出版社', 'original_price': 0.0, 'price': 3879.0, 'stock_level': 0}]
(Background on this error at: https://sqlalche.me/e/20/gkpj)
2024-12-19 09:20:16 - werkzeug - INFO - 127.0.0.1 - - [19/Dec/2024 09:20:16] "[35m[1mPOST /seller/add_book HTTP/1.1[0m" 500 -
2024-12-19 09:20:16 - be.view.auth - INFO - 收到注册请求: {'user_id': 'test_add_book_stock_level1_user_679ddaf6-bda7-11ef-90ae-02a6845b4b32', 'password': 'test_add_book_stock_level1_user_679ddaf6-bda7-11ef-90ae-02a6845b4b32'}
2024-12-19 09:20:16 - be.model.user - INFO - 尝试注册新用户：test_add_book_stock_level1_user_679ddaf6-bda7-11ef-90ae-02a6845b4b32
2024-12-19 09:20:16 - be.model.user - INFO - 加密密码...
2024-12-19 09:20:16 - be.model.user - INFO - 创建新用户...
2024-12-19 09:20:16 - be.model.user - INFO - 添加用户到数据库...
2024-12-19 09:20:17 - be.model.user - INFO - 用户注册成功：test_add_book_stock_level1_user_679ddaf6-bda7-11ef-90ae-02a6845b4b32
2024-12-19 09:20:17 - be.view.auth - INFO - 注册处理结果: 200
2024-12-19 09:20:17 - werkzeug - INFO - 127.0.0.1 - - [19/Dec/2024 09:20:17] "POST /auth/register HTTP/1.1" 200 -
2024-12-19 09:20:17 - be.view.auth - INFO - 收到登录请求: {'user_id': 'test_add_book_stock_level1_user_679ddaf6-bda7-11ef-90ae-02a6845b4b32', 'password': 'test_add_book_stock_level1_user_679ddaf6-bda7-11ef-90ae-02a6845b4b32', 'terminal': 'my terminal'}
2024-12-19 09:20:17 - be.model.user - INFO - 尝试登录用户：test_add_book_stock_level1_user_679ddaf6-bda7-11ef-90ae-02a6845b4b32，终端：my terminal
2024-12-19 09:20:17 - be.model.user - INFO - 为用户 test_add_book_stock_level1_user_679ddaf6-bda7-11ef-90ae-02a6845b4b32 生成新token，终端：my terminal
2024-12-19 09:20:17 - be.model.user - INFO - 用户登录成功：test_add_book_stock_level1_user_679ddaf6-bda7-11ef-90ae-02a6845b4b32
2024-12-19 09:20:17 - be.view.auth - INFO - 登录处理结果: 200
2024-12-19 09:20:17 - werkzeug - INFO - 127.0.0.1 - - [19/Dec/2024 09:20:17] "POST /auth/login HTTP/1.1" 200 -
2024-12-19 09:20:17 - be.model.seller - INFO - 商店创建成功: test_add_book_stock_level1_store_679ddcfe-bda7-11ef-90ae-02a6845b4b32
2024-12-19 09:20:17 - werkzeug - INFO - 127.0.0.1 - - [19/Dec/2024 09:20:17] "POST /seller/create_store HTTP/1.1" 200 -
2024-12-19 09:20:18 - be.model.seller - ERROR - 添加图书失败: (pymysql.err.IntegrityError) (1062, "Duplicate entry '1000067' for key 'books.PRIMARY'")
[SQL: INSERT INTO books (book_id, store_id, title, author, publisher, original_price, price, stock_level) VALUES (%(book_id)s, %(store_id)s, %(title)s, %(author)s, %(publisher)s, %(original_price)s, %(price)s, %(stock_level)s)]
[parameters: {'book_id': '1000067', 'store_id': 'test_add_book_stock_level1_store_679ddcfe-bda7-11ef-90ae-02a6845b4b32', 'title': '美丽心灵', 'author': '[美] 西尔维娅·娜萨', 'publisher': '上海科技教育出版社', 'original_price': 0.0, 'price': 3879.0, 'stock_level': 0}]
(Background on this error at: https://sqlalche.me/e/20/gkpj)
2024-12-19 09:20:18 - werkzeug - INFO - 127.0.0.1 - - [19/Dec/2024 09:20:18] "[35m[1mPOST /seller/add_book HTTP/1.1[0m" 500 -
2024-12-19 09:20:18 - be.view.auth - INFO - 收到注册请求: {'user_id': 'test_add_book_stock_level1_user_68f0db56-bda7-11ef-90ae-02a6845b4b32', 'password': 'test_add_book_stock_level1_user_68f0db56-bda7-11ef-90ae-02a6845b4b32'}
2024-12-19 09:20:18 - be.model.user - INFO - 尝试注册新用户：test_add_book_stock_level1_user_68f0db56-bda7-11ef-90ae-02a6845b4b32
2024-12-19 09:20:19 - be.model.user - INFO - 加密密码...
2024-12-19 09:20:19 - be.model.user - INFO - 创建新用户...
2024-12-19 09:20:19 - be.model.user - INFO - 添加用户到数据库...
2024-12-19 09:20:19 - be.model.user - INFO - 用户注册成功：test_add_book_stock_level1_user_68f0db56-bda7-11ef-90ae-02a6845b4b32
2024-12-19 09:20:19 - be.view.auth - INFO - 注册处理结果: 200
2024-12-19 09:20:19 - werkzeug - INFO - 127.0.0.1 - - [19/Dec/2024 09:20:19] "POST /auth/register HTTP/1.1" 200 -
2024-12-19 09:20:19 - be.view.auth - INFO - 收到登录请求: {'user_id': 'test_add_book_stock_level1_user_68f0db56-bda7-11ef-90ae-02a6845b4b32', 'password': 'test_add_book_stock_level1_user_68f0db56-bda7-11ef-90ae-02a6845b4b32', 'terminal': 'my terminal'}
2024-12-19 09:20:19 - be.model.user - INFO - 尝试登录用户：test_add_book_stock_level1_user_68f0db56-bda7-11ef-90ae-02a6845b4b32，终端：my terminal
2024-12-19 09:20:19 - be.model.user - INFO - 为用户 test_add_book_stock_level1_user_68f0db56-bda7-11ef-90ae-02a6845b4b32 生成新token，终端：my terminal
2024-12-19 09:20:19 - be.model.user - INFO - 用户登录成功：test_add_book_stock_level1_user_68f0db56-bda7-11ef-90ae-02a6845b4b32
2024-12-19 09:20:19 - be.view.auth - INFO - 登录处理结果: 200
2024-12-19 09:20:19 - werkzeug - INFO - 127.0.0.1 - - [19/Dec/2024 09:20:19] "POST /auth/login HTTP/1.1" 200 -
2024-12-19 09:20:19 - be.model.seller - INFO - 商店创建成功: test_add_book_stock_level1_store_68f0dc78-bda7-11ef-90ae-02a6845b4b32
2024-12-19 09:20:19 - werkzeug - INFO - 127.0.0.1 - - [19/Dec/2024 09:20:19] "POST /seller/create_store HTTP/1.1" 200 -
2024-12-19 09:20:21 - be.model.seller - ERROR - 添加图书失败: (pymysql.err.IntegrityError) (1062, "Duplicate entry '1000067' for key 'books.PRIMARY'")
[SQL: INSERT INTO books (book_id, store_id, title, author, publisher, original_price, price, stock_level) VALUES (%(book_id)s, %(store_id)s, %(title)s, %(author)s, %(publisher)s, %(original_price)s, %(price)s, %(stock_level)s)]
[parameters: {'book_id': '1000067', 'store_id': 'test_add_book_stock_level1_store_68f0dc78-bda7-11ef-90ae-02a6845b4b32', 'title': '美丽心灵', 'author': '[美] 西尔维娅·娜萨', 'publisher': '上海科技教育出版社', 'original_price': 0.0, 'price': 3879.0, 'stock_level': 0}]
(Background on this error at: https://sqlalche.me/e/20/gkpj)
2024-12-19 09:20:21 - werkzeug - INFO - 127.0.0.1 - - [19/Dec/2024 09:20:21] "[35m[1mPOST /seller/add_book HTTP/1.1[0m" 500 -
2024-12-19 09:20:21 - be.view.auth - INFO - 收到注册请求: {'user_id': 'test_new_order_buyer_id_6a547372-bda7-11ef-90ae-02a6845b4b32', 'password': 'test_new_order_seller_id_6a547246-bda7-11ef-90ae-02a6845b4b32'}
2024-12-19 09:20:21 - be.model.user - INFO - 尝试注册新用户：test_new_order_buyer_id_6a547372-bda7-11ef-90ae-02a6845b4b32
2024-12-19 09:20:21 - be.model.user - INFO - 加密密码...
2024-12-19 09:20:21 - be.model.user - INFO - 创建新用户...
2024-12-19 09:20:21 - be.model.user - INFO - 添加用户到数据库...
2024-12-19 09:20:21 - be.model.user - INFO - 用户注册成功：test_new_order_buyer_id_6a547372-bda7-11ef-90ae-02a6845b4b32
2024-12-19 09:20:21 - be.view.auth - INFO - 注册处理结果: 200
2024-12-19 09:20:21 - werkzeug - INFO - 127.0.0.1 - - [19/Dec/2024 09:20:21] "POST /auth/register HTTP/1.1" 200 -
2024-12-19 09:20:21 - be.view.auth - INFO - 收到登录请求: {'user_id': 'test_new_order_buyer_id_6a547372-bda7-11ef-90ae-02a6845b4b32', 'password': 'test_new_order_seller_id_6a547246-bda7-11ef-90ae-02a6845b4b32', 'terminal': 'my terminal'}
2024-12-19 09:20:21 - be.model.user - INFO - 尝试登录用户：test_new_order_buyer_id_6a547372-bda7-11ef-90ae-02a6845b4b32，终端：my terminal
2024-12-19 09:20:21 - be.model.user - INFO - 为用户 test_new_order_buyer_id_6a547372-bda7-11ef-90ae-02a6845b4b32 生成新token，终端：my terminal
2024-12-19 09:20:21 - be.model.user - INFO - 用户登录成功：test_new_order_buyer_id_6a547372-bda7-11ef-90ae-02a6845b4b32
2024-12-19 09:20:21 - be.view.auth - INFO - 登录处理结果: 200
2024-12-19 09:20:21 - werkzeug - INFO - 127.0.0.1 - - [19/Dec/2024 09:20:21] "POST /auth/login HTTP/1.1" 200 -
2024-12-19 09:20:21 - be.view.auth - INFO - 收到注册请求: {'user_id': 'test_new_order_seller_id_6a547246-bda7-11ef-90ae-02a6845b4b32', 'password': 'test_new_order_seller_id_6a547246-bda7-11ef-90ae-02a6845b4b32'}
2024-12-19 09:20:21 - be.model.user - INFO - 尝试注册新用户：test_new_order_seller_id_6a547246-bda7-11ef-90ae-02a6845b4b32
2024-12-19 09:20:21 - be.model.user - INFO - 加密密码...
2024-12-19 09:20:21 - be.model.user - INFO - 创建新用户...
2024-12-19 09:20:21 - be.model.user - INFO - 添加用户到数据库...
2024-12-19 09:20:22 - be.model.user - INFO - 用户注册成功：test_new_order_seller_id_6a547246-bda7-11ef-90ae-02a6845b4b32
2024-12-19 09:20:22 - be.view.auth - INFO - 注册处理结果: 200
2024-12-19 09:20:22 - werkzeug - INFO - 127.0.0.1 - - [19/Dec/2024 09:20:22] "POST /auth/register HTTP/1.1" 200 -
2024-12-19 09:20:22 - be.view.auth - INFO - 收到登录请求: {'user_id': 'test_new_order_seller_id_6a547246-bda7-11ef-90ae-02a6845b4b32', 'password': 'test_new_order_seller_id_6a547246-bda7-11ef-90ae-02a6845b4b32', 'terminal': 'my terminal'}
2024-12-19 09:20:22 - be.model.user - INFO - 尝试登录用户：test_new_order_seller_id_6a547246-bda7-11ef-90ae-02a6845b4b32，终端：my terminal
2024-12-19 09:20:22 - be.model.user - INFO - 为用户 test_new_order_seller_id_6a547246-bda7-11ef-90ae-02a6845b4b32 生成新token，终端：my terminal
2024-12-19 09:20:22 - be.model.user - INFO - 用户登录成功：test_new_order_seller_id_6a547246-bda7-11ef-90ae-02a6845b4b32
2024-12-19 09:20:22 - be.view.auth - INFO - 登录处理结果: 200
2024-12-19 09:20:22 - werkzeug - INFO - 127.0.0.1 - - [19/Dec/2024 09:20:22] "POST /auth/login HTTP/1.1" 200 -
2024-12-19 09:20:22 - be.model.seller - INFO - 商店创建成功: test_new_order_store_id_6a547336-bda7-11ef-90ae-02a6845b4b32
2024-12-19 09:20:22 - werkzeug - INFO - 127.0.0.1 - - [19/Dec/2024 09:20:22] "POST /seller/create_store HTTP/1.1" 200 -
2024-12-19 09:20:24 - be.model.seller - ERROR - 添加图书失败: (pymysql.err.IntegrityError) (1062, "Duplicate entry '1000067' for key 'books.PRIMARY'")
[SQL: INSERT INTO books (book_id, store_id, title, author, publisher, original_price, price, stock_level) VALUES (%(book_id)s, %(store_id)s, %(title)s, %(author)s, %(publisher)s, %(original_price)s, %(price)s, %(stock_level)s)]
[parameters: {'book_id': '1000067', 'store_id': 'test_new_order_store_id_6a547336-bda7-11ef-90ae-02a6845b4b32', 'title': '美丽心灵', 'author': '[美] 西尔维娅·娜萨', 'publisher': '上海科技教育出版社', 'original_price': 0.0, 'price': 3879.0, 'stock_level': 32}]
(Background on this error at: https://sqlalche.me/e/20/gkpj)
2024-12-19 09:20:24 - werkzeug - INFO - 127.0.0.1 - - [19/Dec/2024 09:20:24] "[35m[1mPOST /seller/add_book HTTP/1.1[0m" 500 -
2024-12-19 09:20:24 - be.view.auth - INFO - 收到注册请求: {'user_id': 'test_new_order_buyer_id_6c0e9b98-bda7-11ef-90ae-02a6845b4b32', 'password': 'test_new_order_seller_id_6c0e9a58-bda7-11ef-90ae-02a6845b4b32'}
2024-12-19 09:20:24 - be.model.user - INFO - 尝试注册新用户：test_new_order_buyer_id_6c0e9b98-bda7-11ef-90ae-02a6845b4b32
2024-12-19 09:20:24 - be.model.user - INFO - 加密密码...
2024-12-19 09:20:24 - be.model.user - INFO - 创建新用户...
2024-12-19 09:20:24 - be.model.user - INFO - 添加用户到数据库...
2024-12-19 09:20:24 - be.model.user - INFO - 用户注册成功：test_new_order_buyer_id_6c0e9b98-bda7-11ef-90ae-02a6845b4b32
2024-12-19 09:20:24 - be.view.auth - INFO - 注册处理结果: 200
2024-12-19 09:20:24 - werkzeug - INFO - 127.0.0.1 - - [19/Dec/2024 09:20:24] "POST /auth/register HTTP/1.1" 200 -
2024-12-19 09:20:24 - be.view.auth - INFO - 收到登录请求: {'user_id': 'test_new_order_buyer_id_6c0e9b98-bda7-11ef-90ae-02a6845b4b32', 'password': 'test_new_order_seller_id_6c0e9a58-bda7-11ef-90ae-02a6845b4b32', 'terminal': 'my terminal'}
2024-12-19 09:20:24 - be.model.user - INFO - 尝试登录用户：test_new_order_buyer_id_6c0e9b98-bda7-11ef-90ae-02a6845b4b32，终端：my terminal
2024-12-19 09:20:24 - be.model.user - INFO - 为用户 test_new_order_buyer_id_6c0e9b98-bda7-11ef-90ae-02a6845b4b32 生成新token，终端：my terminal
2024-12-19 09:20:24 - be.model.user - INFO - 用户登录成功：test_new_order_buyer_id_6c0e9b98-bda7-11ef-90ae-02a6845b4b32
2024-12-19 09:20:24 - be.view.auth - INFO - 登录处理结果: 200
2024-12-19 09:20:24 - werkzeug - INFO - 127.0.0.1 - - [19/Dec/2024 09:20:24] "POST /auth/login HTTP/1.1" 200 -
2024-12-19 09:20:24 - be.view.auth - INFO - 收到注册请求: {'user_id': 'test_new_order_seller_id_6c0e9a58-bda7-11ef-90ae-02a6845b4b32', 'password': 'test_new_order_seller_id_6c0e9a58-bda7-11ef-90ae-02a6845b4b32'}
2024-12-19 09:20:24 - be.model.user - INFO - 尝试注册新用户：test_new_order_seller_id_6c0e9a58-bda7-11ef-90ae-02a6845b4b32
2024-12-19 09:20:24 - be.model.user - INFO - 加密密码...
2024-12-19 09:20:24 - be.model.user - INFO - 创建新用户...
2024-12-19 09:20:24 - be.model.user - INFO - 添加用户到数据库...
2024-12-19 09:20:25 - be.model.user - INFO - 用户注册成功：test_new_order_seller_id_6c0e9a58-bda7-11ef-90ae-02a6845b4b32
2024-12-19 09:20:25 - be.view.auth - INFO - 注册处理结果: 200
2024-12-19 09:20:25 - werkzeug - INFO - 127.0.0.1 - - [19/Dec/2024 09:20:25] "POST /auth/register HTTP/1.1" 200 -
2024-12-19 09:20:25 - be.view.auth - INFO - 收到登录请求: {'user_id': 'test_new_order_seller_id_6c0e9a58-bda7-11ef-90ae-02a6845b4b32', 'password': 'test_new_order_seller_id_6c0e9a58-bda7-11ef-90ae-02a6845b4b32', 'terminal': 'my terminal'}
2024-12-19 09:20:25 - be.model.user - INFO - 尝试登录用户：test_new_order_seller_id_6c0e9a58-bda7-11ef-90ae-02a6845b4b32，终端：my terminal
2024-12-19 09:20:25 - be.model.user - INFO - 为用户 test_new_order_seller_id_6c0e9a58-bda7-11ef-90ae-02a6845b4b32 生成新token，终端：my terminal
2024-12-19 09:20:25 - be.model.user - INFO - 用户登录成功：test_new_order_seller_id_6c0e9a58-bda7-11ef-90ae-02a6845b4b32
2024-12-19 09:20:25 - be.view.auth - INFO - 登录处理结果: 200
2024-12-19 09:20:25 - werkzeug - INFO - 127.0.0.1 - - [19/Dec/2024 09:20:25] "POST /auth/login HTTP/1.1" 200 -
2024-12-19 09:20:25 - be.model.seller - INFO - 商店创建成功: test_new_order_store_id_6c0e9b52-bda7-11ef-90ae-02a6845b4b32
2024-12-19 09:20:25 - werkzeug - INFO - 127.0.0.1 - - [19/Dec/2024 09:20:25] "POST /seller/create_store HTTP/1.1" 200 -
2024-12-19 09:20:27 - be.model.seller - ERROR - 添加图书失败: (pymysql.err.IntegrityError) (1062, "Duplicate entry '1000067' for key 'books.PRIMARY'")
[SQL: INSERT INTO books (book_id, store_id, title, author, publisher, original_price, price, stock_level) VALUES (%(book_id)s, %(store_id)s, %(title)s, %(author)s, %(publisher)s, %(original_price)s, %(price)s, %(stock_level)s)]
[parameters: {'book_id': '1000067', 'store_id': 'test_new_order_store_id_6c0e9b52-bda7-11ef-90ae-02a6845b4b32', 'title': '美丽心灵', 'author': '[美] 西尔维娅·娜萨', 'publisher': '上海科技教育出版社', 'original_price': 0.0, 'price': 3879.0, 'stock_level': 63}]
(Background on this error at: https://sqlalche.me/e/20/gkpj)
2024-12-19 09:20:27 - werkzeug - INFO - 127.0.0.1 - - [19/Dec/2024 09:20:27] "[35m[1mPOST /seller/add_book HTTP/1.1[0m" 500 -
2024-12-19 09:20:27 - be.view.auth - INFO - 收到注册请求: {'user_id': 'test_new_order_buyer_id_6e312954-bda7-11ef-90ae-02a6845b4b32', 'password': 'test_new_order_seller_id_6e31277e-bda7-11ef-90ae-02a6845b4b32'}
2024-12-19 09:20:27 - be.model.user - INFO - 尝试注册新用户：test_new_order_buyer_id_6e312954-bda7-11ef-90ae-02a6845b4b32
2024-12-19 09:20:27 - be.model.user - INFO - 加密密码...
2024-12-19 09:20:27 - be.model.user - INFO - 创建新用户...
2024-12-19 09:20:27 - be.model.user - INFO - 添加用户到数据库...
2024-12-19 09:20:28 - be.model.user - INFO - 用户注册成功：test_new_order_buyer_id_6e312954-bda7-11ef-90ae-02a6845b4b32
2024-12-19 09:20:28 - be.view.auth - INFO - 注册处理结果: 200
2024-12-19 09:20:28 - werkzeug - INFO - 127.0.0.1 - - [19/Dec/2024 09:20:28] "POST /auth/register HTTP/1.1" 200 -
2024-12-19 09:20:28 - be.view.auth - INFO - 收到登录请求: {'user_id': 'test_new_order_buyer_id_6e312954-bda7-11ef-90ae-02a6845b4b32', 'password': 'test_new_order_seller_id_6e31277e-bda7-11ef-90ae-02a6845b4b32', 'terminal': 'my terminal'}
2024-12-19 09:20:28 - be.model.user - INFO - 尝试登录用户：test_new_order_buyer_id_6e312954-bda7-11ef-90ae-02a6845b4b32，终端：my terminal
2024-12-19 09:20:28 - be.model.user - INFO - 为用户 test_new_order_buyer_id_6e312954-bda7-11ef-90ae-02a6845b4b32 生成新token，终端：my terminal
2024-12-19 09:20:28 - be.model.user - INFO - 用户登录成功：test_new_order_buyer_id_6e312954-bda7-11ef-90ae-02a6845b4b32
2024-12-19 09:20:28 - be.view.auth - INFO - 登录处理结果: 200
2024-12-19 09:20:28 - werkzeug - INFO - 127.0.0.1 - - [19/Dec/2024 09:20:28] "POST /auth/login HTTP/1.1" 200 -
2024-12-19 09:20:28 - be.view.auth - INFO - 收到注册请求: {'user_id': 'test_new_order_seller_id_6e31277e-bda7-11ef-90ae-02a6845b4b32', 'password': 'test_new_order_seller_id_6e31277e-bda7-11ef-90ae-02a6845b4b32'}
2024-12-19 09:20:28 - be.model.user - INFO - 尝试注册新用户：test_new_order_seller_id_6e31277e-bda7-11ef-90ae-02a6845b4b32
2024-12-19 09:20:28 - be.model.user - INFO - 加密密码...
2024-12-19 09:20:28 - be.model.user - INFO - 创建新用户...
2024-12-19 09:20:28 - be.model.user - INFO - 添加用户到数据库...
2024-12-19 09:20:28 - be.model.user - INFO - 用户注册成功：test_new_order_seller_id_6e31277e-bda7-11ef-90ae-02a6845b4b32
2024-12-19 09:20:28 - be.view.auth - INFO - 注册处理结果: 200
2024-12-19 09:20:28 - werkzeug - INFO - 127.0.0.1 - - [19/Dec/2024 09:20:28] "POST /auth/register HTTP/1.1" 200 -
2024-12-19 09:20:28 - be.view.auth - INFO - 收到登录请求: {'user_id': 'test_new_order_seller_id_6e31277e-bda7-11ef-90ae-02a6845b4b32', 'password': 'test_new_order_seller_id_6e31277e-bda7-11ef-90ae-02a6845b4b32', 'terminal': 'my terminal'}
2024-12-19 09:20:28 - be.model.user - INFO - 尝试登录用户：test_new_order_seller_id_6e31277e-bda7-11ef-90ae-02a6845b4b32，终端：my terminal
2024-12-19 09:20:28 - be.model.user - INFO - 为用户 test_new_order_seller_id_6e31277e-bda7-11ef-90ae-02a6845b4b32 生成新token，终端：my terminal
2024-12-19 09:20:28 - be.model.user - INFO - 用户登录成功：test_new_order_seller_id_6e31277e-bda7-11ef-90ae-02a6845b4b32
2024-12-19 09:20:28 - be.view.auth - INFO - 登录处理结果: 200
2024-12-19 09:20:28 - werkzeug - INFO - 127.0.0.1 - - [19/Dec/2024 09:20:28] "POST /auth/login HTTP/1.1" 200 -
2024-12-19 09:20:29 - be.model.seller - INFO - 商店创建成功: test_new_order_store_id_6e31290e-bda7-11ef-90ae-02a6845b4b32
2024-12-19 09:20:29 - werkzeug - INFO - 127.0.0.1 - - [19/Dec/2024 09:20:29] "POST /seller/create_store HTTP/1.1" 200 -
2024-12-19 09:20:33 - be.model.seller - ERROR - 添加图书失败: (pymysql.err.IntegrityError) (1062, "Duplicate entry '1000067' for key 'books.PRIMARY'")
[SQL: INSERT INTO books (book_id, store_id, title, author, publisher, original_price, price, stock_level) VALUES (%(book_id)s, %(store_id)s, %(title)s, %(author)s, %(publisher)s, %(original_price)s, %(price)s, %(stock_level)s)]
[parameters: {'book_id': '1000067', 'store_id': 'test_new_order_store_id_6e31290e-bda7-11ef-90ae-02a6845b4b32', 'title': '美丽心灵', 'author': '[美] 西尔维娅·娜萨', 'publisher': '上海科技教育出版社', 'original_price': 0.0, 'price': 3879.0, 'stock_level': 6}]
(Background on this error at: https://sqlalche.me/e/20/gkpj)
2024-12-19 09:20:33 - werkzeug - INFO - 127.0.0.1 - - [19/Dec/2024 09:20:33] "[35m[1mPOST /seller/add_book HTTP/1.1[0m" 500 -
2024-12-19 09:20:33 - be.view.auth - INFO - 收到注册请求: {'user_id': 'test_new_order_buyer_id_71c37568-bda7-11ef-90ae-02a6845b4b32', 'password': 'test_new_order_seller_id_71c37324-bda7-11ef-90ae-02a6845b4b32'}
2024-12-19 09:20:33 - be.model.user - INFO - 尝试注册新用户：test_new_order_buyer_id_71c37568-bda7-11ef-90ae-02a6845b4b32
2024-12-19 09:20:33 - be.model.user - INFO - 加密密码...
2024-12-19 09:20:33 - be.model.user - INFO - 创建新用户...
2024-12-19 09:20:33 - be.model.user - INFO - 添加用户到数据库...
2024-12-19 09:20:34 - be.model.user - INFO - 用户注册成功：test_new_order_buyer_id_71c37568-bda7-11ef-90ae-02a6845b4b32
2024-12-19 09:20:34 - be.view.auth - INFO - 注册处理结果: 200
2024-12-19 09:20:34 - werkzeug - INFO - 127.0.0.1 - - [19/Dec/2024 09:20:34] "POST /auth/register HTTP/1.1" 200 -
2024-12-19 09:20:34 - be.view.auth - INFO - 收到登录请求: {'user_id': 'test_new_order_buyer_id_71c37568-bda7-11ef-90ae-02a6845b4b32', 'password': 'test_new_order_seller_id_71c37324-bda7-11ef-90ae-02a6845b4b32', 'terminal': 'my terminal'}
2024-12-19 09:20:34 - be.model.user - INFO - 尝试登录用户：test_new_order_buyer_id_71c37568-bda7-11ef-90ae-02a6845b4b32，终端：my terminal
2024-12-19 09:20:34 - be.model.user - INFO - 为用户 test_new_order_buyer_id_71c37568-bda7-11ef-90ae-02a6845b4b32 生成新token，终端：my terminal
2024-12-19 09:20:34 - be.model.user - INFO - 用户登录成功：test_new_order_buyer_id_71c37568-bda7-11ef-90ae-02a6845b4b32
2024-12-19 09:20:34 - be.view.auth - INFO - 登录处理结果: 200
2024-12-19 09:20:34 - werkzeug - INFO - 127.0.0.1 - - [19/Dec/2024 09:20:34] "POST /auth/login HTTP/1.1" 200 -
2024-12-19 09:20:34 - be.view.auth - INFO - 收到注册请求: {'user_id': 'test_new_order_seller_id_71c37324-bda7-11ef-90ae-02a6845b4b32', 'password': 'test_new_order_seller_id_71c37324-bda7-11ef-90ae-02a6845b4b32'}
2024-12-19 09:20:34 - be.model.user - INFO - 尝试注册新用户：test_new_order_seller_id_71c37324-bda7-11ef-90ae-02a6845b4b32
2024-12-19 09:20:34 - be.model.user - INFO - 加密密码...
2024-12-19 09:20:34 - be.model.user - INFO - 创建新用户...
2024-12-19 09:20:34 - be.model.user - INFO - 添加用户到数据库...
2024-12-19 09:20:34 - be.model.user - INFO - 用户注册成功：test_new_order_seller_id_71c37324-bda7-11ef-90ae-02a6845b4b32
2024-12-19 09:20:34 - be.view.auth - INFO - 注册处理结果: 200
2024-12-19 09:20:34 - werkzeug - INFO - 127.0.0.1 - - [19/Dec/2024 09:20:34] "POST /auth/register HTTP/1.1" 200 -
2024-12-19 09:20:34 - be.view.auth - INFO - 收到登录请求: {'user_id': 'test_new_order_seller_id_71c37324-bda7-11ef-90ae-02a6845b4b32', 'password': 'test_new_order_seller_id_71c37324-bda7-11ef-90ae-02a6845b4b32', 'terminal': 'my terminal'}
2024-12-19 09:20:34 - be.model.user - INFO - 尝试登录用户：test_new_order_seller_id_71c37324-bda7-11ef-90ae-02a6845b4b32，终端：my terminal
2024-12-19 09:20:34 - be.model.user - INFO - 为用户 test_new_order_seller_id_71c37324-bda7-11ef-90ae-02a6845b4b32 生成新token，终端：my terminal
2024-12-19 09:20:34 - be.model.user - INFO - 用户登录成功：test_new_order_seller_id_71c37324-bda7-11ef-90ae-02a6845b4b32
2024-12-19 09:20:34 - be.view.auth - INFO - 登录处理结果: 200
2024-12-19 09:20:34 - werkzeug - INFO - 127.0.0.1 - - [19/Dec/2024 09:20:34] "POST /auth/login HTTP/1.1" 200 -
2024-12-19 09:20:35 - be.model.seller - INFO - 商店创建成功: test_new_order_store_id_71c37522-bda7-11ef-90ae-02a6845b4b32
2024-12-19 09:20:35 - werkzeug - INFO - 127.0.0.1 - - [19/Dec/2024 09:20:35] "POST /seller/create_store HTTP/1.1" 200 -
2024-12-19 09:20:37 - be.model.seller - ERROR - 添加图书失败: (pymysql.err.IntegrityError) (1062, "Duplicate entry '1000067' for key 'books.PRIMARY'")
[SQL: INSERT INTO books (book_id, store_id, title, author, publisher, original_price, price, stock_level) VALUES (%(book_id)s, %(store_id)s, %(title)s, %(author)s, %(publisher)s, %(original_price)s, %(price)s, %(stock_level)s)]
[parameters: {'book_id': '1000067', 'store_id': 'test_new_order_store_id_71c37522-bda7-11ef-90ae-02a6845b4b32', 'title': '美丽心灵', 'author': '[美] 西尔维娅·娜萨', 'publisher': '上海科技教育出版社', 'original_price': 0.0, 'price': 3879.0, 'stock_level': 63}]
(Background on this error at: https://sqlalche.me/e/20/gkpj)
2024-12-19 09:20:37 - werkzeug - INFO - 127.0.0.1 - - [19/Dec/2024 09:20:37] "[35m[1mPOST /seller/add_book HTTP/1.1[0m" 500 -
2024-12-19 09:20:37 - be.view.auth - INFO - 收到注册请求: {'user_id': 'test_new_order_buyer_id_73d3a58a-bda7-11ef-90ae-02a6845b4b32', 'password': 'test_new_order_seller_id_73d3a2ba-bda7-11ef-90ae-02a6845b4b32'}
2024-12-19 09:20:37 - be.model.user - INFO - 尝试注册新用户：test_new_order_buyer_id_73d3a58a-bda7-11ef-90ae-02a6845b4b32
2024-12-19 09:20:37 - be.model.user - INFO - 加密密码...
2024-12-19 09:20:37 - be.model.user - INFO - 创建新用户...
2024-12-19 09:20:37 - be.model.user - INFO - 添加用户到数据库...
2024-12-19 09:20:37 - be.model.user - INFO - 用户注册成功：test_new_order_buyer_id_73d3a58a-bda7-11ef-90ae-02a6845b4b32
2024-12-19 09:20:37 - be.view.auth - INFO - 注册处理结果: 200
2024-12-19 09:20:37 - werkzeug - INFO - 127.0.0.1 - - [19/Dec/2024 09:20:37] "POST /auth/register HTTP/1.1" 200 -
2024-12-19 09:20:37 - be.view.auth - INFO - 收到登录请求: {'user_id': 'test_new_order_buyer_id_73d3a58a-bda7-11ef-90ae-02a6845b4b32', 'password': 'test_new_order_seller_id_73d3a2ba-bda7-11ef-90ae-02a6845b4b32', 'terminal': 'my terminal'}
2024-12-19 09:20:37 - be.model.user - INFO - 尝试登录用户：test_new_order_buyer_id_73d3a58a-bda7-11ef-90ae-02a6845b4b32，终端：my terminal
2024-12-19 09:20:37 - be.model.user - INFO - 为用户 test_new_order_buyer_id_73d3a58a-bda7-11ef-90ae-02a6845b4b32 生成新token，终端：my terminal
2024-12-19 09:20:37 - be.model.user - INFO - 用户登录成功：test_new_order_buyer_id_73d3a58a-bda7-11ef-90ae-02a6845b4b32
2024-12-19 09:20:37 - be.view.auth - INFO - 登录处理结果: 200
2024-12-19 09:20:37 - werkzeug - INFO - 127.0.0.1 - - [19/Dec/2024 09:20:37] "POST /auth/login HTTP/1.1" 200 -
2024-12-19 09:20:37 - be.view.auth - INFO - 收到注册请求: {'user_id': 'test_new_order_seller_id_73d3a2ba-bda7-11ef-90ae-02a6845b4b32', 'password': 'test_new_order_seller_id_73d3a2ba-bda7-11ef-90ae-02a6845b4b32'}
2024-12-19 09:20:37 - be.model.user - INFO - 尝试注册新用户：test_new_order_seller_id_73d3a2ba-bda7-11ef-90ae-02a6845b4b32
2024-12-19 09:20:37 - be.model.user - INFO - 加密密码...
2024-12-19 09:20:37 - be.model.user - INFO - 创建新用户...
2024-12-19 09:20:37 - be.model.user - INFO - 添加用户到数据库...
2024-12-19 09:20:38 - be.model.user - INFO - 用户注册成功：test_new_order_seller_id_73d3a2ba-bda7-11ef-90ae-02a6845b4b32
2024-12-19 09:20:38 - be.view.auth - INFO - 注册处理结果: 200
2024-12-19 09:20:38 - werkzeug - INFO - 127.0.0.1 - - [19/Dec/2024 09:20:38] "POST /auth/register HTTP/1.1" 200 -
2024-12-19 09:20:38 - be.view.auth - INFO - 收到登录请求: {'user_id': 'test_new_order_seller_id_73d3a2ba-bda7-11ef-90ae-02a6845b4b32', 'password': 'test_new_order_seller_id_73d3a2ba-bda7-11ef-90ae-02a6845b4b32', 'terminal': 'my terminal'}
2024-12-19 09:20:38 - be.model.user - INFO - 尝试登录用户：test_new_order_seller_id_73d3a2ba-bda7-11ef-90ae-02a6845b4b32，终端：my terminal
2024-12-19 09:20:38 - be.model.user - INFO - 为用户 test_new_order_seller_id_73d3a2ba-bda7-11ef-90ae-02a6845b4b32 生成新token，终端：my terminal
2024-12-19 09:20:38 - be.model.user - INFO - 用户登录成功：test_new_order_seller_id_73d3a2ba-bda7-11ef-90ae-02a6845b4b32
2024-12-19 09:20:38 - be.view.auth - INFO - 登录处理结果: 200
2024-12-19 09:20:38 - werkzeug - INFO - 127.0.0.1 - - [19/Dec/2024 09:20:38] "POST /auth/login HTTP/1.1" 200 -
2024-12-19 09:20:38 - be.model.seller - INFO - 商店创建成功: test_new_order_store_id_73d3a512-bda7-11ef-90ae-02a6845b4b32
2024-12-19 09:20:38 - werkzeug - INFO - 127.0.0.1 - - [19/Dec/2024 09:20:38] "POST /seller/create_store HTTP/1.1" 200 -
2024-12-19 09:20:42 - be.model.seller - ERROR - 添加图书失败: (pymysql.err.IntegrityError) (1062, "Duplicate entry '1000067' for key 'books.PRIMARY'")
[SQL: INSERT INTO books (book_id, store_id, title, author, publisher, original_price, price, stock_level) VALUES (%(book_id)s, %(store_id)s, %(title)s, %(author)s, %(publisher)s, %(original_price)s, %(price)s, %(stock_level)s)]
[parameters: {'book_id': '1000067', 'store_id': 'test_new_order_store_id_73d3a512-bda7-11ef-90ae-02a6845b4b32', 'title': '美丽心灵', 'author': '[美] 西尔维娅·娜萨', 'publisher': '上海科技教育出版社', 'original_price': 0.0, 'price': 3879.0, 'stock_level': 28}]
(Background on this error at: https://sqlalche.me/e/20/gkpj)
2024-12-19 09:20:42 - werkzeug - INFO - 127.0.0.1 - - [19/Dec/2024 09:20:42] "[35m[1mPOST /seller/add_book HTTP/1.1[0m" 500 -
2024-12-19 09:20:42 - be.view.auth - INFO - 收到注册请求: {'user_id': 'test_payment_seller_id_77345256-bda7-11ef-90ae-02a6845b4b32', 'password': 'test_payment_seller_id_77345256-bda7-11ef-90ae-02a6845b4b32'}
2024-12-19 09:20:42 - be.model.user - INFO - 尝试注册新用户：test_payment_seller_id_77345256-bda7-11ef-90ae-02a6845b4b32
2024-12-19 09:20:43 - be.model.user - INFO - 加密密码...
2024-12-19 09:20:43 - be.model.user - INFO - 创建新用户...
2024-12-19 09:20:43 - be.model.user - INFO - 添加用户到数据库...
2024-12-19 09:20:43 - be.model.user - INFO - 用户注册成功：test_payment_seller_id_77345256-bda7-11ef-90ae-02a6845b4b32
2024-12-19 09:20:43 - be.view.auth - INFO - 注册处理结果: 200
2024-12-19 09:20:43 - werkzeug - INFO - 127.0.0.1 - - [19/Dec/2024 09:20:43] "POST /auth/register HTTP/1.1" 200 -
2024-12-19 09:20:43 - be.view.auth - INFO - 收到登录请求: {'user_id': 'test_payment_seller_id_77345256-bda7-11ef-90ae-02a6845b4b32', 'password': 'test_payment_seller_id_77345256-bda7-11ef-90ae-02a6845b4b32', 'terminal': 'my terminal'}
2024-12-19 09:20:43 - be.model.user - INFO - 尝试登录用户：test_payment_seller_id_77345256-bda7-11ef-90ae-02a6845b4b32，终端：my terminal
2024-12-19 09:20:43 - be.model.user - INFO - 为用户 test_payment_seller_id_77345256-bda7-11ef-90ae-02a6845b4b32 生成新token，终端：my terminal
2024-12-19 09:20:43 - be.model.user - INFO - 用户登录成功：test_payment_seller_id_77345256-bda7-11ef-90ae-02a6845b4b32
2024-12-19 09:20:43 - be.view.auth - INFO - 登录处理结果: 200
2024-12-19 09:20:43 - werkzeug - INFO - 127.0.0.1 - - [19/Dec/2024 09:20:43] "POST /auth/login HTTP/1.1" 200 -
2024-12-19 09:20:43 - be.model.seller - INFO - 商店创建成功: test_payment_store_id_7734544a-bda7-11ef-90ae-02a6845b4b32
2024-12-19 09:20:43 - werkzeug - INFO - 127.0.0.1 - - [19/Dec/2024 09:20:43] "POST /seller/create_store HTTP/1.1" 200 -
2024-12-19 09:20:45 - be.model.seller - INFO - 图书添加成功: book_id=1005455
2024-12-19 09:20:45 - werkzeug - INFO - 127.0.0.1 - - [19/Dec/2024 09:20:45] "POST /seller/add_book HTTP/1.1" 200 -
2024-12-19 09:20:45 - be.model.seller - INFO - 图书添加成功: book_id=1005492
2024-12-19 09:20:45 - werkzeug - INFO - 127.0.0.1 - - [19/Dec/2024 09:20:45] "POST /seller/add_book HTTP/1.1" 200 -
2024-12-19 09:20:45 - be.view.auth - INFO - 收到注册请求: {'user_id': 'test_payment_buyer_id_7734549a-bda7-11ef-90ae-02a6845b4b32', 'password': 'test_payment_seller_id_77345256-bda7-11ef-90ae-02a6845b4b32'}
2024-12-19 09:20:45 - be.model.user - INFO - 尝试注册新用户：test_payment_buyer_id_7734549a-bda7-11ef-90ae-02a6845b4b32
2024-12-19 09:20:45 - be.model.user - INFO - 加密密码...
2024-12-19 09:20:45 - be.model.user - INFO - 创建新用户...
2024-12-19 09:20:45 - be.model.user - INFO - 添加用户到数据库...
2024-12-19 09:20:46 - be.model.user - INFO - 用户注册成功：test_payment_buyer_id_7734549a-bda7-11ef-90ae-02a6845b4b32
2024-12-19 09:20:46 - be.view.auth - INFO - 注册处理结果: 200
2024-12-19 09:20:46 - werkzeug - INFO - 127.0.0.1 - - [19/Dec/2024 09:20:46] "POST /auth/register HTTP/1.1" 200 -
2024-12-19 09:20:46 - be.view.auth - INFO - 收到登录请求: {'user_id': 'test_payment_buyer_id_7734549a-bda7-11ef-90ae-02a6845b4b32', 'password': 'test_payment_seller_id_77345256-bda7-11ef-90ae-02a6845b4b32', 'terminal': 'my terminal'}
2024-12-19 09:20:46 - be.model.user - INFO - 尝试登录用户：test_payment_buyer_id_7734549a-bda7-11ef-90ae-02a6845b4b32，终端：my terminal
2024-12-19 09:20:46 - be.model.user - INFO - 为用户 test_payment_buyer_id_7734549a-bda7-11ef-90ae-02a6845b4b32 生成新token，终端：my terminal
2024-12-19 09:20:46 - be.model.user - INFO - 用户登录成功：test_payment_buyer_id_7734549a-bda7-11ef-90ae-02a6845b4b32
2024-12-19 09:20:46 - be.view.auth - INFO - 登录处理结果: 200
2024-12-19 09:20:46 - werkzeug - INFO - 127.0.0.1 - - [19/Dec/2024 09:20:46] "POST /auth/login HTTP/1.1" 200 -
2024-12-19 09:20:46 - werkzeug - INFO - 127.0.0.1 - - [19/Dec/2024 09:20:46] "POST /buyer/new_order HTTP/1.1" 200 -
2024-12-19 09:20:46 - werkzeug - INFO - 127.0.0.1 - - [19/Dec/2024 09:20:46] "[31m[1mPOST /buyer/add_funds HTTP/1.1[0m" 401 -
2024-12-19 09:20:46 - be.view.auth - INFO - 收到注册请求: {'user_id': 'test_payment_seller_id_794bd294-bda7-11ef-90ae-02a6845b4b32', 'password': 'test_payment_seller_id_794bd294-bda7-11ef-90ae-02a6845b4b32'}
2024-12-19 09:20:46 - be.model.user - INFO - 尝试注册新用户：test_payment_seller_id_794bd294-bda7-11ef-90ae-02a6845b4b32
2024-12-19 09:20:46 - be.model.user - INFO - 加密密码...
2024-12-19 09:20:46 - be.model.user - INFO - 创建新用户...
2024-12-19 09:20:46 - be.model.user - INFO - 添加用户到数据库...
2024-12-19 09:20:46 - be.model.user - INFO - 用户注册成功：test_payment_seller_id_794bd294-bda7-11ef-90ae-02a6845b4b32
2024-12-19 09:20:46 - be.view.auth - INFO - 注册处理结果: 200
2024-12-19 09:20:46 - werkzeug - INFO - 127.0.0.1 - - [19/Dec/2024 09:20:46] "POST /auth/register HTTP/1.1" 200 -
2024-12-19 09:20:46 - be.view.auth - INFO - 收到登录请求: {'user_id': 'test_payment_seller_id_794bd294-bda7-11ef-90ae-02a6845b4b32', 'password': 'test_payment_seller_id_794bd294-bda7-11ef-90ae-02a6845b4b32', 'terminal': 'my terminal'}
2024-12-19 09:20:46 - be.model.user - INFO - 尝试登录用户：test_payment_seller_id_794bd294-bda7-11ef-90ae-02a6845b4b32，终端：my terminal
2024-12-19 09:20:46 - be.model.user - INFO - 为用户 test_payment_seller_id_794bd294-bda7-11ef-90ae-02a6845b4b32 生成新token，终端：my terminal
2024-12-19 09:20:46 - be.model.user - INFO - 用户登录成功：test_payment_seller_id_794bd294-bda7-11ef-90ae-02a6845b4b32
2024-12-19 09:20:46 - be.view.auth - INFO - 登录处理结果: 200
2024-12-19 09:20:46 - werkzeug - INFO - 127.0.0.1 - - [19/Dec/2024 09:20:46] "POST /auth/login HTTP/1.1" 200 -
2024-12-19 09:20:47 - be.model.seller - INFO - 商店创建成功: test_payment_store_id_794bd38e-bda7-11ef-90ae-02a6845b4b32
2024-12-19 09:20:47 - werkzeug - INFO - 127.0.0.1 - - [19/Dec/2024 09:20:47] "POST /seller/create_store HTTP/1.1" 200 -
2024-12-19 09:20:48 - be.model.seller - ERROR - 添加图书失败: (pymysql.err.IntegrityError) (1062, "Duplicate entry '1000067' for key 'books.PRIMARY'")
[SQL: INSERT INTO books (book_id, store_id, title, author, publisher, original_price, price, stock_level) VALUES (%(book_id)s, %(store_id)s, %(title)s, %(author)s, %(publisher)s, %(original_price)s, %(price)s, %(stock_level)s)]
[parameters: {'book_id': '1000067', 'store_id': 'test_payment_store_id_794bd38e-bda7-11ef-90ae-02a6845b4b32', 'title': '美丽心灵', 'author': '[美] 西尔维娅·娜萨', 'publisher': '上海科技教育出版社', 'original_price': 0.0, 'price': 3879.0, 'stock_level': 54}]
(Background on this error at: https://sqlalche.me/e/20/gkpj)
2024-12-19 09:20:48 - werkzeug - INFO - 127.0.0.1 - - [19/Dec/2024 09:20:48] "[35m[1mPOST /seller/add_book HTTP/1.1[0m" 500 -
2024-12-19 09:20:48 - be.view.auth - INFO - 收到注册请求: {'user_id': 'test_payment_seller_id_7ad55b94-bda7-11ef-90ae-02a6845b4b32', 'password': 'test_payment_seller_id_7ad55b94-bda7-11ef-90ae-02a6845b4b32'}
2024-12-19 09:20:48 - be.model.user - INFO - 尝试注册新用户：test_payment_seller_id_7ad55b94-bda7-11ef-90ae-02a6845b4b32
2024-12-19 09:20:49 - be.model.user - INFO - 加密密码...
2024-12-19 09:20:49 - be.model.user - INFO - 创建新用户...
2024-12-19 09:20:49 - be.model.user - INFO - 添加用户到数据库...
2024-12-19 09:20:49 - be.model.user - INFO - 用户注册成功：test_payment_seller_id_7ad55b94-bda7-11ef-90ae-02a6845b4b32
2024-12-19 09:20:49 - be.view.auth - INFO - 注册处理结果: 200
2024-12-19 09:20:49 - werkzeug - INFO - 127.0.0.1 - - [19/Dec/2024 09:20:49] "POST /auth/register HTTP/1.1" 200 -
2024-12-19 09:20:49 - be.view.auth - INFO - 收到登录请求: {'user_id': 'test_payment_seller_id_7ad55b94-bda7-11ef-90ae-02a6845b4b32', 'password': 'test_payment_seller_id_7ad55b94-bda7-11ef-90ae-02a6845b4b32', 'terminal': 'my terminal'}
2024-12-19 09:20:49 - be.model.user - INFO - 尝试登录用户：test_payment_seller_id_7ad55b94-bda7-11ef-90ae-02a6845b4b32，终端：my terminal
2024-12-19 09:20:49 - be.model.user - INFO - 为用户 test_payment_seller_id_7ad55b94-bda7-11ef-90ae-02a6845b4b32 生成新token，终端：my terminal
2024-12-19 09:20:49 - be.model.user - INFO - 用户登录成功：test_payment_seller_id_7ad55b94-bda7-11ef-90ae-02a6845b4b32
2024-12-19 09:20:49 - be.view.auth - INFO - 登录处理结果: 200
2024-12-19 09:20:49 - werkzeug - INFO - 127.0.0.1 - - [19/Dec/2024 09:20:49] "POST /auth/login HTTP/1.1" 200 -
2024-12-19 09:20:49 - be.model.seller - INFO - 商店创建成功: test_payment_store_id_7ad55c66-bda7-11ef-90ae-02a6845b4b32
2024-12-19 09:20:49 - werkzeug - INFO - 127.0.0.1 - - [19/Dec/2024 09:20:49] "POST /seller/create_store HTTP/1.1" 200 -
2024-12-19 09:20:51 - be.model.seller - ERROR - 添加图书失败: (pymysql.err.IntegrityError) (1062, "Duplicate entry '1005492' for key 'books.PRIMARY'")
[SQL: INSERT INTO books (book_id, store_id, title, author, publisher, original_price, price, stock_level) VALUES (%(book_id)s, %(store_id)s, %(title)s, %(author)s, %(publisher)s, %(original_price)s, %(price)s, %(stock_level)s)]
[parameters: {'book_id': '1005492', 'store_id': 'test_payment_store_id_7ad55c66-bda7-11ef-90ae-02a6845b4b32', 'title': '光荣与梦想', 'author': '[美] 威廉·曼彻斯特', 'publisher': '海南出版社 三环出版社', 'original_price': 0.0, 'price': 6800.0, 'stock_level': 90}]
(Background on this error at: https://sqlalche.me/e/20/gkpj)
2024-12-19 09:20:51 - werkzeug - INFO - 127.0.0.1 - - [19/Dec/2024 09:20:51] "[35m[1mPOST /seller/add_book HTTP/1.1[0m" 500 -
2024-12-19 09:20:51 - be.view.auth - INFO - 收到注册请求: {'user_id': 'test_payment_seller_id_7c3bdc06-bda7-11ef-90ae-02a6845b4b32', 'password': 'test_payment_seller_id_7c3bdc06-bda7-11ef-90ae-02a6845b4b32'}
2024-12-19 09:20:51 - be.model.user - INFO - 尝试注册新用户：test_payment_seller_id_7c3bdc06-bda7-11ef-90ae-02a6845b4b32
2024-12-19 09:20:51 - be.model.user - INFO - 加密密码...
2024-12-19 09:20:51 - be.model.user - INFO - 创建新用户...
2024-12-19 09:20:51 - be.model.user - INFO - 添加用户到数据库...
2024-12-19 09:20:51 - be.model.user - INFO - 用户注册成功：test_payment_seller_id_7c3bdc06-bda7-11ef-90ae-02a6845b4b32
2024-12-19 09:20:51 - be.view.auth - INFO - 注册处理结果: 200
2024-12-19 09:20:51 - werkzeug - INFO - 127.0.0.1 - - [19/Dec/2024 09:20:51] "POST /auth/register HTTP/1.1" 200 -
2024-12-19 09:20:51 - be.view.auth - INFO - 收到登录请求: {'user_id': 'test_payment_seller_id_7c3bdc06-bda7-11ef-90ae-02a6845b4b32', 'password': 'test_payment_seller_id_7c3bdc06-bda7-11ef-90ae-02a6845b4b32', 'terminal': 'my terminal'}
2024-12-19 09:20:51 - be.model.user - INFO - 尝试登录用户：test_payment_seller_id_7c3bdc06-bda7-11ef-90ae-02a6845b4b32，终端：my terminal
2024-12-19 09:20:51 - be.model.user - INFO - 为用户 test_payment_seller_id_7c3bdc06-bda7-11ef-90ae-02a6845b4b32 生成新token，终端：my terminal
2024-12-19 09:20:51 - be.model.user - INFO - 用户登录成功：test_payment_seller_id_7c3bdc06-bda7-11ef-90ae-02a6845b4b32
2024-12-19 09:20:51 - be.view.auth - INFO - 登录处理结果: 200
2024-12-19 09:20:51 - werkzeug - INFO - 127.0.0.1 - - [19/Dec/2024 09:20:51] "POST /auth/login HTTP/1.1" 200 -
2024-12-19 09:20:52 - be.model.seller - INFO - 商店创建成功: test_payment_store_id_7c3bddfa-bda7-11ef-90ae-02a6845b4b32
2024-12-19 09:20:52 - werkzeug - INFO - 127.0.0.1 - - [19/Dec/2024 09:20:52] "POST /seller/create_store HTTP/1.1" 200 -
2024-12-19 09:20:53 - be.model.seller - INFO - 图书添加成功: book_id=1009285
2024-12-19 09:20:53 - werkzeug - INFO - 127.0.0.1 - - [19/Dec/2024 09:20:53] "POST /seller/add_book HTTP/1.1" 200 -
2024-12-19 09:20:54 - be.model.seller - INFO - 图书添加成功: book_id=1009290
2024-12-19 09:20:54 - werkzeug - INFO - 127.0.0.1 - - [19/Dec/2024 09:20:54] "POST /seller/add_book HTTP/1.1" 200 -
2024-12-19 09:20:54 - be.model.seller - INFO - 图书添加成功: book_id=1009324
2024-12-19 09:20:54 - werkzeug - INFO - 127.0.0.1 - - [19/Dec/2024 09:20:54] "POST /seller/add_book HTTP/1.1" 200 -
2024-12-19 09:20:54 - be.view.auth - INFO - 收到注册请求: {'user_id': 'test_payment_buyer_id_7c3bde54-bda7-11ef-90ae-02a6845b4b32', 'password': 'test_payment_seller_id_7c3bdc06-bda7-11ef-90ae-02a6845b4b32'}
2024-12-19 09:20:54 - be.model.user - INFO - 尝试注册新用户：test_payment_buyer_id_7c3bde54-bda7-11ef-90ae-02a6845b4b32
2024-12-19 09:20:54 - be.model.user - INFO - 加密密码...
2024-12-19 09:20:54 - be.model.user - INFO - 创建新用户...
2024-12-19 09:20:54 - be.model.user - INFO - 添加用户到数据库...
2024-12-19 09:20:54 - be.model.user - INFO - 用户注册成功：test_payment_buyer_id_7c3bde54-bda7-11ef-90ae-02a6845b4b32
2024-12-19 09:20:54 - be.view.auth - INFO - 注册处理结果: 200
2024-12-19 09:20:54 - werkzeug - INFO - 127.0.0.1 - - [19/Dec/2024 09:20:54] "POST /auth/register HTTP/1.1" 200 -
2024-12-19 09:20:54 - be.view.auth - INFO - 收到登录请求: {'user_id': 'test_payment_buyer_id_7c3bde54-bda7-11ef-90ae-02a6845b4b32', 'password': 'test_payment_seller_id_7c3bdc06-bda7-11ef-90ae-02a6845b4b32', 'terminal': 'my terminal'}
2024-12-19 09:20:54 - be.model.user - INFO - 尝试登录用户：test_payment_buyer_id_7c3bde54-bda7-11ef-90ae-02a6845b4b32，终端：my terminal
2024-12-19 09:20:55 - be.model.user - INFO - 为用户 test_payment_buyer_id_7c3bde54-bda7-11ef-90ae-02a6845b4b32 生成新token，终端：my terminal
2024-12-19 09:20:55 - be.model.user - INFO - 用户登录成功：test_payment_buyer_id_7c3bde54-bda7-11ef-90ae-02a6845b4b32
2024-12-19 09:20:55 - be.view.auth - INFO - 登录处理结果: 200
2024-12-19 09:20:55 - werkzeug - INFO - 127.0.0.1 - - [19/Dec/2024 09:20:55] "POST /auth/login HTTP/1.1" 200 -
2024-12-19 09:20:55 - werkzeug - INFO - 127.0.0.1 - - [19/Dec/2024 09:20:55] "POST /buyer/new_order HTTP/1.1" 200 -
2024-12-19 09:20:55 - werkzeug - INFO - 127.0.0.1 - - [19/Dec/2024 09:20:55] "[31m[1mPOST /buyer/add_funds HTTP/1.1[0m" 401 -
2024-12-19 09:20:56 - root - INFO - load data
2024-12-19 09:20:56 - be.view.auth - INFO - 收到注册请求: {'user_id': 'seller_1_7e9bb412-bda7-11ef-90ae-02a6845b4b32', 'password': 'password_seller_1_7e9bb412-bda7-11ef-90ae-02a6845b4b32'}
2024-12-19 09:20:56 - be.model.user - INFO - 尝试注册新用户：seller_1_7e9bb412-bda7-11ef-90ae-02a6845b4b32
2024-12-19 09:20:56 - be.model.user - INFO - 加密密码...
2024-12-19 09:20:56 - be.model.user - INFO - 创建新用户...
2024-12-19 09:20:56 - be.model.user - INFO - 添加用户到数据库...
2024-12-19 09:20:56 - be.model.user - INFO - 用户注册成功：seller_1_7e9bb412-bda7-11ef-90ae-02a6845b4b32
2024-12-19 09:20:56 - be.view.auth - INFO - 注册处理结果: 200
2024-12-19 09:20:56 - werkzeug - INFO - 127.0.0.1 - - [19/Dec/2024 09:20:56] "POST /auth/register HTTP/1.1" 200 -
2024-12-19 09:20:56 - be.view.auth - INFO - 收到登录请求: {'user_id': 'seller_1_7e9bb412-bda7-11ef-90ae-02a6845b4b32', 'password': 'password_seller_1_7e9bb412-bda7-11ef-90ae-02a6845b4b32', 'terminal': 'my terminal'}
2024-12-19 09:20:56 - be.model.user - INFO - 尝试登录用户：seller_1_7e9bb412-bda7-11ef-90ae-02a6845b4b32，终端：my terminal
2024-12-19 09:20:56 - be.model.user - INFO - 为用户 seller_1_7e9bb412-bda7-11ef-90ae-02a6845b4b32 生成新token，终端：my terminal
2024-12-19 09:20:56 - be.model.user - INFO - 用户登录成功：seller_1_7e9bb412-bda7-11ef-90ae-02a6845b4b32
2024-12-19 09:20:56 - be.view.auth - INFO - 登录处理结果: 200
2024-12-19 09:20:56 - werkzeug - INFO - 127.0.0.1 - - [19/Dec/2024 09:20:56] "POST /auth/login HTTP/1.1" 200 -
2024-12-19 09:20:57 - be.model.seller - INFO - 商店创建成功: store_s_1_1_7e9bb412-bda7-11ef-90ae-02a6845b4b32
2024-12-19 09:20:57 - werkzeug - INFO - 127.0.0.1 - - [19/Dec/2024 09:20:57] "POST /seller/create_store HTTP/1.1" 200 -
2024-12-19 09:21:00 - be.model.seller - ERROR - 添加图书失败: (pymysql.err.IntegrityError) (1062, "Duplicate entry '1000067' for key 'books.PRIMARY'")
[SQL: INSERT INTO books (book_id, store_id, title, author, publisher, original_price, price, stock_level) VALUES (%(book_id)s, %(store_id)s, %(title)s, %(author)s, %(publisher)s, %(original_price)s, %(price)s, %(stock_level)s)]
[parameters: {'book_id': '1000067', 'store_id': 'store_s_1_1_7e9bb412-bda7-11ef-90ae-02a6845b4b32', 'title': '美丽心灵', 'author': '[美] 西尔维娅·娜萨', 'publisher': '上海科技教育出版社', 'original_price': 0.0, 'price': 3879.0, 'stock_level': 1000000}]
(Background on this error at: https://sqlalche.me/e/20/gkpj)
2024-12-19 09:21:00 - werkzeug - INFO - 127.0.0.1 - - [19/Dec/2024 09:21:00] "[35m[1mPOST /seller/add_book HTTP/1.1[0m" 500 -
2024-12-19 09:21:00 - be.serve - INFO - 正在关闭服务器...
2024-12-19 09:21:00 - be.serve - ERROR - 关闭服务器失败: Not running with the Werkzeug Server
2024-12-19 09:22:12 - __main__ - INFO - 
{'='*20} 开始运行所有测试 {'='*20}
2024-12-19 09:22:12 - be.model.db_config - INFO - 清理数据库...
2024-12-19 09:22:16 - be.model.db_config - INFO - 数据库清理完成
2024-12-19 09:22:16 - be.model.db_config - INFO - 已创建的表: ['book', 'book_images', 'books', 'order_items', 'orders', 'stores', 'users']
2024-12-19 09:22:16 - be.model.user - INFO - 创建 UserManager 实例
2024-12-19 09:22:16 - be.serve - INFO - 正在启动服务器...
2024-12-19 09:22:16 - be.serve - INFO - 创建Flask应用...
2024-12-19 09:22:16 - be.serve - INFO - 初始化数据库...
2024-12-19 09:22:16 - be.model.db_config - INFO - 清理数据库...
2024-12-19 09:22:19 - be.model.db_config - INFO - 数据库清理完成
2024-12-19 09:22:19 - be.model.db_config - INFO - 已创建的表: ['book', 'book_images', 'books', 'order_items', 'orders', 'stores', 'users']
2024-12-19 09:22:19 - be.model.db_config - INFO - 删除所有表...
2024-12-19 09:22:23 - be.model.db_config - INFO - 数据库初始化完成
2024-12-19 09:22:23 - be.model.db_config - INFO - 已创建的表: ['book', 'book_images', 'books', 'order_items', 'orders', 'stores', 'users']
2024-12-19 09:22:23 - be.serve - INFO - 数据库初始化成功
2024-12-19 09:22:23 - be.serve - INFO - 注册蓝图...
2024-12-19 09:22:23 - be.serve - INFO - 启动服务器...
2024-12-19 09:22:23 - werkzeug - INFO - [31m[1mWARNING: This is a development server. Do not use it in a production deployment. Use a production WSGI server instead.[0m
 * Running on http://127.0.0.1:5555
2024-12-19 09:22:23 - werkzeug - INFO - [33mPress CTRL+C to quit[0m
2024-12-19 09:22:23 - be.view.auth - INFO - 收到注册请求: {'user_id': 'test_register_user_1734571343.496047', 'password': 'test_register_password_1734571343.496057'}
2024-12-19 09:22:23 - be.model.user - INFO - 尝试注册新用户：test_register_user_1734571343.496047
2024-12-19 09:22:23 - be.model.user - INFO - 加密密码...
2024-12-19 09:22:23 - be.model.user - INFO - 创建新用户...
2024-12-19 09:22:23 - be.model.user - INFO - 添加用户到数据库...
2024-12-19 09:22:23 - be.model.user - INFO - 用户注册成功：test_register_user_1734571343.496047
2024-12-19 09:22:23 - be.view.auth - INFO - 注册处理结果: 200
2024-12-19 09:22:23 - werkzeug - INFO - 127.0.0.1 - - [19/Dec/2024 09:22:23] "POST /auth/register HTTP/1.1" 200 -
2024-12-19 09:22:23 - be.view.auth - INFO - 收到注册请求: {'user_id': 'test_register_user_1734571343.858434', 'password': 'test_register_password_1734571343.858439'}
2024-12-19 09:22:23 - be.model.user - INFO - 尝试注册新用户：test_register_user_1734571343.858434
2024-12-19 09:22:23 - be.model.user - INFO - 加密密码...
2024-12-19 09:22:23 - be.model.user - INFO - 创建新用户...
2024-12-19 09:22:23 - be.model.user - INFO - 添加用户到数据库...
2024-12-19 09:22:24 - be.model.user - INFO - 用户注册成功：test_register_user_1734571343.858434
2024-12-19 09:22:24 - be.view.auth - INFO - 注册处理结果: 200
2024-12-19 09:22:24 - werkzeug - INFO - 127.0.0.1 - - [19/Dec/2024 09:22:24] "POST /auth/register HTTP/1.1" 200 -
2024-12-19 09:22:24 - be.view.auth - INFO - 收到注销请求: {'user_id': 'test_register_user_1734571343.858434', 'password': 'test_register_password_1734571343.858439'}
2024-12-19 09:22:24 - be.model.user - INFO - 尝试注销用户：test_register_user_1734571343.858434
2024-12-19 09:22:24 - be.model.user - INFO - 用户注销成功：test_register_user_1734571343.858434
2024-12-19 09:22:24 - be.view.auth - INFO - 注销处理结果: 200
2024-12-19 09:22:24 - werkzeug - INFO - 127.0.0.1 - - [19/Dec/2024 09:22:24] "POST /auth/unregister HTTP/1.1" 200 -
2024-12-19 09:22:24 - be.view.auth - INFO - 收到注册请求: {'user_id': 'test_register_user_1734571344.625401', 'password': 'test_register_password_1734571344.625417'}
2024-12-19 09:22:24 - be.model.user - INFO - 尝试注册新用户：test_register_user_1734571344.625401
2024-12-19 09:22:24 - be.model.user - INFO - 加密密码...
2024-12-19 09:22:24 - be.model.user - INFO - 创建新用户...
2024-12-19 09:22:24 - be.model.user - INFO - 添加用户到数据库...
2024-12-19 09:22:24 - be.model.user - INFO - 用户注册成功：test_register_user_1734571344.625401
2024-12-19 09:22:24 - be.view.auth - INFO - 注册处理结果: 200
2024-12-19 09:22:24 - werkzeug - INFO - 127.0.0.1 - - [19/Dec/2024 09:22:24] "POST /auth/register HTTP/1.1" 200 -
2024-12-19 09:22:24 - be.view.auth - INFO - 收到注销请求: {'user_id': 'test_register_user_1734571344.625401_x', 'password': 'test_register_password_1734571344.625417'}
2024-12-19 09:22:24 - be.model.user - INFO - 尝试注销用户：test_register_user_1734571344.625401_x
2024-12-19 09:22:25 - be.model.user - WARNING - 用户不存在：test_register_user_1734571344.625401_x
2024-12-19 09:22:25 - be.view.auth - INFO - 注销处理结果: 401
2024-12-19 09:22:25 - werkzeug - INFO - 127.0.0.1 - - [19/Dec/2024 09:22:25] "[31m[1mPOST /auth/unregister HTTP/1.1[0m" 401 -
2024-12-19 09:22:25 - be.view.auth - INFO - 收到注销请求: {'user_id': 'test_register_user_1734571344.625401', 'password': 'test_register_password_1734571344.625417_x'}
2024-12-19 09:22:25 - be.model.user - INFO - 尝试注销用户：test_register_user_1734571344.625401
2024-12-19 09:22:25 - be.model.user - WARNING - 密码错误：test_register_user_1734571344.625401
2024-12-19 09:22:25 - be.view.auth - INFO - 注销处理结果: 401
2024-12-19 09:22:25 - werkzeug - INFO - 127.0.0.1 - - [19/Dec/2024 09:22:25] "[31m[1mPOST /auth/unregister HTTP/1.1[0m" 401 -
2024-12-19 09:22:25 - be.view.auth - INFO - 收到注册请求: {'user_id': 'test_register_user_1734571345.463764', 'password': 'test_register_password_1734571345.463779'}
2024-12-19 09:22:25 - be.model.user - INFO - 尝试注册新用户：test_register_user_1734571345.463764
2024-12-19 09:22:25 - be.model.user - INFO - 加密密码...
2024-12-19 09:22:25 - be.model.user - INFO - 创建新用户...
2024-12-19 09:22:25 - be.model.user - INFO - 添加用户到数据库...
2024-12-19 09:22:25 - be.model.user - INFO - 用户注册成功：test_register_user_1734571345.463764
2024-12-19 09:22:25 - be.view.auth - INFO - 注册处理结果: 200
2024-12-19 09:22:25 - werkzeug - INFO - 127.0.0.1 - - [19/Dec/2024 09:22:25] "POST /auth/register HTTP/1.1" 200 -
2024-12-19 09:22:25 - be.view.auth - INFO - 收到注册请求: {'user_id': 'test_register_user_1734571345.463764', 'password': 'test_register_password_1734571345.463779'}
2024-12-19 09:22:25 - be.model.user - INFO - 尝试注册新用户：test_register_user_1734571345.463764
2024-12-19 09:22:25 - be.model.user - WARNING - 用户已存在：test_register_user_1734571345.463764
2024-12-19 09:22:26 - be.view.auth - INFO - 注册处理结果: 401
2024-12-19 09:22:26 - werkzeug - INFO - 127.0.0.1 - - [19/Dec/2024 09:22:26] "[31m[1mPOST /auth/register HTTP/1.1[0m" 401 -
2024-12-19 09:22:26 - be.view.auth - INFO - 收到注册请求: {'user_id': 'test_login_1734571346.054646', 'password': 'password_test_login_1734571346.054646'}
2024-12-19 09:22:26 - be.model.user - INFO - 尝试注册新用户：test_login_1734571346.054646
2024-12-19 09:22:26 - be.model.user - INFO - 加密密码...
2024-12-19 09:22:26 - be.model.user - INFO - 创建新用户...
2024-12-19 09:22:26 - be.model.user - INFO - 添加用户到数据库...
2024-12-19 09:22:26 - be.model.user - INFO - 用户注册成功：test_login_1734571346.054646
2024-12-19 09:22:26 - be.view.auth - INFO - 注册处理结果: 200
2024-12-19 09:22:26 - werkzeug - INFO - 127.0.0.1 - - [19/Dec/2024 09:22:26] "POST /auth/register HTTP/1.1" 200 -
2024-12-19 09:22:26 - be.view.auth - INFO - 收到登录请求: {'user_id': 'test_login_1734571346.054646', 'password': 'password_test_login_1734571346.054646', 'terminal': 'terminal_test_login_1734571346.054646'}
2024-12-19 09:22:26 - be.model.user - INFO - 尝试登录用户：test_login_1734571346.054646，终端：terminal_test_login_1734571346.054646
2024-12-19 09:22:26 - be.model.user - INFO - 为用户 test_login_1734571346.054646 生成新token，终端：terminal_test_login_1734571346.054646
2024-12-19 09:22:26 - be.model.user - INFO - 用户登录成功：test_login_1734571346.054646
2024-12-19 09:22:26 - be.view.auth - INFO - 登录处理结果: 200
2024-12-19 09:22:26 - werkzeug - INFO - 127.0.0.1 - - [19/Dec/2024 09:22:26] "POST /auth/login HTTP/1.1" 200 -
2024-12-19 09:22:26 - be.view.auth - INFO - 收到登出请求: {'user_id': 'test_login_1734571346.054646_x'}
2024-12-19 09:22:26 - be.model.user - INFO - 尝试登出用户：test_login_1734571346.054646_x
2024-12-19 09:22:26 - be.model.user - WARNING - token用户ID不匹配: expected=test_login_1734571346.054646_x, actual=test_login_1734571346.054646
2024-12-19 09:22:26 - be.model.user - WARNING - token验证失败：test_login_1734571346.054646_x
2024-12-19 09:22:26 - be.view.auth - INFO - 登出处理结果: 401
2024-12-19 09:22:26 - werkzeug - INFO - 127.0.0.1 - - [19/Dec/2024 09:22:26] "[31m[1mPOST /auth/logout HTTP/1.1[0m" 401 -
2024-12-19 09:22:26 - be.view.auth - INFO - 收到登出请求: {'user_id': 'test_login_1734571346.054646'}
2024-12-19 09:22:26 - be.model.user - INFO - 尝试登出用户：test_login_1734571346.054646
2024-12-19 09:22:26 - be.model.user - WARNING - 无效的token：eyJhbGciOiJIUzI1NiIsInR5cCI6IkpXVCJ9.eyJ1c2VyX2lkIjoidGVzdF9sb2dpbl8xNzM0NTcxMzQ2LjA1NDY0NiIsInRlcm1pbmFsIjoidGVybWluYWxfdGVzdF9sb2dpbl8xNzM0NTcxMzQ2LjA1NDY0NiIsImV4cCI6MTczNTE3NjE0NiwiaWF0IjoxNzM0NTcxMzQ2fQ.IkAOfxzdBSdBf3gINK5bYyAaKDuqsktKSdjM64PkmL4_x
2024-12-19 09:22:26 - be.model.user - WARNING - token验证失败：test_login_1734571346.054646
2024-12-19 09:22:26 - be.view.auth - INFO - 登出处理结果: 401
2024-12-19 09:22:26 - werkzeug - INFO - 127.0.0.1 - - [19/Dec/2024 09:22:26] "[31m[1mPOST /auth/logout HTTP/1.1[0m" 401 -
2024-12-19 09:22:26 - be.view.auth - INFO - 收到登出请求: {'user_id': 'test_login_1734571346.054646'}
2024-12-19 09:22:26 - be.model.user - INFO - 尝试登出用户：test_login_1734571346.054646
2024-12-19 09:22:26 - be.model.user - INFO - token验证成功：test_login_1734571346.054646
2024-12-19 09:22:26 - be.model.user - INFO - 用户登出成功：test_login_1734571346.054646
2024-12-19 09:22:26 - be.view.auth - INFO - 登出处理结果: 200
2024-12-19 09:22:26 - werkzeug - INFO - 127.0.0.1 - - [19/Dec/2024 09:22:26] "POST /auth/logout HTTP/1.1" 200 -
2024-12-19 09:22:26 - be.view.auth - INFO - 收到注册请求: {'user_id': 'test_login_1734571346.87656', 'password': 'password_test_login_1734571346.87656'}
2024-12-19 09:22:26 - be.model.user - INFO - 尝试注册新用户：test_login_1734571346.87656
2024-12-19 09:22:27 - be.model.user - INFO - 加密密码...
2024-12-19 09:22:27 - be.model.user - INFO - 创建新用户...
2024-12-19 09:22:27 - be.model.user - INFO - 添加用户到数据库...
2024-12-19 09:22:27 - be.model.user - INFO - 用户注册成功：test_login_1734571346.87656
2024-12-19 09:22:27 - be.view.auth - INFO - 注册处理结果: 200
2024-12-19 09:22:27 - werkzeug - INFO - 127.0.0.1 - - [19/Dec/2024 09:22:27] "POST /auth/register HTTP/1.1" 200 -
2024-12-19 09:22:27 - be.view.auth - INFO - 收到登录请求: {'user_id': 'test_login_1734571346.87656_x', 'password': 'password_test_login_1734571346.87656', 'terminal': 'terminal_test_login_1734571346.87656'}
2024-12-19 09:22:27 - be.model.user - INFO - 尝试登录用户：test_login_1734571346.87656_x，终端：terminal_test_login_1734571346.87656
2024-12-19 09:22:27 - be.model.user - WARNING - 用户不存在：test_login_1734571346.87656_x
2024-12-19 09:22:27 - be.view.auth - INFO - 登录处理结果: 401
2024-12-19 09:22:27 - werkzeug - INFO - 127.0.0.1 - - [19/Dec/2024 09:22:27] "[31m[1mPOST /auth/login HTTP/1.1[0m" 401 -
2024-12-19 09:22:27 - be.view.auth - INFO - 收到注册请求: {'user_id': 'test_login_1734571347.44047', 'password': 'password_test_login_1734571347.44047'}
2024-12-19 09:22:27 - be.model.user - INFO - 尝试注册新用户：test_login_1734571347.44047
2024-12-19 09:22:27 - be.model.user - INFO - 加密密码...
2024-12-19 09:22:27 - be.model.user - INFO - 创建新用户...
2024-12-19 09:22:27 - be.model.user - INFO - 添加用户到数据库...
2024-12-19 09:22:27 - be.model.user - INFO - 用户注册成功：test_login_1734571347.44047
2024-12-19 09:22:27 - be.view.auth - INFO - 注册处理结果: 200
2024-12-19 09:22:27 - werkzeug - INFO - 127.0.0.1 - - [19/Dec/2024 09:22:27] "POST /auth/register HTTP/1.1" 200 -
2024-12-19 09:22:27 - be.view.auth - INFO - 收到登录请求: {'user_id': 'test_login_1734571347.44047', 'password': 'password_test_login_1734571347.44047_x', 'terminal': 'terminal_test_login_1734571347.44047'}
2024-12-19 09:22:27 - be.model.user - INFO - 尝试登录用户：test_login_1734571347.44047，终端：terminal_test_login_1734571347.44047
2024-12-19 09:22:27 - be.model.user - WARNING - 密码错误：test_login_1734571347.44047
2024-12-19 09:22:28 - be.view.auth - INFO - 登录处理结果: 401
2024-12-19 09:22:28 - werkzeug - INFO - 127.0.0.1 - - [19/Dec/2024 09:22:28] "[31m[1mPOST /auth/login HTTP/1.1[0m" 401 -
2024-12-19 09:22:28 - be.view.auth - INFO - 收到注册请求: {'user_id': 'test_password_b5eb11a6-bda7-11ef-870d-02a6845b4b32', 'password': 'old_password_test_password_b5eb11a6-bda7-11ef-870d-02a6845b4b32'}
2024-12-19 09:22:28 - be.model.user - INFO - 尝试注册新用户：test_password_b5eb11a6-bda7-11ef-870d-02a6845b4b32
2024-12-19 09:22:28 - be.model.user - INFO - 加密密码...
2024-12-19 09:22:28 - be.model.user - INFO - 创建新用户...
2024-12-19 09:22:28 - be.model.user - INFO - 添加用户到数据库...
2024-12-19 09:22:28 - be.model.user - INFO - 用户注册成功：test_password_b5eb11a6-bda7-11ef-870d-02a6845b4b32
2024-12-19 09:22:28 - be.view.auth - INFO - 注册处理结果: 200
2024-12-19 09:22:28 - werkzeug - INFO - 127.0.0.1 - - [19/Dec/2024 09:22:28] "POST /auth/register HTTP/1.1" 200 -
2024-12-19 09:22:28 - be.view.auth - INFO - 收到修改密码请求: {'user_id': 'test_password_b5eb11a6-bda7-11ef-870d-02a6845b4b32', 'oldPassword': 'old_password_test_password_b5eb11a6-bda7-11ef-870d-02a6845b4b32', 'newPassword': 'new_password_test_password_b5eb11a6-bda7-11ef-870d-02a6845b4b32'}
2024-12-19 09:22:28 - be.model.user - INFO - 尝试修改密码：test_password_b5eb11a6-bda7-11ef-870d-02a6845b4b32
2024-12-19 09:22:28 - be.model.user - INFO - 密码修改成功：test_password_b5eb11a6-bda7-11ef-870d-02a6845b4b32
2024-12-19 09:22:28 - be.view.auth - INFO - 修改密码处理结果: 200
2024-12-19 09:22:28 - werkzeug - INFO - 127.0.0.1 - - [19/Dec/2024 09:22:28] "POST /auth/password HTTP/1.1" 200 -
2024-12-19 09:22:28 - be.view.auth - INFO - 收到登录请求: {'user_id': 'test_password_b5eb11a6-bda7-11ef-870d-02a6845b4b32', 'password': 'old_password_test_password_b5eb11a6-bda7-11ef-870d-02a6845b4b32', 'terminal': 'terminal_test_password_b5eb11a6-bda7-11ef-870d-02a6845b4b32'}
2024-12-19 09:22:28 - be.model.user - INFO - 尝试登录用户：test_password_b5eb11a6-bda7-11ef-870d-02a6845b4b32，终端：terminal_test_password_b5eb11a6-bda7-11ef-870d-02a6845b4b32
2024-12-19 09:22:28 - be.model.user - WARNING - 密码错误：test_password_b5eb11a6-bda7-11ef-870d-02a6845b4b32
2024-12-19 09:22:29 - be.view.auth - INFO - 登录处理结果: 401
2024-12-19 09:22:29 - werkzeug - INFO - 127.0.0.1 - - [19/Dec/2024 09:22:29] "[31m[1mPOST /auth/login HTTP/1.1[0m" 401 -
2024-12-19 09:22:29 - be.view.auth - INFO - 收到登录请求: {'user_id': 'test_password_b5eb11a6-bda7-11ef-870d-02a6845b4b32', 'password': 'new_password_test_password_b5eb11a6-bda7-11ef-870d-02a6845b4b32', 'terminal': 'terminal_test_password_b5eb11a6-bda7-11ef-870d-02a6845b4b32'}
2024-12-19 09:22:29 - be.model.user - INFO - 尝试登录用户：test_password_b5eb11a6-bda7-11ef-870d-02a6845b4b32，终端：terminal_test_password_b5eb11a6-bda7-11ef-870d-02a6845b4b32
2024-12-19 09:22:29 - be.model.user - INFO - 为用户 test_password_b5eb11a6-bda7-11ef-870d-02a6845b4b32 生成新token，终端：terminal_test_password_b5eb11a6-bda7-11ef-870d-02a6845b4b32
2024-12-19 09:22:29 - be.model.user - INFO - 用户登录成功：test_password_b5eb11a6-bda7-11ef-870d-02a6845b4b32
2024-12-19 09:22:29 - be.view.auth - INFO - 登录处理结果: 200
2024-12-19 09:22:29 - werkzeug - INFO - 127.0.0.1 - - [19/Dec/2024 09:22:29] "POST /auth/login HTTP/1.1" 200 -
2024-12-19 09:22:29 - be.view.auth - INFO - 收到登出请求: {'user_id': 'test_password_b5eb11a6-bda7-11ef-870d-02a6845b4b32'}
2024-12-19 09:22:29 - be.model.user - INFO - 尝试登出用户：test_password_b5eb11a6-bda7-11ef-870d-02a6845b4b32
2024-12-19 09:22:29 - be.model.user - INFO - token验证成功：test_password_b5eb11a6-bda7-11ef-870d-02a6845b4b32
2024-12-19 09:22:29 - be.model.user - INFO - 用户登出成功：test_password_b5eb11a6-bda7-11ef-870d-02a6845b4b32
2024-12-19 09:22:29 - be.view.auth - INFO - 登出处理结果: 200
2024-12-19 09:22:29 - werkzeug - INFO - 127.0.0.1 - - [19/Dec/2024 09:22:29] "POST /auth/logout HTTP/1.1" 200 -
2024-12-19 09:22:29 - be.view.auth - INFO - 收到注册请求: {'user_id': 'test_password_b6c396f2-bda7-11ef-870d-02a6845b4b32', 'password': 'old_password_test_password_b6c396f2-bda7-11ef-870d-02a6845b4b32'}
2024-12-19 09:22:29 - be.model.user - INFO - 尝试注册新用户：test_password_b6c396f2-bda7-11ef-870d-02a6845b4b32
2024-12-19 09:22:29 - be.model.user - INFO - 加密密码...
2024-12-19 09:22:29 - be.model.user - INFO - 创建新用户...
2024-12-19 09:22:29 - be.model.user - INFO - 添加用户到数据库...
2024-12-19 09:22:29 - be.model.user - INFO - 用户注册成功：test_password_b6c396f2-bda7-11ef-870d-02a6845b4b32
2024-12-19 09:22:29 - be.view.auth - INFO - 注册处理结果: 200
2024-12-19 09:22:29 - werkzeug - INFO - 127.0.0.1 - - [19/Dec/2024 09:22:29] "POST /auth/register HTTP/1.1" 200 -
2024-12-19 09:22:29 - be.view.auth - INFO - 收到修改密码请求: {'user_id': 'test_password_b6c396f2-bda7-11ef-870d-02a6845b4b32', 'oldPassword': 'old_password_test_password_b6c396f2-bda7-11ef-870d-02a6845b4b32_x', 'newPassword': 'new_password_test_password_b6c396f2-bda7-11ef-870d-02a6845b4b32'}
2024-12-19 09:22:29 - be.model.user - INFO - 尝试修改密码：test_password_b6c396f2-bda7-11ef-870d-02a6845b4b32
2024-12-19 09:22:29 - be.model.user - WARNING - 旧密码错误：test_password_b6c396f2-bda7-11ef-870d-02a6845b4b32
2024-12-19 09:22:30 - be.view.auth - INFO - 修改密码处理结果: 401
2024-12-19 09:22:30 - werkzeug - INFO - 127.0.0.1 - - [19/Dec/2024 09:22:30] "[31m[1mPOST /auth/password HTTP/1.1[0m" 401 -
2024-12-19 09:22:30 - be.view.auth - INFO - 收到登录请求: {'user_id': 'test_password_b6c396f2-bda7-11ef-870d-02a6845b4b32', 'password': 'new_password_test_password_b6c396f2-bda7-11ef-870d-02a6845b4b32', 'terminal': 'terminal_test_password_b6c396f2-bda7-11ef-870d-02a6845b4b32'}
2024-12-19 09:22:30 - be.model.user - INFO - 尝试登录用户：test_password_b6c396f2-bda7-11ef-870d-02a6845b4b32，终端：terminal_test_password_b6c396f2-bda7-11ef-870d-02a6845b4b32
2024-12-19 09:22:30 - be.model.user - WARNING - 密码错误：test_password_b6c396f2-bda7-11ef-870d-02a6845b4b32
2024-12-19 09:22:30 - be.view.auth - INFO - 登录处理结果: 401
2024-12-19 09:22:30 - werkzeug - INFO - 127.0.0.1 - - [19/Dec/2024 09:22:30] "[31m[1mPOST /auth/login HTTP/1.1[0m" 401 -
2024-12-19 09:22:30 - be.view.auth - INFO - 收到注册请求: {'user_id': 'test_password_b73eb15c-bda7-11ef-870d-02a6845b4b32', 'password': 'old_password_test_password_b73eb15c-bda7-11ef-870d-02a6845b4b32'}
2024-12-19 09:22:30 - be.model.user - INFO - 尝试注册新用户：test_password_b73eb15c-bda7-11ef-870d-02a6845b4b32
2024-12-19 09:22:30 - be.model.user - INFO - 加密密码...
2024-12-19 09:22:30 - be.model.user - INFO - 创建新用户...
2024-12-19 09:22:30 - be.model.user - INFO - 添加用户到数据库...
2024-12-19 09:22:30 - be.model.user - INFO - 用户注册成功：test_password_b73eb15c-bda7-11ef-870d-02a6845b4b32
2024-12-19 09:22:30 - be.view.auth - INFO - 注册处理结果: 200
2024-12-19 09:22:30 - werkzeug - INFO - 127.0.0.1 - - [19/Dec/2024 09:22:30] "POST /auth/register HTTP/1.1" 200 -
2024-12-19 09:22:30 - be.view.auth - INFO - 收到修改密码请求: {'user_id': 'test_password_b73eb15c-bda7-11ef-870d-02a6845b4b32_x', 'oldPassword': 'old_password_test_password_b73eb15c-bda7-11ef-870d-02a6845b4b32', 'newPassword': 'new_password_test_password_b73eb15c-bda7-11ef-870d-02a6845b4b32'}
2024-12-19 09:22:30 - be.model.user - INFO - 尝试修改密码：test_password_b73eb15c-bda7-11ef-870d-02a6845b4b32_x
2024-12-19 09:22:30 - be.model.user - WARNING - 用户不存在：test_password_b73eb15c-bda7-11ef-870d-02a6845b4b32_x
2024-12-19 09:22:30 - be.view.auth - INFO - 修改密码处理结果: 401
2024-12-19 09:22:30 - werkzeug - INFO - 127.0.0.1 - - [19/Dec/2024 09:22:30] "[31m[1mPOST /auth/password HTTP/1.1[0m" 401 -
2024-12-19 09:22:30 - be.view.auth - INFO - 收到登录请求: {'user_id': 'test_password_b73eb15c-bda7-11ef-870d-02a6845b4b32', 'password': 'new_password_test_password_b73eb15c-bda7-11ef-870d-02a6845b4b32', 'terminal': 'terminal_test_password_b73eb15c-bda7-11ef-870d-02a6845b4b32'}
2024-12-19 09:22:30 - be.model.user - INFO - 尝试登录用户：test_password_b73eb15c-bda7-11ef-870d-02a6845b4b32，终端：terminal_test_password_b73eb15c-bda7-11ef-870d-02a6845b4b32
2024-12-19 09:22:31 - be.model.user - WARNING - 密码错误：test_password_b73eb15c-bda7-11ef-870d-02a6845b4b32
2024-12-19 09:22:31 - be.view.auth - INFO - 登录处理结果: 401
2024-12-19 09:22:31 - werkzeug - INFO - 127.0.0.1 - - [19/Dec/2024 09:22:31] "[31m[1mPOST /auth/login HTTP/1.1[0m" 401 -
2024-12-19 09:22:31 - be.view.auth - INFO - 收到注册请求: {'user_id': 'test_add_funds_b7be6032-bda7-11ef-870d-02a6845b4b32', 'password': 'test_add_funds_b7be6032-bda7-11ef-870d-02a6845b4b32'}
2024-12-19 09:22:31 - be.model.user - INFO - 尝试注册新用户：test_add_funds_b7be6032-bda7-11ef-870d-02a6845b4b32
2024-12-19 09:22:31 - be.model.user - INFO - 加密密码...
2024-12-19 09:22:31 - be.model.user - INFO - 创建新用户...
2024-12-19 09:22:31 - be.model.user - INFO - 添加用户到数据库...
2024-12-19 09:22:31 - be.model.user - INFO - 用户注册成功：test_add_funds_b7be6032-bda7-11ef-870d-02a6845b4b32
2024-12-19 09:22:31 - be.view.auth - INFO - 注册处理结果: 200
2024-12-19 09:22:31 - werkzeug - INFO - 127.0.0.1 - - [19/Dec/2024 09:22:31] "POST /auth/register HTTP/1.1" 200 -
2024-12-19 09:22:31 - be.view.auth - INFO - 收到登录请求: {'user_id': 'test_add_funds_b7be6032-bda7-11ef-870d-02a6845b4b32', 'password': 'test_add_funds_b7be6032-bda7-11ef-870d-02a6845b4b32', 'terminal': 'my terminal'}
2024-12-19 09:22:31 - be.model.user - INFO - 尝试登录用户：test_add_funds_b7be6032-bda7-11ef-870d-02a6845b4b32，终端：my terminal
2024-12-19 09:22:31 - be.model.user - INFO - 为用户 test_add_funds_b7be6032-bda7-11ef-870d-02a6845b4b32 生成新token，终端：my terminal
2024-12-19 09:22:31 - be.model.user - INFO - 用户登录成功：test_add_funds_b7be6032-bda7-11ef-870d-02a6845b4b32
2024-12-19 09:22:31 - be.view.auth - INFO - 登录处理结果: 200
2024-12-19 09:22:31 - werkzeug - INFO - 127.0.0.1 - - [19/Dec/2024 09:22:31] "POST /auth/login HTTP/1.1" 200 -
2024-12-19 09:22:32 - werkzeug - INFO - 127.0.0.1 - - [19/Dec/2024 09:22:32] "POST /buyer/add_funds HTTP/1.1" 200 -
2024-12-19 09:22:32 - werkzeug - INFO - 127.0.0.1 - - [19/Dec/2024 09:22:32] "POST /buyer/add_funds HTTP/1.1" 200 -
2024-12-19 09:22:32 - be.view.auth - INFO - 收到注册请求: {'user_id': 'test_add_funds_b864c418-bda7-11ef-870d-02a6845b4b32', 'password': 'test_add_funds_b864c418-bda7-11ef-870d-02a6845b4b32'}
2024-12-19 09:22:32 - be.model.user - INFO - 尝试注册新用户：test_add_funds_b864c418-bda7-11ef-870d-02a6845b4b32
2024-12-19 09:22:32 - be.model.user - INFO - 加密密码...
2024-12-19 09:22:32 - be.model.user - INFO - 创建新用户...
2024-12-19 09:22:32 - be.model.user - INFO - 添加用户到数据库...
2024-12-19 09:22:32 - be.model.user - INFO - 用户注册成功：test_add_funds_b864c418-bda7-11ef-870d-02a6845b4b32
2024-12-19 09:22:32 - be.view.auth - INFO - 注册处理结果: 200
2024-12-19 09:22:32 - werkzeug - INFO - 127.0.0.1 - - [19/Dec/2024 09:22:32] "POST /auth/register HTTP/1.1" 200 -
2024-12-19 09:22:32 - be.view.auth - INFO - 收到登录请求: {'user_id': 'test_add_funds_b864c418-bda7-11ef-870d-02a6845b4b32', 'password': 'test_add_funds_b864c418-bda7-11ef-870d-02a6845b4b32', 'terminal': 'my terminal'}
2024-12-19 09:22:32 - be.model.user - INFO - 尝试登录用户：test_add_funds_b864c418-bda7-11ef-870d-02a6845b4b32，终端：my terminal
2024-12-19 09:22:32 - be.model.user - INFO - 为用户 test_add_funds_b864c418-bda7-11ef-870d-02a6845b4b32 生成新token，终端：my terminal
2024-12-19 09:22:32 - be.model.user - INFO - 用户登录成功：test_add_funds_b864c418-bda7-11ef-870d-02a6845b4b32
2024-12-19 09:22:32 - be.view.auth - INFO - 登录处理结果: 200
2024-12-19 09:22:32 - werkzeug - INFO - 127.0.0.1 - - [19/Dec/2024 09:22:32] "POST /auth/login HTTP/1.1" 200 -
2024-12-19 09:22:33 - werkzeug - INFO - 127.0.0.1 - - [19/Dec/2024 09:22:33] "[31m[1mPOST /buyer/add_funds HTTP/1.1[0m" 401 -
2024-12-19 09:22:33 - be.view.auth - INFO - 收到注册请求: {'user_id': 'test_add_funds_b8ddca2a-bda7-11ef-870d-02a6845b4b32', 'password': 'test_add_funds_b8ddca2a-bda7-11ef-870d-02a6845b4b32'}
2024-12-19 09:22:33 - be.model.user - INFO - 尝试注册新用户：test_add_funds_b8ddca2a-bda7-11ef-870d-02a6845b4b32
2024-12-19 09:22:33 - be.model.user - INFO - 加密密码...
2024-12-19 09:22:33 - be.model.user - INFO - 创建新用户...
2024-12-19 09:22:33 - be.model.user - INFO - 添加用户到数据库...
2024-12-19 09:22:33 - be.model.user - INFO - 用户注册成功：test_add_funds_b8ddca2a-bda7-11ef-870d-02a6845b4b32
2024-12-19 09:22:33 - be.view.auth - INFO - 注册处理结果: 200
2024-12-19 09:22:33 - werkzeug - INFO - 127.0.0.1 - - [19/Dec/2024 09:22:33] "POST /auth/register HTTP/1.1" 200 -
2024-12-19 09:22:33 - be.view.auth - INFO - 收到登录请求: {'user_id': 'test_add_funds_b8ddca2a-bda7-11ef-870d-02a6845b4b32', 'password': 'test_add_funds_b8ddca2a-bda7-11ef-870d-02a6845b4b32', 'terminal': 'my terminal'}
2024-12-19 09:22:33 - be.model.user - INFO - 尝试登录用户：test_add_funds_b8ddca2a-bda7-11ef-870d-02a6845b4b32，终端：my terminal
2024-12-19 09:22:33 - be.model.user - INFO - 为用户 test_add_funds_b8ddca2a-bda7-11ef-870d-02a6845b4b32 生成新token，终端：my terminal
2024-12-19 09:22:33 - be.model.user - INFO - 用户登录成功：test_add_funds_b8ddca2a-bda7-11ef-870d-02a6845b4b32
2024-12-19 09:22:33 - be.view.auth - INFO - 登录处理结果: 200
2024-12-19 09:22:33 - werkzeug - INFO - 127.0.0.1 - - [19/Dec/2024 09:22:33] "POST /auth/login HTTP/1.1" 200 -
2024-12-19 09:22:34 - werkzeug - INFO - 127.0.0.1 - - [19/Dec/2024 09:22:34] "[31m[1mPOST /buyer/add_funds HTTP/1.1[0m" 401 -
2024-12-19 09:22:34 - be.view.auth - INFO - 收到注册请求: {'user_id': 'test_create_store_user_b975d824-bda7-11ef-870d-02a6845b4b32', 'password': 'test_create_store_user_b975d824-bda7-11ef-870d-02a6845b4b32'}
2024-12-19 09:22:34 - be.model.user - INFO - 尝试注册新用户：test_create_store_user_b975d824-bda7-11ef-870d-02a6845b4b32
2024-12-19 09:22:34 - be.model.user - INFO - 加密密码...
2024-12-19 09:22:34 - be.model.user - INFO - 创建新用户...
2024-12-19 09:22:34 - be.model.user - INFO - 添加用户到数据库...
2024-12-19 09:22:34 - be.model.user - INFO - 用户注册成功：test_create_store_user_b975d824-bda7-11ef-870d-02a6845b4b32
2024-12-19 09:22:34 - be.view.auth - INFO - 注册处理结果: 200
2024-12-19 09:22:34 - werkzeug - INFO - 127.0.0.1 - - [19/Dec/2024 09:22:34] "POST /auth/register HTTP/1.1" 200 -
2024-12-19 09:22:34 - be.view.auth - INFO - 收到登录请求: {'user_id': 'test_create_store_user_b975d824-bda7-11ef-870d-02a6845b4b32', 'password': 'test_create_store_user_b975d824-bda7-11ef-870d-02a6845b4b32', 'terminal': 'my terminal'}
2024-12-19 09:22:34 - be.model.user - INFO - 尝试登录用户：test_create_store_user_b975d824-bda7-11ef-870d-02a6845b4b32，终端：my terminal
2024-12-19 09:22:34 - be.model.user - INFO - 为用户 test_create_store_user_b975d824-bda7-11ef-870d-02a6845b4b32 生成新token，终端：my terminal
2024-12-19 09:22:34 - be.model.user - INFO - 用户登录成功：test_create_store_user_b975d824-bda7-11ef-870d-02a6845b4b32
2024-12-19 09:22:34 - be.view.auth - INFO - 登录处理结果: 200
2024-12-19 09:22:34 - werkzeug - INFO - 127.0.0.1 - - [19/Dec/2024 09:22:34] "POST /auth/login HTTP/1.1" 200 -
2024-12-19 09:22:34 - be.model.seller - INFO - 商店创建成功: test_create_store_store_b975da22-bda7-11ef-870d-02a6845b4b32
2024-12-19 09:22:34 - werkzeug - INFO - 127.0.0.1 - - [19/Dec/2024 09:22:34] "POST /seller/create_store HTTP/1.1" 200 -
2024-12-19 09:22:34 - be.view.auth - INFO - 收到注册请求: {'user_id': 'test_create_store_user_ba004e6e-bda7-11ef-870d-02a6845b4b32', 'password': 'test_create_store_user_ba004e6e-bda7-11ef-870d-02a6845b4b32'}
2024-12-19 09:22:34 - be.model.user - INFO - 尝试注册新用户：test_create_store_user_ba004e6e-bda7-11ef-870d-02a6845b4b32
2024-12-19 09:22:35 - be.model.user - INFO - 加密密码...
2024-12-19 09:22:35 - be.model.user - INFO - 创建新用户...
2024-12-19 09:22:35 - be.model.user - INFO - 添加用户到数据库...
2024-12-19 09:22:35 - be.model.user - INFO - 用户注册成功：test_create_store_user_ba004e6e-bda7-11ef-870d-02a6845b4b32
2024-12-19 09:22:35 - be.view.auth - INFO - 注册处理结果: 200
2024-12-19 09:22:35 - werkzeug - INFO - 127.0.0.1 - - [19/Dec/2024 09:22:35] "POST /auth/register HTTP/1.1" 200 -
2024-12-19 09:22:35 - be.view.auth - INFO - 收到登录请求: {'user_id': 'test_create_store_user_ba004e6e-bda7-11ef-870d-02a6845b4b32', 'password': 'test_create_store_user_ba004e6e-bda7-11ef-870d-02a6845b4b32', 'terminal': 'my terminal'}
2024-12-19 09:22:35 - be.model.user - INFO - 尝试登录用户：test_create_store_user_ba004e6e-bda7-11ef-870d-02a6845b4b32，终端：my terminal
2024-12-19 09:22:35 - be.model.user - INFO - 为用户 test_create_store_user_ba004e6e-bda7-11ef-870d-02a6845b4b32 生成新token，终端：my terminal
2024-12-19 09:22:35 - be.model.user - INFO - 用户登录成功：test_create_store_user_ba004e6e-bda7-11ef-870d-02a6845b4b32
2024-12-19 09:22:35 - be.view.auth - INFO - 登录处理结果: 200
2024-12-19 09:22:35 - werkzeug - INFO - 127.0.0.1 - - [19/Dec/2024 09:22:35] "POST /auth/login HTTP/1.1" 200 -
2024-12-19 09:22:35 - be.model.seller - INFO - 商店创建成功: test_create_store_store_ba005058-bda7-11ef-870d-02a6845b4b32
2024-12-19 09:22:35 - werkzeug - INFO - 127.0.0.1 - - [19/Dec/2024 09:22:35] "POST /seller/create_store HTTP/1.1" 200 -
2024-12-19 09:22:36 - be.model.seller - WARNING - 商店已存在: test_create_store_store_ba005058-bda7-11ef-870d-02a6845b4b32
2024-12-19 09:22:36 - werkzeug - INFO - 127.0.0.1 - - [19/Dec/2024 09:22:36] "[31m[1mPOST /seller/create_store HTTP/1.1[0m" 401 -
2024-12-19 09:22:36 - be.view.auth - INFO - 收到注册请求: {'user_id': 'test_add_books_seller_id_bab59cd8-bda7-11ef-870d-02a6845b4b32', 'password': 'test_add_books_seller_id_bab59cd8-bda7-11ef-870d-02a6845b4b32'}
2024-12-19 09:22:36 - be.model.user - INFO - 尝试注册新用户：test_add_books_seller_id_bab59cd8-bda7-11ef-870d-02a6845b4b32
2024-12-19 09:22:36 - be.model.user - INFO - 加密密码...
2024-12-19 09:22:36 - be.model.user - INFO - 创建新用户...
2024-12-19 09:22:36 - be.model.user - INFO - 添加用户到数据库...
2024-12-19 09:22:36 - be.model.user - INFO - 用户注册成功：test_add_books_seller_id_bab59cd8-bda7-11ef-870d-02a6845b4b32
2024-12-19 09:22:36 - be.view.auth - INFO - 注册处理结果: 200
2024-12-19 09:22:36 - werkzeug - INFO - 127.0.0.1 - - [19/Dec/2024 09:22:36] "POST /auth/register HTTP/1.1" 200 -
2024-12-19 09:22:36 - be.view.auth - INFO - 收到登录请求: {'user_id': 'test_add_books_seller_id_bab59cd8-bda7-11ef-870d-02a6845b4b32', 'password': 'test_add_books_seller_id_bab59cd8-bda7-11ef-870d-02a6845b4b32', 'terminal': 'my terminal'}
2024-12-19 09:22:36 - be.model.user - INFO - 尝试登录用户：test_add_books_seller_id_bab59cd8-bda7-11ef-870d-02a6845b4b32，终端：my terminal
2024-12-19 09:22:36 - be.model.user - INFO - 为用户 test_add_books_seller_id_bab59cd8-bda7-11ef-870d-02a6845b4b32 生成新token，终端：my terminal
2024-12-19 09:22:36 - be.model.user - INFO - 用户登录成功：test_add_books_seller_id_bab59cd8-bda7-11ef-870d-02a6845b4b32
2024-12-19 09:22:36 - be.view.auth - INFO - 登录处理结果: 200
2024-12-19 09:22:36 - werkzeug - INFO - 127.0.0.1 - - [19/Dec/2024 09:22:36] "POST /auth/login HTTP/1.1" 200 -
2024-12-19 09:22:37 - be.model.seller - INFO - 商店创建成功: test_add_books_store_id_bab59dd2-bda7-11ef-870d-02a6845b4b32
2024-12-19 09:22:37 - werkzeug - INFO - 127.0.0.1 - - [19/Dec/2024 09:22:37] "POST /seller/create_store HTTP/1.1" 200 -
2024-12-19 09:22:38 - be.model.seller - INFO - 图书添加成功: book_id=1000067
2024-12-19 09:22:38 - werkzeug - INFO - 127.0.0.1 - - [19/Dec/2024 09:22:38] "POST /seller/add_book HTTP/1.1" 200 -
2024-12-19 09:22:38 - be.model.seller - INFO - 图书添加成功: book_id=1000134
2024-12-19 09:22:38 - werkzeug - INFO - 127.0.0.1 - - [19/Dec/2024 09:22:38] "POST /seller/add_book HTTP/1.1" 200 -
2024-12-19 09:22:38 - be.view.auth - INFO - 收到注册请求: {'user_id': 'test_add_books_seller_id_bc4bcc70-bda7-11ef-870d-02a6845b4b32', 'password': 'test_add_books_seller_id_bc4bcc70-bda7-11ef-870d-02a6845b4b32'}
2024-12-19 09:22:38 - be.model.user - INFO - 尝试注册新用户：test_add_books_seller_id_bc4bcc70-bda7-11ef-870d-02a6845b4b32
2024-12-19 09:22:38 - be.model.user - INFO - 加密密码...
2024-12-19 09:22:38 - be.model.user - INFO - 创建新用户...
2024-12-19 09:22:38 - be.model.user - INFO - 添加用户到数据库...
2024-12-19 09:22:39 - be.model.user - INFO - 用户注册成功：test_add_books_seller_id_bc4bcc70-bda7-11ef-870d-02a6845b4b32
2024-12-19 09:22:39 - be.view.auth - INFO - 注册处理结果: 200
2024-12-19 09:22:39 - werkzeug - INFO - 127.0.0.1 - - [19/Dec/2024 09:22:39] "POST /auth/register HTTP/1.1" 200 -
2024-12-19 09:22:39 - be.view.auth - INFO - 收到登录请求: {'user_id': 'test_add_books_seller_id_bc4bcc70-bda7-11ef-870d-02a6845b4b32', 'password': 'test_add_books_seller_id_bc4bcc70-bda7-11ef-870d-02a6845b4b32', 'terminal': 'my terminal'}
2024-12-19 09:22:39 - be.model.user - INFO - 尝试登录用户：test_add_books_seller_id_bc4bcc70-bda7-11ef-870d-02a6845b4b32，终端：my terminal
2024-12-19 09:22:39 - be.model.user - INFO - 为用户 test_add_books_seller_id_bc4bcc70-bda7-11ef-870d-02a6845b4b32 生成新token，终端：my terminal
2024-12-19 09:22:39 - be.model.user - INFO - 用户登录成功：test_add_books_seller_id_bc4bcc70-bda7-11ef-870d-02a6845b4b32
2024-12-19 09:22:39 - be.view.auth - INFO - 登录处理结果: 200
2024-12-19 09:22:39 - werkzeug - INFO - 127.0.0.1 - - [19/Dec/2024 09:22:39] "POST /auth/login HTTP/1.1" 200 -
2024-12-19 09:22:39 - be.model.seller - INFO - 商店创建成功: test_add_books_store_id_bc4bce82-bda7-11ef-870d-02a6845b4b32
2024-12-19 09:22:39 - werkzeug - INFO - 127.0.0.1 - - [19/Dec/2024 09:22:39] "POST /seller/create_store HTTP/1.1" 200 -
2024-12-19 09:22:40 - be.model.seller - WARNING - 商店不存在: test_add_books_store_id_bc4bce82-bda7-11ef-870d-02a6845b4b32x
2024-12-19 09:22:40 - werkzeug - INFO - 127.0.0.1 - - [19/Dec/2024 09:22:40] "[33mPOST /seller/add_book HTTP/1.1[0m" 404 -
2024-12-19 09:22:40 - be.model.seller - WARNING - 商店不存在: test_add_books_store_id_bc4bce82-bda7-11ef-870d-02a6845b4b32x
2024-12-19 09:22:41 - werkzeug - INFO - 127.0.0.1 - - [19/Dec/2024 09:22:41] "[33mPOST /seller/add_book HTTP/1.1[0m" 404 -
2024-12-19 09:22:41 - be.view.auth - INFO - 收到注册请求: {'user_id': 'test_add_books_seller_id_bda63344-bda7-11ef-870d-02a6845b4b32', 'password': 'test_add_books_seller_id_bda63344-bda7-11ef-870d-02a6845b4b32'}
2024-12-19 09:22:41 - be.model.user - INFO - 尝试注册新用户：test_add_books_seller_id_bda63344-bda7-11ef-870d-02a6845b4b32
2024-12-19 09:22:41 - be.model.user - INFO - 加密密码...
2024-12-19 09:22:41 - be.model.user - INFO - 创建新用户...
2024-12-19 09:22:41 - be.model.user - INFO - 添加用户到数据库...
2024-12-19 09:22:41 - be.model.user - INFO - 用户注册成功：test_add_books_seller_id_bda63344-bda7-11ef-870d-02a6845b4b32
2024-12-19 09:22:41 - be.view.auth - INFO - 注册处理结果: 200
2024-12-19 09:22:41 - werkzeug - INFO - 127.0.0.1 - - [19/Dec/2024 09:22:41] "POST /auth/register HTTP/1.1" 200 -
2024-12-19 09:22:41 - be.view.auth - INFO - 收到登录请求: {'user_id': 'test_add_books_seller_id_bda63344-bda7-11ef-870d-02a6845b4b32', 'password': 'test_add_books_seller_id_bda63344-bda7-11ef-870d-02a6845b4b32', 'terminal': 'my terminal'}
2024-12-19 09:22:41 - be.model.user - INFO - 尝试登录用户：test_add_books_seller_id_bda63344-bda7-11ef-870d-02a6845b4b32，终端：my terminal
2024-12-19 09:22:41 - be.model.user - INFO - 为用户 test_add_books_seller_id_bda63344-bda7-11ef-870d-02a6845b4b32 生成新token，终端：my terminal
2024-12-19 09:22:41 - be.model.user - INFO - 用户登录成功：test_add_books_seller_id_bda63344-bda7-11ef-870d-02a6845b4b32
2024-12-19 09:22:41 - be.view.auth - INFO - 登录处理结果: 200
2024-12-19 09:22:41 - werkzeug - INFO - 127.0.0.1 - - [19/Dec/2024 09:22:41] "POST /auth/login HTTP/1.1" 200 -
2024-12-19 09:22:41 - be.model.seller - INFO - 商店创建成功: test_add_books_store_id_bda635a6-bda7-11ef-870d-02a6845b4b32
2024-12-19 09:22:41 - werkzeug - INFO - 127.0.0.1 - - [19/Dec/2024 09:22:41] "POST /seller/create_store HTTP/1.1" 200 -
2024-12-19 09:22:43 - be.model.seller - ERROR - 添加图书失败: (pymysql.err.IntegrityError) (1062, "Duplicate entry '1000067' for key 'books.PRIMARY'")
[SQL: INSERT INTO books (book_id, store_id, title, author, publisher, original_price, price, stock_level) VALUES (%(book_id)s, %(store_id)s, %(title)s, %(author)s, %(publisher)s, %(original_price)s, %(price)s, %(stock_level)s)]
[parameters: {'book_id': '1000067', 'store_id': 'test_add_books_store_id_bda635a6-bda7-11ef-870d-02a6845b4b32', 'title': '美丽心灵', 'author': '[美] 西尔维娅·娜萨', 'publisher': '上海科技教育出版社', 'original_price': 0.0, 'price': 3879.0, 'stock_level': 0}]
(Background on this error at: https://sqlalche.me/e/20/gkpj)
2024-12-19 09:22:43 - werkzeug - INFO - 127.0.0.1 - - [19/Dec/2024 09:22:43] "[35m[1mPOST /seller/add_book HTTP/1.1[0m" 500 -
2024-12-19 09:22:43 - be.view.auth - INFO - 收到注册请求: {'user_id': 'test_add_books_seller_id_bf105d5e-bda7-11ef-870d-02a6845b4b32', 'password': 'test_add_books_seller_id_bf105d5e-bda7-11ef-870d-02a6845b4b32'}
2024-12-19 09:22:43 - be.model.user - INFO - 尝试注册新用户：test_add_books_seller_id_bf105d5e-bda7-11ef-870d-02a6845b4b32
2024-12-19 09:22:43 - be.model.user - INFO - 加密密码...
2024-12-19 09:22:43 - be.model.user - INFO - 创建新用户...
2024-12-19 09:22:43 - be.model.user - INFO - 添加用户到数据库...
2024-12-19 09:22:43 - be.model.user - INFO - 用户注册成功：test_add_books_seller_id_bf105d5e-bda7-11ef-870d-02a6845b4b32
2024-12-19 09:22:43 - be.view.auth - INFO - 注册处理结果: 200
2024-12-19 09:22:43 - werkzeug - INFO - 127.0.0.1 - - [19/Dec/2024 09:22:43] "POST /auth/register HTTP/1.1" 200 -
2024-12-19 09:22:43 - be.view.auth - INFO - 收到登录请求: {'user_id': 'test_add_books_seller_id_bf105d5e-bda7-11ef-870d-02a6845b4b32', 'password': 'test_add_books_seller_id_bf105d5e-bda7-11ef-870d-02a6845b4b32', 'terminal': 'my terminal'}
2024-12-19 09:22:43 - be.model.user - INFO - 尝试登录用户：test_add_books_seller_id_bf105d5e-bda7-11ef-870d-02a6845b4b32，终端：my terminal
2024-12-19 09:22:43 - be.model.user - INFO - 为用户 test_add_books_seller_id_bf105d5e-bda7-11ef-870d-02a6845b4b32 生成新token，终端：my terminal
2024-12-19 09:22:43 - be.model.user - INFO - 用户登录成功：test_add_books_seller_id_bf105d5e-bda7-11ef-870d-02a6845b4b32
2024-12-19 09:22:44 - be.view.auth - INFO - 登录处理结果: 200
2024-12-19 09:22:44 - werkzeug - INFO - 127.0.0.1 - - [19/Dec/2024 09:22:44] "POST /auth/login HTTP/1.1" 200 -
2024-12-19 09:22:44 - be.model.seller - INFO - 商店创建成功: test_add_books_store_id_bf105e58-bda7-11ef-870d-02a6845b4b32
2024-12-19 09:22:44 - werkzeug - INFO - 127.0.0.1 - - [19/Dec/2024 09:22:44] "POST /seller/create_store HTTP/1.1" 200 -
2024-12-19 09:22:45 - be.model.seller - WARNING - 用户不存在: test_add_books_seller_id_bf105d5e-bda7-11ef-870d-02a6845b4b32_x
2024-12-19 09:22:45 - werkzeug - INFO - 127.0.0.1 - - [19/Dec/2024 09:22:45] "[33mPOST /seller/add_book HTTP/1.1[0m" 404 -
2024-12-19 09:22:45 - be.model.seller - WARNING - 用户不存在: test_add_books_seller_id_bf105d5e-bda7-11ef-870d-02a6845b4b32_x_x
2024-12-19 09:22:45 - werkzeug - INFO - 127.0.0.1 - - [19/Dec/2024 09:22:45] "[33mPOST /seller/add_book HTTP/1.1[0m" 404 -
2024-12-19 09:22:45 - be.view.auth - INFO - 收到注册请求: {'user_id': 'test_add_book_stock_level1_user_c08a37f4-bda7-11ef-870d-02a6845b4b32', 'password': 'test_add_book_stock_level1_user_c08a37f4-bda7-11ef-870d-02a6845b4b32'}
2024-12-19 09:22:45 - be.model.user - INFO - 尝试注册新用户：test_add_book_stock_level1_user_c08a37f4-bda7-11ef-870d-02a6845b4b32
2024-12-19 09:22:46 - be.model.user - INFO - 加密密码...
2024-12-19 09:22:46 - be.model.user - INFO - 创建新用户...
2024-12-19 09:22:46 - be.model.user - INFO - 添加用户到数据库...
2024-12-19 09:22:46 - be.model.user - INFO - 用户注册成功：test_add_book_stock_level1_user_c08a37f4-bda7-11ef-870d-02a6845b4b32
2024-12-19 09:22:46 - be.view.auth - INFO - 注册处理结果: 200
2024-12-19 09:22:46 - werkzeug - INFO - 127.0.0.1 - - [19/Dec/2024 09:22:46] "POST /auth/register HTTP/1.1" 200 -
2024-12-19 09:22:46 - be.view.auth - INFO - 收到登录请求: {'user_id': 'test_add_book_stock_level1_user_c08a37f4-bda7-11ef-870d-02a6845b4b32', 'password': 'test_add_book_stock_level1_user_c08a37f4-bda7-11ef-870d-02a6845b4b32', 'terminal': 'my terminal'}
2024-12-19 09:22:46 - be.model.user - INFO - 尝试登录用户：test_add_book_stock_level1_user_c08a37f4-bda7-11ef-870d-02a6845b4b32，终端：my terminal
2024-12-19 09:22:46 - be.model.user - INFO - 为用户 test_add_book_stock_level1_user_c08a37f4-bda7-11ef-870d-02a6845b4b32 生成新token，终端：my terminal
2024-12-19 09:22:46 - be.model.user - INFO - 用户登录成功：test_add_book_stock_level1_user_c08a37f4-bda7-11ef-870d-02a6845b4b32
2024-12-19 09:22:46 - be.view.auth - INFO - 登录处理结果: 200
2024-12-19 09:22:46 - werkzeug - INFO - 127.0.0.1 - - [19/Dec/2024 09:22:46] "POST /auth/login HTTP/1.1" 200 -
2024-12-19 09:22:46 - be.model.seller - INFO - 商店创建成功: test_add_book_stock_level1_store_c08a3a24-bda7-11ef-870d-02a6845b4b32
2024-12-19 09:22:46 - werkzeug - INFO - 127.0.0.1 - - [19/Dec/2024 09:22:46] "POST /seller/create_store HTTP/1.1" 200 -
2024-12-19 09:22:48 - be.model.seller - ERROR - 添加图书失败: (pymysql.err.IntegrityError) (1062, "Duplicate entry '1000067' for key 'books.PRIMARY'")
[SQL: INSERT INTO books (book_id, store_id, title, author, publisher, original_price, price, stock_level) VALUES (%(book_id)s, %(store_id)s, %(title)s, %(author)s, %(publisher)s, %(original_price)s, %(price)s, %(stock_level)s)]
[parameters: {'book_id': '1000067', 'store_id': 'test_add_book_stock_level1_store_c08a3a24-bda7-11ef-870d-02a6845b4b32', 'title': '美丽心灵', 'author': '[美] 西尔维娅·娜萨', 'publisher': '上海科技教育出版社', 'original_price': 0.0, 'price': 3879.0, 'stock_level': 0}]
(Background on this error at: https://sqlalche.me/e/20/gkpj)
2024-12-19 09:22:48 - werkzeug - INFO - 127.0.0.1 - - [19/Dec/2024 09:22:48] "[35m[1mPOST /seller/add_book HTTP/1.1[0m" 500 -
2024-12-19 09:22:48 - be.view.auth - INFO - 收到注册请求: {'user_id': 'test_add_book_stock_level1_user_c1e809d2-bda7-11ef-870d-02a6845b4b32', 'password': 'test_add_book_stock_level1_user_c1e809d2-bda7-11ef-870d-02a6845b4b32'}
2024-12-19 09:22:48 - be.model.user - INFO - 尝试注册新用户：test_add_book_stock_level1_user_c1e809d2-bda7-11ef-870d-02a6845b4b32
2024-12-19 09:22:48 - be.model.user - INFO - 加密密码...
2024-12-19 09:22:48 - be.model.user - INFO - 创建新用户...
2024-12-19 09:22:48 - be.model.user - INFO - 添加用户到数据库...
2024-12-19 09:22:48 - be.model.user - INFO - 用户注册成功：test_add_book_stock_level1_user_c1e809d2-bda7-11ef-870d-02a6845b4b32
2024-12-19 09:22:48 - be.view.auth - INFO - 注册处理结果: 200
2024-12-19 09:22:48 - werkzeug - INFO - 127.0.0.1 - - [19/Dec/2024 09:22:48] "POST /auth/register HTTP/1.1" 200 -
2024-12-19 09:22:48 - be.view.auth - INFO - 收到登录请求: {'user_id': 'test_add_book_stock_level1_user_c1e809d2-bda7-11ef-870d-02a6845b4b32', 'password': 'test_add_book_stock_level1_user_c1e809d2-bda7-11ef-870d-02a6845b4b32', 'terminal': 'my terminal'}
2024-12-19 09:22:48 - be.model.user - INFO - 尝试登录用户：test_add_book_stock_level1_user_c1e809d2-bda7-11ef-870d-02a6845b4b32，终端：my terminal
2024-12-19 09:22:48 - be.model.user - INFO - 为用户 test_add_book_stock_level1_user_c1e809d2-bda7-11ef-870d-02a6845b4b32 生成新token，终端：my terminal
2024-12-19 09:22:48 - be.model.user - INFO - 用户登录成功：test_add_book_stock_level1_user_c1e809d2-bda7-11ef-870d-02a6845b4b32
2024-12-19 09:22:48 - be.view.auth - INFO - 登录处理结果: 200
2024-12-19 09:22:48 - werkzeug - INFO - 127.0.0.1 - - [19/Dec/2024 09:22:48] "POST /auth/login HTTP/1.1" 200 -
2024-12-19 09:22:49 - be.model.seller - INFO - 商店创建成功: test_add_book_stock_level1_store_c1e80b9e-bda7-11ef-870d-02a6845b4b32
2024-12-19 09:22:49 - werkzeug - INFO - 127.0.0.1 - - [19/Dec/2024 09:22:49] "POST /seller/create_store HTTP/1.1" 200 -
2024-12-19 09:22:50 - be.model.seller - ERROR - 添加图书失败: (pymysql.err.IntegrityError) (1062, "Duplicate entry '1000067' for key 'books.PRIMARY'")
[SQL: INSERT INTO books (book_id, store_id, title, author, publisher, original_price, price, stock_level) VALUES (%(book_id)s, %(store_id)s, %(title)s, %(author)s, %(publisher)s, %(original_price)s, %(price)s, %(stock_level)s)]
[parameters: {'book_id': '1000067', 'store_id': 'test_add_book_stock_level1_store_c1e80b9e-bda7-11ef-870d-02a6845b4b32', 'title': '美丽心灵', 'author': '[美] 西尔维娅·娜萨', 'publisher': '上海科技教育出版社', 'original_price': 0.0, 'price': 3879.0, 'stock_level': 0}]
(Background on this error at: https://sqlalche.me/e/20/gkpj)
2024-12-19 09:22:50 - werkzeug - INFO - 127.0.0.1 - - [19/Dec/2024 09:22:50] "[35m[1mPOST /seller/add_book HTTP/1.1[0m" 500 -
2024-12-19 09:22:50 - be.view.auth - INFO - 收到注册请求: {'user_id': 'test_add_book_stock_level1_user_c35cd9d2-bda7-11ef-870d-02a6845b4b32', 'password': 'test_add_book_stock_level1_user_c35cd9d2-bda7-11ef-870d-02a6845b4b32'}
2024-12-19 09:22:50 - be.model.user - INFO - 尝试注册新用户：test_add_book_stock_level1_user_c35cd9d2-bda7-11ef-870d-02a6845b4b32
2024-12-19 09:22:50 - be.model.user - INFO - 加密密码...
2024-12-19 09:22:50 - be.model.user - INFO - 创建新用户...
2024-12-19 09:22:50 - be.model.user - INFO - 添加用户到数据库...
2024-12-19 09:22:50 - be.model.user - INFO - 用户注册成功：test_add_book_stock_level1_user_c35cd9d2-bda7-11ef-870d-02a6845b4b32
2024-12-19 09:22:50 - be.view.auth - INFO - 注册处理结果: 200
2024-12-19 09:22:50 - werkzeug - INFO - 127.0.0.1 - - [19/Dec/2024 09:22:50] "POST /auth/register HTTP/1.1" 200 -
2024-12-19 09:22:50 - be.view.auth - INFO - 收到登录请求: {'user_id': 'test_add_book_stock_level1_user_c35cd9d2-bda7-11ef-870d-02a6845b4b32', 'password': 'test_add_book_stock_level1_user_c35cd9d2-bda7-11ef-870d-02a6845b4b32', 'terminal': 'my terminal'}
2024-12-19 09:22:50 - be.model.user - INFO - 尝试登录用户：test_add_book_stock_level1_user_c35cd9d2-bda7-11ef-870d-02a6845b4b32，终端：my terminal
2024-12-19 09:22:51 - be.model.user - INFO - 为用户 test_add_book_stock_level1_user_c35cd9d2-bda7-11ef-870d-02a6845b4b32 生成新token，终端：my terminal
2024-12-19 09:22:51 - be.model.user - INFO - 用户登录成功：test_add_book_stock_level1_user_c35cd9d2-bda7-11ef-870d-02a6845b4b32
2024-12-19 09:22:51 - be.view.auth - INFO - 登录处理结果: 200
2024-12-19 09:22:51 - werkzeug - INFO - 127.0.0.1 - - [19/Dec/2024 09:22:51] "POST /auth/login HTTP/1.1" 200 -
2024-12-19 09:22:51 - be.model.seller - INFO - 商店创建成功: test_add_book_stock_level1_store_c35cdbb2-bda7-11ef-870d-02a6845b4b32
2024-12-19 09:22:51 - werkzeug - INFO - 127.0.0.1 - - [19/Dec/2024 09:22:51] "POST /seller/create_store HTTP/1.1" 200 -
2024-12-19 09:22:53 - be.model.seller - ERROR - 添加图书失败: (pymysql.err.IntegrityError) (1062, "Duplicate entry '1000067' for key 'books.PRIMARY'")
[SQL: INSERT INTO books (book_id, store_id, title, author, publisher, original_price, price, stock_level) VALUES (%(book_id)s, %(store_id)s, %(title)s, %(author)s, %(publisher)s, %(original_price)s, %(price)s, %(stock_level)s)]
[parameters: {'book_id': '1000067', 'store_id': 'test_add_book_stock_level1_store_c35cdbb2-bda7-11ef-870d-02a6845b4b32', 'title': '美丽心灵', 'author': '[美] 西尔维娅·娜萨', 'publisher': '上海科技教育出版社', 'original_price': 0.0, 'price': 3879.0, 'stock_level': 0}]
(Background on this error at: https://sqlalche.me/e/20/gkpj)
2024-12-19 09:22:53 - werkzeug - INFO - 127.0.0.1 - - [19/Dec/2024 09:22:53] "[35m[1mPOST /seller/add_book HTTP/1.1[0m" 500 -
2024-12-19 09:22:53 - be.view.auth - INFO - 收到注册请求: {'user_id': 'test_add_book_stock_level1_user_c4cd2402-bda7-11ef-870d-02a6845b4b32', 'password': 'test_add_book_stock_level1_user_c4cd2402-bda7-11ef-870d-02a6845b4b32'}
2024-12-19 09:22:53 - be.model.user - INFO - 尝试注册新用户：test_add_book_stock_level1_user_c4cd2402-bda7-11ef-870d-02a6845b4b32
2024-12-19 09:22:53 - be.model.user - INFO - 加密密码...
2024-12-19 09:22:53 - be.model.user - INFO - 创建新用户...
2024-12-19 09:22:53 - be.model.user - INFO - 添加用户到数据库...
2024-12-19 09:22:53 - be.model.user - INFO - 用户注册成功：test_add_book_stock_level1_user_c4cd2402-bda7-11ef-870d-02a6845b4b32
2024-12-19 09:22:53 - be.view.auth - INFO - 注册处理结果: 200
2024-12-19 09:22:53 - werkzeug - INFO - 127.0.0.1 - - [19/Dec/2024 09:22:53] "POST /auth/register HTTP/1.1" 200 -
2024-12-19 09:22:53 - be.view.auth - INFO - 收到登录请求: {'user_id': 'test_add_book_stock_level1_user_c4cd2402-bda7-11ef-870d-02a6845b4b32', 'password': 'test_add_book_stock_level1_user_c4cd2402-bda7-11ef-870d-02a6845b4b32', 'terminal': 'my terminal'}
2024-12-19 09:22:53 - be.model.user - INFO - 尝试登录用户：test_add_book_stock_level1_user_c4cd2402-bda7-11ef-870d-02a6845b4b32，终端：my terminal
2024-12-19 09:22:53 - be.model.user - INFO - 为用户 test_add_book_stock_level1_user_c4cd2402-bda7-11ef-870d-02a6845b4b32 生成新token，终端：my terminal
2024-12-19 09:22:53 - be.model.user - INFO - 用户登录成功：test_add_book_stock_level1_user_c4cd2402-bda7-11ef-870d-02a6845b4b32
2024-12-19 09:22:53 - be.view.auth - INFO - 登录处理结果: 200
2024-12-19 09:22:53 - werkzeug - INFO - 127.0.0.1 - - [19/Dec/2024 09:22:53] "POST /auth/login HTTP/1.1" 200 -
2024-12-19 09:22:54 - be.model.seller - INFO - 商店创建成功: test_add_book_stock_level1_store_c4cd263c-bda7-11ef-870d-02a6845b4b32
2024-12-19 09:22:54 - werkzeug - INFO - 127.0.0.1 - - [19/Dec/2024 09:22:54] "POST /seller/create_store HTTP/1.1" 200 -
2024-12-19 09:22:55 - be.model.seller - ERROR - 添加图书失败: (pymysql.err.IntegrityError) (1062, "Duplicate entry '1000067' for key 'books.PRIMARY'")
[SQL: INSERT INTO books (book_id, store_id, title, author, publisher, original_price, price, stock_level) VALUES (%(book_id)s, %(store_id)s, %(title)s, %(author)s, %(publisher)s, %(original_price)s, %(price)s, %(stock_level)s)]
[parameters: {'book_id': '1000067', 'store_id': 'test_add_book_stock_level1_store_c4cd263c-bda7-11ef-870d-02a6845b4b32', 'title': '美丽心灵', 'author': '[美] 西尔维娅·娜萨', 'publisher': '上海科技教育出版社', 'original_price': 0.0, 'price': 3879.0, 'stock_level': 0}]
(Background on this error at: https://sqlalche.me/e/20/gkpj)
2024-12-19 09:22:55 - werkzeug - INFO - 127.0.0.1 - - [19/Dec/2024 09:22:55] "[35m[1mPOST /seller/add_book HTTP/1.1[0m" 500 -
2024-12-19 09:22:55 - be.view.auth - INFO - 收到注册请求: {'user_id': 'test_new_order_buyer_id_c6346c56-bda7-11ef-870d-02a6845b4b32', 'password': 'test_new_order_seller_id_c6346a4e-bda7-11ef-870d-02a6845b4b32'}
2024-12-19 09:22:55 - be.model.user - INFO - 尝试注册新用户：test_new_order_buyer_id_c6346c56-bda7-11ef-870d-02a6845b4b32
2024-12-19 09:22:55 - be.model.user - INFO - 加密密码...
2024-12-19 09:22:55 - be.model.user - INFO - 创建新用户...
2024-12-19 09:22:55 - be.model.user - INFO - 添加用户到数据库...
2024-12-19 09:22:55 - be.model.user - INFO - 用户注册成功：test_new_order_buyer_id_c6346c56-bda7-11ef-870d-02a6845b4b32
2024-12-19 09:22:55 - be.view.auth - INFO - 注册处理结果: 200
2024-12-19 09:22:55 - werkzeug - INFO - 127.0.0.1 - - [19/Dec/2024 09:22:55] "POST /auth/register HTTP/1.1" 200 -
2024-12-19 09:22:55 - be.view.auth - INFO - 收到登录请求: {'user_id': 'test_new_order_buyer_id_c6346c56-bda7-11ef-870d-02a6845b4b32', 'password': 'test_new_order_seller_id_c6346a4e-bda7-11ef-870d-02a6845b4b32', 'terminal': 'my terminal'}
2024-12-19 09:22:55 - be.model.user - INFO - 尝试登录用户：test_new_order_buyer_id_c6346c56-bda7-11ef-870d-02a6845b4b32，终端：my terminal
2024-12-19 09:22:55 - be.model.user - INFO - 为用户 test_new_order_buyer_id_c6346c56-bda7-11ef-870d-02a6845b4b32 生成新token，终端：my terminal
2024-12-19 09:22:55 - be.model.user - INFO - 用户登录成功：test_new_order_buyer_id_c6346c56-bda7-11ef-870d-02a6845b4b32
2024-12-19 09:22:55 - be.view.auth - INFO - 登录处理结果: 200
2024-12-19 09:22:55 - werkzeug - INFO - 127.0.0.1 - - [19/Dec/2024 09:22:55] "POST /auth/login HTTP/1.1" 200 -
2024-12-19 09:22:55 - be.view.auth - INFO - 收到注册请求: {'user_id': 'test_new_order_seller_id_c6346a4e-bda7-11ef-870d-02a6845b4b32', 'password': 'test_new_order_seller_id_c6346a4e-bda7-11ef-870d-02a6845b4b32'}
2024-12-19 09:22:55 - be.model.user - INFO - 尝试注册新用户：test_new_order_seller_id_c6346a4e-bda7-11ef-870d-02a6845b4b32
2024-12-19 09:22:56 - be.model.user - INFO - 加密密码...
2024-12-19 09:22:56 - be.model.user - INFO - 创建新用户...
2024-12-19 09:22:56 - be.model.user - INFO - 添加用户到数据库...
2024-12-19 09:22:56 - be.model.user - INFO - 用户注册成功：test_new_order_seller_id_c6346a4e-bda7-11ef-870d-02a6845b4b32
2024-12-19 09:22:56 - be.view.auth - INFO - 注册处理结果: 200
2024-12-19 09:22:56 - werkzeug - INFO - 127.0.0.1 - - [19/Dec/2024 09:22:56] "POST /auth/register HTTP/1.1" 200 -
2024-12-19 09:22:56 - be.view.auth - INFO - 收到登录请求: {'user_id': 'test_new_order_seller_id_c6346a4e-bda7-11ef-870d-02a6845b4b32', 'password': 'test_new_order_seller_id_c6346a4e-bda7-11ef-870d-02a6845b4b32', 'terminal': 'my terminal'}
2024-12-19 09:22:56 - be.model.user - INFO - 尝试登录用户：test_new_order_seller_id_c6346a4e-bda7-11ef-870d-02a6845b4b32，终端：my terminal
2024-12-19 09:22:56 - be.model.user - INFO - 为用户 test_new_order_seller_id_c6346a4e-bda7-11ef-870d-02a6845b4b32 生成新token，终端：my terminal
2024-12-19 09:22:56 - be.model.user - INFO - 用户登录成功：test_new_order_seller_id_c6346a4e-bda7-11ef-870d-02a6845b4b32
2024-12-19 09:22:56 - be.view.auth - INFO - 登录处理结果: 200
2024-12-19 09:22:56 - werkzeug - INFO - 127.0.0.1 - - [19/Dec/2024 09:22:56] "POST /auth/login HTTP/1.1" 200 -
2024-12-19 09:22:56 - be.model.seller - INFO - 商店创建成功: test_new_order_store_id_c6346c1a-bda7-11ef-870d-02a6845b4b32
2024-12-19 09:22:56 - werkzeug - INFO - 127.0.0.1 - - [19/Dec/2024 09:22:56] "POST /seller/create_store HTTP/1.1" 200 -
2024-12-19 09:22:58 - be.model.seller - ERROR - 添加图书失败: (pymysql.err.IntegrityError) (1062, "Duplicate entry '1000067' for key 'books.PRIMARY'")
[SQL: INSERT INTO books (book_id, store_id, title, author, publisher, original_price, price, stock_level) VALUES (%(book_id)s, %(store_id)s, %(title)s, %(author)s, %(publisher)s, %(original_price)s, %(price)s, %(stock_level)s)]
[parameters: {'book_id': '1000067', 'store_id': 'test_new_order_store_id_c6346c1a-bda7-11ef-870d-02a6845b4b32', 'title': '美丽心灵', 'author': '[美] 西尔维娅·娜萨', 'publisher': '上海科技教育出版社', 'original_price': 0.0, 'price': 3879.0, 'stock_level': 85}]
(Background on this error at: https://sqlalche.me/e/20/gkpj)
2024-12-19 09:22:58 - werkzeug - INFO - 127.0.0.1 - - [19/Dec/2024 09:22:58] "[35m[1mPOST /seller/add_book HTTP/1.1[0m" 500 -
2024-12-19 09:22:58 - be.view.auth - INFO - 收到注册请求: {'user_id': 'test_new_order_buyer_id_c8429d92-bda7-11ef-870d-02a6845b4b32', 'password': 'test_new_order_seller_id_c8429c5c-bda7-11ef-870d-02a6845b4b32'}
2024-12-19 09:22:58 - be.model.user - INFO - 尝试注册新用户：test_new_order_buyer_id_c8429d92-bda7-11ef-870d-02a6845b4b32
2024-12-19 09:22:59 - be.model.user - INFO - 加密密码...
2024-12-19 09:22:59 - be.model.user - INFO - 创建新用户...
2024-12-19 09:22:59 - be.model.user - INFO - 添加用户到数据库...
2024-12-19 09:22:59 - be.model.user - INFO - 用户注册成功：test_new_order_buyer_id_c8429d92-bda7-11ef-870d-02a6845b4b32
2024-12-19 09:22:59 - be.view.auth - INFO - 注册处理结果: 200
2024-12-19 09:22:59 - werkzeug - INFO - 127.0.0.1 - - [19/Dec/2024 09:22:59] "POST /auth/register HTTP/1.1" 200 -
2024-12-19 09:22:59 - be.view.auth - INFO - 收到登录请求: {'user_id': 'test_new_order_buyer_id_c8429d92-bda7-11ef-870d-02a6845b4b32', 'password': 'test_new_order_seller_id_c8429c5c-bda7-11ef-870d-02a6845b4b32', 'terminal': 'my terminal'}
2024-12-19 09:22:59 - be.model.user - INFO - 尝试登录用户：test_new_order_buyer_id_c8429d92-bda7-11ef-870d-02a6845b4b32，终端：my terminal
2024-12-19 09:22:59 - be.model.user - INFO - 为用户 test_new_order_buyer_id_c8429d92-bda7-11ef-870d-02a6845b4b32 生成新token，终端：my terminal
2024-12-19 09:22:59 - be.model.user - INFO - 用户登录成功：test_new_order_buyer_id_c8429d92-bda7-11ef-870d-02a6845b4b32
2024-12-19 09:22:59 - be.view.auth - INFO - 登录处理结果: 200
2024-12-19 09:22:59 - werkzeug - INFO - 127.0.0.1 - - [19/Dec/2024 09:22:59] "POST /auth/login HTTP/1.1" 200 -
2024-12-19 09:22:59 - be.view.auth - INFO - 收到注册请求: {'user_id': 'test_new_order_seller_id_c8429c5c-bda7-11ef-870d-02a6845b4b32', 'password': 'test_new_order_seller_id_c8429c5c-bda7-11ef-870d-02a6845b4b32'}
2024-12-19 09:22:59 - be.model.user - INFO - 尝试注册新用户：test_new_order_seller_id_c8429c5c-bda7-11ef-870d-02a6845b4b32
2024-12-19 09:22:59 - be.model.user - INFO - 加密密码...
2024-12-19 09:22:59 - be.model.user - INFO - 创建新用户...
2024-12-19 09:22:59 - be.model.user - INFO - 添加用户到数据库...
2024-12-19 09:22:59 - be.model.user - INFO - 用户注册成功：test_new_order_seller_id_c8429c5c-bda7-11ef-870d-02a6845b4b32
2024-12-19 09:22:59 - be.view.auth - INFO - 注册处理结果: 200
2024-12-19 09:22:59 - werkzeug - INFO - 127.0.0.1 - - [19/Dec/2024 09:22:59] "POST /auth/register HTTP/1.1" 200 -
2024-12-19 09:22:59 - be.view.auth - INFO - 收到登录请求: {'user_id': 'test_new_order_seller_id_c8429c5c-bda7-11ef-870d-02a6845b4b32', 'password': 'test_new_order_seller_id_c8429c5c-bda7-11ef-870d-02a6845b4b32', 'terminal': 'my terminal'}
2024-12-19 09:22:59 - be.model.user - INFO - 尝试登录用户：test_new_order_seller_id_c8429c5c-bda7-11ef-870d-02a6845b4b32，终端：my terminal
2024-12-19 09:22:59 - be.model.user - INFO - 为用户 test_new_order_seller_id_c8429c5c-bda7-11ef-870d-02a6845b4b32 生成新token，终端：my terminal
2024-12-19 09:22:59 - be.model.user - INFO - 用户登录成功：test_new_order_seller_id_c8429c5c-bda7-11ef-870d-02a6845b4b32
2024-12-19 09:22:59 - be.view.auth - INFO - 登录处理结果: 200
2024-12-19 09:22:59 - werkzeug - INFO - 127.0.0.1 - - [19/Dec/2024 09:22:59] "POST /auth/login HTTP/1.1" 200 -
2024-12-19 09:23:00 - be.model.seller - INFO - 商店创建成功: test_new_order_store_id_c8429d56-bda7-11ef-870d-02a6845b4b32
2024-12-19 09:23:00 - werkzeug - INFO - 127.0.0.1 - - [19/Dec/2024 09:23:00] "POST /seller/create_store HTTP/1.1" 200 -
2024-12-19 09:23:04 - be.model.seller - ERROR - 添加图书失败: (pymysql.err.IntegrityError) (1062, "Duplicate entry '1000067' for key 'books.PRIMARY'")
[SQL: INSERT INTO books (book_id, store_id, title, author, publisher, original_price, price, stock_level) VALUES (%(book_id)s, %(store_id)s, %(title)s, %(author)s, %(publisher)s, %(original_price)s, %(price)s, %(stock_level)s)]
[parameters: {'book_id': '1000067', 'store_id': 'test_new_order_store_id_c8429d56-bda7-11ef-870d-02a6845b4b32', 'title': '美丽心灵', 'author': '[美] 西尔维娅·娜萨', 'publisher': '上海科技教育出版社', 'original_price': 0.0, 'price': 3879.0, 'stock_level': 20}]
(Background on this error at: https://sqlalche.me/e/20/gkpj)
2024-12-19 09:23:04 - werkzeug - INFO - 127.0.0.1 - - [19/Dec/2024 09:23:04] "[35m[1mPOST /seller/add_book HTTP/1.1[0m" 500 -
2024-12-19 09:23:04 - be.view.auth - INFO - 收到注册请求: {'user_id': 'test_new_order_buyer_id_cbc8e660-bda7-11ef-870d-02a6845b4b32', 'password': 'test_new_order_seller_id_cbc8e520-bda7-11ef-870d-02a6845b4b32'}
2024-12-19 09:23:04 - be.model.user - INFO - 尝试注册新用户：test_new_order_buyer_id_cbc8e660-bda7-11ef-870d-02a6845b4b32
2024-12-19 09:23:04 - be.model.user - INFO - 加密密码...
2024-12-19 09:23:04 - be.model.user - INFO - 创建新用户...
2024-12-19 09:23:04 - be.model.user - INFO - 添加用户到数据库...
2024-12-19 09:23:05 - be.model.user - INFO - 用户注册成功：test_new_order_buyer_id_cbc8e660-bda7-11ef-870d-02a6845b4b32
2024-12-19 09:23:05 - be.view.auth - INFO - 注册处理结果: 200
2024-12-19 09:23:05 - werkzeug - INFO - 127.0.0.1 - - [19/Dec/2024 09:23:05] "POST /auth/register HTTP/1.1" 200 -
2024-12-19 09:23:05 - be.view.auth - INFO - 收到登录请求: {'user_id': 'test_new_order_buyer_id_cbc8e660-bda7-11ef-870d-02a6845b4b32', 'password': 'test_new_order_seller_id_cbc8e520-bda7-11ef-870d-02a6845b4b32', 'terminal': 'my terminal'}
2024-12-19 09:23:05 - be.model.user - INFO - 尝试登录用户：test_new_order_buyer_id_cbc8e660-bda7-11ef-870d-02a6845b4b32，终端：my terminal
2024-12-19 09:23:05 - be.model.user - INFO - 为用户 test_new_order_buyer_id_cbc8e660-bda7-11ef-870d-02a6845b4b32 生成新token，终端：my terminal
2024-12-19 09:23:05 - be.model.user - INFO - 用户登录成功：test_new_order_buyer_id_cbc8e660-bda7-11ef-870d-02a6845b4b32
2024-12-19 09:23:05 - be.view.auth - INFO - 登录处理结果: 200
2024-12-19 09:23:05 - werkzeug - INFO - 127.0.0.1 - - [19/Dec/2024 09:23:05] "POST /auth/login HTTP/1.1" 200 -
2024-12-19 09:23:05 - be.view.auth - INFO - 收到注册请求: {'user_id': 'test_new_order_seller_id_cbc8e520-bda7-11ef-870d-02a6845b4b32', 'password': 'test_new_order_seller_id_cbc8e520-bda7-11ef-870d-02a6845b4b32'}
2024-12-19 09:23:05 - be.model.user - INFO - 尝试注册新用户：test_new_order_seller_id_cbc8e520-bda7-11ef-870d-02a6845b4b32
2024-12-19 09:23:05 - be.model.user - INFO - 加密密码...
2024-12-19 09:23:05 - be.model.user - INFO - 创建新用户...
2024-12-19 09:23:05 - be.model.user - INFO - 添加用户到数据库...
2024-12-19 09:23:05 - be.model.user - INFO - 用户注册成功：test_new_order_seller_id_cbc8e520-bda7-11ef-870d-02a6845b4b32
2024-12-19 09:23:05 - be.view.auth - INFO - 注册处理结果: 200
2024-12-19 09:23:05 - werkzeug - INFO - 127.0.0.1 - - [19/Dec/2024 09:23:05] "POST /auth/register HTTP/1.1" 200 -
2024-12-19 09:23:05 - be.view.auth - INFO - 收到登录请求: {'user_id': 'test_new_order_seller_id_cbc8e520-bda7-11ef-870d-02a6845b4b32', 'password': 'test_new_order_seller_id_cbc8e520-bda7-11ef-870d-02a6845b4b32', 'terminal': 'my terminal'}
2024-12-19 09:23:05 - be.model.user - INFO - 尝试登录用户：test_new_order_seller_id_cbc8e520-bda7-11ef-870d-02a6845b4b32，终端：my terminal
2024-12-19 09:23:05 - be.model.user - INFO - 为用户 test_new_order_seller_id_cbc8e520-bda7-11ef-870d-02a6845b4b32 生成新token，终端：my terminal
2024-12-19 09:23:05 - be.model.user - INFO - 用户登录成功：test_new_order_seller_id_cbc8e520-bda7-11ef-870d-02a6845b4b32
2024-12-19 09:23:05 - be.view.auth - INFO - 登录处理结果: 200
2024-12-19 09:23:05 - werkzeug - INFO - 127.0.0.1 - - [19/Dec/2024 09:23:05] "POST /auth/login HTTP/1.1" 200 -
2024-12-19 09:23:06 - be.model.seller - INFO - 商店创建成功: test_new_order_store_id_cbc8e624-bda7-11ef-870d-02a6845b4b32
2024-12-19 09:23:06 - werkzeug - INFO - 127.0.0.1 - - [19/Dec/2024 09:23:06] "POST /seller/create_store HTTP/1.1" 200 -
2024-12-19 09:23:07 - be.model.seller - ERROR - 添加图书失败: (pymysql.err.IntegrityError) (1062, "Duplicate entry '1000067' for key 'books.PRIMARY'")
[SQL: INSERT INTO books (book_id, store_id, title, author, publisher, original_price, price, stock_level) VALUES (%(book_id)s, %(store_id)s, %(title)s, %(author)s, %(publisher)s, %(original_price)s, %(price)s, %(stock_level)s)]
[parameters: {'book_id': '1000067', 'store_id': 'test_new_order_store_id_cbc8e624-bda7-11ef-870d-02a6845b4b32', 'title': '美丽心灵', 'author': '[美] 西尔维娅·娜萨', 'publisher': '上海科技教育出版社', 'original_price': 0.0, 'price': 3879.0, 'stock_level': 14}]
(Background on this error at: https://sqlalche.me/e/20/gkpj)
2024-12-19 09:23:07 - werkzeug - INFO - 127.0.0.1 - - [19/Dec/2024 09:23:07] "[35m[1mPOST /seller/add_book HTTP/1.1[0m" 500 -
2024-12-19 09:23:07 - be.view.auth - INFO - 收到注册请求: {'user_id': 'test_new_order_buyer_id_cdaefb40-bda7-11ef-870d-02a6845b4b32', 'password': 'test_new_order_seller_id_cdaef884-bda7-11ef-870d-02a6845b4b32'}
2024-12-19 09:23:07 - be.model.user - INFO - 尝试注册新用户：test_new_order_buyer_id_cdaefb40-bda7-11ef-870d-02a6845b4b32
2024-12-19 09:23:08 - be.model.user - INFO - 加密密码...
2024-12-19 09:23:08 - be.model.user - INFO - 创建新用户...
2024-12-19 09:23:08 - be.model.user - INFO - 添加用户到数据库...
2024-12-19 09:23:08 - be.model.user - INFO - 用户注册成功：test_new_order_buyer_id_cdaefb40-bda7-11ef-870d-02a6845b4b32
2024-12-19 09:23:08 - be.view.auth - INFO - 注册处理结果: 200
2024-12-19 09:23:08 - werkzeug - INFO - 127.0.0.1 - - [19/Dec/2024 09:23:08] "POST /auth/register HTTP/1.1" 200 -
2024-12-19 09:23:08 - be.view.auth - INFO - 收到登录请求: {'user_id': 'test_new_order_buyer_id_cdaefb40-bda7-11ef-870d-02a6845b4b32', 'password': 'test_new_order_seller_id_cdaef884-bda7-11ef-870d-02a6845b4b32', 'terminal': 'my terminal'}
2024-12-19 09:23:08 - be.model.user - INFO - 尝试登录用户：test_new_order_buyer_id_cdaefb40-bda7-11ef-870d-02a6845b4b32，终端：my terminal
2024-12-19 09:23:08 - be.model.user - INFO - 为用户 test_new_order_buyer_id_cdaefb40-bda7-11ef-870d-02a6845b4b32 生成新token，终端：my terminal
2024-12-19 09:23:08 - be.model.user - INFO - 用户登录成功：test_new_order_buyer_id_cdaefb40-bda7-11ef-870d-02a6845b4b32
2024-12-19 09:23:08 - be.view.auth - INFO - 登录处理结果: 200
2024-12-19 09:23:08 - werkzeug - INFO - 127.0.0.1 - - [19/Dec/2024 09:23:08] "POST /auth/login HTTP/1.1" 200 -
2024-12-19 09:23:08 - be.view.auth - INFO - 收到注册请求: {'user_id': 'test_new_order_seller_id_cdaef884-bda7-11ef-870d-02a6845b4b32', 'password': 'test_new_order_seller_id_cdaef884-bda7-11ef-870d-02a6845b4b32'}
2024-12-19 09:23:08 - be.model.user - INFO - 尝试注册新用户：test_new_order_seller_id_cdaef884-bda7-11ef-870d-02a6845b4b32
2024-12-19 09:23:08 - be.model.user - INFO - 加密密码...
2024-12-19 09:23:08 - be.model.user - INFO - 创建新用户...
2024-12-19 09:23:08 - be.model.user - INFO - 添加用户到数据库...
2024-12-19 09:23:08 - be.model.user - INFO - 用户注册成功：test_new_order_seller_id_cdaef884-bda7-11ef-870d-02a6845b4b32
2024-12-19 09:23:08 - be.view.auth - INFO - 注册处理结果: 200
2024-12-19 09:23:08 - werkzeug - INFO - 127.0.0.1 - - [19/Dec/2024 09:23:08] "POST /auth/register HTTP/1.1" 200 -
2024-12-19 09:23:08 - be.view.auth - INFO - 收到登录请求: {'user_id': 'test_new_order_seller_id_cdaef884-bda7-11ef-870d-02a6845b4b32', 'password': 'test_new_order_seller_id_cdaef884-bda7-11ef-870d-02a6845b4b32', 'terminal': 'my terminal'}
2024-12-19 09:23:08 - be.model.user - INFO - 尝试登录用户：test_new_order_seller_id_cdaef884-bda7-11ef-870d-02a6845b4b32，终端：my terminal
2024-12-19 09:23:08 - be.model.user - INFO - 为用户 test_new_order_seller_id_cdaef884-bda7-11ef-870d-02a6845b4b32 生成新token，终端：my terminal
2024-12-19 09:23:08 - be.model.user - INFO - 用户登录成功：test_new_order_seller_id_cdaef884-bda7-11ef-870d-02a6845b4b32
2024-12-19 09:23:09 - be.view.auth - INFO - 登录处理结果: 200
2024-12-19 09:23:09 - werkzeug - INFO - 127.0.0.1 - - [19/Dec/2024 09:23:09] "POST /auth/login HTTP/1.1" 200 -
2024-12-19 09:23:09 - be.model.seller - INFO - 商店创建成功: test_new_order_store_id_cdaefad2-bda7-11ef-870d-02a6845b4b32
2024-12-19 09:23:09 - werkzeug - INFO - 127.0.0.1 - - [19/Dec/2024 09:23:09] "POST /seller/create_store HTTP/1.1" 200 -
2024-12-19 09:23:11 - be.model.seller - ERROR - 添加图书失败: (pymysql.err.IntegrityError) (1062, "Duplicate entry '1000067' for key 'books.PRIMARY'")
[SQL: INSERT INTO books (book_id, store_id, title, author, publisher, original_price, price, stock_level) VALUES (%(book_id)s, %(store_id)s, %(title)s, %(author)s, %(publisher)s, %(original_price)s, %(price)s, %(stock_level)s)]
[parameters: {'book_id': '1000067', 'store_id': 'test_new_order_store_id_cdaefad2-bda7-11ef-870d-02a6845b4b32', 'title': '美丽心灵', 'author': '[美] 西尔维娅·娜萨', 'publisher': '上海科技教育出版社', 'original_price': 0.0, 'price': 3879.0, 'stock_level': 19}]
(Background on this error at: https://sqlalche.me/e/20/gkpj)
2024-12-19 09:23:11 - werkzeug - INFO - 127.0.0.1 - - [19/Dec/2024 09:23:11] "[35m[1mPOST /seller/add_book HTTP/1.1[0m" 500 -
2024-12-19 09:23:11 - be.view.auth - INFO - 收到注册请求: {'user_id': 'test_new_order_buyer_id_cfe008f0-bda7-11ef-870d-02a6845b4b32', 'password': 'test_new_order_seller_id_cfe006de-bda7-11ef-870d-02a6845b4b32'}
2024-12-19 09:23:11 - be.model.user - INFO - 尝试注册新用户：test_new_order_buyer_id_cfe008f0-bda7-11ef-870d-02a6845b4b32
2024-12-19 09:23:11 - be.model.user - INFO - 加密密码...
2024-12-19 09:23:11 - be.model.user - INFO - 创建新用户...
2024-12-19 09:23:11 - be.model.user - INFO - 添加用户到数据库...
2024-12-19 09:23:11 - be.model.user - INFO - 用户注册成功：test_new_order_buyer_id_cfe008f0-bda7-11ef-870d-02a6845b4b32
2024-12-19 09:23:11 - be.view.auth - INFO - 注册处理结果: 200
2024-12-19 09:23:11 - werkzeug - INFO - 127.0.0.1 - - [19/Dec/2024 09:23:11] "POST /auth/register HTTP/1.1" 200 -
2024-12-19 09:23:11 - be.view.auth - INFO - 收到登录请求: {'user_id': 'test_new_order_buyer_id_cfe008f0-bda7-11ef-870d-02a6845b4b32', 'password': 'test_new_order_seller_id_cfe006de-bda7-11ef-870d-02a6845b4b32', 'terminal': 'my terminal'}
2024-12-19 09:23:11 - be.model.user - INFO - 尝试登录用户：test_new_order_buyer_id_cfe008f0-bda7-11ef-870d-02a6845b4b32，终端：my terminal
2024-12-19 09:23:12 - be.model.user - INFO - 为用户 test_new_order_buyer_id_cfe008f0-bda7-11ef-870d-02a6845b4b32 生成新token，终端：my terminal
2024-12-19 09:23:12 - be.model.user - INFO - 用户登录成功：test_new_order_buyer_id_cfe008f0-bda7-11ef-870d-02a6845b4b32
2024-12-19 09:23:12 - be.view.auth - INFO - 登录处理结果: 200
2024-12-19 09:23:12 - werkzeug - INFO - 127.0.0.1 - - [19/Dec/2024 09:23:12] "POST /auth/login HTTP/1.1" 200 -
2024-12-19 09:23:12 - be.view.auth - INFO - 收到注册请求: {'user_id': 'test_new_order_seller_id_cfe006de-bda7-11ef-870d-02a6845b4b32', 'password': 'test_new_order_seller_id_cfe006de-bda7-11ef-870d-02a6845b4b32'}
2024-12-19 09:23:12 - be.model.user - INFO - 尝试注册新用户：test_new_order_seller_id_cfe006de-bda7-11ef-870d-02a6845b4b32
2024-12-19 09:23:12 - be.model.user - INFO - 加密密码...
2024-12-19 09:23:12 - be.model.user - INFO - 创建新用户...
2024-12-19 09:23:12 - be.model.user - INFO - 添加用户到数据库...
2024-12-19 09:23:12 - be.model.user - INFO - 用户注册成功：test_new_order_seller_id_cfe006de-bda7-11ef-870d-02a6845b4b32
2024-12-19 09:23:12 - be.view.auth - INFO - 注册处理结果: 200
2024-12-19 09:23:12 - werkzeug - INFO - 127.0.0.1 - - [19/Dec/2024 09:23:12] "POST /auth/register HTTP/1.1" 200 -
2024-12-19 09:23:12 - be.view.auth - INFO - 收到登录请求: {'user_id': 'test_new_order_seller_id_cfe006de-bda7-11ef-870d-02a6845b4b32', 'password': 'test_new_order_seller_id_cfe006de-bda7-11ef-870d-02a6845b4b32', 'terminal': 'my terminal'}
2024-12-19 09:23:12 - be.model.user - INFO - 尝试登录用户：test_new_order_seller_id_cfe006de-bda7-11ef-870d-02a6845b4b32，终端：my terminal
2024-12-19 09:23:12 - be.model.user - INFO - 为用户 test_new_order_seller_id_cfe006de-bda7-11ef-870d-02a6845b4b32 生成新token，终端：my terminal
2024-12-19 09:23:12 - be.model.user - INFO - 用户登录成功：test_new_order_seller_id_cfe006de-bda7-11ef-870d-02a6845b4b32
2024-12-19 09:23:12 - be.view.auth - INFO - 登录处理结果: 200
2024-12-19 09:23:12 - werkzeug - INFO - 127.0.0.1 - - [19/Dec/2024 09:23:12] "POST /auth/login HTTP/1.1" 200 -
2024-12-19 09:23:13 - be.model.seller - INFO - 商店创建成功: test_new_order_store_id_cfe008aa-bda7-11ef-870d-02a6845b4b32
2024-12-19 09:23:13 - werkzeug - INFO - 127.0.0.1 - - [19/Dec/2024 09:23:13] "POST /seller/create_store HTTP/1.1" 200 -
2024-12-19 09:23:16 - be.model.seller - ERROR - 添加图书失败: (pymysql.err.IntegrityError) (1062, "Duplicate entry '1000067' for key 'books.PRIMARY'")
[SQL: INSERT INTO books (book_id, store_id, title, author, publisher, original_price, price, stock_level) VALUES (%(book_id)s, %(store_id)s, %(title)s, %(author)s, %(publisher)s, %(original_price)s, %(price)s, %(stock_level)s)]
[parameters: {'book_id': '1000067', 'store_id': 'test_new_order_store_id_cfe008aa-bda7-11ef-870d-02a6845b4b32', 'title': '美丽心灵', 'author': '[美] 西尔维娅·娜萨', 'publisher': '上海科技教育出版社', 'original_price': 0.0, 'price': 3879.0, 'stock_level': 96}]
(Background on this error at: https://sqlalche.me/e/20/gkpj)
2024-12-19 09:23:16 - werkzeug - INFO - 127.0.0.1 - - [19/Dec/2024 09:23:16] "[35m[1mPOST /seller/add_book HTTP/1.1[0m" 500 -
2024-12-19 09:23:16 - be.view.auth - INFO - 收到注册请求: {'user_id': 'test_payment_seller_id_d2b10d9a-bda7-11ef-870d-02a6845b4b32', 'password': 'test_payment_seller_id_d2b10d9a-bda7-11ef-870d-02a6845b4b32'}
2024-12-19 09:23:16 - be.model.user - INFO - 尝试注册新用户：test_payment_seller_id_d2b10d9a-bda7-11ef-870d-02a6845b4b32
2024-12-19 09:23:16 - be.model.user - INFO - 加密密码...
2024-12-19 09:23:16 - be.model.user - INFO - 创建新用户...
2024-12-19 09:23:16 - be.model.user - INFO - 添加用户到数据库...
2024-12-19 09:23:16 - be.model.user - INFO - 用户注册成功：test_payment_seller_id_d2b10d9a-bda7-11ef-870d-02a6845b4b32
2024-12-19 09:23:16 - be.view.auth - INFO - 注册处理结果: 200
2024-12-19 09:23:16 - werkzeug - INFO - 127.0.0.1 - - [19/Dec/2024 09:23:16] "POST /auth/register HTTP/1.1" 200 -
2024-12-19 09:23:16 - be.view.auth - INFO - 收到登录请求: {'user_id': 'test_payment_seller_id_d2b10d9a-bda7-11ef-870d-02a6845b4b32', 'password': 'test_payment_seller_id_d2b10d9a-bda7-11ef-870d-02a6845b4b32', 'terminal': 'my terminal'}
2024-12-19 09:23:16 - be.model.user - INFO - 尝试登录用户：test_payment_seller_id_d2b10d9a-bda7-11ef-870d-02a6845b4b32，终端：my terminal
2024-12-19 09:23:16 - be.model.user - INFO - 为用户 test_payment_seller_id_d2b10d9a-bda7-11ef-870d-02a6845b4b32 生成新token，终端：my terminal
2024-12-19 09:23:16 - be.model.user - INFO - 用户登录成功：test_payment_seller_id_d2b10d9a-bda7-11ef-870d-02a6845b4b32
2024-12-19 09:23:16 - be.view.auth - INFO - 登录处理结果: 200
2024-12-19 09:23:16 - werkzeug - INFO - 127.0.0.1 - - [19/Dec/2024 09:23:16] "POST /auth/login HTTP/1.1" 200 -
2024-12-19 09:23:17 - be.model.seller - INFO - 商店创建成功: test_payment_store_id_d2b10e44-bda7-11ef-870d-02a6845b4b32
2024-12-19 09:23:17 - werkzeug - INFO - 127.0.0.1 - - [19/Dec/2024 09:23:17] "POST /seller/create_store HTTP/1.1" 200 -
2024-12-19 09:23:18 - be.model.seller - INFO - 图书添加成功: book_id=1005242
2024-12-19 09:23:18 - werkzeug - INFO - 127.0.0.1 - - [19/Dec/2024 09:23:18] "POST /seller/add_book HTTP/1.1" 200 -
2024-12-19 09:23:19 - be.model.seller - INFO - 图书添加成功: book_id=1005358
2024-12-19 09:23:19 - werkzeug - INFO - 127.0.0.1 - - [19/Dec/2024 09:23:19] "POST /seller/add_book HTTP/1.1" 200 -
2024-12-19 09:23:19 - be.model.seller - INFO - 图书添加成功: book_id=1005411
2024-12-19 09:23:19 - werkzeug - INFO - 127.0.0.1 - - [19/Dec/2024 09:23:19] "POST /seller/add_book HTTP/1.1" 200 -
2024-12-19 09:23:19 - be.view.auth - INFO - 收到注册请求: {'user_id': 'test_payment_buyer_id_d2b10e76-bda7-11ef-870d-02a6845b4b32', 'password': 'test_payment_seller_id_d2b10d9a-bda7-11ef-870d-02a6845b4b32'}
2024-12-19 09:23:19 - be.model.user - INFO - 尝试注册新用户：test_payment_buyer_id_d2b10e76-bda7-11ef-870d-02a6845b4b32
2024-12-19 09:23:19 - be.model.user - INFO - 加密密码...
2024-12-19 09:23:19 - be.model.user - INFO - 创建新用户...
2024-12-19 09:23:19 - be.model.user - INFO - 添加用户到数据库...
2024-12-19 09:23:20 - be.model.user - INFO - 用户注册成功：test_payment_buyer_id_d2b10e76-bda7-11ef-870d-02a6845b4b32
2024-12-19 09:23:20 - be.view.auth - INFO - 注册处理结果: 200
2024-12-19 09:23:20 - werkzeug - INFO - 127.0.0.1 - - [19/Dec/2024 09:23:20] "POST /auth/register HTTP/1.1" 200 -
2024-12-19 09:23:20 - be.view.auth - INFO - 收到登录请求: {'user_id': 'test_payment_buyer_id_d2b10e76-bda7-11ef-870d-02a6845b4b32', 'password': 'test_payment_seller_id_d2b10d9a-bda7-11ef-870d-02a6845b4b32', 'terminal': 'my terminal'}
2024-12-19 09:23:20 - be.model.user - INFO - 尝试登录用户：test_payment_buyer_id_d2b10e76-bda7-11ef-870d-02a6845b4b32，终端：my terminal
2024-12-19 09:23:20 - be.model.user - INFO - 为用户 test_payment_buyer_id_d2b10e76-bda7-11ef-870d-02a6845b4b32 生成新token，终端：my terminal
2024-12-19 09:23:20 - be.model.user - INFO - 用户登录成功：test_payment_buyer_id_d2b10e76-bda7-11ef-870d-02a6845b4b32
2024-12-19 09:23:20 - be.view.auth - INFO - 登录处理结果: 200
2024-12-19 09:23:20 - werkzeug - INFO - 127.0.0.1 - - [19/Dec/2024 09:23:20] "POST /auth/login HTTP/1.1" 200 -
2024-12-19 09:23:20 - werkzeug - INFO - 127.0.0.1 - - [19/Dec/2024 09:23:20] "POST /buyer/new_order HTTP/1.1" 200 -
2024-12-19 09:23:20 - werkzeug - INFO - 127.0.0.1 - - [19/Dec/2024 09:23:20] "[31m[1mPOST /buyer/add_funds HTTP/1.1[0m" 401 -
2024-12-19 09:23:20 - be.view.auth - INFO - 收到注册请求: {'user_id': 'test_payment_seller_id_d51e6c94-bda7-11ef-870d-02a6845b4b32', 'password': 'test_payment_seller_id_d51e6c94-bda7-11ef-870d-02a6845b4b32'}
2024-12-19 09:23:20 - be.model.user - INFO - 尝试注册新用户：test_payment_seller_id_d51e6c94-bda7-11ef-870d-02a6845b4b32
2024-12-19 09:23:20 - be.model.user - INFO - 加密密码...
2024-12-19 09:23:20 - be.model.user - INFO - 创建新用户...
2024-12-19 09:23:20 - be.model.user - INFO - 添加用户到数据库...
2024-12-19 09:23:20 - be.model.user - INFO - 用户注册成功：test_payment_seller_id_d51e6c94-bda7-11ef-870d-02a6845b4b32
2024-12-19 09:23:20 - be.view.auth - INFO - 注册处理结果: 200
2024-12-19 09:23:20 - werkzeug - INFO - 127.0.0.1 - - [19/Dec/2024 09:23:20] "POST /auth/register HTTP/1.1" 200 -
2024-12-19 09:23:20 - be.view.auth - INFO - 收到登录请求: {'user_id': 'test_payment_seller_id_d51e6c94-bda7-11ef-870d-02a6845b4b32', 'password': 'test_payment_seller_id_d51e6c94-bda7-11ef-870d-02a6845b4b32', 'terminal': 'my terminal'}
2024-12-19 09:23:20 - be.model.user - INFO - 尝试登录用户：test_payment_seller_id_d51e6c94-bda7-11ef-870d-02a6845b4b32，终端：my terminal
2024-12-19 09:23:20 - be.model.user - INFO - 为用户 test_payment_seller_id_d51e6c94-bda7-11ef-870d-02a6845b4b32 生成新token，终端：my terminal
2024-12-19 09:23:20 - be.model.user - INFO - 用户登录成功：test_payment_seller_id_d51e6c94-bda7-11ef-870d-02a6845b4b32
2024-12-19 09:23:20 - be.view.auth - INFO - 登录处理结果: 200
2024-12-19 09:23:20 - werkzeug - INFO - 127.0.0.1 - - [19/Dec/2024 09:23:20] "POST /auth/login HTTP/1.1" 200 -
2024-12-19 09:23:21 - be.model.seller - INFO - 商店创建成功: test_payment_store_id_d51e6d5c-bda7-11ef-870d-02a6845b4b32
2024-12-19 09:23:21 - werkzeug - INFO - 127.0.0.1 - - [19/Dec/2024 09:23:21] "POST /seller/create_store HTTP/1.1" 200 -
2024-12-19 09:23:22 - be.model.seller - INFO - 图书添加成功: book_id=1008145
2024-12-19 09:23:22 - werkzeug - INFO - 127.0.0.1 - - [19/Dec/2024 09:23:22] "POST /seller/add_book HTTP/1.1" 200 -
2024-12-19 09:23:23 - be.model.seller - INFO - 图书添加成功: book_id=1008176
2024-12-19 09:23:23 - werkzeug - INFO - 127.0.0.1 - - [19/Dec/2024 09:23:23] "POST /seller/add_book HTTP/1.1" 200 -
2024-12-19 09:23:23 - be.view.auth - INFO - 收到注册请求: {'user_id': 'test_payment_buyer_id_d51e6d7a-bda7-11ef-870d-02a6845b4b32', 'password': 'test_payment_seller_id_d51e6c94-bda7-11ef-870d-02a6845b4b32'}
2024-12-19 09:23:23 - be.model.user - INFO - 尝试注册新用户：test_payment_buyer_id_d51e6d7a-bda7-11ef-870d-02a6845b4b32
2024-12-19 09:23:23 - be.model.user - INFO - 加密密码...
2024-12-19 09:23:23 - be.model.user - INFO - 创建新用户...
2024-12-19 09:23:23 - be.model.user - INFO - 添加用户到数据库...
2024-12-19 09:23:23 - be.model.user - INFO - 用户注册成功：test_payment_buyer_id_d51e6d7a-bda7-11ef-870d-02a6845b4b32
2024-12-19 09:23:23 - be.view.auth - INFO - 注册处理结果: 200
2024-12-19 09:23:23 - werkzeug - INFO - 127.0.0.1 - - [19/Dec/2024 09:23:23] "POST /auth/register HTTP/1.1" 200 -
2024-12-19 09:23:23 - be.view.auth - INFO - 收到登录请求: {'user_id': 'test_payment_buyer_id_d51e6d7a-bda7-11ef-870d-02a6845b4b32', 'password': 'test_payment_seller_id_d51e6c94-bda7-11ef-870d-02a6845b4b32', 'terminal': 'my terminal'}
2024-12-19 09:23:23 - be.model.user - INFO - 尝试登录用户：test_payment_buyer_id_d51e6d7a-bda7-11ef-870d-02a6845b4b32，终端：my terminal
2024-12-19 09:23:23 - be.model.user - INFO - 为用户 test_payment_buyer_id_d51e6d7a-bda7-11ef-870d-02a6845b4b32 生成新token，终端：my terminal
2024-12-19 09:23:23 - be.model.user - INFO - 用户登录成功：test_payment_buyer_id_d51e6d7a-bda7-11ef-870d-02a6845b4b32
2024-12-19 09:23:23 - be.view.auth - INFO - 登录处理结果: 200
2024-12-19 09:23:23 - werkzeug - INFO - 127.0.0.1 - - [19/Dec/2024 09:23:23] "POST /auth/login HTTP/1.1" 200 -
2024-12-19 09:23:23 - werkzeug - INFO - 127.0.0.1 - - [19/Dec/2024 09:23:23] "POST /buyer/new_order HTTP/1.1" 200 -
2024-12-19 09:23:23 - werkzeug - INFO - 127.0.0.1 - - [19/Dec/2024 09:23:23] "[31m[1mPOST /buyer/add_funds HTTP/1.1[0m" 401 -
2024-12-19 09:23:23 - be.view.auth - INFO - 收到注册请求: {'user_id': 'test_payment_seller_id_d733022e-bda7-11ef-870d-02a6845b4b32', 'password': 'test_payment_seller_id_d733022e-bda7-11ef-870d-02a6845b4b32'}
2024-12-19 09:23:23 - be.model.user - INFO - 尝试注册新用户：test_payment_seller_id_d733022e-bda7-11ef-870d-02a6845b4b32
2024-12-19 09:23:24 - be.model.user - INFO - 加密密码...
2024-12-19 09:23:24 - be.model.user - INFO - 创建新用户...
2024-12-19 09:23:24 - be.model.user - INFO - 添加用户到数据库...
2024-12-19 09:23:24 - be.model.user - INFO - 用户注册成功：test_payment_seller_id_d733022e-bda7-11ef-870d-02a6845b4b32
2024-12-19 09:23:24 - be.view.auth - INFO - 注册处理结果: 200
2024-12-19 09:23:24 - werkzeug - INFO - 127.0.0.1 - - [19/Dec/2024 09:23:24] "POST /auth/register HTTP/1.1" 200 -
2024-12-19 09:23:24 - be.view.auth - INFO - 收到登录请求: {'user_id': 'test_payment_seller_id_d733022e-bda7-11ef-870d-02a6845b4b32', 'password': 'test_payment_seller_id_d733022e-bda7-11ef-870d-02a6845b4b32', 'terminal': 'my terminal'}
2024-12-19 09:23:24 - be.model.user - INFO - 尝试登录用户：test_payment_seller_id_d733022e-bda7-11ef-870d-02a6845b4b32，终端：my terminal
2024-12-19 09:23:24 - be.model.user - INFO - 为用户 test_payment_seller_id_d733022e-bda7-11ef-870d-02a6845b4b32 生成新token，终端：my terminal
2024-12-19 09:23:24 - be.model.user - INFO - 用户登录成功：test_payment_seller_id_d733022e-bda7-11ef-870d-02a6845b4b32
2024-12-19 09:23:24 - be.view.auth - INFO - 登录处理结果: 200
2024-12-19 09:23:24 - werkzeug - INFO - 127.0.0.1 - - [19/Dec/2024 09:23:24] "POST /auth/login HTTP/1.1" 200 -
2024-12-19 09:23:24 - be.model.seller - INFO - 商店创建成功: test_payment_store_id_d733033c-bda7-11ef-870d-02a6845b4b32
2024-12-19 09:23:24 - werkzeug - INFO - 127.0.0.1 - - [19/Dec/2024 09:23:24] "POST /seller/create_store HTTP/1.1" 200 -
2024-12-19 09:23:26 - be.model.seller - INFO - 图书添加成功: book_id=1007562
2024-12-19 09:23:26 - werkzeug - INFO - 127.0.0.1 - - [19/Dec/2024 09:23:26] "POST /seller/add_book HTTP/1.1" 200 -
2024-12-19 09:23:26 - be.view.auth - INFO - 收到注册请求: {'user_id': 'test_payment_buyer_id_d7330378-bda7-11ef-870d-02a6845b4b32', 'password': 'test_payment_seller_id_d733022e-bda7-11ef-870d-02a6845b4b32'}
2024-12-19 09:23:26 - be.model.user - INFO - 尝试注册新用户：test_payment_buyer_id_d7330378-bda7-11ef-870d-02a6845b4b32
2024-12-19 09:23:26 - be.model.user - INFO - 加密密码...
2024-12-19 09:23:26 - be.model.user - INFO - 创建新用户...
2024-12-19 09:23:26 - be.model.user - INFO - 添加用户到数据库...
2024-12-19 09:23:26 - be.model.user - INFO - 用户注册成功：test_payment_buyer_id_d7330378-bda7-11ef-870d-02a6845b4b32
2024-12-19 09:23:26 - be.view.auth - INFO - 注册处理结果: 200
2024-12-19 09:23:26 - werkzeug - INFO - 127.0.0.1 - - [19/Dec/2024 09:23:26] "POST /auth/register HTTP/1.1" 200 -
2024-12-19 09:23:26 - be.view.auth - INFO - 收到登录请求: {'user_id': 'test_payment_buyer_id_d7330378-bda7-11ef-870d-02a6845b4b32', 'password': 'test_payment_seller_id_d733022e-bda7-11ef-870d-02a6845b4b32', 'terminal': 'my terminal'}
2024-12-19 09:23:26 - be.model.user - INFO - 尝试登录用户：test_payment_buyer_id_d7330378-bda7-11ef-870d-02a6845b4b32，终端：my terminal
2024-12-19 09:23:26 - be.model.user - INFO - 为用户 test_payment_buyer_id_d7330378-bda7-11ef-870d-02a6845b4b32 生成新token，终端：my terminal
2024-12-19 09:23:26 - be.model.user - INFO - 用户登录成功：test_payment_buyer_id_d7330378-bda7-11ef-870d-02a6845b4b32
2024-12-19 09:23:26 - be.view.auth - INFO - 登录处理结果: 200
2024-12-19 09:23:26 - werkzeug - INFO - 127.0.0.1 - - [19/Dec/2024 09:23:26] "POST /auth/login HTTP/1.1" 200 -
2024-12-19 09:23:27 - werkzeug - INFO - 127.0.0.1 - - [19/Dec/2024 09:23:27] "POST /buyer/new_order HTTP/1.1" 200 -
2024-12-19 09:23:27 - werkzeug - INFO - 127.0.0.1 - - [19/Dec/2024 09:23:27] "[31m[1mPOST /buyer/add_funds HTTP/1.1[0m" 401 -
2024-12-19 09:23:27 - be.view.auth - INFO - 收到注册请求: {'user_id': 'test_payment_seller_id_d91067a8-bda7-11ef-870d-02a6845b4b32', 'password': 'test_payment_seller_id_d91067a8-bda7-11ef-870d-02a6845b4b32'}
2024-12-19 09:23:27 - be.model.user - INFO - 尝试注册新用户：test_payment_seller_id_d91067a8-bda7-11ef-870d-02a6845b4b32
2024-12-19 09:23:27 - be.model.user - INFO - 加密密码...
2024-12-19 09:23:27 - be.model.user - INFO - 创建新用户...
2024-12-19 09:23:27 - be.model.user - INFO - 添加用户到数据库...
2024-12-19 09:23:27 - be.model.user - INFO - 用户注册成功：test_payment_seller_id_d91067a8-bda7-11ef-870d-02a6845b4b32
2024-12-19 09:23:27 - be.view.auth - INFO - 注册处理结果: 200
2024-12-19 09:23:27 - werkzeug - INFO - 127.0.0.1 - - [19/Dec/2024 09:23:27] "POST /auth/register HTTP/1.1" 200 -
2024-12-19 09:23:27 - be.view.auth - INFO - 收到登录请求: {'user_id': 'test_payment_seller_id_d91067a8-bda7-11ef-870d-02a6845b4b32', 'password': 'test_payment_seller_id_d91067a8-bda7-11ef-870d-02a6845b4b32', 'terminal': 'my terminal'}
2024-12-19 09:23:27 - be.model.user - INFO - 尝试登录用户：test_payment_seller_id_d91067a8-bda7-11ef-870d-02a6845b4b32，终端：my terminal
2024-12-19 09:23:27 - be.model.user - INFO - 为用户 test_payment_seller_id_d91067a8-bda7-11ef-870d-02a6845b4b32 生成新token，终端：my terminal
2024-12-19 09:23:27 - be.model.user - INFO - 用户登录成功：test_payment_seller_id_d91067a8-bda7-11ef-870d-02a6845b4b32
2024-12-19 09:23:27 - be.view.auth - INFO - 登录处理结果: 200
2024-12-19 09:23:27 - werkzeug - INFO - 127.0.0.1 - - [19/Dec/2024 09:23:27] "POST /auth/login HTTP/1.1" 200 -
2024-12-19 09:23:27 - be.model.seller - INFO - 商店创建成功: test_payment_store_id_d9106866-bda7-11ef-870d-02a6845b4b32
2024-12-19 09:23:27 - werkzeug - INFO - 127.0.0.1 - - [19/Dec/2024 09:23:27] "POST /seller/create_store HTTP/1.1" 200 -
2024-12-19 09:23:29 - be.model.seller - INFO - 图书添加成功: book_id=1000965
2024-12-19 09:23:29 - werkzeug - INFO - 127.0.0.1 - - [19/Dec/2024 09:23:29] "POST /seller/add_book HTTP/1.1" 200 -
2024-12-19 09:23:29 - be.model.seller - INFO - 图书添加成功: book_id=1000972
2024-12-19 09:23:29 - werkzeug - INFO - 127.0.0.1 - - [19/Dec/2024 09:23:29] "POST /seller/add_book HTTP/1.1" 200 -
2024-12-19 09:23:30 - be.model.seller - INFO - 图书添加成功: book_id=1000993
2024-12-19 09:23:30 - werkzeug - INFO - 127.0.0.1 - - [19/Dec/2024 09:23:30] "POST /seller/add_book HTTP/1.1" 200 -
2024-12-19 09:23:30 - be.model.seller - INFO - 图书添加成功: book_id=1001136
2024-12-19 09:23:30 - werkzeug - INFO - 127.0.0.1 - - [19/Dec/2024 09:23:30] "POST /seller/add_book HTTP/1.1" 200 -
2024-12-19 09:23:30 - be.view.auth - INFO - 收到注册请求: {'user_id': 'test_payment_buyer_id_d910688e-bda7-11ef-870d-02a6845b4b32', 'password': 'test_payment_seller_id_d91067a8-bda7-11ef-870d-02a6845b4b32'}
2024-12-19 09:23:30 - be.model.user - INFO - 尝试注册新用户：test_payment_buyer_id_d910688e-bda7-11ef-870d-02a6845b4b32
2024-12-19 09:23:30 - be.model.user - INFO - 加密密码...
2024-12-19 09:23:30 - be.model.user - INFO - 创建新用户...
2024-12-19 09:23:30 - be.model.user - INFO - 添加用户到数据库...
2024-12-19 09:23:31 - be.model.user - INFO - 用户注册成功：test_payment_buyer_id_d910688e-bda7-11ef-870d-02a6845b4b32
2024-12-19 09:23:31 - be.view.auth - INFO - 注册处理结果: 200
2024-12-19 09:23:31 - werkzeug - INFO - 127.0.0.1 - - [19/Dec/2024 09:23:31] "POST /auth/register HTTP/1.1" 200 -
2024-12-19 09:23:31 - be.view.auth - INFO - 收到登录请求: {'user_id': 'test_payment_buyer_id_d910688e-bda7-11ef-870d-02a6845b4b32', 'password': 'test_payment_seller_id_d91067a8-bda7-11ef-870d-02a6845b4b32', 'terminal': 'my terminal'}
2024-12-19 09:23:31 - be.model.user - INFO - 尝试登录用户：test_payment_buyer_id_d910688e-bda7-11ef-870d-02a6845b4b32，终端：my terminal
2024-12-19 09:23:31 - be.model.user - INFO - 为用户 test_payment_buyer_id_d910688e-bda7-11ef-870d-02a6845b4b32 生成新token，终端：my terminal
2024-12-19 09:23:31 - be.model.user - INFO - 用户登录成功：test_payment_buyer_id_d910688e-bda7-11ef-870d-02a6845b4b32
2024-12-19 09:23:31 - be.view.auth - INFO - 登录处理结果: 200
2024-12-19 09:23:31 - werkzeug - INFO - 127.0.0.1 - - [19/Dec/2024 09:23:31] "POST /auth/login HTTP/1.1" 200 -
2024-12-19 09:23:31 - werkzeug - INFO - 127.0.0.1 - - [19/Dec/2024 09:23:31] "POST /buyer/new_order HTTP/1.1" 200 -
2024-12-19 09:23:31 - werkzeug - INFO - 127.0.0.1 - - [19/Dec/2024 09:23:31] "[31m[1mPOST /buyer/add_funds HTTP/1.1[0m" 401 -
2024-12-19 09:23:32 - root - INFO - load data
2024-12-19 09:23:32 - be.view.auth - INFO - 收到注册请求: {'user_id': 'seller_1_dbb20dc2-bda7-11ef-870d-02a6845b4b32', 'password': 'password_seller_1_dbb20dc2-bda7-11ef-870d-02a6845b4b32'}
2024-12-19 09:23:32 - be.model.user - INFO - 尝试注册新用户：seller_1_dbb20dc2-bda7-11ef-870d-02a6845b4b32
2024-12-19 09:23:32 - be.model.user - INFO - 加密密码...
2024-12-19 09:23:32 - be.model.user - INFO - 创建新用户...
2024-12-19 09:23:32 - be.model.user - INFO - 添加用户到数据库...
2024-12-19 09:23:32 - be.model.user - INFO - 用户注册成功：seller_1_dbb20dc2-bda7-11ef-870d-02a6845b4b32
2024-12-19 09:23:32 - be.view.auth - INFO - 注册处理结果: 200
2024-12-19 09:23:32 - werkzeug - INFO - 127.0.0.1 - - [19/Dec/2024 09:23:32] "POST /auth/register HTTP/1.1" 200 -
2024-12-19 09:23:32 - be.view.auth - INFO - 收到登录请求: {'user_id': 'seller_1_dbb20dc2-bda7-11ef-870d-02a6845b4b32', 'password': 'password_seller_1_dbb20dc2-bda7-11ef-870d-02a6845b4b32', 'terminal': 'my terminal'}
2024-12-19 09:23:32 - be.model.user - INFO - 尝试登录用户：seller_1_dbb20dc2-bda7-11ef-870d-02a6845b4b32，终端：my terminal
2024-12-19 09:23:32 - be.model.user - INFO - 为用户 seller_1_dbb20dc2-bda7-11ef-870d-02a6845b4b32 生成新token，终端：my terminal
2024-12-19 09:23:32 - be.model.user - INFO - 用户登录成功：seller_1_dbb20dc2-bda7-11ef-870d-02a6845b4b32
2024-12-19 09:23:32 - be.view.auth - INFO - 登录处理结果: 200
2024-12-19 09:23:32 - werkzeug - INFO - 127.0.0.1 - - [19/Dec/2024 09:23:32] "POST /auth/login HTTP/1.1" 200 -
2024-12-19 09:23:33 - be.model.seller - INFO - 商店创建成功: store_s_1_1_dbb20dc2-bda7-11ef-870d-02a6845b4b32
2024-12-19 09:23:33 - werkzeug - INFO - 127.0.0.1 - - [19/Dec/2024 09:23:33] "POST /seller/create_store HTTP/1.1" 200 -
2024-12-19 09:23:37 - be.model.seller - ERROR - 添加图书失败: (pymysql.err.IntegrityError) (1062, "Duplicate entry '1000067' for key 'books.PRIMARY'")
[SQL: INSERT INTO books (book_id, store_id, title, author, publisher, original_price, price, stock_level) VALUES (%(book_id)s, %(store_id)s, %(title)s, %(author)s, %(publisher)s, %(original_price)s, %(price)s, %(stock_level)s)]
[parameters: {'book_id': '1000067', 'store_id': 'store_s_1_1_dbb20dc2-bda7-11ef-870d-02a6845b4b32', 'title': '美丽心灵', 'author': '[美] 西尔维娅·娜萨', 'publisher': '上海科技教育出版社', 'original_price': 0.0, 'price': 3879.0, 'stock_level': 1000000}]
(Background on this error at: https://sqlalche.me/e/20/gkpj)
2024-12-19 09:23:37 - werkzeug - INFO - 127.0.0.1 - - [19/Dec/2024 09:23:37] "[35m[1mPOST /seller/add_book HTTP/1.1[0m" 500 -
2024-12-19 09:23:37 - be.serve - INFO - 正在关闭服务器...
2024-12-19 09:23:37 - be.serve - ERROR - 关闭服务器失败: Not running with the Werkzeug Server
2024-12-19 09:25:59 - __main__ - INFO - 
{'='*20} 开始运行所有测试 {'='*20}
2024-12-19 09:25:59 - be.model.db_config - INFO - 清理数据库...
2024-12-19 09:26:02 - be.model.db_config - INFO - 数据库清理完成
2024-12-19 09:26:03 - be.model.db_config - INFO - 已创建的表: ['book', 'book_images', 'books', 'order_items', 'orders', 'stores', 'users']
2024-12-19 09:26:03 - be.model.user - INFO - 创建 UserManager 实例
2024-12-19 09:26:03 - be.serve - INFO - 正在启动服务器...
2024-12-19 09:26:03 - be.serve - INFO - 创建Flask应用...
2024-12-19 09:26:03 - be.serve - INFO - 初始化数据库...
2024-12-19 09:26:03 - be.model.db_config - INFO - 清理数据库...
2024-12-19 09:26:06 - be.model.db_config - INFO - 数据库清理完成
2024-12-19 09:26:06 - be.model.db_config - INFO - 已创建的表: ['book', 'book_images', 'books', 'order_items', 'orders', 'stores', 'users']
2024-12-19 09:26:06 - be.model.db_config - INFO - 删除所有表...
2024-12-19 09:26:10 - be.model.db_config - INFO - 数据库初始化完成
2024-12-19 09:26:10 - be.model.db_config - INFO - 已创建的表: ['book', 'book_images', 'books', 'order_items', 'orders', 'stores', 'users']
2024-12-19 09:26:10 - be.serve - INFO - 数据库初始化成功
2024-12-19 09:26:10 - be.serve - INFO - 注册蓝图...
2024-12-19 09:26:10 - be.serve - INFO - 启动服务器...
2024-12-19 09:26:10 - werkzeug - INFO - [31m[1mWARNING: This is a development server. Do not use it in a production deployment. Use a production WSGI server instead.[0m
 * Running on http://127.0.0.1:5555
2024-12-19 09:26:10 - werkzeug - INFO - [33mPress CTRL+C to quit[0m
2024-12-19 09:26:10 - be.view.auth - INFO - 收到注册请求: {'user_id': 'test_register_user_1734571570.443773', 'password': 'test_register_password_1734571570.4437811'}
2024-12-19 09:26:10 - be.model.user - INFO - 尝试注册新用户：test_register_user_1734571570.443773
2024-12-19 09:26:10 - be.model.user - INFO - 加密密码...
2024-12-19 09:26:10 - be.model.user - INFO - 创建新用户...
2024-12-19 09:26:10 - be.model.user - INFO - 添加用户到数据库...
2024-12-19 09:26:10 - be.model.user - INFO - 用户注册成功：test_register_user_1734571570.443773
2024-12-19 09:26:10 - be.view.auth - INFO - 注册处理结果: 200
2024-12-19 09:26:10 - werkzeug - INFO - 127.0.0.1 - - [19/Dec/2024 09:26:10] "POST /auth/register HTTP/1.1" 200 -
2024-12-19 09:26:10 - be.view.auth - INFO - 收到注册请求: {'user_id': 'test_register_user_1734571570.768491', 'password': 'test_register_password_1734571570.768497'}
2024-12-19 09:26:10 - be.model.user - INFO - 尝试注册新用户：test_register_user_1734571570.768491
2024-12-19 09:26:10 - be.model.user - INFO - 加密密码...
2024-12-19 09:26:10 - be.model.user - INFO - 创建新用户...
2024-12-19 09:26:10 - be.model.user - INFO - 添加用户到数据库...
2024-12-19 09:26:11 - be.model.user - INFO - 用户注册成功：test_register_user_1734571570.768491
2024-12-19 09:26:11 - be.view.auth - INFO - 注册处理结果: 200
2024-12-19 09:26:11 - werkzeug - INFO - 127.0.0.1 - - [19/Dec/2024 09:26:11] "POST /auth/register HTTP/1.1" 200 -
2024-12-19 09:26:11 - be.view.auth - INFO - 收到注销请求: {'user_id': 'test_register_user_1734571570.768491', 'password': 'test_register_password_1734571570.768497'}
2024-12-19 09:26:11 - be.model.user - INFO - 尝试注销用户：test_register_user_1734571570.768491
2024-12-19 09:26:11 - be.model.user - INFO - 用户注销成功：test_register_user_1734571570.768491
2024-12-19 09:26:11 - be.view.auth - INFO - 注销处理结果: 200
2024-12-19 09:26:11 - werkzeug - INFO - 127.0.0.1 - - [19/Dec/2024 09:26:11] "POST /auth/unregister HTTP/1.1" 200 -
2024-12-19 09:26:11 - be.view.auth - INFO - 收到注册请求: {'user_id': 'test_register_user_1734571571.580333', 'password': 'test_register_password_1734571571.580349'}
2024-12-19 09:26:11 - be.model.user - INFO - 尝试注册新用户：test_register_user_1734571571.580333
2024-12-19 09:26:11 - be.model.user - INFO - 加密密码...
2024-12-19 09:26:11 - be.model.user - INFO - 创建新用户...
2024-12-19 09:26:11 - be.model.user - INFO - 添加用户到数据库...
2024-12-19 09:26:11 - be.model.user - INFO - 用户注册成功：test_register_user_1734571571.580333
2024-12-19 09:26:11 - be.view.auth - INFO - 注册处理结果: 200
2024-12-19 09:26:11 - werkzeug - INFO - 127.0.0.1 - - [19/Dec/2024 09:26:11] "POST /auth/register HTTP/1.1" 200 -
2024-12-19 09:26:11 - be.view.auth - INFO - 收到注销请求: {'user_id': 'test_register_user_1734571571.580333_x', 'password': 'test_register_password_1734571571.580349'}
2024-12-19 09:26:11 - be.model.user - INFO - 尝试注销用户：test_register_user_1734571571.580333_x
2024-12-19 09:26:12 - be.model.user - WARNING - 用户不存在：test_register_user_1734571571.580333_x
2024-12-19 09:26:12 - be.view.auth - INFO - 注销处理结果: 401
2024-12-19 09:26:12 - werkzeug - INFO - 127.0.0.1 - - [19/Dec/2024 09:26:12] "[31m[1mPOST /auth/unregister HTTP/1.1[0m" 401 -
2024-12-19 09:26:12 - be.view.auth - INFO - 收到注销请求: {'user_id': 'test_register_user_1734571571.580333', 'password': 'test_register_password_1734571571.580349_x'}
2024-12-19 09:26:12 - be.model.user - INFO - 尝试注销用户：test_register_user_1734571571.580333
2024-12-19 09:26:12 - be.model.user - WARNING - 密码错误：test_register_user_1734571571.580333
2024-12-19 09:26:12 - be.view.auth - INFO - 注销处理结果: 401
2024-12-19 09:26:12 - werkzeug - INFO - 127.0.0.1 - - [19/Dec/2024 09:26:12] "[31m[1mPOST /auth/unregister HTTP/1.1[0m" 401 -
2024-12-19 09:26:12 - be.view.auth - INFO - 收到注册请求: {'user_id': 'test_register_user_1734571572.389648', 'password': 'test_register_password_1734571572.389657'}
2024-12-19 09:26:12 - be.model.user - INFO - 尝试注册新用户：test_register_user_1734571572.389648
2024-12-19 09:26:12 - be.model.user - INFO - 加密密码...
2024-12-19 09:26:12 - be.model.user - INFO - 创建新用户...
2024-12-19 09:26:12 - be.model.user - INFO - 添加用户到数据库...
2024-12-19 09:26:12 - be.model.user - INFO - 用户注册成功：test_register_user_1734571572.389648
2024-12-19 09:26:12 - be.view.auth - INFO - 注册处理结果: 200
2024-12-19 09:26:12 - werkzeug - INFO - 127.0.0.1 - - [19/Dec/2024 09:26:12] "POST /auth/register HTTP/1.1" 200 -
2024-12-19 09:26:12 - be.view.auth - INFO - 收到注册请求: {'user_id': 'test_register_user_1734571572.389648', 'password': 'test_register_password_1734571572.389657'}
2024-12-19 09:26:12 - be.model.user - INFO - 尝试注册新用户：test_register_user_1734571572.389648
2024-12-19 09:26:12 - be.model.user - WARNING - 用户已存在：test_register_user_1734571572.389648
2024-12-19 09:26:12 - be.view.auth - INFO - 注册处理结果: 401
2024-12-19 09:26:12 - werkzeug - INFO - 127.0.0.1 - - [19/Dec/2024 09:26:12] "[31m[1mPOST /auth/register HTTP/1.1[0m" 401 -
2024-12-19 09:26:12 - be.view.auth - INFO - 收到注册请求: {'user_id': 'test_login_1734571572.962222', 'password': 'password_test_login_1734571572.962222'}
2024-12-19 09:26:12 - be.model.user - INFO - 尝试注册新用户：test_login_1734571572.962222
2024-12-19 09:26:13 - be.model.user - INFO - 加密密码...
2024-12-19 09:26:13 - be.model.user - INFO - 创建新用户...
2024-12-19 09:26:13 - be.model.user - INFO - 添加用户到数据库...
2024-12-19 09:26:13 - be.model.user - INFO - 用户注册成功：test_login_1734571572.962222
2024-12-19 09:26:13 - be.view.auth - INFO - 注册处理结果: 200
2024-12-19 09:26:13 - werkzeug - INFO - 127.0.0.1 - - [19/Dec/2024 09:26:13] "POST /auth/register HTTP/1.1" 200 -
2024-12-19 09:26:13 - be.view.auth - INFO - 收到登录请求: {'user_id': 'test_login_1734571572.962222', 'password': 'password_test_login_1734571572.962222', 'terminal': 'terminal_test_login_1734571572.962222'}
2024-12-19 09:26:13 - be.model.user - INFO - 尝试登录用户：test_login_1734571572.962222，终端：terminal_test_login_1734571572.962222
2024-12-19 09:26:13 - be.model.user - INFO - 为用户 test_login_1734571572.962222 生成新token，终端：terminal_test_login_1734571572.962222
2024-12-19 09:26:13 - be.model.user - INFO - 用户登录成功：test_login_1734571572.962222
2024-12-19 09:26:13 - be.view.auth - INFO - 登录处理结果: 200
2024-12-19 09:26:13 - werkzeug - INFO - 127.0.0.1 - - [19/Dec/2024 09:26:13] "POST /auth/login HTTP/1.1" 200 -
2024-12-19 09:26:13 - be.view.auth - INFO - 收到登出请求: {'user_id': 'test_login_1734571572.962222_x'}
2024-12-19 09:26:13 - be.model.user - INFO - 尝试登出用户：test_login_1734571572.962222_x
2024-12-19 09:26:13 - be.model.user - WARNING - token用户ID不匹配: expected=test_login_1734571572.962222_x, actual=test_login_1734571572.962222
2024-12-19 09:26:13 - be.model.user - WARNING - token验证失败：test_login_1734571572.962222_x
2024-12-19 09:26:13 - be.view.auth - INFO - 登出处理结果: 401
2024-12-19 09:26:13 - werkzeug - INFO - 127.0.0.1 - - [19/Dec/2024 09:26:13] "[31m[1mPOST /auth/logout HTTP/1.1[0m" 401 -
2024-12-19 09:26:13 - be.view.auth - INFO - 收到登出请求: {'user_id': 'test_login_1734571572.962222'}
2024-12-19 09:26:13 - be.model.user - INFO - 尝试登出用户：test_login_1734571572.962222
2024-12-19 09:26:13 - be.model.user - WARNING - 无效的token：eyJhbGciOiJIUzI1NiIsInR5cCI6IkpXVCJ9.eyJ1c2VyX2lkIjoidGVzdF9sb2dpbl8xNzM0NTcxNTcyLjk2MjIyMiIsInRlcm1pbmFsIjoidGVybWluYWxfdGVzdF9sb2dpbl8xNzM0NTcxNTcyLjk2MjIyMiIsImV4cCI6MTczNTE3NjM3MywiaWF0IjoxNzM0NTcxNTczfQ.4U8Pqr-pu6qlfHQAJctHCEDGRGTr-05lEyIek-sfob8_x
2024-12-19 09:26:13 - be.model.user - WARNING - token验证失败：test_login_1734571572.962222
2024-12-19 09:26:13 - be.view.auth - INFO - 登出处理结果: 401
2024-12-19 09:26:13 - werkzeug - INFO - 127.0.0.1 - - [19/Dec/2024 09:26:13] "[31m[1mPOST /auth/logout HTTP/1.1[0m" 401 -
2024-12-19 09:26:13 - be.view.auth - INFO - 收到登出请求: {'user_id': 'test_login_1734571572.962222'}
2024-12-19 09:26:13 - be.model.user - INFO - 尝试登出用户：test_login_1734571572.962222
2024-12-19 09:26:13 - be.model.user - INFO - token验证成功：test_login_1734571572.962222
2024-12-19 09:26:13 - be.model.user - INFO - 用户登出成功：test_login_1734571572.962222
2024-12-19 09:26:13 - be.view.auth - INFO - 登出处理结果: 200
2024-12-19 09:26:13 - werkzeug - INFO - 127.0.0.1 - - [19/Dec/2024 09:26:13] "POST /auth/logout HTTP/1.1" 200 -
2024-12-19 09:26:13 - be.view.auth - INFO - 收到注册请求: {'user_id': 'test_login_1734571573.773668', 'password': 'password_test_login_1734571573.773668'}
2024-12-19 09:26:13 - be.model.user - INFO - 尝试注册新用户：test_login_1734571573.773668
2024-12-19 09:26:13 - be.model.user - INFO - 加密密码...
2024-12-19 09:26:13 - be.model.user - INFO - 创建新用户...
2024-12-19 09:26:13 - be.model.user - INFO - 添加用户到数据库...
2024-12-19 09:26:14 - be.model.user - INFO - 用户注册成功：test_login_1734571573.773668
2024-12-19 09:26:14 - be.view.auth - INFO - 注册处理结果: 200
2024-12-19 09:26:14 - werkzeug - INFO - 127.0.0.1 - - [19/Dec/2024 09:26:14] "POST /auth/register HTTP/1.1" 200 -
2024-12-19 09:26:14 - be.view.auth - INFO - 收到登录请求: {'user_id': 'test_login_1734571573.773668_x', 'password': 'password_test_login_1734571573.773668', 'terminal': 'terminal_test_login_1734571573.773668'}
2024-12-19 09:26:14 - be.model.user - INFO - 尝试登录用户：test_login_1734571573.773668_x，终端：terminal_test_login_1734571573.773668
2024-12-19 09:26:14 - be.model.user - WARNING - 用户不存在：test_login_1734571573.773668_x
2024-12-19 09:26:14 - be.view.auth - INFO - 登录处理结果: 401
2024-12-19 09:26:14 - werkzeug - INFO - 127.0.0.1 - - [19/Dec/2024 09:26:14] "[31m[1mPOST /auth/login HTTP/1.1[0m" 401 -
2024-12-19 09:26:14 - be.view.auth - INFO - 收到注册请求: {'user_id': 'test_login_1734571574.331906', 'password': 'password_test_login_1734571574.331906'}
2024-12-19 09:26:14 - be.model.user - INFO - 尝试注册新用户：test_login_1734571574.331906
2024-12-19 09:26:14 - be.model.user - INFO - 加密密码...
2024-12-19 09:26:14 - be.model.user - INFO - 创建新用户...
2024-12-19 09:26:14 - be.model.user - INFO - 添加用户到数据库...
2024-12-19 09:26:14 - be.model.user - INFO - 用户注册成功：test_login_1734571574.331906
2024-12-19 09:26:14 - be.view.auth - INFO - 注册处理结果: 200
2024-12-19 09:26:14 - werkzeug - INFO - 127.0.0.1 - - [19/Dec/2024 09:26:14] "POST /auth/register HTTP/1.1" 200 -
2024-12-19 09:26:14 - be.view.auth - INFO - 收到登录请求: {'user_id': 'test_login_1734571574.331906', 'password': 'password_test_login_1734571574.331906_x', 'terminal': 'terminal_test_login_1734571574.331906'}
2024-12-19 09:26:14 - be.model.user - INFO - 尝试登录用户：test_login_1734571574.331906，终端：terminal_test_login_1734571574.331906
2024-12-19 09:26:14 - be.model.user - WARNING - 密码错误：test_login_1734571574.331906
2024-12-19 09:26:14 - be.view.auth - INFO - 登录处理结果: 401
2024-12-19 09:26:14 - werkzeug - INFO - 127.0.0.1 - - [19/Dec/2024 09:26:14] "[31m[1mPOST /auth/login HTTP/1.1[0m" 401 -
2024-12-19 09:26:14 - be.view.auth - INFO - 收到注册请求: {'user_id': 'test_password_3d176ddc-bda8-11ef-8c54-02a6845b4b32', 'password': 'old_password_test_password_3d176ddc-bda8-11ef-8c54-02a6845b4b32'}
2024-12-19 09:26:14 - be.model.user - INFO - 尝试注册新用户：test_password_3d176ddc-bda8-11ef-8c54-02a6845b4b32
2024-12-19 09:26:15 - be.model.user - INFO - 加密密码...
2024-12-19 09:26:15 - be.model.user - INFO - 创建新用户...
2024-12-19 09:26:15 - be.model.user - INFO - 添加用户到数据库...
2024-12-19 09:26:15 - be.model.user - INFO - 用户注册成功：test_password_3d176ddc-bda8-11ef-8c54-02a6845b4b32
2024-12-19 09:26:15 - be.view.auth - INFO - 注册处理结果: 200
2024-12-19 09:26:15 - werkzeug - INFO - 127.0.0.1 - - [19/Dec/2024 09:26:15] "POST /auth/register HTTP/1.1" 200 -
2024-12-19 09:26:15 - be.view.auth - INFO - 收到修改密码请求: {'user_id': 'test_password_3d176ddc-bda8-11ef-8c54-02a6845b4b32', 'oldPassword': 'old_password_test_password_3d176ddc-bda8-11ef-8c54-02a6845b4b32', 'newPassword': 'new_password_test_password_3d176ddc-bda8-11ef-8c54-02a6845b4b32'}
2024-12-19 09:26:15 - be.model.user - INFO - 尝试修改密码：test_password_3d176ddc-bda8-11ef-8c54-02a6845b4b32
2024-12-19 09:26:15 - be.model.user - INFO - 密码修改成功：test_password_3d176ddc-bda8-11ef-8c54-02a6845b4b32
2024-12-19 09:26:15 - be.view.auth - INFO - 修改密码处理结果: 200
2024-12-19 09:26:15 - werkzeug - INFO - 127.0.0.1 - - [19/Dec/2024 09:26:15] "POST /auth/password HTTP/1.1" 200 -
2024-12-19 09:26:15 - be.view.auth - INFO - 收到登录请求: {'user_id': 'test_password_3d176ddc-bda8-11ef-8c54-02a6845b4b32', 'password': 'old_password_test_password_3d176ddc-bda8-11ef-8c54-02a6845b4b32', 'terminal': 'terminal_test_password_3d176ddc-bda8-11ef-8c54-02a6845b4b32'}
2024-12-19 09:26:15 - be.model.user - INFO - 尝试登录用户：test_password_3d176ddc-bda8-11ef-8c54-02a6845b4b32，终端：terminal_test_password_3d176ddc-bda8-11ef-8c54-02a6845b4b32
2024-12-19 09:26:15 - be.model.user - WARNING - 密码错误：test_password_3d176ddc-bda8-11ef-8c54-02a6845b4b32
2024-12-19 09:26:15 - be.view.auth - INFO - 登录处理结果: 401
2024-12-19 09:26:15 - werkzeug - INFO - 127.0.0.1 - - [19/Dec/2024 09:26:15] "[31m[1mPOST /auth/login HTTP/1.1[0m" 401 -
2024-12-19 09:26:15 - be.view.auth - INFO - 收到登录请求: {'user_id': 'test_password_3d176ddc-bda8-11ef-8c54-02a6845b4b32', 'password': 'new_password_test_password_3d176ddc-bda8-11ef-8c54-02a6845b4b32', 'terminal': 'terminal_test_password_3d176ddc-bda8-11ef-8c54-02a6845b4b32'}
2024-12-19 09:26:15 - be.model.user - INFO - 尝试登录用户：test_password_3d176ddc-bda8-11ef-8c54-02a6845b4b32，终端：terminal_test_password_3d176ddc-bda8-11ef-8c54-02a6845b4b32
2024-12-19 09:26:15 - be.model.user - INFO - 为用户 test_password_3d176ddc-bda8-11ef-8c54-02a6845b4b32 生成新token，终端：terminal_test_password_3d176ddc-bda8-11ef-8c54-02a6845b4b32
2024-12-19 09:26:15 - be.model.user - INFO - 用户登录成功：test_password_3d176ddc-bda8-11ef-8c54-02a6845b4b32
2024-12-19 09:26:15 - be.view.auth - INFO - 登录处理结果: 200
2024-12-19 09:26:15 - werkzeug - INFO - 127.0.0.1 - - [19/Dec/2024 09:26:15] "POST /auth/login HTTP/1.1" 200 -
2024-12-19 09:26:16 - be.view.auth - INFO - 收到登出请求: {'user_id': 'test_password_3d176ddc-bda8-11ef-8c54-02a6845b4b32'}
2024-12-19 09:26:16 - be.model.user - INFO - 尝试登出用户：test_password_3d176ddc-bda8-11ef-8c54-02a6845b4b32
2024-12-19 09:26:16 - be.model.user - INFO - token验证成功：test_password_3d176ddc-bda8-11ef-8c54-02a6845b4b32
2024-12-19 09:26:16 - be.model.user - INFO - 用户登出成功：test_password_3d176ddc-bda8-11ef-8c54-02a6845b4b32
2024-12-19 09:26:16 - be.view.auth - INFO - 登出处理结果: 200
2024-12-19 09:26:16 - werkzeug - INFO - 127.0.0.1 - - [19/Dec/2024 09:26:16] "POST /auth/logout HTTP/1.1" 200 -
2024-12-19 09:26:16 - be.view.auth - INFO - 收到注册请求: {'user_id': 'test_password_3de52e66-bda8-11ef-8c54-02a6845b4b32', 'password': 'old_password_test_password_3de52e66-bda8-11ef-8c54-02a6845b4b32'}
2024-12-19 09:26:16 - be.model.user - INFO - 尝试注册新用户：test_password_3de52e66-bda8-11ef-8c54-02a6845b4b32
2024-12-19 09:26:16 - be.model.user - INFO - 加密密码...
2024-12-19 09:26:16 - be.model.user - INFO - 创建新用户...
2024-12-19 09:26:16 - be.model.user - INFO - 添加用户到数据库...
2024-12-19 09:26:16 - be.model.user - INFO - 用户注册成功：test_password_3de52e66-bda8-11ef-8c54-02a6845b4b32
2024-12-19 09:26:16 - be.view.auth - INFO - 注册处理结果: 200
2024-12-19 09:26:16 - werkzeug - INFO - 127.0.0.1 - - [19/Dec/2024 09:26:16] "POST /auth/register HTTP/1.1" 200 -
2024-12-19 09:26:16 - be.view.auth - INFO - 收到修改密码请求: {'user_id': 'test_password_3de52e66-bda8-11ef-8c54-02a6845b4b32', 'oldPassword': 'old_password_test_password_3de52e66-bda8-11ef-8c54-02a6845b4b32_x', 'newPassword': 'new_password_test_password_3de52e66-bda8-11ef-8c54-02a6845b4b32'}
2024-12-19 09:26:16 - be.model.user - INFO - 尝试修改密码：test_password_3de52e66-bda8-11ef-8c54-02a6845b4b32
2024-12-19 09:26:16 - be.model.user - WARNING - 旧密码错误：test_password_3de52e66-bda8-11ef-8c54-02a6845b4b32
2024-12-19 09:26:16 - be.view.auth - INFO - 修改密码处理结果: 401
2024-12-19 09:26:16 - werkzeug - INFO - 127.0.0.1 - - [19/Dec/2024 09:26:16] "[31m[1mPOST /auth/password HTTP/1.1[0m" 401 -
2024-12-19 09:26:16 - be.view.auth - INFO - 收到登录请求: {'user_id': 'test_password_3de52e66-bda8-11ef-8c54-02a6845b4b32', 'password': 'new_password_test_password_3de52e66-bda8-11ef-8c54-02a6845b4b32', 'terminal': 'terminal_test_password_3de52e66-bda8-11ef-8c54-02a6845b4b32'}
2024-12-19 09:26:16 - be.model.user - INFO - 尝试登录用户：test_password_3de52e66-bda8-11ef-8c54-02a6845b4b32，终端：terminal_test_password_3de52e66-bda8-11ef-8c54-02a6845b4b32
2024-12-19 09:26:16 - be.model.user - WARNING - 密码错误：test_password_3de52e66-bda8-11ef-8c54-02a6845b4b32
2024-12-19 09:26:17 - be.view.auth - INFO - 登录处理结果: 401
2024-12-19 09:26:17 - werkzeug - INFO - 127.0.0.1 - - [19/Dec/2024 09:26:17] "[31m[1mPOST /auth/login HTTP/1.1[0m" 401 -
2024-12-19 09:26:17 - be.view.auth - INFO - 收到注册请求: {'user_id': 'test_password_3e620832-bda8-11ef-8c54-02a6845b4b32', 'password': 'old_password_test_password_3e620832-bda8-11ef-8c54-02a6845b4b32'}
2024-12-19 09:26:17 - be.model.user - INFO - 尝试注册新用户：test_password_3e620832-bda8-11ef-8c54-02a6845b4b32
2024-12-19 09:26:17 - be.model.user - INFO - 加密密码...
2024-12-19 09:26:17 - be.model.user - INFO - 创建新用户...
2024-12-19 09:26:17 - be.model.user - INFO - 添加用户到数据库...
2024-12-19 09:26:17 - be.model.user - INFO - 用户注册成功：test_password_3e620832-bda8-11ef-8c54-02a6845b4b32
2024-12-19 09:26:17 - be.view.auth - INFO - 注册处理结果: 200
2024-12-19 09:26:17 - werkzeug - INFO - 127.0.0.1 - - [19/Dec/2024 09:26:17] "POST /auth/register HTTP/1.1" 200 -
2024-12-19 09:26:17 - be.view.auth - INFO - 收到修改密码请求: {'user_id': 'test_password_3e620832-bda8-11ef-8c54-02a6845b4b32_x', 'oldPassword': 'old_password_test_password_3e620832-bda8-11ef-8c54-02a6845b4b32', 'newPassword': 'new_password_test_password_3e620832-bda8-11ef-8c54-02a6845b4b32'}
2024-12-19 09:26:17 - be.model.user - INFO - 尝试修改密码：test_password_3e620832-bda8-11ef-8c54-02a6845b4b32_x
2024-12-19 09:26:17 - be.model.user - WARNING - 用户不存在：test_password_3e620832-bda8-11ef-8c54-02a6845b4b32_x
2024-12-19 09:26:17 - be.view.auth - INFO - 修改密码处理结果: 401
2024-12-19 09:26:17 - werkzeug - INFO - 127.0.0.1 - - [19/Dec/2024 09:26:17] "[31m[1mPOST /auth/password HTTP/1.1[0m" 401 -
2024-12-19 09:26:17 - be.view.auth - INFO - 收到登录请求: {'user_id': 'test_password_3e620832-bda8-11ef-8c54-02a6845b4b32', 'password': 'new_password_test_password_3e620832-bda8-11ef-8c54-02a6845b4b32', 'terminal': 'terminal_test_password_3e620832-bda8-11ef-8c54-02a6845b4b32'}
2024-12-19 09:26:17 - be.model.user - INFO - 尝试登录用户：test_password_3e620832-bda8-11ef-8c54-02a6845b4b32，终端：terminal_test_password_3e620832-bda8-11ef-8c54-02a6845b4b32
2024-12-19 09:26:17 - be.model.user - WARNING - 密码错误：test_password_3e620832-bda8-11ef-8c54-02a6845b4b32
2024-12-19 09:26:17 - be.view.auth - INFO - 登录处理结果: 401
2024-12-19 09:26:17 - werkzeug - INFO - 127.0.0.1 - - [19/Dec/2024 09:26:17] "[31m[1mPOST /auth/login HTTP/1.1[0m" 401 -
2024-12-19 09:26:17 - be.view.auth - INFO - 收到注册请求: {'user_id': 'test_add_funds_3eda68ae-bda8-11ef-8c54-02a6845b4b32', 'password': 'test_add_funds_3eda68ae-bda8-11ef-8c54-02a6845b4b32'}
2024-12-19 09:26:17 - be.model.user - INFO - 尝试注册新用户：test_add_funds_3eda68ae-bda8-11ef-8c54-02a6845b4b32
2024-12-19 09:26:17 - be.model.user - INFO - 加密密码...
2024-12-19 09:26:17 - be.model.user - INFO - 创建新用户...
2024-12-19 09:26:17 - be.model.user - INFO - 添加用户到数据库...
2024-12-19 09:26:18 - be.model.user - INFO - 用户注册成功：test_add_funds_3eda68ae-bda8-11ef-8c54-02a6845b4b32
2024-12-19 09:26:18 - be.view.auth - INFO - 注册处理结果: 200
2024-12-19 09:26:18 - werkzeug - INFO - 127.0.0.1 - - [19/Dec/2024 09:26:18] "POST /auth/register HTTP/1.1" 200 -
2024-12-19 09:26:18 - be.view.auth - INFO - 收到登录请求: {'user_id': 'test_add_funds_3eda68ae-bda8-11ef-8c54-02a6845b4b32', 'password': 'test_add_funds_3eda68ae-bda8-11ef-8c54-02a6845b4b32', 'terminal': 'my terminal'}
2024-12-19 09:26:18 - be.model.user - INFO - 尝试登录用户：test_add_funds_3eda68ae-bda8-11ef-8c54-02a6845b4b32，终端：my terminal
2024-12-19 09:26:18 - be.model.user - INFO - 为用户 test_add_funds_3eda68ae-bda8-11ef-8c54-02a6845b4b32 生成新token，终端：my terminal
2024-12-19 09:26:18 - be.model.user - INFO - 用户登录成功：test_add_funds_3eda68ae-bda8-11ef-8c54-02a6845b4b32
2024-12-19 09:26:18 - be.view.auth - INFO - 登录处理结果: 200
2024-12-19 09:26:18 - werkzeug - INFO - 127.0.0.1 - - [19/Dec/2024 09:26:18] "POST /auth/login HTTP/1.1" 200 -
2024-12-19 09:26:18 - werkzeug - INFO - 127.0.0.1 - - [19/Dec/2024 09:26:18] "POST /buyer/add_funds HTTP/1.1" 200 -
2024-12-19 09:26:18 - werkzeug - INFO - 127.0.0.1 - - [19/Dec/2024 09:26:18] "POST /buyer/add_funds HTTP/1.1" 200 -
2024-12-19 09:26:18 - be.view.auth - INFO - 收到注册请求: {'user_id': 'test_add_funds_3f76ffc0-bda8-11ef-8c54-02a6845b4b32', 'password': 'test_add_funds_3f76ffc0-bda8-11ef-8c54-02a6845b4b32'}
2024-12-19 09:26:18 - be.model.user - INFO - 尝试注册新用户：test_add_funds_3f76ffc0-bda8-11ef-8c54-02a6845b4b32
2024-12-19 09:26:18 - be.model.user - INFO - 加密密码...
2024-12-19 09:26:18 - be.model.user - INFO - 创建新用户...
2024-12-19 09:26:18 - be.model.user - INFO - 添加用户到数据库...
2024-12-19 09:26:19 - be.model.user - INFO - 用户注册成功：test_add_funds_3f76ffc0-bda8-11ef-8c54-02a6845b4b32
2024-12-19 09:26:19 - be.view.auth - INFO - 注册处理结果: 200
2024-12-19 09:26:19 - werkzeug - INFO - 127.0.0.1 - - [19/Dec/2024 09:26:19] "POST /auth/register HTTP/1.1" 200 -
2024-12-19 09:26:19 - be.view.auth - INFO - 收到登录请求: {'user_id': 'test_add_funds_3f76ffc0-bda8-11ef-8c54-02a6845b4b32', 'password': 'test_add_funds_3f76ffc0-bda8-11ef-8c54-02a6845b4b32', 'terminal': 'my terminal'}
2024-12-19 09:26:19 - be.model.user - INFO - 尝试登录用户：test_add_funds_3f76ffc0-bda8-11ef-8c54-02a6845b4b32，终端：my terminal
2024-12-19 09:26:19 - be.model.user - INFO - 为用户 test_add_funds_3f76ffc0-bda8-11ef-8c54-02a6845b4b32 生成新token，终端：my terminal
2024-12-19 09:26:19 - be.model.user - INFO - 用户登录成功：test_add_funds_3f76ffc0-bda8-11ef-8c54-02a6845b4b32
2024-12-19 09:26:19 - be.view.auth - INFO - 登录处理结果: 200
2024-12-19 09:26:19 - werkzeug - INFO - 127.0.0.1 - - [19/Dec/2024 09:26:19] "POST /auth/login HTTP/1.1" 200 -
2024-12-19 09:26:19 - werkzeug - INFO - 127.0.0.1 - - [19/Dec/2024 09:26:19] "[31m[1mPOST /buyer/add_funds HTTP/1.1[0m" 401 -
2024-12-19 09:26:19 - be.view.auth - INFO - 收到注册请求: {'user_id': 'test_add_funds_3fddc48a-bda8-11ef-8c54-02a6845b4b32', 'password': 'test_add_funds_3fddc48a-bda8-11ef-8c54-02a6845b4b32'}
2024-12-19 09:26:19 - be.model.user - INFO - 尝试注册新用户：test_add_funds_3fddc48a-bda8-11ef-8c54-02a6845b4b32
2024-12-19 09:26:19 - be.model.user - INFO - 加密密码...
2024-12-19 09:26:19 - be.model.user - INFO - 创建新用户...
2024-12-19 09:26:19 - be.model.user - INFO - 添加用户到数据库...
2024-12-19 09:26:20 - be.model.user - INFO - 用户注册成功：test_add_funds_3fddc48a-bda8-11ef-8c54-02a6845b4b32
2024-12-19 09:26:20 - be.view.auth - INFO - 注册处理结果: 200
2024-12-19 09:26:20 - werkzeug - INFO - 127.0.0.1 - - [19/Dec/2024 09:26:20] "POST /auth/register HTTP/1.1" 200 -
2024-12-19 09:26:20 - be.view.auth - INFO - 收到登录请求: {'user_id': 'test_add_funds_3fddc48a-bda8-11ef-8c54-02a6845b4b32', 'password': 'test_add_funds_3fddc48a-bda8-11ef-8c54-02a6845b4b32', 'terminal': 'my terminal'}
2024-12-19 09:26:20 - be.model.user - INFO - 尝试登录用户：test_add_funds_3fddc48a-bda8-11ef-8c54-02a6845b4b32，终端：my terminal
2024-12-19 09:26:20 - be.model.user - INFO - 为用户 test_add_funds_3fddc48a-bda8-11ef-8c54-02a6845b4b32 生成新token，终端：my terminal
2024-12-19 09:26:20 - be.model.user - INFO - 用户登录成功：test_add_funds_3fddc48a-bda8-11ef-8c54-02a6845b4b32
2024-12-19 09:26:20 - be.view.auth - INFO - 登录处理结果: 200
2024-12-19 09:26:20 - werkzeug - INFO - 127.0.0.1 - - [19/Dec/2024 09:26:20] "POST /auth/login HTTP/1.1" 200 -
2024-12-19 09:26:20 - werkzeug - INFO - 127.0.0.1 - - [19/Dec/2024 09:26:20] "[31m[1mPOST /buyer/add_funds HTTP/1.1[0m" 401 -
2024-12-19 09:26:20 - be.view.auth - INFO - 收到注册请求: {'user_id': 'test_create_store_user_406f96c6-bda8-11ef-8c54-02a6845b4b32', 'password': 'test_create_store_user_406f96c6-bda8-11ef-8c54-02a6845b4b32'}
2024-12-19 09:26:20 - be.model.user - INFO - 尝试注册新用户：test_create_store_user_406f96c6-bda8-11ef-8c54-02a6845b4b32
2024-12-19 09:26:20 - be.model.user - INFO - 加密密码...
2024-12-19 09:26:20 - be.model.user - INFO - 创建新用户...
2024-12-19 09:26:20 - be.model.user - INFO - 添加用户到数据库...
2024-12-19 09:26:20 - be.model.user - INFO - 用户注册成功：test_create_store_user_406f96c6-bda8-11ef-8c54-02a6845b4b32
2024-12-19 09:26:20 - be.view.auth - INFO - 注册处理结果: 200
2024-12-19 09:26:20 - werkzeug - INFO - 127.0.0.1 - - [19/Dec/2024 09:26:20] "POST /auth/register HTTP/1.1" 200 -
2024-12-19 09:26:20 - be.view.auth - INFO - 收到登录请求: {'user_id': 'test_create_store_user_406f96c6-bda8-11ef-8c54-02a6845b4b32', 'password': 'test_create_store_user_406f96c6-bda8-11ef-8c54-02a6845b4b32', 'terminal': 'my terminal'}
2024-12-19 09:26:20 - be.model.user - INFO - 尝试登录用户：test_create_store_user_406f96c6-bda8-11ef-8c54-02a6845b4b32，终端：my terminal
2024-12-19 09:26:20 - be.model.user - INFO - 为用户 test_create_store_user_406f96c6-bda8-11ef-8c54-02a6845b4b32 生成新token，终端：my terminal
2024-12-19 09:26:20 - be.model.user - INFO - 用户登录成功：test_create_store_user_406f96c6-bda8-11ef-8c54-02a6845b4b32
2024-12-19 09:26:21 - be.view.auth - INFO - 登录处理结果: 200
2024-12-19 09:26:21 - werkzeug - INFO - 127.0.0.1 - - [19/Dec/2024 09:26:21] "POST /auth/login HTTP/1.1" 200 -
2024-12-19 09:26:21 - be.model.seller - INFO - 商店创建成功: test_create_store_store_406f97ac-bda8-11ef-8c54-02a6845b4b32
2024-12-19 09:26:21 - werkzeug - INFO - 127.0.0.1 - - [19/Dec/2024 09:26:21] "POST /seller/create_store HTTP/1.1" 200 -
2024-12-19 09:26:21 - be.view.auth - INFO - 收到注册请求: {'user_id': 'test_create_store_user_41032f94-bda8-11ef-8c54-02a6845b4b32', 'password': 'test_create_store_user_41032f94-bda8-11ef-8c54-02a6845b4b32'}
2024-12-19 09:26:21 - be.model.user - INFO - 尝试注册新用户：test_create_store_user_41032f94-bda8-11ef-8c54-02a6845b4b32
2024-12-19 09:26:21 - be.model.user - INFO - 加密密码...
2024-12-19 09:26:21 - be.model.user - INFO - 创建新用户...
2024-12-19 09:26:21 - be.model.user - INFO - 添加用户到数据库...
2024-12-19 09:26:21 - be.model.user - INFO - 用户注册成功：test_create_store_user_41032f94-bda8-11ef-8c54-02a6845b4b32
2024-12-19 09:26:21 - be.view.auth - INFO - 注册处理结果: 200
2024-12-19 09:26:21 - werkzeug - INFO - 127.0.0.1 - - [19/Dec/2024 09:26:21] "POST /auth/register HTTP/1.1" 200 -
2024-12-19 09:26:21 - be.view.auth - INFO - 收到登录请求: {'user_id': 'test_create_store_user_41032f94-bda8-11ef-8c54-02a6845b4b32', 'password': 'test_create_store_user_41032f94-bda8-11ef-8c54-02a6845b4b32', 'terminal': 'my terminal'}
2024-12-19 09:26:21 - be.model.user - INFO - 尝试登录用户：test_create_store_user_41032f94-bda8-11ef-8c54-02a6845b4b32，终端：my terminal
2024-12-19 09:26:21 - be.model.user - INFO - 为用户 test_create_store_user_41032f94-bda8-11ef-8c54-02a6845b4b32 生成新token，终端：my terminal
2024-12-19 09:26:21 - be.model.user - INFO - 用户登录成功：test_create_store_user_41032f94-bda8-11ef-8c54-02a6845b4b32
2024-12-19 09:26:22 - be.view.auth - INFO - 登录处理结果: 200
2024-12-19 09:26:22 - werkzeug - INFO - 127.0.0.1 - - [19/Dec/2024 09:26:22] "POST /auth/login HTTP/1.1" 200 -
2024-12-19 09:26:22 - be.model.seller - INFO - 商店创建成功: test_create_store_store_41033282-bda8-11ef-8c54-02a6845b4b32
2024-12-19 09:26:22 - werkzeug - INFO - 127.0.0.1 - - [19/Dec/2024 09:26:22] "POST /seller/create_store HTTP/1.1" 200 -
2024-12-19 09:26:22 - be.model.seller - WARNING - 商店已存在: test_create_store_store_41033282-bda8-11ef-8c54-02a6845b4b32
2024-12-19 09:26:22 - werkzeug - INFO - 127.0.0.1 - - [19/Dec/2024 09:26:22] "[31m[1mPOST /seller/create_store HTTP/1.1[0m" 401 -
2024-12-19 09:26:22 - be.view.auth - INFO - 收到注册请求: {'user_id': 'test_add_books_seller_id_41d7adc8-bda8-11ef-8c54-02a6845b4b32', 'password': 'test_add_books_seller_id_41d7adc8-bda8-11ef-8c54-02a6845b4b32'}
2024-12-19 09:26:22 - be.model.user - INFO - 尝试注册新用户：test_add_books_seller_id_41d7adc8-bda8-11ef-8c54-02a6845b4b32
2024-12-19 09:26:22 - be.model.user - INFO - 加密密码...
2024-12-19 09:26:22 - be.model.user - INFO - 创建新用户...
2024-12-19 09:26:22 - be.model.user - INFO - 添加用户到数据库...
2024-12-19 09:26:23 - be.model.user - INFO - 用户注册成功：test_add_books_seller_id_41d7adc8-bda8-11ef-8c54-02a6845b4b32
2024-12-19 09:26:23 - be.view.auth - INFO - 注册处理结果: 200
2024-12-19 09:26:23 - werkzeug - INFO - 127.0.0.1 - - [19/Dec/2024 09:26:23] "POST /auth/register HTTP/1.1" 200 -
2024-12-19 09:26:23 - be.view.auth - INFO - 收到登录请求: {'user_id': 'test_add_books_seller_id_41d7adc8-bda8-11ef-8c54-02a6845b4b32', 'password': 'test_add_books_seller_id_41d7adc8-bda8-11ef-8c54-02a6845b4b32', 'terminal': 'my terminal'}
2024-12-19 09:26:23 - be.model.user - INFO - 尝试登录用户：test_add_books_seller_id_41d7adc8-bda8-11ef-8c54-02a6845b4b32，终端：my terminal
2024-12-19 09:26:23 - be.model.user - INFO - 为用户 test_add_books_seller_id_41d7adc8-bda8-11ef-8c54-02a6845b4b32 生成新token，终端：my terminal
2024-12-19 09:26:23 - be.model.user - INFO - 用户登录成功：test_add_books_seller_id_41d7adc8-bda8-11ef-8c54-02a6845b4b32
2024-12-19 09:26:23 - be.view.auth - INFO - 登录处理结果: 200
2024-12-19 09:26:23 - werkzeug - INFO - 127.0.0.1 - - [19/Dec/2024 09:26:23] "POST /auth/login HTTP/1.1" 200 -
2024-12-19 09:26:23 - be.model.seller - INFO - 商店创建成功: test_add_books_store_id_41d7b106-bda8-11ef-8c54-02a6845b4b32
2024-12-19 09:26:23 - werkzeug - INFO - 127.0.0.1 - - [19/Dec/2024 09:26:23] "POST /seller/create_store HTTP/1.1" 200 -
2024-12-19 09:26:25 - be.model.seller - INFO - 图书添加成功: book_id=1000067
2024-12-19 09:26:25 - werkzeug - INFO - 127.0.0.1 - - [19/Dec/2024 09:26:25] "POST /seller/add_book HTTP/1.1" 200 -
2024-12-19 09:26:25 - be.model.seller - INFO - 图书添加成功: book_id=1000134
2024-12-19 09:26:25 - werkzeug - INFO - 127.0.0.1 - - [19/Dec/2024 09:26:25] "POST /seller/add_book HTTP/1.1" 200 -
2024-12-19 09:26:25 - be.view.auth - INFO - 收到注册请求: {'user_id': 'test_add_books_seller_id_438ae130-bda8-11ef-8c54-02a6845b4b32', 'password': 'test_add_books_seller_id_438ae130-bda8-11ef-8c54-02a6845b4b32'}
2024-12-19 09:26:25 - be.model.user - INFO - 尝试注册新用户：test_add_books_seller_id_438ae130-bda8-11ef-8c54-02a6845b4b32
2024-12-19 09:26:25 - be.model.user - INFO - 加密密码...
2024-12-19 09:26:25 - be.model.user - INFO - 创建新用户...
2024-12-19 09:26:25 - be.model.user - INFO - 添加用户到数据库...
2024-12-19 09:26:26 - be.model.user - INFO - 用户注册成功：test_add_books_seller_id_438ae130-bda8-11ef-8c54-02a6845b4b32
2024-12-19 09:26:26 - be.view.auth - INFO - 注册处理结果: 200
2024-12-19 09:26:26 - werkzeug - INFO - 127.0.0.1 - - [19/Dec/2024 09:26:26] "POST /auth/register HTTP/1.1" 200 -
2024-12-19 09:26:26 - be.view.auth - INFO - 收到登录请求: {'user_id': 'test_add_books_seller_id_438ae130-bda8-11ef-8c54-02a6845b4b32', 'password': 'test_add_books_seller_id_438ae130-bda8-11ef-8c54-02a6845b4b32', 'terminal': 'my terminal'}
2024-12-19 09:26:26 - be.model.user - INFO - 尝试登录用户：test_add_books_seller_id_438ae130-bda8-11ef-8c54-02a6845b4b32，终端：my terminal
2024-12-19 09:26:26 - be.model.user - INFO - 为用户 test_add_books_seller_id_438ae130-bda8-11ef-8c54-02a6845b4b32 生成新token，终端：my terminal
2024-12-19 09:26:26 - be.model.user - INFO - 用户登录成功：test_add_books_seller_id_438ae130-bda8-11ef-8c54-02a6845b4b32
2024-12-19 09:26:26 - be.view.auth - INFO - 登录处理结果: 200
2024-12-19 09:26:26 - werkzeug - INFO - 127.0.0.1 - - [19/Dec/2024 09:26:26] "POST /auth/login HTTP/1.1" 200 -
2024-12-19 09:26:26 - be.model.seller - INFO - 商店创建成功: test_add_books_store_id_438ae310-bda8-11ef-8c54-02a6845b4b32
2024-12-19 09:26:26 - werkzeug - INFO - 127.0.0.1 - - [19/Dec/2024 09:26:26] "POST /seller/create_store HTTP/1.1" 200 -
2024-12-19 09:26:27 - be.model.seller - WARNING - 商店不存在: test_add_books_store_id_438ae310-bda8-11ef-8c54-02a6845b4b32x
2024-12-19 09:26:27 - werkzeug - INFO - 127.0.0.1 - - [19/Dec/2024 09:26:27] "[31m[1mPOST /seller/add_book HTTP/1.1[0m" 401 -
2024-12-19 09:26:28 - be.model.seller - WARNING - 商店不存在: test_add_books_store_id_438ae310-bda8-11ef-8c54-02a6845b4b32x
2024-12-19 09:26:28 - werkzeug - INFO - 127.0.0.1 - - [19/Dec/2024 09:26:28] "[31m[1mPOST /seller/add_book HTTP/1.1[0m" 401 -
2024-12-19 09:26:28 - be.view.auth - INFO - 收到注册请求: {'user_id': 'test_add_books_seller_id_450bc164-bda8-11ef-8c54-02a6845b4b32', 'password': 'test_add_books_seller_id_450bc164-bda8-11ef-8c54-02a6845b4b32'}
2024-12-19 09:26:28 - be.model.user - INFO - 尝试注册新用户：test_add_books_seller_id_450bc164-bda8-11ef-8c54-02a6845b4b32
2024-12-19 09:26:28 - be.model.user - INFO - 加密密码...
2024-12-19 09:26:28 - be.model.user - INFO - 创建新用户...
2024-12-19 09:26:28 - be.model.user - INFO - 添加用户到数据库...
2024-12-19 09:26:28 - be.model.user - INFO - 用户注册成功：test_add_books_seller_id_450bc164-bda8-11ef-8c54-02a6845b4b32
2024-12-19 09:26:28 - be.view.auth - INFO - 注册处理结果: 200
2024-12-19 09:26:28 - werkzeug - INFO - 127.0.0.1 - - [19/Dec/2024 09:26:28] "POST /auth/register HTTP/1.1" 200 -
2024-12-19 09:26:28 - be.view.auth - INFO - 收到登录请求: {'user_id': 'test_add_books_seller_id_450bc164-bda8-11ef-8c54-02a6845b4b32', 'password': 'test_add_books_seller_id_450bc164-bda8-11ef-8c54-02a6845b4b32', 'terminal': 'my terminal'}
2024-12-19 09:26:28 - be.model.user - INFO - 尝试登录用户：test_add_books_seller_id_450bc164-bda8-11ef-8c54-02a6845b4b32，终端：my terminal
2024-12-19 09:26:28 - be.model.user - INFO - 为用户 test_add_books_seller_id_450bc164-bda8-11ef-8c54-02a6845b4b32 生成新token，终端：my terminal
2024-12-19 09:26:28 - be.model.user - INFO - 用户登录成功：test_add_books_seller_id_450bc164-bda8-11ef-8c54-02a6845b4b32
2024-12-19 09:26:28 - be.view.auth - INFO - 登录处理结果: 200
2024-12-19 09:26:28 - werkzeug - INFO - 127.0.0.1 - - [19/Dec/2024 09:26:28] "POST /auth/login HTTP/1.1" 200 -
2024-12-19 09:26:29 - be.model.seller - INFO - 商店创建成功: test_add_books_store_id_450bc24a-bda8-11ef-8c54-02a6845b4b32
2024-12-19 09:26:29 - werkzeug - INFO - 127.0.0.1 - - [19/Dec/2024 09:26:29] "POST /seller/create_store HTTP/1.1" 200 -
2024-12-19 09:26:30 - be.model.seller - ERROR - 添加图书失败: (pymysql.err.IntegrityError) (1062, "Duplicate entry '1000067' for key 'books.PRIMARY'")
[SQL: INSERT INTO books (book_id, store_id, title, author, publisher, original_price, price, stock_level) VALUES (%(book_id)s, %(store_id)s, %(title)s, %(author)s, %(publisher)s, %(original_price)s, %(price)s, %(stock_level)s)]
[parameters: {'book_id': '1000067', 'store_id': 'test_add_books_store_id_450bc24a-bda8-11ef-8c54-02a6845b4b32', 'title': '美丽心灵', 'author': '[美] 西尔维娅·娜萨', 'publisher': '上海科技教育出版社', 'original_price': 0.0, 'price': 3879.0, 'stock_level': 0}]
(Background on this error at: https://sqlalche.me/e/20/gkpj)
2024-12-19 09:26:30 - werkzeug - INFO - 127.0.0.1 - - [19/Dec/2024 09:26:30] "[35m[1mPOST /seller/add_book HTTP/1.1[0m" 500 -
2024-12-19 09:26:30 - be.view.auth - INFO - 收到注册请求: {'user_id': 'test_add_books_seller_id_467d2d8a-bda8-11ef-8c54-02a6845b4b32', 'password': 'test_add_books_seller_id_467d2d8a-bda8-11ef-8c54-02a6845b4b32'}
2024-12-19 09:26:30 - be.model.user - INFO - 尝试注册新用户：test_add_books_seller_id_467d2d8a-bda8-11ef-8c54-02a6845b4b32
2024-12-19 09:26:30 - be.model.user - INFO - 加密密码...
2024-12-19 09:26:30 - be.model.user - INFO - 创建新用户...
2024-12-19 09:26:30 - be.model.user - INFO - 添加用户到数据库...
2024-12-19 09:26:31 - be.model.user - INFO - 用户注册成功：test_add_books_seller_id_467d2d8a-bda8-11ef-8c54-02a6845b4b32
2024-12-19 09:26:31 - be.view.auth - INFO - 注册处理结果: 200
2024-12-19 09:26:31 - werkzeug - INFO - 127.0.0.1 - - [19/Dec/2024 09:26:31] "POST /auth/register HTTP/1.1" 200 -
2024-12-19 09:26:31 - be.view.auth - INFO - 收到登录请求: {'user_id': 'test_add_books_seller_id_467d2d8a-bda8-11ef-8c54-02a6845b4b32', 'password': 'test_add_books_seller_id_467d2d8a-bda8-11ef-8c54-02a6845b4b32', 'terminal': 'my terminal'}
2024-12-19 09:26:31 - be.model.user - INFO - 尝试登录用户：test_add_books_seller_id_467d2d8a-bda8-11ef-8c54-02a6845b4b32，终端：my terminal
2024-12-19 09:26:31 - be.model.user - INFO - 为用户 test_add_books_seller_id_467d2d8a-bda8-11ef-8c54-02a6845b4b32 生成新token，终端：my terminal
2024-12-19 09:26:31 - be.model.user - INFO - 用户登录成功：test_add_books_seller_id_467d2d8a-bda8-11ef-8c54-02a6845b4b32
2024-12-19 09:26:31 - be.view.auth - INFO - 登录处理结果: 200
2024-12-19 09:26:31 - werkzeug - INFO - 127.0.0.1 - - [19/Dec/2024 09:26:31] "POST /auth/login HTTP/1.1" 200 -
2024-12-19 09:26:31 - be.model.seller - INFO - 商店创建成功: test_add_books_store_id_467d2e2a-bda8-11ef-8c54-02a6845b4b32
2024-12-19 09:26:31 - werkzeug - INFO - 127.0.0.1 - - [19/Dec/2024 09:26:31] "POST /seller/create_store HTTP/1.1" 200 -
2024-12-19 09:26:32 - be.model.seller - WARNING - 用户不存在: test_add_books_seller_id_467d2d8a-bda8-11ef-8c54-02a6845b4b32_x
2024-12-19 09:26:33 - werkzeug - INFO - 127.0.0.1 - - [19/Dec/2024 09:26:33] "[31m[1mPOST /seller/add_book HTTP/1.1[0m" 401 -
2024-12-19 09:26:33 - be.model.seller - WARNING - 用户不存在: test_add_books_seller_id_467d2d8a-bda8-11ef-8c54-02a6845b4b32_x_x
2024-12-19 09:26:33 - werkzeug - INFO - 127.0.0.1 - - [19/Dec/2024 09:26:33] "[31m[1mPOST /seller/add_book HTTP/1.1[0m" 401 -
2024-12-19 09:26:33 - be.view.auth - INFO - 收到注册请求: {'user_id': 'test_add_book_stock_level1_user_4818c384-bda8-11ef-8c54-02a6845b4b32', 'password': 'test_add_book_stock_level1_user_4818c384-bda8-11ef-8c54-02a6845b4b32'}
2024-12-19 09:26:33 - be.model.user - INFO - 尝试注册新用户：test_add_book_stock_level1_user_4818c384-bda8-11ef-8c54-02a6845b4b32
2024-12-19 09:26:33 - be.model.user - INFO - 加密密码...
2024-12-19 09:26:33 - be.model.user - INFO - 创建新用户...
2024-12-19 09:26:33 - be.model.user - INFO - 添加用户到数据库...
2024-12-19 09:26:33 - be.model.user - INFO - 用户注册成功：test_add_book_stock_level1_user_4818c384-bda8-11ef-8c54-02a6845b4b32
2024-12-19 09:26:33 - be.view.auth - INFO - 注册处理结果: 200
2024-12-19 09:26:33 - werkzeug - INFO - 127.0.0.1 - - [19/Dec/2024 09:26:33] "POST /auth/register HTTP/1.1" 200 -
2024-12-19 09:26:33 - be.view.auth - INFO - 收到登录请求: {'user_id': 'test_add_book_stock_level1_user_4818c384-bda8-11ef-8c54-02a6845b4b32', 'password': 'test_add_book_stock_level1_user_4818c384-bda8-11ef-8c54-02a6845b4b32', 'terminal': 'my terminal'}
2024-12-19 09:26:33 - be.model.user - INFO - 尝试登录用户：test_add_book_stock_level1_user_4818c384-bda8-11ef-8c54-02a6845b4b32，终端：my terminal
2024-12-19 09:26:33 - be.model.user - INFO - 为用户 test_add_book_stock_level1_user_4818c384-bda8-11ef-8c54-02a6845b4b32 生成新token，终端：my terminal
2024-12-19 09:26:33 - be.model.user - INFO - 用户登录成功：test_add_book_stock_level1_user_4818c384-bda8-11ef-8c54-02a6845b4b32
2024-12-19 09:26:33 - be.view.auth - INFO - 登录处理结果: 200
2024-12-19 09:26:33 - werkzeug - INFO - 127.0.0.1 - - [19/Dec/2024 09:26:33] "POST /auth/login HTTP/1.1" 200 -
2024-12-19 09:26:34 - be.model.seller - INFO - 商店创建成功: test_add_book_stock_level1_store_4818c564-bda8-11ef-8c54-02a6845b4b32
2024-12-19 09:26:34 - werkzeug - INFO - 127.0.0.1 - - [19/Dec/2024 09:26:34] "POST /seller/create_store HTTP/1.1" 200 -
2024-12-19 09:26:35 - be.model.seller - ERROR - 添加图书失败: (pymysql.err.IntegrityError) (1062, "Duplicate entry '1000067' for key 'books.PRIMARY'")
[SQL: INSERT INTO books (book_id, store_id, title, author, publisher, original_price, price, stock_level) VALUES (%(book_id)s, %(store_id)s, %(title)s, %(author)s, %(publisher)s, %(original_price)s, %(price)s, %(stock_level)s)]
[parameters: {'book_id': '1000067', 'store_id': 'test_add_book_stock_level1_store_4818c564-bda8-11ef-8c54-02a6845b4b32', 'title': '美丽心灵', 'author': '[美] 西尔维娅·娜萨', 'publisher': '上海科技教育出版社', 'original_price': 0.0, 'price': 3879.0, 'stock_level': 0}]
(Background on this error at: https://sqlalche.me/e/20/gkpj)
2024-12-19 09:26:35 - werkzeug - INFO - 127.0.0.1 - - [19/Dec/2024 09:26:35] "[35m[1mPOST /seller/add_book HTTP/1.1[0m" 500 -
2024-12-19 09:26:35 - be.view.auth - INFO - 收到注册请求: {'user_id': 'test_add_book_stock_level1_user_49908288-bda8-11ef-8c54-02a6845b4b32', 'password': 'test_add_book_stock_level1_user_49908288-bda8-11ef-8c54-02a6845b4b32'}
2024-12-19 09:26:35 - be.model.user - INFO - 尝试注册新用户：test_add_book_stock_level1_user_49908288-bda8-11ef-8c54-02a6845b4b32
2024-12-19 09:26:35 - be.model.user - INFO - 加密密码...
2024-12-19 09:26:35 - be.model.user - INFO - 创建新用户...
2024-12-19 09:26:35 - be.model.user - INFO - 添加用户到数据库...
2024-12-19 09:26:36 - be.model.user - INFO - 用户注册成功：test_add_book_stock_level1_user_49908288-bda8-11ef-8c54-02a6845b4b32
2024-12-19 09:26:36 - be.view.auth - INFO - 注册处理结果: 200
2024-12-19 09:26:36 - werkzeug - INFO - 127.0.0.1 - - [19/Dec/2024 09:26:36] "POST /auth/register HTTP/1.1" 200 -
2024-12-19 09:26:36 - be.view.auth - INFO - 收到登录请求: {'user_id': 'test_add_book_stock_level1_user_49908288-bda8-11ef-8c54-02a6845b4b32', 'password': 'test_add_book_stock_level1_user_49908288-bda8-11ef-8c54-02a6845b4b32', 'terminal': 'my terminal'}
2024-12-19 09:26:36 - be.model.user - INFO - 尝试登录用户：test_add_book_stock_level1_user_49908288-bda8-11ef-8c54-02a6845b4b32，终端：my terminal
2024-12-19 09:26:36 - be.model.user - INFO - 为用户 test_add_book_stock_level1_user_49908288-bda8-11ef-8c54-02a6845b4b32 生成新token，终端：my terminal
2024-12-19 09:26:36 - be.model.user - INFO - 用户登录成功：test_add_book_stock_level1_user_49908288-bda8-11ef-8c54-02a6845b4b32
2024-12-19 09:26:36 - be.view.auth - INFO - 登录处理结果: 200
2024-12-19 09:26:36 - werkzeug - INFO - 127.0.0.1 - - [19/Dec/2024 09:26:36] "POST /auth/login HTTP/1.1" 200 -
2024-12-19 09:26:36 - be.model.seller - INFO - 商店创建成功: test_add_book_stock_level1_store_49908472-bda8-11ef-8c54-02a6845b4b32
2024-12-19 09:26:36 - werkzeug - INFO - 127.0.0.1 - - [19/Dec/2024 09:26:36] "POST /seller/create_store HTTP/1.1" 200 -
2024-12-19 09:26:38 - be.model.seller - ERROR - 添加图书失败: (pymysql.err.IntegrityError) (1062, "Duplicate entry '1000067' for key 'books.PRIMARY'")
[SQL: INSERT INTO books (book_id, store_id, title, author, publisher, original_price, price, stock_level) VALUES (%(book_id)s, %(store_id)s, %(title)s, %(author)s, %(publisher)s, %(original_price)s, %(price)s, %(stock_level)s)]
[parameters: {'book_id': '1000067', 'store_id': 'test_add_book_stock_level1_store_49908472-bda8-11ef-8c54-02a6845b4b32', 'title': '美丽心灵', 'author': '[美] 西尔维娅·娜萨', 'publisher': '上海科技教育出版社', 'original_price': 0.0, 'price': 3879.0, 'stock_level': 0}]
(Background on this error at: https://sqlalche.me/e/20/gkpj)
2024-12-19 09:26:38 - werkzeug - INFO - 127.0.0.1 - - [19/Dec/2024 09:26:38] "[35m[1mPOST /seller/add_book HTTP/1.1[0m" 500 -
2024-12-19 09:26:38 - be.view.auth - INFO - 收到注册请求: {'user_id': 'test_add_book_stock_level1_user_4b08a870-bda8-11ef-8c54-02a6845b4b32', 'password': 'test_add_book_stock_level1_user_4b08a870-bda8-11ef-8c54-02a6845b4b32'}
2024-12-19 09:26:38 - be.model.user - INFO - 尝试注册新用户：test_add_book_stock_level1_user_4b08a870-bda8-11ef-8c54-02a6845b4b32
2024-12-19 09:26:38 - be.model.user - INFO - 加密密码...
2024-12-19 09:26:38 - be.model.user - INFO - 创建新用户...
2024-12-19 09:26:38 - be.model.user - INFO - 添加用户到数据库...
2024-12-19 09:26:38 - be.model.user - INFO - 用户注册成功：test_add_book_stock_level1_user_4b08a870-bda8-11ef-8c54-02a6845b4b32
2024-12-19 09:26:38 - be.view.auth - INFO - 注册处理结果: 200
2024-12-19 09:26:38 - werkzeug - INFO - 127.0.0.1 - - [19/Dec/2024 09:26:38] "POST /auth/register HTTP/1.1" 200 -
2024-12-19 09:26:38 - be.view.auth - INFO - 收到登录请求: {'user_id': 'test_add_book_stock_level1_user_4b08a870-bda8-11ef-8c54-02a6845b4b32', 'password': 'test_add_book_stock_level1_user_4b08a870-bda8-11ef-8c54-02a6845b4b32', 'terminal': 'my terminal'}
2024-12-19 09:26:38 - be.model.user - INFO - 尝试登录用户：test_add_book_stock_level1_user_4b08a870-bda8-11ef-8c54-02a6845b4b32，终端：my terminal
2024-12-19 09:26:38 - be.model.user - INFO - 为用户 test_add_book_stock_level1_user_4b08a870-bda8-11ef-8c54-02a6845b4b32 生成新token，终端：my terminal
2024-12-19 09:26:38 - be.model.user - INFO - 用户登录成功：test_add_book_stock_level1_user_4b08a870-bda8-11ef-8c54-02a6845b4b32
2024-12-19 09:26:38 - be.view.auth - INFO - 登录处理结果: 200
2024-12-19 09:26:38 - werkzeug - INFO - 127.0.0.1 - - [19/Dec/2024 09:26:38] "POST /auth/login HTTP/1.1" 200 -
2024-12-19 09:26:39 - be.model.seller - INFO - 商店创建成功: test_add_book_stock_level1_store_4b08aa96-bda8-11ef-8c54-02a6845b4b32
2024-12-19 09:26:39 - werkzeug - INFO - 127.0.0.1 - - [19/Dec/2024 09:26:39] "POST /seller/create_store HTTP/1.1" 200 -
2024-12-19 09:26:40 - be.model.seller - ERROR - 添加图书失败: (pymysql.err.IntegrityError) (1062, "Duplicate entry '1000067' for key 'books.PRIMARY'")
[SQL: INSERT INTO books (book_id, store_id, title, author, publisher, original_price, price, stock_level) VALUES (%(book_id)s, %(store_id)s, %(title)s, %(author)s, %(publisher)s, %(original_price)s, %(price)s, %(stock_level)s)]
[parameters: {'book_id': '1000067', 'store_id': 'test_add_book_stock_level1_store_4b08aa96-bda8-11ef-8c54-02a6845b4b32', 'title': '美丽心灵', 'author': '[美] 西尔维娅·娜萨', 'publisher': '上海科技教育出版社', 'original_price': 0.0, 'price': 3879.0, 'stock_level': 0}]
(Background on this error at: https://sqlalche.me/e/20/gkpj)
2024-12-19 09:26:40 - werkzeug - INFO - 127.0.0.1 - - [19/Dec/2024 09:26:40] "[35m[1mPOST /seller/add_book HTTP/1.1[0m" 500 -
2024-12-19 09:26:40 - be.view.auth - INFO - 收到注册请求: {'user_id': 'test_add_book_stock_level1_user_4c78b146-bda8-11ef-8c54-02a6845b4b32', 'password': 'test_add_book_stock_level1_user_4c78b146-bda8-11ef-8c54-02a6845b4b32'}
2024-12-19 09:26:40 - be.model.user - INFO - 尝试注册新用户：test_add_book_stock_level1_user_4c78b146-bda8-11ef-8c54-02a6845b4b32
2024-12-19 09:26:40 - be.model.user - INFO - 加密密码...
2024-12-19 09:26:40 - be.model.user - INFO - 创建新用户...
2024-12-19 09:26:40 - be.model.user - INFO - 添加用户到数据库...
2024-12-19 09:26:41 - be.model.user - INFO - 用户注册成功：test_add_book_stock_level1_user_4c78b146-bda8-11ef-8c54-02a6845b4b32
2024-12-19 09:26:41 - be.view.auth - INFO - 注册处理结果: 200
2024-12-19 09:26:41 - werkzeug - INFO - 127.0.0.1 - - [19/Dec/2024 09:26:41] "POST /auth/register HTTP/1.1" 200 -
2024-12-19 09:26:41 - be.view.auth - INFO - 收到登录请求: {'user_id': 'test_add_book_stock_level1_user_4c78b146-bda8-11ef-8c54-02a6845b4b32', 'password': 'test_add_book_stock_level1_user_4c78b146-bda8-11ef-8c54-02a6845b4b32', 'terminal': 'my terminal'}
2024-12-19 09:26:41 - be.model.user - INFO - 尝试登录用户：test_add_book_stock_level1_user_4c78b146-bda8-11ef-8c54-02a6845b4b32，终端：my terminal
2024-12-19 09:26:41 - be.model.user - INFO - 为用户 test_add_book_stock_level1_user_4c78b146-bda8-11ef-8c54-02a6845b4b32 生成新token，终端：my terminal
2024-12-19 09:26:41 - be.model.user - INFO - 用户登录成功：test_add_book_stock_level1_user_4c78b146-bda8-11ef-8c54-02a6845b4b32
2024-12-19 09:26:41 - be.view.auth - INFO - 登录处理结果: 200
2024-12-19 09:26:41 - werkzeug - INFO - 127.0.0.1 - - [19/Dec/2024 09:26:41] "POST /auth/login HTTP/1.1" 200 -
2024-12-19 09:26:41 - be.model.seller - INFO - 商店创建成功: test_add_book_stock_level1_store_4c78b236-bda8-11ef-8c54-02a6845b4b32
2024-12-19 09:26:41 - werkzeug - INFO - 127.0.0.1 - - [19/Dec/2024 09:26:41] "POST /seller/create_store HTTP/1.1" 200 -
2024-12-19 09:26:43 - be.model.seller - ERROR - 添加图书失败: (pymysql.err.IntegrityError) (1062, "Duplicate entry '1000067' for key 'books.PRIMARY'")
[SQL: INSERT INTO books (book_id, store_id, title, author, publisher, original_price, price, stock_level) VALUES (%(book_id)s, %(store_id)s, %(title)s, %(author)s, %(publisher)s, %(original_price)s, %(price)s, %(stock_level)s)]
[parameters: {'book_id': '1000067', 'store_id': 'test_add_book_stock_level1_store_4c78b236-bda8-11ef-8c54-02a6845b4b32', 'title': '美丽心灵', 'author': '[美] 西尔维娅·娜萨', 'publisher': '上海科技教育出版社', 'original_price': 0.0, 'price': 3879.0, 'stock_level': 0}]
(Background on this error at: https://sqlalche.me/e/20/gkpj)
2024-12-19 09:26:43 - werkzeug - INFO - 127.0.0.1 - - [19/Dec/2024 09:26:43] "[35m[1mPOST /seller/add_book HTTP/1.1[0m" 500 -
2024-12-19 09:26:43 - be.view.auth - INFO - 收到注册请求: {'user_id': 'test_new_order_buyer_id_4df18b74-bda8-11ef-8c54-02a6845b4b32', 'password': 'test_new_order_seller_id_4df18912-bda8-11ef-8c54-02a6845b4b32'}
2024-12-19 09:26:43 - be.model.user - INFO - 尝试注册新用户：test_new_order_buyer_id_4df18b74-bda8-11ef-8c54-02a6845b4b32
2024-12-19 09:26:43 - be.model.user - INFO - 加密密码...
2024-12-19 09:26:43 - be.model.user - INFO - 创建新用户...
2024-12-19 09:26:43 - be.model.user - INFO - 添加用户到数据库...
2024-12-19 09:26:43 - be.model.user - INFO - 用户注册成功：test_new_order_buyer_id_4df18b74-bda8-11ef-8c54-02a6845b4b32
2024-12-19 09:26:43 - be.view.auth - INFO - 注册处理结果: 200
2024-12-19 09:26:43 - werkzeug - INFO - 127.0.0.1 - - [19/Dec/2024 09:26:43] "POST /auth/register HTTP/1.1" 200 -
2024-12-19 09:26:43 - be.view.auth - INFO - 收到登录请求: {'user_id': 'test_new_order_buyer_id_4df18b74-bda8-11ef-8c54-02a6845b4b32', 'password': 'test_new_order_seller_id_4df18912-bda8-11ef-8c54-02a6845b4b32', 'terminal': 'my terminal'}
2024-12-19 09:26:43 - be.model.user - INFO - 尝试登录用户：test_new_order_buyer_id_4df18b74-bda8-11ef-8c54-02a6845b4b32，终端：my terminal
2024-12-19 09:26:43 - be.model.user - INFO - 为用户 test_new_order_buyer_id_4df18b74-bda8-11ef-8c54-02a6845b4b32 生成新token，终端：my terminal
2024-12-19 09:26:43 - be.model.user - INFO - 用户登录成功：test_new_order_buyer_id_4df18b74-bda8-11ef-8c54-02a6845b4b32
2024-12-19 09:26:43 - be.view.auth - INFO - 登录处理结果: 200
2024-12-19 09:26:43 - werkzeug - INFO - 127.0.0.1 - - [19/Dec/2024 09:26:43] "POST /auth/login HTTP/1.1" 200 -
2024-12-19 09:26:43 - be.view.auth - INFO - 收到注册请求: {'user_id': 'test_new_order_seller_id_4df18912-bda8-11ef-8c54-02a6845b4b32', 'password': 'test_new_order_seller_id_4df18912-bda8-11ef-8c54-02a6845b4b32'}
2024-12-19 09:26:43 - be.model.user - INFO - 尝试注册新用户：test_new_order_seller_id_4df18912-bda8-11ef-8c54-02a6845b4b32
2024-12-19 09:26:43 - be.model.user - INFO - 加密密码...
2024-12-19 09:26:43 - be.model.user - INFO - 创建新用户...
2024-12-19 09:26:43 - be.model.user - INFO - 添加用户到数据库...
2024-12-19 09:26:44 - be.model.user - INFO - 用户注册成功：test_new_order_seller_id_4df18912-bda8-11ef-8c54-02a6845b4b32
2024-12-19 09:26:44 - be.view.auth - INFO - 注册处理结果: 200
2024-12-19 09:26:44 - werkzeug - INFO - 127.0.0.1 - - [19/Dec/2024 09:26:44] "POST /auth/register HTTP/1.1" 200 -
2024-12-19 09:26:44 - be.view.auth - INFO - 收到登录请求: {'user_id': 'test_new_order_seller_id_4df18912-bda8-11ef-8c54-02a6845b4b32', 'password': 'test_new_order_seller_id_4df18912-bda8-11ef-8c54-02a6845b4b32', 'terminal': 'my terminal'}
2024-12-19 09:26:44 - be.model.user - INFO - 尝试登录用户：test_new_order_seller_id_4df18912-bda8-11ef-8c54-02a6845b4b32，终端：my terminal
2024-12-19 09:26:44 - be.model.user - INFO - 为用户 test_new_order_seller_id_4df18912-bda8-11ef-8c54-02a6845b4b32 生成新token，终端：my terminal
2024-12-19 09:26:44 - be.model.user - INFO - 用户登录成功：test_new_order_seller_id_4df18912-bda8-11ef-8c54-02a6845b4b32
2024-12-19 09:26:44 - be.view.auth - INFO - 登录处理结果: 200
2024-12-19 09:26:44 - werkzeug - INFO - 127.0.0.1 - - [19/Dec/2024 09:26:44] "POST /auth/login HTTP/1.1" 200 -
2024-12-19 09:26:44 - be.model.seller - INFO - 商店创建成功: test_new_order_store_id_4df18b2e-bda8-11ef-8c54-02a6845b4b32
2024-12-19 09:26:44 - werkzeug - INFO - 127.0.0.1 - - [19/Dec/2024 09:26:44] "POST /seller/create_store HTTP/1.1" 200 -
2024-12-19 09:26:48 - be.model.seller - ERROR - 添加图书失败: (pymysql.err.IntegrityError) (1062, "Duplicate entry '1000067' for key 'books.PRIMARY'")
[SQL: INSERT INTO books (book_id, store_id, title, author, publisher, original_price, price, stock_level) VALUES (%(book_id)s, %(store_id)s, %(title)s, %(author)s, %(publisher)s, %(original_price)s, %(price)s, %(stock_level)s)]
[parameters: {'book_id': '1000067', 'store_id': 'test_new_order_store_id_4df18b2e-bda8-11ef-8c54-02a6845b4b32', 'title': '美丽心灵', 'author': '[美] 西尔维娅·娜萨', 'publisher': '上海科技教育出版社', 'original_price': 0.0, 'price': 3879.0, 'stock_level': 80}]
(Background on this error at: https://sqlalche.me/e/20/gkpj)
2024-12-19 09:26:48 - werkzeug - INFO - 127.0.0.1 - - [19/Dec/2024 09:26:48] "[35m[1mPOST /seller/add_book HTTP/1.1[0m" 500 -
2024-12-19 09:26:48 - be.view.auth - INFO - 收到注册请求: {'user_id': 'test_new_order_buyer_id_514ccb4e-bda8-11ef-8c54-02a6845b4b32', 'password': 'test_new_order_seller_id_514cca18-bda8-11ef-8c54-02a6845b4b32'}
2024-12-19 09:26:48 - be.model.user - INFO - 尝试注册新用户：test_new_order_buyer_id_514ccb4e-bda8-11ef-8c54-02a6845b4b32
2024-12-19 09:26:48 - be.model.user - INFO - 加密密码...
2024-12-19 09:26:48 - be.model.user - INFO - 创建新用户...
2024-12-19 09:26:48 - be.model.user - INFO - 添加用户到数据库...
2024-12-19 09:26:49 - be.model.user - INFO - 用户注册成功：test_new_order_buyer_id_514ccb4e-bda8-11ef-8c54-02a6845b4b32
2024-12-19 09:26:49 - be.view.auth - INFO - 注册处理结果: 200
2024-12-19 09:26:49 - werkzeug - INFO - 127.0.0.1 - - [19/Dec/2024 09:26:49] "POST /auth/register HTTP/1.1" 200 -
2024-12-19 09:26:49 - be.view.auth - INFO - 收到登录请求: {'user_id': 'test_new_order_buyer_id_514ccb4e-bda8-11ef-8c54-02a6845b4b32', 'password': 'test_new_order_seller_id_514cca18-bda8-11ef-8c54-02a6845b4b32', 'terminal': 'my terminal'}
2024-12-19 09:26:49 - be.model.user - INFO - 尝试登录用户：test_new_order_buyer_id_514ccb4e-bda8-11ef-8c54-02a6845b4b32，终端：my terminal
2024-12-19 09:26:49 - be.model.user - INFO - 为用户 test_new_order_buyer_id_514ccb4e-bda8-11ef-8c54-02a6845b4b32 生成新token，终端：my terminal
2024-12-19 09:26:49 - be.model.user - INFO - 用户登录成功：test_new_order_buyer_id_514ccb4e-bda8-11ef-8c54-02a6845b4b32
2024-12-19 09:26:49 - be.view.auth - INFO - 登录处理结果: 200
2024-12-19 09:26:49 - werkzeug - INFO - 127.0.0.1 - - [19/Dec/2024 09:26:49] "POST /auth/login HTTP/1.1" 200 -
2024-12-19 09:26:49 - be.view.auth - INFO - 收到注册请求: {'user_id': 'test_new_order_seller_id_514cca18-bda8-11ef-8c54-02a6845b4b32', 'password': 'test_new_order_seller_id_514cca18-bda8-11ef-8c54-02a6845b4b32'}
2024-12-19 09:26:49 - be.model.user - INFO - 尝试注册新用户：test_new_order_seller_id_514cca18-bda8-11ef-8c54-02a6845b4b32
2024-12-19 09:26:49 - be.model.user - INFO - 加密密码...
2024-12-19 09:26:49 - be.model.user - INFO - 创建新用户...
2024-12-19 09:26:49 - be.model.user - INFO - 添加用户到数据库...
2024-12-19 09:26:49 - be.model.user - INFO - 用户注册成功：test_new_order_seller_id_514cca18-bda8-11ef-8c54-02a6845b4b32
2024-12-19 09:26:49 - be.view.auth - INFO - 注册处理结果: 200
2024-12-19 09:26:49 - werkzeug - INFO - 127.0.0.1 - - [19/Dec/2024 09:26:49] "POST /auth/register HTTP/1.1" 200 -
2024-12-19 09:26:49 - be.view.auth - INFO - 收到登录请求: {'user_id': 'test_new_order_seller_id_514cca18-bda8-11ef-8c54-02a6845b4b32', 'password': 'test_new_order_seller_id_514cca18-bda8-11ef-8c54-02a6845b4b32', 'terminal': 'my terminal'}
2024-12-19 09:26:49 - be.model.user - INFO - 尝试登录用户：test_new_order_seller_id_514cca18-bda8-11ef-8c54-02a6845b4b32，终端：my terminal
2024-12-19 09:26:49 - be.model.user - INFO - 为用户 test_new_order_seller_id_514cca18-bda8-11ef-8c54-02a6845b4b32 生成新token，终端：my terminal
2024-12-19 09:26:49 - be.model.user - INFO - 用户登录成功：test_new_order_seller_id_514cca18-bda8-11ef-8c54-02a6845b4b32
2024-12-19 09:26:49 - be.view.auth - INFO - 登录处理结果: 200
2024-12-19 09:26:49 - werkzeug - INFO - 127.0.0.1 - - [19/Dec/2024 09:26:49] "POST /auth/login HTTP/1.1" 200 -
2024-12-19 09:26:50 - be.model.seller - INFO - 商店创建成功: test_new_order_store_id_514ccb08-bda8-11ef-8c54-02a6845b4b32
2024-12-19 09:26:50 - werkzeug - INFO - 127.0.0.1 - - [19/Dec/2024 09:26:50] "POST /seller/create_store HTTP/1.1" 200 -
2024-12-19 09:26:54 - be.model.seller - ERROR - 添加图书失败: (pymysql.err.IntegrityError) (1062, "Duplicate entry '1000067' for key 'books.PRIMARY'")
[SQL: INSERT INTO books (book_id, store_id, title, author, publisher, original_price, price, stock_level) VALUES (%(book_id)s, %(store_id)s, %(title)s, %(author)s, %(publisher)s, %(original_price)s, %(price)s, %(stock_level)s)]
[parameters: {'book_id': '1000067', 'store_id': 'test_new_order_store_id_514ccb08-bda8-11ef-8c54-02a6845b4b32', 'title': '美丽心灵', 'author': '[美] 西尔维娅·娜萨', 'publisher': '上海科技教育出版社', 'original_price': 0.0, 'price': 3879.0, 'stock_level': 32}]
(Background on this error at: https://sqlalche.me/e/20/gkpj)
2024-12-19 09:26:54 - werkzeug - INFO - 127.0.0.1 - - [19/Dec/2024 09:26:54] "[35m[1mPOST /seller/add_book HTTP/1.1[0m" 500 -
2024-12-19 09:26:54 - be.view.auth - INFO - 收到注册请求: {'user_id': 'test_new_order_buyer_id_54b13aa4-bda8-11ef-8c54-02a6845b4b32', 'password': 'test_new_order_seller_id_54b13946-bda8-11ef-8c54-02a6845b4b32'}
2024-12-19 09:26:54 - be.model.user - INFO - 尝试注册新用户：test_new_order_buyer_id_54b13aa4-bda8-11ef-8c54-02a6845b4b32
2024-12-19 09:26:54 - be.model.user - INFO - 加密密码...
2024-12-19 09:26:54 - be.model.user - INFO - 创建新用户...
2024-12-19 09:26:54 - be.model.user - INFO - 添加用户到数据库...
2024-12-19 09:26:54 - be.model.user - INFO - 用户注册成功：test_new_order_buyer_id_54b13aa4-bda8-11ef-8c54-02a6845b4b32
2024-12-19 09:26:54 - be.view.auth - INFO - 注册处理结果: 200
2024-12-19 09:26:54 - werkzeug - INFO - 127.0.0.1 - - [19/Dec/2024 09:26:54] "POST /auth/register HTTP/1.1" 200 -
2024-12-19 09:26:54 - be.view.auth - INFO - 收到登录请求: {'user_id': 'test_new_order_buyer_id_54b13aa4-bda8-11ef-8c54-02a6845b4b32', 'password': 'test_new_order_seller_id_54b13946-bda8-11ef-8c54-02a6845b4b32', 'terminal': 'my terminal'}
2024-12-19 09:26:54 - be.model.user - INFO - 尝试登录用户：test_new_order_buyer_id_54b13aa4-bda8-11ef-8c54-02a6845b4b32，终端：my terminal
2024-12-19 09:26:54 - be.model.user - INFO - 为用户 test_new_order_buyer_id_54b13aa4-bda8-11ef-8c54-02a6845b4b32 生成新token，终端：my terminal
2024-12-19 09:26:54 - be.model.user - INFO - 用户登录成功：test_new_order_buyer_id_54b13aa4-bda8-11ef-8c54-02a6845b4b32
2024-12-19 09:26:55 - be.view.auth - INFO - 登录处理结果: 200
2024-12-19 09:26:55 - werkzeug - INFO - 127.0.0.1 - - [19/Dec/2024 09:26:55] "POST /auth/login HTTP/1.1" 200 -
2024-12-19 09:26:55 - be.view.auth - INFO - 收到注册请求: {'user_id': 'test_new_order_seller_id_54b13946-bda8-11ef-8c54-02a6845b4b32', 'password': 'test_new_order_seller_id_54b13946-bda8-11ef-8c54-02a6845b4b32'}
2024-12-19 09:26:55 - be.model.user - INFO - 尝试注册新用户：test_new_order_seller_id_54b13946-bda8-11ef-8c54-02a6845b4b32
2024-12-19 09:26:55 - be.model.user - INFO - 加密密码...
2024-12-19 09:26:55 - be.model.user - INFO - 创建新用户...
2024-12-19 09:26:55 - be.model.user - INFO - 添加用户到数据库...
2024-12-19 09:26:55 - be.model.user - INFO - 用户注册成功：test_new_order_seller_id_54b13946-bda8-11ef-8c54-02a6845b4b32
2024-12-19 09:26:55 - be.view.auth - INFO - 注册处理结果: 200
2024-12-19 09:26:55 - werkzeug - INFO - 127.0.0.1 - - [19/Dec/2024 09:26:55] "POST /auth/register HTTP/1.1" 200 -
2024-12-19 09:26:55 - be.view.auth - INFO - 收到登录请求: {'user_id': 'test_new_order_seller_id_54b13946-bda8-11ef-8c54-02a6845b4b32', 'password': 'test_new_order_seller_id_54b13946-bda8-11ef-8c54-02a6845b4b32', 'terminal': 'my terminal'}
2024-12-19 09:26:55 - be.model.user - INFO - 尝试登录用户：test_new_order_seller_id_54b13946-bda8-11ef-8c54-02a6845b4b32，终端：my terminal
2024-12-19 09:26:55 - be.model.user - INFO - 为用户 test_new_order_seller_id_54b13946-bda8-11ef-8c54-02a6845b4b32 生成新token，终端：my terminal
2024-12-19 09:26:55 - be.model.user - INFO - 用户登录成功：test_new_order_seller_id_54b13946-bda8-11ef-8c54-02a6845b4b32
2024-12-19 09:26:55 - be.view.auth - INFO - 登录处理结果: 200
2024-12-19 09:26:55 - werkzeug - INFO - 127.0.0.1 - - [19/Dec/2024 09:26:55] "POST /auth/login HTTP/1.1" 200 -
2024-12-19 09:26:56 - be.model.seller - INFO - 商店创建成功: test_new_order_store_id_54b13a68-bda8-11ef-8c54-02a6845b4b32
2024-12-19 09:26:56 - werkzeug - INFO - 127.0.0.1 - - [19/Dec/2024 09:26:56] "POST /seller/create_store HTTP/1.1" 200 -
2024-12-19 09:26:58 - be.model.seller - ERROR - 添加图书失败: (pymysql.err.IntegrityError) (1062, "Duplicate entry '1000067' for key 'books.PRIMARY'")
[SQL: INSERT INTO books (book_id, store_id, title, author, publisher, original_price, price, stock_level) VALUES (%(book_id)s, %(store_id)s, %(title)s, %(author)s, %(publisher)s, %(original_price)s, %(price)s, %(stock_level)s)]
[parameters: {'book_id': '1000067', 'store_id': 'test_new_order_store_id_54b13a68-bda8-11ef-8c54-02a6845b4b32', 'title': '美丽心灵', 'author': '[美] 西尔维娅·娜萨', 'publisher': '上海科技教育出版社', 'original_price': 0.0, 'price': 3879.0, 'stock_level': 95}]
(Background on this error at: https://sqlalche.me/e/20/gkpj)
2024-12-19 09:26:58 - werkzeug - INFO - 127.0.0.1 - - [19/Dec/2024 09:26:58] "[35m[1mPOST /seller/add_book HTTP/1.1[0m" 500 -
2024-12-19 09:26:58 - be.view.auth - INFO - 收到注册请求: {'user_id': 'test_new_order_buyer_id_5735709c-bda8-11ef-8c54-02a6845b4b32', 'password': 'test_new_order_seller_id_57356e62-bda8-11ef-8c54-02a6845b4b32'}
2024-12-19 09:26:58 - be.model.user - INFO - 尝试注册新用户：test_new_order_buyer_id_5735709c-bda8-11ef-8c54-02a6845b4b32
2024-12-19 09:26:58 - be.model.user - INFO - 加密密码...
2024-12-19 09:26:58 - be.model.user - INFO - 创建新用户...
2024-12-19 09:26:58 - be.model.user - INFO - 添加用户到数据库...
2024-12-19 09:26:59 - be.model.user - INFO - 用户注册成功：test_new_order_buyer_id_5735709c-bda8-11ef-8c54-02a6845b4b32
2024-12-19 09:26:59 - be.view.auth - INFO - 注册处理结果: 200
2024-12-19 09:26:59 - werkzeug - INFO - 127.0.0.1 - - [19/Dec/2024 09:26:59] "POST /auth/register HTTP/1.1" 200 -
2024-12-19 09:26:59 - be.view.auth - INFO - 收到登录请求: {'user_id': 'test_new_order_buyer_id_5735709c-bda8-11ef-8c54-02a6845b4b32', 'password': 'test_new_order_seller_id_57356e62-bda8-11ef-8c54-02a6845b4b32', 'terminal': 'my terminal'}
2024-12-19 09:26:59 - be.model.user - INFO - 尝试登录用户：test_new_order_buyer_id_5735709c-bda8-11ef-8c54-02a6845b4b32，终端：my terminal
2024-12-19 09:26:59 - be.model.user - INFO - 为用户 test_new_order_buyer_id_5735709c-bda8-11ef-8c54-02a6845b4b32 生成新token，终端：my terminal
2024-12-19 09:26:59 - be.model.user - INFO - 用户登录成功：test_new_order_buyer_id_5735709c-bda8-11ef-8c54-02a6845b4b32
2024-12-19 09:26:59 - be.view.auth - INFO - 登录处理结果: 200
2024-12-19 09:26:59 - werkzeug - INFO - 127.0.0.1 - - [19/Dec/2024 09:26:59] "POST /auth/login HTTP/1.1" 200 -
2024-12-19 09:26:59 - be.view.auth - INFO - 收到注册请求: {'user_id': 'test_new_order_seller_id_57356e62-bda8-11ef-8c54-02a6845b4b32', 'password': 'test_new_order_seller_id_57356e62-bda8-11ef-8c54-02a6845b4b32'}
2024-12-19 09:26:59 - be.model.user - INFO - 尝试注册新用户：test_new_order_seller_id_57356e62-bda8-11ef-8c54-02a6845b4b32
2024-12-19 09:26:59 - be.model.user - INFO - 加密密码...
2024-12-19 09:26:59 - be.model.user - INFO - 创建新用户...
2024-12-19 09:26:59 - be.model.user - INFO - 添加用户到数据库...
2024-12-19 09:26:59 - be.model.user - INFO - 用户注册成功：test_new_order_seller_id_57356e62-bda8-11ef-8c54-02a6845b4b32
2024-12-19 09:26:59 - be.view.auth - INFO - 注册处理结果: 200
2024-12-19 09:26:59 - werkzeug - INFO - 127.0.0.1 - - [19/Dec/2024 09:26:59] "POST /auth/register HTTP/1.1" 200 -
2024-12-19 09:26:59 - be.view.auth - INFO - 收到登录请求: {'user_id': 'test_new_order_seller_id_57356e62-bda8-11ef-8c54-02a6845b4b32', 'password': 'test_new_order_seller_id_57356e62-bda8-11ef-8c54-02a6845b4b32', 'terminal': 'my terminal'}
2024-12-19 09:26:59 - be.model.user - INFO - 尝试登录用户：test_new_order_seller_id_57356e62-bda8-11ef-8c54-02a6845b4b32，终端：my terminal
2024-12-19 09:26:59 - be.model.user - INFO - 为用户 test_new_order_seller_id_57356e62-bda8-11ef-8c54-02a6845b4b32 生成新token，终端：my terminal
2024-12-19 09:26:59 - be.model.user - INFO - 用户登录成功：test_new_order_seller_id_57356e62-bda8-11ef-8c54-02a6845b4b32
2024-12-19 09:26:59 - be.view.auth - INFO - 登录处理结果: 200
2024-12-19 09:26:59 - werkzeug - INFO - 127.0.0.1 - - [19/Dec/2024 09:26:59] "POST /auth/login HTTP/1.1" 200 -
2024-12-19 09:27:00 - be.model.seller - INFO - 商店创建成功: test_new_order_store_id_57357056-bda8-11ef-8c54-02a6845b4b32
2024-12-19 09:27:00 - werkzeug - INFO - 127.0.0.1 - - [19/Dec/2024 09:27:00] "POST /seller/create_store HTTP/1.1" 200 -
2024-12-19 09:27:03 - be.model.seller - ERROR - 添加图书失败: (pymysql.err.IntegrityError) (1062, "Duplicate entry '1000067' for key 'books.PRIMARY'")
[SQL: INSERT INTO books (book_id, store_id, title, author, publisher, original_price, price, stock_level) VALUES (%(book_id)s, %(store_id)s, %(title)s, %(author)s, %(publisher)s, %(original_price)s, %(price)s, %(stock_level)s)]
[parameters: {'book_id': '1000067', 'store_id': 'test_new_order_store_id_57357056-bda8-11ef-8c54-02a6845b4b32', 'title': '美丽心灵', 'author': '[美] 西尔维娅·娜萨', 'publisher': '上海科技教育出版社', 'original_price': 0.0, 'price': 3879.0, 'stock_level': 67}]
(Background on this error at: https://sqlalche.me/e/20/gkpj)
2024-12-19 09:27:03 - werkzeug - INFO - 127.0.0.1 - - [19/Dec/2024 09:27:03] "[35m[1mPOST /seller/add_book HTTP/1.1[0m" 500 -
2024-12-19 09:27:03 - be.view.auth - INFO - 收到注册请求: {'user_id': 'test_new_order_buyer_id_5a3a0bfe-bda8-11ef-8c54-02a6845b4b32', 'password': 'test_new_order_seller_id_5a3a09ce-bda8-11ef-8c54-02a6845b4b32'}
2024-12-19 09:27:03 - be.model.user - INFO - 尝试注册新用户：test_new_order_buyer_id_5a3a0bfe-bda8-11ef-8c54-02a6845b4b32
2024-12-19 09:27:03 - be.model.user - INFO - 加密密码...
2024-12-19 09:27:03 - be.model.user - INFO - 创建新用户...
2024-12-19 09:27:03 - be.model.user - INFO - 添加用户到数据库...
2024-12-19 09:27:04 - be.model.user - INFO - 用户注册成功：test_new_order_buyer_id_5a3a0bfe-bda8-11ef-8c54-02a6845b4b32
2024-12-19 09:27:04 - be.view.auth - INFO - 注册处理结果: 200
2024-12-19 09:27:04 - werkzeug - INFO - 127.0.0.1 - - [19/Dec/2024 09:27:04] "POST /auth/register HTTP/1.1" 200 -
2024-12-19 09:27:04 - be.view.auth - INFO - 收到登录请求: {'user_id': 'test_new_order_buyer_id_5a3a0bfe-bda8-11ef-8c54-02a6845b4b32', 'password': 'test_new_order_seller_id_5a3a09ce-bda8-11ef-8c54-02a6845b4b32', 'terminal': 'my terminal'}
2024-12-19 09:27:04 - be.model.user - INFO - 尝试登录用户：test_new_order_buyer_id_5a3a0bfe-bda8-11ef-8c54-02a6845b4b32，终端：my terminal
2024-12-19 09:27:04 - be.model.user - INFO - 为用户 test_new_order_buyer_id_5a3a0bfe-bda8-11ef-8c54-02a6845b4b32 生成新token，终端：my terminal
2024-12-19 09:27:04 - be.model.user - INFO - 用户登录成功：test_new_order_buyer_id_5a3a0bfe-bda8-11ef-8c54-02a6845b4b32
2024-12-19 09:27:04 - be.view.auth - INFO - 登录处理结果: 200
2024-12-19 09:27:04 - werkzeug - INFO - 127.0.0.1 - - [19/Dec/2024 09:27:04] "POST /auth/login HTTP/1.1" 200 -
2024-12-19 09:27:04 - be.view.auth - INFO - 收到注册请求: {'user_id': 'test_new_order_seller_id_5a3a09ce-bda8-11ef-8c54-02a6845b4b32', 'password': 'test_new_order_seller_id_5a3a09ce-bda8-11ef-8c54-02a6845b4b32'}
2024-12-19 09:27:04 - be.model.user - INFO - 尝试注册新用户：test_new_order_seller_id_5a3a09ce-bda8-11ef-8c54-02a6845b4b32
2024-12-19 09:27:04 - be.model.user - INFO - 加密密码...
2024-12-19 09:27:04 - be.model.user - INFO - 创建新用户...
2024-12-19 09:27:04 - be.model.user - INFO - 添加用户到数据库...
2024-12-19 09:27:04 - be.model.user - INFO - 用户注册成功：test_new_order_seller_id_5a3a09ce-bda8-11ef-8c54-02a6845b4b32
2024-12-19 09:27:04 - be.view.auth - INFO - 注册处理结果: 200
2024-12-19 09:27:04 - werkzeug - INFO - 127.0.0.1 - - [19/Dec/2024 09:27:04] "POST /auth/register HTTP/1.1" 200 -
2024-12-19 09:27:04 - be.view.auth - INFO - 收到登录请求: {'user_id': 'test_new_order_seller_id_5a3a09ce-bda8-11ef-8c54-02a6845b4b32', 'password': 'test_new_order_seller_id_5a3a09ce-bda8-11ef-8c54-02a6845b4b32', 'terminal': 'my terminal'}
2024-12-19 09:27:04 - be.model.user - INFO - 尝试登录用户：test_new_order_seller_id_5a3a09ce-bda8-11ef-8c54-02a6845b4b32，终端：my terminal
2024-12-19 09:27:04 - be.model.user - INFO - 为用户 test_new_order_seller_id_5a3a09ce-bda8-11ef-8c54-02a6845b4b32 生成新token，终端：my terminal
2024-12-19 09:27:04 - be.model.user - INFO - 用户登录成功：test_new_order_seller_id_5a3a09ce-bda8-11ef-8c54-02a6845b4b32
2024-12-19 09:27:04 - be.view.auth - INFO - 登录处理结果: 200
2024-12-19 09:27:04 - werkzeug - INFO - 127.0.0.1 - - [19/Dec/2024 09:27:04] "POST /auth/login HTTP/1.1" 200 -
2024-12-19 09:27:05 - be.model.seller - INFO - 商店创建成功: test_new_order_store_id_5a3a0bae-bda8-11ef-8c54-02a6845b4b32
2024-12-19 09:27:05 - werkzeug - INFO - 127.0.0.1 - - [19/Dec/2024 09:27:05] "POST /seller/create_store HTTP/1.1" 200 -
2024-12-19 09:27:09 - be.model.seller - ERROR - 添加图书失败: (pymysql.err.IntegrityError) (1062, "Duplicate entry '1000067' for key 'books.PRIMARY'")
[SQL: INSERT INTO books (book_id, store_id, title, author, publisher, original_price, price, stock_level) VALUES (%(book_id)s, %(store_id)s, %(title)s, %(author)s, %(publisher)s, %(original_price)s, %(price)s, %(stock_level)s)]
[parameters: {'book_id': '1000067', 'store_id': 'test_new_order_store_id_5a3a0bae-bda8-11ef-8c54-02a6845b4b32', 'title': '美丽心灵', 'author': '[美] 西尔维娅·娜萨', 'publisher': '上海科技教育出版社', 'original_price': 0.0, 'price': 3879.0, 'stock_level': 98}]
(Background on this error at: https://sqlalche.me/e/20/gkpj)
2024-12-19 09:27:09 - werkzeug - INFO - 127.0.0.1 - - [19/Dec/2024 09:27:09] "[35m[1mPOST /seller/add_book HTTP/1.1[0m" 500 -
2024-12-19 09:27:09 - be.view.auth - INFO - 收到注册请求: {'user_id': 'test_payment_seller_id_5dbce0b2-bda8-11ef-8c54-02a6845b4b32', 'password': 'test_payment_seller_id_5dbce0b2-bda8-11ef-8c54-02a6845b4b32'}
2024-12-19 09:27:09 - be.model.user - INFO - 尝试注册新用户：test_payment_seller_id_5dbce0b2-bda8-11ef-8c54-02a6845b4b32
2024-12-19 09:27:09 - be.model.user - INFO - 加密密码...
2024-12-19 09:27:09 - be.model.user - INFO - 创建新用户...
2024-12-19 09:27:09 - be.model.user - INFO - 添加用户到数据库...
2024-12-19 09:27:09 - be.model.user - INFO - 用户注册成功：test_payment_seller_id_5dbce0b2-bda8-11ef-8c54-02a6845b4b32
2024-12-19 09:27:09 - be.view.auth - INFO - 注册处理结果: 200
2024-12-19 09:27:09 - werkzeug - INFO - 127.0.0.1 - - [19/Dec/2024 09:27:09] "POST /auth/register HTTP/1.1" 200 -
2024-12-19 09:27:09 - be.view.auth - INFO - 收到登录请求: {'user_id': 'test_payment_seller_id_5dbce0b2-bda8-11ef-8c54-02a6845b4b32', 'password': 'test_payment_seller_id_5dbce0b2-bda8-11ef-8c54-02a6845b4b32', 'terminal': 'my terminal'}
2024-12-19 09:27:09 - be.model.user - INFO - 尝试登录用户：test_payment_seller_id_5dbce0b2-bda8-11ef-8c54-02a6845b4b32，终端：my terminal
2024-12-19 09:27:10 - be.model.user - INFO - 为用户 test_payment_seller_id_5dbce0b2-bda8-11ef-8c54-02a6845b4b32 生成新token，终端：my terminal
2024-12-19 09:27:10 - be.model.user - INFO - 用户登录成功：test_payment_seller_id_5dbce0b2-bda8-11ef-8c54-02a6845b4b32
2024-12-19 09:27:10 - be.view.auth - INFO - 登录处理结果: 200
2024-12-19 09:27:10 - werkzeug - INFO - 127.0.0.1 - - [19/Dec/2024 09:27:10] "POST /auth/login HTTP/1.1" 200 -
2024-12-19 09:27:10 - be.model.seller - INFO - 商店创建成功: test_payment_store_id_5dbce18e-bda8-11ef-8c54-02a6845b4b32
2024-12-19 09:27:10 - werkzeug - INFO - 127.0.0.1 - - [19/Dec/2024 09:27:10] "POST /seller/create_store HTTP/1.1" 200 -
2024-12-19 09:27:12 - be.model.seller - INFO - 图书添加成功: book_id=1000531
2024-12-19 09:27:12 - werkzeug - INFO - 127.0.0.1 - - [19/Dec/2024 09:27:12] "POST /seller/add_book HTTP/1.1" 200 -
2024-12-19 09:27:12 - be.model.seller - INFO - 图书添加成功: book_id=1000687
2024-12-19 09:27:12 - werkzeug - INFO - 127.0.0.1 - - [19/Dec/2024 09:27:12] "POST /seller/add_book HTTP/1.1" 200 -
2024-12-19 09:27:12 - be.view.auth - INFO - 收到注册请求: {'user_id': 'test_payment_buyer_id_5dbce1b6-bda8-11ef-8c54-02a6845b4b32', 'password': 'test_payment_seller_id_5dbce0b2-bda8-11ef-8c54-02a6845b4b32'}
2024-12-19 09:27:12 - be.model.user - INFO - 尝试注册新用户：test_payment_buyer_id_5dbce1b6-bda8-11ef-8c54-02a6845b4b32
2024-12-19 09:27:12 - be.model.user - INFO - 加密密码...
2024-12-19 09:27:12 - be.model.user - INFO - 创建新用户...
2024-12-19 09:27:12 - be.model.user - INFO - 添加用户到数据库...
2024-12-19 09:27:12 - be.model.user - INFO - 用户注册成功：test_payment_buyer_id_5dbce1b6-bda8-11ef-8c54-02a6845b4b32
2024-12-19 09:27:12 - be.view.auth - INFO - 注册处理结果: 200
2024-12-19 09:27:12 - werkzeug - INFO - 127.0.0.1 - - [19/Dec/2024 09:27:12] "POST /auth/register HTTP/1.1" 200 -
2024-12-19 09:27:12 - be.view.auth - INFO - 收到登录请求: {'user_id': 'test_payment_buyer_id_5dbce1b6-bda8-11ef-8c54-02a6845b4b32', 'password': 'test_payment_seller_id_5dbce0b2-bda8-11ef-8c54-02a6845b4b32', 'terminal': 'my terminal'}
2024-12-19 09:27:12 - be.model.user - INFO - 尝试登录用户：test_payment_buyer_id_5dbce1b6-bda8-11ef-8c54-02a6845b4b32，终端：my terminal
2024-12-19 09:27:13 - be.model.user - INFO - 为用户 test_payment_buyer_id_5dbce1b6-bda8-11ef-8c54-02a6845b4b32 生成新token，终端：my terminal
2024-12-19 09:27:13 - be.model.user - INFO - 用户登录成功：test_payment_buyer_id_5dbce1b6-bda8-11ef-8c54-02a6845b4b32
2024-12-19 09:27:13 - be.view.auth - INFO - 登录处理结果: 200
2024-12-19 09:27:13 - werkzeug - INFO - 127.0.0.1 - - [19/Dec/2024 09:27:13] "POST /auth/login HTTP/1.1" 200 -
2024-12-19 09:27:13 - werkzeug - INFO - 127.0.0.1 - - [19/Dec/2024 09:27:13] "POST /buyer/new_order HTTP/1.1" 200 -
2024-12-19 09:27:13 - werkzeug - INFO - 127.0.0.1 - - [19/Dec/2024 09:27:13] "[31m[1mPOST /buyer/add_funds HTTP/1.1[0m" 401 -
2024-12-19 09:27:13 - be.view.auth - INFO - 收到注册请求: {'user_id': 'test_payment_seller_id_5ff64116-bda8-11ef-8c54-02a6845b4b32', 'password': 'test_payment_seller_id_5ff64116-bda8-11ef-8c54-02a6845b4b32'}
2024-12-19 09:27:13 - be.model.user - INFO - 尝试注册新用户：test_payment_seller_id_5ff64116-bda8-11ef-8c54-02a6845b4b32
2024-12-19 09:27:13 - be.model.user - INFO - 加密密码...
2024-12-19 09:27:13 - be.model.user - INFO - 创建新用户...
2024-12-19 09:27:13 - be.model.user - INFO - 添加用户到数据库...
2024-12-19 09:27:13 - be.model.user - INFO - 用户注册成功：test_payment_seller_id_5ff64116-bda8-11ef-8c54-02a6845b4b32
2024-12-19 09:27:13 - be.view.auth - INFO - 注册处理结果: 200
2024-12-19 09:27:13 - werkzeug - INFO - 127.0.0.1 - - [19/Dec/2024 09:27:13] "POST /auth/register HTTP/1.1" 200 -
2024-12-19 09:27:13 - be.view.auth - INFO - 收到登录请求: {'user_id': 'test_payment_seller_id_5ff64116-bda8-11ef-8c54-02a6845b4b32', 'password': 'test_payment_seller_id_5ff64116-bda8-11ef-8c54-02a6845b4b32', 'terminal': 'my terminal'}
2024-12-19 09:27:13 - be.model.user - INFO - 尝试登录用户：test_payment_seller_id_5ff64116-bda8-11ef-8c54-02a6845b4b32，终端：my terminal
2024-12-19 09:27:13 - be.model.user - INFO - 为用户 test_payment_seller_id_5ff64116-bda8-11ef-8c54-02a6845b4b32 生成新token，终端：my terminal
2024-12-19 09:27:13 - be.model.user - INFO - 用户登录成功：test_payment_seller_id_5ff64116-bda8-11ef-8c54-02a6845b4b32
2024-12-19 09:27:13 - be.view.auth - INFO - 登录处理结果: 200
2024-12-19 09:27:13 - werkzeug - INFO - 127.0.0.1 - - [19/Dec/2024 09:27:13] "POST /auth/login HTTP/1.1" 200 -
2024-12-19 09:27:14 - be.model.seller - INFO - 商店创建成功: test_payment_store_id_5ff641ac-bda8-11ef-8c54-02a6845b4b32
2024-12-19 09:27:14 - werkzeug - INFO - 127.0.0.1 - - [19/Dec/2024 09:27:14] "POST /seller/create_store HTTP/1.1" 200 -
2024-12-19 09:27:15 - be.model.seller - INFO - 图书添加成功: book_id=1009258
2024-12-19 09:27:15 - werkzeug - INFO - 127.0.0.1 - - [19/Dec/2024 09:27:15] "POST /seller/add_book HTTP/1.1" 200 -
2024-12-19 09:27:16 - be.model.seller - INFO - 图书添加成功: book_id=1009273
2024-12-19 09:27:16 - werkzeug - INFO - 127.0.0.1 - - [19/Dec/2024 09:27:16] "POST /seller/add_book HTTP/1.1" 200 -
2024-12-19 09:27:16 - be.model.seller - INFO - 图书添加成功: book_id=1009285
2024-12-19 09:27:16 - werkzeug - INFO - 127.0.0.1 - - [19/Dec/2024 09:27:16] "POST /seller/add_book HTTP/1.1" 200 -
2024-12-19 09:27:16 - be.view.auth - INFO - 收到注册请求: {'user_id': 'test_payment_buyer_id_5ff641d4-bda8-11ef-8c54-02a6845b4b32', 'password': 'test_payment_seller_id_5ff64116-bda8-11ef-8c54-02a6845b4b32'}
2024-12-19 09:27:16 - be.model.user - INFO - 尝试注册新用户：test_payment_buyer_id_5ff641d4-bda8-11ef-8c54-02a6845b4b32
2024-12-19 09:27:16 - be.model.user - INFO - 加密密码...
2024-12-19 09:27:16 - be.model.user - INFO - 创建新用户...
2024-12-19 09:27:16 - be.model.user - INFO - 添加用户到数据库...
2024-12-19 09:27:17 - be.model.user - INFO - 用户注册成功：test_payment_buyer_id_5ff641d4-bda8-11ef-8c54-02a6845b4b32
2024-12-19 09:27:17 - be.view.auth - INFO - 注册处理结果: 200
2024-12-19 09:27:17 - werkzeug - INFO - 127.0.0.1 - - [19/Dec/2024 09:27:17] "POST /auth/register HTTP/1.1" 200 -
2024-12-19 09:27:17 - be.view.auth - INFO - 收到登录请求: {'user_id': 'test_payment_buyer_id_5ff641d4-bda8-11ef-8c54-02a6845b4b32', 'password': 'test_payment_seller_id_5ff64116-bda8-11ef-8c54-02a6845b4b32', 'terminal': 'my terminal'}
2024-12-19 09:27:17 - be.model.user - INFO - 尝试登录用户：test_payment_buyer_id_5ff641d4-bda8-11ef-8c54-02a6845b4b32，终端：my terminal
2024-12-19 09:27:17 - be.model.user - INFO - 为用户 test_payment_buyer_id_5ff641d4-bda8-11ef-8c54-02a6845b4b32 生成新token，终端：my terminal
2024-12-19 09:27:17 - be.model.user - INFO - 用户登录成功：test_payment_buyer_id_5ff641d4-bda8-11ef-8c54-02a6845b4b32
2024-12-19 09:27:17 - be.view.auth - INFO - 登录处理结果: 200
2024-12-19 09:27:17 - werkzeug - INFO - 127.0.0.1 - - [19/Dec/2024 09:27:17] "POST /auth/login HTTP/1.1" 200 -
2024-12-19 09:27:17 - werkzeug - INFO - 127.0.0.1 - - [19/Dec/2024 09:27:17] "POST /buyer/new_order HTTP/1.1" 200 -
2024-12-19 09:27:17 - werkzeug - INFO - 127.0.0.1 - - [19/Dec/2024 09:27:17] "[31m[1mPOST /buyer/add_funds HTTP/1.1[0m" 401 -
2024-12-19 09:27:17 - be.view.auth - INFO - 收到注册请求: {'user_id': 'test_payment_seller_id_6272aaf6-bda8-11ef-8c54-02a6845b4b32', 'password': 'test_payment_seller_id_6272aaf6-bda8-11ef-8c54-02a6845b4b32'}
2024-12-19 09:27:17 - be.model.user - INFO - 尝试注册新用户：test_payment_seller_id_6272aaf6-bda8-11ef-8c54-02a6845b4b32
2024-12-19 09:27:17 - be.model.user - INFO - 加密密码...
2024-12-19 09:27:17 - be.model.user - INFO - 创建新用户...
2024-12-19 09:27:17 - be.model.user - INFO - 添加用户到数据库...
2024-12-19 09:27:17 - be.model.user - INFO - 用户注册成功：test_payment_seller_id_6272aaf6-bda8-11ef-8c54-02a6845b4b32
2024-12-19 09:27:17 - be.view.auth - INFO - 注册处理结果: 200
2024-12-19 09:27:17 - werkzeug - INFO - 127.0.0.1 - - [19/Dec/2024 09:27:17] "POST /auth/register HTTP/1.1" 200 -
2024-12-19 09:27:17 - be.view.auth - INFO - 收到登录请求: {'user_id': 'test_payment_seller_id_6272aaf6-bda8-11ef-8c54-02a6845b4b32', 'password': 'test_payment_seller_id_6272aaf6-bda8-11ef-8c54-02a6845b4b32', 'terminal': 'my terminal'}
2024-12-19 09:27:17 - be.model.user - INFO - 尝试登录用户：test_payment_seller_id_6272aaf6-bda8-11ef-8c54-02a6845b4b32，终端：my terminal
2024-12-19 09:27:18 - be.model.user - INFO - 为用户 test_payment_seller_id_6272aaf6-bda8-11ef-8c54-02a6845b4b32 生成新token，终端：my terminal
2024-12-19 09:27:18 - be.model.user - INFO - 用户登录成功：test_payment_seller_id_6272aaf6-bda8-11ef-8c54-02a6845b4b32
2024-12-19 09:27:18 - be.view.auth - INFO - 登录处理结果: 200
2024-12-19 09:27:18 - werkzeug - INFO - 127.0.0.1 - - [19/Dec/2024 09:27:18] "POST /auth/login HTTP/1.1" 200 -
2024-12-19 09:27:18 - be.model.seller - INFO - 商店创建成功: test_payment_store_id_6272ad26-bda8-11ef-8c54-02a6845b4b32
2024-12-19 09:27:18 - werkzeug - INFO - 127.0.0.1 - - [19/Dec/2024 09:27:18] "POST /seller/create_store HTTP/1.1" 200 -
2024-12-19 09:27:20 - be.model.seller - INFO - 图书添加成功: book_id=1002299
2024-12-19 09:27:20 - werkzeug - INFO - 127.0.0.1 - - [19/Dec/2024 09:27:20] "POST /seller/add_book HTTP/1.1" 200 -
2024-12-19 09:27:20 - be.model.seller - INFO - 图书添加成功: book_id=1002400
2024-12-19 09:27:20 - werkzeug - INFO - 127.0.0.1 - - [19/Dec/2024 09:27:20] "POST /seller/add_book HTTP/1.1" 200 -
2024-12-19 09:27:21 - be.model.seller - INFO - 图书添加成功: book_id=1002474
2024-12-19 09:27:21 - werkzeug - INFO - 127.0.0.1 - - [19/Dec/2024 09:27:21] "POST /seller/add_book HTTP/1.1" 200 -
2024-12-19 09:27:21 - be.model.seller - INFO - 图书添加成功: book_id=1002505
2024-12-19 09:27:21 - werkzeug - INFO - 127.0.0.1 - - [19/Dec/2024 09:27:21] "POST /seller/add_book HTTP/1.1" 200 -
2024-12-19 09:27:21 - be.view.auth - INFO - 收到注册请求: {'user_id': 'test_payment_buyer_id_6272ad9e-bda8-11ef-8c54-02a6845b4b32', 'password': 'test_payment_seller_id_6272aaf6-bda8-11ef-8c54-02a6845b4b32'}
2024-12-19 09:27:21 - be.model.user - INFO - 尝试注册新用户：test_payment_buyer_id_6272ad9e-bda8-11ef-8c54-02a6845b4b32
2024-12-19 09:27:21 - be.model.user - INFO - 加密密码...
2024-12-19 09:27:21 - be.model.user - INFO - 创建新用户...
2024-12-19 09:27:21 - be.model.user - INFO - 添加用户到数据库...
2024-12-19 09:27:21 - be.model.user - INFO - 用户注册成功：test_payment_buyer_id_6272ad9e-bda8-11ef-8c54-02a6845b4b32
2024-12-19 09:27:21 - be.view.auth - INFO - 注册处理结果: 200
2024-12-19 09:27:21 - werkzeug - INFO - 127.0.0.1 - - [19/Dec/2024 09:27:21] "POST /auth/register HTTP/1.1" 200 -
2024-12-19 09:27:21 - be.view.auth - INFO - 收到登录请求: {'user_id': 'test_payment_buyer_id_6272ad9e-bda8-11ef-8c54-02a6845b4b32', 'password': 'test_payment_seller_id_6272aaf6-bda8-11ef-8c54-02a6845b4b32', 'terminal': 'my terminal'}
2024-12-19 09:27:21 - be.model.user - INFO - 尝试登录用户：test_payment_buyer_id_6272ad9e-bda8-11ef-8c54-02a6845b4b32，终端：my terminal
2024-12-19 09:27:21 - be.model.user - INFO - 为用户 test_payment_buyer_id_6272ad9e-bda8-11ef-8c54-02a6845b4b32 生成新token，终端：my terminal
2024-12-19 09:27:21 - be.model.user - INFO - 用户登录成功：test_payment_buyer_id_6272ad9e-bda8-11ef-8c54-02a6845b4b32
2024-12-19 09:27:22 - be.view.auth - INFO - 登录处理结果: 200
2024-12-19 09:27:22 - werkzeug - INFO - 127.0.0.1 - - [19/Dec/2024 09:27:22] "POST /auth/login HTTP/1.1" 200 -
2024-12-19 09:27:22 - werkzeug - INFO - 127.0.0.1 - - [19/Dec/2024 09:27:22] "POST /buyer/new_order HTTP/1.1" 200 -
2024-12-19 09:27:22 - werkzeug - INFO - 127.0.0.1 - - [19/Dec/2024 09:27:22] "[31m[1mPOST /buyer/add_funds HTTP/1.1[0m" 401 -
2024-12-19 09:27:22 - be.view.auth - INFO - 收到注册请求: {'user_id': 'test_payment_seller_id_653be414-bda8-11ef-8c54-02a6845b4b32', 'password': 'test_payment_seller_id_653be414-bda8-11ef-8c54-02a6845b4b32'}
2024-12-19 09:27:22 - be.model.user - INFO - 尝试注册新用户：test_payment_seller_id_653be414-bda8-11ef-8c54-02a6845b4b32
2024-12-19 09:27:22 - be.model.user - INFO - 加密密码...
2024-12-19 09:27:22 - be.model.user - INFO - 创建新用户...
2024-12-19 09:27:22 - be.model.user - INFO - 添加用户到数据库...
2024-12-19 09:27:22 - be.model.user - INFO - 用户注册成功：test_payment_seller_id_653be414-bda8-11ef-8c54-02a6845b4b32
2024-12-19 09:27:22 - be.view.auth - INFO - 注册处理结果: 200
2024-12-19 09:27:22 - werkzeug - INFO - 127.0.0.1 - - [19/Dec/2024 09:27:22] "POST /auth/register HTTP/1.1" 200 -
2024-12-19 09:27:22 - be.view.auth - INFO - 收到登录请求: {'user_id': 'test_payment_seller_id_653be414-bda8-11ef-8c54-02a6845b4b32', 'password': 'test_payment_seller_id_653be414-bda8-11ef-8c54-02a6845b4b32', 'terminal': 'my terminal'}
2024-12-19 09:27:22 - be.model.user - INFO - 尝试登录用户：test_payment_seller_id_653be414-bda8-11ef-8c54-02a6845b4b32，终端：my terminal
2024-12-19 09:27:22 - be.model.user - INFO - 为用户 test_payment_seller_id_653be414-bda8-11ef-8c54-02a6845b4b32 生成新token，终端：my terminal
2024-12-19 09:27:22 - be.model.user - INFO - 用户登录成功：test_payment_seller_id_653be414-bda8-11ef-8c54-02a6845b4b32
2024-12-19 09:27:22 - be.view.auth - INFO - 登录处理结果: 200
2024-12-19 09:27:22 - werkzeug - INFO - 127.0.0.1 - - [19/Dec/2024 09:27:22] "POST /auth/login HTTP/1.1" 200 -
2024-12-19 09:27:23 - be.model.seller - INFO - 商店创建成功: test_payment_store_id_653be662-bda8-11ef-8c54-02a6845b4b32
2024-12-19 09:27:23 - werkzeug - INFO - 127.0.0.1 - - [19/Dec/2024 09:27:23] "POST /seller/create_store HTTP/1.1" 200 -
2024-12-19 09:27:24 - be.model.seller - INFO - 图书添加成功: book_id=1000773
2024-12-19 09:27:24 - werkzeug - INFO - 127.0.0.1 - - [19/Dec/2024 09:27:24] "POST /seller/add_book HTTP/1.1" 200 -
2024-12-19 09:27:24 - be.view.auth - INFO - 收到注册请求: {'user_id': 'test_payment_buyer_id_653be6a8-bda8-11ef-8c54-02a6845b4b32', 'password': 'test_payment_seller_id_653be414-bda8-11ef-8c54-02a6845b4b32'}
2024-12-19 09:27:24 - be.model.user - INFO - 尝试注册新用户：test_payment_buyer_id_653be6a8-bda8-11ef-8c54-02a6845b4b32
2024-12-19 09:27:24 - be.model.user - INFO - 加密密码...
2024-12-19 09:27:24 - be.model.user - INFO - 创建新用户...
2024-12-19 09:27:24 - be.model.user - INFO - 添加用户到数据库...
2024-12-19 09:27:25 - be.model.user - INFO - 用户注册成功：test_payment_buyer_id_653be6a8-bda8-11ef-8c54-02a6845b4b32
2024-12-19 09:27:25 - be.view.auth - INFO - 注册处理结果: 200
2024-12-19 09:27:25 - werkzeug - INFO - 127.0.0.1 - - [19/Dec/2024 09:27:25] "POST /auth/register HTTP/1.1" 200 -
2024-12-19 09:27:25 - be.view.auth - INFO - 收到登录请求: {'user_id': 'test_payment_buyer_id_653be6a8-bda8-11ef-8c54-02a6845b4b32', 'password': 'test_payment_seller_id_653be414-bda8-11ef-8c54-02a6845b4b32', 'terminal': 'my terminal'}
2024-12-19 09:27:25 - be.model.user - INFO - 尝试登录用户：test_payment_buyer_id_653be6a8-bda8-11ef-8c54-02a6845b4b32，终端：my terminal
2024-12-19 09:27:25 - be.model.user - INFO - 为用户 test_payment_buyer_id_653be6a8-bda8-11ef-8c54-02a6845b4b32 生成新token，终端：my terminal
2024-12-19 09:27:25 - be.model.user - INFO - 用户登录成功：test_payment_buyer_id_653be6a8-bda8-11ef-8c54-02a6845b4b32
2024-12-19 09:27:25 - be.view.auth - INFO - 登录处理结果: 200
2024-12-19 09:27:25 - werkzeug - INFO - 127.0.0.1 - - [19/Dec/2024 09:27:25] "POST /auth/login HTTP/1.1" 200 -
2024-12-19 09:27:25 - werkzeug - INFO - 127.0.0.1 - - [19/Dec/2024 09:27:25] "POST /buyer/new_order HTTP/1.1" 200 -
2024-12-19 09:27:25 - werkzeug - INFO - 127.0.0.1 - - [19/Dec/2024 09:27:25] "[31m[1mPOST /buyer/add_funds HTTP/1.1[0m" 401 -
2024-12-19 09:27:26 - root - INFO - load data
2024-12-19 09:27:26 - be.view.auth - INFO - 收到注册请求: {'user_id': 'seller_1_67271514-bda8-11ef-8c54-02a6845b4b32', 'password': 'password_seller_1_67271514-bda8-11ef-8c54-02a6845b4b32'}
2024-12-19 09:27:26 - be.model.user - INFO - 尝试注册新用户：seller_1_67271514-bda8-11ef-8c54-02a6845b4b32
2024-12-19 09:27:26 - be.model.user - INFO - 加密密码...
2024-12-19 09:27:26 - be.model.user - INFO - 创建新用户...
2024-12-19 09:27:26 - be.model.user - INFO - 添加用户到数据库...
2024-12-19 09:27:26 - be.model.user - INFO - 用户注册成功：seller_1_67271514-bda8-11ef-8c54-02a6845b4b32
2024-12-19 09:27:26 - be.view.auth - INFO - 注册处理结果: 200
2024-12-19 09:27:26 - werkzeug - INFO - 127.0.0.1 - - [19/Dec/2024 09:27:26] "POST /auth/register HTTP/1.1" 200 -
2024-12-19 09:27:26 - be.view.auth - INFO - 收到登录请求: {'user_id': 'seller_1_67271514-bda8-11ef-8c54-02a6845b4b32', 'password': 'password_seller_1_67271514-bda8-11ef-8c54-02a6845b4b32', 'terminal': 'my terminal'}
2024-12-19 09:27:26 - be.model.user - INFO - 尝试登录用户：seller_1_67271514-bda8-11ef-8c54-02a6845b4b32，终端：my terminal
2024-12-19 09:27:26 - be.model.user - INFO - 为用户 seller_1_67271514-bda8-11ef-8c54-02a6845b4b32 生成新token，终端：my terminal
2024-12-19 09:27:26 - be.model.user - INFO - 用户登录成功：seller_1_67271514-bda8-11ef-8c54-02a6845b4b32
2024-12-19 09:27:26 - be.view.auth - INFO - 登录处理结果: 200
2024-12-19 09:27:26 - werkzeug - INFO - 127.0.0.1 - - [19/Dec/2024 09:27:26] "POST /auth/login HTTP/1.1" 200 -
2024-12-19 09:27:27 - be.model.seller - INFO - 商店创建成功: store_s_1_1_67271514-bda8-11ef-8c54-02a6845b4b32
2024-12-19 09:27:27 - werkzeug - INFO - 127.0.0.1 - - [19/Dec/2024 09:27:27] "POST /seller/create_store HTTP/1.1" 200 -
2024-12-19 09:27:31 - be.model.seller - ERROR - 添加图书失败: (pymysql.err.IntegrityError) (1062, "Duplicate entry '1000067' for key 'books.PRIMARY'")
[SQL: INSERT INTO books (book_id, store_id, title, author, publisher, original_price, price, stock_level) VALUES (%(book_id)s, %(store_id)s, %(title)s, %(author)s, %(publisher)s, %(original_price)s, %(price)s, %(stock_level)s)]
[parameters: {'book_id': '1000067', 'store_id': 'store_s_1_1_67271514-bda8-11ef-8c54-02a6845b4b32', 'title': '美丽心灵', 'author': '[美] 西尔维娅·娜萨', 'publisher': '上海科技教育出版社', 'original_price': 0.0, 'price': 3879.0, 'stock_level': 1000000}]
(Background on this error at: https://sqlalche.me/e/20/gkpj)
2024-12-19 09:27:31 - werkzeug - INFO - 127.0.0.1 - - [19/Dec/2024 09:27:31] "[35m[1mPOST /seller/add_book HTTP/1.1[0m" 500 -
2024-12-19 09:27:31 - be.serve - INFO - 正在关闭服务器...
2024-12-19 09:27:31 - be.serve - ERROR - 关闭服务器失败: Not running with the Werkzeug Server
2024-12-19 09:29:59 - __main__ - INFO - 
{'='*20} 开始运行所有测试 {'='*20}
2024-12-19 09:29:59 - be.model.db_config - INFO - 清理数据库...
2024-12-19 09:30:02 - be.model.db_config - ERROR - 数据库清理失败: (pymysql.err.OperationalError) (6125, "Failed to add the foreign key constraint. Missing unique key for constraint 'book_images_ibfk_1' in the referenced table 'books'")
[SQL: 
CREATE TABLE book_images (
	book_id VARCHAR(255) NOT NULL, 
	picture BLOB, 
	PRIMARY KEY (book_id), 
	FOREIGN KEY(book_id) REFERENCES books (book_id)
)

]
(Background on this error at: https://sqlalche.me/e/20/e3q8)
